


materialPath: C:\Program Files (x86)\Steam\steamapps\common\Half-Life 2 Deathmatch\hl2mp\materials
Loading C:\Program Files (x86)\Steam\steamapps\common\sourcesdk_content\hl2mp\mapsrc\test.vmf
Could not locate 'GameData' key in c:\program files (x86)\steam\steamapps\common\half-life 2 deathmatch\hl2mp\gameinfo.txt
Patching WVT material: maps/test/dev/dev_blendmeasure_wvt_patch
fixing up env_cubemap materials on brush sides...
0...1...2...3...4...5...6...7...8...9...100...1...2...3...4...5...6...7...8...9...10Processing areas...done (0)
Building Faces...done (0)
FixTjuncs...
PruneNodes...
WriteBSP...
done (0)
writing C:\Program Files (x86)\Steam\steamapps\common\sourcesdk_content\hl2mp\mapsrc\test.prt...Building visibility clusters...
done (0)
Creating default LDR cubemaps for env_cubemap using skybox materials:
   skybox/sky_day01_01*.vmt
 ! Run buildcubemaps in the engine to get the correct cube maps.
Creating default HDR cubemaps for env_cubemap using skybox materials:
   skybox/sky_day01_01*.vmt
 ! Run buildcubemaps in the engine to get the correct cube maps.
Finding displacement neighbors...
Finding lightmap sample positions...
Displacement Alpha : 0...1...2...3...4...5...6...7...8...9...10
Building Physics collision data...
done (0) (37140 bytes)
Placing detail props : 0...1...2...3...4...5...6...7...8...9...10
Compacting texture/material tables...
Reduced 197 texinfos to 97
Reduced 17 texdatas to 12 (486 bytes to 366)
Writing C:\Program Files (x86)\Steam\steamapps\common\sourcesdk_content\hl2mp\mapsrc\test.bsp
Wrote ZIP buffer, estimated size 213553, actual size 212535
0 seconds elapsed



12 threads
reading c:\program files (x86)\steam\steamapps\common\sourcesdk_content\hl2mp\mapsrc\test.bsp
reading c:\program files (x86)\steam\steamapps\common\sourcesdk_content\hl2mp\mapsrc\test.prt
  37 portalclusters
  98 numportals
0...1...2...3...4...5...6...7...8...9...100...1...2...3...4...5...6...7...8...9...10Optimized: 0 visible clusters (0.00%)
Total clusters visible: 1341
Average clusters visible: 36
Building PAS...
Average clusters audible: 37
visdatasize:671  compressed from 592
writing c:\program files (x86)\steam\steamapps\common\sourcesdk_content\hl2mp\mapsrc\test.bsp
0 seconds elapsed



[Reading texlights from 'lights.rad']
[45 texlights parsed from 'lights.rad']

Loading c:\program files (x86)\steam\steamapps\common\sourcesdk_content\hl2mp\mapsrc\test.bsp
383 faces
35237 square feet [5074270.00 square inches]
0 Displacements
0 Square Feet [0.00 Square Inches]
383 patches before subdivision
5473 patches after subdivision
4 direct lights
0...1...2...3...4...5...6...7...8...9...100...1...2...3...4...5...6...7...8...9...10transfers 661497, max 281
transfer lists:   5.0 megs
0...1...2...3...4...5...6...7...8...9...10	Bounce #1 added RGB(0, 0, 0)
Build Patch/Sample Hash Table(s).....Done<0.0009 sec>
0...1...2...3...4...5...6...7...8...9...10FinalLightFace Done
0 of 0 (0% of) surface lights went in leaf ambient cubes.
0...1...2...3...4...5...6...7...8...9...10Writing leaf ambient...done
Ready to Finish

Object names       Objects/Maxobjs  Memory / Maxmem  Fullness 
------------       ---------------  ---------------  -------- 
models                  28/1024         1344/49152    ( 2.7%) 
brushes                 73/8192          876/98304    ( 0.9%) 
brushsides             530/65536        4240/524288   ( 0.8%) 
planes                 638/65536       12760/1310720  ( 1.0%) 
vertexes               565/65536        6780/786432   ( 0.9%) 
nodes                  362/65536       11584/2097152  ( 0.6%) 
texinfos                97/12288        6984/884736   ( 0.8%) 
texdata                 12/2048          384/65536    ( 0.6%) 
dispinfos                0/0               0/0        ( 0.0%) 
disp_verts               0/0               0/0        ( 0.0%) 
disp_tris                0/0               0/0        ( 0.0%) 
disp_lmsamples           0/0               0/0        ( 0.0%) 
faces                  383/65536       21448/3670016  ( 0.6%) 
hdr faces                0/65536           0/3670016  ( 0.0%) 
origfaces              316/65536       17696/3670016  ( 0.5%) 
leaves                 391/65536       12512/2097152  ( 0.6%) 
leaffaces              428/65536         856/131072   ( 0.7%) 
leafbrushes             97/65536         194/131072   ( 0.1%) 
areas                    2/256            16/2048     ( 0.8%) 
surfedges             3037/512000      12148/2048000  ( 0.6%) 
edges                 1606/256000       6424/1024000  ( 0.6%) 
LDR worldlights          4/8192          352/720896   ( 0.0%) 
HDR worldlights          0/8192            0/720896   ( 0.0%) 
leafwaterdata            0/32768           0/393216   ( 0.0%) 
waterstrips              5/32768          50/327680   ( 0.0%) 
waterverts               0/65536           0/786432   ( 0.0%) 
waterindices            78/65536         156/131072   ( 0.1%) 
cubemapsamples           1/1024           16/16384    ( 0.1%) 
overlays                 0/512             0/180224   ( 0.0%) 
LDR lightdata         [variable]      319808/0        ( 0.0%) 
HDR lightdata         [variable]           0/0        ( 0.0%) 
visdata               [variable]         671/16777216 ( 0.0%) 
entdata               [variable]       26408/393216   ( 6.7%) 
LDR ambient table      391/65536        1564/262144   ( 0.6%) 
HDR ambient table      391/65536        1564/262144   ( 0.6%) 
LDR leaf ambient       284/65536        7952/1835008  ( 0.4%) 
HDR leaf ambient       391/65536       10948/1835008  ( 0.6%) 
occluders                0/0               0/0        ( 0.0%) 
occluder polygons        0/0               0/0        ( 0.0%) 
occluder vert ind        0/0               0/0        ( 0.0%) 
detail props          [variable]           1/12       ( 8.3%) 
static props          [variable]           1/12       ( 8.3%) 
pakfile               [variable]      212535/0        ( 0.0%) 
physics               [variable]       37140/4194304  ( 0.9%) 
physics terrain       [variable]           2/1048576  ( 0.0%) 

Level flags = 0

Total triangle count: 959
Writing c:\program files (x86)\steam\steamapps\common\sourcesdk_content\hl2mp\mapsrc\test.bsp
0 seconds elapsed



materialPath: C:\Program Files (x86)\Steam\steamapps\common\Half-Life 2 Deathmatch\hl2mp\materials
Loading C:\Program Files (x86)\Steam\steamapps\common\sourcesdk_content\hl2mp\mapsrc\test.vmf
Could not locate 'GameData' key in c:\program files (x86)\steam\steamapps\common\half-life 2 deathmatch\hl2mp\gameinfo.txt
Patching WVT material: maps/test/dev/dev_blendmeasure_wvt_patch
fixing up env_cubemap materials on brush sides...
0...1...2...3...4...5...6...7...8...9...100...1...2...3...4...5...6...7...8...9...10Processing areas...done (0)
Building Faces...done (0)
FixTjuncs...
PruneNodes...
WriteBSP...
done (0)
writing C:\Program Files (x86)\Steam\steamapps\common\sourcesdk_content\hl2mp\mapsrc\test.prt...Building visibility clusters...
done (0)
Creating default LDR cubemaps for env_cubemap using skybox materials:
   skybox/sky_day01_01*.vmt
 ! Run buildcubemaps in the engine to get the correct cube maps.
Creating default HDR cubemaps for env_cubemap using skybox materials:
   skybox/sky_day01_01*.vmt
 ! Run buildcubemaps in the engine to get the correct cube maps.
Finding displacement neighbors...
Finding lightmap sample positions...
Displacement Alpha : 0...1...2...3...4...5...6...7...8...9...10
Building Physics collision data...
done (0) (37140 bytes)
Placing detail props : 0...1...2...3...4...5...6...7...8...9...10
Compacting texture/material tables...
Reduced 197 texinfos to 97
Reduced 17 texdatas to 12 (486 bytes to 366)
Writing C:\Program Files (x86)\Steam\steamapps\common\sourcesdk_content\hl2mp\mapsrc\test.bsp
Wrote ZIP buffer, estimated size 213553, actual size 212535
0 seconds elapsed



12 threads
reading c:\program files (x86)\steam\steamapps\common\sourcesdk_content\hl2mp\mapsrc\test.bsp
reading c:\program files (x86)\steam\steamapps\common\sourcesdk_content\hl2mp\mapsrc\test.prt
  37 portalclusters
  98 numportals
0...1...2...3...4...5...6...7...8...9...100...1...2...3...4...5...6...7...8...9...10Optimized: 0 visible clusters (0.00%)
Total clusters visible: 1341
Average clusters visible: 36
Building PAS...
Average clusters audible: 37
visdatasize:671  compressed from 592
writing c:\program files (x86)\steam\steamapps\common\sourcesdk_content\hl2mp\mapsrc\test.bsp
0 seconds elapsed



[Reading texlights from 'lights.rad']
[45 texlights parsed from 'lights.rad']

Loading c:\program files (x86)\steam\steamapps\common\sourcesdk_content\hl2mp\mapsrc\test.bsp
383 faces
35237 square feet [5074270.00 square inches]
0 Displacements
0 Square Feet [0.00 Square Inches]
383 patches before subdivision
5473 patches after subdivision
4 direct lights
0...1...2...3...4...5...6...7...8...9...100...1...2...3...4...5...6...7...8...9...10transfers 661497, max 281
transfer lists:   5.0 megs
0...1...2...3...4...5...6...7...8...9...10	Bounce #1 added RGB(0, 0, 0)
Build Patch/Sample Hash Table(s).....Done<0.0009 sec>
0...1...2...3...4...5...6...7...8...9...10FinalLightFace Done
0 of 0 (0% of) surface lights went in leaf ambient cubes.
0...1...2...3...4...5...6...7...8...9...10Writing leaf ambient...done
Ready to Finish

Object names       Objects/Maxobjs  Memory / Maxmem  Fullness 
------------       ---------------  ---------------  -------- 
models                  28/1024         1344/49152    ( 2.7%) 
brushes                 73/8192          876/98304    ( 0.9%) 
brushsides             530/65536        4240/524288   ( 0.8%) 
planes                 638/65536       12760/1310720  ( 1.0%) 
vertexes               565/65536        6780/786432   ( 0.9%) 
nodes                  362/65536       11584/2097152  ( 0.6%) 
texinfos                97/12288        6984/884736   ( 0.8%) 
texdata                 12/2048          384/65536    ( 0.6%) 
dispinfos                0/0               0/0        ( 0.0%) 
disp_verts               0/0               0/0        ( 0.0%) 
disp_tris                0/0               0/0        ( 0.0%) 
disp_lmsamples           0/0               0/0        ( 0.0%) 
faces                  383/65536       21448/3670016  ( 0.6%) 
hdr faces                0/65536           0/3670016  ( 0.0%) 
origfaces              316/65536       17696/3670016  ( 0.5%) 
leaves                 391/65536       12512/2097152  ( 0.6%) 
leaffaces              428/65536         856/131072   ( 0.7%) 
leafbrushes             97/65536         194/131072   ( 0.1%) 
areas                    2/256            16/2048     ( 0.8%) 
surfedges             3037/512000      12148/2048000  ( 0.6%) 
edges                 1606/256000       6424/1024000  ( 0.6%) 
LDR worldlights          4/8192          352/720896   ( 0.0%) 
HDR worldlights          0/8192            0/720896   ( 0.0%) 
leafwaterdata            0/32768           0/393216   ( 0.0%) 
waterstrips              5/32768          50/327680   ( 0.0%) 
waterverts               0/65536           0/786432   ( 0.0%) 
waterindices            78/65536         156/131072   ( 0.1%) 
cubemapsamples           1/1024           16/16384    ( 0.1%) 
overlays                 0/512             0/180224   ( 0.0%) 
LDR lightdata         [variable]      319808/0        ( 0.0%) 
HDR lightdata         [variable]           0/0        ( 0.0%) 
visdata               [variable]         671/16777216 ( 0.0%) 
entdata               [variable]       26408/393216   ( 6.7%) 
LDR ambient table      391/65536        1564/262144   ( 0.6%) 
HDR ambient table      391/65536        1564/262144   ( 0.6%) 
LDR leaf ambient       284/65536        7952/1835008  ( 0.4%) 
HDR leaf ambient       391/65536       10948/1835008  ( 0.6%) 
occluders                0/0               0/0        ( 0.0%) 
occluder polygons        0/0               0/0        ( 0.0%) 
occluder vert ind        0/0               0/0        ( 0.0%) 
detail props          [variable]           1/12       ( 8.3%) 
static props          [variable]           1/12       ( 8.3%) 
pakfile               [variable]      212535/0        ( 0.0%) 
physics               [variable]       37140/4194304  ( 0.9%) 
physics terrain       [variable]           2/1048576  ( 0.0%) 

Level flags = 0

Total triangle count: 959
Writing c:\program files (x86)\steam\steamapps\common\sourcesdk_content\hl2mp\mapsrc\test.bsp
0 seconds elapsed



materialPath: C:\Program Files (x86)\Steam\steamapps\common\Half-Life 2 Deathmatch\hl2mp\materials
Loading C:\Program Files (x86)\Steam\steamapps\common\sourcesdk_content\hl2mp\mapsrc\test.vmf
Could not locate 'GameData' key in c:\program files (x86)\steam\steamapps\common\half-life 2 deathmatch\hl2mp\gameinfo.txt
Patching WVT material: maps/test/dev/dev_blendmeasure_wvt_patch
fixing up env_cubemap materials on brush sides...
0...1...2...3...4...5...6...7...8...9...100...1...2...3...4...5...6...7...8...9...10Processing areas...done (0)
Building Faces...done (0)
FixTjuncs...
PruneNodes...
WriteBSP...
done (0)
writing C:\Program Files (x86)\Steam\steamapps\common\sourcesdk_content\hl2mp\mapsrc\test.prt...Building visibility clusters...
done (0)
Creating default LDR cubemaps for env_cubemap using skybox materials:
   skybox/sky_day01_01*.vmt
 ! Run buildcubemaps in the engine to get the correct cube maps.
Creating default HDR cubemaps for env_cubemap using skybox materials:
   skybox/sky_day01_01*.vmt
 ! Run buildcubemaps in the engine to get the correct cube maps.
Finding displacement neighbors...
Finding lightmap sample positions...
Displacement Alpha : 0...1...2...3...4...5...6...7...8...9...10
Building Physics collision data...
done (0) (37140 bytes)
Placing detail props : 0...1...2...3...4...5...6...7...8...9...10
Compacting texture/material tables...
Reduced 197 texinfos to 97
Reduced 17 texdatas to 12 (486 bytes to 366)
Writing C:\Program Files (x86)\Steam\steamapps\common\sourcesdk_content\hl2mp\mapsrc\test.bsp
Wrote ZIP buffer, estimated size 213553, actual size 212535
0 seconds elapsed



12 threads
reading c:\program files (x86)\steam\steamapps\common\sourcesdk_content\hl2mp\mapsrc\test.bsp
reading c:\program files (x86)\steam\steamapps\common\sourcesdk_content\hl2mp\mapsrc\test.prt
  37 portalclusters
  98 numportals
0...1...2...3...4...5...6...7...8...9...100...1...2...3...4...5...6...7...8...9...10Optimized: 0 visible clusters (0.00%)
Total clusters visible: 1341
Average clusters visible: 36
Building PAS...
Average clusters audible: 37
visdatasize:671  compressed from 592
writing c:\program files (x86)\steam\steamapps\common\sourcesdk_content\hl2mp\mapsrc\test.bsp
0 seconds elapsed



[Reading texlights from 'lights.rad']
[45 texlights parsed from 'lights.rad']

Loading c:\program files (x86)\steam\steamapps\common\sourcesdk_content\hl2mp\mapsrc\test.bsp
383 faces
35237 square feet [5074270.00 square inches]
0 Displacements
0 Square Feet [0.00 Square Inches]
383 patches before subdivision
5473 patches after subdivision
4 direct lights
0...1...2...3...4...5...6...7...8...9...100...1...2...3...4...5...6...7...8...9...10transfers 661497, max 281
transfer lists:   5.0 megs
0...1...2...3...4...5...6...7...8...9...10	Bounce #1 added RGB(0, 0, 0)
Build Patch/Sample Hash Table(s).....Done<0.0009 sec>
0...1...2...3...4...5...6...7...8...9...10FinalLightFace Done
0 of 0 (0% of) surface lights went in leaf ambient cubes.
0...1...2...3...4...5...6...7...8...9...10Writing leaf ambient...done
Ready to Finish

Object names       Objects/Maxobjs  Memory / Maxmem  Fullness 
------------       ---------------  ---------------  -------- 
models                  28/1024         1344/49152    ( 2.7%) 
brushes                 73/8192          876/98304    ( 0.9%) 
brushsides             530/65536        4240/524288   ( 0.8%) 
planes                 638/65536       12760/1310720  ( 1.0%) 
vertexes               565/65536        6780/786432   ( 0.9%) 
nodes                  362/65536       11584/2097152  ( 0.6%) 
texinfos                97/12288        6984/884736   ( 0.8%) 
texdata                 12/2048          384/65536    ( 0.6%) 
dispinfos                0/0               0/0        ( 0.0%) 
disp_verts               0/0               0/0        ( 0.0%) 
disp_tris                0/0               0/0        ( 0.0%) 
disp_lmsamples           0/0               0/0        ( 0.0%) 
faces                  383/65536       21448/3670016  ( 0.6%) 
hdr faces                0/65536           0/3670016  ( 0.0%) 
origfaces              316/65536       17696/3670016  ( 0.5%) 
leaves                 391/65536       12512/2097152  ( 0.6%) 
leaffaces              428/65536         856/131072   ( 0.7%) 
leafbrushes             97/65536         194/131072   ( 0.1%) 
areas                    2/256            16/2048     ( 0.8%) 
surfedges             3037/512000      12148/2048000  ( 0.6%) 
edges                 1606/256000       6424/1024000  ( 0.6%) 
LDR worldlights          4/8192          352/720896   ( 0.0%) 
HDR worldlights          0/8192            0/720896   ( 0.0%) 
leafwaterdata            0/32768           0/393216   ( 0.0%) 
waterstrips              5/32768          50/327680   ( 0.0%) 
waterverts               0/65536           0/786432   ( 0.0%) 
waterindices            78/65536         156/131072   ( 0.1%) 
cubemapsamples           1/1024           16/16384    ( 0.1%) 
overlays                 0/512             0/180224   ( 0.0%) 
LDR lightdata         [variable]      319808/0        ( 0.0%) 
HDR lightdata         [variable]           0/0        ( 0.0%) 
visdata               [variable]         671/16777216 ( 0.0%) 
entdata               [variable]       26408/393216   ( 6.7%) 
LDR ambient table      391/65536        1564/262144   ( 0.6%) 
HDR ambient table      391/65536        1564/262144   ( 0.6%) 
LDR leaf ambient       284/65536        7952/1835008  ( 0.4%) 
HDR leaf ambient       391/65536       10948/1835008  ( 0.6%) 
occluders                0/0               0/0        ( 0.0%) 
occluder polygons        0/0               0/0        ( 0.0%) 
occluder vert ind        0/0               0/0        ( 0.0%) 
detail props          [variable]           1/12       ( 8.3%) 
static props          [variable]           1/12       ( 8.3%) 
pakfile               [variable]      212535/0        ( 0.0%) 
physics               [variable]       37140/4194304  ( 0.9%) 
physics terrain       [variable]           2/1048576  ( 0.0%) 

Level flags = 0

Total triangle count: 959
Writing c:\program files (x86)\steam\steamapps\common\sourcesdk_content\hl2mp\mapsrc\test.bsp
0 seconds elapsed



materialPath: C:\Program Files (x86)\Steam\steamapps\common\Half-Life 2 Deathmatch\hl2mp\materials
Loading C:\Program Files (x86)\Steam\steamapps\common\sourcesdk_content\hl2mp\mapsrc\test.vmf
Could not locate 'GameData' key in c:\program files (x86)\steam\steamapps\common\half-life 2 deathmatch\hl2mp\gameinfo.txt
Patching WVT material: maps/test/dev/dev_blendmeasure_wvt_patch
fixing up env_cubemap materials on brush sides...
0...1...2...3...4...5...6...7...8...9...100...1...2...3...4...5...6...7...8...9...10Processing areas...done (0)
Building Faces...done (0)
FixTjuncs...
PruneNodes...
WriteBSP...
done (0)
writing C:\Program Files (x86)\Steam\steamapps\common\sourcesdk_content\hl2mp\mapsrc\test.prt...Building visibility clusters...
done (0)
Creating default LDR cubemaps for env_cubemap using skybox materials:
   skybox/sky_day01_01*.vmt
 ! Run buildcubemaps in the engine to get the correct cube maps.
Creating default HDR cubemaps for env_cubemap using skybox materials:
   skybox/sky_day01_01*.vmt
 ! Run buildcubemaps in the engine to get the correct cube maps.
Finding displacement neighbors...
Finding lightmap sample positions...
Displacement Alpha : 0...1...2...3...4...5...6...7...8...9...10
Building Physics collision data...
done (0) (37140 bytes)
Placing detail props : 0...1...2...3...4...5...6...7...8...9...10
Compacting texture/material tables...
Reduced 197 texinfos to 97
Reduced 17 texdatas to 12 (486 bytes to 366)
Writing C:\Program Files (x86)\Steam\steamapps\common\sourcesdk_content\hl2mp\mapsrc\test.bsp
Wrote ZIP buffer, estimated size 213553, actual size 212535
0 seconds elapsed



12 threads
reading c:\program files (x86)\steam\steamapps\common\sourcesdk_content\hl2mp\mapsrc\test.bsp
reading c:\program files (x86)\steam\steamapps\common\sourcesdk_content\hl2mp\mapsrc\test.prt
  37 portalclusters
  98 numportals
0...1...2...3...4...5...6...7...8...9...100...1...2...3...4...5...6...7...8...9...10Optimized: 0 visible clusters (0.00%)
Total clusters visible: 1341
Average clusters visible: 36
Building PAS...
Average clusters audible: 37
visdatasize:671  compressed from 592
writing c:\program files (x86)\steam\steamapps\common\sourcesdk_content\hl2mp\mapsrc\test.bsp
0 seconds elapsed



[Reading texlights from 'lights.rad']
[45 texlights parsed from 'lights.rad']

Loading c:\program files (x86)\steam\steamapps\common\sourcesdk_content\hl2mp\mapsrc\test.bsp
383 faces
35237 square feet [5074270.00 square inches]
0 Displacements
0 Square Feet [0.00 Square Inches]
383 patches before subdivision
5473 patches after subdivision
4 direct lights
0...1...2...3...4...5...6...7...8...9...100...1...2...3...4...5...6...7...8...9...10transfers 661497, max 281
transfer lists:   5.0 megs
0...1...2...3...4...5...6...7...8...9...10	Bounce #1 added RGB(0, 0, 0)
Build Patch/Sample Hash Table(s).....Done<0.0009 sec>
0...1...2...3...4...5...6...7...8...9...10FinalLightFace Done
0 of 0 (0% of) surface lights went in leaf ambient cubes.
0...1...2...3...4...5...6...7...8...9...10Writing leaf ambient...done
Ready to Finish

Object names       Objects/Maxobjs  Memory / Maxmem  Fullness 
------------       ---------------  ---------------  -------- 
models                  28/1024         1344/49152    ( 2.7%) 
brushes                 73/8192          876/98304    ( 0.9%) 
brushsides             530/65536        4240/524288   ( 0.8%) 
planes                 638/65536       12760/1310720  ( 1.0%) 
vertexes               565/65536        6780/786432   ( 0.9%) 
nodes                  362/65536       11584/2097152  ( 0.6%) 
texinfos                97/12288        6984/884736   ( 0.8%) 
texdata                 12/2048          384/65536    ( 0.6%) 
dispinfos                0/0               0/0        ( 0.0%) 
disp_verts               0/0               0/0        ( 0.0%) 
disp_tris                0/0               0/0        ( 0.0%) 
disp_lmsamples           0/0               0/0        ( 0.0%) 
faces                  383/65536       21448/3670016  ( 0.6%) 
hdr faces                0/65536           0/3670016  ( 0.0%) 
origfaces              316/65536       17696/3670016  ( 0.5%) 
leaves                 391/65536       12512/2097152  ( 0.6%) 
leaffaces              428/65536         856/131072   ( 0.7%) 
leafbrushes             97/65536         194/131072   ( 0.1%) 
areas                    2/256            16/2048     ( 0.8%) 
surfedges             3037/512000      12148/2048000  ( 0.6%) 
edges                 1606/256000       6424/1024000  ( 0.6%) 
LDR worldlights          4/8192          352/720896   ( 0.0%) 
HDR worldlights          0/8192            0/720896   ( 0.0%) 
leafwaterdata            0/32768           0/393216   ( 0.0%) 
waterstrips              5/32768          50/327680   ( 0.0%) 
waterverts               0/65536           0/786432   ( 0.0%) 
waterindices            78/65536         156/131072   ( 0.1%) 
cubemapsamples           1/1024           16/16384    ( 0.1%) 
overlays                 0/512             0/180224   ( 0.0%) 
LDR lightdata         [variable]      319808/0        ( 0.0%) 
HDR lightdata         [variable]           0/0        ( 0.0%) 
visdata               [variable]         671/16777216 ( 0.0%) 
entdata               [variable]       26187/393216   ( 6.7%) 
LDR ambient table      391/65536        1564/262144   ( 0.6%) 
HDR ambient table      391/65536        1564/262144   ( 0.6%) 
LDR leaf ambient       284/65536        7952/1835008  ( 0.4%) 
HDR leaf ambient       391/65536       10948/1835008  ( 0.6%) 
occluders                0/0               0/0        ( 0.0%) 
occluder polygons        0/0               0/0        ( 0.0%) 
occluder vert ind        0/0               0/0        ( 0.0%) 
detail props          [variable]           1/12       ( 8.3%) 
static props          [variable]           1/12       ( 8.3%) 
pakfile               [variable]      212535/0        ( 0.0%) 
physics               [variable]       37140/4194304  ( 0.9%) 
physics terrain       [variable]           2/1048576  ( 0.0%) 

Level flags = 0

Total triangle count: 959
Writing c:\program files (x86)\steam\steamapps\common\sourcesdk_content\hl2mp\mapsrc\test.bsp
0 seconds elapsed



materialPath: C:\Program Files (x86)\Steam\steamapps\common\Half-Life 2 Deathmatch\hl2mp\materials
Loading C:\Program Files (x86)\Steam\steamapps\common\sourcesdk_content\hl2mp\mapsrc\test.vmf
Could not locate 'GameData' key in c:\program files (x86)\steam\steamapps\common\half-life 2 deathmatch\hl2mp\gameinfo.txt
Patching WVT material: maps/test/dev/dev_blendmeasure_wvt_patch
fixing up env_cubemap materials on brush sides...
0...1...2...3...4...5...6...7...8...9...100...1...2...3...4...5...6...7...8...9...10Processing areas...done (0)
Building Faces...done (0)
FixTjuncs...
PruneNodes...
WriteBSP...
done (0)
writing C:\Program Files (x86)\Steam\steamapps\common\sourcesdk_content\hl2mp\mapsrc\test.prt...Building visibility clusters...
done (0)
Creating default LDR cubemaps for env_cubemap using skybox materials:
   skybox/sky_day01_01*.vmt
 ! Run buildcubemaps in the engine to get the correct cube maps.
Creating default HDR cubemaps for env_cubemap using skybox materials:
   skybox/sky_day01_01*.vmt
 ! Run buildcubemaps in the engine to get the correct cube maps.
Finding displacement neighbors...
Finding lightmap sample positions...
Displacement Alpha : 0...1...2...3...4...5...6...7...8...9...10
Building Physics collision data...
done (0) (37140 bytes)
Placing detail props : 0...1...2...3...4...5...6...7...8...9...10
Compacting texture/material tables...
Reduced 197 texinfos to 97
Reduced 17 texdatas to 12 (486 bytes to 366)
Writing C:\Program Files (x86)\Steam\steamapps\common\sourcesdk_content\hl2mp\mapsrc\test.bsp
Wrote ZIP buffer, estimated size 213553, actual size 212535
0 seconds elapsed



12 threads
reading c:\program files (x86)\steam\steamapps\common\sourcesdk_content\hl2mp\mapsrc\test.bsp
reading c:\program files (x86)\steam\steamapps\common\sourcesdk_content\hl2mp\mapsrc\test.prt
  37 portalclusters
  98 numportals
0...1...2...3...4...5...6...7...8...9...100...1...2...3...4...5...6...7...8...9...10Optimized: 0 visible clusters (0.00%)
Total clusters visible: 1341
Average clusters visible: 36
Building PAS...
Average clusters audible: 37
visdatasize:671  compressed from 592
writing c:\program files (x86)\steam\steamapps\common\sourcesdk_content\hl2mp\mapsrc\test.bsp
0 seconds elapsed



[Reading texlights from 'lights.rad']
[45 texlights parsed from 'lights.rad']

Loading c:\program files (x86)\steam\steamapps\common\sourcesdk_content\hl2mp\mapsrc\test.bsp
383 faces
35237 square feet [5074270.00 square inches]
0 Displacements
0 Square Feet [0.00 Square Inches]
383 patches before subdivision
5473 patches after subdivision
4 direct lights
0...1...2...3...4...5...6...7...8...9...100...1...2...3...4...5...6...7...8...9...10transfers 661497, max 281
transfer lists:   5.0 megs
0...1...2...3...4...5...6...7...8...9...10	Bounce #1 added RGB(0, 0, 0)
Build Patch/Sample Hash Table(s).....Done<0.0009 sec>
0...1...2...3...4...5...6...7...8...9...10FinalLightFace Done
0 of 0 (0% of) surface lights went in leaf ambient cubes.
0...1...2...3...4...5...6...7...8...9...10Writing leaf ambient...done
Ready to Finish

Object names       Objects/Maxobjs  Memory / Maxmem  Fullness 
------------       ---------------  ---------------  -------- 
models                  28/1024         1344/49152    ( 2.7%) 
brushes                 73/8192          876/98304    ( 0.9%) 
brushsides             530/65536        4240/524288   ( 0.8%) 
planes                 638/65536       12760/1310720  ( 1.0%) 
vertexes               565/65536        6780/786432   ( 0.9%) 
nodes                  362/65536       11584/2097152  ( 0.6%) 
texinfos                97/12288        6984/884736   ( 0.8%) 
texdata                 12/2048          384/65536    ( 0.6%) 
dispinfos                0/0               0/0        ( 0.0%) 
disp_verts               0/0               0/0        ( 0.0%) 
disp_tris                0/0               0/0        ( 0.0%) 
disp_lmsamples           0/0               0/0        ( 0.0%) 
faces                  383/65536       21448/3670016  ( 0.6%) 
hdr faces                0/65536           0/3670016  ( 0.0%) 
origfaces              316/65536       17696/3670016  ( 0.5%) 
leaves                 391/65536       12512/2097152  ( 0.6%) 
leaffaces              428/65536         856/131072   ( 0.7%) 
leafbrushes             97/65536         194/131072   ( 0.1%) 
areas                    2/256            16/2048     ( 0.8%) 
surfedges             3037/512000      12148/2048000  ( 0.6%) 
edges                 1606/256000       6424/1024000  ( 0.6%) 
LDR worldlights          4/8192          352/720896   ( 0.0%) 
HDR worldlights          0/8192            0/720896   ( 0.0%) 
leafwaterdata            0/32768           0/393216   ( 0.0%) 
waterstrips              5/32768          50/327680   ( 0.0%) 
waterverts               0/65536           0/786432   ( 0.0%) 
waterindices            78/65536         156/131072   ( 0.1%) 
cubemapsamples           1/1024           16/16384    ( 0.1%) 
overlays                 0/512             0/180224   ( 0.0%) 
LDR lightdata         [variable]      319808/0        ( 0.0%) 
HDR lightdata         [variable]           0/0        ( 0.0%) 
visdata               [variable]         671/16777216 ( 0.0%) 
entdata               [variable]       26186/393216   ( 6.7%) 
LDR ambient table      391/65536        1564/262144   ( 0.6%) 
HDR ambient table      391/65536        1564/262144   ( 0.6%) 
LDR leaf ambient       284/65536        7952/1835008  ( 0.4%) 
HDR leaf ambient       391/65536       10948/1835008  ( 0.6%) 
occluders                0/0               0/0        ( 0.0%) 
occluder polygons        0/0               0/0        ( 0.0%) 
occluder vert ind        0/0               0/0        ( 0.0%) 
detail props          [variable]           1/12       ( 8.3%) 
static props          [variable]           1/12       ( 8.3%) 
pakfile               [variable]      212535/0        ( 0.0%) 
physics               [variable]       37140/4194304  ( 0.9%) 
physics terrain       [variable]           2/1048576  ( 0.0%) 

Level flags = 0

Total triangle count: 959
Writing c:\program files (x86)\steam\steamapps\common\sourcesdk_content\hl2mp\mapsrc\test.bsp
0 seconds elapsed



materialPath: C:\Program Files (x86)\Steam\steamapps\common\Half-Life 2 Deathmatch\hl2mp\materials
Loading C:\Program Files (x86)\Steam\steamapps\common\sourcesdk_content\hl2mp\mapsrc\test.vmf
Could not locate 'GameData' key in c:\program files (x86)\steam\steamapps\common\half-life 2 deathmatch\hl2mp\gameinfo.txt
Patching WVT material: maps/test/dev/dev_blendmeasure_wvt_patch
fixing up env_cubemap materials on brush sides...
0...1...2...3...4...5...6...7...8...9...100...1...2...3...4...5...6...7...8...9...10Processing areas...done (0)
Building Faces...done (0)
FixTjuncs...
PruneNodes...
WriteBSP...
done (0)
writing C:\Program Files (x86)\Steam\steamapps\common\sourcesdk_content\hl2mp\mapsrc\test.prt...Building visibility clusters...
done (0)
Creating default LDR cubemaps for env_cubemap using skybox materials:
   skybox/sky_day01_01*.vmt
 ! Run buildcubemaps in the engine to get the correct cube maps.
Creating default HDR cubemaps for env_cubemap using skybox materials:
   skybox/sky_day01_01*.vmt
 ! Run buildcubemaps in the engine to get the correct cube maps.
Finding displacement neighbors...
Finding lightmap sample positions...
Displacement Alpha : 0...1...2...3...4...5...6...7...8...9...10
Building Physics collision data...
done (0) (37140 bytes)
Placing detail props : 0...1...2...3...4...5...6...7...8...9...10
Compacting texture/material tables...
Reduced 197 texinfos to 97
Reduced 17 texdatas to 12 (486 bytes to 366)
Writing C:\Program Files (x86)\Steam\steamapps\common\sourcesdk_content\hl2mp\mapsrc\test.bsp
Wrote ZIP buffer, estimated size 213553, actual size 212535
0 seconds elapsed



12 threads
reading c:\program files (x86)\steam\steamapps\common\sourcesdk_content\hl2mp\mapsrc\test.bsp
reading c:\program files (x86)\steam\steamapps\common\sourcesdk_content\hl2mp\mapsrc\test.prt
  37 portalclusters
  98 numportals
0...1...2...3...4...5...6...7...8...9...100...1...2...3...4...5...6...7...8...9...10Optimized: 0 visible clusters (0.00%)
Total clusters visible: 1341
Average clusters visible: 36
Building PAS...
Average clusters audible: 37
visdatasize:671  compressed from 592
writing c:\program files (x86)\steam\steamapps\common\sourcesdk_content\hl2mp\mapsrc\test.bsp
0 seconds elapsed



[Reading texlights from 'lights.rad']
[45 texlights parsed from 'lights.rad']

Loading c:\program files (x86)\steam\steamapps\common\sourcesdk_content\hl2mp\mapsrc\test.bsp
484 faces
35237 square feet [5074270.00 square inches]
0 Displacements
0 Square Feet [0.00 Square Inches]
484 patches before subdivision
13018 patches after subdivision
4 direct lights
0...1...2...3...4...5...6...7...8...9...100...1...2...3...4...5...6...7...8...9...10transfers 1827740, max 356
transfer lists:  13.9 megs
0...1...2...3...4...5...6...7...8...9...10	Bounce #1 added RGB(0, 0, 0)
Build Patch/Sample Hash Table(s).....Done<0.0027 sec>
0...1...2...3...4...5...6...7...8...9...10FinalLightFace Done
0 of 0 (0% of) surface lights went in leaf ambient cubes.
0...1...2...3...4...5...6...7...8...9...10Writing leaf ambient...done
Ready to Finish

Object names       Objects/Maxobjs  Memory / Maxmem  Fullness 
------------       ---------------  ---------------  -------- 
models                  28/1024         1344/49152    ( 2.7%) 
brushes                 73/8192          876/98304    ( 0.9%) 
brushsides             530/65536        4240/524288   ( 0.8%) 
planes                 638/65536       12760/1310720  ( 1.0%) 
vertexes               685/65536        8220/786432   ( 1.0%) 
nodes                  362/65536       11584/2097152  ( 0.6%) 
texinfos                97/12288        6984/884736   ( 0.8%) 
texdata                 12/2048          384/65536    ( 0.6%) 
dispinfos                0/0               0/0        ( 0.0%) 
disp_verts               0/0               0/0        ( 0.0%) 
disp_tris                0/0               0/0        ( 0.0%) 
disp_lmsamples           0/0               0/0        ( 0.0%) 
faces                  484/65536       27104/3670016  ( 0.7%) 
hdr faces                0/65536           0/3670016  ( 0.0%) 
origfaces              316/65536       17696/3670016  ( 0.5%) 
leaves                 391/65536       12512/2097152  ( 0.6%) 
leaffaces              634/65536        1268/131072   ( 1.0%) 
leafbrushes             97/65536         194/131072   ( 0.1%) 
areas                    2/256            16/2048     ( 0.8%) 
surfedges             3479/512000      13916/2048000  ( 0.7%) 
edges                 1827/256000       7308/1024000  ( 0.7%) 
LDR worldlights          4/8192          352/720896   ( 0.0%) 
HDR worldlights          0/8192            0/720896   ( 0.0%) 
leafwaterdata            0/32768           0/393216   ( 0.0%) 
waterstrips             11/32768         110/327680   ( 0.0%) 
waterverts               0/65536           0/786432   ( 0.0%) 
waterindices           150/65536         300/131072   ( 0.2%) 
cubemapsamples           1/1024           16/16384    ( 0.1%) 
overlays                 0/512             0/180224   ( 0.0%) 
LDR lightdata         [variable]     1198192/0        ( 0.0%) 
HDR lightdata         [variable]           0/0        ( 0.0%) 
visdata               [variable]         671/16777216 ( 0.0%) 
entdata               [variable]       26186/393216   ( 6.7%) 
LDR ambient table      391/65536        1564/262144   ( 0.6%) 
HDR ambient table      391/65536        1564/262144   ( 0.6%) 
LDR leaf ambient       284/65536        7952/1835008  ( 0.4%) 
HDR leaf ambient       391/65536       10948/1835008  ( 0.6%) 
occluders                0/0               0/0        ( 0.0%) 
occluder polygons        0/0               0/0        ( 0.0%) 
occluder vert ind        0/0               0/0        ( 0.0%) 
detail props          [variable]           1/12       ( 8.3%) 
static props          [variable]           1/12       ( 8.3%) 
pakfile               [variable]      212535/0        ( 0.0%) 
physics               [variable]       37140/4194304  ( 0.9%) 
physics terrain       [variable]           2/1048576  ( 0.0%) 

Level flags = 0

Total triangle count: 1199
Writing c:\program files (x86)\steam\steamapps\common\sourcesdk_content\hl2mp\mapsrc\test.bsp
0 seconds elapsed



materialPath: C:\Program Files (x86)\Steam\steamapps\common\Half-Life 2 Deathmatch\hl2mp\materials
Loading C:\Program Files (x86)\Steam\steamapps\common\sourcesdk_content\hl2mp\mapsrc\test.vmf
Could not locate 'GameData' key in c:\program files (x86)\steam\steamapps\common\half-life 2 deathmatch\hl2mp\gameinfo.txt
Patching WVT material: maps/test/dev/dev_blendmeasure_wvt_patch
fixing up env_cubemap materials on brush sides...
0...1...2...3...4...5...6...7...8...9...100...1...2...3...4...5...6...7...8...9...10Processing areas...done (0)
Building Faces...done (0)
FixTjuncs...
PruneNodes...
WriteBSP...
done (0)
writing C:\Program Files (x86)\Steam\steamapps\common\sourcesdk_content\hl2mp\mapsrc\test.prt...Building visibility clusters...
done (0)
Creating default LDR cubemaps for env_cubemap using skybox materials:
   skybox/sky_day01_01*.vmt
 ! Run buildcubemaps in the engine to get the correct cube maps.
Creating default HDR cubemaps for env_cubemap using skybox materials:
   skybox/sky_day01_01*.vmt
 ! Run buildcubemaps in the engine to get the correct cube maps.
Finding displacement neighbors...
Finding lightmap sample positions...
Displacement Alpha : 0...1...2...3...4...5...6...7...8...9...10
Building Physics collision data...
done (0) (37140 bytes)
Placing detail props : 0...1...2...3...4...5...6...7...8...9...10
Compacting texture/material tables...
Reduced 197 texinfos to 97
Reduced 17 texdatas to 12 (486 bytes to 366)
Writing C:\Program Files (x86)\Steam\steamapps\common\sourcesdk_content\hl2mp\mapsrc\test.bsp
Wrote ZIP buffer, estimated size 213553, actual size 212535
0 seconds elapsed



12 threads
reading c:\program files (x86)\steam\steamapps\common\sourcesdk_content\hl2mp\mapsrc\test.bsp
reading c:\program files (x86)\steam\steamapps\common\sourcesdk_content\hl2mp\mapsrc\test.prt
  37 portalclusters
  98 numportals
0...1...2...3...4...5...6...7...8...9...100...1...2...3...4...5...6...7...8...9...10Optimized: 0 visible clusters (0.00%)
Total clusters visible: 1341
Average clusters visible: 36
Building PAS...
Average clusters audible: 37
visdatasize:671  compressed from 592
writing c:\program files (x86)\steam\steamapps\common\sourcesdk_content\hl2mp\mapsrc\test.bsp
0 seconds elapsed



[Reading texlights from 'lights.rad']
[45 texlights parsed from 'lights.rad']

Loading c:\program files (x86)\steam\steamapps\common\sourcesdk_content\hl2mp\mapsrc\test.bsp
484 faces
35237 square feet [5074270.00 square inches]
0 Displacements
0 Square Feet [0.00 Square Inches]
484 patches before subdivision
13018 patches after subdivision
4 direct lights
0...1...2...3...4...5...6...7...8...9...100...1...2...3...4...5...6...7...8...9...10transfers 1827740, max 356
transfer lists:  13.9 megs
0...1...2...3...4...5...6...7...8...9...10	Bounce #1 added RGB(0, 0, 0)
Build Patch/Sample Hash Table(s).....Done<0.0027 sec>
0...1...2...3...4...5...6...7...8...9...10FinalLightFace Done
0 of 0 (0% of) surface lights went in leaf ambient cubes.
0...1...2...3...4...5...6...7...8...9...10Writing leaf ambient...done
Ready to Finish

Object names       Objects/Maxobjs  Memory / Maxmem  Fullness 
------------       ---------------  ---------------  -------- 
models                  28/1024         1344/49152    ( 2.7%) 
brushes                 73/8192          876/98304    ( 0.9%) 
brushsides             530/65536        4240/524288   ( 0.8%) 
planes                 638/65536       12760/1310720  ( 1.0%) 
vertexes               685/65536        8220/786432   ( 1.0%) 
nodes                  362/65536       11584/2097152  ( 0.6%) 
texinfos                97/12288        6984/884736   ( 0.8%) 
texdata                 12/2048          384/65536    ( 0.6%) 
dispinfos                0/0               0/0        ( 0.0%) 
disp_verts               0/0               0/0        ( 0.0%) 
disp_tris                0/0               0/0        ( 0.0%) 
disp_lmsamples           0/0               0/0        ( 0.0%) 
faces                  484/65536       27104/3670016  ( 0.7%) 
hdr faces                0/65536           0/3670016  ( 0.0%) 
origfaces              316/65536       17696/3670016  ( 0.5%) 
leaves                 391/65536       12512/2097152  ( 0.6%) 
leaffaces              634/65536        1268/131072   ( 1.0%) 
leafbrushes             97/65536         194/131072   ( 0.1%) 
areas                    2/256            16/2048     ( 0.8%) 
surfedges             3479/512000      13916/2048000  ( 0.7%) 
edges                 1827/256000       7308/1024000  ( 0.7%) 
LDR worldlights          4/8192          352/720896   ( 0.0%) 
HDR worldlights          0/8192            0/720896   ( 0.0%) 
leafwaterdata            0/32768           0/393216   ( 0.0%) 
waterstrips             11/32768         110/327680   ( 0.0%) 
waterverts               0/65536           0/786432   ( 0.0%) 
waterindices           150/65536         300/131072   ( 0.2%) 
cubemapsamples           1/1024           16/16384    ( 0.1%) 
overlays                 0/512             0/180224   ( 0.0%) 
LDR lightdata         [variable]     1198192/0        ( 0.0%) 
HDR lightdata         [variable]           0/0        ( 0.0%) 
visdata               [variable]         671/16777216 ( 0.0%) 
entdata               [variable]       26178/393216   ( 6.7%) 
LDR ambient table      391/65536        1564/262144   ( 0.6%) 
HDR ambient table      391/65536        1564/262144   ( 0.6%) 
LDR leaf ambient       284/65536        7952/1835008  ( 0.4%) 
HDR leaf ambient       391/65536       10948/1835008  ( 0.6%) 
occluders                0/0               0/0        ( 0.0%) 
occluder polygons        0/0               0/0        ( 0.0%) 
occluder vert ind        0/0               0/0        ( 0.0%) 
detail props          [variable]           1/12       ( 8.3%) 
static props          [variable]           1/12       ( 8.3%) 
pakfile               [variable]      212535/0        ( 0.0%) 
physics               [variable]       37140/4194304  ( 0.9%) 
physics terrain       [variable]           2/1048576  ( 0.0%) 

Level flags = 0

Total triangle count: 1199
Writing c:\program files (x86)\steam\steamapps\common\sourcesdk_content\hl2mp\mapsrc\test.bsp
0 seconds elapsed



materialPath: C:\Program Files (x86)\Steam\steamapps\common\Half-Life 2 Deathmatch\hl2mp\materials
Loading C:\Program Files (x86)\Steam\steamapps\common\sourcesdk_content\hl2mp\mapsrc\test.vmf
Could not locate 'GameData' key in c:\program files (x86)\steam\steamapps\common\half-life 2 deathmatch\hl2mp\gameinfo.txt
Patching WVT material: maps/test/dev/dev_blendmeasure_wvt_patch
fixing up env_cubemap materials on brush sides...
0...1...2...3...4...5...6...7...8...9...100...1...2...3...4...5...6...7...8...9...10Processing areas...done (0)
Building Faces...done (0)
FixTjuncs...
PruneNodes...
WriteBSP...
done (0)
writing C:\Program Files (x86)\Steam\steamapps\common\sourcesdk_content\hl2mp\mapsrc\test.prt...Building visibility clusters...
done (0)
Creating default LDR cubemaps for env_cubemap using skybox materials:
   skybox/sky_day01_01*.vmt
 ! Run buildcubemaps in the engine to get the correct cube maps.
Creating default HDR cubemaps for env_cubemap using skybox materials:
   skybox/sky_day01_01*.vmt
 ! Run buildcubemaps in the engine to get the correct cube maps.
Finding displacement neighbors...
Finding lightmap sample positions...
Displacement Alpha : 0...1...2...3...4...5...6...7...8...9...10
Building Physics collision data...
done (0) (37140 bytes)
Placing detail props : 0...1...2...3...4...5...6...7...8...9...10
Compacting texture/material tables...
Reduced 197 texinfos to 97
Reduced 17 texdatas to 12 (486 bytes to 366)
Writing C:\Program Files (x86)\Steam\steamapps\common\sourcesdk_content\hl2mp\mapsrc\test.bsp
Wrote ZIP buffer, estimated size 213553, actual size 212535
0 seconds elapsed



12 threads
reading c:\program files (x86)\steam\steamapps\common\sourcesdk_content\hl2mp\mapsrc\test.bsp
reading c:\program files (x86)\steam\steamapps\common\sourcesdk_content\hl2mp\mapsrc\test.prt
  37 portalclusters
  98 numportals
0...1...2...3...4...5...6...7...8...9...100...1...2...3...4...5...6...7...8...9...10Optimized: 0 visible clusters (0.00%)
Total clusters visible: 1341
Average clusters visible: 36
Building PAS...
Average clusters audible: 37
visdatasize:671  compressed from 592
writing c:\program files (x86)\steam\steamapps\common\sourcesdk_content\hl2mp\mapsrc\test.bsp
0 seconds elapsed



[Reading texlights from 'lights.rad']
[45 texlights parsed from 'lights.rad']

Loading c:\program files (x86)\steam\steamapps\common\sourcesdk_content\hl2mp\mapsrc\test.bsp
484 faces
35237 square feet [5074270.00 square inches]
0 Displacements
0 Square Feet [0.00 Square Inches]
484 patches before subdivision
13018 patches after subdivision
4 direct lights
0...1...2...3...4...5...6...7...8...9...100...1...2...3...4...5...6...7...8...9...10transfers 1827740, max 356
transfer lists:  13.9 megs
0...1...2...3...4...5...6...7...8...9...10	Bounce #1 added RGB(0, 0, 0)
Build Patch/Sample Hash Table(s).....Done<0.0027 sec>
0...1...2...3...4...5...6...7...8...9...10FinalLightFace Done
0 of 0 (0% of) surface lights went in leaf ambient cubes.
0...1...2...3...4...5...6...7...8...9...10Writing leaf ambient...done
Ready to Finish

Object names       Objects/Maxobjs  Memory / Maxmem  Fullness 
------------       ---------------  ---------------  -------- 
models                  28/1024         1344/49152    ( 2.7%) 
brushes                 73/8192          876/98304    ( 0.9%) 
brushsides             530/65536        4240/524288   ( 0.8%) 
planes                 638/65536       12760/1310720  ( 1.0%) 
vertexes               685/65536        8220/786432   ( 1.0%) 
nodes                  362/65536       11584/2097152  ( 0.6%) 
texinfos                97/12288        6984/884736   ( 0.8%) 
texdata                 12/2048          384/65536    ( 0.6%) 
dispinfos                0/0               0/0        ( 0.0%) 
disp_verts               0/0               0/0        ( 0.0%) 
disp_tris                0/0               0/0        ( 0.0%) 
disp_lmsamples           0/0               0/0        ( 0.0%) 
faces                  484/65536       27104/3670016  ( 0.7%) 
hdr faces                0/65536           0/3670016  ( 0.0%) 
origfaces              316/65536       17696/3670016  ( 0.5%) 
leaves                 391/65536       12512/2097152  ( 0.6%) 
leaffaces              634/65536        1268/131072   ( 1.0%) 
leafbrushes             97/65536         194/131072   ( 0.1%) 
areas                    2/256            16/2048     ( 0.8%) 
surfedges             3479/512000      13916/2048000  ( 0.7%) 
edges                 1827/256000       7308/1024000  ( 0.7%) 
LDR worldlights          4/8192          352/720896   ( 0.0%) 
HDR worldlights          0/8192            0/720896   ( 0.0%) 
leafwaterdata            0/32768           0/393216   ( 0.0%) 
waterstrips             11/32768         110/327680   ( 0.0%) 
waterverts               0/65536           0/786432   ( 0.0%) 
waterindices           150/65536         300/131072   ( 0.2%) 
cubemapsamples           1/1024           16/16384    ( 0.1%) 
overlays                 0/512             0/180224   ( 0.0%) 
LDR lightdata         [variable]     1198192/0        ( 0.0%) 
HDR lightdata         [variable]           0/0        ( 0.0%) 
visdata               [variable]         671/16777216 ( 0.0%) 
entdata               [variable]       26178/393216   ( 6.7%) 
LDR ambient table      391/65536        1564/262144   ( 0.6%) 
HDR ambient table      391/65536        1564/262144   ( 0.6%) 
LDR leaf ambient       284/65536        7952/1835008  ( 0.4%) 
HDR leaf ambient       391/65536       10948/1835008  ( 0.6%) 
occluders                0/0               0/0        ( 0.0%) 
occluder polygons        0/0               0/0        ( 0.0%) 
occluder vert ind        0/0               0/0        ( 0.0%) 
detail props          [variable]           1/12       ( 8.3%) 
static props          [variable]           1/12       ( 8.3%) 
pakfile               [variable]      212535/0        ( 0.0%) 
physics               [variable]       37140/4194304  ( 0.9%) 
physics terrain       [variable]           2/1048576  ( 0.0%) 

Level flags = 0

Total triangle count: 1199
Writing c:\program files (x86)\steam\steamapps\common\sourcesdk_content\hl2mp\mapsrc\test.bsp
0 seconds elapsed



materialPath: C:\Program Files (x86)\Steam\steamapps\common\Half-Life 2 Deathmatch\hl2mp\materials
Loading C:\Program Files (x86)\Steam\steamapps\common\sourcesdk_content\hl2mp\mapsrc\test.vmf
Could not locate 'GameData' key in c:\program files (x86)\steam\steamapps\common\half-life 2 deathmatch\hl2mp\gameinfo.txt
Patching WVT material: maps/test/dev/dev_blendmeasure_wvt_patch
fixing up env_cubemap materials on brush sides...
0...1...2...3...4...5...6...7...8...9...100...1...2...3...4...5...6...7...8...9...10Processing areas...done (0)
Building Faces...done (0)
FixTjuncs...
PruneNodes...
WriteBSP...
done (0)
writing C:\Program Files (x86)\Steam\steamapps\common\sourcesdk_content\hl2mp\mapsrc\test.prt...Building visibility clusters...
done (0)
Creating default LDR cubemaps for env_cubemap using skybox materials:
   skybox/sky_day01_01*.vmt
 ! Run buildcubemaps in the engine to get the correct cube maps.
Creating default HDR cubemaps for env_cubemap using skybox materials:
   skybox/sky_day01_01*.vmt
 ! Run buildcubemaps in the engine to get the correct cube maps.
Finding displacement neighbors...
Finding lightmap sample positions...
Displacement Alpha : 0...1...2...3...4...5...6...7...8...9...10
Building Physics collision data...
done (0) (37140 bytes)
Placing detail props : 0...1...2...3...4...5...6...7...8...9...10
Compacting texture/material tables...
Reduced 197 texinfos to 97
Reduced 17 texdatas to 12 (486 bytes to 366)
Writing C:\Program Files (x86)\Steam\steamapps\common\sourcesdk_content\hl2mp\mapsrc\test.bsp
Wrote ZIP buffer, estimated size 213553, actual size 212535
0 seconds elapsed



12 threads
reading c:\program files (x86)\steam\steamapps\common\sourcesdk_content\hl2mp\mapsrc\test.bsp
reading c:\program files (x86)\steam\steamapps\common\sourcesdk_content\hl2mp\mapsrc\test.prt
  37 portalclusters
  98 numportals
0...1...2...3...4...5...6...7...8...9...100...1...2...3...4...5...6...7...8...9...10Optimized: 0 visible clusters (0.00%)
Total clusters visible: 1341
Average clusters visible: 36
Building PAS...
Average clusters audible: 37
visdatasize:671  compressed from 592
writing c:\program files (x86)\steam\steamapps\common\sourcesdk_content\hl2mp\mapsrc\test.bsp
0 seconds elapsed



[Reading texlights from 'lights.rad']
[45 texlights parsed from 'lights.rad']

Loading c:\program files (x86)\steam\steamapps\common\sourcesdk_content\hl2mp\mapsrc\test.bsp
484 faces
35237 square feet [5074270.00 square inches]
0 Displacements
0 Square Feet [0.00 Square Inches]
484 patches before subdivision
13018 patches after subdivision
4 direct lights
0...1...2...3...4...5...6...7...8...9...100...1...2...3...4...5...6...7...8...9...10transfers 1827740, max 356
transfer lists:  13.9 megs
0...1...2...3...4...5...6...7...8...9...10	Bounce #1 added RGB(0, 0, 0)
Build Patch/Sample Hash Table(s).....Done<0.0028 sec>
0...1...2...3...4...5...6...7...8...9...10FinalLightFace Done
0 of 0 (0% of) surface lights went in leaf ambient cubes.
0...1...2...3...4...5...6...7...8...9...10Writing leaf ambient...done
Ready to Finish

Object names       Objects/Maxobjs  Memory / Maxmem  Fullness 
------------       ---------------  ---------------  -------- 
models                  28/1024         1344/49152    ( 2.7%) 
brushes                 73/8192          876/98304    ( 0.9%) 
brushsides             530/65536        4240/524288   ( 0.8%) 
planes                 638/65536       12760/1310720  ( 1.0%) 
vertexes               685/65536        8220/786432   ( 1.0%) 
nodes                  362/65536       11584/2097152  ( 0.6%) 
texinfos                97/12288        6984/884736   ( 0.8%) 
texdata                 12/2048          384/65536    ( 0.6%) 
dispinfos                0/0               0/0        ( 0.0%) 
disp_verts               0/0               0/0        ( 0.0%) 
disp_tris                0/0               0/0        ( 0.0%) 
disp_lmsamples           0/0               0/0        ( 0.0%) 
faces                  484/65536       27104/3670016  ( 0.7%) 
hdr faces                0/65536           0/3670016  ( 0.0%) 
origfaces              316/65536       17696/3670016  ( 0.5%) 
leaves                 391/65536       12512/2097152  ( 0.6%) 
leaffaces              634/65536        1268/131072   ( 1.0%) 
leafbrushes             97/65536         194/131072   ( 0.1%) 
areas                    2/256            16/2048     ( 0.8%) 
surfedges             3479/512000      13916/2048000  ( 0.7%) 
edges                 1827/256000       7308/1024000  ( 0.7%) 
LDR worldlights          4/8192          352/720896   ( 0.0%) 
HDR worldlights          0/8192            0/720896   ( 0.0%) 
leafwaterdata            0/32768           0/393216   ( 0.0%) 
waterstrips             11/32768         110/327680   ( 0.0%) 
waterverts               0/65536           0/786432   ( 0.0%) 
waterindices           150/65536         300/131072   ( 0.2%) 
cubemapsamples           1/1024           16/16384    ( 0.1%) 
overlays                 0/512             0/180224   ( 0.0%) 
LDR lightdata         [variable]     1198192/0        ( 0.0%) 
HDR lightdata         [variable]           0/0        ( 0.0%) 
visdata               [variable]         671/16777216 ( 0.0%) 
entdata               [variable]       26178/393216   ( 6.7%) 
LDR ambient table      391/65536        1564/262144   ( 0.6%) 
HDR ambient table      391/65536        1564/262144   ( 0.6%) 
LDR leaf ambient       284/65536        7952/1835008  ( 0.4%) 
HDR leaf ambient       391/65536       10948/1835008  ( 0.6%) 
occluders                0/0               0/0        ( 0.0%) 
occluder polygons        0/0               0/0        ( 0.0%) 
occluder vert ind        0/0               0/0        ( 0.0%) 
detail props          [variable]           1/12       ( 8.3%) 
static props          [variable]           1/12       ( 8.3%) 
pakfile               [variable]      212535/0        ( 0.0%) 
physics               [variable]       37140/4194304  ( 0.9%) 
physics terrain       [variable]           2/1048576  ( 0.0%) 

Level flags = 0

Total triangle count: 1199
Writing c:\program files (x86)\steam\steamapps\common\sourcesdk_content\hl2mp\mapsrc\test.bsp
0 seconds elapsed



[Reading texlights from 'lights.rad']
[45 texlights parsed from 'lights.rad']

Loading c:\program files (x86)\steam\steamapps\common\sourcesdk_content\hl2mp\mapsrc\test.bsp
484 faces
35237 square feet [5074270.00 square inches]
0 Displacements
0 Square Feet [0.00 Square Inches]
484 patches before subdivision
13018 patches after subdivision
4 direct lights
0...1...2...3...4...5...6...7...8...9...100...1...2...3...4...5...6...7...8...9...10transfers 1827740, max 356
transfer lists:  13.9 megs
0...1...2...3...4...5...6...7...8...9...10	Bounce #1 added RGB(0, 0, 0)
Build Patch/Sample Hash Table(s).....Done<0.0027 sec>
0...1...2...3...4...5...6...7...8...9...10FinalLightFace Done
0 of 0 (0% of) surface lights went in leaf ambient cubes.
0...1...2...3...4...5...6...7...8...9...10Writing leaf ambient...done
Ready to Finish

Object names       Objects/Maxobjs  Memory / Maxmem  Fullness 
------------       ---------------  ---------------  -------- 
models                  28/1024         1344/49152    ( 2.7%) 
brushes                 73/8192          876/98304    ( 0.9%) 
brushsides             530/65536        4240/524288   ( 0.8%) 
planes                 638/65536       12760/1310720  ( 1.0%) 
vertexes               685/65536        8220/786432   ( 1.0%) 
nodes                  362/65536       11584/2097152  ( 0.6%) 
texinfos                97/12288        6984/884736   ( 0.8%) 
texdata                 12/2048          384/65536    ( 0.6%) 
dispinfos                0/0               0/0        ( 0.0%) 
disp_verts               0/0               0/0        ( 0.0%) 
disp_tris                0/0               0/0        ( 0.0%) 
disp_lmsamples           0/0               0/0        ( 0.0%) 
faces                  484/65536       27104/3670016  ( 0.7%) 
hdr faces              484/65536       27104/3670016  ( 0.7%) 
origfaces              316/65536       17696/3670016  ( 0.5%) 
leaves                 391/65536       12512/2097152  ( 0.6%) 
leaffaces              634/65536        1268/131072   ( 1.0%) 
leafbrushes             97/65536         194/131072   ( 0.1%) 
areas                    2/256            16/2048     ( 0.8%) 
surfedges             3479/512000      13916/2048000  ( 0.7%) 
edges                 1827/256000       7308/1024000  ( 0.7%) 
LDR worldlights          4/8192          352/720896   ( 0.0%) 
HDR worldlights          4/8192          352/720896   ( 0.0%) 
leafwaterdata            0/32768           0/393216   ( 0.0%) 
waterstrips             11/32768         110/327680   ( 0.0%) 
waterverts               0/65536           0/786432   ( 0.0%) 
waterindices           150/65536         300/131072   ( 0.2%) 
cubemapsamples           1/1024           16/16384    ( 0.1%) 
overlays                 0/512             0/180224   ( 0.0%) 
LDR lightdata         [variable]     1198192/0        ( 0.0%) 
HDR lightdata         [variable]     1198192/0        ( 0.0%) 
visdata               [variable]         671/16777216 ( 0.0%) 
entdata               [variable]       26178/393216   ( 6.7%) 
LDR ambient table      391/65536        1564/262144   ( 0.6%) 
HDR ambient table      391/65536        1564/262144   ( 0.6%) 
LDR leaf ambient       284/65536        7952/1835008  ( 0.4%) 
HDR leaf ambient       284/65536        7952/1835008  ( 0.4%) 
occluders                0/0               0/0        ( 0.0%) 
occluder polygons        0/0               0/0        ( 0.0%) 
occluder vert ind        0/0               0/0        ( 0.0%) 
detail props          [variable]           1/12       ( 8.3%) 
static props          [variable]           1/12       ( 8.3%) 
pakfile               [variable]      212535/0        ( 0.0%) 
physics               [variable]       37140/4194304  ( 0.9%) 
physics terrain       [variable]           2/1048576  ( 0.0%) 

Level flags = 0

Total triangle count: 1199
Writing c:\program files (x86)\steam\steamapps\common\sourcesdk_content\hl2mp\mapsrc\test.bsp
0 seconds elapsed



materialPath: C:\Program Files (x86)\Steam\steamapps\common\Half-Life 2 Deathmatch\hl2mp\materials
Loading C:\Program Files (x86)\Steam\steamapps\common\sourcesdk_content\hl2mp\mapsrc\test.vmf
Could not locate 'GameData' key in c:\program files (x86)\steam\steamapps\common\half-life 2 deathmatch\hl2mp\gameinfo.txt
Patching WVT material: maps/test/dev/dev_blendmeasure_wvt_patch
fixing up env_cubemap materials on brush sides...
0...1...2...3...4...5...6...7...8...9...100...1...2...3...4...5...6...7...8...9...10Processing areas...done (0)
Building Faces...done (0)
FixTjuncs...
PruneNodes...
WriteBSP...
done (0)
writing C:\Program Files (x86)\Steam\steamapps\common\sourcesdk_content\hl2mp\mapsrc\test.prt...Building visibility clusters...
done (0)
Creating default LDR cubemaps for env_cubemap using skybox materials:
   skybox/sky_day01_01*.vmt
 ! Run buildcubemaps in the engine to get the correct cube maps.
Creating default HDR cubemaps for env_cubemap using skybox materials:
   skybox/sky_day01_01*.vmt
 ! Run buildcubemaps in the engine to get the correct cube maps.
Finding displacement neighbors...
Finding lightmap sample positions...
Displacement Alpha : 0...1...2...3...4...5...6...7...8...9...10
Building Physics collision data...
done (0) (37140 bytes)
Placing detail props : 0...1...2...3...4...5...6...7...8...9...10
Compacting texture/material tables...
Reduced 197 texinfos to 97
Reduced 17 texdatas to 12 (486 bytes to 366)
Writing C:\Program Files (x86)\Steam\steamapps\common\sourcesdk_content\hl2mp\mapsrc\test.bsp
Wrote ZIP buffer, estimated size 213553, actual size 212535
0 seconds elapsed



12 threads
reading c:\program files (x86)\steam\steamapps\common\sourcesdk_content\hl2mp\mapsrc\test.bsp
reading c:\program files (x86)\steam\steamapps\common\sourcesdk_content\hl2mp\mapsrc\test.prt
  37 portalclusters
  98 numportals
0...1...2...3...4...5...6...7...8...9...100...1...2...3...4...5...6...7...8...9...10Optimized: 0 visible clusters (0.00%)
Total clusters visible: 1341
Average clusters visible: 36
Building PAS...
Average clusters audible: 37
visdatasize:671  compressed from 592
writing c:\program files (x86)\steam\steamapps\common\sourcesdk_content\hl2mp\mapsrc\test.bsp
0 seconds elapsed



[Reading texlights from 'lights.rad']
[45 texlights parsed from 'lights.rad']

Loading c:\program files (x86)\steam\steamapps\common\sourcesdk_content\hl2mp\mapsrc\test.bsp
484 faces
35237 square feet [5074270.00 square inches]
0 Displacements
0 Square Feet [0.00 Square Inches]
484 patches before subdivision
13018 patches after subdivision
4 direct lights
0...1...2...3...4...5...6...7...8...9...100...1...2...3...4...5...6...7...8...9...10transfers 1827740, max 356
transfer lists:  13.9 megs
0...1...2...3...4...5...6...7...8...9...10	Bounce #1 added RGB(0, 0, 0)
Build Patch/Sample Hash Table(s).....Done<0.0027 sec>
0...1...2...3...4...5...6...7...8...9...10FinalLightFace Done
0 of 0 (0% of) surface lights went in leaf ambient cubes.
0...1...2...3...4...5...6...7...8...9...10Writing leaf ambient...done
Ready to Finish

Object names       Objects/Maxobjs  Memory / Maxmem  Fullness 
------------       ---------------  ---------------  -------- 
models                  28/1024         1344/49152    ( 2.7%) 
brushes                 73/8192          876/98304    ( 0.9%) 
brushsides             530/65536        4240/524288   ( 0.8%) 
planes                 638/65536       12760/1310720  ( 1.0%) 
vertexes               685/65536        8220/786432   ( 1.0%) 
nodes                  362/65536       11584/2097152  ( 0.6%) 
texinfos                97/12288        6984/884736   ( 0.8%) 
texdata                 12/2048          384/65536    ( 0.6%) 
dispinfos                0/0               0/0        ( 0.0%) 
disp_verts               0/0               0/0        ( 0.0%) 
disp_tris                0/0               0/0        ( 0.0%) 
disp_lmsamples           0/0               0/0        ( 0.0%) 
faces                  484/65536       27104/3670016  ( 0.7%) 
hdr faces                0/65536           0/3670016  ( 0.0%) 
origfaces              316/65536       17696/3670016  ( 0.5%) 
leaves                 391/65536       12512/2097152  ( 0.6%) 
leaffaces              634/65536        1268/131072   ( 1.0%) 
leafbrushes             97/65536         194/131072   ( 0.1%) 
areas                    2/256            16/2048     ( 0.8%) 
surfedges             3479/512000      13916/2048000  ( 0.7%) 
edges                 1827/256000       7308/1024000  ( 0.7%) 
LDR worldlights          4/8192          352/720896   ( 0.0%) 
HDR worldlights          0/8192            0/720896   ( 0.0%) 
leafwaterdata            0/32768           0/393216   ( 0.0%) 
waterstrips             11/32768         110/327680   ( 0.0%) 
waterverts               0/65536           0/786432   ( 0.0%) 
waterindices           150/65536         300/131072   ( 0.2%) 
cubemapsamples           1/1024           16/16384    ( 0.1%) 
overlays                 0/512             0/180224   ( 0.0%) 
LDR lightdata         [variable]     1198192/0        ( 0.0%) 
HDR lightdata         [variable]           0/0        ( 0.0%) 
visdata               [variable]         671/16777216 ( 0.0%) 
entdata               [variable]       26531/393216   ( 6.7%) 
LDR ambient table      391/65536        1564/262144   ( 0.6%) 
HDR ambient table      391/65536        1564/262144   ( 0.6%) 
LDR leaf ambient       284/65536        7952/1835008  ( 0.4%) 
HDR leaf ambient       391/65536       10948/1835008  ( 0.6%) 
occluders                0/0               0/0        ( 0.0%) 
occluder polygons        0/0               0/0        ( 0.0%) 
occluder vert ind        0/0               0/0        ( 0.0%) 
detail props          [variable]           1/12       ( 8.3%) 
static props          [variable]           1/12       ( 8.3%) 
pakfile               [variable]      212535/0        ( 0.0%) 
physics               [variable]       37140/4194304  ( 0.9%) 
physics terrain       [variable]           2/1048576  ( 0.0%) 

Level flags = 0

Total triangle count: 1199
Writing c:\program files (x86)\steam\steamapps\common\sourcesdk_content\hl2mp\mapsrc\test.bsp
0 seconds elapsed



[Reading texlights from 'lights.rad']
[45 texlights parsed from 'lights.rad']

Loading c:\program files (x86)\steam\steamapps\common\sourcesdk_content\hl2mp\mapsrc\test.bsp
484 faces
35237 square feet [5074270.00 square inches]
0 Displacements
0 Square Feet [0.00 Square Inches]
484 patches before subdivision
13018 patches after subdivision
4 direct lights
0...1...2...3...4...5...6...7...8...9...100...1...2...3...4...5...6...7...8...9...10transfers 1827740, max 356
transfer lists:  13.9 megs
0...1...2...3...4...5...6...7...8...9...10	Bounce #1 added RGB(0, 0, 0)
Build Patch/Sample Hash Table(s).....Done<0.0028 sec>
0...1...2...3...4...5...6...7...8...9...10FinalLightFace Done
0 of 0 (0% of) surface lights went in leaf ambient cubes.
0...1...2...3...4...5...6...7...8...9...10Writing leaf ambient...done
Ready to Finish

Object names       Objects/Maxobjs  Memory / Maxmem  Fullness 
------------       ---------------  ---------------  -------- 
models                  28/1024         1344/49152    ( 2.7%) 
brushes                 73/8192          876/98304    ( 0.9%) 
brushsides             530/65536        4240/524288   ( 0.8%) 
planes                 638/65536       12760/1310720  ( 1.0%) 
vertexes               685/65536        8220/786432   ( 1.0%) 
nodes                  362/65536       11584/2097152  ( 0.6%) 
texinfos                97/12288        6984/884736   ( 0.8%) 
texdata                 12/2048          384/65536    ( 0.6%) 
dispinfos                0/0               0/0        ( 0.0%) 
disp_verts               0/0               0/0        ( 0.0%) 
disp_tris                0/0               0/0        ( 0.0%) 
disp_lmsamples           0/0               0/0        ( 0.0%) 
faces                  484/65536       27104/3670016  ( 0.7%) 
hdr faces              484/65536       27104/3670016  ( 0.7%) 
origfaces              316/65536       17696/3670016  ( 0.5%) 
leaves                 391/65536       12512/2097152  ( 0.6%) 
leaffaces              634/65536        1268/131072   ( 1.0%) 
leafbrushes             97/65536         194/131072   ( 0.1%) 
areas                    2/256            16/2048     ( 0.8%) 
surfedges             3479/512000      13916/2048000  ( 0.7%) 
edges                 1827/256000       7308/1024000  ( 0.7%) 
LDR worldlights          4/8192          352/720896   ( 0.0%) 
HDR worldlights          4/8192          352/720896   ( 0.0%) 
leafwaterdata            0/32768           0/393216   ( 0.0%) 
waterstrips             11/32768         110/327680   ( 0.0%) 
waterverts               0/65536           0/786432   ( 0.0%) 
waterindices           150/65536         300/131072   ( 0.2%) 
cubemapsamples           1/1024           16/16384    ( 0.1%) 
overlays                 0/512             0/180224   ( 0.0%) 
LDR lightdata         [variable]     1198192/0        ( 0.0%) 
HDR lightdata         [variable]     1198192/0        ( 0.0%) 
visdata               [variable]         671/16777216 ( 0.0%) 
entdata               [variable]       26531/393216   ( 6.7%) 
LDR ambient table      391/65536        1564/262144   ( 0.6%) 
HDR ambient table      391/65536        1564/262144   ( 0.6%) 
LDR leaf ambient       284/65536        7952/1835008  ( 0.4%) 
HDR leaf ambient       284/65536        7952/1835008  ( 0.4%) 
occluders                0/0               0/0        ( 0.0%) 
occluder polygons        0/0               0/0        ( 0.0%) 
occluder vert ind        0/0               0/0        ( 0.0%) 
detail props          [variable]           1/12       ( 8.3%) 
static props          [variable]           1/12       ( 8.3%) 
pakfile               [variable]      212535/0        ( 0.0%) 
physics               [variable]       37140/4194304  ( 0.9%) 
physics terrain       [variable]           2/1048576  ( 0.0%) 

Level flags = 0

Total triangle count: 1199
Writing c:\program files (x86)\steam\steamapps\common\sourcesdk_content\hl2mp\mapsrc\test.bsp
1 second elapsed



materialPath: C:\Program Files (x86)\Steam\steamapps\common\Half-Life 2 Deathmatch\hl2mp\materials
Loading C:\Program Files (x86)\Steam\steamapps\common\sourcesdk_content\hl2mp\mapsrc\test.vmf
Could not locate 'GameData' key in c:\program files (x86)\steam\steamapps\common\half-life 2 deathmatch\hl2mp\gameinfo.txt
Patching WVT material: maps/test/dev/dev_blendmeasure_wvt_patch
fixing up env_cubemap materials on brush sides...
0...1...2...3...4...5...6...7...8...9...100...1...2...3...4...5...6...7...8...9...10Processing areas...done (0)
Building Faces...done (0)
FixTjuncs...
PruneNodes...
WriteBSP...
done (0)
writing C:\Program Files (x86)\Steam\steamapps\common\sourcesdk_content\hl2mp\mapsrc\test.prt...Building visibility clusters...
done (0)
Creating default LDR cubemaps for env_cubemap using skybox materials:
   skybox/sky_day01_01*.vmt
 ! Run buildcubemaps in the engine to get the correct cube maps.
Creating default HDR cubemaps for env_cubemap using skybox materials:
   skybox/sky_day01_01*.vmt
 ! Run buildcubemaps in the engine to get the correct cube maps.
Finding displacement neighbors...
Finding lightmap sample positions...
Displacement Alpha : 0...1...2...3...4...5...6...7...8...9...10
Building Physics collision data...
done (0) (37140 bytes)
Placing detail props : 0...1...2...3...4...5...6...7...8...9...10
Compacting texture/material tables...
Reduced 197 texinfos to 97
Reduced 17 texdatas to 12 (486 bytes to 366)
Writing C:\Program Files (x86)\Steam\steamapps\common\sourcesdk_content\hl2mp\mapsrc\test.bsp
Wrote ZIP buffer, estimated size 213553, actual size 212535
0 seconds elapsed



12 threads
reading c:\program files (x86)\steam\steamapps\common\sourcesdk_content\hl2mp\mapsrc\test.bsp
reading c:\program files (x86)\steam\steamapps\common\sourcesdk_content\hl2mp\mapsrc\test.prt
  37 portalclusters
  98 numportals
0...1...2...3...4...5...6...7...8...9...100...1...2...3...4...5...6...7...8...9...10Optimized: 0 visible clusters (0.00%)
Total clusters visible: 1341
Average clusters visible: 36
Building PAS...
Average clusters audible: 37
visdatasize:671  compressed from 592
writing c:\program files (x86)\steam\steamapps\common\sourcesdk_content\hl2mp\mapsrc\test.bsp
0 seconds elapsed



[Reading texlights from 'lights.rad']
[45 texlights parsed from 'lights.rad']

Loading c:\program files (x86)\steam\steamapps\common\sourcesdk_content\hl2mp\mapsrc\test.bsp
484 faces
35237 square feet [5074270.00 square inches]
0 Displacements
0 Square Feet [0.00 Square Inches]
484 patches before subdivision
13018 patches after subdivision
4 direct lights
0...1...2...3...4...5...6...7...8...9...100...1...2...3...4...5...6...7...8...9...10transfers 1827740, max 356
transfer lists:  13.9 megs
0...1...2...3...4...5...6...7...8...9...10	Bounce #1 added RGB(0, 0, 0)
Build Patch/Sample Hash Table(s).....Done<0.0027 sec>
0...1...2...3...4...5...6...7...8...9...10FinalLightFace Done
0 of 0 (0% of) surface lights went in leaf ambient cubes.
0...1...2...3...4...5...6...7...8...9...10Writing leaf ambient...done
Ready to Finish

Object names       Objects/Maxobjs  Memory / Maxmem  Fullness 
------------       ---------------  ---------------  -------- 
models                  28/1024         1344/49152    ( 2.7%) 
brushes                 73/8192          876/98304    ( 0.9%) 
brushsides             530/65536        4240/524288   ( 0.8%) 
planes                 638/65536       12760/1310720  ( 1.0%) 
vertexes               685/65536        8220/786432   ( 1.0%) 
nodes                  362/65536       11584/2097152  ( 0.6%) 
texinfos                97/12288        6984/884736   ( 0.8%) 
texdata                 12/2048          384/65536    ( 0.6%) 
dispinfos                0/0               0/0        ( 0.0%) 
disp_verts               0/0               0/0        ( 0.0%) 
disp_tris                0/0               0/0        ( 0.0%) 
disp_lmsamples           0/0               0/0        ( 0.0%) 
faces                  484/65536       27104/3670016  ( 0.7%) 
hdr faces                0/65536           0/3670016  ( 0.0%) 
origfaces              316/65536       17696/3670016  ( 0.5%) 
leaves                 391/65536       12512/2097152  ( 0.6%) 
leaffaces              634/65536        1268/131072   ( 1.0%) 
leafbrushes             97/65536         194/131072   ( 0.1%) 
areas                    2/256            16/2048     ( 0.8%) 
surfedges             3479/512000      13916/2048000  ( 0.7%) 
edges                 1827/256000       7308/1024000  ( 0.7%) 
LDR worldlights          4/8192          352/720896   ( 0.0%) 
HDR worldlights          0/8192            0/720896   ( 0.0%) 
leafwaterdata            0/32768           0/393216   ( 0.0%) 
waterstrips             11/32768         110/327680   ( 0.0%) 
waterverts               0/65536           0/786432   ( 0.0%) 
waterindices           150/65536         300/131072   ( 0.2%) 
cubemapsamples           1/1024           16/16384    ( 0.1%) 
overlays                 0/512             0/180224   ( 0.0%) 
LDR lightdata         [variable]     1198192/0        ( 0.0%) 
HDR lightdata         [variable]           0/0        ( 0.0%) 
visdata               [variable]         671/16777216 ( 0.0%) 
entdata               [variable]       26083/393216   ( 6.6%) 
LDR ambient table      391/65536        1564/262144   ( 0.6%) 
HDR ambient table      391/65536        1564/262144   ( 0.6%) 
LDR leaf ambient       284/65536        7952/1835008  ( 0.4%) 
HDR leaf ambient       391/65536       10948/1835008  ( 0.6%) 
occluders                0/0               0/0        ( 0.0%) 
occluder polygons        0/0               0/0        ( 0.0%) 
occluder vert ind        0/0               0/0        ( 0.0%) 
detail props          [variable]           1/12       ( 8.3%) 
static props          [variable]           1/12       ( 8.3%) 
pakfile               [variable]      212535/0        ( 0.0%) 
physics               [variable]       37140/4194304  ( 0.9%) 
physics terrain       [variable]           2/1048576  ( 0.0%) 

Level flags = 0

Total triangle count: 1199
Writing c:\program files (x86)\steam\steamapps\common\sourcesdk_content\hl2mp\mapsrc\test.bsp
0 seconds elapsed



[Reading texlights from 'lights.rad']
[45 texlights parsed from 'lights.rad']

Loading c:\program files (x86)\steam\steamapps\common\sourcesdk_content\hl2mp\mapsrc\test.bsp
484 faces
35237 square feet [5074270.00 square inches]
0 Displacements
0 Square Feet [0.00 Square Inches]
484 patches before subdivision
13018 patches after subdivision
4 direct lights
0...1...2...3...4...5...6...7...8...9...100...1...2...3...4...5...6...7...8...9...10transfers 1827740, max 356
transfer lists:  13.9 megs
0...1...2...3...4...5...6...7...8...9...10	Bounce #1 added RGB(0, 0, 0)
Build Patch/Sample Hash Table(s).....Done<0.0028 sec>
0...1...2...3...4...5...6...7...8...9...10FinalLightFace Done
0 of 0 (0% of) surface lights went in leaf ambient cubes.
0...1...2...3...4...5...6...7...8...9...10Writing leaf ambient...done
Ready to Finish

Object names       Objects/Maxobjs  Memory / Maxmem  Fullness 
------------       ---------------  ---------------  -------- 
models                  28/1024         1344/49152    ( 2.7%) 
brushes                 73/8192          876/98304    ( 0.9%) 
brushsides             530/65536        4240/524288   ( 0.8%) 
planes                 638/65536       12760/1310720  ( 1.0%) 
vertexes               685/65536        8220/786432   ( 1.0%) 
nodes                  362/65536       11584/2097152  ( 0.6%) 
texinfos                97/12288        6984/884736   ( 0.8%) 
texdata                 12/2048          384/65536    ( 0.6%) 
dispinfos                0/0               0/0        ( 0.0%) 
disp_verts               0/0               0/0        ( 0.0%) 
disp_tris                0/0               0/0        ( 0.0%) 
disp_lmsamples           0/0               0/0        ( 0.0%) 
faces                  484/65536       27104/3670016  ( 0.7%) 
hdr faces              484/65536       27104/3670016  ( 0.7%) 
origfaces              316/65536       17696/3670016  ( 0.5%) 
leaves                 391/65536       12512/2097152  ( 0.6%) 
leaffaces              634/65536        1268/131072   ( 1.0%) 
leafbrushes             97/65536         194/131072   ( 0.1%) 
areas                    2/256            16/2048     ( 0.8%) 
surfedges             3479/512000      13916/2048000  ( 0.7%) 
edges                 1827/256000       7308/1024000  ( 0.7%) 
LDR worldlights          4/8192          352/720896   ( 0.0%) 
HDR worldlights          4/8192          352/720896   ( 0.0%) 
leafwaterdata            0/32768           0/393216   ( 0.0%) 
waterstrips             11/32768         110/327680   ( 0.0%) 
waterverts               0/65536           0/786432   ( 0.0%) 
waterindices           150/65536         300/131072   ( 0.2%) 
cubemapsamples           1/1024           16/16384    ( 0.1%) 
overlays                 0/512             0/180224   ( 0.0%) 
LDR lightdata         [variable]     1198192/0        ( 0.0%) 
HDR lightdata         [variable]     1198192/0        ( 0.0%) 
visdata               [variable]         671/16777216 ( 0.0%) 
entdata               [variable]       26083/393216   ( 6.6%) 
LDR ambient table      391/65536        1564/262144   ( 0.6%) 
HDR ambient table      391/65536        1564/262144   ( 0.6%) 
LDR leaf ambient       284/65536        7952/1835008  ( 0.4%) 
HDR leaf ambient       284/65536        7952/1835008  ( 0.4%) 
occluders                0/0               0/0        ( 0.0%) 
occluder polygons        0/0               0/0        ( 0.0%) 
occluder vert ind        0/0               0/0        ( 0.0%) 
detail props          [variable]           1/12       ( 8.3%) 
static props          [variable]           1/12       ( 8.3%) 
pakfile               [variable]      212535/0        ( 0.0%) 
physics               [variable]       37140/4194304  ( 0.9%) 
physics terrain       [variable]           2/1048576  ( 0.0%) 

Level flags = 0

Total triangle count: 1199
Writing c:\program files (x86)\steam\steamapps\common\sourcesdk_content\hl2mp\mapsrc\test.bsp
0 seconds elapsed



materialPath: C:\Program Files (x86)\Steam\steamapps\common\Half-Life 2 Deathmatch\hl2mp\materials
Loading C:\Program Files (x86)\Steam\steamapps\common\sourcesdk_content\hl2mp\mapsrc\test.vmf
Could not locate 'GameData' key in c:\program files (x86)\steam\steamapps\common\half-life 2 deathmatch\hl2mp\gameinfo.txt
Patching WVT material: maps/test/dev/dev_blendmeasure_wvt_patch
fixing up env_cubemap materials on brush sides...
0...1...2...3...4...5...6...7...8...9...100...1...2...3...4...5...6...7...8...9...10Processing areas...done (0)
Building Faces...done (0)
FixTjuncs...
PruneNodes...
WriteBSP...
done (0)
writing C:\Program Files (x86)\Steam\steamapps\common\sourcesdk_content\hl2mp\mapsrc\test.prt...Building visibility clusters...
done (0)
Creating default LDR cubemaps for env_cubemap using skybox materials:
   skybox/sky_day01_01*.vmt
 ! Run buildcubemaps in the engine to get the correct cube maps.
Creating default HDR cubemaps for env_cubemap using skybox materials:
   skybox/sky_day01_01*.vmt
 ! Run buildcubemaps in the engine to get the correct cube maps.
Finding displacement neighbors...
Finding lightmap sample positions...
Displacement Alpha : 0...1...2...3...4...5...6...7...8...9...10
Building Physics collision data...
done (0) (37140 bytes)
Placing detail props : 0...1...2...3...4...5...6...7...8...9...10
Compacting texture/material tables...
Reduced 197 texinfos to 97
Reduced 17 texdatas to 12 (486 bytes to 366)
Writing C:\Program Files (x86)\Steam\steamapps\common\sourcesdk_content\hl2mp\mapsrc\test.bsp
Wrote ZIP buffer, estimated size 213553, actual size 212535
0 seconds elapsed



12 threads
reading c:\program files (x86)\steam\steamapps\common\sourcesdk_content\hl2mp\mapsrc\test.bsp
reading c:\program files (x86)\steam\steamapps\common\sourcesdk_content\hl2mp\mapsrc\test.prt
  37 portalclusters
  98 numportals
0...1...2...3...4...5...6...7...8...9...100...1...2...3...4...5...6...7...8...9...10Optimized: 0 visible clusters (0.00%)
Total clusters visible: 1341
Average clusters visible: 36
Building PAS...
Average clusters audible: 37
visdatasize:671  compressed from 592
writing c:\program files (x86)\steam\steamapps\common\sourcesdk_content\hl2mp\mapsrc\test.bsp
0 seconds elapsed



[Reading texlights from 'lights.rad']
[45 texlights parsed from 'lights.rad']

Loading c:\program files (x86)\steam\steamapps\common\sourcesdk_content\hl2mp\mapsrc\test.bsp
484 faces
35237 square feet [5074270.00 square inches]
0 Displacements
0 Square Feet [0.00 Square Inches]
484 patches before subdivision
13018 patches after subdivision
4 direct lights
0...1...2...3...4...5...6...7...8...9...100...1...2...3...4...5...6...7...8...9...10transfers 1827740, max 356
transfer lists:  13.9 megs
0...1...2...3...4...5...6...7...8...9...10	Bounce #1 added RGB(0, 0, 0)
Build Patch/Sample Hash Table(s).....Done<0.0027 sec>
0...1...2...3...4...5...6...7...8...9...10FinalLightFace Done
0 of 0 (0% of) surface lights went in leaf ambient cubes.
0...1...2...3...4...5...6...7...8...9...10Writing leaf ambient...done
Ready to Finish

Object names       Objects/Maxobjs  Memory / Maxmem  Fullness 
------------       ---------------  ---------------  -------- 
models                  28/1024         1344/49152    ( 2.7%) 
brushes                 73/8192          876/98304    ( 0.9%) 
brushsides             530/65536        4240/524288   ( 0.8%) 
planes                 638/65536       12760/1310720  ( 1.0%) 
vertexes               685/65536        8220/786432   ( 1.0%) 
nodes                  362/65536       11584/2097152  ( 0.6%) 
texinfos                97/12288        6984/884736   ( 0.8%) 
texdata                 12/2048          384/65536    ( 0.6%) 
dispinfos                0/0               0/0        ( 0.0%) 
disp_verts               0/0               0/0        ( 0.0%) 
disp_tris                0/0               0/0        ( 0.0%) 
disp_lmsamples           0/0               0/0        ( 0.0%) 
faces                  484/65536       27104/3670016  ( 0.7%) 
hdr faces                0/65536           0/3670016  ( 0.0%) 
origfaces              316/65536       17696/3670016  ( 0.5%) 
leaves                 391/65536       12512/2097152  ( 0.6%) 
leaffaces              634/65536        1268/131072   ( 1.0%) 
leafbrushes             97/65536         194/131072   ( 0.1%) 
areas                    2/256            16/2048     ( 0.8%) 
surfedges             3479/512000      13916/2048000  ( 0.7%) 
edges                 1827/256000       7308/1024000  ( 0.7%) 
LDR worldlights          4/8192          352/720896   ( 0.0%) 
HDR worldlights          0/8192            0/720896   ( 0.0%) 
leafwaterdata            0/32768           0/393216   ( 0.0%) 
waterstrips             11/32768         110/327680   ( 0.0%) 
waterverts               0/65536           0/786432   ( 0.0%) 
waterindices           150/65536         300/131072   ( 0.2%) 
cubemapsamples           1/1024           16/16384    ( 0.1%) 
overlays                 0/512             0/180224   ( 0.0%) 
LDR lightdata         [variable]     1198192/0        ( 0.0%) 
HDR lightdata         [variable]           0/0        ( 0.0%) 
visdata               [variable]         671/16777216 ( 0.0%) 
entdata               [variable]       26083/393216   ( 6.6%) 
LDR ambient table      391/65536        1564/262144   ( 0.6%) 
HDR ambient table      391/65536        1564/262144   ( 0.6%) 
LDR leaf ambient       284/65536        7952/1835008  ( 0.4%) 
HDR leaf ambient       391/65536       10948/1835008  ( 0.6%) 
occluders                0/0               0/0        ( 0.0%) 
occluder polygons        0/0               0/0        ( 0.0%) 
occluder vert ind        0/0               0/0        ( 0.0%) 
detail props          [variable]           1/12       ( 8.3%) 
static props          [variable]           1/12       ( 8.3%) 
pakfile               [variable]      212535/0        ( 0.0%) 
physics               [variable]       37140/4194304  ( 0.9%) 
physics terrain       [variable]           2/1048576  ( 0.0%) 

Level flags = 0

Total triangle count: 1199
Writing c:\program files (x86)\steam\steamapps\common\sourcesdk_content\hl2mp\mapsrc\test.bsp
0 seconds elapsed



[Reading texlights from 'lights.rad']
[45 texlights parsed from 'lights.rad']

Loading c:\program files (x86)\steam\steamapps\common\sourcesdk_content\hl2mp\mapsrc\test.bsp
484 faces
35237 square feet [5074270.00 square inches]
0 Displacements
0 Square Feet [0.00 Square Inches]
484 patches before subdivision
13018 patches after subdivision
4 direct lights
0...1...2...3...4...5...6...7...8...9...100...1...2...3...4...5...6...7...8...9...10transfers 1827740, max 356
transfer lists:  13.9 megs
0...1...2...3...4...5...6...7...8...9...10	Bounce #1 added RGB(0, 0, 0)
Build Patch/Sample Hash Table(s).....Done<0.0027 sec>
0...1...2...3...4...5...6...7...8...9...10FinalLightFace Done
0 of 0 (0% of) surface lights went in leaf ambient cubes.
0...1...2...3...4...5...6...7...8...9...10Writing leaf ambient...done
Ready to Finish

Object names       Objects/Maxobjs  Memory / Maxmem  Fullness 
------------       ---------------  ---------------  -------- 
models                  28/1024         1344/49152    ( 2.7%) 
brushes                 73/8192          876/98304    ( 0.9%) 
brushsides             530/65536        4240/524288   ( 0.8%) 
planes                 638/65536       12760/1310720  ( 1.0%) 
vertexes               685/65536        8220/786432   ( 1.0%) 
nodes                  362/65536       11584/2097152  ( 0.6%) 
texinfos                97/12288        6984/884736   ( 0.8%) 
texdata                 12/2048          384/65536    ( 0.6%) 
dispinfos                0/0               0/0        ( 0.0%) 
disp_verts               0/0               0/0        ( 0.0%) 
disp_tris                0/0               0/0        ( 0.0%) 
disp_lmsamples           0/0               0/0        ( 0.0%) 
faces                  484/65536       27104/3670016  ( 0.7%) 
hdr faces              484/65536       27104/3670016  ( 0.7%) 
origfaces              316/65536       17696/3670016  ( 0.5%) 
leaves                 391/65536       12512/2097152  ( 0.6%) 
leaffaces              634/65536        1268/131072   ( 1.0%) 
leafbrushes             97/65536         194/131072   ( 0.1%) 
areas                    2/256            16/2048     ( 0.8%) 
surfedges             3479/512000      13916/2048000  ( 0.7%) 
edges                 1827/256000       7308/1024000  ( 0.7%) 
LDR worldlights          4/8192          352/720896   ( 0.0%) 
HDR worldlights          4/8192          352/720896   ( 0.0%) 
leafwaterdata            0/32768           0/393216   ( 0.0%) 
waterstrips             11/32768         110/327680   ( 0.0%) 
waterverts               0/65536           0/786432   ( 0.0%) 
waterindices           150/65536         300/131072   ( 0.2%) 
cubemapsamples           1/1024           16/16384    ( 0.1%) 
overlays                 0/512             0/180224   ( 0.0%) 
LDR lightdata         [variable]     1198192/0        ( 0.0%) 
HDR lightdata         [variable]     1198192/0        ( 0.0%) 
visdata               [variable]         671/16777216 ( 0.0%) 
entdata               [variable]       26083/393216   ( 6.6%) 
LDR ambient table      391/65536        1564/262144   ( 0.6%) 
HDR ambient table      391/65536        1564/262144   ( 0.6%) 
LDR leaf ambient       284/65536        7952/1835008  ( 0.4%) 
HDR leaf ambient       284/65536        7952/1835008  ( 0.4%) 
occluders                0/0               0/0        ( 0.0%) 
occluder polygons        0/0               0/0        ( 0.0%) 
occluder vert ind        0/0               0/0        ( 0.0%) 
detail props          [variable]           1/12       ( 8.3%) 
static props          [variable]           1/12       ( 8.3%) 
pakfile               [variable]      212535/0        ( 0.0%) 
physics               [variable]       37140/4194304  ( 0.9%) 
physics terrain       [variable]           2/1048576  ( 0.0%) 

Level flags = 0

Total triangle count: 1199
Writing c:\program files (x86)\steam\steamapps\common\sourcesdk_content\hl2mp\mapsrc\test.bsp
0 seconds elapsed



materialPath: C:\Program Files (x86)\Steam\steamapps\common\Half-Life 2 Deathmatch\hl2mp\materials
Loading C:\Program Files (x86)\Steam\steamapps\common\sourcesdk_content\hl2mp\mapsrc\test.vmf
Could not locate 'GameData' key in c:\program files (x86)\steam\steamapps\common\half-life 2 deathmatch\hl2mp\gameinfo.txt
Patching WVT material: maps/test/dev/dev_blendmeasure_wvt_patch
fixing up env_cubemap materials on brush sides...
0...1...2...3...4...5...6...7...8...9...100...1...2...3...4...5...6...7...8...9...10Processing areas...done (0)
Building Faces...done (0)
FixTjuncs...
PruneNodes...
WriteBSP...
done (0)
writing C:\Program Files (x86)\Steam\steamapps\common\sourcesdk_content\hl2mp\mapsrc\test.prt...Building visibility clusters...
done (0)
Creating default LDR cubemaps for env_cubemap using skybox materials:
   skybox/sky_day01_01*.vmt
 ! Run buildcubemaps in the engine to get the correct cube maps.
Creating default HDR cubemaps for env_cubemap using skybox materials:
   skybox/sky_day01_01*.vmt
 ! Run buildcubemaps in the engine to get the correct cube maps.
Finding displacement neighbors...
Finding lightmap sample positions...
Displacement Alpha : 0...1...2...3...4...5...6...7...8...9...10
Building Physics collision data...
done (0) (37140 bytes)
Placing detail props : 0...1...2...3...4...5...6...7...8...9...10
Compacting texture/material tables...
Reduced 197 texinfos to 97
Reduced 17 texdatas to 12 (486 bytes to 366)
Writing C:\Program Files (x86)\Steam\steamapps\common\sourcesdk_content\hl2mp\mapsrc\test.bsp
Wrote ZIP buffer, estimated size 213553, actual size 212535
0 seconds elapsed



12 threads
reading c:\program files (x86)\steam\steamapps\common\sourcesdk_content\hl2mp\mapsrc\test.bsp
reading c:\program files (x86)\steam\steamapps\common\sourcesdk_content\hl2mp\mapsrc\test.prt
  37 portalclusters
  98 numportals
0...1...2...3...4...5...6...7...8...9...100...1...2...3...4...5...6...7...8...9...10Optimized: 0 visible clusters (0.00%)
Total clusters visible: 1341
Average clusters visible: 36
Building PAS...
Average clusters audible: 37
visdatasize:671  compressed from 592
writing c:\program files (x86)\steam\steamapps\common\sourcesdk_content\hl2mp\mapsrc\test.bsp
0 seconds elapsed



[Reading texlights from 'lights.rad']
[45 texlights parsed from 'lights.rad']

Loading c:\program files (x86)\steam\steamapps\common\sourcesdk_content\hl2mp\mapsrc\test.bsp
484 faces
35237 square feet [5074270.00 square inches]
0 Displacements
0 Square Feet [0.00 Square Inches]
484 patches before subdivision
13018 patches after subdivision
4 direct lights
0...1...2...3...4...5...6...7...8...9...100...1...2...3...4...5...6...7...8...9...10transfers 1827740, max 356
transfer lists:  13.9 megs
0...1...2...3...4...5...6...7...8...9...10	Bounce #1 added RGB(0, 0, 0)
Build Patch/Sample Hash Table(s).....Done<0.0028 sec>
0...1...2...3...4...5...6...7...8...9...10FinalLightFace Done
0 of 0 (0% of) surface lights went in leaf ambient cubes.
0...1...2...3...4...5...6...7...8...9...10Writing leaf ambient...done
Ready to Finish

Object names       Objects/Maxobjs  Memory / Maxmem  Fullness 
------------       ---------------  ---------------  -------- 
models                  28/1024         1344/49152    ( 2.7%) 
brushes                 73/8192          876/98304    ( 0.9%) 
brushsides             530/65536        4240/524288   ( 0.8%) 
planes                 638/65536       12760/1310720  ( 1.0%) 
vertexes               685/65536        8220/786432   ( 1.0%) 
nodes                  362/65536       11584/2097152  ( 0.6%) 
texinfos                97/12288        6984/884736   ( 0.8%) 
texdata                 12/2048          384/65536    ( 0.6%) 
dispinfos                0/0               0/0        ( 0.0%) 
disp_verts               0/0               0/0        ( 0.0%) 
disp_tris                0/0               0/0        ( 0.0%) 
disp_lmsamples           0/0               0/0        ( 0.0%) 
faces                  484/65536       27104/3670016  ( 0.7%) 
hdr faces                0/65536           0/3670016  ( 0.0%) 
origfaces              316/65536       17696/3670016  ( 0.5%) 
leaves                 391/65536       12512/2097152  ( 0.6%) 
leaffaces              634/65536        1268/131072   ( 1.0%) 
leafbrushes             97/65536         194/131072   ( 0.1%) 
areas                    2/256            16/2048     ( 0.8%) 
surfedges             3479/512000      13916/2048000  ( 0.7%) 
edges                 1827/256000       7308/1024000  ( 0.7%) 
LDR worldlights          4/8192          352/720896   ( 0.0%) 
HDR worldlights          0/8192            0/720896   ( 0.0%) 
leafwaterdata            0/32768           0/393216   ( 0.0%) 
waterstrips             11/32768         110/327680   ( 0.0%) 
waterverts               0/65536           0/786432   ( 0.0%) 
waterindices           150/65536         300/131072   ( 0.2%) 
cubemapsamples           1/1024           16/16384    ( 0.1%) 
overlays                 0/512             0/180224   ( 0.0%) 
LDR lightdata         [variable]     1198192/0        ( 0.0%) 
HDR lightdata         [variable]           0/0        ( 0.0%) 
visdata               [variable]         671/16777216 ( 0.0%) 
entdata               [variable]       26083/393216   ( 6.6%) 
LDR ambient table      391/65536        1564/262144   ( 0.6%) 
HDR ambient table      391/65536        1564/262144   ( 0.6%) 
LDR leaf ambient       284/65536        7952/1835008  ( 0.4%) 
HDR leaf ambient       391/65536       10948/1835008  ( 0.6%) 
occluders                0/0               0/0        ( 0.0%) 
occluder polygons        0/0               0/0        ( 0.0%) 
occluder vert ind        0/0               0/0        ( 0.0%) 
detail props          [variable]           1/12       ( 8.3%) 
static props          [variable]           1/12       ( 8.3%) 
pakfile               [variable]      212535/0        ( 0.0%) 
physics               [variable]       37140/4194304  ( 0.9%) 
physics terrain       [variable]           2/1048576  ( 0.0%) 

Level flags = 0

Total triangle count: 1199
Writing c:\program files (x86)\steam\steamapps\common\sourcesdk_content\hl2mp\mapsrc\test.bsp
0 seconds elapsed



[Reading texlights from 'lights.rad']
[45 texlights parsed from 'lights.rad']

Loading c:\program files (x86)\steam\steamapps\common\sourcesdk_content\hl2mp\mapsrc\test.bsp
484 faces
35237 square feet [5074270.00 square inches]
0 Displacements
0 Square Feet [0.00 Square Inches]
484 patches before subdivision
13018 patches after subdivision
4 direct lights
0...1...2...3...4...5...6...7...8...9...100...1...2...3...4...5...6...7...8...9...10transfers 1827740, max 356
transfer lists:  13.9 megs
0...1...2...3...4...5...6...7...8...9...10	Bounce #1 added RGB(0, 0, 0)
Build Patch/Sample Hash Table(s).....Done<0.0028 sec>
0...1...2...3...4...5...6...7...8...9...10FinalLightFace Done
0 of 0 (0% of) surface lights went in leaf ambient cubes.
0...1...2...3...4...5...6...7...8...9...10Writing leaf ambient...done
Ready to Finish

Object names       Objects/Maxobjs  Memory / Maxmem  Fullness 
------------       ---------------  ---------------  -------- 
models                  28/1024         1344/49152    ( 2.7%) 
brushes                 73/8192          876/98304    ( 0.9%) 
brushsides             530/65536        4240/524288   ( 0.8%) 
planes                 638/65536       12760/1310720  ( 1.0%) 
vertexes               685/65536        8220/786432   ( 1.0%) 
nodes                  362/65536       11584/2097152  ( 0.6%) 
texinfos                97/12288        6984/884736   ( 0.8%) 
texdata                 12/2048          384/65536    ( 0.6%) 
dispinfos                0/0               0/0        ( 0.0%) 
disp_verts               0/0               0/0        ( 0.0%) 
disp_tris                0/0               0/0        ( 0.0%) 
disp_lmsamples           0/0               0/0        ( 0.0%) 
faces                  484/65536       27104/3670016  ( 0.7%) 
hdr faces              484/65536       27104/3670016  ( 0.7%) 
origfaces              316/65536       17696/3670016  ( 0.5%) 
leaves                 391/65536       12512/2097152  ( 0.6%) 
leaffaces              634/65536        1268/131072   ( 1.0%) 
leafbrushes             97/65536         194/131072   ( 0.1%) 
areas                    2/256            16/2048     ( 0.8%) 
surfedges             3479/512000      13916/2048000  ( 0.7%) 
edges                 1827/256000       7308/1024000  ( 0.7%) 
LDR worldlights          4/8192          352/720896   ( 0.0%) 
HDR worldlights          4/8192          352/720896   ( 0.0%) 
leafwaterdata            0/32768           0/393216   ( 0.0%) 
waterstrips             11/32768         110/327680   ( 0.0%) 
waterverts               0/65536           0/786432   ( 0.0%) 
waterindices           150/65536         300/131072   ( 0.2%) 
cubemapsamples           1/1024           16/16384    ( 0.1%) 
overlays                 0/512             0/180224   ( 0.0%) 
LDR lightdata         [variable]     1198192/0        ( 0.0%) 
HDR lightdata         [variable]     1198192/0        ( 0.0%) 
visdata               [variable]         671/16777216 ( 0.0%) 
entdata               [variable]       26083/393216   ( 6.6%) 
LDR ambient table      391/65536        1564/262144   ( 0.6%) 
HDR ambient table      391/65536        1564/262144   ( 0.6%) 
LDR leaf ambient       284/65536        7952/1835008  ( 0.4%) 
HDR leaf ambient       284/65536        7952/1835008  ( 0.4%) 
occluders                0/0               0/0        ( 0.0%) 
occluder polygons        0/0               0/0        ( 0.0%) 
occluder vert ind        0/0               0/0        ( 0.0%) 
detail props          [variable]           1/12       ( 8.3%) 
static props          [variable]           1/12       ( 8.3%) 
pakfile               [variable]      212535/0        ( 0.0%) 
physics               [variable]       37140/4194304  ( 0.9%) 
physics terrain       [variable]           2/1048576  ( 0.0%) 

Level flags = 0

Total triangle count: 1199
Writing c:\program files (x86)\steam\steamapps\common\sourcesdk_content\hl2mp\mapsrc\test.bsp
1 second elapsed



materialPath: C:\Program Files (x86)\Steam\steamapps\common\Half-Life 2 Deathmatch\hl2mp\materials
Loading C:\Program Files (x86)\Steam\steamapps\common\sourcesdk_content\hl2mp\mapsrc\test.vmf
Could not locate 'GameData' key in c:\program files (x86)\steam\steamapps\common\half-life 2 deathmatch\hl2mp\gameinfo.txt
Patching WVT material: maps/test/dev/dev_blendmeasure_wvt_patch
fixing up env_cubemap materials on brush sides...
0...1...2...3...4...5...6...7...8...9...100...1...2...3...4...5...6...7...8...9...10Processing areas...done (0)
Building Faces...done (0)
FixTjuncs...
PruneNodes...
WriteBSP...
done (0)
writing C:\Program Files (x86)\Steam\steamapps\common\sourcesdk_content\hl2mp\mapsrc\test.prt...Building visibility clusters...
done (0)
Creating default LDR cubemaps for env_cubemap using skybox materials:
   skybox/sky_day01_01*.vmt
 ! Run buildcubemaps in the engine to get the correct cube maps.
Creating default HDR cubemaps for env_cubemap using skybox materials:
   skybox/sky_day01_01*.vmt
 ! Run buildcubemaps in the engine to get the correct cube maps.
Finding displacement neighbors...
Finding lightmap sample positions...
Displacement Alpha : 0...1...2...3...4...5...6...7...8...9...10
Building Physics collision data...
done (0) (37140 bytes)
Placing detail props : 0...1...2...3...4...5...6...7...8...9...10
Compacting texture/material tables...
Reduced 197 texinfos to 97
Reduced 17 texdatas to 12 (486 bytes to 366)
Writing C:\Program Files (x86)\Steam\steamapps\common\sourcesdk_content\hl2mp\mapsrc\test.bsp
Wrote ZIP buffer, estimated size 213553, actual size 212535
0 seconds elapsed



12 threads
reading c:\program files (x86)\steam\steamapps\common\sourcesdk_content\hl2mp\mapsrc\test.bsp
reading c:\program files (x86)\steam\steamapps\common\sourcesdk_content\hl2mp\mapsrc\test.prt
  37 portalclusters
  98 numportals
0...1...2...3...4...5...6...7...8...9...100...1...2...3...4...5...6...7...8...9...10Optimized: 0 visible clusters (0.00%)
Total clusters visible: 1341
Average clusters visible: 36
Building PAS...
Average clusters audible: 37
visdatasize:671  compressed from 592
writing c:\program files (x86)\steam\steamapps\common\sourcesdk_content\hl2mp\mapsrc\test.bsp
0 seconds elapsed



[Reading texlights from 'lights.rad']
[45 texlights parsed from 'lights.rad']

Loading c:\program files (x86)\steam\steamapps\common\sourcesdk_content\hl2mp\mapsrc\test.bsp
484 faces
35237 square feet [5074270.00 square inches]
0 Displacements
0 Square Feet [0.00 Square Inches]
484 patches before subdivision
13018 patches after subdivision
4 direct lights
0...1...2...3...4...5...6...7...8...9...100...1...2...3...4...5...6...7...8...9...10transfers 1827740, max 356
transfer lists:  13.9 megs
0...1...2...3...4...5...6...7...8...9...10	Bounce #1 added RGB(0, 0, 0)
Build Patch/Sample Hash Table(s).....Done<0.0029 sec>
0...1...2...3...4...5...6...7...8...9...10FinalLightFace Done
0 of 0 (0% of) surface lights went in leaf ambient cubes.
0...1...2...3...4...5...6...7...8...9...10Writing leaf ambient...done
Ready to Finish

Object names       Objects/Maxobjs  Memory / Maxmem  Fullness 
------------       ---------------  ---------------  -------- 
models                  28/1024         1344/49152    ( 2.7%) 
brushes                 73/8192          876/98304    ( 0.9%) 
brushsides             530/65536        4240/524288   ( 0.8%) 
planes                 638/65536       12760/1310720  ( 1.0%) 
vertexes               685/65536        8220/786432   ( 1.0%) 
nodes                  362/65536       11584/2097152  ( 0.6%) 
texinfos                97/12288        6984/884736   ( 0.8%) 
texdata                 12/2048          384/65536    ( 0.6%) 
dispinfos                0/0               0/0        ( 0.0%) 
disp_verts               0/0               0/0        ( 0.0%) 
disp_tris                0/0               0/0        ( 0.0%) 
disp_lmsamples           0/0               0/0        ( 0.0%) 
faces                  484/65536       27104/3670016  ( 0.7%) 
hdr faces                0/65536           0/3670016  ( 0.0%) 
origfaces              316/65536       17696/3670016  ( 0.5%) 
leaves                 391/65536       12512/2097152  ( 0.6%) 
leaffaces              634/65536        1268/131072   ( 1.0%) 
leafbrushes             97/65536         194/131072   ( 0.1%) 
areas                    2/256            16/2048     ( 0.8%) 
surfedges             3479/512000      13916/2048000  ( 0.7%) 
edges                 1827/256000       7308/1024000  ( 0.7%) 
LDR worldlights          4/8192          352/720896   ( 0.0%) 
HDR worldlights          0/8192            0/720896   ( 0.0%) 
leafwaterdata            0/32768           0/393216   ( 0.0%) 
waterstrips             11/32768         110/327680   ( 0.0%) 
waterverts               0/65536           0/786432   ( 0.0%) 
waterindices           150/65536         300/131072   ( 0.2%) 
cubemapsamples           1/1024           16/16384    ( 0.1%) 
overlays                 0/512             0/180224   ( 0.0%) 
LDR lightdata         [variable]     1198192/0        ( 0.0%) 
HDR lightdata         [variable]           0/0        ( 0.0%) 
visdata               [variable]         671/16777216 ( 0.0%) 
entdata               [variable]       26083/393216   ( 6.6%) 
LDR ambient table      391/65536        1564/262144   ( 0.6%) 
HDR ambient table      391/65536        1564/262144   ( 0.6%) 
LDR leaf ambient       284/65536        7952/1835008  ( 0.4%) 
HDR leaf ambient       391/65536       10948/1835008  ( 0.6%) 
occluders                0/0               0/0        ( 0.0%) 
occluder polygons        0/0               0/0        ( 0.0%) 
occluder vert ind        0/0               0/0        ( 0.0%) 
detail props          [variable]           1/12       ( 8.3%) 
static props          [variable]           1/12       ( 8.3%) 
pakfile               [variable]      212535/0        ( 0.0%) 
physics               [variable]       37140/4194304  ( 0.9%) 
physics terrain       [variable]           2/1048576  ( 0.0%) 

Level flags = 0

Total triangle count: 1199
Writing c:\program files (x86)\steam\steamapps\common\sourcesdk_content\hl2mp\mapsrc\test.bsp
0 seconds elapsed



[Reading texlights from 'lights.rad']
[45 texlights parsed from 'lights.rad']

Loading c:\program files (x86)\steam\steamapps\common\sourcesdk_content\hl2mp\mapsrc\test.bsp
484 faces
35237 square feet [5074270.00 square inches]
0 Displacements
0 Square Feet [0.00 Square Inches]
484 patches before subdivision
13018 patches after subdivision
4 direct lights
0...1...2...3...4...5...6...7...8...9...100...1...2...3...4...5...6...7...8...9...10transfers 1827740, max 356
transfer lists:  13.9 megs
0...1...2...3...4...5...6...7...8...9...10	Bounce #1 added RGB(0, 0, 0)
Build Patch/Sample Hash Table(s).....Done<0.0027 sec>
0...1...2...3...4...5...6...7...8...9...10FinalLightFace Done
0 of 0 (0% of) surface lights went in leaf ambient cubes.
0...1...2...3...4...5...6...7...8...9...10Writing leaf ambient...done
Ready to Finish

Object names       Objects/Maxobjs  Memory / Maxmem  Fullness 
------------       ---------------  ---------------  -------- 
models                  28/1024         1344/49152    ( 2.7%) 
brushes                 73/8192          876/98304    ( 0.9%) 
brushsides             530/65536        4240/524288   ( 0.8%) 
planes                 638/65536       12760/1310720  ( 1.0%) 
vertexes               685/65536        8220/786432   ( 1.0%) 
nodes                  362/65536       11584/2097152  ( 0.6%) 
texinfos                97/12288        6984/884736   ( 0.8%) 
texdata                 12/2048          384/65536    ( 0.6%) 
dispinfos                0/0               0/0        ( 0.0%) 
disp_verts               0/0               0/0        ( 0.0%) 
disp_tris                0/0               0/0        ( 0.0%) 
disp_lmsamples           0/0               0/0        ( 0.0%) 
faces                  484/65536       27104/3670016  ( 0.7%) 
hdr faces              484/65536       27104/3670016  ( 0.7%) 
origfaces              316/65536       17696/3670016  ( 0.5%) 
leaves                 391/65536       12512/2097152  ( 0.6%) 
leaffaces              634/65536        1268/131072   ( 1.0%) 
leafbrushes             97/65536         194/131072   ( 0.1%) 
areas                    2/256            16/2048     ( 0.8%) 
surfedges             3479/512000      13916/2048000  ( 0.7%) 
edges                 1827/256000       7308/1024000  ( 0.7%) 
LDR worldlights          4/8192          352/720896   ( 0.0%) 
HDR worldlights          4/8192          352/720896   ( 0.0%) 
leafwaterdata            0/32768           0/393216   ( 0.0%) 
waterstrips             11/32768         110/327680   ( 0.0%) 
waterverts               0/65536           0/786432   ( 0.0%) 
waterindices           150/65536         300/131072   ( 0.2%) 
cubemapsamples           1/1024           16/16384    ( 0.1%) 
overlays                 0/512             0/180224   ( 0.0%) 
LDR lightdata         [variable]     1198192/0        ( 0.0%) 
HDR lightdata         [variable]     1198192/0        ( 0.0%) 
visdata               [variable]         671/16777216 ( 0.0%) 
entdata               [variable]       26083/393216   ( 6.6%) 
LDR ambient table      391/65536        1564/262144   ( 0.6%) 
HDR ambient table      391/65536        1564/262144   ( 0.6%) 
LDR leaf ambient       284/65536        7952/1835008  ( 0.4%) 
HDR leaf ambient       284/65536        7952/1835008  ( 0.4%) 
occluders                0/0               0/0        ( 0.0%) 
occluder polygons        0/0               0/0        ( 0.0%) 
occluder vert ind        0/0               0/0        ( 0.0%) 
detail props          [variable]           1/12       ( 8.3%) 
static props          [variable]           1/12       ( 8.3%) 
pakfile               [variable]      212535/0        ( 0.0%) 
physics               [variable]       37140/4194304  ( 0.9%) 
physics terrain       [variable]           2/1048576  ( 0.0%) 

Level flags = 0

Total triangle count: 1199
Writing c:\program files (x86)\steam\steamapps\common\sourcesdk_content\hl2mp\mapsrc\test.bsp
0 seconds elapsed



materialPath: C:\Program Files (x86)\Steam\steamapps\common\Half-Life 2 Deathmatch\hl2mp\materials
Loading C:\Program Files (x86)\Steam\steamapps\common\sourcesdk_content\hl2mp\mapsrc\test.vmf
Could not locate 'GameData' key in c:\program files (x86)\steam\steamapps\common\half-life 2 deathmatch\hl2mp\gameinfo.txt
Patching WVT material: maps/test/dev/dev_blendmeasure_wvt_patch
fixing up env_cubemap materials on brush sides...
0...1...2...3...4...5...6...7...8...9...100...1...2...3...4...5...6...7...8...9...10Processing areas...done (0)
Building Faces...done (0)
FixTjuncs...
PruneNodes...
WriteBSP...
done (0)
writing C:\Program Files (x86)\Steam\steamapps\common\sourcesdk_content\hl2mp\mapsrc\test.prt...Building visibility clusters...
done (0)
Creating default LDR cubemaps for env_cubemap using skybox materials:
   skybox/sky_day01_01*.vmt
 ! Run buildcubemaps in the engine to get the correct cube maps.
Creating default HDR cubemaps for env_cubemap using skybox materials:
   skybox/sky_day01_01*.vmt
 ! Run buildcubemaps in the engine to get the correct cube maps.
Finding displacement neighbors...
Finding lightmap sample positions...
Displacement Alpha : 0...1...2...3...4...5...6...7...8...9...10
Building Physics collision data...
done (0) (37140 bytes)
Placing detail props : 0...1...2...3...4...5...6...7...8...9...10
Compacting texture/material tables...
Reduced 197 texinfos to 97
Reduced 17 texdatas to 12 (486 bytes to 366)
Writing C:\Program Files (x86)\Steam\steamapps\common\sourcesdk_content\hl2mp\mapsrc\test.bsp
Wrote ZIP buffer, estimated size 213553, actual size 212535
0 seconds elapsed



12 threads
reading c:\program files (x86)\steam\steamapps\common\sourcesdk_content\hl2mp\mapsrc\test.bsp
reading c:\program files (x86)\steam\steamapps\common\sourcesdk_content\hl2mp\mapsrc\test.prt
  37 portalclusters
  98 numportals
0...1...2...3...4...5...6...7...8...9...100...1...2...3...4...5...6...7...8...9...10Optimized: 0 visible clusters (0.00%)
Total clusters visible: 1341
Average clusters visible: 36
Building PAS...
Average clusters audible: 37
visdatasize:671  compressed from 592
writing c:\program files (x86)\steam\steamapps\common\sourcesdk_content\hl2mp\mapsrc\test.bsp
0 seconds elapsed



[Reading texlights from 'lights.rad']
[45 texlights parsed from 'lights.rad']

Loading c:\program files (x86)\steam\steamapps\common\sourcesdk_content\hl2mp\mapsrc\test.bsp
484 faces
35237 square feet [5074270.00 square inches]
0 Displacements
0 Square Feet [0.00 Square Inches]
484 patches before subdivision
13018 patches after subdivision
4 direct lights
0...1...2...3...4...5...6...7...8...9...100...1...2...3...4...5...6...7...8...9...10transfers 1827740, max 356
transfer lists:  13.9 megs
0...1...2...3...4...5...6...7...8...9...10	Bounce #1 added RGB(0, 0, 0)
Build Patch/Sample Hash Table(s).....Done<0.0028 sec>
0...1...2...3...4...5...6...7...8...9...10FinalLightFace Done
0 of 0 (0% of) surface lights went in leaf ambient cubes.
0...1...2...3...4...5...6...7...8...9...10Writing leaf ambient...done
Ready to Finish

Object names       Objects/Maxobjs  Memory / Maxmem  Fullness 
------------       ---------------  ---------------  -------- 
models                  28/1024         1344/49152    ( 2.7%) 
brushes                 73/8192          876/98304    ( 0.9%) 
brushsides             530/65536        4240/524288   ( 0.8%) 
planes                 638/65536       12760/1310720  ( 1.0%) 
vertexes               685/65536        8220/786432   ( 1.0%) 
nodes                  362/65536       11584/2097152  ( 0.6%) 
texinfos                97/12288        6984/884736   ( 0.8%) 
texdata                 12/2048          384/65536    ( 0.6%) 
dispinfos                0/0               0/0        ( 0.0%) 
disp_verts               0/0               0/0        ( 0.0%) 
disp_tris                0/0               0/0        ( 0.0%) 
disp_lmsamples           0/0               0/0        ( 0.0%) 
faces                  484/65536       27104/3670016  ( 0.7%) 
hdr faces                0/65536           0/3670016  ( 0.0%) 
origfaces              316/65536       17696/3670016  ( 0.5%) 
leaves                 391/65536       12512/2097152  ( 0.6%) 
leaffaces              634/65536        1268/131072   ( 1.0%) 
leafbrushes             97/65536         194/131072   ( 0.1%) 
areas                    2/256            16/2048     ( 0.8%) 
surfedges             3479/512000      13916/2048000  ( 0.7%) 
edges                 1827/256000       7308/1024000  ( 0.7%) 
LDR worldlights          4/8192          352/720896   ( 0.0%) 
HDR worldlights          0/8192            0/720896   ( 0.0%) 
leafwaterdata            0/32768           0/393216   ( 0.0%) 
waterstrips             11/32768         110/327680   ( 0.0%) 
waterverts               0/65536           0/786432   ( 0.0%) 
waterindices           150/65536         300/131072   ( 0.2%) 
cubemapsamples           1/1024           16/16384    ( 0.1%) 
overlays                 0/512             0/180224   ( 0.0%) 
LDR lightdata         [variable]     1198192/0        ( 0.0%) 
HDR lightdata         [variable]           0/0        ( 0.0%) 
visdata               [variable]         671/16777216 ( 0.0%) 
entdata               [variable]       26081/393216   ( 6.6%) 
LDR ambient table      391/65536        1564/262144   ( 0.6%) 
HDR ambient table      391/65536        1564/262144   ( 0.6%) 
LDR leaf ambient       284/65536        7952/1835008  ( 0.4%) 
HDR leaf ambient       391/65536       10948/1835008  ( 0.6%) 
occluders                0/0               0/0        ( 0.0%) 
occluder polygons        0/0               0/0        ( 0.0%) 
occluder vert ind        0/0               0/0        ( 0.0%) 
detail props          [variable]           1/12       ( 8.3%) 
static props          [variable]           1/12       ( 8.3%) 
pakfile               [variable]      212535/0        ( 0.0%) 
physics               [variable]       37140/4194304  ( 0.9%) 
physics terrain       [variable]           2/1048576  ( 0.0%) 

Level flags = 0

Total triangle count: 1199
Writing c:\program files (x86)\steam\steamapps\common\sourcesdk_content\hl2mp\mapsrc\test.bsp
0 seconds elapsed



[Reading texlights from 'lights.rad']
[45 texlights parsed from 'lights.rad']

Loading c:\program files (x86)\steam\steamapps\common\sourcesdk_content\hl2mp\mapsrc\test.bsp
484 faces
35237 square feet [5074270.00 square inches]
0 Displacements
0 Square Feet [0.00 Square Inches]
484 patches before subdivision
13018 patches after subdivision
4 direct lights
0...1...2...3...4...5...6...7...8...9...100...1...2...3...4...5...6...7...8...9...10transfers 1827740, max 356
transfer lists:  13.9 megs
0...1...2...3...4...5...6...7...8...9...10	Bounce #1 added RGB(0, 0, 0)
Build Patch/Sample Hash Table(s).....Done<0.0028 sec>
0...1...2...3...4...5...6...7...8...9...10FinalLightFace Done
0 of 0 (0% of) surface lights went in leaf ambient cubes.
0...1...2...3...4...5...6...7...8...9...10Writing leaf ambient...done
Ready to Finish

Object names       Objects/Maxobjs  Memory / Maxmem  Fullness 
------------       ---------------  ---------------  -------- 
models                  28/1024         1344/49152    ( 2.7%) 
brushes                 73/8192          876/98304    ( 0.9%) 
brushsides             530/65536        4240/524288   ( 0.8%) 
planes                 638/65536       12760/1310720  ( 1.0%) 
vertexes               685/65536        8220/786432   ( 1.0%) 
nodes                  362/65536       11584/2097152  ( 0.6%) 
texinfos                97/12288        6984/884736   ( 0.8%) 
texdata                 12/2048          384/65536    ( 0.6%) 
dispinfos                0/0               0/0        ( 0.0%) 
disp_verts               0/0               0/0        ( 0.0%) 
disp_tris                0/0               0/0        ( 0.0%) 
disp_lmsamples           0/0               0/0        ( 0.0%) 
faces                  484/65536       27104/3670016  ( 0.7%) 
hdr faces              484/65536       27104/3670016  ( 0.7%) 
origfaces              316/65536       17696/3670016  ( 0.5%) 
leaves                 391/65536       12512/2097152  ( 0.6%) 
leaffaces              634/65536        1268/131072   ( 1.0%) 
leafbrushes             97/65536         194/131072   ( 0.1%) 
areas                    2/256            16/2048     ( 0.8%) 
surfedges             3479/512000      13916/2048000  ( 0.7%) 
edges                 1827/256000       7308/1024000  ( 0.7%) 
LDR worldlights          4/8192          352/720896   ( 0.0%) 
HDR worldlights          4/8192          352/720896   ( 0.0%) 
leafwaterdata            0/32768           0/393216   ( 0.0%) 
waterstrips             11/32768         110/327680   ( 0.0%) 
waterverts               0/65536           0/786432   ( 0.0%) 
waterindices           150/65536         300/131072   ( 0.2%) 
cubemapsamples           1/1024           16/16384    ( 0.1%) 
overlays                 0/512             0/180224   ( 0.0%) 
LDR lightdata         [variable]     1198192/0        ( 0.0%) 
HDR lightdata         [variable]     1198192/0        ( 0.0%) 
visdata               [variable]         671/16777216 ( 0.0%) 
entdata               [variable]       26081/393216   ( 6.6%) 
LDR ambient table      391/65536        1564/262144   ( 0.6%) 
HDR ambient table      391/65536        1564/262144   ( 0.6%) 
LDR leaf ambient       284/65536        7952/1835008  ( 0.4%) 
HDR leaf ambient       284/65536        7952/1835008  ( 0.4%) 
occluders                0/0               0/0        ( 0.0%) 
occluder polygons        0/0               0/0        ( 0.0%) 
occluder vert ind        0/0               0/0        ( 0.0%) 
detail props          [variable]           1/12       ( 8.3%) 
static props          [variable]           1/12       ( 8.3%) 
pakfile               [variable]      212535/0        ( 0.0%) 
physics               [variable]       37140/4194304  ( 0.9%) 
physics terrain       [variable]           2/1048576  ( 0.0%) 

Level flags = 0

Total triangle count: 1199
Writing c:\program files (x86)\steam\steamapps\common\sourcesdk_content\hl2mp\mapsrc\test.bsp
0 seconds elapsed



materialPath: C:\Program Files (x86)\Steam\steamapps\common\Half-Life 2 Deathmatch\hl2mp\materials
Loading C:\Program Files (x86)\Steam\steamapps\common\sourcesdk_content\hl2mp\mapsrc\test.vmf
Could not locate 'GameData' key in c:\program files (x86)\steam\steamapps\common\half-life 2 deathmatch\hl2mp\gameinfo.txt
Patching WVT material: maps/test/dev/dev_blendmeasure_wvt_patch
fixing up env_cubemap materials on brush sides...
0...1...2...3...4...5...6...7...8...9...100...1...2...3...4...5...6...7...8...9...10Processing areas...done (0)
Building Faces...done (0)
FixTjuncs...
PruneNodes...
WriteBSP...
done (0)
writing C:\Program Files (x86)\Steam\steamapps\common\sourcesdk_content\hl2mp\mapsrc\test.prt...Building visibility clusters...
done (0)
Creating default LDR cubemaps for env_cubemap using skybox materials:
   skybox/sky_day01_01*.vmt
 ! Run buildcubemaps in the engine to get the correct cube maps.
Creating default HDR cubemaps for env_cubemap using skybox materials:
   skybox/sky_day01_01*.vmt
 ! Run buildcubemaps in the engine to get the correct cube maps.
Finding displacement neighbors...
Finding lightmap sample positions...
Displacement Alpha : 0...1...2...3...4...5...6...7...8...9...10
Building Physics collision data...
done (0) (37140 bytes)
Placing detail props : 0...1...2...3...4...5...6...7...8...9...10
Compacting texture/material tables...
Reduced 197 texinfos to 97
Reduced 17 texdatas to 12 (486 bytes to 366)
Writing C:\Program Files (x86)\Steam\steamapps\common\sourcesdk_content\hl2mp\mapsrc\test.bsp
Wrote ZIP buffer, estimated size 213553, actual size 212535
0 seconds elapsed



12 threads
reading c:\program files (x86)\steam\steamapps\common\sourcesdk_content\hl2mp\mapsrc\test.bsp
reading c:\program files (x86)\steam\steamapps\common\sourcesdk_content\hl2mp\mapsrc\test.prt
  37 portalclusters
  98 numportals
0...1...2...3...4...5...6...7...8...9...100...1...2...3...4...5...6...7...8...9...10Optimized: 0 visible clusters (0.00%)
Total clusters visible: 1341
Average clusters visible: 36
Building PAS...
Average clusters audible: 37
visdatasize:671  compressed from 592
writing c:\program files (x86)\steam\steamapps\common\sourcesdk_content\hl2mp\mapsrc\test.bsp
0 seconds elapsed



[Reading texlights from 'lights.rad']
[45 texlights parsed from 'lights.rad']

Loading c:\program files (x86)\steam\steamapps\common\sourcesdk_content\hl2mp\mapsrc\test.bsp
484 faces
35237 square feet [5074270.00 square inches]
0 Displacements
0 Square Feet [0.00 Square Inches]
484 patches before subdivision
13018 patches after subdivision
4 direct lights
0...1...2...3...4...5...6...7...8...9...100...1...2...3...4...5...6...7...8...9...10transfers 1827740, max 356
transfer lists:  13.9 megs
0...1...2...3...4...5...6...7...8...9...10	Bounce #1 added RGB(0, 0, 0)
Build Patch/Sample Hash Table(s).....Done<0.0027 sec>
0...1...2...3...4...5...6...7...8...9...10FinalLightFace Done
0 of 0 (0% of) surface lights went in leaf ambient cubes.
0...1...2...3...4...5...6...7...8...9...10Writing leaf ambient...done
Ready to Finish

Object names       Objects/Maxobjs  Memory / Maxmem  Fullness 
------------       ---------------  ---------------  -------- 
models                  28/1024         1344/49152    ( 2.7%) 
brushes                 73/8192          876/98304    ( 0.9%) 
brushsides             530/65536        4240/524288   ( 0.8%) 
planes                 638/65536       12760/1310720  ( 1.0%) 
vertexes               685/65536        8220/786432   ( 1.0%) 
nodes                  362/65536       11584/2097152  ( 0.6%) 
texinfos                97/12288        6984/884736   ( 0.8%) 
texdata                 12/2048          384/65536    ( 0.6%) 
dispinfos                0/0               0/0        ( 0.0%) 
disp_verts               0/0               0/0        ( 0.0%) 
disp_tris                0/0               0/0        ( 0.0%) 
disp_lmsamples           0/0               0/0        ( 0.0%) 
faces                  484/65536       27104/3670016  ( 0.7%) 
hdr faces                0/65536           0/3670016  ( 0.0%) 
origfaces              316/65536       17696/3670016  ( 0.5%) 
leaves                 391/65536       12512/2097152  ( 0.6%) 
leaffaces              634/65536        1268/131072   ( 1.0%) 
leafbrushes             97/65536         194/131072   ( 0.1%) 
areas                    2/256            16/2048     ( 0.8%) 
surfedges             3479/512000      13916/2048000  ( 0.7%) 
edges                 1827/256000       7308/1024000  ( 0.7%) 
LDR worldlights          4/8192          352/720896   ( 0.0%) 
HDR worldlights          0/8192            0/720896   ( 0.0%) 
leafwaterdata            0/32768           0/393216   ( 0.0%) 
waterstrips             11/32768         110/327680   ( 0.0%) 
waterverts               0/65536           0/786432   ( 0.0%) 
waterindices           150/65536         300/131072   ( 0.2%) 
cubemapsamples           1/1024           16/16384    ( 0.1%) 
overlays                 0/512             0/180224   ( 0.0%) 
LDR lightdata         [variable]     1198192/0        ( 0.0%) 
HDR lightdata         [variable]           0/0        ( 0.0%) 
visdata               [variable]         671/16777216 ( 0.0%) 
entdata               [variable]       26081/393216   ( 6.6%) 
LDR ambient table      391/65536        1564/262144   ( 0.6%) 
HDR ambient table      391/65536        1564/262144   ( 0.6%) 
LDR leaf ambient       284/65536        7952/1835008  ( 0.4%) 
HDR leaf ambient       391/65536       10948/1835008  ( 0.6%) 
occluders                0/0               0/0        ( 0.0%) 
occluder polygons        0/0               0/0        ( 0.0%) 
occluder vert ind        0/0               0/0        ( 0.0%) 
detail props          [variable]           1/12       ( 8.3%) 
static props          [variable]           1/12       ( 8.3%) 
pakfile               [variable]      212535/0        ( 0.0%) 
physics               [variable]       37140/4194304  ( 0.9%) 
physics terrain       [variable]           2/1048576  ( 0.0%) 

Level flags = 0

Total triangle count: 1199
Writing c:\program files (x86)\steam\steamapps\common\sourcesdk_content\hl2mp\mapsrc\test.bsp
0 seconds elapsed



[Reading texlights from 'lights.rad']
[45 texlights parsed from 'lights.rad']

Loading c:\program files (x86)\steam\steamapps\common\sourcesdk_content\hl2mp\mapsrc\test.bsp
484 faces
35237 square feet [5074270.00 square inches]
0 Displacements
0 Square Feet [0.00 Square Inches]
484 patches before subdivision
13018 patches after subdivision
4 direct lights
0...1...2...3...4...5...6...7...8...9...100...1...2...3...4...5...6...7...8...9...10transfers 1827740, max 356
transfer lists:  13.9 megs
0...1...2...3...4...5...6...7...8...9...10	Bounce #1 added RGB(0, 0, 0)
Build Patch/Sample Hash Table(s).....Done<0.0028 sec>
0...1...2...3...4...5...6...7...8...9...10FinalLightFace Done
0 of 0 (0% of) surface lights went in leaf ambient cubes.
0...1...2...3...4...5...6...7...8...9...10Writing leaf ambient...done
Ready to Finish

Object names       Objects/Maxobjs  Memory / Maxmem  Fullness 
------------       ---------------  ---------------  -------- 
models                  28/1024         1344/49152    ( 2.7%) 
brushes                 73/8192          876/98304    ( 0.9%) 
brushsides             530/65536        4240/524288   ( 0.8%) 
planes                 638/65536       12760/1310720  ( 1.0%) 
vertexes               685/65536        8220/786432   ( 1.0%) 
nodes                  362/65536       11584/2097152  ( 0.6%) 
texinfos                97/12288        6984/884736   ( 0.8%) 
texdata                 12/2048          384/65536    ( 0.6%) 
dispinfos                0/0               0/0        ( 0.0%) 
disp_verts               0/0               0/0        ( 0.0%) 
disp_tris                0/0               0/0        ( 0.0%) 
disp_lmsamples           0/0               0/0        ( 0.0%) 
faces                  484/65536       27104/3670016  ( 0.7%) 
hdr faces              484/65536       27104/3670016  ( 0.7%) 
origfaces              316/65536       17696/3670016  ( 0.5%) 
leaves                 391/65536       12512/2097152  ( 0.6%) 
leaffaces              634/65536        1268/131072   ( 1.0%) 
leafbrushes             97/65536         194/131072   ( 0.1%) 
areas                    2/256            16/2048     ( 0.8%) 
surfedges             3479/512000      13916/2048000  ( 0.7%) 
edges                 1827/256000       7308/1024000  ( 0.7%) 
LDR worldlights          4/8192          352/720896   ( 0.0%) 
HDR worldlights          4/8192          352/720896   ( 0.0%) 
leafwaterdata            0/32768           0/393216   ( 0.0%) 
waterstrips             11/32768         110/327680   ( 0.0%) 
waterverts               0/65536           0/786432   ( 0.0%) 
waterindices           150/65536         300/131072   ( 0.2%) 
cubemapsamples           1/1024           16/16384    ( 0.1%) 
overlays                 0/512             0/180224   ( 0.0%) 
LDR lightdata         [variable]     1198192/0        ( 0.0%) 
HDR lightdata         [variable]     1198192/0        ( 0.0%) 
visdata               [variable]         671/16777216 ( 0.0%) 
entdata               [variable]       26081/393216   ( 6.6%) 
LDR ambient table      391/65536        1564/262144   ( 0.6%) 
HDR ambient table      391/65536        1564/262144   ( 0.6%) 
LDR leaf ambient       284/65536        7952/1835008  ( 0.4%) 
HDR leaf ambient       284/65536        7952/1835008  ( 0.4%) 
occluders                0/0               0/0        ( 0.0%) 
occluder polygons        0/0               0/0        ( 0.0%) 
occluder vert ind        0/0               0/0        ( 0.0%) 
detail props          [variable]           1/12       ( 8.3%) 
static props          [variable]           1/12       ( 8.3%) 
pakfile               [variable]      212535/0        ( 0.0%) 
physics               [variable]       37140/4194304  ( 0.9%) 
physics terrain       [variable]           2/1048576  ( 0.0%) 

Level flags = 0

Total triangle count: 1199
Writing c:\program files (x86)\steam\steamapps\common\sourcesdk_content\hl2mp\mapsrc\test.bsp
1 second elapsed



materialPath: C:\Program Files (x86)\Steam\steamapps\common\Half-Life 2 Deathmatch\hl2mp\materials
Loading C:\Program Files (x86)\Steam\steamapps\common\sourcesdk_content\hl2mp\mapsrc\test.vmf
Could not locate 'GameData' key in c:\program files (x86)\steam\steamapps\common\half-life 2 deathmatch\hl2mp\gameinfo.txt
Patching WVT material: maps/test/dev/dev_blendmeasure_wvt_patch
fixing up env_cubemap materials on brush sides...
0...1...2...3...4...5...6...7...8...9...100...1...2...3...4...5...6...7...8...9...10Processing areas...done (0)
Building Faces...done (0)
FixTjuncs...
PruneNodes...
WriteBSP...
done (0)
writing C:\Program Files (x86)\Steam\steamapps\common\sourcesdk_content\hl2mp\mapsrc\test.prt...Building visibility clusters...
done (0)
Creating default LDR cubemaps for env_cubemap using skybox materials:
   skybox/sky_day01_01*.vmt
 ! Run buildcubemaps in the engine to get the correct cube maps.
Creating default HDR cubemaps for env_cubemap using skybox materials:
   skybox/sky_day01_01*.vmt
 ! Run buildcubemaps in the engine to get the correct cube maps.
Finding displacement neighbors...
Finding lightmap sample positions...
Displacement Alpha : 0...1...2...3...4...5...6...7...8...9...10
Building Physics collision data...
done (0) (37140 bytes)
Placing detail props : 0...1...2...3...4...5...6...7...8...9...10
Compacting texture/material tables...
Reduced 197 texinfos to 97
Reduced 17 texdatas to 12 (486 bytes to 366)
Writing C:\Program Files (x86)\Steam\steamapps\common\sourcesdk_content\hl2mp\mapsrc\test.bsp
Wrote ZIP buffer, estimated size 213553, actual size 212535
0 seconds elapsed



12 threads
reading c:\program files (x86)\steam\steamapps\common\sourcesdk_content\hl2mp\mapsrc\test.bsp
reading c:\program files (x86)\steam\steamapps\common\sourcesdk_content\hl2mp\mapsrc\test.prt
  37 portalclusters
  98 numportals
0...1...2...3...4...5...6...7...8...9...100...1...2...3...4...5...6...7...8...9...10Optimized: 0 visible clusters (0.00%)
Total clusters visible: 1341
Average clusters visible: 36
Building PAS...
Average clusters audible: 37
visdatasize:671  compressed from 592
writing c:\program files (x86)\steam\steamapps\common\sourcesdk_content\hl2mp\mapsrc\test.bsp
0 seconds elapsed



[Reading texlights from 'lights.rad']
[45 texlights parsed from 'lights.rad']

Loading c:\program files (x86)\steam\steamapps\common\sourcesdk_content\hl2mp\mapsrc\test.bsp
484 faces
35237 square feet [5074270.00 square inches]
0 Displacements
0 Square Feet [0.00 Square Inches]
484 patches before subdivision
13018 patches after subdivision
4 direct lights
0...1...2...3...4...5...6...7...8...9...100...1...2...3...4...5...6...7...8...9...10transfers 1827740, max 356
transfer lists:  13.9 megs
0...1...2...3...4...5...6...7...8...9...10	Bounce #1 added RGB(0, 0, 0)
Build Patch/Sample Hash Table(s).....Done<0.0028 sec>
0...1...2...3...4...5...6...7...8...9...10FinalLightFace Done
0 of 0 (0% of) surface lights went in leaf ambient cubes.
0...1...2...3...4...5...6...7...8...9...10Writing leaf ambient...done
Ready to Finish

Object names       Objects/Maxobjs  Memory / Maxmem  Fullness 
------------       ---------------  ---------------  -------- 
models                  28/1024         1344/49152    ( 2.7%) 
brushes                 73/8192          876/98304    ( 0.9%) 
brushsides             530/65536        4240/524288   ( 0.8%) 
planes                 638/65536       12760/1310720  ( 1.0%) 
vertexes               685/65536        8220/786432   ( 1.0%) 
nodes                  362/65536       11584/2097152  ( 0.6%) 
texinfos                97/12288        6984/884736   ( 0.8%) 
texdata                 12/2048          384/65536    ( 0.6%) 
dispinfos                0/0               0/0        ( 0.0%) 
disp_verts               0/0               0/0        ( 0.0%) 
disp_tris                0/0               0/0        ( 0.0%) 
disp_lmsamples           0/0               0/0        ( 0.0%) 
faces                  484/65536       27104/3670016  ( 0.7%) 
hdr faces                0/65536           0/3670016  ( 0.0%) 
origfaces              316/65536       17696/3670016  ( 0.5%) 
leaves                 391/65536       12512/2097152  ( 0.6%) 
leaffaces              634/65536        1268/131072   ( 1.0%) 
leafbrushes             97/65536         194/131072   ( 0.1%) 
areas                    2/256            16/2048     ( 0.8%) 
surfedges             3479/512000      13916/2048000  ( 0.7%) 
edges                 1827/256000       7308/1024000  ( 0.7%) 
LDR worldlights          4/8192          352/720896   ( 0.0%) 
HDR worldlights          0/8192            0/720896   ( 0.0%) 
leafwaterdata            0/32768           0/393216   ( 0.0%) 
waterstrips             11/32768         110/327680   ( 0.0%) 
waterverts               0/65536           0/786432   ( 0.0%) 
waterindices           150/65536         300/131072   ( 0.2%) 
cubemapsamples           1/1024           16/16384    ( 0.1%) 
overlays                 0/512             0/180224   ( 0.0%) 
LDR lightdata         [variable]     1198192/0        ( 0.0%) 
HDR lightdata         [variable]           0/0        ( 0.0%) 
visdata               [variable]         671/16777216 ( 0.0%) 
entdata               [variable]       26081/393216   ( 6.6%) 
LDR ambient table      391/65536        1564/262144   ( 0.6%) 
HDR ambient table      391/65536        1564/262144   ( 0.6%) 
LDR leaf ambient       284/65536        7952/1835008  ( 0.4%) 
HDR leaf ambient       391/65536       10948/1835008  ( 0.6%) 
occluders                0/0               0/0        ( 0.0%) 
occluder polygons        0/0               0/0        ( 0.0%) 
occluder vert ind        0/0               0/0        ( 0.0%) 
detail props          [variable]           1/12       ( 8.3%) 
static props          [variable]           1/12       ( 8.3%) 
pakfile               [variable]      212535/0        ( 0.0%) 
physics               [variable]       37140/4194304  ( 0.9%) 
physics terrain       [variable]           2/1048576  ( 0.0%) 

Level flags = 0

Total triangle count: 1199
Writing c:\program files (x86)\steam\steamapps\common\sourcesdk_content\hl2mp\mapsrc\test.bsp
0 seconds elapsed



[Reading texlights from 'lights.rad']
[45 texlights parsed from 'lights.rad']

Loading c:\program files (x86)\steam\steamapps\common\sourcesdk_content\hl2mp\mapsrc\test.bsp
484 faces
35237 square feet [5074270.00 square inches]
0 Displacements
0 Square Feet [0.00 Square Inches]
484 patches before subdivision
13018 patches after subdivision
4 direct lights
0...1...2...3...4...5...6...7...8...9...100...1...2...3...4...5...6...7...8...9...10transfers 1827740, max 356
transfer lists:  13.9 megs
0...1...2...3...4...5...6...7...8...9...10	Bounce #1 added RGB(0, 0, 0)
Build Patch/Sample Hash Table(s).....Done<0.0027 sec>
0...1...2...3...4...5...6...7...8...9...10FinalLightFace Done
0 of 0 (0% of) surface lights went in leaf ambient cubes.
0...1...2...3...4...5...6...7...8...9...10Writing leaf ambient...done
Ready to Finish

Object names       Objects/Maxobjs  Memory / Maxmem  Fullness 
------------       ---------------  ---------------  -------- 
models                  28/1024         1344/49152    ( 2.7%) 
brushes                 73/8192          876/98304    ( 0.9%) 
brushsides             530/65536        4240/524288   ( 0.8%) 
planes                 638/65536       12760/1310720  ( 1.0%) 
vertexes               685/65536        8220/786432   ( 1.0%) 
nodes                  362/65536       11584/2097152  ( 0.6%) 
texinfos                97/12288        6984/884736   ( 0.8%) 
texdata                 12/2048          384/65536    ( 0.6%) 
dispinfos                0/0               0/0        ( 0.0%) 
disp_verts               0/0               0/0        ( 0.0%) 
disp_tris                0/0               0/0        ( 0.0%) 
disp_lmsamples           0/0               0/0        ( 0.0%) 
faces                  484/65536       27104/3670016  ( 0.7%) 
hdr faces              484/65536       27104/3670016  ( 0.7%) 
origfaces              316/65536       17696/3670016  ( 0.5%) 
leaves                 391/65536       12512/2097152  ( 0.6%) 
leaffaces              634/65536        1268/131072   ( 1.0%) 
leafbrushes             97/65536         194/131072   ( 0.1%) 
areas                    2/256            16/2048     ( 0.8%) 
surfedges             3479/512000      13916/2048000  ( 0.7%) 
edges                 1827/256000       7308/1024000  ( 0.7%) 
LDR worldlights          4/8192          352/720896   ( 0.0%) 
HDR worldlights          4/8192          352/720896   ( 0.0%) 
leafwaterdata            0/32768           0/393216   ( 0.0%) 
waterstrips             11/32768         110/327680   ( 0.0%) 
waterverts               0/65536           0/786432   ( 0.0%) 
waterindices           150/65536         300/131072   ( 0.2%) 
cubemapsamples           1/1024           16/16384    ( 0.1%) 
overlays                 0/512             0/180224   ( 0.0%) 
LDR lightdata         [variable]     1198192/0        ( 0.0%) 
HDR lightdata         [variable]     1198192/0        ( 0.0%) 
visdata               [variable]         671/16777216 ( 0.0%) 
entdata               [variable]       26081/393216   ( 6.6%) 
LDR ambient table      391/65536        1564/262144   ( 0.6%) 
HDR ambient table      391/65536        1564/262144   ( 0.6%) 
LDR leaf ambient       284/65536        7952/1835008  ( 0.4%) 
HDR leaf ambient       284/65536        7952/1835008  ( 0.4%) 
occluders                0/0               0/0        ( 0.0%) 
occluder polygons        0/0               0/0        ( 0.0%) 
occluder vert ind        0/0               0/0        ( 0.0%) 
detail props          [variable]           1/12       ( 8.3%) 
static props          [variable]           1/12       ( 8.3%) 
pakfile               [variable]      212535/0        ( 0.0%) 
physics               [variable]       37140/4194304  ( 0.9%) 
physics terrain       [variable]           2/1048576  ( 0.0%) 

Level flags = 0

Total triangle count: 1199
Writing c:\program files (x86)\steam\steamapps\common\sourcesdk_content\hl2mp\mapsrc\test.bsp
1 second elapsed



materialPath: C:\Program Files (x86)\Steam\steamapps\common\Half-Life 2 Deathmatch\hl2mp\materials
Loading C:\Program Files (x86)\Steam\steamapps\common\sourcesdk_content\hl2mp\mapsrc\test.vmf
Could not locate 'GameData' key in c:\program files (x86)\steam\steamapps\common\half-life 2 deathmatch\hl2mp\gameinfo.txt
Patching WVT material: maps/test/dev/dev_blendmeasure_wvt_patch
fixing up env_cubemap materials on brush sides...
0...1...2...3...4...5...6...7...8...9...100...1...2...3...4...5...6...7...8...9...10Processing areas...done (0)
Building Faces...done (0)
FixTjuncs...
PruneNodes...
WriteBSP...
done (0)
writing C:\Program Files (x86)\Steam\steamapps\common\sourcesdk_content\hl2mp\mapsrc\test.prt...Building visibility clusters...
done (0)
Creating default LDR cubemaps for env_cubemap using skybox materials:
   skybox/sky_day01_01*.vmt
 ! Run buildcubemaps in the engine to get the correct cube maps.
Creating default HDR cubemaps for env_cubemap using skybox materials:
   skybox/sky_day01_01*.vmt
 ! Run buildcubemaps in the engine to get the correct cube maps.
Finding displacement neighbors...
Finding lightmap sample positions...
Displacement Alpha : 0...1...2...3...4...5...6...7...8...9...10
Building Physics collision data...
done (0) (38963 bytes)
Placing detail props : 0...1...2...3...4...5...6...7...8...9...10
Compacting texture/material tables...
Reduced 217 texinfos to 104
Reduced 18 texdatas to 13 (511 bytes to 391)
Writing C:\Program Files (x86)\Steam\steamapps\common\sourcesdk_content\hl2mp\mapsrc\test.bsp
Wrote ZIP buffer, estimated size 213553, actual size 212535
0 seconds elapsed



12 threads
reading c:\program files (x86)\steam\steamapps\common\sourcesdk_content\hl2mp\mapsrc\test.bsp
reading c:\program files (x86)\steam\steamapps\common\sourcesdk_content\hl2mp\mapsrc\test.prt
  37 portalclusters
  98 numportals
0...1...2...3...4...5...6...7...8...9...100...1...2...3...4...5...6...7...8...9...10Optimized: 0 visible clusters (0.00%)
Total clusters visible: 1341
Average clusters visible: 36
Building PAS...
Average clusters audible: 37
visdatasize:671  compressed from 592
writing c:\program files (x86)\steam\steamapps\common\sourcesdk_content\hl2mp\mapsrc\test.bsp
0 seconds elapsed



[Reading texlights from 'lights.rad']
[45 texlights parsed from 'lights.rad']

Loading c:\program files (x86)\steam\steamapps\common\sourcesdk_content\hl2mp\mapsrc\test.bsp
499 faces
35254 square feet [5076630.00 square inches]
0 Displacements
0 Square Feet [0.00 Square Inches]
499 patches before subdivision
13033 patches after subdivision
4 direct lights
0...1...2...3...4...5...6...7...8...9...100...1...2...3...4...5...6...7...8...9...10transfers 1831234, max 356
transfer lists:  14.0 megs
0...1...2...3...4...5...6...7...8...9...10	Bounce #1 added RGB(0, 0, 0)
Build Patch/Sample Hash Table(s).....Done<0.0027 sec>
0...1...2...3...4...5...6...7...8...9...10FinalLightFace Done
0 of 0 (0% of) surface lights went in leaf ambient cubes.
0...1...2...3...4...5...6...7...8...9...10Writing leaf ambient...done
Ready to Finish

Object names       Objects/Maxobjs  Memory / Maxmem  Fullness 
------------       ---------------  ---------------  -------- 
models                  30/1024         1440/49152    ( 2.9%) 
brushes                 76/8192          912/98304    ( 0.9%) 
brushsides             548/65536        4384/524288   ( 0.8%) 
planes                 680/65536       13600/1310720  ( 1.0%) 
vertexes               713/65536        8556/786432   ( 1.1%) 
nodes                  379/65536       12128/2097152  ( 0.6%) 
texinfos               104/12288        7488/884736   ( 0.8%) 
texdata                 13/2048          416/65536    ( 0.6%) 
dispinfos                0/0               0/0        ( 0.0%) 
disp_verts               0/0               0/0        ( 0.0%) 
disp_tris                0/0               0/0        ( 0.0%) 
disp_lmsamples           0/0               0/0        ( 0.0%) 
faces                  499/65536       27944/3670016  ( 0.8%) 
hdr faces                0/65536           0/3670016  ( 0.0%) 
origfaces              328/65536       18368/3670016  ( 0.5%) 
leaves                 410/65536       13120/2097152  ( 0.6%) 
leaffaces              649/65536        1298/131072   ( 1.0%) 
leafbrushes            100/65536         200/131072   ( 0.2%) 
areas                    2/256            16/2048     ( 0.8%) 
surfedges             3595/512000      14380/2048000  ( 0.7%) 
edges                 1891/256000       7564/1024000  ( 0.7%) 
LDR worldlights          4/8192          352/720896   ( 0.0%) 
HDR worldlights          0/8192            0/720896   ( 0.0%) 
leafwaterdata            0/32768           0/393216   ( 0.0%) 
waterstrips             11/32768         110/327680   ( 0.0%) 
waterverts               0/65536           0/786432   ( 0.0%) 
waterindices           150/65536         300/131072   ( 0.2%) 
cubemapsamples           1/1024           16/16384    ( 0.1%) 
overlays                 0/512             0/180224   ( 0.0%) 
LDR lightdata         [variable]     1198816/0        ( 0.0%) 
HDR lightdata         [variable]           0/0        ( 0.0%) 
visdata               [variable]         671/16777216 ( 0.0%) 
entdata               [variable]       27684/393216   ( 7.0%) 
LDR ambient table      410/65536        1640/262144   ( 0.6%) 
HDR ambient table      410/65536        1640/262144   ( 0.6%) 
LDR leaf ambient       301/65536        8428/1835008  ( 0.5%) 
HDR leaf ambient       410/65536       11480/1835008  ( 0.6%) 
occluders                0/0               0/0        ( 0.0%) 
occluder polygons        0/0               0/0        ( 0.0%) 
occluder vert ind        0/0               0/0        ( 0.0%) 
detail props          [variable]           1/12       ( 8.3%) 
static props          [variable]           1/12       ( 8.3%) 
pakfile               [variable]      212535/0        ( 0.0%) 
physics               [variable]       38963/4194304  ( 0.9%) 
physics terrain       [variable]           2/1048576  ( 0.0%) 

Level flags = 0

Total triangle count: 1237
Writing c:\program files (x86)\steam\steamapps\common\sourcesdk_content\hl2mp\mapsrc\test.bsp
0 seconds elapsed



[Reading texlights from 'lights.rad']
[45 texlights parsed from 'lights.rad']

Loading c:\program files (x86)\steam\steamapps\common\sourcesdk_content\hl2mp\mapsrc\test.bsp
499 faces
35254 square feet [5076630.00 square inches]
0 Displacements
0 Square Feet [0.00 Square Inches]
499 patches before subdivision
13033 patches after subdivision
4 direct lights
0...1...2...3...4...5...6...7...8...9...100...1...2...3...4...5...6...7...8...9...10transfers 1831234, max 356
transfer lists:  14.0 megs
0...1...2...3...4...5...6...7...8...9...10	Bounce #1 added RGB(0, 0, 0)
Build Patch/Sample Hash Table(s).....Done<0.0028 sec>
0...1...2...3...4...5...6...7...8...9...10FinalLightFace Done
0 of 0 (0% of) surface lights went in leaf ambient cubes.
0...1...2...3...4...5...6...7...8...9...10Writing leaf ambient...done
Ready to Finish

Object names       Objects/Maxobjs  Memory / Maxmem  Fullness 
------------       ---------------  ---------------  -------- 
models                  30/1024         1440/49152    ( 2.9%) 
brushes                 76/8192          912/98304    ( 0.9%) 
brushsides             548/65536        4384/524288   ( 0.8%) 
planes                 680/65536       13600/1310720  ( 1.0%) 
vertexes               713/65536        8556/786432   ( 1.1%) 
nodes                  379/65536       12128/2097152  ( 0.6%) 
texinfos               104/12288        7488/884736   ( 0.8%) 
texdata                 13/2048          416/65536    ( 0.6%) 
dispinfos                0/0               0/0        ( 0.0%) 
disp_verts               0/0               0/0        ( 0.0%) 
disp_tris                0/0               0/0        ( 0.0%) 
disp_lmsamples           0/0               0/0        ( 0.0%) 
faces                  499/65536       27944/3670016  ( 0.8%) 
hdr faces              499/65536       27944/3670016  ( 0.8%) 
origfaces              328/65536       18368/3670016  ( 0.5%) 
leaves                 410/65536       13120/2097152  ( 0.6%) 
leaffaces              649/65536        1298/131072   ( 1.0%) 
leafbrushes            100/65536         200/131072   ( 0.2%) 
areas                    2/256            16/2048     ( 0.8%) 
surfedges             3595/512000      14380/2048000  ( 0.7%) 
edges                 1891/256000       7564/1024000  ( 0.7%) 
LDR worldlights          4/8192          352/720896   ( 0.0%) 
HDR worldlights          4/8192          352/720896   ( 0.0%) 
leafwaterdata            0/32768           0/393216   ( 0.0%) 
waterstrips             11/32768         110/327680   ( 0.0%) 
waterverts               0/65536           0/786432   ( 0.0%) 
waterindices           150/65536         300/131072   ( 0.2%) 
cubemapsamples           1/1024           16/16384    ( 0.1%) 
overlays                 0/512             0/180224   ( 0.0%) 
LDR lightdata         [variable]     1198816/0        ( 0.0%) 
HDR lightdata         [variable]     1198816/0        ( 0.0%) 
visdata               [variable]         671/16777216 ( 0.0%) 
entdata               [variable]       27684/393216   ( 7.0%) 
LDR ambient table      410/65536        1640/262144   ( 0.6%) 
HDR ambient table      410/65536        1640/262144   ( 0.6%) 
LDR leaf ambient       301/65536        8428/1835008  ( 0.5%) 
HDR leaf ambient       301/65536        8428/1835008  ( 0.5%) 
occluders                0/0               0/0        ( 0.0%) 
occluder polygons        0/0               0/0        ( 0.0%) 
occluder vert ind        0/0               0/0        ( 0.0%) 
detail props          [variable]           1/12       ( 8.3%) 
static props          [variable]           1/12       ( 8.3%) 
pakfile               [variable]      212535/0        ( 0.0%) 
physics               [variable]       38963/4194304  ( 0.9%) 
physics terrain       [variable]           2/1048576  ( 0.0%) 

Level flags = 0

Total triangle count: 1237
Writing c:\program files (x86)\steam\steamapps\common\sourcesdk_content\hl2mp\mapsrc\test.bsp
0 seconds elapsed



materialPath: C:\Program Files (x86)\Steam\steamapps\common\Half-Life 2 Deathmatch\hl2mp\materials
Loading C:\Program Files (x86)\Steam\steamapps\common\sourcesdk_content\hl2mp\mapsrc\test.vmf
Could not locate 'GameData' key in c:\program files (x86)\steam\steamapps\common\half-life 2 deathmatch\hl2mp\gameinfo.txt
Patching WVT material: maps/test/dev/dev_blendmeasure_wvt_patch
fixing up env_cubemap materials on brush sides...
0...1...2...3...4...5...6...7...8...9...100...1...2...3...4...5...6...7...8...9...10Processing areas...done (0)
Building Faces...done (0)
FixTjuncs...
PruneNodes...
WriteBSP...
done (0)
writing C:\Program Files (x86)\Steam\steamapps\common\sourcesdk_content\hl2mp\mapsrc\test.prt...Building visibility clusters...
done (0)
Creating default LDR cubemaps for env_cubemap using skybox materials:
   skybox/sky_day01_01*.vmt
 ! Run buildcubemaps in the engine to get the correct cube maps.
Creating default HDR cubemaps for env_cubemap using skybox materials:
   skybox/sky_day01_01*.vmt
 ! Run buildcubemaps in the engine to get the correct cube maps.
Finding displacement neighbors...
Finding lightmap sample positions...
Displacement Alpha : 0...1...2...3...4...5...6...7...8...9...10
Building Physics collision data...
done (0) (38963 bytes)
Placing detail props : 0...1...2...3...4...5...6...7...8...9...10
Compacting texture/material tables...
Reduced 217 texinfos to 104
Reduced 18 texdatas to 13 (511 bytes to 391)
Writing C:\Program Files (x86)\Steam\steamapps\common\sourcesdk_content\hl2mp\mapsrc\test.bsp
Wrote ZIP buffer, estimated size 213553, actual size 212535
0 seconds elapsed



12 threads
reading c:\program files (x86)\steam\steamapps\common\sourcesdk_content\hl2mp\mapsrc\test.bsp
reading c:\program files (x86)\steam\steamapps\common\sourcesdk_content\hl2mp\mapsrc\test.prt
  37 portalclusters
  98 numportals
0...1...2...3...4...5...6...7...8...9...100...1...2...3...4...5...6...7...8...9...10Optimized: 0 visible clusters (0.00%)
Total clusters visible: 1341
Average clusters visible: 36
Building PAS...
Average clusters audible: 37
visdatasize:671  compressed from 592
writing c:\program files (x86)\steam\steamapps\common\sourcesdk_content\hl2mp\mapsrc\test.bsp
0 seconds elapsed



[Reading texlights from 'lights.rad']
[45 texlights parsed from 'lights.rad']

Loading c:\program files (x86)\steam\steamapps\common\sourcesdk_content\hl2mp\mapsrc\test.bsp
499 faces
35254 square feet [5076630.00 square inches]
0 Displacements
0 Square Feet [0.00 Square Inches]
499 patches before subdivision
13033 patches after subdivision
4 direct lights
0...1...2...3...4...5...6...7...8...9...100...1...2...3...4...5...6...7...8...9...10transfers 1831234, max 356
transfer lists:  14.0 megs
0...1...2...3...4...5...6...7...8...9...10	Bounce #1 added RGB(0, 0, 0)
Build Patch/Sample Hash Table(s).....Done<0.0029 sec>
0...1...2...3...4...5...6...7...8...9...10FinalLightFace Done
0 of 0 (0% of) surface lights went in leaf ambient cubes.
0...1...2...3...4...5...6...7...8...9...10Writing leaf ambient...done
Ready to Finish

Object names       Objects/Maxobjs  Memory / Maxmem  Fullness 
------------       ---------------  ---------------  -------- 
models                  30/1024         1440/49152    ( 2.9%) 
brushes                 76/8192          912/98304    ( 0.9%) 
brushsides             548/65536        4384/524288   ( 0.8%) 
planes                 680/65536       13600/1310720  ( 1.0%) 
vertexes               713/65536        8556/786432   ( 1.1%) 
nodes                  379/65536       12128/2097152  ( 0.6%) 
texinfos               104/12288        7488/884736   ( 0.8%) 
texdata                 13/2048          416/65536    ( 0.6%) 
dispinfos                0/0               0/0        ( 0.0%) 
disp_verts               0/0               0/0        ( 0.0%) 
disp_tris                0/0               0/0        ( 0.0%) 
disp_lmsamples           0/0               0/0        ( 0.0%) 
faces                  499/65536       27944/3670016  ( 0.8%) 
hdr faces                0/65536           0/3670016  ( 0.0%) 
origfaces              328/65536       18368/3670016  ( 0.5%) 
leaves                 410/65536       13120/2097152  ( 0.6%) 
leaffaces              649/65536        1298/131072   ( 1.0%) 
leafbrushes            100/65536         200/131072   ( 0.2%) 
areas                    2/256            16/2048     ( 0.8%) 
surfedges             3595/512000      14380/2048000  ( 0.7%) 
edges                 1891/256000       7564/1024000  ( 0.7%) 
LDR worldlights          4/8192          352/720896   ( 0.0%) 
HDR worldlights          0/8192            0/720896   ( 0.0%) 
leafwaterdata            0/32768           0/393216   ( 0.0%) 
waterstrips             11/32768         110/327680   ( 0.0%) 
waterverts               0/65536           0/786432   ( 0.0%) 
waterindices           150/65536         300/131072   ( 0.2%) 
cubemapsamples           1/1024           16/16384    ( 0.1%) 
overlays                 0/512             0/180224   ( 0.0%) 
LDR lightdata         [variable]     1198816/0        ( 0.0%) 
HDR lightdata         [variable]           0/0        ( 0.0%) 
visdata               [variable]         671/16777216 ( 0.0%) 
entdata               [variable]       27684/393216   ( 7.0%) 
LDR ambient table      410/65536        1640/262144   ( 0.6%) 
HDR ambient table      410/65536        1640/262144   ( 0.6%) 
LDR leaf ambient       301/65536        8428/1835008  ( 0.5%) 
HDR leaf ambient       410/65536       11480/1835008  ( 0.6%) 
occluders                0/0               0/0        ( 0.0%) 
occluder polygons        0/0               0/0        ( 0.0%) 
occluder vert ind        0/0               0/0        ( 0.0%) 
detail props          [variable]           1/12       ( 8.3%) 
static props          [variable]           1/12       ( 8.3%) 
pakfile               [variable]      212535/0        ( 0.0%) 
physics               [variable]       38963/4194304  ( 0.9%) 
physics terrain       [variable]           2/1048576  ( 0.0%) 

Level flags = 0

Total triangle count: 1237
Writing c:\program files (x86)\steam\steamapps\common\sourcesdk_content\hl2mp\mapsrc\test.bsp
0 seconds elapsed



[Reading texlights from 'lights.rad']
[45 texlights parsed from 'lights.rad']

Loading c:\program files (x86)\steam\steamapps\common\sourcesdk_content\hl2mp\mapsrc\test.bsp
499 faces
35254 square feet [5076630.00 square inches]
0 Displacements
0 Square Feet [0.00 Square Inches]
499 patches before subdivision
13033 patches after subdivision
4 direct lights
0...1...2...3...4...5...6...7...8...9...100...1...2...3...4...5...6...7...8...9...10transfers 1831234, max 356
transfer lists:  14.0 megs
0...1...2...3...4...5...6...7...8...9...10	Bounce #1 added RGB(0, 0, 0)
Build Patch/Sample Hash Table(s).....Done<0.0028 sec>
0...1...2...3...4...5...6...7...8...9...10FinalLightFace Done
0 of 0 (0% of) surface lights went in leaf ambient cubes.
0...1...2...3...4...5...6...7...8...9...10Writing leaf ambient...done
Ready to Finish

Object names       Objects/Maxobjs  Memory / Maxmem  Fullness 
------------       ---------------  ---------------  -------- 
models                  30/1024         1440/49152    ( 2.9%) 
brushes                 76/8192          912/98304    ( 0.9%) 
brushsides             548/65536        4384/524288   ( 0.8%) 
planes                 680/65536       13600/1310720  ( 1.0%) 
vertexes               713/65536        8556/786432   ( 1.1%) 
nodes                  379/65536       12128/2097152  ( 0.6%) 
texinfos               104/12288        7488/884736   ( 0.8%) 
texdata                 13/2048          416/65536    ( 0.6%) 
dispinfos                0/0               0/0        ( 0.0%) 
disp_verts               0/0               0/0        ( 0.0%) 
disp_tris                0/0               0/0        ( 0.0%) 
disp_lmsamples           0/0               0/0        ( 0.0%) 
faces                  499/65536       27944/3670016  ( 0.8%) 
hdr faces              499/65536       27944/3670016  ( 0.8%) 
origfaces              328/65536       18368/3670016  ( 0.5%) 
leaves                 410/65536       13120/2097152  ( 0.6%) 
leaffaces              649/65536        1298/131072   ( 1.0%) 
leafbrushes            100/65536         200/131072   ( 0.2%) 
areas                    2/256            16/2048     ( 0.8%) 
surfedges             3595/512000      14380/2048000  ( 0.7%) 
edges                 1891/256000       7564/1024000  ( 0.7%) 
LDR worldlights          4/8192          352/720896   ( 0.0%) 
HDR worldlights          4/8192          352/720896   ( 0.0%) 
leafwaterdata            0/32768           0/393216   ( 0.0%) 
waterstrips             11/32768         110/327680   ( 0.0%) 
waterverts               0/65536           0/786432   ( 0.0%) 
waterindices           150/65536         300/131072   ( 0.2%) 
cubemapsamples           1/1024           16/16384    ( 0.1%) 
overlays                 0/512             0/180224   ( 0.0%) 
LDR lightdata         [variable]     1198816/0        ( 0.0%) 
HDR lightdata         [variable]     1198816/0        ( 0.0%) 
visdata               [variable]         671/16777216 ( 0.0%) 
entdata               [variable]       27684/393216   ( 7.0%) 
LDR ambient table      410/65536        1640/262144   ( 0.6%) 
HDR ambient table      410/65536        1640/262144   ( 0.6%) 
LDR leaf ambient       301/65536        8428/1835008  ( 0.5%) 
HDR leaf ambient       301/65536        8428/1835008  ( 0.5%) 
occluders                0/0               0/0        ( 0.0%) 
occluder polygons        0/0               0/0        ( 0.0%) 
occluder vert ind        0/0               0/0        ( 0.0%) 
detail props          [variable]           1/12       ( 8.3%) 
static props          [variable]           1/12       ( 8.3%) 
pakfile               [variable]      212535/0        ( 0.0%) 
physics               [variable]       38963/4194304  ( 0.9%) 
physics terrain       [variable]           2/1048576  ( 0.0%) 

Level flags = 0

Total triangle count: 1237
Writing c:\program files (x86)\steam\steamapps\common\sourcesdk_content\hl2mp\mapsrc\test.bsp
0 seconds elapsed



materialPath: C:\Program Files (x86)\Steam\steamapps\common\Half-Life 2 Deathmatch\hl2mp\materials
Loading C:\Program Files (x86)\Steam\steamapps\common\sourcesdk_content\hl2mp\mapsrc\test.vmf
Could not locate 'GameData' key in c:\program files (x86)\steam\steamapps\common\half-life 2 deathmatch\hl2mp\gameinfo.txt
Patching WVT material: maps/test/dev/dev_blendmeasure_wvt_patch
fixing up env_cubemap materials on brush sides...
0...1...2...3...4...5...6...7...8...9...100...1...2...3...4...5...6...7...8...9...10Processing areas...done (0)
Building Faces...done (0)
FixTjuncs...
PruneNodes...
WriteBSP...
done (0)
writing C:\Program Files (x86)\Steam\steamapps\common\sourcesdk_content\hl2mp\mapsrc\test.prt...Building visibility clusters...
done (0)
Creating default LDR cubemaps for env_cubemap using skybox materials:
   skybox/sky_day01_01*.vmt
 ! Run buildcubemaps in the engine to get the correct cube maps.
Creating default HDR cubemaps for env_cubemap using skybox materials:
   skybox/sky_day01_01*.vmt
 ! Run buildcubemaps in the engine to get the correct cube maps.
Finding displacement neighbors...
Finding lightmap sample positions...
Displacement Alpha : 0...1...2...3...4...5...6...7...8...9...10
Building Physics collision data...
done (0) (38963 bytes)
Placing detail props : 0...1...2...3...4...5...6...7...8...9...10
Compacting texture/material tables...
Reduced 217 texinfos to 104
Reduced 18 texdatas to 13 (511 bytes to 391)
Writing C:\Program Files (x86)\Steam\steamapps\common\sourcesdk_content\hl2mp\mapsrc\test.bsp
Wrote ZIP buffer, estimated size 213553, actual size 212535
0 seconds elapsed



12 threads
reading c:\program files (x86)\steam\steamapps\common\sourcesdk_content\hl2mp\mapsrc\test.bsp
reading c:\program files (x86)\steam\steamapps\common\sourcesdk_content\hl2mp\mapsrc\test.prt
  37 portalclusters
  98 numportals
0...1...2...3...4...5...6...7...8...9...100...1...2...3...4...5...6...7...8...9...10Optimized: 0 visible clusters (0.00%)
Total clusters visible: 1341
Average clusters visible: 36
Building PAS...
Average clusters audible: 37
visdatasize:671  compressed from 592
writing c:\program files (x86)\steam\steamapps\common\sourcesdk_content\hl2mp\mapsrc\test.bsp
0 seconds elapsed



[Reading texlights from 'lights.rad']
[45 texlights parsed from 'lights.rad']

Loading c:\program files (x86)\steam\steamapps\common\sourcesdk_content\hl2mp\mapsrc\test.bsp
499 faces
35254 square feet [5076630.00 square inches]
0 Displacements
0 Square Feet [0.00 Square Inches]
499 patches before subdivision
13033 patches after subdivision
4 direct lights
0...1...2...3...4...5...6...7...8...9...100...1...2...3...4...5...6...7...8...9...10transfers 1831234, max 356
transfer lists:  14.0 megs
0...1...2...3...4...5...6...7...8...9...10	Bounce #1 added RGB(0, 0, 0)
Build Patch/Sample Hash Table(s).....Done<0.0028 sec>
0...1...2...3...4...5...6...7...8...9...10FinalLightFace Done
0 of 0 (0% of) surface lights went in leaf ambient cubes.
0...1...2...3...4...5...6...7...8...9...10Writing leaf ambient...done
Ready to Finish

Object names       Objects/Maxobjs  Memory / Maxmem  Fullness 
------------       ---------------  ---------------  -------- 
models                  30/1024         1440/49152    ( 2.9%) 
brushes                 76/8192          912/98304    ( 0.9%) 
brushsides             548/65536        4384/524288   ( 0.8%) 
planes                 680/65536       13600/1310720  ( 1.0%) 
vertexes               713/65536        8556/786432   ( 1.1%) 
nodes                  379/65536       12128/2097152  ( 0.6%) 
texinfos               104/12288        7488/884736   ( 0.8%) 
texdata                 13/2048          416/65536    ( 0.6%) 
dispinfos                0/0               0/0        ( 0.0%) 
disp_verts               0/0               0/0        ( 0.0%) 
disp_tris                0/0               0/0        ( 0.0%) 
disp_lmsamples           0/0               0/0        ( 0.0%) 
faces                  499/65536       27944/3670016  ( 0.8%) 
hdr faces                0/65536           0/3670016  ( 0.0%) 
origfaces              328/65536       18368/3670016  ( 0.5%) 
leaves                 410/65536       13120/2097152  ( 0.6%) 
leaffaces              649/65536        1298/131072   ( 1.0%) 
leafbrushes            100/65536         200/131072   ( 0.2%) 
areas                    2/256            16/2048     ( 0.8%) 
surfedges             3595/512000      14380/2048000  ( 0.7%) 
edges                 1891/256000       7564/1024000  ( 0.7%) 
LDR worldlights          4/8192          352/720896   ( 0.0%) 
HDR worldlights          0/8192            0/720896   ( 0.0%) 
leafwaterdata            0/32768           0/393216   ( 0.0%) 
waterstrips             11/32768         110/327680   ( 0.0%) 
waterverts               0/65536           0/786432   ( 0.0%) 
waterindices           150/65536         300/131072   ( 0.2%) 
cubemapsamples           1/1024           16/16384    ( 0.1%) 
overlays                 0/512             0/180224   ( 0.0%) 
LDR lightdata         [variable]     1198816/0        ( 0.0%) 
HDR lightdata         [variable]           0/0        ( 0.0%) 
visdata               [variable]         671/16777216 ( 0.0%) 
entdata               [variable]       27684/393216   ( 7.0%) 
LDR ambient table      410/65536        1640/262144   ( 0.6%) 
HDR ambient table      410/65536        1640/262144   ( 0.6%) 
LDR leaf ambient       301/65536        8428/1835008  ( 0.5%) 
HDR leaf ambient       410/65536       11480/1835008  ( 0.6%) 
occluders                0/0               0/0        ( 0.0%) 
occluder polygons        0/0               0/0        ( 0.0%) 
occluder vert ind        0/0               0/0        ( 0.0%) 
detail props          [variable]           1/12       ( 8.3%) 
static props          [variable]           1/12       ( 8.3%) 
pakfile               [variable]      212535/0        ( 0.0%) 
physics               [variable]       38963/4194304  ( 0.9%) 
physics terrain       [variable]           2/1048576  ( 0.0%) 

Level flags = 0

Total triangle count: 1237
Writing c:\program files (x86)\steam\steamapps\common\sourcesdk_content\hl2mp\mapsrc\test.bsp
0 seconds elapsed



[Reading texlights from 'lights.rad']
[45 texlights parsed from 'lights.rad']

Loading c:\program files (x86)\steam\steamapps\common\sourcesdk_content\hl2mp\mapsrc\test.bsp
499 faces
35254 square feet [5076630.00 square inches]
0 Displacements
0 Square Feet [0.00 Square Inches]
499 patches before subdivision
13033 patches after subdivision
4 direct lights
0...1...2...3...4...5...6...7...8...9...100...1...2...3...4...5...6...7...8...9...10transfers 1831234, max 356
transfer lists:  14.0 megs
0...1...2...3...4...5...6...7...8...9...10	Bounce #1 added RGB(0, 0, 0)
Build Patch/Sample Hash Table(s).....Done<0.0028 sec>
0...1...2...3...4...5...6...7...8...9...10FinalLightFace Done
0 of 0 (0% of) surface lights went in leaf ambient cubes.
0...1...2...3...4...5...6...7...8...9...10Writing leaf ambient...done
Ready to Finish

Object names       Objects/Maxobjs  Memory / Maxmem  Fullness 
------------       ---------------  ---------------  -------- 
models                  30/1024         1440/49152    ( 2.9%) 
brushes                 76/8192          912/98304    ( 0.9%) 
brushsides             548/65536        4384/524288   ( 0.8%) 
planes                 680/65536       13600/1310720  ( 1.0%) 
vertexes               713/65536        8556/786432   ( 1.1%) 
nodes                  379/65536       12128/2097152  ( 0.6%) 
texinfos               104/12288        7488/884736   ( 0.8%) 
texdata                 13/2048          416/65536    ( 0.6%) 
dispinfos                0/0               0/0        ( 0.0%) 
disp_verts               0/0               0/0        ( 0.0%) 
disp_tris                0/0               0/0        ( 0.0%) 
disp_lmsamples           0/0               0/0        ( 0.0%) 
faces                  499/65536       27944/3670016  ( 0.8%) 
hdr faces              499/65536       27944/3670016  ( 0.8%) 
origfaces              328/65536       18368/3670016  ( 0.5%) 
leaves                 410/65536       13120/2097152  ( 0.6%) 
leaffaces              649/65536        1298/131072   ( 1.0%) 
leafbrushes            100/65536         200/131072   ( 0.2%) 
areas                    2/256            16/2048     ( 0.8%) 
surfedges             3595/512000      14380/2048000  ( 0.7%) 
edges                 1891/256000       7564/1024000  ( 0.7%) 
LDR worldlights          4/8192          352/720896   ( 0.0%) 
HDR worldlights          4/8192          352/720896   ( 0.0%) 
leafwaterdata            0/32768           0/393216   ( 0.0%) 
waterstrips             11/32768         110/327680   ( 0.0%) 
waterverts               0/65536           0/786432   ( 0.0%) 
waterindices           150/65536         300/131072   ( 0.2%) 
cubemapsamples           1/1024           16/16384    ( 0.1%) 
overlays                 0/512             0/180224   ( 0.0%) 
LDR lightdata         [variable]     1198816/0        ( 0.0%) 
HDR lightdata         [variable]     1198816/0        ( 0.0%) 
visdata               [variable]         671/16777216 ( 0.0%) 
entdata               [variable]       27684/393216   ( 7.0%) 
LDR ambient table      410/65536        1640/262144   ( 0.6%) 
HDR ambient table      410/65536        1640/262144   ( 0.6%) 
LDR leaf ambient       301/65536        8428/1835008  ( 0.5%) 
HDR leaf ambient       301/65536        8428/1835008  ( 0.5%) 
occluders                0/0               0/0        ( 0.0%) 
occluder polygons        0/0               0/0        ( 0.0%) 
occluder vert ind        0/0               0/0        ( 0.0%) 
detail props          [variable]           1/12       ( 8.3%) 
static props          [variable]           1/12       ( 8.3%) 
pakfile               [variable]      212535/0        ( 0.0%) 
physics               [variable]       38963/4194304  ( 0.9%) 
physics terrain       [variable]           2/1048576  ( 0.0%) 

Level flags = 0

Total triangle count: 1237
Writing c:\program files (x86)\steam\steamapps\common\sourcesdk_content\hl2mp\mapsrc\test.bsp
1 second elapsed



materialPath: C:\Program Files (x86)\Steam\steamapps\common\Half-Life 2 Deathmatch\hl2mp\materials
Loading C:\Program Files (x86)\Steam\steamapps\common\sourcesdk_content\hl2mp\mapsrc\test.vmf
Could not locate 'GameData' key in c:\program files (x86)\steam\steamapps\common\half-life 2 deathmatch\hl2mp\gameinfo.txt
Patching WVT material: maps/test/dev/dev_blendmeasure_wvt_patch
fixing up env_cubemap materials on brush sides...
0...1...2...3...4...5...6...7...8...9...100...1...2...3...4...5...6...7...8...9...10Processing areas...done (0)
Building Faces...done (0)
FixTjuncs...
PruneNodes...
WriteBSP...
done (0)
writing C:\Program Files (x86)\Steam\steamapps\common\sourcesdk_content\hl2mp\mapsrc\test.prt...Building visibility clusters...
done (0)
Creating default LDR cubemaps for env_cubemap using skybox materials:
   skybox/sky_day01_01*.vmt
 ! Run buildcubemaps in the engine to get the correct cube maps.
Creating default HDR cubemaps for env_cubemap using skybox materials:
   skybox/sky_day01_01*.vmt
 ! Run buildcubemaps in the engine to get the correct cube maps.
Finding displacement neighbors...
Finding lightmap sample positions...
Displacement Alpha : 0...1...2...3...4...5...6...7...8...9...10
Building Physics collision data...
done (0) (38963 bytes)
Placing detail props : 0...1...2...3...4...5...6...7...8...9...10
Compacting texture/material tables...
Reduced 217 texinfos to 104
Reduced 18 texdatas to 13 (511 bytes to 391)
Writing C:\Program Files (x86)\Steam\steamapps\common\sourcesdk_content\hl2mp\mapsrc\test.bsp
Wrote ZIP buffer, estimated size 213553, actual size 212535
0 seconds elapsed



12 threads
reading c:\program files (x86)\steam\steamapps\common\sourcesdk_content\hl2mp\mapsrc\test.bsp
reading c:\program files (x86)\steam\steamapps\common\sourcesdk_content\hl2mp\mapsrc\test.prt
  37 portalclusters
  98 numportals
0...1...2...3...4...5...6...7...8...9...100...1...2...3...4...5...6...7...8...9...10Optimized: 0 visible clusters (0.00%)
Total clusters visible: 1341
Average clusters visible: 36
Building PAS...
Average clusters audible: 37
visdatasize:671  compressed from 592
writing c:\program files (x86)\steam\steamapps\common\sourcesdk_content\hl2mp\mapsrc\test.bsp
0 seconds elapsed



[Reading texlights from 'lights.rad']
[45 texlights parsed from 'lights.rad']

Loading c:\program files (x86)\steam\steamapps\common\sourcesdk_content\hl2mp\mapsrc\test.bsp
499 faces
35254 square feet [5076630.00 square inches]
0 Displacements
0 Square Feet [0.00 Square Inches]
499 patches before subdivision
13033 patches after subdivision
4 direct lights
0...1...2...3...4...5...6...7...8...9...100...1...2...3...4...5...6...7...8...9...10transfers 1831234, max 356
transfer lists:  14.0 megs
0...1...2...3...4...5...6...7...8...9...10	Bounce #1 added RGB(0, 0, 0)
Build Patch/Sample Hash Table(s).....Done<0.0028 sec>
0...1...2...3...4...5...6...7...8...9...10FinalLightFace Done
0 of 0 (0% of) surface lights went in leaf ambient cubes.
0...1...2...3...4...5...6...7...8...9...10Writing leaf ambient...done
Ready to Finish

Object names       Objects/Maxobjs  Memory / Maxmem  Fullness 
------------       ---------------  ---------------  -------- 
models                  30/1024         1440/49152    ( 2.9%) 
brushes                 76/8192          912/98304    ( 0.9%) 
brushsides             548/65536        4384/524288   ( 0.8%) 
planes                 680/65536       13600/1310720  ( 1.0%) 
vertexes               713/65536        8556/786432   ( 1.1%) 
nodes                  379/65536       12128/2097152  ( 0.6%) 
texinfos               104/12288        7488/884736   ( 0.8%) 
texdata                 13/2048          416/65536    ( 0.6%) 
dispinfos                0/0               0/0        ( 0.0%) 
disp_verts               0/0               0/0        ( 0.0%) 
disp_tris                0/0               0/0        ( 0.0%) 
disp_lmsamples           0/0               0/0        ( 0.0%) 
faces                  499/65536       27944/3670016  ( 0.8%) 
hdr faces                0/65536           0/3670016  ( 0.0%) 
origfaces              328/65536       18368/3670016  ( 0.5%) 
leaves                 410/65536       13120/2097152  ( 0.6%) 
leaffaces              649/65536        1298/131072   ( 1.0%) 
leafbrushes            100/65536         200/131072   ( 0.2%) 
areas                    2/256            16/2048     ( 0.8%) 
surfedges             3595/512000      14380/2048000  ( 0.7%) 
edges                 1891/256000       7564/1024000  ( 0.7%) 
LDR worldlights          4/8192          352/720896   ( 0.0%) 
HDR worldlights          0/8192            0/720896   ( 0.0%) 
leafwaterdata            0/32768           0/393216   ( 0.0%) 
waterstrips             11/32768         110/327680   ( 0.0%) 
waterverts               0/65536           0/786432   ( 0.0%) 
waterindices           150/65536         300/131072   ( 0.2%) 
cubemapsamples           1/1024           16/16384    ( 0.1%) 
overlays                 0/512             0/180224   ( 0.0%) 
LDR lightdata         [variable]     1198816/0        ( 0.0%) 
HDR lightdata         [variable]           0/0        ( 0.0%) 
visdata               [variable]         671/16777216 ( 0.0%) 
entdata               [variable]       27684/393216   ( 7.0%) 
LDR ambient table      410/65536        1640/262144   ( 0.6%) 
HDR ambient table      410/65536        1640/262144   ( 0.6%) 
LDR leaf ambient       301/65536        8428/1835008  ( 0.5%) 
HDR leaf ambient       410/65536       11480/1835008  ( 0.6%) 
occluders                0/0               0/0        ( 0.0%) 
occluder polygons        0/0               0/0        ( 0.0%) 
occluder vert ind        0/0               0/0        ( 0.0%) 
detail props          [variable]           1/12       ( 8.3%) 
static props          [variable]           1/12       ( 8.3%) 
pakfile               [variable]      212535/0        ( 0.0%) 
physics               [variable]       38963/4194304  ( 0.9%) 
physics terrain       [variable]           2/1048576  ( 0.0%) 

Level flags = 0

Total triangle count: 1237
Writing c:\program files (x86)\steam\steamapps\common\sourcesdk_content\hl2mp\mapsrc\test.bsp
0 seconds elapsed



[Reading texlights from 'lights.rad']
[45 texlights parsed from 'lights.rad']

Loading c:\program files (x86)\steam\steamapps\common\sourcesdk_content\hl2mp\mapsrc\test.bsp
499 faces
35254 square feet [5076630.00 square inches]
0 Displacements
0 Square Feet [0.00 Square Inches]
499 patches before subdivision
13033 patches after subdivision
4 direct lights
0...1...2...3...4...5...6...7...8...9...100...1...2...3...4...5...6...7...8...9...10transfers 1831234, max 356
transfer lists:  14.0 megs
0...1...2...3...4...5...6...7...8...9...10	Bounce #1 added RGB(0, 0, 0)
Build Patch/Sample Hash Table(s).....Done<0.0028 sec>
0...1...2...3...4...5...6...7...8...9...10FinalLightFace Done
0 of 0 (0% of) surface lights went in leaf ambient cubes.
0...1...2...3...4...5...6...7...8...9...10Writing leaf ambient...done
Ready to Finish

Object names       Objects/Maxobjs  Memory / Maxmem  Fullness 
------------       ---------------  ---------------  -------- 
models                  30/1024         1440/49152    ( 2.9%) 
brushes                 76/8192          912/98304    ( 0.9%) 
brushsides             548/65536        4384/524288   ( 0.8%) 
planes                 680/65536       13600/1310720  ( 1.0%) 
vertexes               713/65536        8556/786432   ( 1.1%) 
nodes                  379/65536       12128/2097152  ( 0.6%) 
texinfos               104/12288        7488/884736   ( 0.8%) 
texdata                 13/2048          416/65536    ( 0.6%) 
dispinfos                0/0               0/0        ( 0.0%) 
disp_verts               0/0               0/0        ( 0.0%) 
disp_tris                0/0               0/0        ( 0.0%) 
disp_lmsamples           0/0               0/0        ( 0.0%) 
faces                  499/65536       27944/3670016  ( 0.8%) 
hdr faces              499/65536       27944/3670016  ( 0.8%) 
origfaces              328/65536       18368/3670016  ( 0.5%) 
leaves                 410/65536       13120/2097152  ( 0.6%) 
leaffaces              649/65536        1298/131072   ( 1.0%) 
leafbrushes            100/65536         200/131072   ( 0.2%) 
areas                    2/256            16/2048     ( 0.8%) 
surfedges             3595/512000      14380/2048000  ( 0.7%) 
edges                 1891/256000       7564/1024000  ( 0.7%) 
LDR worldlights          4/8192          352/720896   ( 0.0%) 
HDR worldlights          4/8192          352/720896   ( 0.0%) 
leafwaterdata            0/32768           0/393216   ( 0.0%) 
waterstrips             11/32768         110/327680   ( 0.0%) 
waterverts               0/65536           0/786432   ( 0.0%) 
waterindices           150/65536         300/131072   ( 0.2%) 
cubemapsamples           1/1024           16/16384    ( 0.1%) 
overlays                 0/512             0/180224   ( 0.0%) 
LDR lightdata         [variable]     1198816/0        ( 0.0%) 
HDR lightdata         [variable]     1198816/0        ( 0.0%) 
visdata               [variable]         671/16777216 ( 0.0%) 
entdata               [variable]       27684/393216   ( 7.0%) 
LDR ambient table      410/65536        1640/262144   ( 0.6%) 
HDR ambient table      410/65536        1640/262144   ( 0.6%) 
LDR leaf ambient       301/65536        8428/1835008  ( 0.5%) 
HDR leaf ambient       301/65536        8428/1835008  ( 0.5%) 
occluders                0/0               0/0        ( 0.0%) 
occluder polygons        0/0               0/0        ( 0.0%) 
occluder vert ind        0/0               0/0        ( 0.0%) 
detail props          [variable]           1/12       ( 8.3%) 
static props          [variable]           1/12       ( 8.3%) 
pakfile               [variable]      212535/0        ( 0.0%) 
physics               [variable]       38963/4194304  ( 0.9%) 
physics terrain       [variable]           2/1048576  ( 0.0%) 

Level flags = 0

Total triangle count: 1237
Writing c:\program files (x86)\steam\steamapps\common\sourcesdk_content\hl2mp\mapsrc\test.bsp
0 seconds elapsed



materialPath: C:\Program Files (x86)\Steam\steamapps\common\Half-Life 2 Deathmatch\hl2mp\materials
Loading C:\Program Files (x86)\Steam\steamapps\common\sourcesdk_content\hl2mp\mapsrc\test.vmf
Could not locate 'GameData' key in c:\program files (x86)\steam\steamapps\common\half-life 2 deathmatch\hl2mp\gameinfo.txt
Patching WVT material: maps/test/dev/dev_blendmeasure_wvt_patch
fixing up env_cubemap materials on brush sides...
0...1...2...3...4...5...6...7...8...9...100...1...2...3...4...5...6...7...8...9...10Processing areas...done (0)
Building Faces...done (0)
FixTjuncs...
PruneNodes...
WriteBSP...
done (0)
writing C:\Program Files (x86)\Steam\steamapps\common\sourcesdk_content\hl2mp\mapsrc\test.prt...Building visibility clusters...
done (0)
Creating default LDR cubemaps for env_cubemap using skybox materials:
   skybox/sky_day01_01*.vmt
 ! Run buildcubemaps in the engine to get the correct cube maps.
Creating default HDR cubemaps for env_cubemap using skybox materials:
   skybox/sky_day01_01*.vmt
 ! Run buildcubemaps in the engine to get the correct cube maps.
Finding displacement neighbors...
Finding lightmap sample positions...
Displacement Alpha : 0...1...2...3...4...5...6...7...8...9...10
Building Physics collision data...
done (0) (38963 bytes)
Placing detail props : 0...1...2...3...4...5...6...7...8...9...10
Compacting texture/material tables...
Reduced 217 texinfos to 104
Reduced 18 texdatas to 13 (511 bytes to 391)
Writing C:\Program Files (x86)\Steam\steamapps\common\sourcesdk_content\hl2mp\mapsrc\test.bsp
Wrote ZIP buffer, estimated size 213553, actual size 212535
0 seconds elapsed



12 threads
reading c:\program files (x86)\steam\steamapps\common\sourcesdk_content\hl2mp\mapsrc\test.bsp
reading c:\program files (x86)\steam\steamapps\common\sourcesdk_content\hl2mp\mapsrc\test.prt
  37 portalclusters
  98 numportals
0...1...2...3...4...5...6...7...8...9...100...1...2...3...4...5...6...7...8...9...10Optimized: 0 visible clusters (0.00%)
Total clusters visible: 1341
Average clusters visible: 36
Building PAS...
Average clusters audible: 37
visdatasize:671  compressed from 592
writing c:\program files (x86)\steam\steamapps\common\sourcesdk_content\hl2mp\mapsrc\test.bsp
0 seconds elapsed



[Reading texlights from 'lights.rad']
[45 texlights parsed from 'lights.rad']

Loading c:\program files (x86)\steam\steamapps\common\sourcesdk_content\hl2mp\mapsrc\test.bsp
499 faces
35254 square feet [5076630.00 square inches]
0 Displacements
0 Square Feet [0.00 Square Inches]
499 patches before subdivision
13033 patches after subdivision
4 direct lights
0...1...2...3...4...5...6...7...8...9...100...1...2...3...4...5...6...7...8...9...10transfers 1831234, max 356
transfer lists:  14.0 megs
0...1...2...3...4...5...6...7...8...9...10	Bounce #1 added RGB(0, 0, 0)
Build Patch/Sample Hash Table(s).....Done<0.0028 sec>
0...1...2...3...4...5...6...7...8...9...10FinalLightFace Done
0 of 0 (0% of) surface lights went in leaf ambient cubes.
0...1...2...3...4...5...6...7...8...9...10Writing leaf ambient...done
Ready to Finish

Object names       Objects/Maxobjs  Memory / Maxmem  Fullness 
------------       ---------------  ---------------  -------- 
models                  30/1024         1440/49152    ( 2.9%) 
brushes                 76/8192          912/98304    ( 0.9%) 
brushsides             548/65536        4384/524288   ( 0.8%) 
planes                 680/65536       13600/1310720  ( 1.0%) 
vertexes               713/65536        8556/786432   ( 1.1%) 
nodes                  379/65536       12128/2097152  ( 0.6%) 
texinfos               104/12288        7488/884736   ( 0.8%) 
texdata                 13/2048          416/65536    ( 0.6%) 
dispinfos                0/0               0/0        ( 0.0%) 
disp_verts               0/0               0/0        ( 0.0%) 
disp_tris                0/0               0/0        ( 0.0%) 
disp_lmsamples           0/0               0/0        ( 0.0%) 
faces                  499/65536       27944/3670016  ( 0.8%) 
hdr faces                0/65536           0/3670016  ( 0.0%) 
origfaces              328/65536       18368/3670016  ( 0.5%) 
leaves                 410/65536       13120/2097152  ( 0.6%) 
leaffaces              649/65536        1298/131072   ( 1.0%) 
leafbrushes            100/65536         200/131072   ( 0.2%) 
areas                    2/256            16/2048     ( 0.8%) 
surfedges             3595/512000      14380/2048000  ( 0.7%) 
edges                 1891/256000       7564/1024000  ( 0.7%) 
LDR worldlights          4/8192          352/720896   ( 0.0%) 
HDR worldlights          0/8192            0/720896   ( 0.0%) 
leafwaterdata            0/32768           0/393216   ( 0.0%) 
waterstrips             11/32768         110/327680   ( 0.0%) 
waterverts               0/65536           0/786432   ( 0.0%) 
waterindices           150/65536         300/131072   ( 0.2%) 
cubemapsamples           1/1024           16/16384    ( 0.1%) 
overlays                 0/512             0/180224   ( 0.0%) 
LDR lightdata         [variable]     1198816/0        ( 0.0%) 
HDR lightdata         [variable]           0/0        ( 0.0%) 
visdata               [variable]         671/16777216 ( 0.0%) 
entdata               [variable]       27684/393216   ( 7.0%) 
LDR ambient table      410/65536        1640/262144   ( 0.6%) 
HDR ambient table      410/65536        1640/262144   ( 0.6%) 
LDR leaf ambient       301/65536        8428/1835008  ( 0.5%) 
HDR leaf ambient       410/65536       11480/1835008  ( 0.6%) 
occluders                0/0               0/0        ( 0.0%) 
occluder polygons        0/0               0/0        ( 0.0%) 
occluder vert ind        0/0               0/0        ( 0.0%) 
detail props          [variable]           1/12       ( 8.3%) 
static props          [variable]           1/12       ( 8.3%) 
pakfile               [variable]      212535/0        ( 0.0%) 
physics               [variable]       38963/4194304  ( 0.9%) 
physics terrain       [variable]           2/1048576  ( 0.0%) 

Level flags = 0

Total triangle count: 1237
Writing c:\program files (x86)\steam\steamapps\common\sourcesdk_content\hl2mp\mapsrc\test.bsp
0 seconds elapsed



[Reading texlights from 'lights.rad']
[45 texlights parsed from 'lights.rad']

Loading c:\program files (x86)\steam\steamapps\common\sourcesdk_content\hl2mp\mapsrc\test.bsp
499 faces
35254 square feet [5076630.00 square inches]
0 Displacements
0 Square Feet [0.00 Square Inches]
499 patches before subdivision
13033 patches after subdivision
4 direct lights
0...1...2...3...4...5...6...7...8...9...100...1...2...3...4...5...6...7...8...9...10transfers 1831234, max 356
transfer lists:  14.0 megs
0...1...2...3...4...5...6...7...8...9...10	Bounce #1 added RGB(0, 0, 0)
Build Patch/Sample Hash Table(s).....Done<0.0027 sec>
0...1...2...3...4...5...6...7...8...9...10FinalLightFace Done
0 of 0 (0% of) surface lights went in leaf ambient cubes.
0...1...2...3...4...5...6...7...8...9...10Writing leaf ambient...done
Ready to Finish

Object names       Objects/Maxobjs  Memory / Maxmem  Fullness 
------------       ---------------  ---------------  -------- 
models                  30/1024         1440/49152    ( 2.9%) 
brushes                 76/8192          912/98304    ( 0.9%) 
brushsides             548/65536        4384/524288   ( 0.8%) 
planes                 680/65536       13600/1310720  ( 1.0%) 
vertexes               713/65536        8556/786432   ( 1.1%) 
nodes                  379/65536       12128/2097152  ( 0.6%) 
texinfos               104/12288        7488/884736   ( 0.8%) 
texdata                 13/2048          416/65536    ( 0.6%) 
dispinfos                0/0               0/0        ( 0.0%) 
disp_verts               0/0               0/0        ( 0.0%) 
disp_tris                0/0               0/0        ( 0.0%) 
disp_lmsamples           0/0               0/0        ( 0.0%) 
faces                  499/65536       27944/3670016  ( 0.8%) 
hdr faces              499/65536       27944/3670016  ( 0.8%) 
origfaces              328/65536       18368/3670016  ( 0.5%) 
leaves                 410/65536       13120/2097152  ( 0.6%) 
leaffaces              649/65536        1298/131072   ( 1.0%) 
leafbrushes            100/65536         200/131072   ( 0.2%) 
areas                    2/256            16/2048     ( 0.8%) 
surfedges             3595/512000      14380/2048000  ( 0.7%) 
edges                 1891/256000       7564/1024000  ( 0.7%) 
LDR worldlights          4/8192          352/720896   ( 0.0%) 
HDR worldlights          4/8192          352/720896   ( 0.0%) 
leafwaterdata            0/32768           0/393216   ( 0.0%) 
waterstrips             11/32768         110/327680   ( 0.0%) 
waterverts               0/65536           0/786432   ( 0.0%) 
waterindices           150/65536         300/131072   ( 0.2%) 
cubemapsamples           1/1024           16/16384    ( 0.1%) 
overlays                 0/512             0/180224   ( 0.0%) 
LDR lightdata         [variable]     1198816/0        ( 0.0%) 
HDR lightdata         [variable]     1198816/0        ( 0.0%) 
visdata               [variable]         671/16777216 ( 0.0%) 
entdata               [variable]       27684/393216   ( 7.0%) 
LDR ambient table      410/65536        1640/262144   ( 0.6%) 
HDR ambient table      410/65536        1640/262144   ( 0.6%) 
LDR leaf ambient       301/65536        8428/1835008  ( 0.5%) 
HDR leaf ambient       301/65536        8428/1835008  ( 0.5%) 
occluders                0/0               0/0        ( 0.0%) 
occluder polygons        0/0               0/0        ( 0.0%) 
occluder vert ind        0/0               0/0        ( 0.0%) 
detail props          [variable]           1/12       ( 8.3%) 
static props          [variable]           1/12       ( 8.3%) 
pakfile               [variable]      212535/0        ( 0.0%) 
physics               [variable]       38963/4194304  ( 0.9%) 
physics terrain       [variable]           2/1048576  ( 0.0%) 

Level flags = 0

Total triangle count: 1237
Writing c:\program files (x86)\steam\steamapps\common\sourcesdk_content\hl2mp\mapsrc\test.bsp
0 seconds elapsed



materialPath: C:\Program Files (x86)\Steam\steamapps\common\Half-Life 2 Deathmatch\hl2mp\materials
Loading C:\Program Files (x86)\Steam\steamapps\common\sourcesdk_content\hl2mp\mapsrc\test.vmf
Could not locate 'GameData' key in c:\program files (x86)\steam\steamapps\common\half-life 2 deathmatch\hl2mp\gameinfo.txt
Patching WVT material: maps/test/dev/dev_blendmeasure_wvt_patch
fixing up env_cubemap materials on brush sides...
0...1...2...3...4...5...6...7...8...9...100...1...2...3...4...5...6...7...8...9...10Processing areas...done (0)
Building Faces...done (0)
FixTjuncs...
PruneNodes...
WriteBSP...
done (0)
writing C:\Program Files (x86)\Steam\steamapps\common\sourcesdk_content\hl2mp\mapsrc\test.prt...Building visibility clusters...
done (0)
Creating default LDR cubemaps for env_cubemap using skybox materials:
   skybox/sky_day01_01*.vmt
 ! Run buildcubemaps in the engine to get the correct cube maps.
Creating default HDR cubemaps for env_cubemap using skybox materials:
   skybox/sky_day01_01*.vmt
 ! Run buildcubemaps in the engine to get the correct cube maps.
Finding displacement neighbors...
Finding lightmap sample positions...
Displacement Alpha : 0...1...2...3...4...5...6...7...8...9...10
Building Physics collision data...
done (0) (38963 bytes)
Placing detail props : 0...1...2...3...4...5...6...7...8...9...10
Compacting texture/material tables...
Reduced 217 texinfos to 104
Reduced 18 texdatas to 13 (511 bytes to 391)
Writing C:\Program Files (x86)\Steam\steamapps\common\sourcesdk_content\hl2mp\mapsrc\test.bsp
Wrote ZIP buffer, estimated size 213553, actual size 212535
0 seconds elapsed



12 threads
reading c:\program files (x86)\steam\steamapps\common\sourcesdk_content\hl2mp\mapsrc\test.bsp
reading c:\program files (x86)\steam\steamapps\common\sourcesdk_content\hl2mp\mapsrc\test.prt
  37 portalclusters
  98 numportals
0...1...2...3...4...5...6...7...8...9...100...1...2...3...4...5...6...7...8...9...10Optimized: 0 visible clusters (0.00%)
Total clusters visible: 1341
Average clusters visible: 36
Building PAS...
Average clusters audible: 37
visdatasize:671  compressed from 592
writing c:\program files (x86)\steam\steamapps\common\sourcesdk_content\hl2mp\mapsrc\test.bsp
0 seconds elapsed



[Reading texlights from 'lights.rad']
[45 texlights parsed from 'lights.rad']

Loading c:\program files (x86)\steam\steamapps\common\sourcesdk_content\hl2mp\mapsrc\test.bsp
499 faces
35254 square feet [5076630.00 square inches]
0 Displacements
0 Square Feet [0.00 Square Inches]
499 patches before subdivision
13033 patches after subdivision
4 direct lights
0...1...2...3...4...5...6...7...8...9...100...1...2...3...4...5...6...7...8...9...10transfers 1831234, max 356
transfer lists:  14.0 megs
0...1...2...3...4...5...6...7...8...9...10	Bounce #1 added RGB(0, 0, 0)
Build Patch/Sample Hash Table(s).....Done<0.0028 sec>
0...1...2...3...4...5...6...7...8...9...10FinalLightFace Done
0 of 0 (0% of) surface lights went in leaf ambient cubes.
0...1...2...3...4...5...6...7...8...9...10Writing leaf ambient...done
Ready to Finish

Object names       Objects/Maxobjs  Memory / Maxmem  Fullness 
------------       ---------------  ---------------  -------- 
models                  30/1024         1440/49152    ( 2.9%) 
brushes                 76/8192          912/98304    ( 0.9%) 
brushsides             548/65536        4384/524288   ( 0.8%) 
planes                 680/65536       13600/1310720  ( 1.0%) 
vertexes               713/65536        8556/786432   ( 1.1%) 
nodes                  379/65536       12128/2097152  ( 0.6%) 
texinfos               104/12288        7488/884736   ( 0.8%) 
texdata                 13/2048          416/65536    ( 0.6%) 
dispinfos                0/0               0/0        ( 0.0%) 
disp_verts               0/0               0/0        ( 0.0%) 
disp_tris                0/0               0/0        ( 0.0%) 
disp_lmsamples           0/0               0/0        ( 0.0%) 
faces                  499/65536       27944/3670016  ( 0.8%) 
hdr faces                0/65536           0/3670016  ( 0.0%) 
origfaces              328/65536       18368/3670016  ( 0.5%) 
leaves                 410/65536       13120/2097152  ( 0.6%) 
leaffaces              649/65536        1298/131072   ( 1.0%) 
leafbrushes            100/65536         200/131072   ( 0.2%) 
areas                    2/256            16/2048     ( 0.8%) 
surfedges             3595/512000      14380/2048000  ( 0.7%) 
edges                 1891/256000       7564/1024000  ( 0.7%) 
LDR worldlights          4/8192          352/720896   ( 0.0%) 
HDR worldlights          0/8192            0/720896   ( 0.0%) 
leafwaterdata            0/32768           0/393216   ( 0.0%) 
waterstrips             11/32768         110/327680   ( 0.0%) 
waterverts               0/65536           0/786432   ( 0.0%) 
waterindices           150/65536         300/131072   ( 0.2%) 
cubemapsamples           1/1024           16/16384    ( 0.1%) 
overlays                 0/512             0/180224   ( 0.0%) 
LDR lightdata         [variable]     1198816/0        ( 0.0%) 
HDR lightdata         [variable]           0/0        ( 0.0%) 
visdata               [variable]         671/16777216 ( 0.0%) 
entdata               [variable]       27684/393216   ( 7.0%) 
LDR ambient table      410/65536        1640/262144   ( 0.6%) 
HDR ambient table      410/65536        1640/262144   ( 0.6%) 
LDR leaf ambient       301/65536        8428/1835008  ( 0.5%) 
HDR leaf ambient       410/65536       11480/1835008  ( 0.6%) 
occluders                0/0               0/0        ( 0.0%) 
occluder polygons        0/0               0/0        ( 0.0%) 
occluder vert ind        0/0               0/0        ( 0.0%) 
detail props          [variable]           1/12       ( 8.3%) 
static props          [variable]           1/12       ( 8.3%) 
pakfile               [variable]      212535/0        ( 0.0%) 
physics               [variable]       38963/4194304  ( 0.9%) 
physics terrain       [variable]           2/1048576  ( 0.0%) 

Level flags = 0

Total triangle count: 1237
Writing c:\program files (x86)\steam\steamapps\common\sourcesdk_content\hl2mp\mapsrc\test.bsp
0 seconds elapsed



[Reading texlights from 'lights.rad']
[45 texlights parsed from 'lights.rad']

Loading c:\program files (x86)\steam\steamapps\common\sourcesdk_content\hl2mp\mapsrc\test.bsp
499 faces
35254 square feet [5076630.00 square inches]
0 Displacements
0 Square Feet [0.00 Square Inches]
499 patches before subdivision
13033 patches after subdivision
4 direct lights
0...1...2...3...4...5...6...7...8...9...100...1...2...3...4...5...6...7...8...9...10transfers 1831234, max 356
transfer lists:  14.0 megs
0...1...2...3...4...5...6...7...8...9...10	Bounce #1 added RGB(0, 0, 0)
Build Patch/Sample Hash Table(s).....Done<0.0028 sec>
0...1...2...3...4...5...6...7...8...9...10FinalLightFace Done
0 of 0 (0% of) surface lights went in leaf ambient cubes.
0...1...2...3...4...5...6...7...8...9...10Writing leaf ambient...done
Ready to Finish

Object names       Objects/Maxobjs  Memory / Maxmem  Fullness 
------------       ---------------  ---------------  -------- 
models                  30/1024         1440/49152    ( 2.9%) 
brushes                 76/8192          912/98304    ( 0.9%) 
brushsides             548/65536        4384/524288   ( 0.8%) 
planes                 680/65536       13600/1310720  ( 1.0%) 
vertexes               713/65536        8556/786432   ( 1.1%) 
nodes                  379/65536       12128/2097152  ( 0.6%) 
texinfos               104/12288        7488/884736   ( 0.8%) 
texdata                 13/2048          416/65536    ( 0.6%) 
dispinfos                0/0               0/0        ( 0.0%) 
disp_verts               0/0               0/0        ( 0.0%) 
disp_tris                0/0               0/0        ( 0.0%) 
disp_lmsamples           0/0               0/0        ( 0.0%) 
faces                  499/65536       27944/3670016  ( 0.8%) 
hdr faces              499/65536       27944/3670016  ( 0.8%) 
origfaces              328/65536       18368/3670016  ( 0.5%) 
leaves                 410/65536       13120/2097152  ( 0.6%) 
leaffaces              649/65536        1298/131072   ( 1.0%) 
leafbrushes            100/65536         200/131072   ( 0.2%) 
areas                    2/256            16/2048     ( 0.8%) 
surfedges             3595/512000      14380/2048000  ( 0.7%) 
edges                 1891/256000       7564/1024000  ( 0.7%) 
LDR worldlights          4/8192          352/720896   ( 0.0%) 
HDR worldlights          4/8192          352/720896   ( 0.0%) 
leafwaterdata            0/32768           0/393216   ( 0.0%) 
waterstrips             11/32768         110/327680   ( 0.0%) 
waterverts               0/65536           0/786432   ( 0.0%) 
waterindices           150/65536         300/131072   ( 0.2%) 
cubemapsamples           1/1024           16/16384    ( 0.1%) 
overlays                 0/512             0/180224   ( 0.0%) 
LDR lightdata         [variable]     1198816/0        ( 0.0%) 
HDR lightdata         [variable]     1198816/0        ( 0.0%) 
visdata               [variable]         671/16777216 ( 0.0%) 
entdata               [variable]       27684/393216   ( 7.0%) 
LDR ambient table      410/65536        1640/262144   ( 0.6%) 
HDR ambient table      410/65536        1640/262144   ( 0.6%) 
LDR leaf ambient       301/65536        8428/1835008  ( 0.5%) 
HDR leaf ambient       301/65536        8428/1835008  ( 0.5%) 
occluders                0/0               0/0        ( 0.0%) 
occluder polygons        0/0               0/0        ( 0.0%) 
occluder vert ind        0/0               0/0        ( 0.0%) 
detail props          [variable]           1/12       ( 8.3%) 
static props          [variable]           1/12       ( 8.3%) 
pakfile               [variable]      212535/0        ( 0.0%) 
physics               [variable]       38963/4194304  ( 0.9%) 
physics terrain       [variable]           2/1048576  ( 0.0%) 

Level flags = 0

Total triangle count: 1237
Writing c:\program files (x86)\steam\steamapps\common\sourcesdk_content\hl2mp\mapsrc\test.bsp
1 second elapsed



materialPath: C:\Program Files (x86)\Steam\steamapps\common\Half-Life 2 Deathmatch\hl2mp\materials
Loading C:\Program Files (x86)\Steam\steamapps\common\sourcesdk_content\hl2mp\mapsrc\test.vmf
Could not locate 'GameData' key in c:\program files (x86)\steam\steamapps\common\half-life 2 deathmatch\hl2mp\gameinfo.txt
Patching WVT material: maps/test/dev/dev_blendmeasure_wvt_patch
fixing up env_cubemap materials on brush sides...
0...1...2...3...4...5...6...7...8...9...100...1...2...3...4...5...6...7...8...9...10Processing areas...done (0)
Building Faces...done (0)
FixTjuncs...
PruneNodes...
WriteBSP...
done (0)
writing C:\Program Files (x86)\Steam\steamapps\common\sourcesdk_content\hl2mp\mapsrc\test.prt...Building visibility clusters...
done (0)
Creating default LDR cubemaps for env_cubemap using skybox materials:
   skybox/sky_day01_01*.vmt
 ! Run buildcubemaps in the engine to get the correct cube maps.
Creating default HDR cubemaps for env_cubemap using skybox materials:
   skybox/sky_day01_01*.vmt
 ! Run buildcubemaps in the engine to get the correct cube maps.
Finding displacement neighbors...
Finding lightmap sample positions...
Displacement Alpha : 0...1...2...3...4...5...6...7...8...9...10
Building Physics collision data...
done (0) (38963 bytes)
Placing detail props : 0...1...2...3...4...5...6...7...8...9...10
Compacting texture/material tables...
Reduced 217 texinfos to 104
Reduced 18 texdatas to 13 (511 bytes to 391)
Writing C:\Program Files (x86)\Steam\steamapps\common\sourcesdk_content\hl2mp\mapsrc\test.bsp
Wrote ZIP buffer, estimated size 213553, actual size 212535
0 seconds elapsed



12 threads
reading c:\program files (x86)\steam\steamapps\common\sourcesdk_content\hl2mp\mapsrc\test.bsp
reading c:\program files (x86)\steam\steamapps\common\sourcesdk_content\hl2mp\mapsrc\test.prt
  37 portalclusters
  98 numportals
0...1...2...3...4...5...6...7...8...9...100...1...2...3...4...5...6...7...8...9...10Optimized: 0 visible clusters (0.00%)
Total clusters visible: 1341
Average clusters visible: 36
Building PAS...
Average clusters audible: 37
visdatasize:671  compressed from 592
writing c:\program files (x86)\steam\steamapps\common\sourcesdk_content\hl2mp\mapsrc\test.bsp
0 seconds elapsed



[Reading texlights from 'lights.rad']
[45 texlights parsed from 'lights.rad']

Loading c:\program files (x86)\steam\steamapps\common\sourcesdk_content\hl2mp\mapsrc\test.bsp
499 faces
35254 square feet [5076630.00 square inches]
0 Displacements
0 Square Feet [0.00 Square Inches]
499 patches before subdivision
13033 patches after subdivision
4 direct lights
0...1...2...3...4...5...6...7...8...9...100...1...2...3...4...5...6...7...8...9...10transfers 1831234, max 356
transfer lists:  14.0 megs
0...1...2...3...4...5...6...7...8...9...10	Bounce #1 added RGB(0, 0, 0)
Build Patch/Sample Hash Table(s).....Done<0.0028 sec>
0...1...2...3...4...5...6...7...8...9...10FinalLightFace Done
0 of 0 (0% of) surface lights went in leaf ambient cubes.
0...1...2...3...4...5...6...7...8...9...10Writing leaf ambient...done
Ready to Finish

Object names       Objects/Maxobjs  Memory / Maxmem  Fullness 
------------       ---------------  ---------------  -------- 
models                  30/1024         1440/49152    ( 2.9%) 
brushes                 76/8192          912/98304    ( 0.9%) 
brushsides             548/65536        4384/524288   ( 0.8%) 
planes                 680/65536       13600/1310720  ( 1.0%) 
vertexes               713/65536        8556/786432   ( 1.1%) 
nodes                  379/65536       12128/2097152  ( 0.6%) 
texinfos               104/12288        7488/884736   ( 0.8%) 
texdata                 13/2048          416/65536    ( 0.6%) 
dispinfos                0/0               0/0        ( 0.0%) 
disp_verts               0/0               0/0        ( 0.0%) 
disp_tris                0/0               0/0        ( 0.0%) 
disp_lmsamples           0/0               0/0        ( 0.0%) 
faces                  499/65536       27944/3670016  ( 0.8%) 
hdr faces                0/65536           0/3670016  ( 0.0%) 
origfaces              328/65536       18368/3670016  ( 0.5%) 
leaves                 410/65536       13120/2097152  ( 0.6%) 
leaffaces              649/65536        1298/131072   ( 1.0%) 
leafbrushes            100/65536         200/131072   ( 0.2%) 
areas                    2/256            16/2048     ( 0.8%) 
surfedges             3595/512000      14380/2048000  ( 0.7%) 
edges                 1891/256000       7564/1024000  ( 0.7%) 
LDR worldlights          4/8192          352/720896   ( 0.0%) 
HDR worldlights          0/8192            0/720896   ( 0.0%) 
leafwaterdata            0/32768           0/393216   ( 0.0%) 
waterstrips             11/32768         110/327680   ( 0.0%) 
waterverts               0/65536           0/786432   ( 0.0%) 
waterindices           150/65536         300/131072   ( 0.2%) 
cubemapsamples           1/1024           16/16384    ( 0.1%) 
overlays                 0/512             0/180224   ( 0.0%) 
LDR lightdata         [variable]     1198816/0        ( 0.0%) 
HDR lightdata         [variable]           0/0        ( 0.0%) 
visdata               [variable]         671/16777216 ( 0.0%) 
entdata               [variable]       27684/393216   ( 7.0%) 
LDR ambient table      410/65536        1640/262144   ( 0.6%) 
HDR ambient table      410/65536        1640/262144   ( 0.6%) 
LDR leaf ambient       301/65536        8428/1835008  ( 0.5%) 
HDR leaf ambient       410/65536       11480/1835008  ( 0.6%) 
occluders                0/0               0/0        ( 0.0%) 
occluder polygons        0/0               0/0        ( 0.0%) 
occluder vert ind        0/0               0/0        ( 0.0%) 
detail props          [variable]           1/12       ( 8.3%) 
static props          [variable]           1/12       ( 8.3%) 
pakfile               [variable]      212535/0        ( 0.0%) 
physics               [variable]       38963/4194304  ( 0.9%) 
physics terrain       [variable]           2/1048576  ( 0.0%) 

Level flags = 0

Total triangle count: 1237
Writing c:\program files (x86)\steam\steamapps\common\sourcesdk_content\hl2mp\mapsrc\test.bsp
0 seconds elapsed



[Reading texlights from 'lights.rad']
[45 texlights parsed from 'lights.rad']

Loading c:\program files (x86)\steam\steamapps\common\sourcesdk_content\hl2mp\mapsrc\test.bsp
499 faces
35254 square feet [5076630.00 square inches]
0 Displacements
0 Square Feet [0.00 Square Inches]
499 patches before subdivision
13033 patches after subdivision
4 direct lights
0...1...2...3...4...5...6...7...8...9...100...1...2...3...4...5...6...7...8...9...10transfers 1831234, max 356
transfer lists:  14.0 megs
0...1...2...3...4...5...6...7...8...9...10	Bounce #1 added RGB(0, 0, 0)
Build Patch/Sample Hash Table(s).....Done<0.0027 sec>
0...1...2...3...4...5...6...7...8...9...10FinalLightFace Done
0 of 0 (0% of) surface lights went in leaf ambient cubes.
0...1...2...3...4...5...6...7...8...9...10Writing leaf ambient...done
Ready to Finish

Object names       Objects/Maxobjs  Memory / Maxmem  Fullness 
------------       ---------------  ---------------  -------- 
models                  30/1024         1440/49152    ( 2.9%) 
brushes                 76/8192          912/98304    ( 0.9%) 
brushsides             548/65536        4384/524288   ( 0.8%) 
planes                 680/65536       13600/1310720  ( 1.0%) 
vertexes               713/65536        8556/786432   ( 1.1%) 
nodes                  379/65536       12128/2097152  ( 0.6%) 
texinfos               104/12288        7488/884736   ( 0.8%) 
texdata                 13/2048          416/65536    ( 0.6%) 
dispinfos                0/0               0/0        ( 0.0%) 
disp_verts               0/0               0/0        ( 0.0%) 
disp_tris                0/0               0/0        ( 0.0%) 
disp_lmsamples           0/0               0/0        ( 0.0%) 
faces                  499/65536       27944/3670016  ( 0.8%) 
hdr faces              499/65536       27944/3670016  ( 0.8%) 
origfaces              328/65536       18368/3670016  ( 0.5%) 
leaves                 410/65536       13120/2097152  ( 0.6%) 
leaffaces              649/65536        1298/131072   ( 1.0%) 
leafbrushes            100/65536         200/131072   ( 0.2%) 
areas                    2/256            16/2048     ( 0.8%) 
surfedges             3595/512000      14380/2048000  ( 0.7%) 
edges                 1891/256000       7564/1024000  ( 0.7%) 
LDR worldlights          4/8192          352/720896   ( 0.0%) 
HDR worldlights          4/8192          352/720896   ( 0.0%) 
leafwaterdata            0/32768           0/393216   ( 0.0%) 
waterstrips             11/32768         110/327680   ( 0.0%) 
waterverts               0/65536           0/786432   ( 0.0%) 
waterindices           150/65536         300/131072   ( 0.2%) 
cubemapsamples           1/1024           16/16384    ( 0.1%) 
overlays                 0/512             0/180224   ( 0.0%) 
LDR lightdata         [variable]     1198816/0        ( 0.0%) 
HDR lightdata         [variable]     1198816/0        ( 0.0%) 
visdata               [variable]         671/16777216 ( 0.0%) 
entdata               [variable]       27684/393216   ( 7.0%) 
LDR ambient table      410/65536        1640/262144   ( 0.6%) 
HDR ambient table      410/65536        1640/262144   ( 0.6%) 
LDR leaf ambient       301/65536        8428/1835008  ( 0.5%) 
HDR leaf ambient       301/65536        8428/1835008  ( 0.5%) 
occluders                0/0               0/0        ( 0.0%) 
occluder polygons        0/0               0/0        ( 0.0%) 
occluder vert ind        0/0               0/0        ( 0.0%) 
detail props          [variable]           1/12       ( 8.3%) 
static props          [variable]           1/12       ( 8.3%) 
pakfile               [variable]      212535/0        ( 0.0%) 
physics               [variable]       38963/4194304  ( 0.9%) 
physics terrain       [variable]           2/1048576  ( 0.0%) 

Level flags = 0

Total triangle count: 1237
Writing c:\program files (x86)\steam\steamapps\common\sourcesdk_content\hl2mp\mapsrc\test.bsp
1 second elapsed



materialPath: C:\Program Files (x86)\Steam\steamapps\common\Half-Life 2 Deathmatch\hl2mp\materials
Loading C:\Program Files (x86)\Steam\steamapps\common\sourcesdk_content\hl2mp\mapsrc\test.vmf
Could not locate 'GameData' key in c:\program files (x86)\steam\steamapps\common\half-life 2 deathmatch\hl2mp\gameinfo.txt
Patching WVT material: maps/test/dev/dev_blendmeasure_wvt_patch
fixing up env_cubemap materials on brush sides...
0...1...2...3...4...5...6...7...8...9...100...1...2...3...4...5...6...7...8...9...10Processing areas...done (0)
Building Faces...done (0)
FixTjuncs...
PruneNodes...
WriteBSP...
done (0)
writing C:\Program Files (x86)\Steam\steamapps\common\sourcesdk_content\hl2mp\mapsrc\test.prt...Building visibility clusters...
done (0)
Creating default LDR cubemaps for env_cubemap using skybox materials:
   skybox/sky_day01_01*.vmt
 ! Run buildcubemaps in the engine to get the correct cube maps.
Creating default HDR cubemaps for env_cubemap using skybox materials:
   skybox/sky_day01_01*.vmt
 ! Run buildcubemaps in the engine to get the correct cube maps.
Finding displacement neighbors...
Finding lightmap sample positions...
Displacement Alpha : 0...1...2...3...4...5...6...7...8...9...10
Building Physics collision data...
done (0) (38963 bytes)
Placing detail props : 0...1...2...3...4...5...6...7...8...9...10
Compacting texture/material tables...
Reduced 217 texinfos to 104
Reduced 18 texdatas to 13 (511 bytes to 391)
Writing C:\Program Files (x86)\Steam\steamapps\common\sourcesdk_content\hl2mp\mapsrc\test.bsp
Wrote ZIP buffer, estimated size 213553, actual size 212535
0 seconds elapsed



12 threads
reading c:\program files (x86)\steam\steamapps\common\sourcesdk_content\hl2mp\mapsrc\test.bsp
reading c:\program files (x86)\steam\steamapps\common\sourcesdk_content\hl2mp\mapsrc\test.prt
  37 portalclusters
  98 numportals
0...1...2...3...4...5...6...7...8...9...100...1...2...3...4...5...6...7...8...9...10Optimized: 0 visible clusters (0.00%)
Total clusters visible: 1341
Average clusters visible: 36
Building PAS...
Average clusters audible: 37
visdatasize:671  compressed from 592
writing c:\program files (x86)\steam\steamapps\common\sourcesdk_content\hl2mp\mapsrc\test.bsp
0 seconds elapsed



[Reading texlights from 'lights.rad']
[45 texlights parsed from 'lights.rad']

Loading c:\program files (x86)\steam\steamapps\common\sourcesdk_content\hl2mp\mapsrc\test.bsp
499 faces
35254 square feet [5076630.00 square inches]
0 Displacements
0 Square Feet [0.00 Square Inches]
499 patches before subdivision
13033 patches after subdivision
4 direct lights
0...1...2...3...4...5...6...7...8...9...100...1...2...3...4...5...6...7...8...9...10transfers 1831234, max 356
transfer lists:  14.0 megs
0...1...2...3...4...5...6...7...8...9...10	Bounce #1 added RGB(0, 0, 0)
Build Patch/Sample Hash Table(s).....Done<0.0028 sec>
0...1...2...3...4...5...6...7...8...9...10FinalLightFace Done
0 of 0 (0% of) surface lights went in leaf ambient cubes.
0...1...2...3...4...5...6...7...8...9...10Writing leaf ambient...done
Ready to Finish

Object names       Objects/Maxobjs  Memory / Maxmem  Fullness 
------------       ---------------  ---------------  -------- 
models                  30/1024         1440/49152    ( 2.9%) 
brushes                 76/8192          912/98304    ( 0.9%) 
brushsides             548/65536        4384/524288   ( 0.8%) 
planes                 680/65536       13600/1310720  ( 1.0%) 
vertexes               713/65536        8556/786432   ( 1.1%) 
nodes                  379/65536       12128/2097152  ( 0.6%) 
texinfos               104/12288        7488/884736   ( 0.8%) 
texdata                 13/2048          416/65536    ( 0.6%) 
dispinfos                0/0               0/0        ( 0.0%) 
disp_verts               0/0               0/0        ( 0.0%) 
disp_tris                0/0               0/0        ( 0.0%) 
disp_lmsamples           0/0               0/0        ( 0.0%) 
faces                  499/65536       27944/3670016  ( 0.8%) 
hdr faces                0/65536           0/3670016  ( 0.0%) 
origfaces              328/65536       18368/3670016  ( 0.5%) 
leaves                 410/65536       13120/2097152  ( 0.6%) 
leaffaces              649/65536        1298/131072   ( 1.0%) 
leafbrushes            100/65536         200/131072   ( 0.2%) 
areas                    2/256            16/2048     ( 0.8%) 
surfedges             3595/512000      14380/2048000  ( 0.7%) 
edges                 1891/256000       7564/1024000  ( 0.7%) 
LDR worldlights          4/8192          352/720896   ( 0.0%) 
HDR worldlights          0/8192            0/720896   ( 0.0%) 
leafwaterdata            0/32768           0/393216   ( 0.0%) 
waterstrips             11/32768         110/327680   ( 0.0%) 
waterverts               0/65536           0/786432   ( 0.0%) 
waterindices           150/65536         300/131072   ( 0.2%) 
cubemapsamples           1/1024           16/16384    ( 0.1%) 
overlays                 0/512             0/180224   ( 0.0%) 
LDR lightdata         [variable]     1198816/0        ( 0.0%) 
HDR lightdata         [variable]           0/0        ( 0.0%) 
visdata               [variable]         671/16777216 ( 0.0%) 
entdata               [variable]       27684/393216   ( 7.0%) 
LDR ambient table      410/65536        1640/262144   ( 0.6%) 
HDR ambient table      410/65536        1640/262144   ( 0.6%) 
LDR leaf ambient       301/65536        8428/1835008  ( 0.5%) 
HDR leaf ambient       410/65536       11480/1835008  ( 0.6%) 
occluders                0/0               0/0        ( 0.0%) 
occluder polygons        0/0               0/0        ( 0.0%) 
occluder vert ind        0/0               0/0        ( 0.0%) 
detail props          [variable]           1/12       ( 8.3%) 
static props          [variable]           1/12       ( 8.3%) 
pakfile               [variable]      212535/0        ( 0.0%) 
physics               [variable]       38963/4194304  ( 0.9%) 
physics terrain       [variable]           2/1048576  ( 0.0%) 

Level flags = 0

Total triangle count: 1237
Writing c:\program files (x86)\steam\steamapps\common\sourcesdk_content\hl2mp\mapsrc\test.bsp
0 seconds elapsed



[Reading texlights from 'lights.rad']
[45 texlights parsed from 'lights.rad']

Loading c:\program files (x86)\steam\steamapps\common\sourcesdk_content\hl2mp\mapsrc\test.bsp
499 faces
35254 square feet [5076630.00 square inches]
0 Displacements
0 Square Feet [0.00 Square Inches]
499 patches before subdivision
13033 patches after subdivision
4 direct lights
0...1...2...3...4...5...6...7...8...9...100...1...2...3...4...5...6...7...8...9...10transfers 1831234, max 356
transfer lists:  14.0 megs
0...1...2...3...4...5...6...7...8...9...10	Bounce #1 added RGB(0, 0, 0)
Build Patch/Sample Hash Table(s).....Done<0.0028 sec>
0...1...2...3...4...5...6...7...8...9...10FinalLightFace Done
0 of 0 (0% of) surface lights went in leaf ambient cubes.
0...1...2...3...4...5...6...7...8...9...10Writing leaf ambient...done
Ready to Finish

Object names       Objects/Maxobjs  Memory / Maxmem  Fullness 
------------       ---------------  ---------------  -------- 
models                  30/1024         1440/49152    ( 2.9%) 
brushes                 76/8192          912/98304    ( 0.9%) 
brushsides             548/65536        4384/524288   ( 0.8%) 
planes                 680/65536       13600/1310720  ( 1.0%) 
vertexes               713/65536        8556/786432   ( 1.1%) 
nodes                  379/65536       12128/2097152  ( 0.6%) 
texinfos               104/12288        7488/884736   ( 0.8%) 
texdata                 13/2048          416/65536    ( 0.6%) 
dispinfos                0/0               0/0        ( 0.0%) 
disp_verts               0/0               0/0        ( 0.0%) 
disp_tris                0/0               0/0        ( 0.0%) 
disp_lmsamples           0/0               0/0        ( 0.0%) 
faces                  499/65536       27944/3670016  ( 0.8%) 
hdr faces              499/65536       27944/3670016  ( 0.8%) 
origfaces              328/65536       18368/3670016  ( 0.5%) 
leaves                 410/65536       13120/2097152  ( 0.6%) 
leaffaces              649/65536        1298/131072   ( 1.0%) 
leafbrushes            100/65536         200/131072   ( 0.2%) 
areas                    2/256            16/2048     ( 0.8%) 
surfedges             3595/512000      14380/2048000  ( 0.7%) 
edges                 1891/256000       7564/1024000  ( 0.7%) 
LDR worldlights          4/8192          352/720896   ( 0.0%) 
HDR worldlights          4/8192          352/720896   ( 0.0%) 
leafwaterdata            0/32768           0/393216   ( 0.0%) 
waterstrips             11/32768         110/327680   ( 0.0%) 
waterverts               0/65536           0/786432   ( 0.0%) 
waterindices           150/65536         300/131072   ( 0.2%) 
cubemapsamples           1/1024           16/16384    ( 0.1%) 
overlays                 0/512             0/180224   ( 0.0%) 
LDR lightdata         [variable]     1198816/0        ( 0.0%) 
HDR lightdata         [variable]     1198816/0        ( 0.0%) 
visdata               [variable]         671/16777216 ( 0.0%) 
entdata               [variable]       27684/393216   ( 7.0%) 
LDR ambient table      410/65536        1640/262144   ( 0.6%) 
HDR ambient table      410/65536        1640/262144   ( 0.6%) 
LDR leaf ambient       301/65536        8428/1835008  ( 0.5%) 
HDR leaf ambient       301/65536        8428/1835008  ( 0.5%) 
occluders                0/0               0/0        ( 0.0%) 
occluder polygons        0/0               0/0        ( 0.0%) 
occluder vert ind        0/0               0/0        ( 0.0%) 
detail props          [variable]           1/12       ( 8.3%) 
static props          [variable]           1/12       ( 8.3%) 
pakfile               [variable]      212535/0        ( 0.0%) 
physics               [variable]       38963/4194304  ( 0.9%) 
physics terrain       [variable]           2/1048576  ( 0.0%) 

Level flags = 0

Total triangle count: 1237
Writing c:\program files (x86)\steam\steamapps\common\sourcesdk_content\hl2mp\mapsrc\test.bsp
1 second elapsed



materialPath: C:\Program Files (x86)\Steam\steamapps\common\Half-Life 2 Deathmatch\hl2mp\materials
Loading C:\Program Files (x86)\Steam\steamapps\common\sourcesdk_content\hl2mp\mapsrc\test.vmf
Could not locate 'GameData' key in c:\program files (x86)\steam\steamapps\common\half-life 2 deathmatch\hl2mp\gameinfo.txt
Patching WVT material: maps/test/dev/dev_blendmeasure_wvt_patch
fixing up env_cubemap materials on brush sides...
0...1...2...3...4...5...6...7...8...9...100...1...2...3...4...5...6...7...8...9...10Processing areas...done (0)
Building Faces...done (0)
FixTjuncs...
PruneNodes...
WriteBSP...
done (0)
writing C:\Program Files (x86)\Steam\steamapps\common\sourcesdk_content\hl2mp\mapsrc\test.prt...Building visibility clusters...
done (0)
Creating default LDR cubemaps for env_cubemap using skybox materials:
   skybox/sky_day01_01*.vmt
 ! Run buildcubemaps in the engine to get the correct cube maps.
Creating default HDR cubemaps for env_cubemap using skybox materials:
   skybox/sky_day01_01*.vmt
 ! Run buildcubemaps in the engine to get the correct cube maps.
Finding displacement neighbors...
Finding lightmap sample positions...
Displacement Alpha : 0...1...2...3...4...5...6...7...8...9...10
Building Physics collision data...
done (0) (38963 bytes)
Placing detail props : 0...1...2...3...4...5...6...7...8...9...10
Compacting texture/material tables...
Reduced 217 texinfos to 104
Reduced 18 texdatas to 13 (502 bytes to 382)
Writing C:\Program Files (x86)\Steam\steamapps\common\sourcesdk_content\hl2mp\mapsrc\test.bsp
Wrote ZIP buffer, estimated size 213553, actual size 212535
0 seconds elapsed



12 threads
reading c:\program files (x86)\steam\steamapps\common\sourcesdk_content\hl2mp\mapsrc\test.bsp
reading c:\program files (x86)\steam\steamapps\common\sourcesdk_content\hl2mp\mapsrc\test.prt
  37 portalclusters
  98 numportals
0...1...2...3...4...5...6...7...8...9...100...1...2...3...4...5...6...7...8...9...10Optimized: 0 visible clusters (0.00%)
Total clusters visible: 1341
Average clusters visible: 36
Building PAS...
Average clusters audible: 37
visdatasize:671  compressed from 592
writing c:\program files (x86)\steam\steamapps\common\sourcesdk_content\hl2mp\mapsrc\test.bsp
0 seconds elapsed



[Reading texlights from 'lights.rad']
[45 texlights parsed from 'lights.rad']

Loading c:\program files (x86)\steam\steamapps\common\sourcesdk_content\hl2mp\mapsrc\test.bsp
499 faces
35254 square feet [5076630.00 square inches]
0 Displacements
0 Square Feet [0.00 Square Inches]
499 patches before subdivision
13033 patches after subdivision
4 direct lights
0...1...2...3...4...5...6...7...8...9...100...1...2...3...4...5...6...7...8...9...10transfers 1831039, max 356
transfer lists:  14.0 megs
0...1...2...3...4...5...6...7...8...9...10	Bounce #1 added RGB(0, 0, 0)
Build Patch/Sample Hash Table(s).....Done<0.0029 sec>
0...1...2...3...4...5...6...7...8...9...10FinalLightFace Done
0 of 0 (0% of) surface lights went in leaf ambient cubes.
0...1...2...3...4...5...6...7...8...9...10Writing leaf ambient...done
Ready to Finish

Object names       Objects/Maxobjs  Memory / Maxmem  Fullness 
------------       ---------------  ---------------  -------- 
models                  30/1024         1440/49152    ( 2.9%) 
brushes                 76/8192          912/98304    ( 0.9%) 
brushsides             548/65536        4384/524288   ( 0.8%) 
planes                 680/65536       13600/1310720  ( 1.0%) 
vertexes               713/65536        8556/786432   ( 1.1%) 
nodes                  379/65536       12128/2097152  ( 0.6%) 
texinfos               104/12288        7488/884736   ( 0.8%) 
texdata                 13/2048          416/65536    ( 0.6%) 
dispinfos                0/0               0/0        ( 0.0%) 
disp_verts               0/0               0/0        ( 0.0%) 
disp_tris                0/0               0/0        ( 0.0%) 
disp_lmsamples           0/0               0/0        ( 0.0%) 
faces                  499/65536       27944/3670016  ( 0.8%) 
hdr faces                0/65536           0/3670016  ( 0.0%) 
origfaces              328/65536       18368/3670016  ( 0.5%) 
leaves                 410/65536       13120/2097152  ( 0.6%) 
leaffaces              649/65536        1298/131072   ( 1.0%) 
leafbrushes            100/65536         200/131072   ( 0.2%) 
areas                    2/256            16/2048     ( 0.8%) 
surfedges             3595/512000      14380/2048000  ( 0.7%) 
edges                 1891/256000       7564/1024000  ( 0.7%) 
LDR worldlights          4/8192          352/720896   ( 0.0%) 
HDR worldlights          0/8192            0/720896   ( 0.0%) 
leafwaterdata            0/32768           0/393216   ( 0.0%) 
waterstrips             11/32768         110/327680   ( 0.0%) 
waterverts               0/65536           0/786432   ( 0.0%) 
waterindices           150/65536         300/131072   ( 0.2%) 
cubemapsamples           1/1024           16/16384    ( 0.1%) 
overlays                 0/512             0/180224   ( 0.0%) 
LDR lightdata         [variable]     1198844/0        ( 0.0%) 
HDR lightdata         [variable]           0/0        ( 0.0%) 
visdata               [variable]         671/16777216 ( 0.0%) 
entdata               [variable]       27684/393216   ( 7.0%) 
LDR ambient table      410/65536        1640/262144   ( 0.6%) 
HDR ambient table      410/65536        1640/262144   ( 0.6%) 
LDR leaf ambient       300/65536        8400/1835008  ( 0.5%) 
HDR leaf ambient       410/65536       11480/1835008  ( 0.6%) 
occluders                0/0               0/0        ( 0.0%) 
occluder polygons        0/0               0/0        ( 0.0%) 
occluder vert ind        0/0               0/0        ( 0.0%) 
detail props          [variable]           1/12       ( 8.3%) 
static props          [variable]           1/12       ( 8.3%) 
pakfile               [variable]      212535/0        ( 0.0%) 
physics               [variable]       38963/4194304  ( 0.9%) 
physics terrain       [variable]           2/1048576  ( 0.0%) 

Level flags = 0

Total triangle count: 1237
Writing c:\program files (x86)\steam\steamapps\common\sourcesdk_content\hl2mp\mapsrc\test.bsp
0 seconds elapsed



[Reading texlights from 'lights.rad']
[45 texlights parsed from 'lights.rad']

Loading c:\program files (x86)\steam\steamapps\common\sourcesdk_content\hl2mp\mapsrc\test.bsp
499 faces
35254 square feet [5076630.00 square inches]
0 Displacements
0 Square Feet [0.00 Square Inches]
499 patches before subdivision
13033 patches after subdivision
4 direct lights
0...1...2...3...4...5...6...7...8...9...100...1...2...3...4...5...6...7...8...9...10transfers 1831039, max 356
transfer lists:  14.0 megs
0...1...2...3...4...5...6...7...8...9...10	Bounce #1 added RGB(0, 0, 0)
Build Patch/Sample Hash Table(s).....Done<0.0028 sec>
0...1...2...3...4...5...6...7...8...9...10FinalLightFace Done
0 of 0 (0% of) surface lights went in leaf ambient cubes.
0...1...2...3...4...5...6...7...8...9...10Writing leaf ambient...done
Ready to Finish

Object names       Objects/Maxobjs  Memory / Maxmem  Fullness 
------------       ---------------  ---------------  -------- 
models                  30/1024         1440/49152    ( 2.9%) 
brushes                 76/8192          912/98304    ( 0.9%) 
brushsides             548/65536        4384/524288   ( 0.8%) 
planes                 680/65536       13600/1310720  ( 1.0%) 
vertexes               713/65536        8556/786432   ( 1.1%) 
nodes                  379/65536       12128/2097152  ( 0.6%) 
texinfos               104/12288        7488/884736   ( 0.8%) 
texdata                 13/2048          416/65536    ( 0.6%) 
dispinfos                0/0               0/0        ( 0.0%) 
disp_verts               0/0               0/0        ( 0.0%) 
disp_tris                0/0               0/0        ( 0.0%) 
disp_lmsamples           0/0               0/0        ( 0.0%) 
faces                  499/65536       27944/3670016  ( 0.8%) 
hdr faces              499/65536       27944/3670016  ( 0.8%) 
origfaces              328/65536       18368/3670016  ( 0.5%) 
leaves                 410/65536       13120/2097152  ( 0.6%) 
leaffaces              649/65536        1298/131072   ( 1.0%) 
leafbrushes            100/65536         200/131072   ( 0.2%) 
areas                    2/256            16/2048     ( 0.8%) 
surfedges             3595/512000      14380/2048000  ( 0.7%) 
edges                 1891/256000       7564/1024000  ( 0.7%) 
LDR worldlights          4/8192          352/720896   ( 0.0%) 
HDR worldlights          4/8192          352/720896   ( 0.0%) 
leafwaterdata            0/32768           0/393216   ( 0.0%) 
waterstrips             11/32768         110/327680   ( 0.0%) 
waterverts               0/65536           0/786432   ( 0.0%) 
waterindices           150/65536         300/131072   ( 0.2%) 
cubemapsamples           1/1024           16/16384    ( 0.1%) 
overlays                 0/512             0/180224   ( 0.0%) 
LDR lightdata         [variable]     1198844/0        ( 0.0%) 
HDR lightdata         [variable]     1198844/0        ( 0.0%) 
visdata               [variable]         671/16777216 ( 0.0%) 
entdata               [variable]       27684/393216   ( 7.0%) 
LDR ambient table      410/65536        1640/262144   ( 0.6%) 
HDR ambient table      410/65536        1640/262144   ( 0.6%) 
LDR leaf ambient       300/65536        8400/1835008  ( 0.5%) 
HDR leaf ambient       300/65536        8400/1835008  ( 0.5%) 
occluders                0/0               0/0        ( 0.0%) 
occluder polygons        0/0               0/0        ( 0.0%) 
occluder vert ind        0/0               0/0        ( 0.0%) 
detail props          [variable]           1/12       ( 8.3%) 
static props          [variable]           1/12       ( 8.3%) 
pakfile               [variable]      212535/0        ( 0.0%) 
physics               [variable]       38963/4194304  ( 0.9%) 
physics terrain       [variable]           2/1048576  ( 0.0%) 

Level flags = 0

Total triangle count: 1237
Writing c:\program files (x86)\steam\steamapps\common\sourcesdk_content\hl2mp\mapsrc\test.bsp
0 seconds elapsed



materialPath: C:\Program Files (x86)\Steam\steamapps\common\Half-Life 2 Deathmatch\hl2mp\materials
Loading C:\Program Files (x86)\Steam\steamapps\common\sourcesdk_content\hl2mp\mapsrc\test.vmf
Could not locate 'GameData' key in c:\program files (x86)\steam\steamapps\common\half-life 2 deathmatch\hl2mp\gameinfo.txt
Patching WVT material: maps/test/dev/dev_blendmeasure_wvt_patch
fixing up env_cubemap materials on brush sides...
0...1...2...3...4...5...6...7...8...9...100...1...2...3...4...5...6...7...8...9...10Processing areas...done (0)
Building Faces...done (0)
FixTjuncs...
PruneNodes...
WriteBSP...
done (0)
writing C:\Program Files (x86)\Steam\steamapps\common\sourcesdk_content\hl2mp\mapsrc\test.prt...Building visibility clusters...
done (0)
Creating default LDR cubemaps for env_cubemap using skybox materials:
   skybox/sky_day01_01*.vmt
 ! Run buildcubemaps in the engine to get the correct cube maps.
Creating default HDR cubemaps for env_cubemap using skybox materials:
   skybox/sky_day01_01*.vmt
 ! Run buildcubemaps in the engine to get the correct cube maps.
Finding displacement neighbors...
Finding lightmap sample positions...
Displacement Alpha : 0...1...2...3...4...5...6...7...8...9...10
Building Physics collision data...
done (0) (38963 bytes)
Placing detail props : 0...1...2...3...4...5...6...7...8...9...10
Compacting texture/material tables...
Reduced 217 texinfos to 104
Reduced 18 texdatas to 13 (511 bytes to 391)
Writing C:\Program Files (x86)\Steam\steamapps\common\sourcesdk_content\hl2mp\mapsrc\test.bsp
Wrote ZIP buffer, estimated size 213553, actual size 212535
0 seconds elapsed



12 threads
reading c:\program files (x86)\steam\steamapps\common\sourcesdk_content\hl2mp\mapsrc\test.bsp
reading c:\program files (x86)\steam\steamapps\common\sourcesdk_content\hl2mp\mapsrc\test.prt
  37 portalclusters
  98 numportals
0...1...2...3...4...5...6...7...8...9...100...1...2...3...4...5...6...7...8...9...10Optimized: 0 visible clusters (0.00%)
Total clusters visible: 1341
Average clusters visible: 36
Building PAS...
Average clusters audible: 37
visdatasize:671  compressed from 592
writing c:\program files (x86)\steam\steamapps\common\sourcesdk_content\hl2mp\mapsrc\test.bsp
0 seconds elapsed



[Reading texlights from 'lights.rad']
[45 texlights parsed from 'lights.rad']

Loading c:\program files (x86)\steam\steamapps\common\sourcesdk_content\hl2mp\mapsrc\test.bsp
499 faces
35254 square feet [5076630.00 square inches]
0 Displacements
0 Square Feet [0.00 Square Inches]
499 patches before subdivision
13033 patches after subdivision
4 direct lights
0...1...2...3...4...5...6...7...8...9...100...1...2...3...4...5...6...7...8...9...10transfers 1831234, max 356
transfer lists:  14.0 megs
0...1...2...3...4...5...6...7...8...9...10	Bounce #1 added RGB(0, 0, 0)
Build Patch/Sample Hash Table(s).....Done<0.0028 sec>
0...1...2...3...4...5...6...7...8...9...10FinalLightFace Done
0 of 0 (0% of) surface lights went in leaf ambient cubes.
0...1...2...3...4...5...6...7...8...9...10Writing leaf ambient...done
Ready to Finish

Object names       Objects/Maxobjs  Memory / Maxmem  Fullness 
------------       ---------------  ---------------  -------- 
models                  30/1024         1440/49152    ( 2.9%) 
brushes                 76/8192          912/98304    ( 0.9%) 
brushsides             548/65536        4384/524288   ( 0.8%) 
planes                 680/65536       13600/1310720  ( 1.0%) 
vertexes               713/65536        8556/786432   ( 1.1%) 
nodes                  379/65536       12128/2097152  ( 0.6%) 
texinfos               104/12288        7488/884736   ( 0.8%) 
texdata                 13/2048          416/65536    ( 0.6%) 
dispinfos                0/0               0/0        ( 0.0%) 
disp_verts               0/0               0/0        ( 0.0%) 
disp_tris                0/0               0/0        ( 0.0%) 
disp_lmsamples           0/0               0/0        ( 0.0%) 
faces                  499/65536       27944/3670016  ( 0.8%) 
hdr faces                0/65536           0/3670016  ( 0.0%) 
origfaces              328/65536       18368/3670016  ( 0.5%) 
leaves                 410/65536       13120/2097152  ( 0.6%) 
leaffaces              649/65536        1298/131072   ( 1.0%) 
leafbrushes            100/65536         200/131072   ( 0.2%) 
areas                    2/256            16/2048     ( 0.8%) 
surfedges             3595/512000      14380/2048000  ( 0.7%) 
edges                 1891/256000       7564/1024000  ( 0.7%) 
LDR worldlights          4/8192          352/720896   ( 0.0%) 
HDR worldlights          0/8192            0/720896   ( 0.0%) 
leafwaterdata            0/32768           0/393216   ( 0.0%) 
waterstrips             11/32768         110/327680   ( 0.0%) 
waterverts               0/65536           0/786432   ( 0.0%) 
waterindices           150/65536         300/131072   ( 0.2%) 
cubemapsamples           1/1024           16/16384    ( 0.1%) 
overlays                 0/512             0/180224   ( 0.0%) 
LDR lightdata         [variable]     1198816/0        ( 0.0%) 
HDR lightdata         [variable]           0/0        ( 0.0%) 
visdata               [variable]         671/16777216 ( 0.0%) 
entdata               [variable]       27684/393216   ( 7.0%) 
LDR ambient table      410/65536        1640/262144   ( 0.6%) 
HDR ambient table      410/65536        1640/262144   ( 0.6%) 
LDR leaf ambient       301/65536        8428/1835008  ( 0.5%) 
HDR leaf ambient       410/65536       11480/1835008  ( 0.6%) 
occluders                0/0               0/0        ( 0.0%) 
occluder polygons        0/0               0/0        ( 0.0%) 
occluder vert ind        0/0               0/0        ( 0.0%) 
detail props          [variable]           1/12       ( 8.3%) 
static props          [variable]           1/12       ( 8.3%) 
pakfile               [variable]      212535/0        ( 0.0%) 
physics               [variable]       38963/4194304  ( 0.9%) 
physics terrain       [variable]           2/1048576  ( 0.0%) 

Level flags = 0

Total triangle count: 1237
Writing c:\program files (x86)\steam\steamapps\common\sourcesdk_content\hl2mp\mapsrc\test.bsp
0 seconds elapsed



[Reading texlights from 'lights.rad']
[45 texlights parsed from 'lights.rad']

Loading c:\program files (x86)\steam\steamapps\common\sourcesdk_content\hl2mp\mapsrc\test.bsp
499 faces
35254 square feet [5076630.00 square inches]
0 Displacements
0 Square Feet [0.00 Square Inches]
499 patches before subdivision
13033 patches after subdivision
4 direct lights
0...1...2...3...4...5...6...7...8...9...100...1...2...3...4...5...6...7...8...9...10transfers 1831234, max 356
transfer lists:  14.0 megs
0...1...2...3...4...5...6...7...8...9...10	Bounce #1 added RGB(0, 0, 0)
Build Patch/Sample Hash Table(s).....Done<0.0027 sec>
0...1...2...3...4...5...6...7...8...9...10FinalLightFace Done
0 of 0 (0% of) surface lights went in leaf ambient cubes.
0...1...2...3...4...5...6...7...8...9...10Writing leaf ambient...done
Ready to Finish

Object names       Objects/Maxobjs  Memory / Maxmem  Fullness 
------------       ---------------  ---------------  -------- 
models                  30/1024         1440/49152    ( 2.9%) 
brushes                 76/8192          912/98304    ( 0.9%) 
brushsides             548/65536        4384/524288   ( 0.8%) 
planes                 680/65536       13600/1310720  ( 1.0%) 
vertexes               713/65536        8556/786432   ( 1.1%) 
nodes                  379/65536       12128/2097152  ( 0.6%) 
texinfos               104/12288        7488/884736   ( 0.8%) 
texdata                 13/2048          416/65536    ( 0.6%) 
dispinfos                0/0               0/0        ( 0.0%) 
disp_verts               0/0               0/0        ( 0.0%) 
disp_tris                0/0               0/0        ( 0.0%) 
disp_lmsamples           0/0               0/0        ( 0.0%) 
faces                  499/65536       27944/3670016  ( 0.8%) 
hdr faces              499/65536       27944/3670016  ( 0.8%) 
origfaces              328/65536       18368/3670016  ( 0.5%) 
leaves                 410/65536       13120/2097152  ( 0.6%) 
leaffaces              649/65536        1298/131072   ( 1.0%) 
leafbrushes            100/65536         200/131072   ( 0.2%) 
areas                    2/256            16/2048     ( 0.8%) 
surfedges             3595/512000      14380/2048000  ( 0.7%) 
edges                 1891/256000       7564/1024000  ( 0.7%) 
LDR worldlights          4/8192          352/720896   ( 0.0%) 
HDR worldlights          4/8192          352/720896   ( 0.0%) 
leafwaterdata            0/32768           0/393216   ( 0.0%) 
waterstrips             11/32768         110/327680   ( 0.0%) 
waterverts               0/65536           0/786432   ( 0.0%) 
waterindices           150/65536         300/131072   ( 0.2%) 
cubemapsamples           1/1024           16/16384    ( 0.1%) 
overlays                 0/512             0/180224   ( 0.0%) 
LDR lightdata         [variable]     1198816/0        ( 0.0%) 
HDR lightdata         [variable]     1198816/0        ( 0.0%) 
visdata               [variable]         671/16777216 ( 0.0%) 
entdata               [variable]       27684/393216   ( 7.0%) 
LDR ambient table      410/65536        1640/262144   ( 0.6%) 
HDR ambient table      410/65536        1640/262144   ( 0.6%) 
LDR leaf ambient       301/65536        8428/1835008  ( 0.5%) 
HDR leaf ambient       301/65536        8428/1835008  ( 0.5%) 
occluders                0/0               0/0        ( 0.0%) 
occluder polygons        0/0               0/0        ( 0.0%) 
occluder vert ind        0/0               0/0        ( 0.0%) 
detail props          [variable]           1/12       ( 8.3%) 
static props          [variable]           1/12       ( 8.3%) 
pakfile               [variable]      212535/0        ( 0.0%) 
physics               [variable]       38963/4194304  ( 0.9%) 
physics terrain       [variable]           2/1048576  ( 0.0%) 

Level flags = 0

Total triangle count: 1237
Writing c:\program files (x86)\steam\steamapps\common\sourcesdk_content\hl2mp\mapsrc\test.bsp
1 second elapsed



materialPath: C:\Program Files (x86)\Steam\steamapps\common\Half-Life 2 Deathmatch\hl2mp\materials
Loading C:\Program Files (x86)\Steam\steamapps\common\sourcesdk_content\hl2mp\mapsrc\test.vmf
Could not locate 'GameData' key in c:\program files (x86)\steam\steamapps\common\half-life 2 deathmatch\hl2mp\gameinfo.txt
Patching WVT material: maps/test/dev/dev_blendmeasure_wvt_patch
fixing up env_cubemap materials on brush sides...
0...1...2...3...4...5...6...7...8...9...100...1...2...3...4...5...6...7...8...9...10Processing areas...done (0)
Building Faces...done (0)
FixTjuncs...
PruneNodes...
WriteBSP...
done (0)
writing C:\Program Files (x86)\Steam\steamapps\common\sourcesdk_content\hl2mp\mapsrc\test.prt...Building visibility clusters...
done (0)
Creating default LDR cubemaps for env_cubemap using skybox materials:
   skybox/sky_day01_01*.vmt
 ! Run buildcubemaps in the engine to get the correct cube maps.
Creating default HDR cubemaps for env_cubemap using skybox materials:
   skybox/sky_day01_01*.vmt
 ! Run buildcubemaps in the engine to get the correct cube maps.
Finding displacement neighbors...
Finding lightmap sample positions...
Displacement Alpha : 0...1...2...3...4...5...6...7...8...9...10
Building Physics collision data...
done (0) (38963 bytes)
Placing detail props : 0...1...2...3...4...5...6...7...8...9...10
Compacting texture/material tables...
Reduced 217 texinfos to 104
Reduced 18 texdatas to 13 (511 bytes to 391)
Writing C:\Program Files (x86)\Steam\steamapps\common\sourcesdk_content\hl2mp\mapsrc\test.bsp
Wrote ZIP buffer, estimated size 213553, actual size 212535
0 seconds elapsed



12 threads
reading c:\program files (x86)\steam\steamapps\common\sourcesdk_content\hl2mp\mapsrc\test.bsp
reading c:\program files (x86)\steam\steamapps\common\sourcesdk_content\hl2mp\mapsrc\test.prt
  37 portalclusters
  98 numportals
0...1...2...3...4...5...6...7...8...9...100...1...2...3...4...5...6...7...8...9...10Optimized: 0 visible clusters (0.00%)
Total clusters visible: 1341
Average clusters visible: 36
Building PAS...
Average clusters audible: 37
visdatasize:671  compressed from 592
writing c:\program files (x86)\steam\steamapps\common\sourcesdk_content\hl2mp\mapsrc\test.bsp
0 seconds elapsed



[Reading texlights from 'lights.rad']
[45 texlights parsed from 'lights.rad']

Loading c:\program files (x86)\steam\steamapps\common\sourcesdk_content\hl2mp\mapsrc\test.bsp
499 faces
35254 square feet [5076630.00 square inches]
0 Displacements
0 Square Feet [0.00 Square Inches]
499 patches before subdivision
13033 patches after subdivision
4 direct lights
0...1...2...3...4...5...6...7...8...9...100...1...2...3...4...5...6...7...8...9...10transfers 1831234, max 356
transfer lists:  14.0 megs
0...1...2...3...4...5...6...7...8...9...10	Bounce #1 added RGB(0, 0, 0)
Build Patch/Sample Hash Table(s).....Done<0.0028 sec>
0...1...2...3...4...5...6...7...8...9...10FinalLightFace Done
0 of 0 (0% of) surface lights went in leaf ambient cubes.
0...1...2...3...4...5...6...7...8...9...10Writing leaf ambient...done
Ready to Finish

Object names       Objects/Maxobjs  Memory / Maxmem  Fullness 
------------       ---------------  ---------------  -------- 
models                  30/1024         1440/49152    ( 2.9%) 
brushes                 76/8192          912/98304    ( 0.9%) 
brushsides             548/65536        4384/524288   ( 0.8%) 
planes                 680/65536       13600/1310720  ( 1.0%) 
vertexes               713/65536        8556/786432   ( 1.1%) 
nodes                  379/65536       12128/2097152  ( 0.6%) 
texinfos               104/12288        7488/884736   ( 0.8%) 
texdata                 13/2048          416/65536    ( 0.6%) 
dispinfos                0/0               0/0        ( 0.0%) 
disp_verts               0/0               0/0        ( 0.0%) 
disp_tris                0/0               0/0        ( 0.0%) 
disp_lmsamples           0/0               0/0        ( 0.0%) 
faces                  499/65536       27944/3670016  ( 0.8%) 
hdr faces                0/65536           0/3670016  ( 0.0%) 
origfaces              328/65536       18368/3670016  ( 0.5%) 
leaves                 410/65536       13120/2097152  ( 0.6%) 
leaffaces              649/65536        1298/131072   ( 1.0%) 
leafbrushes            100/65536         200/131072   ( 0.2%) 
areas                    2/256            16/2048     ( 0.8%) 
surfedges             3595/512000      14380/2048000  ( 0.7%) 
edges                 1891/256000       7564/1024000  ( 0.7%) 
LDR worldlights          4/8192          352/720896   ( 0.0%) 
HDR worldlights          0/8192            0/720896   ( 0.0%) 
leafwaterdata            0/32768           0/393216   ( 0.0%) 
waterstrips             11/32768         110/327680   ( 0.0%) 
waterverts               0/65536           0/786432   ( 0.0%) 
waterindices           150/65536         300/131072   ( 0.2%) 
cubemapsamples           1/1024           16/16384    ( 0.1%) 
overlays                 0/512             0/180224   ( 0.0%) 
LDR lightdata         [variable]     1198816/0        ( 0.0%) 
HDR lightdata         [variable]           0/0        ( 0.0%) 
visdata               [variable]         671/16777216 ( 0.0%) 
entdata               [variable]       27684/393216   ( 7.0%) 
LDR ambient table      410/65536        1640/262144   ( 0.6%) 
HDR ambient table      410/65536        1640/262144   ( 0.6%) 
LDR leaf ambient       301/65536        8428/1835008  ( 0.5%) 
HDR leaf ambient       410/65536       11480/1835008  ( 0.6%) 
occluders                0/0               0/0        ( 0.0%) 
occluder polygons        0/0               0/0        ( 0.0%) 
occluder vert ind        0/0               0/0        ( 0.0%) 
detail props          [variable]           1/12       ( 8.3%) 
static props          [variable]           1/12       ( 8.3%) 
pakfile               [variable]      212535/0        ( 0.0%) 
physics               [variable]       38963/4194304  ( 0.9%) 
physics terrain       [variable]           2/1048576  ( 0.0%) 

Level flags = 0

Total triangle count: 1237
Writing c:\program files (x86)\steam\steamapps\common\sourcesdk_content\hl2mp\mapsrc\test.bsp
0 seconds elapsed



[Reading texlights from 'lights.rad']
[45 texlights parsed from 'lights.rad']

Loading c:\program files (x86)\steam\steamapps\common\sourcesdk_content\hl2mp\mapsrc\test.bsp
499 faces
35254 square feet [5076630.00 square inches]
0 Displacements
0 Square Feet [0.00 Square Inches]
499 patches before subdivision
13033 patches after subdivision
4 direct lights
0...1...2...3...4...5...6...7...8...9...100...1...2...3...4...5...6...7...8...9...10transfers 1831234, max 356
transfer lists:  14.0 megs
0...1...2...3...4...5...6...7...8...9...10	Bounce #1 added RGB(0, 0, 0)
Build Patch/Sample Hash Table(s).....Done<0.0028 sec>
0...1...2...3...4...5...6...7...8...9...10FinalLightFace Done
0 of 0 (0% of) surface lights went in leaf ambient cubes.
0...1...2...3...4...5...6...7...8...9...10Writing leaf ambient...done
Ready to Finish

Object names       Objects/Maxobjs  Memory / Maxmem  Fullness 
------------       ---------------  ---------------  -------- 
models                  30/1024         1440/49152    ( 2.9%) 
brushes                 76/8192          912/98304    ( 0.9%) 
brushsides             548/65536        4384/524288   ( 0.8%) 
planes                 680/65536       13600/1310720  ( 1.0%) 
vertexes               713/65536        8556/786432   ( 1.1%) 
nodes                  379/65536       12128/2097152  ( 0.6%) 
texinfos               104/12288        7488/884736   ( 0.8%) 
texdata                 13/2048          416/65536    ( 0.6%) 
dispinfos                0/0               0/0        ( 0.0%) 
disp_verts               0/0               0/0        ( 0.0%) 
disp_tris                0/0               0/0        ( 0.0%) 
disp_lmsamples           0/0               0/0        ( 0.0%) 
faces                  499/65536       27944/3670016  ( 0.8%) 
hdr faces              499/65536       27944/3670016  ( 0.8%) 
origfaces              328/65536       18368/3670016  ( 0.5%) 
leaves                 410/65536       13120/2097152  ( 0.6%) 
leaffaces              649/65536        1298/131072   ( 1.0%) 
leafbrushes            100/65536         200/131072   ( 0.2%) 
areas                    2/256            16/2048     ( 0.8%) 
surfedges             3595/512000      14380/2048000  ( 0.7%) 
edges                 1891/256000       7564/1024000  ( 0.7%) 
LDR worldlights          4/8192          352/720896   ( 0.0%) 
HDR worldlights          4/8192          352/720896   ( 0.0%) 
leafwaterdata            0/32768           0/393216   ( 0.0%) 
waterstrips             11/32768         110/327680   ( 0.0%) 
waterverts               0/65536           0/786432   ( 0.0%) 
waterindices           150/65536         300/131072   ( 0.2%) 
cubemapsamples           1/1024           16/16384    ( 0.1%) 
overlays                 0/512             0/180224   ( 0.0%) 
LDR lightdata         [variable]     1198816/0        ( 0.0%) 
HDR lightdata         [variable]     1198816/0        ( 0.0%) 
visdata               [variable]         671/16777216 ( 0.0%) 
entdata               [variable]       27684/393216   ( 7.0%) 
LDR ambient table      410/65536        1640/262144   ( 0.6%) 
HDR ambient table      410/65536        1640/262144   ( 0.6%) 
LDR leaf ambient       301/65536        8428/1835008  ( 0.5%) 
HDR leaf ambient       301/65536        8428/1835008  ( 0.5%) 
occluders                0/0               0/0        ( 0.0%) 
occluder polygons        0/0               0/0        ( 0.0%) 
occluder vert ind        0/0               0/0        ( 0.0%) 
detail props          [variable]           1/12       ( 8.3%) 
static props          [variable]           1/12       ( 8.3%) 
pakfile               [variable]      212535/0        ( 0.0%) 
physics               [variable]       38963/4194304  ( 0.9%) 
physics terrain       [variable]           2/1048576  ( 0.0%) 

Level flags = 0

Total triangle count: 1237
Writing c:\program files (x86)\steam\steamapps\common\sourcesdk_content\hl2mp\mapsrc\test.bsp
0 seconds elapsed



materialPath: C:\Program Files (x86)\Steam\steamapps\common\Half-Life 2 Deathmatch\hl2mp\materials
Loading C:\Program Files (x86)\Steam\steamapps\common\sourcesdk_content\hl2mp\mapsrc\test.vmf
Could not locate 'GameData' key in c:\program files (x86)\steam\steamapps\common\half-life 2 deathmatch\hl2mp\gameinfo.txt
Patching WVT material: maps/test/dev/dev_blendmeasure_wvt_patch
fixing up env_cubemap materials on brush sides...
0...1...2...3...4...5...6...7...8...9...100...1...2...3...4...5...6...7...8...9...10Processing areas...done (0)
Building Faces...done (0)
FixTjuncs...
PruneNodes...
WriteBSP...
done (0)
writing C:\Program Files (x86)\Steam\steamapps\common\sourcesdk_content\hl2mp\mapsrc\test.prt...Building visibility clusters...
done (0)
Creating default LDR cubemaps for env_cubemap using skybox materials:
   skybox/sky_day01_01*.vmt
 ! Run buildcubemaps in the engine to get the correct cube maps.
Creating default HDR cubemaps for env_cubemap using skybox materials:
   skybox/sky_day01_01*.vmt
 ! Run buildcubemaps in the engine to get the correct cube maps.
Finding displacement neighbors...
Finding lightmap sample positions...
Displacement Alpha : 0...1...2...3...4...5...6...7...8...9...10
Building Physics collision data...
done (0) (38963 bytes)
Placing detail props : 0...1...2...3...4...5...6...7...8...9...10
Compacting texture/material tables...
Reduced 217 texinfos to 104
Reduced 18 texdatas to 13 (506 bytes to 386)
Writing C:\Program Files (x86)\Steam\steamapps\common\sourcesdk_content\hl2mp\mapsrc\test.bsp
Wrote ZIP buffer, estimated size 213553, actual size 212535
0 seconds elapsed



12 threads
reading c:\program files (x86)\steam\steamapps\common\sourcesdk_content\hl2mp\mapsrc\test.bsp
reading c:\program files (x86)\steam\steamapps\common\sourcesdk_content\hl2mp\mapsrc\test.prt
  37 portalclusters
  98 numportals
0...1...2...3...4...5...6...7...8...9...100...1...2...3...4...5...6...7...8...9...10Optimized: 0 visible clusters (0.00%)
Total clusters visible: 1341
Average clusters visible: 36
Building PAS...
Average clusters audible: 37
visdatasize:671  compressed from 592
writing c:\program files (x86)\steam\steamapps\common\sourcesdk_content\hl2mp\mapsrc\test.bsp
0 seconds elapsed



[Reading texlights from 'lights.rad']
[45 texlights parsed from 'lights.rad']

Loading c:\program files (x86)\steam\steamapps\common\sourcesdk_content\hl2mp\mapsrc\test.bsp
499 faces
35254 square feet [5076630.00 square inches]
0 Displacements
0 Square Feet [0.00 Square Inches]
499 patches before subdivision
13033 patches after subdivision
4 direct lights
0...1...2...3...4...5...6...7...8...9...100...1...2...3...4...5...6...7...8...9...10transfers 1831039, max 356
transfer lists:  14.0 megs
0...1...2...3...4...5...6...7...8...9...10	Bounce #1 added RGB(0, 0, 0)
Build Patch/Sample Hash Table(s).....Done<0.0028 sec>
0...1...2...3...4...5...6...7...8...9...10FinalLightFace Done
0 of 0 (0% of) surface lights went in leaf ambient cubes.
0...1...2...3...4...5...6...7...8...9...10Writing leaf ambient...done
Ready to Finish

Object names       Objects/Maxobjs  Memory / Maxmem  Fullness 
------------       ---------------  ---------------  -------- 
models                  30/1024         1440/49152    ( 2.9%) 
brushes                 76/8192          912/98304    ( 0.9%) 
brushsides             548/65536        4384/524288   ( 0.8%) 
planes                 680/65536       13600/1310720  ( 1.0%) 
vertexes               713/65536        8556/786432   ( 1.1%) 
nodes                  379/65536       12128/2097152  ( 0.6%) 
texinfos               104/12288        7488/884736   ( 0.8%) 
texdata                 13/2048          416/65536    ( 0.6%) 
dispinfos                0/0               0/0        ( 0.0%) 
disp_verts               0/0               0/0        ( 0.0%) 
disp_tris                0/0               0/0        ( 0.0%) 
disp_lmsamples           0/0               0/0        ( 0.0%) 
faces                  499/65536       27944/3670016  ( 0.8%) 
hdr faces                0/65536           0/3670016  ( 0.0%) 
origfaces              328/65536       18368/3670016  ( 0.5%) 
leaves                 410/65536       13120/2097152  ( 0.6%) 
leaffaces              649/65536        1298/131072   ( 1.0%) 
leafbrushes            100/65536         200/131072   ( 0.2%) 
areas                    2/256            16/2048     ( 0.8%) 
surfedges             3595/512000      14380/2048000  ( 0.7%) 
edges                 1891/256000       7564/1024000  ( 0.7%) 
LDR worldlights          4/8192          352/720896   ( 0.0%) 
HDR worldlights          0/8192            0/720896   ( 0.0%) 
leafwaterdata            0/32768           0/393216   ( 0.0%) 
waterstrips             11/32768         110/327680   ( 0.0%) 
waterverts               0/65536           0/786432   ( 0.0%) 
waterindices           150/65536         300/131072   ( 0.2%) 
cubemapsamples           1/1024           16/16384    ( 0.1%) 
overlays                 0/512             0/180224   ( 0.0%) 
LDR lightdata         [variable]     1198816/0        ( 0.0%) 
HDR lightdata         [variable]           0/0        ( 0.0%) 
visdata               [variable]         671/16777216 ( 0.0%) 
entdata               [variable]       27684/393216   ( 7.0%) 
LDR ambient table      410/65536        1640/262144   ( 0.6%) 
HDR ambient table      410/65536        1640/262144   ( 0.6%) 
LDR leaf ambient       300/65536        8400/1835008  ( 0.5%) 
HDR leaf ambient       410/65536       11480/1835008  ( 0.6%) 
occluders                0/0               0/0        ( 0.0%) 
occluder polygons        0/0               0/0        ( 0.0%) 
occluder vert ind        0/0               0/0        ( 0.0%) 
detail props          [variable]           1/12       ( 8.3%) 
static props          [variable]           1/12       ( 8.3%) 
pakfile               [variable]      212535/0        ( 0.0%) 
physics               [variable]       38963/4194304  ( 0.9%) 
physics terrain       [variable]           2/1048576  ( 0.0%) 

Level flags = 0

Total triangle count: 1237
Writing c:\program files (x86)\steam\steamapps\common\sourcesdk_content\hl2mp\mapsrc\test.bsp
0 seconds elapsed



[Reading texlights from 'lights.rad']
[45 texlights parsed from 'lights.rad']

Loading c:\program files (x86)\steam\steamapps\common\sourcesdk_content\hl2mp\mapsrc\test.bsp
499 faces
35254 square feet [5076630.00 square inches]
0 Displacements
0 Square Feet [0.00 Square Inches]
499 patches before subdivision
13033 patches after subdivision
4 direct lights
0...1...2...3...4...5...6...7...8...9...100...1...2...3...4...5...6...7...8...9...10transfers 1831039, max 356
transfer lists:  14.0 megs
0...1...2...3...4...5...6...7...8...9...10	Bounce #1 added RGB(0, 0, 0)
Build Patch/Sample Hash Table(s).....Done<0.0028 sec>
0...1...2...3...4...5...6...7...8...9...10FinalLightFace Done
0 of 0 (0% of) surface lights went in leaf ambient cubes.
0...1...2...3...4...5...6...7...8...9...10Writing leaf ambient...done
Ready to Finish

Object names       Objects/Maxobjs  Memory / Maxmem  Fullness 
------------       ---------------  ---------------  -------- 
models                  30/1024         1440/49152    ( 2.9%) 
brushes                 76/8192          912/98304    ( 0.9%) 
brushsides             548/65536        4384/524288   ( 0.8%) 
planes                 680/65536       13600/1310720  ( 1.0%) 
vertexes               713/65536        8556/786432   ( 1.1%) 
nodes                  379/65536       12128/2097152  ( 0.6%) 
texinfos               104/12288        7488/884736   ( 0.8%) 
texdata                 13/2048          416/65536    ( 0.6%) 
dispinfos                0/0               0/0        ( 0.0%) 
disp_verts               0/0               0/0        ( 0.0%) 
disp_tris                0/0               0/0        ( 0.0%) 
disp_lmsamples           0/0               0/0        ( 0.0%) 
faces                  499/65536       27944/3670016  ( 0.8%) 
hdr faces              499/65536       27944/3670016  ( 0.8%) 
origfaces              328/65536       18368/3670016  ( 0.5%) 
leaves                 410/65536       13120/2097152  ( 0.6%) 
leaffaces              649/65536        1298/131072   ( 1.0%) 
leafbrushes            100/65536         200/131072   ( 0.2%) 
areas                    2/256            16/2048     ( 0.8%) 
surfedges             3595/512000      14380/2048000  ( 0.7%) 
edges                 1891/256000       7564/1024000  ( 0.7%) 
LDR worldlights          4/8192          352/720896   ( 0.0%) 
HDR worldlights          4/8192          352/720896   ( 0.0%) 
leafwaterdata            0/32768           0/393216   ( 0.0%) 
waterstrips             11/32768         110/327680   ( 0.0%) 
waterverts               0/65536           0/786432   ( 0.0%) 
waterindices           150/65536         300/131072   ( 0.2%) 
cubemapsamples           1/1024           16/16384    ( 0.1%) 
overlays                 0/512             0/180224   ( 0.0%) 
LDR lightdata         [variable]     1198816/0        ( 0.0%) 
HDR lightdata         [variable]     1198816/0        ( 0.0%) 
visdata               [variable]         671/16777216 ( 0.0%) 
entdata               [variable]       27684/393216   ( 7.0%) 
LDR ambient table      410/65536        1640/262144   ( 0.6%) 
HDR ambient table      410/65536        1640/262144   ( 0.6%) 
LDR leaf ambient       300/65536        8400/1835008  ( 0.5%) 
HDR leaf ambient       300/65536        8400/1835008  ( 0.5%) 
occluders                0/0               0/0        ( 0.0%) 
occluder polygons        0/0               0/0        ( 0.0%) 
occluder vert ind        0/0               0/0        ( 0.0%) 
detail props          [variable]           1/12       ( 8.3%) 
static props          [variable]           1/12       ( 8.3%) 
pakfile               [variable]      212535/0        ( 0.0%) 
physics               [variable]       38963/4194304  ( 0.9%) 
physics terrain       [variable]           2/1048576  ( 0.0%) 

Level flags = 0

Total triangle count: 1237
Writing c:\program files (x86)\steam\steamapps\common\sourcesdk_content\hl2mp\mapsrc\test.bsp
0 seconds elapsed



materialPath: C:\Program Files (x86)\Steam\steamapps\common\Half-Life 2 Deathmatch\hl2mp\materials
Loading C:\Program Files (x86)\Steam\steamapps\common\sourcesdk_content\hl2mp\mapsrc\test.vmf
ConVarRef mat_reduceparticles doesn't point to an existing ConVar
Could not locate 'GameData' key in c:\program files (x86)\steam\steamapps\common\half-life 2 deathmatch\hl2mp\gameinfo.txt
Patching WVT material: maps/test/dev/dev_blendmeasure_wvt_patch
fixing up env_cubemap materials on brush sides...
0...1...2...3...4...5...6...7...8...9...100...1...2...3...4...5...6...7...8...9...10Processing areas...done (0)
Building Faces...done (0)
FixTjuncs...
PruneNodes...
WriteBSP...
done (0)
writing C:\Program Files (x86)\Steam\steamapps\common\sourcesdk_content\hl2mp\mapsrc\test.prt...Building visibility clusters...
done (0)
Creating default LDR cubemaps for env_cubemap using skybox materials:
   skybox/sky_day01_01*.vmt
 ! Run buildcubemaps in the engine to get the correct cube maps.
Creating default HDR cubemaps for env_cubemap using skybox materials:
   skybox/sky_day01_01*.vmt
 ! Run buildcubemaps in the engine to get the correct cube maps.
Finding displacement neighbors...
Finding lightmap sample positions...
Displacement Alpha : 0...1...2...3...4...5...6...7...8...9...10
Building Physics collision data...
done (0) (38963 bytes)
Placing detail props : 0...1...2...3...4...5...6...7...8...9...10
Compacting texture/material tables...
Reduced 217 texinfos to 104
Reduced 18 texdatas to 13 (511 bytes to 391)
Writing C:\Program Files (x86)\Steam\steamapps\common\sourcesdk_content\hl2mp\mapsrc\test.bsp
Wrote ZIP buffer, estimated size 213553, actual size 212535
0 seconds elapsed



12 threads
reading c:\program files (x86)\steam\steamapps\common\sourcesdk_content\hl2mp\mapsrc\test.bsp
reading c:\program files (x86)\steam\steamapps\common\sourcesdk_content\hl2mp\mapsrc\test.prt
  37 portalclusters
  98 numportals
0...1...2...3...4...5...6...7...8...9...100...1...2...3...4...5...6...7...8...9...10Optimized: 0 visible clusters (0.00%)
Total clusters visible: 1341
Average clusters visible: 36
Building PAS...
Average clusters audible: 37
visdatasize:671  compressed from 592
writing c:\program files (x86)\steam\steamapps\common\sourcesdk_content\hl2mp\mapsrc\test.bsp
0 seconds elapsed



[Reading texlights from 'lights.rad']
[45 texlights parsed from 'lights.rad']

Loading c:\program files (x86)\steam\steamapps\common\sourcesdk_content\hl2mp\mapsrc\test.bsp
499 faces
35254 square feet [5076630.00 square inches]
0 Displacements
0 Square Feet [0.00 Square Inches]
499 patches before subdivision
13033 patches after subdivision
4 direct lights
0...1...2...3...4...5...6...7...8...9...100...1...2...3...4...5...6...7...8...9...10transfers 1831039, max 356
transfer lists:  14.0 megs
0...1...2...3...4...5...6...7...8...9...10	Bounce #1 added RGB(0, 0, 0)
Build Patch/Sample Hash Table(s).....Done<0.0028 sec>
0...1...2...3...4...5...6...7...8...9...10FinalLightFace Done
0 of 0 (0% of) surface lights went in leaf ambient cubes.
0...1...2...3...4...5...6...7...8...9...10Writing leaf ambient...done
Ready to Finish

Object names       Objects/Maxobjs  Memory / Maxmem  Fullness 
------------       ---------------  ---------------  -------- 
models                  30/1024         1440/49152    ( 2.9%) 
brushes                 76/8192          912/98304    ( 0.9%) 
brushsides             548/65536        4384/524288   ( 0.8%) 
planes                 680/65536       13600/1310720  ( 1.0%) 
vertexes               713/65536        8556/786432   ( 1.1%) 
nodes                  379/65536       12128/2097152  ( 0.6%) 
texinfos               104/12288        7488/884736   ( 0.8%) 
texdata                 13/2048          416/65536    ( 0.6%) 
dispinfos                0/0               0/0        ( 0.0%) 
disp_verts               0/0               0/0        ( 0.0%) 
disp_tris                0/0               0/0        ( 0.0%) 
disp_lmsamples           0/0               0/0        ( 0.0%) 
faces                  499/65536       27944/3670016  ( 0.8%) 
hdr faces                0/65536           0/3670016  ( 0.0%) 
origfaces              328/65536       18368/3670016  ( 0.5%) 
leaves                 410/65536       13120/2097152  ( 0.6%) 
leaffaces              649/65536        1298/131072   ( 1.0%) 
leafbrushes            100/65536         200/131072   ( 0.2%) 
areas                    2/256            16/2048     ( 0.8%) 
surfedges             3595/512000      14380/2048000  ( 0.7%) 
edges                 1891/256000       7564/1024000  ( 0.7%) 
LDR worldlights          4/8192          352/720896   ( 0.0%) 
HDR worldlights          0/8192            0/720896   ( 0.0%) 
leafwaterdata            0/32768           0/393216   ( 0.0%) 
waterstrips             11/32768         110/327680   ( 0.0%) 
waterverts               0/65536           0/786432   ( 0.0%) 
waterindices           150/65536         300/131072   ( 0.2%) 
cubemapsamples           1/1024           16/16384    ( 0.1%) 
overlays                 0/512             0/180224   ( 0.0%) 
LDR lightdata         [variable]     1198816/0        ( 0.0%) 
HDR lightdata         [variable]           0/0        ( 0.0%) 
visdata               [variable]         671/16777216 ( 0.0%) 
entdata               [variable]       27684/393216   ( 7.0%) 
LDR ambient table      410/65536        1640/262144   ( 0.6%) 
HDR ambient table      410/65536        1640/262144   ( 0.6%) 
LDR leaf ambient       300/65536        8400/1835008  ( 0.5%) 
HDR leaf ambient       410/65536       11480/1835008  ( 0.6%) 
occluders                0/0               0/0        ( 0.0%) 
occluder polygons        0/0               0/0        ( 0.0%) 
occluder vert ind        0/0               0/0        ( 0.0%) 
detail props          [variable]           1/12       ( 8.3%) 
static props          [variable]           1/12       ( 8.3%) 
pakfile               [variable]      212535/0        ( 0.0%) 
physics               [variable]       38963/4194304  ( 0.9%) 
physics terrain       [variable]           2/1048576  ( 0.0%) 

Level flags = 0

Total triangle count: 1237
Writing c:\program files (x86)\steam\steamapps\common\sourcesdk_content\hl2mp\mapsrc\test.bsp
0 seconds elapsed



[Reading texlights from 'lights.rad']
[45 texlights parsed from 'lights.rad']

Loading c:\program files (x86)\steam\steamapps\common\sourcesdk_content\hl2mp\mapsrc\test.bsp
499 faces
35254 square feet [5076630.00 square inches]
0 Displacements
0 Square Feet [0.00 Square Inches]
499 patches before subdivision
13033 patches after subdivision
4 direct lights
0...1...2...3...4...5...6...7...8...9...100...1...2...3...4...5...6...7...8...9...10transfers 1831039, max 356
transfer lists:  14.0 megs
0...1...2...3...4...5...6...7...8...9...10	Bounce #1 added RGB(0, 0, 0)
Build Patch/Sample Hash Table(s).....Done<0.0027 sec>
0...1...2...3...4...5...6...7...8...9...10FinalLightFace Done
0 of 0 (0% of) surface lights went in leaf ambient cubes.
0...1...2...3...4...5...6...7...8...9...10Writing leaf ambient...done
Ready to Finish

Object names       Objects/Maxobjs  Memory / Maxmem  Fullness 
------------       ---------------  ---------------  -------- 
models                  30/1024         1440/49152    ( 2.9%) 
brushes                 76/8192          912/98304    ( 0.9%) 
brushsides             548/65536        4384/524288   ( 0.8%) 
planes                 680/65536       13600/1310720  ( 1.0%) 
vertexes               713/65536        8556/786432   ( 1.1%) 
nodes                  379/65536       12128/2097152  ( 0.6%) 
texinfos               104/12288        7488/884736   ( 0.8%) 
texdata                 13/2048          416/65536    ( 0.6%) 
dispinfos                0/0               0/0        ( 0.0%) 
disp_verts               0/0               0/0        ( 0.0%) 
disp_tris                0/0               0/0        ( 0.0%) 
disp_lmsamples           0/0               0/0        ( 0.0%) 
faces                  499/65536       27944/3670016  ( 0.8%) 
hdr faces              499/65536       27944/3670016  ( 0.8%) 
origfaces              328/65536       18368/3670016  ( 0.5%) 
leaves                 410/65536       13120/2097152  ( 0.6%) 
leaffaces              649/65536        1298/131072   ( 1.0%) 
leafbrushes            100/65536         200/131072   ( 0.2%) 
areas                    2/256            16/2048     ( 0.8%) 
surfedges             3595/512000      14380/2048000  ( 0.7%) 
edges                 1891/256000       7564/1024000  ( 0.7%) 
LDR worldlights          4/8192          352/720896   ( 0.0%) 
HDR worldlights          4/8192          352/720896   ( 0.0%) 
leafwaterdata            0/32768           0/393216   ( 0.0%) 
waterstrips             11/32768         110/327680   ( 0.0%) 
waterverts               0/65536           0/786432   ( 0.0%) 
waterindices           150/65536         300/131072   ( 0.2%) 
cubemapsamples           1/1024           16/16384    ( 0.1%) 
overlays                 0/512             0/180224   ( 0.0%) 
LDR lightdata         [variable]     1198816/0        ( 0.0%) 
HDR lightdata         [variable]     1198816/0        ( 0.0%) 
visdata               [variable]         671/16777216 ( 0.0%) 
entdata               [variable]       27684/393216   ( 7.0%) 
LDR ambient table      410/65536        1640/262144   ( 0.6%) 
HDR ambient table      410/65536        1640/262144   ( 0.6%) 
LDR leaf ambient       300/65536        8400/1835008  ( 0.5%) 
HDR leaf ambient       300/65536        8400/1835008  ( 0.5%) 
occluders                0/0               0/0        ( 0.0%) 
occluder polygons        0/0               0/0        ( 0.0%) 
occluder vert ind        0/0               0/0        ( 0.0%) 
detail props          [variable]           1/12       ( 8.3%) 
static props          [variable]           1/12       ( 8.3%) 
pakfile               [variable]      212535/0        ( 0.0%) 
physics               [variable]       38963/4194304  ( 0.9%) 
physics terrain       [variable]           2/1048576  ( 0.0%) 

Level flags = 0

Total triangle count: 1237
Writing c:\program files (x86)\steam\steamapps\common\sourcesdk_content\hl2mp\mapsrc\test.bsp
0 seconds elapsed



materialPath: C:\Program Files (x86)\Steam\steamapps\common\Half-Life 2 Deathmatch\hl2mp\materials
Loading C:\Program Files (x86)\Steam\steamapps\common\sourcesdk_content\hl2mp\mapsrc\test.vmf
ConVarRef mat_reduceparticles doesn't point to an existing ConVar
Could not locate 'GameData' key in c:\program files (x86)\steam\steamapps\common\half-life 2 deathmatch\hl2mp\gameinfo.txt
Patching WVT material: maps/test/dev/dev_blendmeasure_wvt_patch
fixing up env_cubemap materials on brush sides...
0...1...2...3...4...5...6...7...8...9...100...1...2...3...4...5...6...7...8...9...10Processing areas...done (0)
Building Faces...done (0)
FixTjuncs...
PruneNodes...
WriteBSP...
done (0)
writing C:\Program Files (x86)\Steam\steamapps\common\sourcesdk_content\hl2mp\mapsrc\test.prt...Building visibility clusters...
done (0)
Creating default LDR cubemaps for env_cubemap using skybox materials:
   skybox/sky_day01_01*.vmt
 ! Run buildcubemaps in the engine to get the correct cube maps.
Creating default HDR cubemaps for env_cubemap using skybox materials:
   skybox/sky_day01_01*.vmt
 ! Run buildcubemaps in the engine to get the correct cube maps.
Finding displacement neighbors...
Finding lightmap sample positions...
Displacement Alpha : 0...1...2...3...4...5...6...7...8...9...10
Building Physics collision data...
done (0) (38963 bytes)
Placing detail props : 0...1...2...3...4...5...6...7...8...9...10
Compacting texture/material tables...
Reduced 217 texinfos to 104
Reduced 18 texdatas to 13 (511 bytes to 391)
Writing C:\Program Files (x86)\Steam\steamapps\common\sourcesdk_content\hl2mp\mapsrc\test.bsp
Wrote ZIP buffer, estimated size 213553, actual size 212535
0 seconds elapsed



12 threads
reading c:\program files (x86)\steam\steamapps\common\sourcesdk_content\hl2mp\mapsrc\test.bsp
reading c:\program files (x86)\steam\steamapps\common\sourcesdk_content\hl2mp\mapsrc\test.prt
  37 portalclusters
  98 numportals
0...1...2...3...4...5...6...7...8...9...100...1...2...3...4...5...6...7...8...9...10Optimized: 0 visible clusters (0.00%)
Total clusters visible: 1341
Average clusters visible: 36
Building PAS...
Average clusters audible: 37
visdatasize:671  compressed from 592
writing c:\program files (x86)\steam\steamapps\common\sourcesdk_content\hl2mp\mapsrc\test.bsp
0 seconds elapsed



[Reading texlights from 'lights.rad']
[45 texlights parsed from 'lights.rad']

Loading c:\program files (x86)\steam\steamapps\common\sourcesdk_content\hl2mp\mapsrc\test.bsp
499 faces
35254 square feet [5076630.00 square inches]
0 Displacements
0 Square Feet [0.00 Square Inches]
499 patches before subdivision
13033 patches after subdivision
4 direct lights
0...1...2...3...4...5...6...7...8...9...100...1...2...3...4...5...6...7...8...9...10transfers 1831039, max 356
transfer lists:  14.0 megs
0...1...2...3...4...5...6...7...8...9...10	Bounce #1 added RGB(0, 0, 0)
Build Patch/Sample Hash Table(s).....Done<0.0027 sec>
0...1...2...3...4...5...6...7...8...9...10FinalLightFace Done
0 of 0 (0% of) surface lights went in leaf ambient cubes.
0...1...2...3...4...5...6...7...8...9...10Writing leaf ambient...done
Ready to Finish

Object names       Objects/Maxobjs  Memory / Maxmem  Fullness 
------------       ---------------  ---------------  -------- 
models                  30/1024         1440/49152    ( 2.9%) 
brushes                 76/8192          912/98304    ( 0.9%) 
brushsides             548/65536        4384/524288   ( 0.8%) 
planes                 680/65536       13600/1310720  ( 1.0%) 
vertexes               713/65536        8556/786432   ( 1.1%) 
nodes                  379/65536       12128/2097152  ( 0.6%) 
texinfos               104/12288        7488/884736   ( 0.8%) 
texdata                 13/2048          416/65536    ( 0.6%) 
dispinfos                0/0               0/0        ( 0.0%) 
disp_verts               0/0               0/0        ( 0.0%) 
disp_tris                0/0               0/0        ( 0.0%) 
disp_lmsamples           0/0               0/0        ( 0.0%) 
faces                  499/65536       27944/3670016  ( 0.8%) 
hdr faces                0/65536           0/3670016  ( 0.0%) 
origfaces              328/65536       18368/3670016  ( 0.5%) 
leaves                 410/65536       13120/2097152  ( 0.6%) 
leaffaces              649/65536        1298/131072   ( 1.0%) 
leafbrushes            100/65536         200/131072   ( 0.2%) 
areas                    2/256            16/2048     ( 0.8%) 
surfedges             3595/512000      14380/2048000  ( 0.7%) 
edges                 1891/256000       7564/1024000  ( 0.7%) 
LDR worldlights          4/8192          352/720896   ( 0.0%) 
HDR worldlights          0/8192            0/720896   ( 0.0%) 
leafwaterdata            0/32768           0/393216   ( 0.0%) 
waterstrips             11/32768         110/327680   ( 0.0%) 
waterverts               0/65536           0/786432   ( 0.0%) 
waterindices           150/65536         300/131072   ( 0.2%) 
cubemapsamples           1/1024           16/16384    ( 0.1%) 
overlays                 0/512             0/180224   ( 0.0%) 
LDR lightdata         [variable]     1198816/0        ( 0.0%) 
HDR lightdata         [variable]           0/0        ( 0.0%) 
visdata               [variable]         671/16777216 ( 0.0%) 
entdata               [variable]       27945/393216   ( 7.1%) 
LDR ambient table      410/65536        1640/262144   ( 0.6%) 
HDR ambient table      410/65536        1640/262144   ( 0.6%) 
LDR leaf ambient       300/65536        8400/1835008  ( 0.5%) 
HDR leaf ambient       410/65536       11480/1835008  ( 0.6%) 
occluders                0/0               0/0        ( 0.0%) 
occluder polygons        0/0               0/0        ( 0.0%) 
occluder vert ind        0/0               0/0        ( 0.0%) 
detail props          [variable]           1/12       ( 8.3%) 
static props          [variable]           1/12       ( 8.3%) 
pakfile               [variable]      212535/0        ( 0.0%) 
physics               [variable]       38963/4194304  ( 0.9%) 
physics terrain       [variable]           2/1048576  ( 0.0%) 

Level flags = 0

Total triangle count: 1237
Writing c:\program files (x86)\steam\steamapps\common\sourcesdk_content\hl2mp\mapsrc\test.bsp
0 seconds elapsed



[Reading texlights from 'lights.rad']
[45 texlights parsed from 'lights.rad']

Loading c:\program files (x86)\steam\steamapps\common\sourcesdk_content\hl2mp\mapsrc\test.bsp
499 faces
35254 square feet [5076630.00 square inches]
0 Displacements
0 Square Feet [0.00 Square Inches]
499 patches before subdivision
13033 patches after subdivision
4 direct lights
0...1...2...3...4...5...6...7...8...9...100...1...2...3...4...5...6...7...8...9...10transfers 1831039, max 356
transfer lists:  14.0 megs
0...1...2...3...4...5...6...7...8...9...10	Bounce #1 added RGB(0, 0, 0)
Build Patch/Sample Hash Table(s).....Done<0.0028 sec>
0...1...2...3...4...5...6...7...8...9...10FinalLightFace Done
0 of 0 (0% of) surface lights went in leaf ambient cubes.
0...1...2...3...4...5...6...7...8...9...10Writing leaf ambient...done
Ready to Finish

Object names       Objects/Maxobjs  Memory / Maxmem  Fullness 
------------       ---------------  ---------------  -------- 
models                  30/1024         1440/49152    ( 2.9%) 
brushes                 76/8192          912/98304    ( 0.9%) 
brushsides             548/65536        4384/524288   ( 0.8%) 
planes                 680/65536       13600/1310720  ( 1.0%) 
vertexes               713/65536        8556/786432   ( 1.1%) 
nodes                  379/65536       12128/2097152  ( 0.6%) 
texinfos               104/12288        7488/884736   ( 0.8%) 
texdata                 13/2048          416/65536    ( 0.6%) 
dispinfos                0/0               0/0        ( 0.0%) 
disp_verts               0/0               0/0        ( 0.0%) 
disp_tris                0/0               0/0        ( 0.0%) 
disp_lmsamples           0/0               0/0        ( 0.0%) 
faces                  499/65536       27944/3670016  ( 0.8%) 
hdr faces              499/65536       27944/3670016  ( 0.8%) 
origfaces              328/65536       18368/3670016  ( 0.5%) 
leaves                 410/65536       13120/2097152  ( 0.6%) 
leaffaces              649/65536        1298/131072   ( 1.0%) 
leafbrushes            100/65536         200/131072   ( 0.2%) 
areas                    2/256            16/2048     ( 0.8%) 
surfedges             3595/512000      14380/2048000  ( 0.7%) 
edges                 1891/256000       7564/1024000  ( 0.7%) 
LDR worldlights          4/8192          352/720896   ( 0.0%) 
HDR worldlights          4/8192          352/720896   ( 0.0%) 
leafwaterdata            0/32768           0/393216   ( 0.0%) 
waterstrips             11/32768         110/327680   ( 0.0%) 
waterverts               0/65536           0/786432   ( 0.0%) 
waterindices           150/65536         300/131072   ( 0.2%) 
cubemapsamples           1/1024           16/16384    ( 0.1%) 
overlays                 0/512             0/180224   ( 0.0%) 
LDR lightdata         [variable]     1198816/0        ( 0.0%) 
HDR lightdata         [variable]     1198816/0        ( 0.0%) 
visdata               [variable]         671/16777216 ( 0.0%) 
entdata               [variable]       27945/393216   ( 7.1%) 
LDR ambient table      410/65536        1640/262144   ( 0.6%) 
HDR ambient table      410/65536        1640/262144   ( 0.6%) 
LDR leaf ambient       300/65536        8400/1835008  ( 0.5%) 
HDR leaf ambient       300/65536        8400/1835008  ( 0.5%) 
occluders                0/0               0/0        ( 0.0%) 
occluder polygons        0/0               0/0        ( 0.0%) 
occluder vert ind        0/0               0/0        ( 0.0%) 
detail props          [variable]           1/12       ( 8.3%) 
static props          [variable]           1/12       ( 8.3%) 
pakfile               [variable]      212535/0        ( 0.0%) 
physics               [variable]       38963/4194304  ( 0.9%) 
physics terrain       [variable]           2/1048576  ( 0.0%) 

Level flags = 0

Total triangle count: 1237
Writing c:\program files (x86)\steam\steamapps\common\sourcesdk_content\hl2mp\mapsrc\test.bsp
1 second elapsed



materialPath: C:\Program Files (x86)\Steam\steamapps\common\Half-Life 2 Deathmatch\hl2mp\materials
Loading C:\Program Files (x86)\Steam\steamapps\common\sourcesdk_content\hl2mp\mapsrc\test.vmf
ConVarRef mat_reduceparticles doesn't point to an existing ConVar
Could not locate 'GameData' key in c:\program files (x86)\steam\steamapps\common\half-life 2 deathmatch\hl2mp\gameinfo.txt
Patching WVT material: maps/test/dev/dev_blendmeasure_wvt_patch
fixing up env_cubemap materials on brush sides...
0...1...2...3...4...5...6...7...8...9...100...1...2...3...4...5...6...7...8...9...10Processing areas...done (0)
Building Faces...done (0)
FixTjuncs...
PruneNodes...
WriteBSP...
done (0)
writing C:\Program Files (x86)\Steam\steamapps\common\sourcesdk_content\hl2mp\mapsrc\test.prt...Building visibility clusters...
done (0)
Creating default LDR cubemaps for env_cubemap using skybox materials:
   skybox/sky_day01_01*.vmt
 ! Run buildcubemaps in the engine to get the correct cube maps.
Creating default HDR cubemaps for env_cubemap using skybox materials:
   skybox/sky_day01_01*.vmt
 ! Run buildcubemaps in the engine to get the correct cube maps.
Finding displacement neighbors...
Finding lightmap sample positions...
Displacement Alpha : 0...1...2...3...4...5...6...7...8...9...10
Building Physics collision data...
done (0) (38963 bytes)
Placing detail props : 0...1...2...3...4...5...6...7...8...9...10
Compacting texture/material tables...
Reduced 217 texinfos to 104
Reduced 18 texdatas to 13 (511 bytes to 391)
Writing C:\Program Files (x86)\Steam\steamapps\common\sourcesdk_content\hl2mp\mapsrc\test.bsp
Wrote ZIP buffer, estimated size 213553, actual size 212535
0 seconds elapsed



12 threads
reading c:\program files (x86)\steam\steamapps\common\sourcesdk_content\hl2mp\mapsrc\test.bsp
reading c:\program files (x86)\steam\steamapps\common\sourcesdk_content\hl2mp\mapsrc\test.prt
  37 portalclusters
  98 numportals
0...1...2...3...4...5...6...7...8...9...100...1...2...3...4...5...6...7...8...9...10Optimized: 0 visible clusters (0.00%)
Total clusters visible: 1341
Average clusters visible: 36
Building PAS...
Average clusters audible: 37
visdatasize:671  compressed from 592
writing c:\program files (x86)\steam\steamapps\common\sourcesdk_content\hl2mp\mapsrc\test.bsp
0 seconds elapsed



[Reading texlights from 'lights.rad']
[45 texlights parsed from 'lights.rad']

Loading c:\program files (x86)\steam\steamapps\common\sourcesdk_content\hl2mp\mapsrc\test.bsp
499 faces
35254 square feet [5076630.00 square inches]
0 Displacements
0 Square Feet [0.00 Square Inches]
499 patches before subdivision
13033 patches after subdivision
4 direct lights
0...1...2...3...4...5...6...7...8...9...100...1...2...3...4...5...6...7...8...9...10transfers 1831039, max 356
transfer lists:  14.0 megs
0...1...2...3...4...5...6...7...8...9...10	Bounce #1 added RGB(0, 0, 0)
Build Patch/Sample Hash Table(s).....Done<0.0028 sec>
0...1...2...3...4...5...6...7...8...9...10FinalLightFace Done
0 of 0 (0% of) surface lights went in leaf ambient cubes.
0...1...2...3...4...5...6...7...8...9...10Writing leaf ambient...done
Ready to Finish

Object names       Objects/Maxobjs  Memory / Maxmem  Fullness 
------------       ---------------  ---------------  -------- 
models                  30/1024         1440/49152    ( 2.9%) 
brushes                 76/8192          912/98304    ( 0.9%) 
brushsides             548/65536        4384/524288   ( 0.8%) 
planes                 680/65536       13600/1310720  ( 1.0%) 
vertexes               713/65536        8556/786432   ( 1.1%) 
nodes                  379/65536       12128/2097152  ( 0.6%) 
texinfos               104/12288        7488/884736   ( 0.8%) 
texdata                 13/2048          416/65536    ( 0.6%) 
dispinfos                0/0               0/0        ( 0.0%) 
disp_verts               0/0               0/0        ( 0.0%) 
disp_tris                0/0               0/0        ( 0.0%) 
disp_lmsamples           0/0               0/0        ( 0.0%) 
faces                  499/65536       27944/3670016  ( 0.8%) 
hdr faces                0/65536           0/3670016  ( 0.0%) 
origfaces              328/65536       18368/3670016  ( 0.5%) 
leaves                 410/65536       13120/2097152  ( 0.6%) 
leaffaces              649/65536        1298/131072   ( 1.0%) 
leafbrushes            100/65536         200/131072   ( 0.2%) 
areas                    2/256            16/2048     ( 0.8%) 
surfedges             3595/512000      14380/2048000  ( 0.7%) 
edges                 1891/256000       7564/1024000  ( 0.7%) 
LDR worldlights          4/8192          352/720896   ( 0.0%) 
HDR worldlights          0/8192            0/720896   ( 0.0%) 
leafwaterdata            0/32768           0/393216   ( 0.0%) 
waterstrips             11/32768         110/327680   ( 0.0%) 
waterverts               0/65536           0/786432   ( 0.0%) 
waterindices           150/65536         300/131072   ( 0.2%) 
cubemapsamples           1/1024           16/16384    ( 0.1%) 
overlays                 0/512             0/180224   ( 0.0%) 
LDR lightdata         [variable]     1198816/0        ( 0.0%) 
HDR lightdata         [variable]           0/0        ( 0.0%) 
visdata               [variable]         671/16777216 ( 0.0%) 
entdata               [variable]       27701/393216   ( 7.0%) 
LDR ambient table      410/65536        1640/262144   ( 0.6%) 
HDR ambient table      410/65536        1640/262144   ( 0.6%) 
LDR leaf ambient       300/65536        8400/1835008  ( 0.5%) 
HDR leaf ambient       410/65536       11480/1835008  ( 0.6%) 
occluders                0/0               0/0        ( 0.0%) 
occluder polygons        0/0               0/0        ( 0.0%) 
occluder vert ind        0/0               0/0        ( 0.0%) 
detail props          [variable]           1/12       ( 8.3%) 
static props          [variable]           1/12       ( 8.3%) 
pakfile               [variable]      212535/0        ( 0.0%) 
physics               [variable]       38963/4194304  ( 0.9%) 
physics terrain       [variable]           2/1048576  ( 0.0%) 

Level flags = 0

Total triangle count: 1237
Writing c:\program files (x86)\steam\steamapps\common\sourcesdk_content\hl2mp\mapsrc\test.bsp
0 seconds elapsed



[Reading texlights from 'lights.rad']
[45 texlights parsed from 'lights.rad']

Loading c:\program files (x86)\steam\steamapps\common\sourcesdk_content\hl2mp\mapsrc\test.bsp
499 faces
35254 square feet [5076630.00 square inches]
0 Displacements
0 Square Feet [0.00 Square Inches]
499 patches before subdivision
13033 patches after subdivision
4 direct lights
0...1...2...3...4...5...6...7...8...9...100...1...2...3...4...5...6...7...8...9...10transfers 1831039, max 356
transfer lists:  14.0 megs
0...1...2...3...4...5...6...7...8...9...10	Bounce #1 added RGB(0, 0, 0)
Build Patch/Sample Hash Table(s).....Done<0.0028 sec>
0...1...2...3...4...5...6...7...8...9...10FinalLightFace Done
0 of 0 (0% of) surface lights went in leaf ambient cubes.
0...1...2...3...4...5...6...7...8...9...10Writing leaf ambient...done
Ready to Finish

Object names       Objects/Maxobjs  Memory / Maxmem  Fullness 
------------       ---------------  ---------------  -------- 
models                  30/1024         1440/49152    ( 2.9%) 
brushes                 76/8192          912/98304    ( 0.9%) 
brushsides             548/65536        4384/524288   ( 0.8%) 
planes                 680/65536       13600/1310720  ( 1.0%) 
vertexes               713/65536        8556/786432   ( 1.1%) 
nodes                  379/65536       12128/2097152  ( 0.6%) 
texinfos               104/12288        7488/884736   ( 0.8%) 
texdata                 13/2048          416/65536    ( 0.6%) 
dispinfos                0/0               0/0        ( 0.0%) 
disp_verts               0/0               0/0        ( 0.0%) 
disp_tris                0/0               0/0        ( 0.0%) 
disp_lmsamples           0/0               0/0        ( 0.0%) 
faces                  499/65536       27944/3670016  ( 0.8%) 
hdr faces              499/65536       27944/3670016  ( 0.8%) 
origfaces              328/65536       18368/3670016  ( 0.5%) 
leaves                 410/65536       13120/2097152  ( 0.6%) 
leaffaces              649/65536        1298/131072   ( 1.0%) 
leafbrushes            100/65536         200/131072   ( 0.2%) 
areas                    2/256            16/2048     ( 0.8%) 
surfedges             3595/512000      14380/2048000  ( 0.7%) 
edges                 1891/256000       7564/1024000  ( 0.7%) 
LDR worldlights          4/8192          352/720896   ( 0.0%) 
HDR worldlights          4/8192          352/720896   ( 0.0%) 
leafwaterdata            0/32768           0/393216   ( 0.0%) 
waterstrips             11/32768         110/327680   ( 0.0%) 
waterverts               0/65536           0/786432   ( 0.0%) 
waterindices           150/65536         300/131072   ( 0.2%) 
cubemapsamples           1/1024           16/16384    ( 0.1%) 
overlays                 0/512             0/180224   ( 0.0%) 
LDR lightdata         [variable]     1198816/0        ( 0.0%) 
HDR lightdata         [variable]     1198816/0        ( 0.0%) 
visdata               [variable]         671/16777216 ( 0.0%) 
entdata               [variable]       27701/393216   ( 7.0%) 
LDR ambient table      410/65536        1640/262144   ( 0.6%) 
HDR ambient table      410/65536        1640/262144   ( 0.6%) 
LDR leaf ambient       300/65536        8400/1835008  ( 0.5%) 
HDR leaf ambient       300/65536        8400/1835008  ( 0.5%) 
occluders                0/0               0/0        ( 0.0%) 
occluder polygons        0/0               0/0        ( 0.0%) 
occluder vert ind        0/0               0/0        ( 0.0%) 
detail props          [variable]           1/12       ( 8.3%) 
static props          [variable]           1/12       ( 8.3%) 
pakfile               [variable]      212535/0        ( 0.0%) 
physics               [variable]       38963/4194304  ( 0.9%) 
physics terrain       [variable]           2/1048576  ( 0.0%) 

Level flags = 0

Total triangle count: 1237
Writing c:\program files (x86)\steam\steamapps\common\sourcesdk_content\hl2mp\mapsrc\test.bsp
1 second elapsed



materialPath: C:\Program Files (x86)\Steam\steamapps\common\Half-Life 2 Deathmatch\hl2mp\materials
Loading C:\Program Files (x86)\Steam\steamapps\common\sourcesdk_content\hl2mp\mapsrc\test.vmf
ConVarRef mat_reduceparticles doesn't point to an existing ConVar
Could not locate 'GameData' key in c:\program files (x86)\steam\steamapps\common\half-life 2 deathmatch\hl2mp\gameinfo.txt
Patching WVT material: maps/test/dev/dev_blendmeasure_wvt_patch
fixing up env_cubemap materials on brush sides...
0...1...2...3...4...5...6...7...8...9...100...1...2...3...4...5...6...7...8...9...10Processing areas...done (0)
Building Faces...done (0)
FixTjuncs...
PruneNodes...
WriteBSP...
done (0)
writing C:\Program Files (x86)\Steam\steamapps\common\sourcesdk_content\hl2mp\mapsrc\test.prt...Building visibility clusters...
done (0)
Creating default LDR cubemaps for env_cubemap using skybox materials:
   skybox/sky_day01_01*.vmt
 ! Run buildcubemaps in the engine to get the correct cube maps.
Creating default HDR cubemaps for env_cubemap using skybox materials:
   skybox/sky_day01_01*.vmt
 ! Run buildcubemaps in the engine to get the correct cube maps.
Finding displacement neighbors...
Finding lightmap sample positions...
Displacement Alpha : 0...1...2...3...4...5...6...7...8...9...10
Building Physics collision data...
done (0) (38963 bytes)
Placing detail props : 0...1...2...3...4...5...6...7...8...9...10
Compacting texture/material tables...
Reduced 217 texinfos to 104
Reduced 18 texdatas to 13 (511 bytes to 391)
Writing C:\Program Files (x86)\Steam\steamapps\common\sourcesdk_content\hl2mp\mapsrc\test.bsp
Wrote ZIP buffer, estimated size 213553, actual size 212535
0 seconds elapsed



12 threads
reading c:\program files (x86)\steam\steamapps\common\sourcesdk_content\hl2mp\mapsrc\test.bsp
reading c:\program files (x86)\steam\steamapps\common\sourcesdk_content\hl2mp\mapsrc\test.prt
  37 portalclusters
  98 numportals
0...1...2...3...4...5...6...7...8...9...100...1...2...3...4...5...6...7...8...9...10Optimized: 0 visible clusters (0.00%)
Total clusters visible: 1341
Average clusters visible: 36
Building PAS...
Average clusters audible: 37
visdatasize:671  compressed from 592
writing c:\program files (x86)\steam\steamapps\common\sourcesdk_content\hl2mp\mapsrc\test.bsp
0 seconds elapsed



[Reading texlights from 'lights.rad']
[45 texlights parsed from 'lights.rad']

Loading c:\program files (x86)\steam\steamapps\common\sourcesdk_content\hl2mp\mapsrc\test.bsp
499 faces
35254 square feet [5076630.00 square inches]
0 Displacements
0 Square Feet [0.00 Square Inches]
499 patches before subdivision
13033 patches after subdivision
4 direct lights
0...1...2...3...4...5...6...7...8...9...100...1...2...3...4...5...6...7...8...9...10transfers 1831039, max 356
transfer lists:  14.0 megs
0...1...2...3...4...5...6...7...8...9...10	Bounce #1 added RGB(0, 0, 0)
Build Patch/Sample Hash Table(s).....Done<0.0027 sec>
0...1...2...3...4...5...6...7...8...9...10FinalLightFace Done
0 of 0 (0% of) surface lights went in leaf ambient cubes.
0...1...2...3...4...5...6...7...8...9...10Writing leaf ambient...done
Ready to Finish

Object names       Objects/Maxobjs  Memory / Maxmem  Fullness 
------------       ---------------  ---------------  -------- 
models                  30/1024         1440/49152    ( 2.9%) 
brushes                 76/8192          912/98304    ( 0.9%) 
brushsides             548/65536        4384/524288   ( 0.8%) 
planes                 680/65536       13600/1310720  ( 1.0%) 
vertexes               713/65536        8556/786432   ( 1.1%) 
nodes                  379/65536       12128/2097152  ( 0.6%) 
texinfos               104/12288        7488/884736   ( 0.8%) 
texdata                 13/2048          416/65536    ( 0.6%) 
dispinfos                0/0               0/0        ( 0.0%) 
disp_verts               0/0               0/0        ( 0.0%) 
disp_tris                0/0               0/0        ( 0.0%) 
disp_lmsamples           0/0               0/0        ( 0.0%) 
faces                  499/65536       27944/3670016  ( 0.8%) 
hdr faces                0/65536           0/3670016  ( 0.0%) 
origfaces              328/65536       18368/3670016  ( 0.5%) 
leaves                 410/65536       13120/2097152  ( 0.6%) 
leaffaces              649/65536        1298/131072   ( 1.0%) 
leafbrushes            100/65536         200/131072   ( 0.2%) 
areas                    2/256            16/2048     ( 0.8%) 
surfedges             3595/512000      14380/2048000  ( 0.7%) 
edges                 1891/256000       7564/1024000  ( 0.7%) 
LDR worldlights          4/8192          352/720896   ( 0.0%) 
HDR worldlights          0/8192            0/720896   ( 0.0%) 
leafwaterdata            0/32768           0/393216   ( 0.0%) 
waterstrips             11/32768         110/327680   ( 0.0%) 
waterverts               0/65536           0/786432   ( 0.0%) 
waterindices           150/65536         300/131072   ( 0.2%) 
cubemapsamples           1/1024           16/16384    ( 0.1%) 
overlays                 0/512             0/180224   ( 0.0%) 
LDR lightdata         [variable]     1198816/0        ( 0.0%) 
HDR lightdata         [variable]           0/0        ( 0.0%) 
visdata               [variable]         671/16777216 ( 0.0%) 
entdata               [variable]       27449/393216   ( 7.0%) 
LDR ambient table      410/65536        1640/262144   ( 0.6%) 
HDR ambient table      410/65536        1640/262144   ( 0.6%) 
LDR leaf ambient       300/65536        8400/1835008  ( 0.5%) 
HDR leaf ambient       410/65536       11480/1835008  ( 0.6%) 
occluders                0/0               0/0        ( 0.0%) 
occluder polygons        0/0               0/0        ( 0.0%) 
occluder vert ind        0/0               0/0        ( 0.0%) 
detail props          [variable]           1/12       ( 8.3%) 
static props          [variable]           1/12       ( 8.3%) 
pakfile               [variable]      212535/0        ( 0.0%) 
physics               [variable]       38963/4194304  ( 0.9%) 
physics terrain       [variable]           2/1048576  ( 0.0%) 

Level flags = 0

Total triangle count: 1237
Writing c:\program files (x86)\steam\steamapps\common\sourcesdk_content\hl2mp\mapsrc\test.bsp
0 seconds elapsed



[Reading texlights from 'lights.rad']
[45 texlights parsed from 'lights.rad']

Loading c:\program files (x86)\steam\steamapps\common\sourcesdk_content\hl2mp\mapsrc\test.bsp
499 faces
35254 square feet [5076630.00 square inches]
0 Displacements
0 Square Feet [0.00 Square Inches]
499 patches before subdivision
13033 patches after subdivision
4 direct lights
0...1...2...3...4...5...6...7...8...9...100...1...2...3...4...5...6...7...8...9...10transfers 1831039, max 356
transfer lists:  14.0 megs
0...1...2...3...4...5...6...7...8...9...10	Bounce #1 added RGB(0, 0, 0)
Build Patch/Sample Hash Table(s).....Done<0.0028 sec>
0...1...2...3...4...5...6...7...8...9...10FinalLightFace Done
0 of 0 (0% of) surface lights went in leaf ambient cubes.
0...1...2...3...4...5...6...7...8...9...10Writing leaf ambient...done
Ready to Finish

Object names       Objects/Maxobjs  Memory / Maxmem  Fullness 
------------       ---------------  ---------------  -------- 
models                  30/1024         1440/49152    ( 2.9%) 
brushes                 76/8192          912/98304    ( 0.9%) 
brushsides             548/65536        4384/524288   ( 0.8%) 
planes                 680/65536       13600/1310720  ( 1.0%) 
vertexes               713/65536        8556/786432   ( 1.1%) 
nodes                  379/65536       12128/2097152  ( 0.6%) 
texinfos               104/12288        7488/884736   ( 0.8%) 
texdata                 13/2048          416/65536    ( 0.6%) 
dispinfos                0/0               0/0        ( 0.0%) 
disp_verts               0/0               0/0        ( 0.0%) 
disp_tris                0/0               0/0        ( 0.0%) 
disp_lmsamples           0/0               0/0        ( 0.0%) 
faces                  499/65536       27944/3670016  ( 0.8%) 
hdr faces              499/65536       27944/3670016  ( 0.8%) 
origfaces              328/65536       18368/3670016  ( 0.5%) 
leaves                 410/65536       13120/2097152  ( 0.6%) 
leaffaces              649/65536        1298/131072   ( 1.0%) 
leafbrushes            100/65536         200/131072   ( 0.2%) 
areas                    2/256            16/2048     ( 0.8%) 
surfedges             3595/512000      14380/2048000  ( 0.7%) 
edges                 1891/256000       7564/1024000  ( 0.7%) 
LDR worldlights          4/8192          352/720896   ( 0.0%) 
HDR worldlights          4/8192          352/720896   ( 0.0%) 
leafwaterdata            0/32768           0/393216   ( 0.0%) 
waterstrips             11/32768         110/327680   ( 0.0%) 
waterverts               0/65536           0/786432   ( 0.0%) 
waterindices           150/65536         300/131072   ( 0.2%) 
cubemapsamples           1/1024           16/16384    ( 0.1%) 
overlays                 0/512             0/180224   ( 0.0%) 
LDR lightdata         [variable]     1198816/0        ( 0.0%) 
HDR lightdata         [variable]     1198816/0        ( 0.0%) 
visdata               [variable]         671/16777216 ( 0.0%) 
entdata               [variable]       27449/393216   ( 7.0%) 
LDR ambient table      410/65536        1640/262144   ( 0.6%) 
HDR ambient table      410/65536        1640/262144   ( 0.6%) 
LDR leaf ambient       300/65536        8400/1835008  ( 0.5%) 
HDR leaf ambient       300/65536        8400/1835008  ( 0.5%) 
occluders                0/0               0/0        ( 0.0%) 
occluder polygons        0/0               0/0        ( 0.0%) 
occluder vert ind        0/0               0/0        ( 0.0%) 
detail props          [variable]           1/12       ( 8.3%) 
static props          [variable]           1/12       ( 8.3%) 
pakfile               [variable]      212535/0        ( 0.0%) 
physics               [variable]       38963/4194304  ( 0.9%) 
physics terrain       [variable]           2/1048576  ( 0.0%) 

Level flags = 0

Total triangle count: 1237
Writing c:\program files (x86)\steam\steamapps\common\sourcesdk_content\hl2mp\mapsrc\test.bsp
0 seconds elapsed



materialPath: C:\Program Files (x86)\Steam\steamapps\common\Half-Life 2 Deathmatch\hl2mp\materials
Loading C:\Program Files (x86)\Steam\steamapps\common\sourcesdk_content\hl2mp\mapsrc\test.vmf
ConVarRef mat_reduceparticles doesn't point to an existing ConVar
Could not locate 'GameData' key in c:\program files (x86)\steam\steamapps\common\half-life 2 deathmatch\hl2mp\gameinfo.txt
Patching WVT material: maps/test/dev/dev_blendmeasure_wvt_patch
fixing up env_cubemap materials on brush sides...
0...1...2...3...4...5...6...7...8...9...100...1...2...3...4...5...6...7...8...9...10Processing areas...done (0)
Building Faces...done (0)
FixTjuncs...
PruneNodes...
WriteBSP...
done (0)
writing C:\Program Files (x86)\Steam\steamapps\common\sourcesdk_content\hl2mp\mapsrc\test.prt...Building visibility clusters...
done (0)
Creating default LDR cubemaps for env_cubemap using skybox materials:
   skybox/sky_day01_01*.vmt
 ! Run buildcubemaps in the engine to get the correct cube maps.
Creating default HDR cubemaps for env_cubemap using skybox materials:
   skybox/sky_day01_01*.vmt
 ! Run buildcubemaps in the engine to get the correct cube maps.
Finding displacement neighbors...
Finding lightmap sample positions...
Displacement Alpha : 0...1...2...3...4...5...6...7...8...9...10
Building Physics collision data...
done (0) (38963 bytes)
Placing detail props : 0...1...2...3...4...5...6...7...8...9...10
Compacting texture/material tables...
Reduced 217 texinfos to 104
Reduced 18 texdatas to 13 (511 bytes to 391)
Writing C:\Program Files (x86)\Steam\steamapps\common\sourcesdk_content\hl2mp\mapsrc\test.bsp
Wrote ZIP buffer, estimated size 213553, actual size 212535
0 seconds elapsed



12 threads
reading c:\program files (x86)\steam\steamapps\common\sourcesdk_content\hl2mp\mapsrc\test.bsp
reading c:\program files (x86)\steam\steamapps\common\sourcesdk_content\hl2mp\mapsrc\test.prt
  37 portalclusters
  98 numportals
0...1...2...3...4...5...6...7...8...9...100...1...2...3...4...5...6...7...8...9...10Optimized: 0 visible clusters (0.00%)
Total clusters visible: 1341
Average clusters visible: 36
Building PAS...
Average clusters audible: 37
visdatasize:671  compressed from 592
writing c:\program files (x86)\steam\steamapps\common\sourcesdk_content\hl2mp\mapsrc\test.bsp
0 seconds elapsed



[Reading texlights from 'lights.rad']
[45 texlights parsed from 'lights.rad']

Loading c:\program files (x86)\steam\steamapps\common\sourcesdk_content\hl2mp\mapsrc\test.bsp
499 faces
35254 square feet [5076630.00 square inches]
0 Displacements
0 Square Feet [0.00 Square Inches]
499 patches before subdivision
13033 patches after subdivision
4 direct lights
0...1...2...3...4...5...6...7...8...9...100...1...2...3...4...5...6...7...8...9...10transfers 1831039, max 356
transfer lists:  14.0 megs
0...1...2...3...4...5...6...7...8...9...10	Bounce #1 added RGB(0, 0, 0)
Build Patch/Sample Hash Table(s).....Done<0.0028 sec>
0...1...2...3...4...5...6...7...8...9...10FinalLightFace Done
0 of 0 (0% of) surface lights went in leaf ambient cubes.
0...1...2...3...4...5...6...7...8...9...10Writing leaf ambient...done
Ready to Finish

Object names       Objects/Maxobjs  Memory / Maxmem  Fullness 
------------       ---------------  ---------------  -------- 
models                  30/1024         1440/49152    ( 2.9%) 
brushes                 76/8192          912/98304    ( 0.9%) 
brushsides             548/65536        4384/524288   ( 0.8%) 
planes                 680/65536       13600/1310720  ( 1.0%) 
vertexes               713/65536        8556/786432   ( 1.1%) 
nodes                  379/65536       12128/2097152  ( 0.6%) 
texinfos               104/12288        7488/884736   ( 0.8%) 
texdata                 13/2048          416/65536    ( 0.6%) 
dispinfos                0/0               0/0        ( 0.0%) 
disp_verts               0/0               0/0        ( 0.0%) 
disp_tris                0/0               0/0        ( 0.0%) 
disp_lmsamples           0/0               0/0        ( 0.0%) 
faces                  499/65536       27944/3670016  ( 0.8%) 
hdr faces                0/65536           0/3670016  ( 0.0%) 
origfaces              328/65536       18368/3670016  ( 0.5%) 
leaves                 410/65536       13120/2097152  ( 0.6%) 
leaffaces              649/65536        1298/131072   ( 1.0%) 
leafbrushes            100/65536         200/131072   ( 0.2%) 
areas                    2/256            16/2048     ( 0.8%) 
surfedges             3595/512000      14380/2048000  ( 0.7%) 
edges                 1891/256000       7564/1024000  ( 0.7%) 
LDR worldlights          4/8192          352/720896   ( 0.0%) 
HDR worldlights          0/8192            0/720896   ( 0.0%) 
leafwaterdata            0/32768           0/393216   ( 0.0%) 
waterstrips             11/32768         110/327680   ( 0.0%) 
waterverts               0/65536           0/786432   ( 0.0%) 
waterindices           150/65536         300/131072   ( 0.2%) 
cubemapsamples           1/1024           16/16384    ( 0.1%) 
overlays                 0/512             0/180224   ( 0.0%) 
LDR lightdata         [variable]     1198816/0        ( 0.0%) 
HDR lightdata         [variable]           0/0        ( 0.0%) 
visdata               [variable]         671/16777216 ( 0.0%) 
entdata               [variable]       27450/393216   ( 7.0%) 
LDR ambient table      410/65536        1640/262144   ( 0.6%) 
HDR ambient table      410/65536        1640/262144   ( 0.6%) 
LDR leaf ambient       300/65536        8400/1835008  ( 0.5%) 
HDR leaf ambient       410/65536       11480/1835008  ( 0.6%) 
occluders                0/0               0/0        ( 0.0%) 
occluder polygons        0/0               0/0        ( 0.0%) 
occluder vert ind        0/0               0/0        ( 0.0%) 
detail props          [variable]           1/12       ( 8.3%) 
static props          [variable]           1/12       ( 8.3%) 
pakfile               [variable]      212535/0        ( 0.0%) 
physics               [variable]       38963/4194304  ( 0.9%) 
physics terrain       [variable]           2/1048576  ( 0.0%) 

Level flags = 0

Total triangle count: 1237
Writing c:\program files (x86)\steam\steamapps\common\sourcesdk_content\hl2mp\mapsrc\test.bsp
0 seconds elapsed



[Reading texlights from 'lights.rad']
[45 texlights parsed from 'lights.rad']

Loading c:\program files (x86)\steam\steamapps\common\sourcesdk_content\hl2mp\mapsrc\test.bsp
499 faces
35254 square feet [5076630.00 square inches]
0 Displacements
0 Square Feet [0.00 Square Inches]
499 patches before subdivision
13033 patches after subdivision
4 direct lights
0...1...2...3...4...5...6...7...8...9...100...1...2...3...4...5...6...7...8...9...10transfers 1831039, max 356
transfer lists:  14.0 megs
0...1...2...3...4...5...6...7...8...9...10	Bounce #1 added RGB(0, 0, 0)
Build Patch/Sample Hash Table(s).....Done<0.0028 sec>
0...1...2...3...4...5...6...7...8...9...10FinalLightFace Done
0 of 0 (0% of) surface lights went in leaf ambient cubes.
0...1...2...3...4...5...6...7...8...9...10Writing leaf ambient...done
Ready to Finish

Object names       Objects/Maxobjs  Memory / Maxmem  Fullness 
------------       ---------------  ---------------  -------- 
models                  30/1024         1440/49152    ( 2.9%) 
brushes                 76/8192          912/98304    ( 0.9%) 
brushsides             548/65536        4384/524288   ( 0.8%) 
planes                 680/65536       13600/1310720  ( 1.0%) 
vertexes               713/65536        8556/786432   ( 1.1%) 
nodes                  379/65536       12128/2097152  ( 0.6%) 
texinfos               104/12288        7488/884736   ( 0.8%) 
texdata                 13/2048          416/65536    ( 0.6%) 
dispinfos                0/0               0/0        ( 0.0%) 
disp_verts               0/0               0/0        ( 0.0%) 
disp_tris                0/0               0/0        ( 0.0%) 
disp_lmsamples           0/0               0/0        ( 0.0%) 
faces                  499/65536       27944/3670016  ( 0.8%) 
hdr faces              499/65536       27944/3670016  ( 0.8%) 
origfaces              328/65536       18368/3670016  ( 0.5%) 
leaves                 410/65536       13120/2097152  ( 0.6%) 
leaffaces              649/65536        1298/131072   ( 1.0%) 
leafbrushes            100/65536         200/131072   ( 0.2%) 
areas                    2/256            16/2048     ( 0.8%) 
surfedges             3595/512000      14380/2048000  ( 0.7%) 
edges                 1891/256000       7564/1024000  ( 0.7%) 
LDR worldlights          4/8192          352/720896   ( 0.0%) 
HDR worldlights          4/8192          352/720896   ( 0.0%) 
leafwaterdata            0/32768           0/393216   ( 0.0%) 
waterstrips             11/32768         110/327680   ( 0.0%) 
waterverts               0/65536           0/786432   ( 0.0%) 
waterindices           150/65536         300/131072   ( 0.2%) 
cubemapsamples           1/1024           16/16384    ( 0.1%) 
overlays                 0/512             0/180224   ( 0.0%) 
LDR lightdata         [variable]     1198816/0        ( 0.0%) 
HDR lightdata         [variable]     1198816/0        ( 0.0%) 
visdata               [variable]         671/16777216 ( 0.0%) 
entdata               [variable]       27450/393216   ( 7.0%) 
LDR ambient table      410/65536        1640/262144   ( 0.6%) 
HDR ambient table      410/65536        1640/262144   ( 0.6%) 
LDR leaf ambient       300/65536        8400/1835008  ( 0.5%) 
HDR leaf ambient       300/65536        8400/1835008  ( 0.5%) 
occluders                0/0               0/0        ( 0.0%) 
occluder polygons        0/0               0/0        ( 0.0%) 
occluder vert ind        0/0               0/0        ( 0.0%) 
detail props          [variable]           1/12       ( 8.3%) 
static props          [variable]           1/12       ( 8.3%) 
pakfile               [variable]      212535/0        ( 0.0%) 
physics               [variable]       38963/4194304  ( 0.9%) 
physics terrain       [variable]           2/1048576  ( 0.0%) 

Level flags = 0

Total triangle count: 1237
Writing c:\program files (x86)\steam\steamapps\common\sourcesdk_content\hl2mp\mapsrc\test.bsp
0 seconds elapsed



materialPath: C:\Program Files (x86)\Steam\steamapps\common\Half-Life 2 Deathmatch\hl2mp\materials
Loading C:\Program Files (x86)\Steam\steamapps\common\sourcesdk_content\hl2mp\mapsrc\test.vmf
ConVarRef mat_reduceparticles doesn't point to an existing ConVar
Could not locate 'GameData' key in c:\program files (x86)\steam\steamapps\common\half-life 2 deathmatch\hl2mp\gameinfo.txt
Patching WVT material: maps/test/dev/dev_blendmeasure_wvt_patch
fixing up env_cubemap materials on brush sides...
0...1...2...3...4...5...6...7...8...9...100...1...2...3...4...5...6...7...8...9...10Processing areas...done (0)
Building Faces...done (0)
FixTjuncs...
PruneNodes...
WriteBSP...
done (0)
writing C:\Program Files (x86)\Steam\steamapps\common\sourcesdk_content\hl2mp\mapsrc\test.prt...Building visibility clusters...
done (0)
Creating default LDR cubemaps for env_cubemap using skybox materials:
   skybox/sky_day01_01*.vmt
 ! Run buildcubemaps in the engine to get the correct cube maps.
Creating default HDR cubemaps for env_cubemap using skybox materials:
   skybox/sky_day01_01*.vmt
 ! Run buildcubemaps in the engine to get the correct cube maps.
Finding displacement neighbors...
Finding lightmap sample positions...
Displacement Alpha : 0...1...2...3...4...5...6...7...8...9...10
Building Physics collision data...
done (0) (38963 bytes)
Placing detail props : 0...1...2...3...4...5...6...7...8...9...10
Compacting texture/material tables...
Reduced 217 texinfos to 104
Reduced 18 texdatas to 13 (511 bytes to 391)
Writing C:\Program Files (x86)\Steam\steamapps\common\sourcesdk_content\hl2mp\mapsrc\test.bsp
Wrote ZIP buffer, estimated size 213553, actual size 212535
0 seconds elapsed



12 threads
reading c:\program files (x86)\steam\steamapps\common\sourcesdk_content\hl2mp\mapsrc\test.bsp
reading c:\program files (x86)\steam\steamapps\common\sourcesdk_content\hl2mp\mapsrc\test.prt
  37 portalclusters
  98 numportals
0...1...2...3...4...5...6...7...8...9...100...1...2...3...4...5...6...7...8...9...10Optimized: 0 visible clusters (0.00%)
Total clusters visible: 1341
Average clusters visible: 36
Building PAS...
Average clusters audible: 37
visdatasize:671  compressed from 592
writing c:\program files (x86)\steam\steamapps\common\sourcesdk_content\hl2mp\mapsrc\test.bsp
0 seconds elapsed



[Reading texlights from 'lights.rad']
[45 texlights parsed from 'lights.rad']

Loading c:\program files (x86)\steam\steamapps\common\sourcesdk_content\hl2mp\mapsrc\test.bsp
499 faces
35254 square feet [5076630.00 square inches]
0 Displacements
0 Square Feet [0.00 Square Inches]
499 patches before subdivision
13033 patches after subdivision
4 direct lights
0...1...2...3...4...5...6...7...8...9...100...1...2...3...4...5...6...7...8...9...10transfers 1831039, max 356
transfer lists:  14.0 megs
0...1...2...3...4...5...6...7...8...9...10	Bounce #1 added RGB(0, 0, 0)
Build Patch/Sample Hash Table(s).....Done<0.0028 sec>
0...1...2...3...4...5...6...7...8...9...10FinalLightFace Done
0 of 0 (0% of) surface lights went in leaf ambient cubes.
0...1...2...3...4...5...6...7...8...9...10Writing leaf ambient...done
Ready to Finish

Object names       Objects/Maxobjs  Memory / Maxmem  Fullness 
------------       ---------------  ---------------  -------- 
models                  30/1024         1440/49152    ( 2.9%) 
brushes                 76/8192          912/98304    ( 0.9%) 
brushsides             548/65536        4384/524288   ( 0.8%) 
planes                 680/65536       13600/1310720  ( 1.0%) 
vertexes               713/65536        8556/786432   ( 1.1%) 
nodes                  379/65536       12128/2097152  ( 0.6%) 
texinfos               104/12288        7488/884736   ( 0.8%) 
texdata                 13/2048          416/65536    ( 0.6%) 
dispinfos                0/0               0/0        ( 0.0%) 
disp_verts               0/0               0/0        ( 0.0%) 
disp_tris                0/0               0/0        ( 0.0%) 
disp_lmsamples           0/0               0/0        ( 0.0%) 
faces                  499/65536       27944/3670016  ( 0.8%) 
hdr faces                0/65536           0/3670016  ( 0.0%) 
origfaces              328/65536       18368/3670016  ( 0.5%) 
leaves                 410/65536       13120/2097152  ( 0.6%) 
leaffaces              649/65536        1298/131072   ( 1.0%) 
leafbrushes            100/65536         200/131072   ( 0.2%) 
areas                    2/256            16/2048     ( 0.8%) 
surfedges             3595/512000      14380/2048000  ( 0.7%) 
edges                 1891/256000       7564/1024000  ( 0.7%) 
LDR worldlights          4/8192          352/720896   ( 0.0%) 
HDR worldlights          0/8192            0/720896   ( 0.0%) 
leafwaterdata            0/32768           0/393216   ( 0.0%) 
waterstrips             11/32768         110/327680   ( 0.0%) 
waterverts               0/65536           0/786432   ( 0.0%) 
waterindices           150/65536         300/131072   ( 0.2%) 
cubemapsamples           1/1024           16/16384    ( 0.1%) 
overlays                 0/512             0/180224   ( 0.0%) 
LDR lightdata         [variable]     1198816/0        ( 0.0%) 
HDR lightdata         [variable]           0/0        ( 0.0%) 
visdata               [variable]         671/16777216 ( 0.0%) 
entdata               [variable]       27450/393216   ( 7.0%) 
LDR ambient table      410/65536        1640/262144   ( 0.6%) 
HDR ambient table      410/65536        1640/262144   ( 0.6%) 
LDR leaf ambient       300/65536        8400/1835008  ( 0.5%) 
HDR leaf ambient       410/65536       11480/1835008  ( 0.6%) 
occluders                0/0               0/0        ( 0.0%) 
occluder polygons        0/0               0/0        ( 0.0%) 
occluder vert ind        0/0               0/0        ( 0.0%) 
detail props          [variable]           1/12       ( 8.3%) 
static props          [variable]           1/12       ( 8.3%) 
pakfile               [variable]      212535/0        ( 0.0%) 
physics               [variable]       38963/4194304  ( 0.9%) 
physics terrain       [variable]           2/1048576  ( 0.0%) 

Level flags = 0

Total triangle count: 1237
Writing c:\program files (x86)\steam\steamapps\common\sourcesdk_content\hl2mp\mapsrc\test.bsp
0 seconds elapsed



[Reading texlights from 'lights.rad']
[45 texlights parsed from 'lights.rad']

Loading c:\program files (x86)\steam\steamapps\common\sourcesdk_content\hl2mp\mapsrc\test.bsp
499 faces
35254 square feet [5076630.00 square inches]
0 Displacements
0 Square Feet [0.00 Square Inches]
499 patches before subdivision
13033 patches after subdivision
4 direct lights
0...1...2...3...4...5...6...7...8...9...100...1...2...3...4...5...6...7...8...9...10transfers 1831039, max 356
transfer lists:  14.0 megs
0...1...2...3...4...5...6...7...8...9...10	Bounce #1 added RGB(0, 0, 0)
Build Patch/Sample Hash Table(s).....Done<0.0028 sec>
0...1...2...3...4...5...6...7...8...9...10FinalLightFace Done
0 of 0 (0% of) surface lights went in leaf ambient cubes.
0...1...2...3...4...5...6...7...8...9...10Writing leaf ambient...done
Ready to Finish

Object names       Objects/Maxobjs  Memory / Maxmem  Fullness 
------------       ---------------  ---------------  -------- 
models                  30/1024         1440/49152    ( 2.9%) 
brushes                 76/8192          912/98304    ( 0.9%) 
brushsides             548/65536        4384/524288   ( 0.8%) 
planes                 680/65536       13600/1310720  ( 1.0%) 
vertexes               713/65536        8556/786432   ( 1.1%) 
nodes                  379/65536       12128/2097152  ( 0.6%) 
texinfos               104/12288        7488/884736   ( 0.8%) 
texdata                 13/2048          416/65536    ( 0.6%) 
dispinfos                0/0               0/0        ( 0.0%) 
disp_verts               0/0               0/0        ( 0.0%) 
disp_tris                0/0               0/0        ( 0.0%) 
disp_lmsamples           0/0               0/0        ( 0.0%) 
faces                  499/65536       27944/3670016  ( 0.8%) 
hdr faces              499/65536       27944/3670016  ( 0.8%) 
origfaces              328/65536       18368/3670016  ( 0.5%) 
leaves                 410/65536       13120/2097152  ( 0.6%) 
leaffaces              649/65536        1298/131072   ( 1.0%) 
leafbrushes            100/65536         200/131072   ( 0.2%) 
areas                    2/256            16/2048     ( 0.8%) 
surfedges             3595/512000      14380/2048000  ( 0.7%) 
edges                 1891/256000       7564/1024000  ( 0.7%) 
LDR worldlights          4/8192          352/720896   ( 0.0%) 
HDR worldlights          4/8192          352/720896   ( 0.0%) 
leafwaterdata            0/32768           0/393216   ( 0.0%) 
waterstrips             11/32768         110/327680   ( 0.0%) 
waterverts               0/65536           0/786432   ( 0.0%) 
waterindices           150/65536         300/131072   ( 0.2%) 
cubemapsamples           1/1024           16/16384    ( 0.1%) 
overlays                 0/512             0/180224   ( 0.0%) 
LDR lightdata         [variable]     1198816/0        ( 0.0%) 
HDR lightdata         [variable]     1198816/0        ( 0.0%) 
visdata               [variable]         671/16777216 ( 0.0%) 
entdata               [variable]       27450/393216   ( 7.0%) 
LDR ambient table      410/65536        1640/262144   ( 0.6%) 
HDR ambient table      410/65536        1640/262144   ( 0.6%) 
LDR leaf ambient       300/65536        8400/1835008  ( 0.5%) 
HDR leaf ambient       300/65536        8400/1835008  ( 0.5%) 
occluders                0/0               0/0        ( 0.0%) 
occluder polygons        0/0               0/0        ( 0.0%) 
occluder vert ind        0/0               0/0        ( 0.0%) 
detail props          [variable]           1/12       ( 8.3%) 
static props          [variable]           1/12       ( 8.3%) 
pakfile               [variable]      212535/0        ( 0.0%) 
physics               [variable]       38963/4194304  ( 0.9%) 
physics terrain       [variable]           2/1048576  ( 0.0%) 

Level flags = 0

Total triangle count: 1237
Writing c:\program files (x86)\steam\steamapps\common\sourcesdk_content\hl2mp\mapsrc\test.bsp
1 second elapsed



materialPath: C:\Program Files (x86)\Steam\steamapps\common\Half-Life 2 Deathmatch\hl2mp\materials
Loading C:\Program Files (x86)\Steam\steamapps\common\sourcesdk_content\hl2mp\mapsrc\test.vmf
ConVarRef mat_reduceparticles doesn't point to an existing ConVar
Could not locate 'GameData' key in c:\program files (x86)\steam\steamapps\common\half-life 2 deathmatch\hl2mp\gameinfo.txt
Patching WVT material: maps/test/dev/dev_blendmeasure_wvt_patch
fixing up env_cubemap materials on brush sides...
0...1...2...3...4...5...6...7...8...9...100...1...2...3...4...5...6...7...8...9...10Processing areas...done (0)
Building Faces...done (0)
FixTjuncs...
PruneNodes...
WriteBSP...
done (0)
writing C:\Program Files (x86)\Steam\steamapps\common\sourcesdk_content\hl2mp\mapsrc\test.prt...Building visibility clusters...
done (0)
Creating default LDR cubemaps for env_cubemap using skybox materials:
   skybox/sky_day01_01*.vmt
 ! Run buildcubemaps in the engine to get the correct cube maps.
Creating default HDR cubemaps for env_cubemap using skybox materials:
   skybox/sky_day01_01*.vmt
 ! Run buildcubemaps in the engine to get the correct cube maps.
Finding displacement neighbors...
Finding lightmap sample positions...
Displacement Alpha : 0...1...2...3...4...5...6...7...8...9...10
Building Physics collision data...
done (0) (38963 bytes)
Placing detail props : 0...1...2...3...4...5...6...7...8...9...10
Compacting texture/material tables...
Reduced 217 texinfos to 104
Reduced 18 texdatas to 13 (511 bytes to 391)
Writing C:\Program Files (x86)\Steam\steamapps\common\sourcesdk_content\hl2mp\mapsrc\test.bsp
Wrote ZIP buffer, estimated size 213553, actual size 212535
0 seconds elapsed



12 threads
reading c:\program files (x86)\steam\steamapps\common\sourcesdk_content\hl2mp\mapsrc\test.bsp
reading c:\program files (x86)\steam\steamapps\common\sourcesdk_content\hl2mp\mapsrc\test.prt
  37 portalclusters
  98 numportals
0...1...2...3...4...5...6...7...8...9...100...1...2...3...4...5...6...7...8...9...10Optimized: 0 visible clusters (0.00%)
Total clusters visible: 1341
Average clusters visible: 36
Building PAS...
Average clusters audible: 37
visdatasize:671  compressed from 592
writing c:\program files (x86)\steam\steamapps\common\sourcesdk_content\hl2mp\mapsrc\test.bsp
0 seconds elapsed



[Reading texlights from 'lights.rad']
[45 texlights parsed from 'lights.rad']

Loading c:\program files (x86)\steam\steamapps\common\sourcesdk_content\hl2mp\mapsrc\test.bsp
499 faces
35254 square feet [5076630.00 square inches]
0 Displacements
0 Square Feet [0.00 Square Inches]
499 patches before subdivision
13033 patches after subdivision
4 direct lights
0...1...2...3...4...5...6...7...8...9...100...1...2...3...4...5...6...7...8...9...10transfers 1831039, max 356
transfer lists:  14.0 megs
0...1...2...3...4...5...6...7...8...9...10	Bounce #1 added RGB(0, 0, 0)
Build Patch/Sample Hash Table(s).....Done<0.0028 sec>
0...1...2...3...4...5...6...7...8...9...10FinalLightFace Done
0 of 0 (0% of) surface lights went in leaf ambient cubes.
0...1...2...3...4...5...6...7...8...9...10Writing leaf ambient...done
Ready to Finish

Object names       Objects/Maxobjs  Memory / Maxmem  Fullness 
------------       ---------------  ---------------  -------- 
models                  30/1024         1440/49152    ( 2.9%) 
brushes                 76/8192          912/98304    ( 0.9%) 
brushsides             548/65536        4384/524288   ( 0.8%) 
planes                 680/65536       13600/1310720  ( 1.0%) 
vertexes               713/65536        8556/786432   ( 1.1%) 
nodes                  379/65536       12128/2097152  ( 0.6%) 
texinfos               104/12288        7488/884736   ( 0.8%) 
texdata                 13/2048          416/65536    ( 0.6%) 
dispinfos                0/0               0/0        ( 0.0%) 
disp_verts               0/0               0/0        ( 0.0%) 
disp_tris                0/0               0/0        ( 0.0%) 
disp_lmsamples           0/0               0/0        ( 0.0%) 
faces                  499/65536       27944/3670016  ( 0.8%) 
hdr faces                0/65536           0/3670016  ( 0.0%) 
origfaces              328/65536       18368/3670016  ( 0.5%) 
leaves                 410/65536       13120/2097152  ( 0.6%) 
leaffaces              649/65536        1298/131072   ( 1.0%) 
leafbrushes            100/65536         200/131072   ( 0.2%) 
areas                    2/256            16/2048     ( 0.8%) 
surfedges             3595/512000      14380/2048000  ( 0.7%) 
edges                 1891/256000       7564/1024000  ( 0.7%) 
LDR worldlights          4/8192          352/720896   ( 0.0%) 
HDR worldlights          0/8192            0/720896   ( 0.0%) 
leafwaterdata            0/32768           0/393216   ( 0.0%) 
waterstrips             11/32768         110/327680   ( 0.0%) 
waterverts               0/65536           0/786432   ( 0.0%) 
waterindices           150/65536         300/131072   ( 0.2%) 
cubemapsamples           1/1024           16/16384    ( 0.1%) 
overlays                 0/512             0/180224   ( 0.0%) 
LDR lightdata         [variable]     1198816/0        ( 0.0%) 
HDR lightdata         [variable]           0/0        ( 0.0%) 
visdata               [variable]         671/16777216 ( 0.0%) 
entdata               [variable]       27587/393216   ( 7.0%) 
LDR ambient table      410/65536        1640/262144   ( 0.6%) 
HDR ambient table      410/65536        1640/262144   ( 0.6%) 
LDR leaf ambient       300/65536        8400/1835008  ( 0.5%) 
HDR leaf ambient       410/65536       11480/1835008  ( 0.6%) 
occluders                0/0               0/0        ( 0.0%) 
occluder polygons        0/0               0/0        ( 0.0%) 
occluder vert ind        0/0               0/0        ( 0.0%) 
detail props          [variable]           1/12       ( 8.3%) 
static props          [variable]           1/12       ( 8.3%) 
pakfile               [variable]      212535/0        ( 0.0%) 
physics               [variable]       38963/4194304  ( 0.9%) 
physics terrain       [variable]           2/1048576  ( 0.0%) 

Level flags = 0

Total triangle count: 1237
Writing c:\program files (x86)\steam\steamapps\common\sourcesdk_content\hl2mp\mapsrc\test.bsp
0 seconds elapsed



[Reading texlights from 'lights.rad']
[45 texlights parsed from 'lights.rad']

Loading c:\program files (x86)\steam\steamapps\common\sourcesdk_content\hl2mp\mapsrc\test.bsp
499 faces
35254 square feet [5076630.00 square inches]
0 Displacements
0 Square Feet [0.00 Square Inches]
499 patches before subdivision
13033 patches after subdivision
4 direct lights
0...1...2...3...4...5...6...7...8...9...100...1...2...3...4...5...6...7...8...9...10transfers 1831039, max 356
transfer lists:  14.0 megs
0...1...2...3...4...5...6...7...8...9...10	Bounce #1 added RGB(0, 0, 0)
Build Patch/Sample Hash Table(s).....Done<0.0027 sec>
0...1...2...3...4...5...6...7...8...9...10FinalLightFace Done
0 of 0 (0% of) surface lights went in leaf ambient cubes.
0...1...2...3...4...5...6...7...8...9...10Writing leaf ambient...done
Ready to Finish

Object names       Objects/Maxobjs  Memory / Maxmem  Fullness 
------------       ---------------  ---------------  -------- 
models                  30/1024         1440/49152    ( 2.9%) 
brushes                 76/8192          912/98304    ( 0.9%) 
brushsides             548/65536        4384/524288   ( 0.8%) 
planes                 680/65536       13600/1310720  ( 1.0%) 
vertexes               713/65536        8556/786432   ( 1.1%) 
nodes                  379/65536       12128/2097152  ( 0.6%) 
texinfos               104/12288        7488/884736   ( 0.8%) 
texdata                 13/2048          416/65536    ( 0.6%) 
dispinfos                0/0               0/0        ( 0.0%) 
disp_verts               0/0               0/0        ( 0.0%) 
disp_tris                0/0               0/0        ( 0.0%) 
disp_lmsamples           0/0               0/0        ( 0.0%) 
faces                  499/65536       27944/3670016  ( 0.8%) 
hdr faces              499/65536       27944/3670016  ( 0.8%) 
origfaces              328/65536       18368/3670016  ( 0.5%) 
leaves                 410/65536       13120/2097152  ( 0.6%) 
leaffaces              649/65536        1298/131072   ( 1.0%) 
leafbrushes            100/65536         200/131072   ( 0.2%) 
areas                    2/256            16/2048     ( 0.8%) 
surfedges             3595/512000      14380/2048000  ( 0.7%) 
edges                 1891/256000       7564/1024000  ( 0.7%) 
LDR worldlights          4/8192          352/720896   ( 0.0%) 
HDR worldlights          4/8192          352/720896   ( 0.0%) 
leafwaterdata            0/32768           0/393216   ( 0.0%) 
waterstrips             11/32768         110/327680   ( 0.0%) 
waterverts               0/65536           0/786432   ( 0.0%) 
waterindices           150/65536         300/131072   ( 0.2%) 
cubemapsamples           1/1024           16/16384    ( 0.1%) 
overlays                 0/512             0/180224   ( 0.0%) 
LDR lightdata         [variable]     1198816/0        ( 0.0%) 
HDR lightdata         [variable]     1198816/0        ( 0.0%) 
visdata               [variable]         671/16777216 ( 0.0%) 
entdata               [variable]       27587/393216   ( 7.0%) 
LDR ambient table      410/65536        1640/262144   ( 0.6%) 
HDR ambient table      410/65536        1640/262144   ( 0.6%) 
LDR leaf ambient       300/65536        8400/1835008  ( 0.5%) 
HDR leaf ambient       300/65536        8400/1835008  ( 0.5%) 
occluders                0/0               0/0        ( 0.0%) 
occluder polygons        0/0               0/0        ( 0.0%) 
occluder vert ind        0/0               0/0        ( 0.0%) 
detail props          [variable]           1/12       ( 8.3%) 
static props          [variable]           1/12       ( 8.3%) 
pakfile               [variable]      212535/0        ( 0.0%) 
physics               [variable]       38963/4194304  ( 0.9%) 
physics terrain       [variable]           2/1048576  ( 0.0%) 

Level flags = 0

Total triangle count: 1237
Writing c:\program files (x86)\steam\steamapps\common\sourcesdk_content\hl2mp\mapsrc\test.bsp
0 seconds elapsed



materialPath: C:\Program Files (x86)\Steam\steamapps\common\Half-Life 2 Deathmatch\hl2mp\materials
Loading C:\Program Files (x86)\Steam\steamapps\common\sourcesdk_content\hl2mp\mapsrc\test.vmf
ConVarRef mat_reduceparticles doesn't point to an existing ConVar
Could not locate 'GameData' key in c:\program files (x86)\steam\steamapps\common\half-life 2 deathmatch\hl2mp\gameinfo.txt
Patching WVT material: maps/test/dev/dev_blendmeasure_wvt_patch
fixing up env_cubemap materials on brush sides...
0...1...2...3...4...5...6...7...8...9...100...1...2...3...4...5...6...7...8...9...10Processing areas...done (0)
Building Faces...done (0)
FixTjuncs...
PruneNodes...
WriteBSP...
done (0)
writing C:\Program Files (x86)\Steam\steamapps\common\sourcesdk_content\hl2mp\mapsrc\test.prt...Building visibility clusters...
done (0)
Creating default LDR cubemaps for env_cubemap using skybox materials:
   skybox/sky_day01_01*.vmt
 ! Run buildcubemaps in the engine to get the correct cube maps.
Creating default HDR cubemaps for env_cubemap using skybox materials:
   skybox/sky_day01_01*.vmt
 ! Run buildcubemaps in the engine to get the correct cube maps.
Finding displacement neighbors...
Finding lightmap sample positions...
Displacement Alpha : 0...1...2...3...4...5...6...7...8...9...10
Building Physics collision data...
done (0) (38963 bytes)
Placing detail props : 0...1...2...3...4...5...6...7...8...9...10
Compacting texture/material tables...
Reduced 217 texinfos to 104
Reduced 18 texdatas to 13 (511 bytes to 391)
Writing C:\Program Files (x86)\Steam\steamapps\common\sourcesdk_content\hl2mp\mapsrc\test.bsp
Wrote ZIP buffer, estimated size 213553, actual size 212535
0 seconds elapsed



12 threads
reading c:\program files (x86)\steam\steamapps\common\sourcesdk_content\hl2mp\mapsrc\test.bsp
reading c:\program files (x86)\steam\steamapps\common\sourcesdk_content\hl2mp\mapsrc\test.prt
  37 portalclusters
  98 numportals
0...1...2...3...4...5...6...7...8...9...100...1...2...3...4...5...6...7...8...9...10Optimized: 0 visible clusters (0.00%)
Total clusters visible: 1341
Average clusters visible: 36
Building PAS...
Average clusters audible: 37
visdatasize:671  compressed from 592
writing c:\program files (x86)\steam\steamapps\common\sourcesdk_content\hl2mp\mapsrc\test.bsp
0 seconds elapsed



[Reading texlights from 'lights.rad']
[45 texlights parsed from 'lights.rad']

Loading c:\program files (x86)\steam\steamapps\common\sourcesdk_content\hl2mp\mapsrc\test.bsp
499 faces
35254 square feet [5076630.00 square inches]
0 Displacements
0 Square Feet [0.00 Square Inches]
499 patches before subdivision
13033 patches after subdivision
4 direct lights
0...1...2...3...4...5...6...7...8...9...100...1...2...3...4...5...6...7...8...9...10transfers 1831039, max 356
transfer lists:  14.0 megs
0...1...2...3...4...5...6...7...8...9...10	Bounce #1 added RGB(0, 0, 0)
Build Patch/Sample Hash Table(s).....Done<0.0028 sec>
0...1...2...3...4...5...6...7...8...9...10FinalLightFace Done
0 of 0 (0% of) surface lights went in leaf ambient cubes.
0...1...2...3...4...5...6...7...8...9...10Writing leaf ambient...done
Ready to Finish

Object names       Objects/Maxobjs  Memory / Maxmem  Fullness 
------------       ---------------  ---------------  -------- 
models                  30/1024         1440/49152    ( 2.9%) 
brushes                 76/8192          912/98304    ( 0.9%) 
brushsides             548/65536        4384/524288   ( 0.8%) 
planes                 680/65536       13600/1310720  ( 1.0%) 
vertexes               713/65536        8556/786432   ( 1.1%) 
nodes                  379/65536       12128/2097152  ( 0.6%) 
texinfos               104/12288        7488/884736   ( 0.8%) 
texdata                 13/2048          416/65536    ( 0.6%) 
dispinfos                0/0               0/0        ( 0.0%) 
disp_verts               0/0               0/0        ( 0.0%) 
disp_tris                0/0               0/0        ( 0.0%) 
disp_lmsamples           0/0               0/0        ( 0.0%) 
faces                  499/65536       27944/3670016  ( 0.8%) 
hdr faces                0/65536           0/3670016  ( 0.0%) 
origfaces              328/65536       18368/3670016  ( 0.5%) 
leaves                 410/65536       13120/2097152  ( 0.6%) 
leaffaces              649/65536        1298/131072   ( 1.0%) 
leafbrushes            100/65536         200/131072   ( 0.2%) 
areas                    2/256            16/2048     ( 0.8%) 
surfedges             3595/512000      14380/2048000  ( 0.7%) 
edges                 1891/256000       7564/1024000  ( 0.7%) 
LDR worldlights          4/8192          352/720896   ( 0.0%) 
HDR worldlights          0/8192            0/720896   ( 0.0%) 
leafwaterdata            0/32768           0/393216   ( 0.0%) 
waterstrips             11/32768         110/327680   ( 0.0%) 
waterverts               0/65536           0/786432   ( 0.0%) 
waterindices           150/65536         300/131072   ( 0.2%) 
cubemapsamples           1/1024           16/16384    ( 0.1%) 
overlays                 0/512             0/180224   ( 0.0%) 
LDR lightdata         [variable]     1198816/0        ( 0.0%) 
HDR lightdata         [variable]           0/0        ( 0.0%) 
visdata               [variable]         671/16777216 ( 0.0%) 
entdata               [variable]       27249/393216   ( 6.9%) 
LDR ambient table      410/65536        1640/262144   ( 0.6%) 
HDR ambient table      410/65536        1640/262144   ( 0.6%) 
LDR leaf ambient       300/65536        8400/1835008  ( 0.5%) 
HDR leaf ambient       410/65536       11480/1835008  ( 0.6%) 
occluders                0/0               0/0        ( 0.0%) 
occluder polygons        0/0               0/0        ( 0.0%) 
occluder vert ind        0/0               0/0        ( 0.0%) 
detail props          [variable]           1/12       ( 8.3%) 
static props          [variable]           1/12       ( 8.3%) 
pakfile               [variable]      212535/0        ( 0.0%) 
physics               [variable]       38963/4194304  ( 0.9%) 
physics terrain       [variable]           2/1048576  ( 0.0%) 

Level flags = 0

Total triangle count: 1237
Writing c:\program files (x86)\steam\steamapps\common\sourcesdk_content\hl2mp\mapsrc\test.bsp
0 seconds elapsed



[Reading texlights from 'lights.rad']
[45 texlights parsed from 'lights.rad']

Loading c:\program files (x86)\steam\steamapps\common\sourcesdk_content\hl2mp\mapsrc\test.bsp
499 faces
35254 square feet [5076630.00 square inches]
0 Displacements
0 Square Feet [0.00 Square Inches]
499 patches before subdivision
13033 patches after subdivision
4 direct lights
0...1...2...3...4...5...6...7...8...9...100...1...2...3...4...5...6...7...8...9...10transfers 1831039, max 356
transfer lists:  14.0 megs
0...1...2...3...4...5...6...7...8...9...10	Bounce #1 added RGB(0, 0, 0)
Build Patch/Sample Hash Table(s).....Done<0.0028 sec>
0...1...2...3...4...5...6...7...8...9...10FinalLightFace Done
0 of 0 (0% of) surface lights went in leaf ambient cubes.
0...1...2...3...4...5...6...7...8...9...10Writing leaf ambient...done
Ready to Finish

Object names       Objects/Maxobjs  Memory / Maxmem  Fullness 
------------       ---------------  ---------------  -------- 
models                  30/1024         1440/49152    ( 2.9%) 
brushes                 76/8192          912/98304    ( 0.9%) 
brushsides             548/65536        4384/524288   ( 0.8%) 
planes                 680/65536       13600/1310720  ( 1.0%) 
vertexes               713/65536        8556/786432   ( 1.1%) 
nodes                  379/65536       12128/2097152  ( 0.6%) 
texinfos               104/12288        7488/884736   ( 0.8%) 
texdata                 13/2048          416/65536    ( 0.6%) 
dispinfos                0/0               0/0        ( 0.0%) 
disp_verts               0/0               0/0        ( 0.0%) 
disp_tris                0/0               0/0        ( 0.0%) 
disp_lmsamples           0/0               0/0        ( 0.0%) 
faces                  499/65536       27944/3670016  ( 0.8%) 
hdr faces              499/65536       27944/3670016  ( 0.8%) 
origfaces              328/65536       18368/3670016  ( 0.5%) 
leaves                 410/65536       13120/2097152  ( 0.6%) 
leaffaces              649/65536        1298/131072   ( 1.0%) 
leafbrushes            100/65536         200/131072   ( 0.2%) 
areas                    2/256            16/2048     ( 0.8%) 
surfedges             3595/512000      14380/2048000  ( 0.7%) 
edges                 1891/256000       7564/1024000  ( 0.7%) 
LDR worldlights          4/8192          352/720896   ( 0.0%) 
HDR worldlights          4/8192          352/720896   ( 0.0%) 
leafwaterdata            0/32768           0/393216   ( 0.0%) 
waterstrips             11/32768         110/327680   ( 0.0%) 
waterverts               0/65536           0/786432   ( 0.0%) 
waterindices           150/65536         300/131072   ( 0.2%) 
cubemapsamples           1/1024           16/16384    ( 0.1%) 
overlays                 0/512             0/180224   ( 0.0%) 
LDR lightdata         [variable]     1198816/0        ( 0.0%) 
HDR lightdata         [variable]     1198816/0        ( 0.0%) 
visdata               [variable]         671/16777216 ( 0.0%) 
entdata               [variable]       27249/393216   ( 6.9%) 
LDR ambient table      410/65536        1640/262144   ( 0.6%) 
HDR ambient table      410/65536        1640/262144   ( 0.6%) 
LDR leaf ambient       300/65536        8400/1835008  ( 0.5%) 
HDR leaf ambient       300/65536        8400/1835008  ( 0.5%) 
occluders                0/0               0/0        ( 0.0%) 
occluder polygons        0/0               0/0        ( 0.0%) 
occluder vert ind        0/0               0/0        ( 0.0%) 
detail props          [variable]           1/12       ( 8.3%) 
static props          [variable]           1/12       ( 8.3%) 
pakfile               [variable]      212535/0        ( 0.0%) 
physics               [variable]       38963/4194304  ( 0.9%) 
physics terrain       [variable]           2/1048576  ( 0.0%) 

Level flags = 0

Total triangle count: 1237
Writing c:\program files (x86)\steam\steamapps\common\sourcesdk_content\hl2mp\mapsrc\test.bsp
0 seconds elapsed



materialPath: C:\Program Files (x86)\Steam\steamapps\common\Half-Life 2 Deathmatch\hl2mp\materials
Loading C:\Program Files (x86)\Steam\steamapps\common\sourcesdk_content\hl2mp\mapsrc\test.vmf
ConVarRef mat_reduceparticles doesn't point to an existing ConVar
Could not locate 'GameData' key in c:\program files (x86)\steam\steamapps\common\half-life 2 deathmatch\hl2mp\gameinfo.txt
Patching WVT material: maps/test/dev/dev_blendmeasure_wvt_patch
fixing up env_cubemap materials on brush sides...
0...1...2...3...4...5...6...7...8...9...100...1...2...3...4...5...6...7...8...9...10Processing areas...done (0)
Building Faces...done (0)
FixTjuncs...
PruneNodes...
WriteBSP...
done (0)
writing C:\Program Files (x86)\Steam\steamapps\common\sourcesdk_content\hl2mp\mapsrc\test.prt...Building visibility clusters...
done (0)
Creating default LDR cubemaps for env_cubemap using skybox materials:
   skybox/sky_day01_01*.vmt
 ! Run buildcubemaps in the engine to get the correct cube maps.
Creating default HDR cubemaps for env_cubemap using skybox materials:
   skybox/sky_day01_01*.vmt
 ! Run buildcubemaps in the engine to get the correct cube maps.
Finding displacement neighbors...
Finding lightmap sample positions...
Displacement Alpha : 0...1...2...3...4...5...6...7...8...9...10
Building Physics collision data...
done (0) (38963 bytes)
Placing detail props : 0...1...2...3...4...5...6...7...8...9...10
Compacting texture/material tables...
Reduced 217 texinfos to 104
Reduced 18 texdatas to 13 (511 bytes to 391)
Writing C:\Program Files (x86)\Steam\steamapps\common\sourcesdk_content\hl2mp\mapsrc\test.bsp
Wrote ZIP buffer, estimated size 213553, actual size 212535
0 seconds elapsed



12 threads
reading c:\program files (x86)\steam\steamapps\common\sourcesdk_content\hl2mp\mapsrc\test.bsp
reading c:\program files (x86)\steam\steamapps\common\sourcesdk_content\hl2mp\mapsrc\test.prt
  37 portalclusters
  98 numportals
0...1...2...3...4...5...6...7...8...9...100...1...2...3...4...5...6...7...8...9...10Optimized: 0 visible clusters (0.00%)
Total clusters visible: 1341
Average clusters visible: 36
Building PAS...
Average clusters audible: 37
visdatasize:671  compressed from 592
writing c:\program files (x86)\steam\steamapps\common\sourcesdk_content\hl2mp\mapsrc\test.bsp
0 seconds elapsed



[Reading texlights from 'lights.rad']
[45 texlights parsed from 'lights.rad']

Loading c:\program files (x86)\steam\steamapps\common\sourcesdk_content\hl2mp\mapsrc\test.bsp
499 faces
35254 square feet [5076630.00 square inches]
0 Displacements
0 Square Feet [0.00 Square Inches]
499 patches before subdivision
13033 patches after subdivision
4 direct lights
0...1...2...3...4...5...6...7...8...9...100...1...2...3...4...5...6...7...8...9...10transfers 1831039, max 356
transfer lists:  14.0 megs
0...1...2...3...4...5...6...7...8...9...10	Bounce #1 added RGB(0, 0, 0)
Build Patch/Sample Hash Table(s).....Done<0.0028 sec>
0...1...2...3...4...5...6...7...8...9...10FinalLightFace Done
0 of 0 (0% of) surface lights went in leaf ambient cubes.
0...1...2...3...4...5...6...7...8...9...10Writing leaf ambient...done
Ready to Finish

Object names       Objects/Maxobjs  Memory / Maxmem  Fullness 
------------       ---------------  ---------------  -------- 
models                  30/1024         1440/49152    ( 2.9%) 
brushes                 76/8192          912/98304    ( 0.9%) 
brushsides             548/65536        4384/524288   ( 0.8%) 
planes                 680/65536       13600/1310720  ( 1.0%) 
vertexes               713/65536        8556/786432   ( 1.1%) 
nodes                  379/65536       12128/2097152  ( 0.6%) 
texinfos               104/12288        7488/884736   ( 0.8%) 
texdata                 13/2048          416/65536    ( 0.6%) 
dispinfos                0/0               0/0        ( 0.0%) 
disp_verts               0/0               0/0        ( 0.0%) 
disp_tris                0/0               0/0        ( 0.0%) 
disp_lmsamples           0/0               0/0        ( 0.0%) 
faces                  499/65536       27944/3670016  ( 0.8%) 
hdr faces                0/65536           0/3670016  ( 0.0%) 
origfaces              328/65536       18368/3670016  ( 0.5%) 
leaves                 410/65536       13120/2097152  ( 0.6%) 
leaffaces              649/65536        1298/131072   ( 1.0%) 
leafbrushes            100/65536         200/131072   ( 0.2%) 
areas                    2/256            16/2048     ( 0.8%) 
surfedges             3595/512000      14380/2048000  ( 0.7%) 
edges                 1891/256000       7564/1024000  ( 0.7%) 
LDR worldlights          4/8192          352/720896   ( 0.0%) 
HDR worldlights          0/8192            0/720896   ( 0.0%) 
leafwaterdata            0/32768           0/393216   ( 0.0%) 
waterstrips             11/32768         110/327680   ( 0.0%) 
waterverts               0/65536           0/786432   ( 0.0%) 
waterindices           150/65536         300/131072   ( 0.2%) 
cubemapsamples           1/1024           16/16384    ( 0.1%) 
overlays                 0/512             0/180224   ( 0.0%) 
LDR lightdata         [variable]     1198816/0        ( 0.0%) 
HDR lightdata         [variable]           0/0        ( 0.0%) 
visdata               [variable]         671/16777216 ( 0.0%) 
entdata               [variable]       27249/393216   ( 6.9%) 
LDR ambient table      410/65536        1640/262144   ( 0.6%) 
HDR ambient table      410/65536        1640/262144   ( 0.6%) 
LDR leaf ambient       300/65536        8400/1835008  ( 0.5%) 
HDR leaf ambient       410/65536       11480/1835008  ( 0.6%) 
occluders                0/0               0/0        ( 0.0%) 
occluder polygons        0/0               0/0        ( 0.0%) 
occluder vert ind        0/0               0/0        ( 0.0%) 
detail props          [variable]           1/12       ( 8.3%) 
static props          [variable]           1/12       ( 8.3%) 
pakfile               [variable]      212535/0        ( 0.0%) 
physics               [variable]       38963/4194304  ( 0.9%) 
physics terrain       [variable]           2/1048576  ( 0.0%) 

Level flags = 0

Total triangle count: 1237
Writing c:\program files (x86)\steam\steamapps\common\sourcesdk_content\hl2mp\mapsrc\test.bsp
0 seconds elapsed



[Reading texlights from 'lights.rad']
[45 texlights parsed from 'lights.rad']

Loading c:\program files (x86)\steam\steamapps\common\sourcesdk_content\hl2mp\mapsrc\test.bsp
499 faces
35254 square feet [5076630.00 square inches]
0 Displacements
0 Square Feet [0.00 Square Inches]
499 patches before subdivision
13033 patches after subdivision
4 direct lights
0...1...2...3...4...5...6...7...8...9...100...1...2...3...4...5...6...7...8...9...10transfers 1831039, max 356
transfer lists:  14.0 megs
0...1...2...3...4...5...6...7...8...9...10	Bounce #1 added RGB(0, 0, 0)
Build Patch/Sample Hash Table(s).....Done<0.0027 sec>
0...1...2...3...4...5...6...7...8...9...10FinalLightFace Done
0 of 0 (0% of) surface lights went in leaf ambient cubes.
0...1...2...3...4...5...6...7...8...9...10Writing leaf ambient...done
Ready to Finish

Object names       Objects/Maxobjs  Memory / Maxmem  Fullness 
------------       ---------------  ---------------  -------- 
models                  30/1024         1440/49152    ( 2.9%) 
brushes                 76/8192          912/98304    ( 0.9%) 
brushsides             548/65536        4384/524288   ( 0.8%) 
planes                 680/65536       13600/1310720  ( 1.0%) 
vertexes               713/65536        8556/786432   ( 1.1%) 
nodes                  379/65536       12128/2097152  ( 0.6%) 
texinfos               104/12288        7488/884736   ( 0.8%) 
texdata                 13/2048          416/65536    ( 0.6%) 
dispinfos                0/0               0/0        ( 0.0%) 
disp_verts               0/0               0/0        ( 0.0%) 
disp_tris                0/0               0/0        ( 0.0%) 
disp_lmsamples           0/0               0/0        ( 0.0%) 
faces                  499/65536       27944/3670016  ( 0.8%) 
hdr faces              499/65536       27944/3670016  ( 0.8%) 
origfaces              328/65536       18368/3670016  ( 0.5%) 
leaves                 410/65536       13120/2097152  ( 0.6%) 
leaffaces              649/65536        1298/131072   ( 1.0%) 
leafbrushes            100/65536         200/131072   ( 0.2%) 
areas                    2/256            16/2048     ( 0.8%) 
surfedges             3595/512000      14380/2048000  ( 0.7%) 
edges                 1891/256000       7564/1024000  ( 0.7%) 
LDR worldlights          4/8192          352/720896   ( 0.0%) 
HDR worldlights          4/8192          352/720896   ( 0.0%) 
leafwaterdata            0/32768           0/393216   ( 0.0%) 
waterstrips             11/32768         110/327680   ( 0.0%) 
waterverts               0/65536           0/786432   ( 0.0%) 
waterindices           150/65536         300/131072   ( 0.2%) 
cubemapsamples           1/1024           16/16384    ( 0.1%) 
overlays                 0/512             0/180224   ( 0.0%) 
LDR lightdata         [variable]     1198816/0        ( 0.0%) 
HDR lightdata         [variable]     1198816/0        ( 0.0%) 
visdata               [variable]         671/16777216 ( 0.0%) 
entdata               [variable]       27249/393216   ( 6.9%) 
LDR ambient table      410/65536        1640/262144   ( 0.6%) 
HDR ambient table      410/65536        1640/262144   ( 0.6%) 
LDR leaf ambient       300/65536        8400/1835008  ( 0.5%) 
HDR leaf ambient       300/65536        8400/1835008  ( 0.5%) 
occluders                0/0               0/0        ( 0.0%) 
occluder polygons        0/0               0/0        ( 0.0%) 
occluder vert ind        0/0               0/0        ( 0.0%) 
detail props          [variable]           1/12       ( 8.3%) 
static props          [variable]           1/12       ( 8.3%) 
pakfile               [variable]      212535/0        ( 0.0%) 
physics               [variable]       38963/4194304  ( 0.9%) 
physics terrain       [variable]           2/1048576  ( 0.0%) 

Level flags = 0

Total triangle count: 1237
Writing c:\program files (x86)\steam\steamapps\common\sourcesdk_content\hl2mp\mapsrc\test.bsp
0 seconds elapsed



materialPath: C:\Program Files (x86)\Steam\steamapps\common\Half-Life 2 Deathmatch\hl2mp\materials
Loading C:\Program Files (x86)\Steam\steamapps\common\sourcesdk_content\hl2mp\mapsrc\test.vmf
ConVarRef mat_reduceparticles doesn't point to an existing ConVar
Could not locate 'GameData' key in c:\program files (x86)\steam\steamapps\common\half-life 2 deathmatch\hl2mp\gameinfo.txt
Patching WVT material: maps/test/dev/dev_blendmeasure_wvt_patch
fixing up env_cubemap materials on brush sides...
0...1...2...3...4...5...6...7...8...9...100...1...2...3...4...5...6...7...8...9...10Processing areas...done (0)
Building Faces...done (0)
FixTjuncs...
PruneNodes...
WriteBSP...
done (0)
writing C:\Program Files (x86)\Steam\steamapps\common\sourcesdk_content\hl2mp\mapsrc\test.prt...Building visibility clusters...
done (0)
Creating default LDR cubemaps for env_cubemap using skybox materials:
   skybox/sky_day01_01*.vmt
 ! Run buildcubemaps in the engine to get the correct cube maps.
Creating default HDR cubemaps for env_cubemap using skybox materials:
   skybox/sky_day01_01*.vmt
 ! Run buildcubemaps in the engine to get the correct cube maps.
Finding displacement neighbors...
Finding lightmap sample positions...
Displacement Alpha : 0...1...2...3...4...5...6...7...8...9...10
Building Physics collision data...
done (0) (41038 bytes)
Placing detail props : 0...1...2...3...4...5...6...7...8...9...10
Compacting texture/material tables...
Reduced 232 texinfos to 116
Reduced 24 texdatas to 17 (783 bytes to 568)
Writing C:\Program Files (x86)\Steam\steamapps\common\sourcesdk_content\hl2mp\mapsrc\test.bsp
Wrote ZIP buffer, estimated size 321316, actual size 319494
0 seconds elapsed



12 threads
reading c:\program files (x86)\steam\steamapps\common\sourcesdk_content\hl2mp\mapsrc\test.bsp
reading c:\program files (x86)\steam\steamapps\common\sourcesdk_content\hl2mp\mapsrc\test.prt
  47 portalclusters
 128 numportals
0...1...2...3...4...5...6...7...8...9...100...1...2...3...4...5...6...7...8...9...10Optimized: 0 visible clusters (0.00%)
Total clusters visible: 1907
Average clusters visible: 40
Building PAS...
Average clusters audible: 47
visdatasize:954  compressed from 752
writing c:\program files (x86)\steam\steamapps\common\sourcesdk_content\hl2mp\mapsrc\test.bsp
0 seconds elapsed



[Reading texlights from 'lights.rad']
[45 texlights parsed from 'lights.rad']

Loading c:\program files (x86)\steam\steamapps\common\sourcesdk_content\hl2mp\mapsrc\test.bsp
526 faces
35503 square feet [5112470.00 square inches]
0 Displacements
0 Square Feet [0.00 Square Inches]
526 patches before subdivision
13316 patches after subdivision
6 direct lights
0...1...2...3...4...5...6...7...8...9...100...1...2...3...4...5...6...7...8...9...10transfers 1914197, max 371
transfer lists:  14.6 megs
0...1...2...3...4...5...6...7...8...9...10	Bounce #1 added RGB(0, 0, 0)
Build Patch/Sample Hash Table(s).....Done<0.0028 sec>
0...1...2...3...4...5...6...7...8...9...10FinalLightFace Done
0 of 0 (0% of) surface lights went in leaf ambient cubes.
0...1...2...3...4...5...6...7...8...9...10Writing leaf ambient...done
Ready to Finish

Object names       Objects/Maxobjs  Memory / Maxmem  Fullness 
------------       ---------------  ---------------  -------- 
models                  30/1024         1440/49152    ( 2.9%) 
brushes                 81/8192          972/98304    ( 1.0%) 
brushsides             578/65536        4624/524288   ( 0.9%) 
planes                 692/65536       13840/1310720  ( 1.1%) 
vertexes               755/65536        9060/786432   ( 1.2%) 
nodes                  397/65536       12704/2097152  ( 0.6%) 
texinfos               116/12288        8352/884736   ( 0.9%) 
texdata                 17/2048          544/65536    ( 0.8%) 
dispinfos                0/0               0/0        ( 0.0%) 
disp_verts               0/0               0/0        ( 0.0%) 
disp_tris                0/0               0/0        ( 0.0%) 
disp_lmsamples           0/0               0/0        ( 0.0%) 
faces                  526/65536       29456/3670016  ( 0.8%) 
hdr faces                0/65536           0/3670016  ( 0.0%) 
origfaces              346/65536       19376/3670016  ( 0.5%) 
leaves                 428/65536       13696/2097152  ( 0.7%) 
leaffaces              679/65536        1358/131072   ( 1.0%) 
leafbrushes            109/65536         218/131072   ( 0.2%) 
areas                    2/256            16/2048     ( 0.8%) 
surfedges             3809/512000      15236/2048000  ( 0.7%) 
edges                 2016/256000       8064/1024000  ( 0.8%) 
LDR worldlights          6/8192          528/720896   ( 0.1%) 
HDR worldlights          0/8192            0/720896   ( 0.0%) 
leafwaterdata            1/32768          12/393216   ( 0.0%) 
waterstrips             15/32768         150/327680   ( 0.0%) 
waterverts               0/65536           0/786432   ( 0.0%) 
waterindices           201/65536         402/131072   ( 0.3%) 
cubemapsamples           2/1024           32/16384    ( 0.2%) 
overlays                 0/512             0/180224   ( 0.0%) 
LDR lightdata         [variable]     1203448/0        ( 0.0%) 
HDR lightdata         [variable]           0/0        ( 0.0%) 
visdata               [variable]         954/16777216 ( 0.0%) 
entdata               [variable]       27652/393216   ( 7.0%) 
LDR ambient table      428/65536        1712/262144   ( 0.7%) 
HDR ambient table      428/65536        1712/262144   ( 0.7%) 
LDR leaf ambient       310/65536        8680/1835008  ( 0.5%) 
HDR leaf ambient       428/65536       11984/1835008  ( 0.7%) 
occluders                0/0               0/0        ( 0.0%) 
occluder polygons        0/0               0/0        ( 0.0%) 
occluder vert ind        0/0               0/0        ( 0.0%) 
detail props          [variable]           1/12       ( 8.3%) 
static props          [variable]           1/12       ( 8.3%) 
pakfile               [variable]      319494/0        ( 0.0%) 
physics               [variable]       41038/4194304  ( 1.0%) 
physics terrain       [variable]           2/1048576  ( 0.0%) 

Level flags = 0

Total triangle count: 1325
Writing c:\program files (x86)\steam\steamapps\common\sourcesdk_content\hl2mp\mapsrc\test.bsp
1 second elapsed



[Reading texlights from 'lights.rad']
[45 texlights parsed from 'lights.rad']

Loading c:\program files (x86)\steam\steamapps\common\sourcesdk_content\hl2mp\mapsrc\test.bsp
526 faces
35503 square feet [5112470.00 square inches]
0 Displacements
0 Square Feet [0.00 Square Inches]
526 patches before subdivision
13316 patches after subdivision
6 direct lights
0...1...2...3...4...5...6...7...8...9...100...1...2...3...4...5...6...7...8...9...10transfers 1914197, max 371
transfer lists:  14.6 megs
0...1...2...3...4...5...6...7...8...9...10	Bounce #1 added RGB(0, 0, 0)
Build Patch/Sample Hash Table(s).....Done<0.0030 sec>
0...1...2...3...4...5...6...7...8...9...10FinalLightFace Done
0 of 0 (0% of) surface lights went in leaf ambient cubes.
0...1...2...3...4...5...6...7...8...9...10Writing leaf ambient...done
Ready to Finish

Object names       Objects/Maxobjs  Memory / Maxmem  Fullness 
------------       ---------------  ---------------  -------- 
models                  30/1024         1440/49152    ( 2.9%) 
brushes                 81/8192          972/98304    ( 1.0%) 
brushsides             578/65536        4624/524288   ( 0.9%) 
planes                 692/65536       13840/1310720  ( 1.1%) 
vertexes               755/65536        9060/786432   ( 1.2%) 
nodes                  397/65536       12704/2097152  ( 0.6%) 
texinfos               116/12288        8352/884736   ( 0.9%) 
texdata                 17/2048          544/65536    ( 0.8%) 
dispinfos                0/0               0/0        ( 0.0%) 
disp_verts               0/0               0/0        ( 0.0%) 
disp_tris                0/0               0/0        ( 0.0%) 
disp_lmsamples           0/0               0/0        ( 0.0%) 
faces                  526/65536       29456/3670016  ( 0.8%) 
hdr faces              526/65536       29456/3670016  ( 0.8%) 
origfaces              346/65536       19376/3670016  ( 0.5%) 
leaves                 428/65536       13696/2097152  ( 0.7%) 
leaffaces              679/65536        1358/131072   ( 1.0%) 
leafbrushes            109/65536         218/131072   ( 0.2%) 
areas                    2/256            16/2048     ( 0.8%) 
surfedges             3809/512000      15236/2048000  ( 0.7%) 
edges                 2016/256000       8064/1024000  ( 0.8%) 
LDR worldlights          6/8192          528/720896   ( 0.1%) 
HDR worldlights          6/8192          528/720896   ( 0.1%) 
leafwaterdata            1/32768          12/393216   ( 0.0%) 
waterstrips             15/32768         150/327680   ( 0.0%) 
waterverts               0/65536           0/786432   ( 0.0%) 
waterindices           201/65536         402/131072   ( 0.3%) 
cubemapsamples           2/1024           32/16384    ( 0.2%) 
overlays                 0/512             0/180224   ( 0.0%) 
LDR lightdata         [variable]     1203448/0        ( 0.0%) 
HDR lightdata         [variable]     1203448/0        ( 0.0%) 
visdata               [variable]         954/16777216 ( 0.0%) 
entdata               [variable]       27652/393216   ( 7.0%) 
LDR ambient table      428/65536        1712/262144   ( 0.7%) 
HDR ambient table      428/65536        1712/262144   ( 0.7%) 
LDR leaf ambient       310/65536        8680/1835008  ( 0.5%) 
HDR leaf ambient       310/65536        8680/1835008  ( 0.5%) 
occluders                0/0               0/0        ( 0.0%) 
occluder polygons        0/0               0/0        ( 0.0%) 
occluder vert ind        0/0               0/0        ( 0.0%) 
detail props          [variable]           1/12       ( 8.3%) 
static props          [variable]           1/12       ( 8.3%) 
pakfile               [variable]      319494/0        ( 0.0%) 
physics               [variable]       41038/4194304  ( 1.0%) 
physics terrain       [variable]           2/1048576  ( 0.0%) 

Level flags = 0

Total triangle count: 1325
Writing c:\program files (x86)\steam\steamapps\common\sourcesdk_content\hl2mp\mapsrc\test.bsp
1 second elapsed



materialPath: C:\Program Files (x86)\Steam\steamapps\common\Half-Life 2 Deathmatch\hl2mp\materials
Loading C:\Program Files (x86)\Steam\steamapps\common\sourcesdk_content\hl2mp\mapsrc\test.vmf
ConVarRef mat_reduceparticles doesn't point to an existing ConVar
Could not locate 'GameData' key in c:\program files (x86)\steam\steamapps\common\half-life 2 deathmatch\hl2mp\gameinfo.txt
Patching WVT material: maps/test/dev/dev_blendmeasure_wvt_patch
fixing up env_cubemap materials on brush sides...
0...1...2...3...4...5...6...7...8...9...100...1...2...3...4...5...6...7...8...9...10Processing areas...done (0)
Building Faces...done (0)
FixTjuncs...
PruneNodes...
WriteBSP...
done (0)
writing C:\Program Files (x86)\Steam\steamapps\common\sourcesdk_content\hl2mp\mapsrc\test.prt...Building visibility clusters...
done (0)
Creating default LDR cubemaps for env_cubemap using skybox materials:
   skybox/sky_day01_01*.vmt
 ! Run buildcubemaps in the engine to get the correct cube maps.
Creating default HDR cubemaps for env_cubemap using skybox materials:
   skybox/sky_day01_01*.vmt
 ! Run buildcubemaps in the engine to get the correct cube maps.
Finding displacement neighbors...
Finding lightmap sample positions...
Displacement Alpha : 0...1...2...3...4...5...6...7...8...9...10
Building Physics collision data...
done (0) (41038 bytes)
Placing detail props : 0...1...2...3...4...5...6...7...8...9...10
Compacting texture/material tables...
Reduced 232 texinfos to 116
Reduced 24 texdatas to 17 (783 bytes to 568)
Writing C:\Program Files (x86)\Steam\steamapps\common\sourcesdk_content\hl2mp\mapsrc\test.bsp
Wrote ZIP buffer, estimated size 321316, actual size 319494
0 seconds elapsed



12 threads
reading c:\program files (x86)\steam\steamapps\common\sourcesdk_content\hl2mp\mapsrc\test.bsp
reading c:\program files (x86)\steam\steamapps\common\sourcesdk_content\hl2mp\mapsrc\test.prt
  47 portalclusters
 128 numportals
0...1...2...3...4...5...6...7...8...9...100...1...2...3...4...5...6...7...8...9...10Optimized: 0 visible clusters (0.00%)
Total clusters visible: 1907
Average clusters visible: 40
Building PAS...
Average clusters audible: 47
visdatasize:954  compressed from 752
writing c:\program files (x86)\steam\steamapps\common\sourcesdk_content\hl2mp\mapsrc\test.bsp
0 seconds elapsed



[Reading texlights from 'lights.rad']
[45 texlights parsed from 'lights.rad']

Loading c:\program files (x86)\steam\steamapps\common\sourcesdk_content\hl2mp\mapsrc\test.bsp
526 faces
35503 square feet [5112470.00 square inches]
0 Displacements
0 Square Feet [0.00 Square Inches]
526 patches before subdivision
13316 patches after subdivision
6 direct lights
0...1...2...3...4...5...6...7...8...9...100...1...2...3...4...5...6...7...8...9...10transfers 1914197, max 371
transfer lists:  14.6 megs
0...1...2...3...4...5...6...7...8...9...10	Bounce #1 added RGB(0, 0, 0)
Build Patch/Sample Hash Table(s).....Done<0.0028 sec>
0...1...2...3...4...5...6...7...8...9...10FinalLightFace Done
0 of 0 (0% of) surface lights went in leaf ambient cubes.
0...1...2...3...4...5...6...7...8...9...10Writing leaf ambient...done
Ready to Finish

Object names       Objects/Maxobjs  Memory / Maxmem  Fullness 
------------       ---------------  ---------------  -------- 
models                  30/1024         1440/49152    ( 2.9%) 
brushes                 81/8192          972/98304    ( 1.0%) 
brushsides             578/65536        4624/524288   ( 0.9%) 
planes                 692/65536       13840/1310720  ( 1.1%) 
vertexes               755/65536        9060/786432   ( 1.2%) 
nodes                  397/65536       12704/2097152  ( 0.6%) 
texinfos               116/12288        8352/884736   ( 0.9%) 
texdata                 17/2048          544/65536    ( 0.8%) 
dispinfos                0/0               0/0        ( 0.0%) 
disp_verts               0/0               0/0        ( 0.0%) 
disp_tris                0/0               0/0        ( 0.0%) 
disp_lmsamples           0/0               0/0        ( 0.0%) 
faces                  526/65536       29456/3670016  ( 0.8%) 
hdr faces                0/65536           0/3670016  ( 0.0%) 
origfaces              346/65536       19376/3670016  ( 0.5%) 
leaves                 428/65536       13696/2097152  ( 0.7%) 
leaffaces              679/65536        1358/131072   ( 1.0%) 
leafbrushes            109/65536         218/131072   ( 0.2%) 
areas                    2/256            16/2048     ( 0.8%) 
surfedges             3809/512000      15236/2048000  ( 0.7%) 
edges                 2016/256000       8064/1024000  ( 0.8%) 
LDR worldlights          6/8192          528/720896   ( 0.1%) 
HDR worldlights          0/8192            0/720896   ( 0.0%) 
leafwaterdata            1/32768          12/393216   ( 0.0%) 
waterstrips             15/32768         150/327680   ( 0.0%) 
waterverts               0/65536           0/786432   ( 0.0%) 
waterindices           201/65536         402/131072   ( 0.3%) 
cubemapsamples           2/1024           32/16384    ( 0.2%) 
overlays                 0/512             0/180224   ( 0.0%) 
LDR lightdata         [variable]     1203448/0        ( 0.0%) 
HDR lightdata         [variable]           0/0        ( 0.0%) 
visdata               [variable]         954/16777216 ( 0.0%) 
entdata               [variable]       27652/393216   ( 7.0%) 
LDR ambient table      428/65536        1712/262144   ( 0.7%) 
HDR ambient table      428/65536        1712/262144   ( 0.7%) 
LDR leaf ambient       310/65536        8680/1835008  ( 0.5%) 
HDR leaf ambient       428/65536       11984/1835008  ( 0.7%) 
occluders                0/0               0/0        ( 0.0%) 
occluder polygons        0/0               0/0        ( 0.0%) 
occluder vert ind        0/0               0/0        ( 0.0%) 
detail props          [variable]           1/12       ( 8.3%) 
static props          [variable]           1/12       ( 8.3%) 
pakfile               [variable]      319494/0        ( 0.0%) 
physics               [variable]       41038/4194304  ( 1.0%) 
physics terrain       [variable]           2/1048576  ( 0.0%) 

Level flags = 0

Total triangle count: 1325
Writing c:\program files (x86)\steam\steamapps\common\sourcesdk_content\hl2mp\mapsrc\test.bsp
1 second elapsed



[Reading texlights from 'lights.rad']
[45 texlights parsed from 'lights.rad']

Loading c:\program files (x86)\steam\steamapps\common\sourcesdk_content\hl2mp\mapsrc\test.bsp
526 faces
35503 square feet [5112470.00 square inches]
0 Displacements
0 Square Feet [0.00 Square Inches]
526 patches before subdivision
13316 patches after subdivision
6 direct lights
0...1...2...3...4...5...6...7...8...9...100...1...2...3...4...5...6...7...8...9...10transfers 1914197, max 371
transfer lists:  14.6 megs
0...1...2...3...4...5...6...7...8...9...10	Bounce #1 added RGB(0, 0, 0)
Build Patch/Sample Hash Table(s).....Done<0.0029 sec>
0...1...2...3...4...5...6...7...8...9...10FinalLightFace Done
0 of 0 (0% of) surface lights went in leaf ambient cubes.
0...1...2...3...4...5...6...7...8...9...10Writing leaf ambient...done
Ready to Finish

Object names       Objects/Maxobjs  Memory / Maxmem  Fullness 
------------       ---------------  ---------------  -------- 
models                  30/1024         1440/49152    ( 2.9%) 
brushes                 81/8192          972/98304    ( 1.0%) 
brushsides             578/65536        4624/524288   ( 0.9%) 
planes                 692/65536       13840/1310720  ( 1.1%) 
vertexes               755/65536        9060/786432   ( 1.2%) 
nodes                  397/65536       12704/2097152  ( 0.6%) 
texinfos               116/12288        8352/884736   ( 0.9%) 
texdata                 17/2048          544/65536    ( 0.8%) 
dispinfos                0/0               0/0        ( 0.0%) 
disp_verts               0/0               0/0        ( 0.0%) 
disp_tris                0/0               0/0        ( 0.0%) 
disp_lmsamples           0/0               0/0        ( 0.0%) 
faces                  526/65536       29456/3670016  ( 0.8%) 
hdr faces              526/65536       29456/3670016  ( 0.8%) 
origfaces              346/65536       19376/3670016  ( 0.5%) 
leaves                 428/65536       13696/2097152  ( 0.7%) 
leaffaces              679/65536        1358/131072   ( 1.0%) 
leafbrushes            109/65536         218/131072   ( 0.2%) 
areas                    2/256            16/2048     ( 0.8%) 
surfedges             3809/512000      15236/2048000  ( 0.7%) 
edges                 2016/256000       8064/1024000  ( 0.8%) 
LDR worldlights          6/8192          528/720896   ( 0.1%) 
HDR worldlights          6/8192          528/720896   ( 0.1%) 
leafwaterdata            1/32768          12/393216   ( 0.0%) 
waterstrips             15/32768         150/327680   ( 0.0%) 
waterverts               0/65536           0/786432   ( 0.0%) 
waterindices           201/65536         402/131072   ( 0.3%) 
cubemapsamples           2/1024           32/16384    ( 0.2%) 
overlays                 0/512             0/180224   ( 0.0%) 
LDR lightdata         [variable]     1203448/0        ( 0.0%) 
HDR lightdata         [variable]     1203448/0        ( 0.0%) 
visdata               [variable]         954/16777216 ( 0.0%) 
entdata               [variable]       27652/393216   ( 7.0%) 
LDR ambient table      428/65536        1712/262144   ( 0.7%) 
HDR ambient table      428/65536        1712/262144   ( 0.7%) 
LDR leaf ambient       310/65536        8680/1835008  ( 0.5%) 
HDR leaf ambient       310/65536        8680/1835008  ( 0.5%) 
occluders                0/0               0/0        ( 0.0%) 
occluder polygons        0/0               0/0        ( 0.0%) 
occluder vert ind        0/0               0/0        ( 0.0%) 
detail props          [variable]           1/12       ( 8.3%) 
static props          [variable]           1/12       ( 8.3%) 
pakfile               [variable]      319494/0        ( 0.0%) 
physics               [variable]       41038/4194304  ( 1.0%) 
physics terrain       [variable]           2/1048576  ( 0.0%) 

Level flags = 0

Total triangle count: 1325
Writing c:\program files (x86)\steam\steamapps\common\sourcesdk_content\hl2mp\mapsrc\test.bsp
1 second elapsed



materialPath: C:\Program Files (x86)\Steam\steamapps\common\Half-Life 2 Deathmatch\hl2mp\materials
Loading C:\Program Files (x86)\Steam\steamapps\common\sourcesdk_content\hl2mp\mapsrc\test.vmf
ConVarRef mat_reduceparticles doesn't point to an existing ConVar
Could not locate 'GameData' key in c:\program files (x86)\steam\steamapps\common\half-life 2 deathmatch\hl2mp\gameinfo.txt
Patching WVT material: maps/test/dev/dev_blendmeasure_wvt_patch
fixing up env_cubemap materials on brush sides...
0...1...2...3...4...5...6...7...8...9...100...1...2...3...4...5...6...7...8...9...10Processing areas...done (0)
Building Faces...done (0)
FixTjuncs...
PruneNodes...
WriteBSP...
done (0)
writing C:\Program Files (x86)\Steam\steamapps\common\sourcesdk_content\hl2mp\mapsrc\test.prt...Building visibility clusters...
done (0)
Creating default LDR cubemaps for env_cubemap using skybox materials:
   skybox/sky_day01_01*.vmt
 ! Run buildcubemaps in the engine to get the correct cube maps.
Creating default HDR cubemaps for env_cubemap using skybox materials:
   skybox/sky_day01_01*.vmt
 ! Run buildcubemaps in the engine to get the correct cube maps.
Finding displacement neighbors...
Finding lightmap sample positions...
Displacement Alpha : 0...1...2...3...4...5...6...7...8...9...10
Building Physics collision data...
done (0) (41059 bytes)
Placing detail props : 0...1...2...3...4...5...6...7...8...9...10
Compacting texture/material tables...
Reduced 233 texinfos to 117
Reduced 25 texdatas to 18 (801 bytes to 586)
Writing C:\Program Files (x86)\Steam\steamapps\common\sourcesdk_content\hl2mp\mapsrc\test.bsp
Wrote ZIP buffer, estimated size 321316, actual size 319494
0 seconds elapsed



12 threads
reading c:\program files (x86)\steam\steamapps\common\sourcesdk_content\hl2mp\mapsrc\test.bsp
reading c:\program files (x86)\steam\steamapps\common\sourcesdk_content\hl2mp\mapsrc\test.prt
  47 portalclusters
 128 numportals
0...1...2...3...4...5...6...7...8...9...100...1...2...3...4...5...6...7...8...9...10Optimized: 0 visible clusters (0.00%)
Total clusters visible: 1907
Average clusters visible: 40
Building PAS...
Average clusters audible: 47
visdatasize:954  compressed from 752
writing c:\program files (x86)\steam\steamapps\common\sourcesdk_content\hl2mp\mapsrc\test.bsp
0 seconds elapsed



[Reading texlights from 'lights.rad']
[45 texlights parsed from 'lights.rad']

Loading c:\program files (x86)\steam\steamapps\common\sourcesdk_content\hl2mp\mapsrc\test.bsp
505 faces
35503 square feet [5112470.00 square inches]
0 Displacements
0 Square Feet [0.00 Square Inches]
505 patches before subdivision
10551 patches after subdivision
6 direct lights
0...1...2...3...4...5...6...7...8...9...100...1...2...3...4...5...6...7...8...9...10transfers 1128091, max 328
transfer lists:   8.6 megs
0...1...2...3...4...5...6...7...8...9...10	Bounce #1 added RGB(108286, 98947, 70812)
0...1...2...3...4...5...6...7...8...9...10	Bounce #2 added RGB(32287, 27917, 18173)
0...1...2...3...4...5...6...7...8...9...10	Bounce #3 added RGB(8104, 6652, 3970)
0...1...2...3...4...5...6...7...8...9...10	Bounce #4 added RGB(2208, 1707, 935)
0...1...2...3...4...5...6...7...8...9...10	Bounce #5 added RGB(586, 427, 215)
0...1...2...3...4...5...6...7...8...9...10	Bounce #6 added RGB(158, 108, 50)
0...1...2...3...4...5...6...7...8...9...10	Bounce #7 added RGB(43, 27, 12)
0...1...2...3...4...5...6...7...8...9...10	Bounce #8 added RGB(12, 7, 3)
0...1...2...3...4...5...6...7...8...9...10	Bounce #9 added RGB(3, 2, 1)
0...1...2...3...4...5...6...7...8...9...10	Bounce #10 added RGB(1, 0, 0)
Build Patch/Sample Hash Table(s).....Done<0.0021 sec>
0...1...2...3...4...5...6...7...8...9...10FinalLightFace Done
0 of 0 (0% of) surface lights went in leaf ambient cubes.
0...1...2...3...4...5...6...7...8...9...10Writing leaf ambient...done
Ready to Finish

Object names       Objects/Maxobjs  Memory / Maxmem  Fullness 
------------       ---------------  ---------------  -------- 
models                  30/1024         1440/49152    ( 2.9%) 
brushes                 81/8192          972/98304    ( 1.0%) 
brushsides             578/65536        4624/524288   ( 0.9%) 
planes                 692/65536       13840/1310720  ( 1.1%) 
vertexes               735/65536        8820/786432   ( 1.1%) 
nodes                  397/65536       12704/2097152  ( 0.6%) 
texinfos               117/12288        8424/884736   ( 1.0%) 
texdata                 18/2048          576/65536    ( 0.9%) 
dispinfos                0/0               0/0        ( 0.0%) 
disp_verts               0/0               0/0        ( 0.0%) 
disp_tris                0/0               0/0        ( 0.0%) 
disp_lmsamples           0/0               0/0        ( 0.0%) 
faces                  505/65536       28280/3670016  ( 0.8%) 
hdr faces                0/65536           0/3670016  ( 0.0%) 
origfaces              346/65536       19376/3670016  ( 0.5%) 
leaves                 428/65536       13696/2097152  ( 0.7%) 
leaffaces              572/65536        1144/131072   ( 0.9%) 
leafbrushes            109/65536         218/131072   ( 0.2%) 
areas                    2/256            16/2048     ( 0.8%) 
surfedges             3727/512000      14908/2048000  ( 0.7%) 
edges                 1975/256000       7900/1024000  ( 0.8%) 
LDR worldlights          6/8192          528/720896   ( 0.1%) 
HDR worldlights          0/8192            0/720896   ( 0.0%) 
leafwaterdata            1/32768          12/393216   ( 0.0%) 
waterstrips             16/32768         160/327680   ( 0.0%) 
waterverts               0/65536           0/786432   ( 0.0%) 
waterindices           225/65536         450/131072   ( 0.3%) 
cubemapsamples           2/1024           32/16384    ( 0.2%) 
overlays                 0/512             0/180224   ( 0.0%) 
LDR lightdata         [variable]     1041048/0        ( 0.0%) 
HDR lightdata         [variable]           0/0        ( 0.0%) 
visdata               [variable]         954/16777216 ( 0.0%) 
entdata               [variable]       27652/393216   ( 7.0%) 
LDR ambient table      428/65536        1712/262144   ( 0.7%) 
HDR ambient table      428/65536        1712/262144   ( 0.7%) 
LDR leaf ambient       811/65536       22708/1835008  ( 1.2%) 
HDR leaf ambient       428/65536       11984/1835008  ( 0.7%) 
occluders                0/0               0/0        ( 0.0%) 
occluder polygons        0/0               0/0        ( 0.0%) 
occluder vert ind        0/0               0/0        ( 0.0%) 
detail props          [variable]           1/12       ( 8.3%) 
static props          [variable]           1/12       ( 8.3%) 
pakfile               [variable]      319494/0        ( 0.0%) 
physics               [variable]       41059/4194304  ( 1.0%) 
physics terrain       [variable]           2/1048576  ( 0.0%) 

Level flags = 0

Total triangle count: 1285
Writing c:\program files (x86)\steam\steamapps\common\sourcesdk_content\hl2mp\mapsrc\test.bsp
1 second elapsed



[Reading texlights from 'lights.rad']
[45 texlights parsed from 'lights.rad']

Loading c:\program files (x86)\steam\steamapps\common\sourcesdk_content\hl2mp\mapsrc\test.bsp
505 faces
35503 square feet [5112470.00 square inches]
0 Displacements
0 Square Feet [0.00 Square Inches]
505 patches before subdivision
10551 patches after subdivision
6 direct lights
0...1...2...3...4...5...6...7...8...9...100...1...2...3...4...5...6...7...8...9...10transfers 1128091, max 328
transfer lists:   8.6 megs
0...1...2...3...4...5...6...7...8...9...10	Bounce #1 added RGB(108286, 98947, 70812)
0...1...2...3...4...5...6...7...8...9...10	Bounce #2 added RGB(32287, 27917, 18173)
0...1...2...3...4...5...6...7...8...9...10	Bounce #3 added RGB(8104, 6652, 3970)
0...1...2...3...4...5...6...7...8...9...10	Bounce #4 added RGB(2208, 1707, 935)
0...1...2...3...4...5...6...7...8...9...10	Bounce #5 added RGB(586, 427, 215)
0...1...2...3...4...5...6...7...8...9...10	Bounce #6 added RGB(158, 108, 50)
0...1...2...3...4...5...6...7...8...9...10	Bounce #7 added RGB(43, 27, 12)
0...1...2...3...4...5...6...7...8...9...10	Bounce #8 added RGB(12, 7, 3)
0...1...2...3...4...5...6...7...8...9...10	Bounce #9 added RGB(3, 2, 1)
0...1...2...3...4...5...6...7...8...9...10	Bounce #10 added RGB(1, 0, 0)
Build Patch/Sample Hash Table(s).....Done<0.0022 sec>
0...1...2...3...4...5...6...7...8...9...10FinalLightFace Done
0 of 0 (0% of) surface lights went in leaf ambient cubes.
0...1...2...3...4...5...6...7...8...9...10Writing leaf ambient...done
Ready to Finish

Object names       Objects/Maxobjs  Memory / Maxmem  Fullness 
------------       ---------------  ---------------  -------- 
models                  30/1024         1440/49152    ( 2.9%) 
brushes                 81/8192          972/98304    ( 1.0%) 
brushsides             578/65536        4624/524288   ( 0.9%) 
planes                 692/65536       13840/1310720  ( 1.1%) 
vertexes               735/65536        8820/786432   ( 1.1%) 
nodes                  397/65536       12704/2097152  ( 0.6%) 
texinfos               117/12288        8424/884736   ( 1.0%) 
texdata                 18/2048          576/65536    ( 0.9%) 
dispinfos                0/0               0/0        ( 0.0%) 
disp_verts               0/0               0/0        ( 0.0%) 
disp_tris                0/0               0/0        ( 0.0%) 
disp_lmsamples           0/0               0/0        ( 0.0%) 
faces                  505/65536       28280/3670016  ( 0.8%) 
hdr faces              505/65536       28280/3670016  ( 0.8%) 
origfaces              346/65536       19376/3670016  ( 0.5%) 
leaves                 428/65536       13696/2097152  ( 0.7%) 
leaffaces              572/65536        1144/131072   ( 0.9%) 
leafbrushes            109/65536         218/131072   ( 0.2%) 
areas                    2/256            16/2048     ( 0.8%) 
surfedges             3727/512000      14908/2048000  ( 0.7%) 
edges                 1975/256000       7900/1024000  ( 0.8%) 
LDR worldlights          6/8192          528/720896   ( 0.1%) 
HDR worldlights          6/8192          528/720896   ( 0.1%) 
leafwaterdata            1/32768          12/393216   ( 0.0%) 
waterstrips             16/32768         160/327680   ( 0.0%) 
waterverts               0/65536           0/786432   ( 0.0%) 
waterindices           225/65536         450/131072   ( 0.3%) 
cubemapsamples           2/1024           32/16384    ( 0.2%) 
overlays                 0/512             0/180224   ( 0.0%) 
LDR lightdata         [variable]     1041048/0        ( 0.0%) 
HDR lightdata         [variable]     1041048/0        ( 0.0%) 
visdata               [variable]         954/16777216 ( 0.0%) 
entdata               [variable]       27652/393216   ( 7.0%) 
LDR ambient table      428/65536        1712/262144   ( 0.7%) 
HDR ambient table      428/65536        1712/262144   ( 0.7%) 
LDR leaf ambient       811/65536       22708/1835008  ( 1.2%) 
HDR leaf ambient       811/65536       22708/1835008  ( 1.2%) 
occluders                0/0               0/0        ( 0.0%) 
occluder polygons        0/0               0/0        ( 0.0%) 
occluder vert ind        0/0               0/0        ( 0.0%) 
detail props          [variable]           1/12       ( 8.3%) 
static props          [variable]           1/12       ( 8.3%) 
pakfile               [variable]      319494/0        ( 0.0%) 
physics               [variable]       41059/4194304  ( 1.0%) 
physics terrain       [variable]           2/1048576  ( 0.0%) 

Level flags = 0

Total triangle count: 1285
Writing c:\program files (x86)\steam\steamapps\common\sourcesdk_content\hl2mp\mapsrc\test.bsp
1 second elapsed



materialPath: C:\Program Files (x86)\Steam\steamapps\common\Half-Life 2 Deathmatch\hl2mp\materials
Loading C:\Program Files (x86)\Steam\steamapps\common\sourcesdk_content\hl2mp\mapsrc\test.vmf
ConVarRef mat_reduceparticles doesn't point to an existing ConVar
Could not locate 'GameData' key in c:\program files (x86)\steam\steamapps\common\half-life 2 deathmatch\hl2mp\gameinfo.txt
Patching WVT material: maps/test/dev/dev_blendmeasure_wvt_patch
fixing up env_cubemap materials on brush sides...
0...1...2...3...4...5...6...7...8...9...100...1...2...3...4...5...6...7...8...9...10Processing areas...done (0)
Building Faces...done (0)
FixTjuncs...
PruneNodes...
WriteBSP...
done (0)
writing C:\Program Files (x86)\Steam\steamapps\common\sourcesdk_content\hl2mp\mapsrc\test.prt...Building visibility clusters...
done (0)
Creating default LDR cubemaps for env_cubemap using skybox materials:
   skybox/sky_day01_01*.vmt
 ! Run buildcubemaps in the engine to get the correct cube maps.
Creating default HDR cubemaps for env_cubemap using skybox materials:
   skybox/sky_day01_01*.vmt
 ! Run buildcubemaps in the engine to get the correct cube maps.
Finding displacement neighbors...
Finding lightmap sample positions...
Displacement Alpha : 0...1...2...3...4...5...6...7...8...9...10
Building Physics collision data...
done (0) (41059 bytes)
Placing detail props : 0...1...2...3...4...5...6...7...8...9...10
Compacting texture/material tables...
Reduced 233 texinfos to 117
Reduced 25 texdatas to 18 (801 bytes to 586)
Writing C:\Program Files (x86)\Steam\steamapps\common\sourcesdk_content\hl2mp\mapsrc\test.bsp
Wrote ZIP buffer, estimated size 321316, actual size 319494
0 seconds elapsed



12 threads
reading c:\program files (x86)\steam\steamapps\common\sourcesdk_content\hl2mp\mapsrc\test.bsp
reading c:\program files (x86)\steam\steamapps\common\sourcesdk_content\hl2mp\mapsrc\test.prt
  47 portalclusters
 128 numportals
0...1...2...3...4...5...6...7...8...9...100...1...2...3...4...5...6...7...8...9...10Optimized: 0 visible clusters (0.00%)
Total clusters visible: 1907
Average clusters visible: 40
Building PAS...
Average clusters audible: 47
visdatasize:954  compressed from 752
writing c:\program files (x86)\steam\steamapps\common\sourcesdk_content\hl2mp\mapsrc\test.bsp
0 seconds elapsed



[Reading texlights from 'lights.rad']
[45 texlights parsed from 'lights.rad']

Loading c:\program files (x86)\steam\steamapps\common\sourcesdk_content\hl2mp\mapsrc\test.bsp
505 faces
35503 square feet [5112470.00 square inches]
0 Displacements
0 Square Feet [0.00 Square Inches]
505 patches before subdivision
10551 patches after subdivision
6 direct lights
0...1...2...3...4...5...6...7...8...9...100...1...2...3...4...5...6...7...8...9...10transfers 1128091, max 328
transfer lists:   8.6 megs
0...1...2...3...4...5...6...7...8...9...10	Bounce #1 added RGB(41625, 38390, 28590)
0...1...2...3...4...5...6...7...8...9...10	Bounce #2 added RGB(12239, 10688, 7223)
0...1...2...3...4...5...6...7...8...9...10	Bounce #3 added RGB(3086, 2561, 1589)
0...1...2...3...4...5...6...7...8...9...10	Bounce #4 added RGB(839, 656, 373)
0...1...2...3...4...5...6...7...8...9...10	Bounce #5 added RGB(223, 164, 86)
0...1...2...3...4...5...6...7...8...9...10	Bounce #6 added RGB(60, 42, 20)
0...1...2...3...4...5...6...7...8...9...10	Bounce #7 added RGB(16, 11, 5)
0...1...2...3...4...5...6...7...8...9...10	Bounce #8 added RGB(4, 3, 1)
0...1...2...3...4...5...6...7...8...9...10	Bounce #9 added RGB(1, 1, 0)
0...1...2...3...4...5...6...7...8...9...10	Bounce #10 added RGB(0, 0, 0)
Build Patch/Sample Hash Table(s).....Done<0.0021 sec>
0...1...2...3...4...5...6...7...8...9...10FinalLightFace Done
0 of 0 (0% of) surface lights went in leaf ambient cubes.
0...1...2...3...4...5...6...7...8...9...10Writing leaf ambient...done
Ready to Finish

Object names       Objects/Maxobjs  Memory / Maxmem  Fullness 
------------       ---------------  ---------------  -------- 
models                  30/1024         1440/49152    ( 2.9%) 
brushes                 81/8192          972/98304    ( 1.0%) 
brushsides             578/65536        4624/524288   ( 0.9%) 
planes                 692/65536       13840/1310720  ( 1.1%) 
vertexes               735/65536        8820/786432   ( 1.1%) 
nodes                  397/65536       12704/2097152  ( 0.6%) 
texinfos               117/12288        8424/884736   ( 1.0%) 
texdata                 18/2048          576/65536    ( 0.9%) 
dispinfos                0/0               0/0        ( 0.0%) 
disp_verts               0/0               0/0        ( 0.0%) 
disp_tris                0/0               0/0        ( 0.0%) 
disp_lmsamples           0/0               0/0        ( 0.0%) 
faces                  505/65536       28280/3670016  ( 0.8%) 
hdr faces                0/65536           0/3670016  ( 0.0%) 
origfaces              346/65536       19376/3670016  ( 0.5%) 
leaves                 428/65536       13696/2097152  ( 0.7%) 
leaffaces              572/65536        1144/131072   ( 0.9%) 
leafbrushes            109/65536         218/131072   ( 0.2%) 
areas                    2/256            16/2048     ( 0.8%) 
surfedges             3727/512000      14908/2048000  ( 0.7%) 
edges                 1975/256000       7900/1024000  ( 0.8%) 
LDR worldlights          6/8192          528/720896   ( 0.1%) 
HDR worldlights          0/8192            0/720896   ( 0.0%) 
leafwaterdata            1/32768          12/393216   ( 0.0%) 
waterstrips             16/32768         160/327680   ( 0.0%) 
waterverts               0/65536           0/786432   ( 0.0%) 
waterindices           225/65536         450/131072   ( 0.3%) 
cubemapsamples           2/1024           32/16384    ( 0.2%) 
overlays                 0/512             0/180224   ( 0.0%) 
LDR lightdata         [variable]     1041048/0        ( 0.0%) 
HDR lightdata         [variable]           0/0        ( 0.0%) 
visdata               [variable]         954/16777216 ( 0.0%) 
entdata               [variable]       27931/393216   ( 7.1%) 
LDR ambient table      428/65536        1712/262144   ( 0.7%) 
HDR ambient table      428/65536        1712/262144   ( 0.7%) 
LDR leaf ambient       768/65536       21504/1835008  ( 1.2%) 
HDR leaf ambient       428/65536       11984/1835008  ( 0.7%) 
occluders                0/0               0/0        ( 0.0%) 
occluder polygons        0/0               0/0        ( 0.0%) 
occluder vert ind        0/0               0/0        ( 0.0%) 
detail props          [variable]           1/12       ( 8.3%) 
static props          [variable]           1/12       ( 8.3%) 
pakfile               [variable]      319494/0        ( 0.0%) 
physics               [variable]       41059/4194304  ( 1.0%) 
physics terrain       [variable]           2/1048576  ( 0.0%) 

Level flags = 0

Total triangle count: 1285
Writing c:\program files (x86)\steam\steamapps\common\sourcesdk_content\hl2mp\mapsrc\test.bsp
1 second elapsed



[Reading texlights from 'lights.rad']
[45 texlights parsed from 'lights.rad']

Loading c:\program files (x86)\steam\steamapps\common\sourcesdk_content\hl2mp\mapsrc\test.bsp
505 faces
35503 square feet [5112470.00 square inches]
0 Displacements
0 Square Feet [0.00 Square Inches]
505 patches before subdivision
10551 patches after subdivision
6 direct lights
0...1...2...3...4...5...6...7...8...9...100...1...2...3...4...5...6...7...8...9...10transfers 1128091, max 328
transfer lists:   8.6 megs
0...1...2...3...4...5...6...7...8...9...10	Bounce #1 added RGB(41625, 38390, 28590)
0...1...2...3...4...5...6...7...8...9...10	Bounce #2 added RGB(12239, 10688, 7223)
0...1...2...3...4...5...6...7...8...9...10	Bounce #3 added RGB(3086, 2561, 1589)
0...1...2...3...4...5...6...7...8...9...10	Bounce #4 added RGB(839, 656, 373)
0...1...2...3...4...5...6...7...8...9...10	Bounce #5 added RGB(223, 164, 86)
0...1...2...3...4...5...6...7...8...9...10	Bounce #6 added RGB(60, 42, 20)
0...1...2...3...4...5...6...7...8...9...10	Bounce #7 added RGB(16, 11, 5)
0...1...2...3...4...5...6...7...8...9...10	Bounce #8 added RGB(4, 3, 1)
0...1...2...3...4...5...6...7...8...9...10	Bounce #9 added RGB(1, 1, 0)
0...1...2...3...4...5...6...7...8...9...10	Bounce #10 added RGB(0, 0, 0)
Build Patch/Sample Hash Table(s).....Done<0.0024 sec>
0...1...2...3...4...5...6...7...8...9...10FinalLightFace Done
0 of 0 (0% of) surface lights went in leaf ambient cubes.
0...1...2...3...4...5...6...7...8...9...10Writing leaf ambient...done
Ready to Finish

Object names       Objects/Maxobjs  Memory / Maxmem  Fullness 
------------       ---------------  ---------------  -------- 
models                  30/1024         1440/49152    ( 2.9%) 
brushes                 81/8192          972/98304    ( 1.0%) 
brushsides             578/65536        4624/524288   ( 0.9%) 
planes                 692/65536       13840/1310720  ( 1.1%) 
vertexes               735/65536        8820/786432   ( 1.1%) 
nodes                  397/65536       12704/2097152  ( 0.6%) 
texinfos               117/12288        8424/884736   ( 1.0%) 
texdata                 18/2048          576/65536    ( 0.9%) 
dispinfos                0/0               0/0        ( 0.0%) 
disp_verts               0/0               0/0        ( 0.0%) 
disp_tris                0/0               0/0        ( 0.0%) 
disp_lmsamples           0/0               0/0        ( 0.0%) 
faces                  505/65536       28280/3670016  ( 0.8%) 
hdr faces              505/65536       28280/3670016  ( 0.8%) 
origfaces              346/65536       19376/3670016  ( 0.5%) 
leaves                 428/65536       13696/2097152  ( 0.7%) 
leaffaces              572/65536        1144/131072   ( 0.9%) 
leafbrushes            109/65536         218/131072   ( 0.2%) 
areas                    2/256            16/2048     ( 0.8%) 
surfedges             3727/512000      14908/2048000  ( 0.7%) 
edges                 1975/256000       7900/1024000  ( 0.8%) 
LDR worldlights          6/8192          528/720896   ( 0.1%) 
HDR worldlights          6/8192          528/720896   ( 0.1%) 
leafwaterdata            1/32768          12/393216   ( 0.0%) 
waterstrips             16/32768         160/327680   ( 0.0%) 
waterverts               0/65536           0/786432   ( 0.0%) 
waterindices           225/65536         450/131072   ( 0.3%) 
cubemapsamples           2/1024           32/16384    ( 0.2%) 
overlays                 0/512             0/180224   ( 0.0%) 
LDR lightdata         [variable]     1041048/0        ( 0.0%) 
HDR lightdata         [variable]     1041048/0        ( 0.0%) 
visdata               [variable]         954/16777216 ( 0.0%) 
entdata               [variable]       27931/393216   ( 7.1%) 
LDR ambient table      428/65536        1712/262144   ( 0.7%) 
HDR ambient table      428/65536        1712/262144   ( 0.7%) 
LDR leaf ambient       768/65536       21504/1835008  ( 1.2%) 
HDR leaf ambient       768/65536       21504/1835008  ( 1.2%) 
occluders                0/0               0/0        ( 0.0%) 
occluder polygons        0/0               0/0        ( 0.0%) 
occluder vert ind        0/0               0/0        ( 0.0%) 
detail props          [variable]           1/12       ( 8.3%) 
static props          [variable]           1/12       ( 8.3%) 
pakfile               [variable]      319494/0        ( 0.0%) 
physics               [variable]       41059/4194304  ( 1.0%) 
physics terrain       [variable]           2/1048576  ( 0.0%) 

Level flags = 0

Total triangle count: 1285
Writing c:\program files (x86)\steam\steamapps\common\sourcesdk_content\hl2mp\mapsrc\test.bsp
1 second elapsed



materialPath: C:\Program Files (x86)\Steam\steamapps\common\Half-Life 2 Deathmatch\hl2mp\materials
Loading C:\Program Files (x86)\Steam\steamapps\common\sourcesdk_content\hl2mp\mapsrc\test.vmf
ConVarRef mat_reduceparticles doesn't point to an existing ConVar
Could not locate 'GameData' key in c:\program files (x86)\steam\steamapps\common\half-life 2 deathmatch\hl2mp\gameinfo.txt
Patching WVT material: maps/test/dev/dev_blendmeasure_wvt_patch
fixing up env_cubemap materials on brush sides...
0...1...2...3...4...5...6...7...8...9...100...1...2...3...4...5...6...7...8...9...10Processing areas...done (0)
Building Faces...done (0)
FixTjuncs...
PruneNodes...
WriteBSP...
done (0)
writing C:\Program Files (x86)\Steam\steamapps\common\sourcesdk_content\hl2mp\mapsrc\test.prt...Building visibility clusters...
done (0)
Creating default LDR cubemaps for env_cubemap using skybox materials:
   skybox/sky_day01_01*.vmt
 ! Run buildcubemaps in the engine to get the correct cube maps.
Creating default HDR cubemaps for env_cubemap using skybox materials:
   skybox/sky_day01_01*.vmt
 ! Run buildcubemaps in the engine to get the correct cube maps.
Finding displacement neighbors...
Finding lightmap sample positions...
Displacement Alpha : 0...1...2...3...4...5...6...7...8...9...10
Building Physics collision data...
done (0) (41059 bytes)
Placing detail props : 0...1...2...3...4...5...6...7...8...9...10
Compacting texture/material tables...
Reduced 233 texinfos to 117
Reduced 25 texdatas to 18 (801 bytes to 586)
Writing C:\Program Files (x86)\Steam\steamapps\common\sourcesdk_content\hl2mp\mapsrc\test.bsp
Wrote ZIP buffer, estimated size 321316, actual size 319494
0 seconds elapsed



12 threads
reading c:\program files (x86)\steam\steamapps\common\sourcesdk_content\hl2mp\mapsrc\test.bsp
reading c:\program files (x86)\steam\steamapps\common\sourcesdk_content\hl2mp\mapsrc\test.prt
  47 portalclusters
 128 numportals
0...1...2...3...4...5...6...7...8...9...100...1...2...3...4...5...6...7...8...9...10Optimized: 0 visible clusters (0.00%)
Total clusters visible: 1907
Average clusters visible: 40
Building PAS...
Average clusters audible: 47
visdatasize:954  compressed from 752
writing c:\program files (x86)\steam\steamapps\common\sourcesdk_content\hl2mp\mapsrc\test.bsp
0 seconds elapsed



[Reading texlights from 'lights.rad']
[45 texlights parsed from 'lights.rad']

Loading c:\program files (x86)\steam\steamapps\common\sourcesdk_content\hl2mp\mapsrc\test.bsp
505 faces
35503 square feet [5112470.00 square inches]
0 Displacements
0 Square Feet [0.00 Square Inches]
505 patches before subdivision
10551 patches after subdivision
6 direct lights
0...1...2...3...4...5...6...7...8...9...100...1...2...3...4...5...6...7...8...9...10transfers 1128091, max 328
transfer lists:   8.6 megs
0...1...2...3...4...5...6...7...8...9...10	Bounce #1 added RGB(41624, 38390, 28590)
0...1...2...3...4...5...6...7...8...9...10	Bounce #2 added RGB(12239, 10688, 7223)
0...1...2...3...4...5...6...7...8...9...10	Bounce #3 added RGB(3086, 2561, 1589)
0...1...2...3...4...5...6...7...8...9...10	Bounce #4 added RGB(839, 656, 373)
0...1...2...3...4...5...6...7...8...9...10	Bounce #5 added RGB(223, 164, 86)
0...1...2...3...4...5...6...7...8...9...10	Bounce #6 added RGB(60, 42, 20)
0...1...2...3...4...5...6...7...8...9...10	Bounce #7 added RGB(16, 11, 5)
0...1...2...3...4...5...6...7...8...9...10	Bounce #8 added RGB(4, 3, 1)
0...1...2...3...4...5...6...7...8...9...10	Bounce #9 added RGB(1, 1, 0)
0...1...2...3...4...5...6...7...8...9...10	Bounce #10 added RGB(0, 0, 0)
Build Patch/Sample Hash Table(s).....Done<0.0022 sec>
0...1...2...3...4...5...6...7...8...9...10FinalLightFace Done
0 of 0 (0% of) surface lights went in leaf ambient cubes.
0...1...2...3...4...5...6...7...8...9...10Writing leaf ambient...done
Ready to Finish

Object names       Objects/Maxobjs  Memory / Maxmem  Fullness 
------------       ---------------  ---------------  -------- 
models                  30/1024         1440/49152    ( 2.9%) 
brushes                 81/8192          972/98304    ( 1.0%) 
brushsides             578/65536        4624/524288   ( 0.9%) 
planes                 692/65536       13840/1310720  ( 1.1%) 
vertexes               735/65536        8820/786432   ( 1.1%) 
nodes                  397/65536       12704/2097152  ( 0.6%) 
texinfos               117/12288        8424/884736   ( 1.0%) 
texdata                 18/2048          576/65536    ( 0.9%) 
dispinfos                0/0               0/0        ( 0.0%) 
disp_verts               0/0               0/0        ( 0.0%) 
disp_tris                0/0               0/0        ( 0.0%) 
disp_lmsamples           0/0               0/0        ( 0.0%) 
faces                  505/65536       28280/3670016  ( 0.8%) 
hdr faces                0/65536           0/3670016  ( 0.0%) 
origfaces              346/65536       19376/3670016  ( 0.5%) 
leaves                 428/65536       13696/2097152  ( 0.7%) 
leaffaces              572/65536        1144/131072   ( 0.9%) 
leafbrushes            109/65536         218/131072   ( 0.2%) 
areas                    2/256            16/2048     ( 0.8%) 
surfedges             3727/512000      14908/2048000  ( 0.7%) 
edges                 1975/256000       7900/1024000  ( 0.8%) 
LDR worldlights          6/8192          528/720896   ( 0.1%) 
HDR worldlights          0/8192            0/720896   ( 0.0%) 
leafwaterdata            1/32768          12/393216   ( 0.0%) 
waterstrips             16/32768         160/327680   ( 0.0%) 
waterverts               0/65536           0/786432   ( 0.0%) 
waterindices           225/65536         450/131072   ( 0.3%) 
cubemapsamples           2/1024           32/16384    ( 0.2%) 
overlays                 0/512             0/180224   ( 0.0%) 
LDR lightdata         [variable]     1041048/0        ( 0.0%) 
HDR lightdata         [variable]           0/0        ( 0.0%) 
visdata               [variable]         954/16777216 ( 0.0%) 
entdata               [variable]       28029/393216   ( 7.1%) 
LDR ambient table      428/65536        1712/262144   ( 0.7%) 
HDR ambient table      428/65536        1712/262144   ( 0.7%) 
LDR leaf ambient       768/65536       21504/1835008  ( 1.2%) 
HDR leaf ambient       428/65536       11984/1835008  ( 0.7%) 
occluders                0/0               0/0        ( 0.0%) 
occluder polygons        0/0               0/0        ( 0.0%) 
occluder vert ind        0/0               0/0        ( 0.0%) 
detail props          [variable]           1/12       ( 8.3%) 
static props          [variable]           1/12       ( 8.3%) 
pakfile               [variable]      319494/0        ( 0.0%) 
physics               [variable]       41059/4194304  ( 1.0%) 
physics terrain       [variable]           2/1048576  ( 0.0%) 

Level flags = 0

Total triangle count: 1285
Writing c:\program files (x86)\steam\steamapps\common\sourcesdk_content\hl2mp\mapsrc\test.bsp
1 second elapsed



[Reading texlights from 'lights.rad']
[45 texlights parsed from 'lights.rad']

Loading c:\program files (x86)\steam\steamapps\common\sourcesdk_content\hl2mp\mapsrc\test.bsp
505 faces
35503 square feet [5112470.00 square inches]
0 Displacements
0 Square Feet [0.00 Square Inches]
505 patches before subdivision
10551 patches after subdivision
6 direct lights
0...1...2...3...4...5...6...7...8...9...100...1...2...3...4...5...6...7...8...9...10transfers 1128091, max 328
transfer lists:   8.6 megs
0...1...2...3...4...5...6...7...8...9...10	Bounce #1 added RGB(41625, 38390, 28590)
0...1...2...3...4...5...6...7...8...9...10	Bounce #2 added RGB(12239, 10688, 7223)
0...1...2...3...4...5...6...7...8...9...10	Bounce #3 added RGB(3086, 2561, 1589)
0...1...2...3...4...5...6...7...8...9...10	Bounce #4 added RGB(839, 656, 373)
0...1...2...3...4...5...6...7...8...9...10	Bounce #5 added RGB(223, 164, 86)
0...1...2...3...4...5...6...7...8...9...10	Bounce #6 added RGB(60, 42, 20)
0...1...2...3...4...5...6...7...8...9...10	Bounce #7 added RGB(16, 11, 5)
0...1...2...3...4...5...6...7...8...9...10	Bounce #8 added RGB(4, 3, 1)
0...1...2...3...4...5...6...7...8...9...10	Bounce #9 added RGB(1, 1, 0)
0...1...2...3...4...5...6...7...8...9...10	Bounce #10 added RGB(0, 0, 0)
Build Patch/Sample Hash Table(s).....Done<0.0022 sec>
0...1...2...3...4...5...6...7...8...9...10FinalLightFace Done
0 of 0 (0% of) surface lights went in leaf ambient cubes.
0...1...2...3...4...5...6...7...8...9...10Writing leaf ambient...done
Ready to Finish

Object names       Objects/Maxobjs  Memory / Maxmem  Fullness 
------------       ---------------  ---------------  -------- 
models                  30/1024         1440/49152    ( 2.9%) 
brushes                 81/8192          972/98304    ( 1.0%) 
brushsides             578/65536        4624/524288   ( 0.9%) 
planes                 692/65536       13840/1310720  ( 1.1%) 
vertexes               735/65536        8820/786432   ( 1.1%) 
nodes                  397/65536       12704/2097152  ( 0.6%) 
texinfos               117/12288        8424/884736   ( 1.0%) 
texdata                 18/2048          576/65536    ( 0.9%) 
dispinfos                0/0               0/0        ( 0.0%) 
disp_verts               0/0               0/0        ( 0.0%) 
disp_tris                0/0               0/0        ( 0.0%) 
disp_lmsamples           0/0               0/0        ( 0.0%) 
faces                  505/65536       28280/3670016  ( 0.8%) 
hdr faces              505/65536       28280/3670016  ( 0.8%) 
origfaces              346/65536       19376/3670016  ( 0.5%) 
leaves                 428/65536       13696/2097152  ( 0.7%) 
leaffaces              572/65536        1144/131072   ( 0.9%) 
leafbrushes            109/65536         218/131072   ( 0.2%) 
areas                    2/256            16/2048     ( 0.8%) 
surfedges             3727/512000      14908/2048000  ( 0.7%) 
edges                 1975/256000       7900/1024000  ( 0.8%) 
LDR worldlights          6/8192          528/720896   ( 0.1%) 
HDR worldlights          6/8192          528/720896   ( 0.1%) 
leafwaterdata            1/32768          12/393216   ( 0.0%) 
waterstrips             16/32768         160/327680   ( 0.0%) 
waterverts               0/65536           0/786432   ( 0.0%) 
waterindices           225/65536         450/131072   ( 0.3%) 
cubemapsamples           2/1024           32/16384    ( 0.2%) 
overlays                 0/512             0/180224   ( 0.0%) 
LDR lightdata         [variable]     1041048/0        ( 0.0%) 
HDR lightdata         [variable]     1041048/0        ( 0.0%) 
visdata               [variable]         954/16777216 ( 0.0%) 
entdata               [variable]       28029/393216   ( 7.1%) 
LDR ambient table      428/65536        1712/262144   ( 0.7%) 
HDR ambient table      428/65536        1712/262144   ( 0.7%) 
LDR leaf ambient       768/65536       21504/1835008  ( 1.2%) 
HDR leaf ambient       768/65536       21504/1835008  ( 1.2%) 
occluders                0/0               0/0        ( 0.0%) 
occluder polygons        0/0               0/0        ( 0.0%) 
occluder vert ind        0/0               0/0        ( 0.0%) 
detail props          [variable]           1/12       ( 8.3%) 
static props          [variable]           1/12       ( 8.3%) 
pakfile               [variable]      319494/0        ( 0.0%) 
physics               [variable]       41059/4194304  ( 1.0%) 
physics terrain       [variable]           2/1048576  ( 0.0%) 

Level flags = 0

Total triangle count: 1285
Writing c:\program files (x86)\steam\steamapps\common\sourcesdk_content\hl2mp\mapsrc\test.bsp
1 second elapsed



materialPath: C:\Program Files (x86)\Steam\steamapps\common\Half-Life 2 Deathmatch\hl2mp\materials
Loading C:\Program Files (x86)\Steam\steamapps\common\sourcesdk_content\hl2mp\mapsrc\test.vmf
ConVarRef mat_reduceparticles doesn't point to an existing ConVar
Could not locate 'GameData' key in c:\program files (x86)\steam\steamapps\common\half-life 2 deathmatch\hl2mp\gameinfo.txt
Patching WVT material: maps/test/dev/dev_blendmeasure_wvt_patch
fixing up env_cubemap materials on brush sides...
0...1...2...3...4...5...6...7...8...9...100...1...2...3...4...5...6...7...8...9...10Processing areas...done (0)
Building Faces...done (0)
FixTjuncs...
PruneNodes...
WriteBSP...
done (0)
writing C:\Program Files (x86)\Steam\steamapps\common\sourcesdk_content\hl2mp\mapsrc\test.prt...Building visibility clusters...
done (0)
Creating default LDR cubemaps for env_cubemap using skybox materials:
   skybox/sky_day01_01*.vmt
 ! Run buildcubemaps in the engine to get the correct cube maps.
Creating default HDR cubemaps for env_cubemap using skybox materials:
   skybox/sky_day01_01*.vmt
 ! Run buildcubemaps in the engine to get the correct cube maps.
Finding displacement neighbors...
Finding lightmap sample positions...
Displacement Alpha : 0...1...2...3...4...5...6...7...8...9...10
Building Physics collision data...
done (0) (42155 bytes)
Placing detail props : 0...1...2...3...4...5...6...7...8...9...10
Compacting texture/material tables...
Reduced 245 texinfos to 123
Reduced 25 texdatas to 18 (801 bytes to 586)
Writing C:\Program Files (x86)\Steam\steamapps\common\sourcesdk_content\hl2mp\mapsrc\test.bsp
Wrote ZIP buffer, estimated size 321316, actual size 319494
0 seconds elapsed



12 threads
reading c:\program files (x86)\steam\steamapps\common\sourcesdk_content\hl2mp\mapsrc\test.bsp
reading c:\program files (x86)\steam\steamapps\common\sourcesdk_content\hl2mp\mapsrc\test.prt
  47 portalclusters
 128 numportals
0...1...2...3...4...5...6...7...8...9...100...1...2...3...4...5...6...7...8...9...10Optimized: 0 visible clusters (0.00%)
Total clusters visible: 1907
Average clusters visible: 40
Building PAS...
Average clusters audible: 47
visdatasize:954  compressed from 752
writing c:\program files (x86)\steam\steamapps\common\sourcesdk_content\hl2mp\mapsrc\test.bsp
0 seconds elapsed



[Reading texlights from 'lights.rad']
[45 texlights parsed from 'lights.rad']

Loading c:\program files (x86)\steam\steamapps\common\sourcesdk_content\hl2mp\mapsrc\test.bsp
517 faces
35533 square feet [5116822.00 square inches]
0 Displacements
0 Square Feet [0.00 Square Inches]
517 patches before subdivision
10563 patches after subdivision
6 direct lights
0...1...2...3...4...5...6...7...8...9...100...1...2...3...4...5...6...7...8...9...10transfers 1130419, max 328
transfer lists:   8.6 megs
0...1...2...3...4...5...6...7...8...9...10	Bounce #1 added RGB(41778, 38534, 28696)
0...1...2...3...4...5...6...7...8...9...10	Bounce #2 added RGB(12272, 10718, 7245)
0...1...2...3...4...5...6...7...8...9...10	Bounce #3 added RGB(3094, 2569, 1594)
0...1...2...3...4...5...6...7...8...9...10	Bounce #4 added RGB(841, 658, 374)
0...1...2...3...4...5...6...7...8...9...10	Bounce #5 added RGB(223, 165, 86)
0...1...2...3...4...5...6...7...8...9...10	Bounce #6 added RGB(60, 42, 20)
0...1...2...3...4...5...6...7...8...9...10	Bounce #7 added RGB(16, 11, 5)
0...1...2...3...4...5...6...7...8...9...10	Bounce #8 added RGB(4, 3, 1)
0...1...2...3...4...5...6...7...8...9...10	Bounce #9 added RGB(1, 1, 0)
0...1...2...3...4...5...6...7...8...9...10	Bounce #10 added RGB(0, 0, 0)
Build Patch/Sample Hash Table(s).....Done<0.0022 sec>
0...1...2...3...4...5...6...7...8...9...10FinalLightFace Done
0 of 0 (0% of) surface lights went in leaf ambient cubes.
0...1...2...3...4...5...6...7...8...9...10Writing leaf ambient...done
Ready to Finish

Object names       Objects/Maxobjs  Memory / Maxmem  Fullness 
------------       ---------------  ---------------  -------- 
models                  32/1024         1536/49152    ( 3.1%) 
brushes                 83/8192          996/98304    ( 1.0%) 
brushsides             590/65536        4720/524288   ( 0.9%) 
planes                 708/65536       14160/1310720  ( 1.1%) 
vertexes               751/65536        9012/786432   ( 1.1%) 
nodes                  409/65536       13088/2097152  ( 0.6%) 
texinfos               123/12288        8856/884736   ( 1.0%) 
texdata                 18/2048          576/65536    ( 0.9%) 
dispinfos                0/0               0/0        ( 0.0%) 
disp_verts               0/0               0/0        ( 0.0%) 
disp_tris                0/0               0/0        ( 0.0%) 
disp_lmsamples           0/0               0/0        ( 0.0%) 
faces                  517/65536       28952/3670016  ( 0.8%) 
hdr faces                0/65536           0/3670016  ( 0.0%) 
origfaces              358/65536       20048/3670016  ( 0.5%) 
leaves                 442/65536       14144/2097152  ( 0.7%) 
leaffaces              584/65536        1168/131072   ( 0.9%) 
leafbrushes            111/65536         222/131072   ( 0.2%) 
areas                    2/256            16/2048     ( 0.8%) 
surfedges             3823/512000      15292/2048000  ( 0.7%) 
edges                 2023/256000       8092/1024000  ( 0.8%) 
LDR worldlights          6/8192          528/720896   ( 0.1%) 
HDR worldlights          0/8192            0/720896   ( 0.0%) 
leafwaterdata            1/32768          12/393216   ( 0.0%) 
waterstrips             16/32768         160/327680   ( 0.0%) 
waterverts               0/65536           0/786432   ( 0.0%) 
waterindices           225/65536         450/131072   ( 0.3%) 
cubemapsamples           2/1024           32/16384    ( 0.2%) 
overlays                 0/512             0/180224   ( 0.0%) 
LDR lightdata         [variable]     1041048/0        ( 0.0%) 
HDR lightdata         [variable]           0/0        ( 0.0%) 
visdata               [variable]         954/16777216 ( 0.0%) 
entdata               [variable]       28433/393216   ( 7.2%) 
LDR ambient table      442/65536        1768/262144   ( 0.7%) 
HDR ambient table      442/65536        1768/262144   ( 0.7%) 
LDR leaf ambient       780/65536       21840/1835008  ( 1.2%) 
HDR leaf ambient       442/65536       12376/1835008  ( 0.7%) 
occluders                0/0               0/0        ( 0.0%) 
occluder polygons        0/0               0/0        ( 0.0%) 
occluder vert ind        0/0               0/0        ( 0.0%) 
detail props          [variable]           1/12       ( 8.3%) 
static props          [variable]           1/12       ( 8.3%) 
pakfile               [variable]      319494/0        ( 0.0%) 
physics               [variable]       42155/4194304  ( 1.0%) 
physics terrain       [variable]           2/1048576  ( 0.0%) 

Level flags = 0

Total triangle count: 1309
Writing c:\program files (x86)\steam\steamapps\common\sourcesdk_content\hl2mp\mapsrc\test.bsp
1 second elapsed



[Reading texlights from 'lights.rad']
[45 texlights parsed from 'lights.rad']

Loading c:\program files (x86)\steam\steamapps\common\sourcesdk_content\hl2mp\mapsrc\test.bsp
517 faces
35533 square feet [5116822.00 square inches]
0 Displacements
0 Square Feet [0.00 Square Inches]
517 patches before subdivision
10563 patches after subdivision
6 direct lights
0...1...2...3...4...5...6...7...8...9...100...1...2...3...4...5...6...7...8...9...10transfers 1130419, max 328
transfer lists:   8.6 megs
0...1...2...3...4...5...6...7...8...9...10	Bounce #1 added RGB(41778, 38534, 28696)
0...1...2...3...4...5...6...7...8...9...10	Bounce #2 added RGB(12272, 10718, 7245)
0...1...2...3...4...5...6...7...8...9...10	Bounce #3 added RGB(3094, 2569, 1594)
0...1...2...3...4...5...6...7...8...9...10	Bounce #4 added RGB(841, 658, 374)
0...1...2...3...4...5...6...7...8...9...10	Bounce #5 added RGB(223, 165, 86)
0...1...2...3...4...5...6...7...8...9...10	Bounce #6 added RGB(60, 42, 20)
0...1...2...3...4...5...6...7...8...9...10	Bounce #7 added RGB(16, 11, 5)
0...1...2...3...4...5...6...7...8...9...10	Bounce #8 added RGB(4, 3, 1)
0...1...2...3...4...5...6...7...8...9...10	Bounce #9 added RGB(1, 1, 0)
0...1...2...3...4...5...6...7...8...9...10	Bounce #10 added RGB(0, 0, 0)
Build Patch/Sample Hash Table(s).....Done<0.0024 sec>
0...1...2...3...4...5...6...7...8...9...10FinalLightFace Done
0 of 0 (0% of) surface lights went in leaf ambient cubes.
0...1...2...3...4...5...6...7...8...9...10Writing leaf ambient...done
Ready to Finish

Object names       Objects/Maxobjs  Memory / Maxmem  Fullness 
------------       ---------------  ---------------  -------- 
models                  32/1024         1536/49152    ( 3.1%) 
brushes                 83/8192          996/98304    ( 1.0%) 
brushsides             590/65536        4720/524288   ( 0.9%) 
planes                 708/65536       14160/1310720  ( 1.1%) 
vertexes               751/65536        9012/786432   ( 1.1%) 
nodes                  409/65536       13088/2097152  ( 0.6%) 
texinfos               123/12288        8856/884736   ( 1.0%) 
texdata                 18/2048          576/65536    ( 0.9%) 
dispinfos                0/0               0/0        ( 0.0%) 
disp_verts               0/0               0/0        ( 0.0%) 
disp_tris                0/0               0/0        ( 0.0%) 
disp_lmsamples           0/0               0/0        ( 0.0%) 
faces                  517/65536       28952/3670016  ( 0.8%) 
hdr faces              517/65536       28952/3670016  ( 0.8%) 
origfaces              358/65536       20048/3670016  ( 0.5%) 
leaves                 442/65536       14144/2097152  ( 0.7%) 
leaffaces              584/65536        1168/131072   ( 0.9%) 
leafbrushes            111/65536         222/131072   ( 0.2%) 
areas                    2/256            16/2048     ( 0.8%) 
surfedges             3823/512000      15292/2048000  ( 0.7%) 
edges                 2023/256000       8092/1024000  ( 0.8%) 
LDR worldlights          6/8192          528/720896   ( 0.1%) 
HDR worldlights          6/8192          528/720896   ( 0.1%) 
leafwaterdata            1/32768          12/393216   ( 0.0%) 
waterstrips             16/32768         160/327680   ( 0.0%) 
waterverts               0/65536           0/786432   ( 0.0%) 
waterindices           225/65536         450/131072   ( 0.3%) 
cubemapsamples           2/1024           32/16384    ( 0.2%) 
overlays                 0/512             0/180224   ( 0.0%) 
LDR lightdata         [variable]     1041048/0        ( 0.0%) 
HDR lightdata         [variable]     1041048/0        ( 0.0%) 
visdata               [variable]         954/16777216 ( 0.0%) 
entdata               [variable]       28433/393216   ( 7.2%) 
LDR ambient table      442/65536        1768/262144   ( 0.7%) 
HDR ambient table      442/65536        1768/262144   ( 0.7%) 
LDR leaf ambient       780/65536       21840/1835008  ( 1.2%) 
HDR leaf ambient       780/65536       21840/1835008  ( 1.2%) 
occluders                0/0               0/0        ( 0.0%) 
occluder polygons        0/0               0/0        ( 0.0%) 
occluder vert ind        0/0               0/0        ( 0.0%) 
detail props          [variable]           1/12       ( 8.3%) 
static props          [variable]           1/12       ( 8.3%) 
pakfile               [variable]      319494/0        ( 0.0%) 
physics               [variable]       42155/4194304  ( 1.0%) 
physics terrain       [variable]           2/1048576  ( 0.0%) 

Level flags = 0

Total triangle count: 1309
Writing c:\program files (x86)\steam\steamapps\common\sourcesdk_content\hl2mp\mapsrc\test.bsp
1 second elapsed



materialPath: C:\Program Files (x86)\Steam\steamapps\common\Half-Life 2 Deathmatch\hl2mp\materials
Loading C:\Program Files (x86)\Steam\steamapps\common\sourcesdk_content\hl2mp\mapsrc\test.vmf
ConVarRef mat_reduceparticles doesn't point to an existing ConVar
Could not locate 'GameData' key in c:\program files (x86)\steam\steamapps\common\half-life 2 deathmatch\hl2mp\gameinfo.txt
Patching WVT material: maps/test/dev/dev_blendmeasure_wvt_patch
fixing up env_cubemap materials on brush sides...
0...1...2...3...4...5...6...7...8...9...100...1...2...3...4...5...6...7...8...9...10Processing areas...done (0)
Building Faces...done (0)
FixTjuncs...
PruneNodes...
WriteBSP...
done (0)
writing C:\Program Files (x86)\Steam\steamapps\common\sourcesdk_content\hl2mp\mapsrc\test.prt...Building visibility clusters...
done (0)
Creating default LDR cubemaps for env_cubemap using skybox materials:
   skybox/sky_day01_01*.vmt
 ! Run buildcubemaps in the engine to get the correct cube maps.
Creating default HDR cubemaps for env_cubemap using skybox materials:
   skybox/sky_day01_01*.vmt
 ! Run buildcubemaps in the engine to get the correct cube maps.
Finding displacement neighbors...
Finding lightmap sample positions...
Displacement Alpha : 0...1...2...3...4...5...6...7...8...9...10
Building Physics collision data...
done (0) (42155 bytes)
Placing detail props : 0...1...2...3...4...5...6...7...8...9...10
Compacting texture/material tables...
Reduced 245 texinfos to 123
Reduced 25 texdatas to 18 (801 bytes to 586)
Writing C:\Program Files (x86)\Steam\steamapps\common\sourcesdk_content\hl2mp\mapsrc\test.bsp
Wrote ZIP buffer, estimated size 321316, actual size 319494
0 seconds elapsed



12 threads
reading c:\program files (x86)\steam\steamapps\common\sourcesdk_content\hl2mp\mapsrc\test.bsp
reading c:\program files (x86)\steam\steamapps\common\sourcesdk_content\hl2mp\mapsrc\test.prt
  47 portalclusters
 128 numportals
0...1...2...3...4...5...6...7...8...9...100...1...2...3...4...5...6...7...8...9...10Optimized: 0 visible clusters (0.00%)
Total clusters visible: 1907
Average clusters visible: 40
Building PAS...
Average clusters audible: 47
visdatasize:954  compressed from 752
writing c:\program files (x86)\steam\steamapps\common\sourcesdk_content\hl2mp\mapsrc\test.bsp
0 seconds elapsed



[Reading texlights from 'lights.rad']
[45 texlights parsed from 'lights.rad']

Loading c:\program files (x86)\steam\steamapps\common\sourcesdk_content\hl2mp\mapsrc\test.bsp
517 faces
35533 square feet [5116822.00 square inches]
0 Displacements
0 Square Feet [0.00 Square Inches]
517 patches before subdivision
10563 patches after subdivision
6 direct lights
0...1...2...3...4...5...6...7...8...9...100...1...2...3...4...5...6...7...8...9...10transfers 1130419, max 328
transfer lists:   8.6 megs
0...1...2...3...4...5...6...7...8...9...10	Bounce #1 added RGB(41778, 38534, 28696)
0...1...2...3...4...5...6...7...8...9...10	Bounce #2 added RGB(12272, 10718, 7245)
0...1...2...3...4...5...6...7...8...9...10	Bounce #3 added RGB(3094, 2569, 1594)
0...1...2...3...4...5...6...7...8...9...10	Bounce #4 added RGB(841, 658, 374)
0...1...2...3...4...5...6...7...8...9...10	Bounce #5 added RGB(223, 165, 86)
0...1...2...3...4...5...6...7...8...9...10	Bounce #6 added RGB(60, 42, 20)
0...1...2...3...4...5...6...7...8...9...10	Bounce #7 added RGB(16, 11, 5)
0...1...2...3...4...5...6...7...8...9...10	Bounce #8 added RGB(4, 3, 1)
0...1...2...3...4...5...6...7...8...9...10	Bounce #9 added RGB(1, 1, 0)
0...1...2...3...4...5...6...7...8...9...10	Bounce #10 added RGB(0, 0, 0)
Build Patch/Sample Hash Table(s).....Done<0.0021 sec>
0...1...2...3...4...5...6...7...8...9...10FinalLightFace Done
0 of 0 (0% of) surface lights went in leaf ambient cubes.
0...1...2...3...4...5...6...7...8...9...10Writing leaf ambient...done
Ready to Finish

Object names       Objects/Maxobjs  Memory / Maxmem  Fullness 
------------       ---------------  ---------------  -------- 
models                  32/1024         1536/49152    ( 3.1%) 
brushes                 83/8192          996/98304    ( 1.0%) 
brushsides             590/65536        4720/524288   ( 0.9%) 
planes                 708/65536       14160/1310720  ( 1.1%) 
vertexes               751/65536        9012/786432   ( 1.1%) 
nodes                  409/65536       13088/2097152  ( 0.6%) 
texinfos               123/12288        8856/884736   ( 1.0%) 
texdata                 18/2048          576/65536    ( 0.9%) 
dispinfos                0/0               0/0        ( 0.0%) 
disp_verts               0/0               0/0        ( 0.0%) 
disp_tris                0/0               0/0        ( 0.0%) 
disp_lmsamples           0/0               0/0        ( 0.0%) 
faces                  517/65536       28952/3670016  ( 0.8%) 
hdr faces                0/65536           0/3670016  ( 0.0%) 
origfaces              358/65536       20048/3670016  ( 0.5%) 
leaves                 442/65536       14144/2097152  ( 0.7%) 
leaffaces              584/65536        1168/131072   ( 0.9%) 
leafbrushes            111/65536         222/131072   ( 0.2%) 
areas                    2/256            16/2048     ( 0.8%) 
surfedges             3823/512000      15292/2048000  ( 0.7%) 
edges                 2023/256000       8092/1024000  ( 0.8%) 
LDR worldlights          6/8192          528/720896   ( 0.1%) 
HDR worldlights          0/8192            0/720896   ( 0.0%) 
leafwaterdata            1/32768          12/393216   ( 0.0%) 
waterstrips             16/32768         160/327680   ( 0.0%) 
waterverts               0/65536           0/786432   ( 0.0%) 
waterindices           225/65536         450/131072   ( 0.3%) 
cubemapsamples           2/1024           32/16384    ( 0.2%) 
overlays                 0/512             0/180224   ( 0.0%) 
LDR lightdata         [variable]     1041048/0        ( 0.0%) 
HDR lightdata         [variable]           0/0        ( 0.0%) 
visdata               [variable]         954/16777216 ( 0.0%) 
entdata               [variable]       28434/393216   ( 7.2%) 
LDR ambient table      442/65536        1768/262144   ( 0.7%) 
HDR ambient table      442/65536        1768/262144   ( 0.7%) 
LDR leaf ambient       780/65536       21840/1835008  ( 1.2%) 
HDR leaf ambient       442/65536       12376/1835008  ( 0.7%) 
occluders                0/0               0/0        ( 0.0%) 
occluder polygons        0/0               0/0        ( 0.0%) 
occluder vert ind        0/0               0/0        ( 0.0%) 
detail props          [variable]           1/12       ( 8.3%) 
static props          [variable]           1/12       ( 8.3%) 
pakfile               [variable]      319494/0        ( 0.0%) 
physics               [variable]       42155/4194304  ( 1.0%) 
physics terrain       [variable]           2/1048576  ( 0.0%) 

Level flags = 0

Total triangle count: 1309
Writing c:\program files (x86)\steam\steamapps\common\sourcesdk_content\hl2mp\mapsrc\test.bsp
1 second elapsed



[Reading texlights from 'lights.rad']
[45 texlights parsed from 'lights.rad']

Loading c:\program files (x86)\steam\steamapps\common\sourcesdk_content\hl2mp\mapsrc\test.bsp
517 faces
35533 square feet [5116822.00 square inches]
0 Displacements
0 Square Feet [0.00 Square Inches]
517 patches before subdivision
10563 patches after subdivision
6 direct lights
0...1...2...3...4...5...6...7...8...9...100...1...2...3...4...5...6...7...8...9...10transfers 1130419, max 328
transfer lists:   8.6 megs
0...1...2...3...4...5...6...7...8...9...10	Bounce #1 added RGB(41778, 38534, 28696)
0...1...2...3...4...5...6...7...8...9...10	Bounce #2 added RGB(12272, 10718, 7245)
0...1...2...3...4...5...6...7...8...9...10	Bounce #3 added RGB(3094, 2569, 1594)
0...1...2...3...4...5...6...7...8...9...10	Bounce #4 added RGB(841, 658, 374)
0...1...2...3...4...5...6...7...8...9...10	Bounce #5 added RGB(223, 165, 86)
0...1...2...3...4...5...6...7...8...9...10	Bounce #6 added RGB(60, 42, 20)
0...1...2...3...4...5...6...7...8...9...10	Bounce #7 added RGB(16, 11, 5)
0...1...2...3...4...5...6...7...8...9...10	Bounce #8 added RGB(4, 3, 1)
0...1...2...3...4...5...6...7...8...9...10	Bounce #9 added RGB(1, 1, 0)
0...1...2...3...4...5...6...7...8...9...10	Bounce #10 added RGB(0, 0, 0)
Build Patch/Sample Hash Table(s).....Done<0.0021 sec>
0...1...2...3...4...5...6...7...8...9...10FinalLightFace Done
0 of 0 (0% of) surface lights went in leaf ambient cubes.
0...1...2...3...4...5...6...7...8...9...10Writing leaf ambient...done
Ready to Finish

Object names       Objects/Maxobjs  Memory / Maxmem  Fullness 
------------       ---------------  ---------------  -------- 
models                  32/1024         1536/49152    ( 3.1%) 
brushes                 83/8192          996/98304    ( 1.0%) 
brushsides             590/65536        4720/524288   ( 0.9%) 
planes                 708/65536       14160/1310720  ( 1.1%) 
vertexes               751/65536        9012/786432   ( 1.1%) 
nodes                  409/65536       13088/2097152  ( 0.6%) 
texinfos               123/12288        8856/884736   ( 1.0%) 
texdata                 18/2048          576/65536    ( 0.9%) 
dispinfos                0/0               0/0        ( 0.0%) 
disp_verts               0/0               0/0        ( 0.0%) 
disp_tris                0/0               0/0        ( 0.0%) 
disp_lmsamples           0/0               0/0        ( 0.0%) 
faces                  517/65536       28952/3670016  ( 0.8%) 
hdr faces              517/65536       28952/3670016  ( 0.8%) 
origfaces              358/65536       20048/3670016  ( 0.5%) 
leaves                 442/65536       14144/2097152  ( 0.7%) 
leaffaces              584/65536        1168/131072   ( 0.9%) 
leafbrushes            111/65536         222/131072   ( 0.2%) 
areas                    2/256            16/2048     ( 0.8%) 
surfedges             3823/512000      15292/2048000  ( 0.7%) 
edges                 2023/256000       8092/1024000  ( 0.8%) 
LDR worldlights          6/8192          528/720896   ( 0.1%) 
HDR worldlights          6/8192          528/720896   ( 0.1%) 
leafwaterdata            1/32768          12/393216   ( 0.0%) 
waterstrips             16/32768         160/327680   ( 0.0%) 
waterverts               0/65536           0/786432   ( 0.0%) 
waterindices           225/65536         450/131072   ( 0.3%) 
cubemapsamples           2/1024           32/16384    ( 0.2%) 
overlays                 0/512             0/180224   ( 0.0%) 
LDR lightdata         [variable]     1041048/0        ( 0.0%) 
HDR lightdata         [variable]     1041048/0        ( 0.0%) 
visdata               [variable]         954/16777216 ( 0.0%) 
entdata               [variable]       28434/393216   ( 7.2%) 
LDR ambient table      442/65536        1768/262144   ( 0.7%) 
HDR ambient table      442/65536        1768/262144   ( 0.7%) 
LDR leaf ambient       780/65536       21840/1835008  ( 1.2%) 
HDR leaf ambient       780/65536       21840/1835008  ( 1.2%) 
occluders                0/0               0/0        ( 0.0%) 
occluder polygons        0/0               0/0        ( 0.0%) 
occluder vert ind        0/0               0/0        ( 0.0%) 
detail props          [variable]           1/12       ( 8.3%) 
static props          [variable]           1/12       ( 8.3%) 
pakfile               [variable]      319494/0        ( 0.0%) 
physics               [variable]       42155/4194304  ( 1.0%) 
physics terrain       [variable]           2/1048576  ( 0.0%) 

Level flags = 0

Total triangle count: 1309
Writing c:\program files (x86)\steam\steamapps\common\sourcesdk_content\hl2mp\mapsrc\test.bsp
1 second elapsed



materialPath: C:\Program Files (x86)\Steam\steamapps\common\Half-Life 2 Deathmatch\hl2mp\materials
Loading C:\Program Files (x86)\Steam\steamapps\common\sourcesdk_content\hl2mp\mapsrc\test.vmf
ConVarRef mat_reduceparticles doesn't point to an existing ConVar
Could not locate 'GameData' key in c:\program files (x86)\steam\steamapps\common\half-life 2 deathmatch\hl2mp\gameinfo.txt
Patching WVT material: maps/test/dev/dev_blendmeasure_wvt_patch
fixing up env_cubemap materials on brush sides...
0...1...2...3...4...5...6...7...8...9...100...1...2...3...4...5...6...7...8...9...10Processing areas...done (0)
Building Faces...done (0)
FixTjuncs...
PruneNodes...
WriteBSP...
done (0)
writing C:\Program Files (x86)\Steam\steamapps\common\sourcesdk_content\hl2mp\mapsrc\test.prt...Building visibility clusters...
done (0)
Creating default LDR cubemaps for env_cubemap using skybox materials:
   skybox/sky_day01_01*.vmt
 ! Run buildcubemaps in the engine to get the correct cube maps.
Creating default HDR cubemaps for env_cubemap using skybox materials:
   skybox/sky_day01_01*.vmt
 ! Run buildcubemaps in the engine to get the correct cube maps.
Finding displacement neighbors...
Finding lightmap sample positions...
Displacement Alpha : 0...1...2...3...4...5...6...7...8...9...10
Building Physics collision data...
done (0) (42155 bytes)
Placing detail props : 0...1...2...3...4...5...6...7...8...9...10
Compacting texture/material tables...
Reduced 245 texinfos to 123
Reduced 25 texdatas to 18 (801 bytes to 586)
Writing C:\Program Files (x86)\Steam\steamapps\common\sourcesdk_content\hl2mp\mapsrc\test.bsp
Wrote ZIP buffer, estimated size 321316, actual size 319494
0 seconds elapsed



12 threads
reading c:\program files (x86)\steam\steamapps\common\sourcesdk_content\hl2mp\mapsrc\test.bsp
reading c:\program files (x86)\steam\steamapps\common\sourcesdk_content\hl2mp\mapsrc\test.prt
  47 portalclusters
 128 numportals
0...1...2...3...4...5...6...7...8...9...100...1...2...3...4...5...6...7...8...9...10Optimized: 0 visible clusters (0.00%)
Total clusters visible: 1907
Average clusters visible: 40
Building PAS...
Average clusters audible: 47
visdatasize:954  compressed from 752
writing c:\program files (x86)\steam\steamapps\common\sourcesdk_content\hl2mp\mapsrc\test.bsp
0 seconds elapsed



[Reading texlights from 'lights.rad']
[45 texlights parsed from 'lights.rad']

Loading c:\program files (x86)\steam\steamapps\common\sourcesdk_content\hl2mp\mapsrc\test.bsp
517 faces
35533 square feet [5116822.00 square inches]
0 Displacements
0 Square Feet [0.00 Square Inches]
517 patches before subdivision
10563 patches after subdivision
6 direct lights
0...1...2...3...4...5...6...7...8...9...100...1...2...3...4...5...6...7...8...9...10transfers 1130419, max 328
transfer lists:   8.6 megs
0...1...2...3...4...5...6...7...8...9...10	Bounce #1 added RGB(41778, 38534, 28696)
0...1...2...3...4...5...6...7...8...9...10	Bounce #2 added RGB(12272, 10718, 7245)
0...1...2...3...4...5...6...7...8...9...10	Bounce #3 added RGB(3094, 2569, 1594)
0...1...2...3...4...5...6...7...8...9...10	Bounce #4 added RGB(841, 658, 374)
0...1...2...3...4...5...6...7...8...9...10	Bounce #5 added RGB(223, 165, 86)
0...1...2...3...4...5...6...7...8...9...10	Bounce #6 added RGB(60, 42, 20)
0...1...2...3...4...5...6...7...8...9...10	Bounce #7 added RGB(16, 11, 5)
0...1...2...3...4...5...6...7...8...9...10	Bounce #8 added RGB(4, 3, 1)
0...1...2...3...4...5...6...7...8...9...10	Bounce #9 added RGB(1, 1, 0)
0...1...2...3...4...5...6...7...8...9...10	Bounce #10 added RGB(0, 0, 0)
Build Patch/Sample Hash Table(s).....Done<0.0022 sec>
0...1...2...3...4...5...6...7...8...9...10FinalLightFace Done
0 of 0 (0% of) surface lights went in leaf ambient cubes.
0...1...2...3...4...5...6...7...8...9...10Writing leaf ambient...done
Ready to Finish

Object names       Objects/Maxobjs  Memory / Maxmem  Fullness 
------------       ---------------  ---------------  -------- 
models                  32/1024         1536/49152    ( 3.1%) 
brushes                 83/8192          996/98304    ( 1.0%) 
brushsides             590/65536        4720/524288   ( 0.9%) 
planes                 708/65536       14160/1310720  ( 1.1%) 
vertexes               751/65536        9012/786432   ( 1.1%) 
nodes                  409/65536       13088/2097152  ( 0.6%) 
texinfos               123/12288        8856/884736   ( 1.0%) 
texdata                 18/2048          576/65536    ( 0.9%) 
dispinfos                0/0               0/0        ( 0.0%) 
disp_verts               0/0               0/0        ( 0.0%) 
disp_tris                0/0               0/0        ( 0.0%) 
disp_lmsamples           0/0               0/0        ( 0.0%) 
faces                  517/65536       28952/3670016  ( 0.8%) 
hdr faces                0/65536           0/3670016  ( 0.0%) 
origfaces              358/65536       20048/3670016  ( 0.5%) 
leaves                 442/65536       14144/2097152  ( 0.7%) 
leaffaces              584/65536        1168/131072   ( 0.9%) 
leafbrushes            111/65536         222/131072   ( 0.2%) 
areas                    2/256            16/2048     ( 0.8%) 
surfedges             3823/512000      15292/2048000  ( 0.7%) 
edges                 2023/256000       8092/1024000  ( 0.8%) 
LDR worldlights          6/8192          528/720896   ( 0.1%) 
HDR worldlights          0/8192            0/720896   ( 0.0%) 
leafwaterdata            1/32768          12/393216   ( 0.0%) 
waterstrips             16/32768         160/327680   ( 0.0%) 
waterverts               0/65536           0/786432   ( 0.0%) 
waterindices           225/65536         450/131072   ( 0.3%) 
cubemapsamples           2/1024           32/16384    ( 0.2%) 
overlays                 0/512             0/180224   ( 0.0%) 
LDR lightdata         [variable]     1041048/0        ( 0.0%) 
HDR lightdata         [variable]           0/0        ( 0.0%) 
visdata               [variable]         954/16777216 ( 0.0%) 
entdata               [variable]       28494/393216   ( 7.2%) 
LDR ambient table      442/65536        1768/262144   ( 0.7%) 
HDR ambient table      442/65536        1768/262144   ( 0.7%) 
LDR leaf ambient       780/65536       21840/1835008  ( 1.2%) 
HDR leaf ambient       442/65536       12376/1835008  ( 0.7%) 
occluders                0/0               0/0        ( 0.0%) 
occluder polygons        0/0               0/0        ( 0.0%) 
occluder vert ind        0/0               0/0        ( 0.0%) 
detail props          [variable]           1/12       ( 8.3%) 
static props          [variable]           1/12       ( 8.3%) 
pakfile               [variable]      319494/0        ( 0.0%) 
physics               [variable]       42155/4194304  ( 1.0%) 
physics terrain       [variable]           2/1048576  ( 0.0%) 

Level flags = 0

Total triangle count: 1309
Writing c:\program files (x86)\steam\steamapps\common\sourcesdk_content\hl2mp\mapsrc\test.bsp
1 second elapsed



[Reading texlights from 'lights.rad']
[45 texlights parsed from 'lights.rad']

Loading c:\program files (x86)\steam\steamapps\common\sourcesdk_content\hl2mp\mapsrc\test.bsp
517 faces
35533 square feet [5116822.00 square inches]
0 Displacements
0 Square Feet [0.00 Square Inches]
517 patches before subdivision
10563 patches after subdivision
6 direct lights
0...1...2...3...4...5...6...7...8...9...100...1...2...3...4...5...6...7...8...9...10transfers 1130419, max 328
transfer lists:   8.6 megs
0...1...2...3...4...5...6...7...8...9...10	Bounce #1 added RGB(41778, 38534, 28696)
0...1...2...3...4...5...6...7...8...9...10	Bounce #2 added RGB(12272, 10718, 7245)
0...1...2...3...4...5...6...7...8...9...10	Bounce #3 added RGB(3094, 2569, 1594)
0...1...2...3...4...5...6...7...8...9...10	Bounce #4 added RGB(841, 658, 374)
0...1...2...3...4...5...6...7...8...9...10	Bounce #5 added RGB(223, 165, 86)
0...1...2...3...4...5...6...7...8...9...10	Bounce #6 added RGB(60, 42, 20)
0...1...2...3...4...5...6...7...8...9...10	Bounce #7 added RGB(16, 11, 5)
0...1...2...3...4...5...6...7...8...9...10	Bounce #8 added RGB(4, 3, 1)
0...1...2...3...4...5...6...7...8...9...10	Bounce #9 added RGB(1, 1, 0)
0...1...2...3...4...5...6...7...8...9...10	Bounce #10 added RGB(0, 0, 0)
Build Patch/Sample Hash Table(s).....Done<0.0022 sec>
0...1...2...3...4...5...6...7...8...9...10FinalLightFace Done
0 of 0 (0% of) surface lights went in leaf ambient cubes.
0...1...2...3...4...5...6...7...8...9...10Writing leaf ambient...done
Ready to Finish

Object names       Objects/Maxobjs  Memory / Maxmem  Fullness 
------------       ---------------  ---------------  -------- 
models                  32/1024         1536/49152    ( 3.1%) 
brushes                 83/8192          996/98304    ( 1.0%) 
brushsides             590/65536        4720/524288   ( 0.9%) 
planes                 708/65536       14160/1310720  ( 1.1%) 
vertexes               751/65536        9012/786432   ( 1.1%) 
nodes                  409/65536       13088/2097152  ( 0.6%) 
texinfos               123/12288        8856/884736   ( 1.0%) 
texdata                 18/2048          576/65536    ( 0.9%) 
dispinfos                0/0               0/0        ( 0.0%) 
disp_verts               0/0               0/0        ( 0.0%) 
disp_tris                0/0               0/0        ( 0.0%) 
disp_lmsamples           0/0               0/0        ( 0.0%) 
faces                  517/65536       28952/3670016  ( 0.8%) 
hdr faces              517/65536       28952/3670016  ( 0.8%) 
origfaces              358/65536       20048/3670016  ( 0.5%) 
leaves                 442/65536       14144/2097152  ( 0.7%) 
leaffaces              584/65536        1168/131072   ( 0.9%) 
leafbrushes            111/65536         222/131072   ( 0.2%) 
areas                    2/256            16/2048     ( 0.8%) 
surfedges             3823/512000      15292/2048000  ( 0.7%) 
edges                 2023/256000       8092/1024000  ( 0.8%) 
LDR worldlights          6/8192          528/720896   ( 0.1%) 
HDR worldlights          6/8192          528/720896   ( 0.1%) 
leafwaterdata            1/32768          12/393216   ( 0.0%) 
waterstrips             16/32768         160/327680   ( 0.0%) 
waterverts               0/65536           0/786432   ( 0.0%) 
waterindices           225/65536         450/131072   ( 0.3%) 
cubemapsamples           2/1024           32/16384    ( 0.2%) 
overlays                 0/512             0/180224   ( 0.0%) 
LDR lightdata         [variable]     1041048/0        ( 0.0%) 
HDR lightdata         [variable]     1041048/0        ( 0.0%) 
visdata               [variable]         954/16777216 ( 0.0%) 
entdata               [variable]       28494/393216   ( 7.2%) 
LDR ambient table      442/65536        1768/262144   ( 0.7%) 
HDR ambient table      442/65536        1768/262144   ( 0.7%) 
LDR leaf ambient       780/65536       21840/1835008  ( 1.2%) 
HDR leaf ambient       780/65536       21840/1835008  ( 1.2%) 
occluders                0/0               0/0        ( 0.0%) 
occluder polygons        0/0               0/0        ( 0.0%) 
occluder vert ind        0/0               0/0        ( 0.0%) 
detail props          [variable]           1/12       ( 8.3%) 
static props          [variable]           1/12       ( 8.3%) 
pakfile               [variable]      319494/0        ( 0.0%) 
physics               [variable]       42155/4194304  ( 1.0%) 
physics terrain       [variable]           2/1048576  ( 0.0%) 

Level flags = 0

Total triangle count: 1309
Writing c:\program files (x86)\steam\steamapps\common\sourcesdk_content\hl2mp\mapsrc\test.bsp
1 second elapsed



materialPath: C:\Program Files (x86)\Steam\steamapps\common\Half-Life 2 Deathmatch\hl2mp\materials
Loading C:\Program Files (x86)\Steam\steamapps\common\sourcesdk_content\hl2mp\mapsrc\test.vmf
ConVarRef mat_reduceparticles doesn't point to an existing ConVar
Could not locate 'GameData' key in c:\program files (x86)\steam\steamapps\common\half-life 2 deathmatch\hl2mp\gameinfo.txt
Patching WVT material: maps/test/dev/dev_blendmeasure_wvt_patch
fixing up env_cubemap materials on brush sides...
0...1...2...3...4...5...6...7...8...9...100...1...2...3...4...5...6...7...8...9...10Processing areas...done (0)
Building Faces...done (0)
FixTjuncs...
PruneNodes...
WriteBSP...
done (0)
writing C:\Program Files (x86)\Steam\steamapps\common\sourcesdk_content\hl2mp\mapsrc\test.prt...Building visibility clusters...
done (0)
Creating default LDR cubemaps for env_cubemap using skybox materials:
   skybox/sky_day01_01*.vmt
 ! Run buildcubemaps in the engine to get the correct cube maps.
Creating default HDR cubemaps for env_cubemap using skybox materials:
   skybox/sky_day01_01*.vmt
 ! Run buildcubemaps in the engine to get the correct cube maps.
Finding displacement neighbors...
Finding lightmap sample positions...
Displacement Alpha : 0...1...2...3...4...5...6...7...8...9...10
Building Physics collision data...
done (0) (43985 bytes)
Placing detail props : 0...1...2...3...4...5...6...7...8...9...10
Compacting texture/material tables...
Reduced 255 texinfos to 128
Reduced 25 texdatas to 18 (801 bytes to 586)
Writing C:\Program Files (x86)\Steam\steamapps\common\sourcesdk_content\hl2mp\mapsrc\test.bsp
Wrote ZIP buffer, estimated size 321316, actual size 319494
0 seconds elapsed



12 threads
reading c:\program files (x86)\steam\steamapps\common\sourcesdk_content\hl2mp\mapsrc\test.bsp
reading c:\program files (x86)\steam\steamapps\common\sourcesdk_content\hl2mp\mapsrc\test.prt
  47 portalclusters
 128 numportals
0...1...2...3...4...5...6...7...8...9...100...1...2...3...4...5...6...7...8...9...10Optimized: 0 visible clusters (0.00%)
Total clusters visible: 1907
Average clusters visible: 40
Building PAS...
Average clusters audible: 47
visdatasize:954  compressed from 752
writing c:\program files (x86)\steam\steamapps\common\sourcesdk_content\hl2mp\mapsrc\test.bsp
0 seconds elapsed



[Reading texlights from 'lights.rad']
[45 texlights parsed from 'lights.rad']

Loading c:\program files (x86)\steam\steamapps\common\sourcesdk_content\hl2mp\mapsrc\test.bsp
537 faces
35576 square feet [5122966.00 square inches]
0 Displacements
0 Square Feet [0.00 Square Inches]
537 patches before subdivision
10615 patches after subdivision
6 direct lights
0...1...2...3...4...5...6...7...8...9...100...1...2...3...4...5...6...7...8...9...10transfers 1137262, max 328
transfer lists:   8.7 megs
0...1...2...3...4...5...6...7...8...9...10	Bounce #1 added RGB(42239, 38933, 28981)
0...1...2...3...4...5...6...7...8...9...10	Bounce #2 added RGB(12370, 10799, 7298)
0...1...2...3...4...5...6...7...8...9...10	Bounce #3 added RGB(3121, 2589, 1606)
0...1...2...3...4...5...6...7...8...9...10	Bounce #4 added RGB(847, 663, 377)
0...1...2...3...4...5...6...7...8...9...10	Bounce #5 added RGB(225, 166, 87)
0...1...2...3...4...5...6...7...8...9...10	Bounce #6 added RGB(61, 42, 20)
0...1...2...3...4...5...6...7...8...9...10	Bounce #7 added RGB(16, 11, 5)
0...1...2...3...4...5...6...7...8...9...10	Bounce #8 added RGB(4, 3, 1)
0...1...2...3...4...5...6...7...8...9...10	Bounce #9 added RGB(1, 1, 0)
0...1...2...3...4...5...6...7...8...9...10	Bounce #10 added RGB(0, 0, 0)
Build Patch/Sample Hash Table(s).....Done<0.0021 sec>
0...1...2...3...4...5...6...7...8...9...10FinalLightFace Done
0 of 0 (0% of) surface lights went in leaf ambient cubes.
0...1...2...3...4...5...6...7...8...9...10Writing leaf ambient...done
Ready to Finish

Object names       Objects/Maxobjs  Memory / Maxmem  Fullness 
------------       ---------------  ---------------  -------- 
models                  34/1024         1632/49152    ( 3.3%) 
brushes                 86/8192         1032/98304    ( 1.0%) 
brushsides             608/65536        4864/524288   ( 0.9%) 
planes                 716/65536       14320/1310720  ( 1.1%) 
vertexes               779/65536        9348/786432   ( 1.2%) 
nodes                  426/65536       13632/2097152  ( 0.7%) 
texinfos               128/12288        9216/884736   ( 1.0%) 
texdata                 18/2048          576/65536    ( 0.9%) 
dispinfos                0/0               0/0        ( 0.0%) 
disp_verts               0/0               0/0        ( 0.0%) 
disp_tris                0/0               0/0        ( 0.0%) 
disp_lmsamples           0/0               0/0        ( 0.0%) 
faces                  537/65536       30072/3670016  ( 0.8%) 
hdr faces                0/65536           0/3670016  ( 0.0%) 
origfaces              375/65536       21000/3670016  ( 0.6%) 
leaves                 461/65536       14752/2097152  ( 0.7%) 
leaffaces              604/65536        1208/131072   ( 0.9%) 
leafbrushes            114/65536         228/131072   ( 0.2%) 
areas                    2/256            16/2048     ( 0.8%) 
surfedges             3979/512000      15916/2048000  ( 0.8%) 
edges                 2103/256000       8412/1024000  ( 0.8%) 
LDR worldlights          6/8192          528/720896   ( 0.1%) 
HDR worldlights          0/8192            0/720896   ( 0.0%) 
leafwaterdata            1/32768          12/393216   ( 0.0%) 
waterstrips             16/32768         160/327680   ( 0.0%) 
waterverts               0/65536           0/786432   ( 0.0%) 
waterindices           225/65536         450/131072   ( 0.3%) 
cubemapsamples           2/1024           32/16384    ( 0.2%) 
overlays                 0/512             0/180224   ( 0.0%) 
LDR lightdata         [variable]     1043604/0        ( 0.0%) 
HDR lightdata         [variable]           0/0        ( 0.0%) 
visdata               [variable]         954/16777216 ( 0.0%) 
entdata               [variable]       29936/393216   ( 7.6%) 
LDR ambient table      461/65536        1844/262144   ( 0.7%) 
HDR ambient table      461/65536        1844/262144   ( 0.7%) 
LDR leaf ambient       796/65536       22288/1835008  ( 1.2%) 
HDR leaf ambient       461/65536       12908/1835008  ( 0.7%) 
occluders                0/0               0/0        ( 0.0%) 
occluder polygons        0/0               0/0        ( 0.0%) 
occluder vert ind        0/0               0/0        ( 0.0%) 
detail props          [variable]           1/12       ( 8.3%) 
static props          [variable]           1/12       ( 8.3%) 
pakfile               [variable]      319494/0        ( 0.0%) 
physics               [variable]       43985/4194304  ( 1.0%) 
physics terrain       [variable]           2/1048576  ( 0.0%) 

Level flags = 0

Total triangle count: 1357
Writing c:\program files (x86)\steam\steamapps\common\sourcesdk_content\hl2mp\mapsrc\test.bsp
1 second elapsed



[Reading texlights from 'lights.rad']
[45 texlights parsed from 'lights.rad']

Loading c:\program files (x86)\steam\steamapps\common\sourcesdk_content\hl2mp\mapsrc\test.bsp
537 faces
35576 square feet [5122966.00 square inches]
0 Displacements
0 Square Feet [0.00 Square Inches]
537 patches before subdivision
10615 patches after subdivision
6 direct lights
0...1...2...3...4...5...6...7...8...9...100...1...2...3...4...5...6...7...8...9...10transfers 1137262, max 328
transfer lists:   8.7 megs
0...1...2...3...4...5...6...7...8...9...10	Bounce #1 added RGB(42239, 38933, 28981)
0...1...2...3...4...5...6...7...8...9...10	Bounce #2 added RGB(12370, 10799, 7298)
0...1...2...3...4...5...6...7...8...9...10	Bounce #3 added RGB(3121, 2589, 1606)
0...1...2...3...4...5...6...7...8...9...10	Bounce #4 added RGB(847, 663, 377)
0...1...2...3...4...5...6...7...8...9...10	Bounce #5 added RGB(225, 166, 87)
0...1...2...3...4...5...6...7...8...9...10	Bounce #6 added RGB(61, 42, 20)
0...1...2...3...4...5...6...7...8...9...10	Bounce #7 added RGB(16, 11, 5)
0...1...2...3...4...5...6...7...8...9...10	Bounce #8 added RGB(4, 3, 1)
0...1...2...3...4...5...6...7...8...9...10	Bounce #9 added RGB(1, 1, 0)
0...1...2...3...4...5...6...7...8...9...10	Bounce #10 added RGB(0, 0, 0)
Build Patch/Sample Hash Table(s).....Done<0.0024 sec>
0...1...2...3...4...5...6...7...8...9...10FinalLightFace Done
0 of 0 (0% of) surface lights went in leaf ambient cubes.
0...1...2...3...4...5...6...7...8...9...10Writing leaf ambient...done
Ready to Finish

Object names       Objects/Maxobjs  Memory / Maxmem  Fullness 
------------       ---------------  ---------------  -------- 
models                  34/1024         1632/49152    ( 3.3%) 
brushes                 86/8192         1032/98304    ( 1.0%) 
brushsides             608/65536        4864/524288   ( 0.9%) 
planes                 716/65536       14320/1310720  ( 1.1%) 
vertexes               779/65536        9348/786432   ( 1.2%) 
nodes                  426/65536       13632/2097152  ( 0.7%) 
texinfos               128/12288        9216/884736   ( 1.0%) 
texdata                 18/2048          576/65536    ( 0.9%) 
dispinfos                0/0               0/0        ( 0.0%) 
disp_verts               0/0               0/0        ( 0.0%) 
disp_tris                0/0               0/0        ( 0.0%) 
disp_lmsamples           0/0               0/0        ( 0.0%) 
faces                  537/65536       30072/3670016  ( 0.8%) 
hdr faces              537/65536       30072/3670016  ( 0.8%) 
origfaces              375/65536       21000/3670016  ( 0.6%) 
leaves                 461/65536       14752/2097152  ( 0.7%) 
leaffaces              604/65536        1208/131072   ( 0.9%) 
leafbrushes            114/65536         228/131072   ( 0.2%) 
areas                    2/256            16/2048     ( 0.8%) 
surfedges             3979/512000      15916/2048000  ( 0.8%) 
edges                 2103/256000       8412/1024000  ( 0.8%) 
LDR worldlights          6/8192          528/720896   ( 0.1%) 
HDR worldlights          6/8192          528/720896   ( 0.1%) 
leafwaterdata            1/32768          12/393216   ( 0.0%) 
waterstrips             16/32768         160/327680   ( 0.0%) 
waterverts               0/65536           0/786432   ( 0.0%) 
waterindices           225/65536         450/131072   ( 0.3%) 
cubemapsamples           2/1024           32/16384    ( 0.2%) 
overlays                 0/512             0/180224   ( 0.0%) 
LDR lightdata         [variable]     1043604/0        ( 0.0%) 
HDR lightdata         [variable]     1043604/0        ( 0.0%) 
visdata               [variable]         954/16777216 ( 0.0%) 
entdata               [variable]       29936/393216   ( 7.6%) 
LDR ambient table      461/65536        1844/262144   ( 0.7%) 
HDR ambient table      461/65536        1844/262144   ( 0.7%) 
LDR leaf ambient       796/65536       22288/1835008  ( 1.2%) 
HDR leaf ambient       796/65536       22288/1835008  ( 1.2%) 
occluders                0/0               0/0        ( 0.0%) 
occluder polygons        0/0               0/0        ( 0.0%) 
occluder vert ind        0/0               0/0        ( 0.0%) 
detail props          [variable]           1/12       ( 8.3%) 
static props          [variable]           1/12       ( 8.3%) 
pakfile               [variable]      319494/0        ( 0.0%) 
physics               [variable]       43985/4194304  ( 1.0%) 
physics terrain       [variable]           2/1048576  ( 0.0%) 

Level flags = 0

Total triangle count: 1357
Writing c:\program files (x86)\steam\steamapps\common\sourcesdk_content\hl2mp\mapsrc\test.bsp
1 second elapsed



materialPath: C:\Program Files (x86)\Steam\steamapps\common\Half-Life 2 Deathmatch\hl2mp\materials
Loading C:\Program Files (x86)\Steam\steamapps\common\sourcesdk_content\hl2mp\mapsrc\test.vmf
ConVarRef mat_reduceparticles doesn't point to an existing ConVar
Could not locate 'GameData' key in c:\program files (x86)\steam\steamapps\common\half-life 2 deathmatch\hl2mp\gameinfo.txt
Patching WVT material: maps/test/dev/dev_blendmeasure_wvt_patch
fixing up env_cubemap materials on brush sides...
0...1...2...3...4...5...6...7...8...9...100...1...2...3...4...5...6...7...8...9...10Processing areas...done (0)
Building Faces...done (0)
FixTjuncs...
PruneNodes...
WriteBSP...
done (0)
writing C:\Program Files (x86)\Steam\steamapps\common\sourcesdk_content\hl2mp\mapsrc\test.prt...Building visibility clusters...
done (0)
Creating default LDR cubemaps for env_cubemap using skybox materials:
   skybox/sky_day01_01*.vmt
 ! Run buildcubemaps in the engine to get the correct cube maps.
Creating default HDR cubemaps for env_cubemap using skybox materials:
   skybox/sky_day01_01*.vmt
 ! Run buildcubemaps in the engine to get the correct cube maps.
Finding displacement neighbors...
Finding lightmap sample positions...
Displacement Alpha : 0...1...2...3...4...5...6...7...8...9...10
Building Physics collision data...
done (0) (43986 bytes)
Placing detail props : 0...1...2...3...4...5...6...7...8...9...10
Compacting texture/material tables...
Reduced 257 texinfos to 129
Reduced 25 texdatas to 18 (801 bytes to 586)
Writing C:\Program Files (x86)\Steam\steamapps\common\sourcesdk_content\hl2mp\mapsrc\test.bsp
Wrote ZIP buffer, estimated size 321316, actual size 319494
0 seconds elapsed



12 threads
reading c:\program files (x86)\steam\steamapps\common\sourcesdk_content\hl2mp\mapsrc\test.bsp
reading c:\program files (x86)\steam\steamapps\common\sourcesdk_content\hl2mp\mapsrc\test.prt
  47 portalclusters
 128 numportals
0...1...2...3...4...5...6...7...8...9...100...1...2...3...4...5...6...7...8...9...10Optimized: 0 visible clusters (0.00%)
Total clusters visible: 1907
Average clusters visible: 40
Building PAS...
Average clusters audible: 47
visdatasize:954  compressed from 752
writing c:\program files (x86)\steam\steamapps\common\sourcesdk_content\hl2mp\mapsrc\test.bsp
0 seconds elapsed



[Reading texlights from 'lights.rad']
[45 texlights parsed from 'lights.rad']

Loading c:\program files (x86)\steam\steamapps\common\sourcesdk_content\hl2mp\mapsrc\test.bsp
537 faces
37021 square feet [5331094.00 square inches]
0 Displacements
0 Square Feet [0.00 Square Inches]
537 patches before subdivision
10615 patches after subdivision
6 direct lights
0...1...2...3...4...5...6...7...8...9...100...1...2...3...4...5...6...7...8...9...10transfers 1136833, max 328
transfer lists:   8.7 megs
0...1...2...3...4...5...6...7...8...9...10	Bounce #1 added RGB(42176, 38875, 28938)
0...1...2...3...4...5...6...7...8...9...10	Bounce #2 added RGB(12364, 10793, 7293)
0...1...2...3...4...5...6...7...8...9...10	Bounce #3 added RGB(3118, 2587, 1605)
0...1...2...3...4...5...6...7...8...9...10	Bounce #4 added RGB(847, 662, 377)
0...1...2...3...4...5...6...7...8...9...10	Bounce #5 added RGB(225, 166, 87)
0...1...2...3...4...5...6...7...8...9...10	Bounce #6 added RGB(61, 42, 20)
0...1...2...3...4...5...6...7...8...9...10	Bounce #7 added RGB(16, 11, 5)
0...1...2...3...4...5...6...7...8...9...10	Bounce #8 added RGB(4, 3, 1)
0...1...2...3...4...5...6...7...8...9...10	Bounce #9 added RGB(1, 1, 0)
0...1...2...3...4...5...6...7...8...9...10	Bounce #10 added RGB(0, 0, 0)
Build Patch/Sample Hash Table(s).....Done<0.0021 sec>
0...1...2...3...4...5...6...7...8...9...10FinalLightFace Done
0 of 0 (0% of) surface lights went in leaf ambient cubes.
0...1...2...3...4...5...6...7...8...9...10Writing leaf ambient...done
Ready to Finish

Object names       Objects/Maxobjs  Memory / Maxmem  Fullness 
------------       ---------------  ---------------  -------- 
models                  34/1024         1632/49152    ( 3.3%) 
brushes                 86/8192         1032/98304    ( 1.0%) 
brushsides             608/65536        4864/524288   ( 0.9%) 
planes                 718/65536       14360/1310720  ( 1.1%) 
vertexes               779/65536        9348/786432   ( 1.2%) 
nodes                  426/65536       13632/2097152  ( 0.7%) 
texinfos               129/12288        9288/884736   ( 1.0%) 
texdata                 18/2048          576/65536    ( 0.9%) 
dispinfos                0/0               0/0        ( 0.0%) 
disp_verts               0/0               0/0        ( 0.0%) 
disp_tris                0/0               0/0        ( 0.0%) 
disp_lmsamples           0/0               0/0        ( 0.0%) 
faces                  537/65536       30072/3670016  ( 0.8%) 
hdr faces                0/65536           0/3670016  ( 0.0%) 
origfaces              375/65536       21000/3670016  ( 0.6%) 
leaves                 461/65536       14752/2097152  ( 0.7%) 
leaffaces              604/65536        1208/131072   ( 0.9%) 
leafbrushes            114/65536         228/131072   ( 0.2%) 
areas                    2/256            16/2048     ( 0.8%) 
surfedges             3979/512000      15916/2048000  ( 0.8%) 
edges                 2103/256000       8412/1024000  ( 0.8%) 
LDR worldlights          6/8192          528/720896   ( 0.1%) 
HDR worldlights          0/8192            0/720896   ( 0.0%) 
leafwaterdata            1/32768          12/393216   ( 0.0%) 
waterstrips             16/32768         160/327680   ( 0.0%) 
waterverts               0/65536           0/786432   ( 0.0%) 
waterindices           225/65536         450/131072   ( 0.3%) 
cubemapsamples           2/1024           32/16384    ( 0.2%) 
overlays                 0/512             0/180224   ( 0.0%) 
LDR lightdata         [variable]     1043604/0        ( 0.0%) 
HDR lightdata         [variable]           0/0        ( 0.0%) 
visdata               [variable]         954/16777216 ( 0.0%) 
entdata               [variable]       29982/393216   ( 7.6%) 
LDR ambient table      461/65536        1844/262144   ( 0.7%) 
HDR ambient table      461/65536        1844/262144   ( 0.7%) 
LDR leaf ambient       796/65536       22288/1835008  ( 1.2%) 
HDR leaf ambient       461/65536       12908/1835008  ( 0.7%) 
occluders                0/0               0/0        ( 0.0%) 
occluder polygons        0/0               0/0        ( 0.0%) 
occluder vert ind        0/0               0/0        ( 0.0%) 
detail props          [variable]           1/12       ( 8.3%) 
static props          [variable]           1/12       ( 8.3%) 
pakfile               [variable]      319494/0        ( 0.0%) 
physics               [variable]       43986/4194304  ( 1.0%) 
physics terrain       [variable]           2/1048576  ( 0.0%) 

Level flags = 0

Total triangle count: 1357
Writing c:\program files (x86)\steam\steamapps\common\sourcesdk_content\hl2mp\mapsrc\test.bsp
1 second elapsed



[Reading texlights from 'lights.rad']
[45 texlights parsed from 'lights.rad']

Loading c:\program files (x86)\steam\steamapps\common\sourcesdk_content\hl2mp\mapsrc\test.bsp
537 faces
37021 square feet [5331094.00 square inches]
0 Displacements
0 Square Feet [0.00 Square Inches]
537 patches before subdivision
10615 patches after subdivision
6 direct lights
0...1...2...3...4...5...6...7...8...9...100...1...2...3...4...5...6...7...8...9...10transfers 1136833, max 328
transfer lists:   8.7 megs
0...1...2...3...4...5...6...7...8...9...10	Bounce #1 added RGB(42176, 38875, 28938)
0...1...2...3...4...5...6...7...8...9...10	Bounce #2 added RGB(12364, 10793, 7293)
0...1...2...3...4...5...6...7...8...9...10	Bounce #3 added RGB(3118, 2587, 1605)
0...1...2...3...4...5...6...7...8...9...10	Bounce #4 added RGB(847, 662, 377)
0...1...2...3...4...5...6...7...8...9...10	Bounce #5 added RGB(225, 166, 87)
0...1...2...3...4...5...6...7...8...9...10	Bounce #6 added RGB(61, 42, 20)
0...1...2...3...4...5...6...7...8...9...10	Bounce #7 added RGB(16, 11, 5)
0...1...2...3...4...5...6...7...8...9...10	Bounce #8 added RGB(4, 3, 1)
0...1...2...3...4...5...6...7...8...9...10	Bounce #9 added RGB(1, 1, 0)
0...1...2...3...4...5...6...7...8...9...10	Bounce #10 added RGB(0, 0, 0)
Build Patch/Sample Hash Table(s).....Done<0.0021 sec>
0...1...2...3...4...5...6...7...8...9...10FinalLightFace Done
0 of 0 (0% of) surface lights went in leaf ambient cubes.
0...1...2...3...4...5...6...7...8...9...10Writing leaf ambient...done
Ready to Finish

Object names       Objects/Maxobjs  Memory / Maxmem  Fullness 
------------       ---------------  ---------------  -------- 
models                  34/1024         1632/49152    ( 3.3%) 
brushes                 86/8192         1032/98304    ( 1.0%) 
brushsides             608/65536        4864/524288   ( 0.9%) 
planes                 718/65536       14360/1310720  ( 1.1%) 
vertexes               779/65536        9348/786432   ( 1.2%) 
nodes                  426/65536       13632/2097152  ( 0.7%) 
texinfos               129/12288        9288/884736   ( 1.0%) 
texdata                 18/2048          576/65536    ( 0.9%) 
dispinfos                0/0               0/0        ( 0.0%) 
disp_verts               0/0               0/0        ( 0.0%) 
disp_tris                0/0               0/0        ( 0.0%) 
disp_lmsamples           0/0               0/0        ( 0.0%) 
faces                  537/65536       30072/3670016  ( 0.8%) 
hdr faces              537/65536       30072/3670016  ( 0.8%) 
origfaces              375/65536       21000/3670016  ( 0.6%) 
leaves                 461/65536       14752/2097152  ( 0.7%) 
leaffaces              604/65536        1208/131072   ( 0.9%) 
leafbrushes            114/65536         228/131072   ( 0.2%) 
areas                    2/256            16/2048     ( 0.8%) 
surfedges             3979/512000      15916/2048000  ( 0.8%) 
edges                 2103/256000       8412/1024000  ( 0.8%) 
LDR worldlights          6/8192          528/720896   ( 0.1%) 
HDR worldlights          6/8192          528/720896   ( 0.1%) 
leafwaterdata            1/32768          12/393216   ( 0.0%) 
waterstrips             16/32768         160/327680   ( 0.0%) 
waterverts               0/65536           0/786432   ( 0.0%) 
waterindices           225/65536         450/131072   ( 0.3%) 
cubemapsamples           2/1024           32/16384    ( 0.2%) 
overlays                 0/512             0/180224   ( 0.0%) 
LDR lightdata         [variable]     1043604/0        ( 0.0%) 
HDR lightdata         [variable]     1043604/0        ( 0.0%) 
visdata               [variable]         954/16777216 ( 0.0%) 
entdata               [variable]       29982/393216   ( 7.6%) 
LDR ambient table      461/65536        1844/262144   ( 0.7%) 
HDR ambient table      461/65536        1844/262144   ( 0.7%) 
LDR leaf ambient       796/65536       22288/1835008  ( 1.2%) 
HDR leaf ambient       796/65536       22288/1835008  ( 1.2%) 
occluders                0/0               0/0        ( 0.0%) 
occluder polygons        0/0               0/0        ( 0.0%) 
occluder vert ind        0/0               0/0        ( 0.0%) 
detail props          [variable]           1/12       ( 8.3%) 
static props          [variable]           1/12       ( 8.3%) 
pakfile               [variable]      319494/0        ( 0.0%) 
physics               [variable]       43986/4194304  ( 1.0%) 
physics terrain       [variable]           2/1048576  ( 0.0%) 

Level flags = 0

Total triangle count: 1357
Writing c:\program files (x86)\steam\steamapps\common\sourcesdk_content\hl2mp\mapsrc\test.bsp
1 second elapsed



materialPath: C:\Program Files (x86)\Steam\steamapps\common\Half-Life 2 Deathmatch\hl2mp\materials
Loading C:\Program Files (x86)\Steam\steamapps\common\sourcesdk_content\hl2mp\mapsrc\test.vmf
ConVarRef mat_reduceparticles doesn't point to an existing ConVar
Could not locate 'GameData' key in c:\program files (x86)\steam\steamapps\common\half-life 2 deathmatch\hl2mp\gameinfo.txt
Patching WVT material: maps/test/dev/dev_blendmeasure_wvt_patch
fixing up env_cubemap materials on brush sides...
0...1...2...3...4...5...6...7...8...9...100...1...2...3...4...5...6...7...8...9...10Processing areas...done (0)
Building Faces...done (0)
FixTjuncs...
PruneNodes...
WriteBSP...
done (0)
writing C:\Program Files (x86)\Steam\steamapps\common\sourcesdk_content\hl2mp\mapsrc\test.prt...Building visibility clusters...
done (0)
Creating default LDR cubemaps for env_cubemap using skybox materials:
   skybox/sky_day01_01*.vmt
 ! Run buildcubemaps in the engine to get the correct cube maps.
Creating default HDR cubemaps for env_cubemap using skybox materials:
   skybox/sky_day01_01*.vmt
 ! Run buildcubemaps in the engine to get the correct cube maps.
Finding displacement neighbors...
Finding lightmap sample positions...
Displacement Alpha : 0...1...2...3...4...5...6...7...8...9...10
Building Physics collision data...
done (0) (43986 bytes)
Placing detail props : 0...1...2...3...4...5...6...7...8...9...10
Compacting texture/material tables...
Reduced 257 texinfos to 129
Reduced 25 texdatas to 18 (801 bytes to 586)
Writing C:\Program Files (x86)\Steam\steamapps\common\sourcesdk_content\hl2mp\mapsrc\test.bsp
Wrote ZIP buffer, estimated size 321316, actual size 319494
0 seconds elapsed



12 threads
reading c:\program files (x86)\steam\steamapps\common\sourcesdk_content\hl2mp\mapsrc\test.bsp
reading c:\program files (x86)\steam\steamapps\common\sourcesdk_content\hl2mp\mapsrc\test.prt
  47 portalclusters
 128 numportals
0...1...2...3...4...5...6...7...8...9...100...1...2...3...4...5...6...7...8...9...10Optimized: 0 visible clusters (0.00%)
Total clusters visible: 1907
Average clusters visible: 40
Building PAS...
Average clusters audible: 47
visdatasize:954  compressed from 752
writing c:\program files (x86)\steam\steamapps\common\sourcesdk_content\hl2mp\mapsrc\test.bsp
0 seconds elapsed



[Reading texlights from 'lights.rad']
[45 texlights parsed from 'lights.rad']

Loading c:\program files (x86)\steam\steamapps\common\sourcesdk_content\hl2mp\mapsrc\test.bsp
537 faces
37021 square feet [5331094.00 square inches]
0 Displacements
0 Square Feet [0.00 Square Inches]
537 patches before subdivision
10615 patches after subdivision
6 direct lights
0...1...2...3...4...5...6...7...8...9...100...1...2...3...4...5...6...7...8...9...10transfers 1136833, max 328
transfer lists:   8.7 megs
0...1...2...3...4...5...6...7...8...9...10	Bounce #1 added RGB(42176, 38875, 28938)
0...1...2...3...4...5...6...7...8...9...10	Bounce #2 added RGB(12364, 10793, 7293)
0...1...2...3...4...5...6...7...8...9...10	Bounce #3 added RGB(3118, 2587, 1605)
0...1...2...3...4...5...6...7...8...9...10	Bounce #4 added RGB(847, 662, 377)
0...1...2...3...4...5...6...7...8...9...10	Bounce #5 added RGB(225, 166, 87)
0...1...2...3...4...5...6...7...8...9...10	Bounce #6 added RGB(61, 42, 20)
0...1...2...3...4...5...6...7...8...9...10	Bounce #7 added RGB(16, 11, 5)
0...1...2...3...4...5...6...7...8...9...10	Bounce #8 added RGB(4, 3, 1)
0...1...2...3...4...5...6...7...8...9...10	Bounce #9 added RGB(1, 1, 0)
0...1...2...3...4...5...6...7...8...9...10	Bounce #10 added RGB(0, 0, 0)
Build Patch/Sample Hash Table(s).....Done<0.0021 sec>
0...1...2...3...4...5...6...7...8...9...10FinalLightFace Done
0 of 0 (0% of) surface lights went in leaf ambient cubes.
0...1...2...3...4...5...6...7...8...9...10Writing leaf ambient...done
Ready to Finish

Object names       Objects/Maxobjs  Memory / Maxmem  Fullness 
------------       ---------------  ---------------  -------- 
models                  34/1024         1632/49152    ( 3.3%) 
brushes                 86/8192         1032/98304    ( 1.0%) 
brushsides             608/65536        4864/524288   ( 0.9%) 
planes                 718/65536       14360/1310720  ( 1.1%) 
vertexes               779/65536        9348/786432   ( 1.2%) 
nodes                  426/65536       13632/2097152  ( 0.7%) 
texinfos               129/12288        9288/884736   ( 1.0%) 
texdata                 18/2048          576/65536    ( 0.9%) 
dispinfos                0/0               0/0        ( 0.0%) 
disp_verts               0/0               0/0        ( 0.0%) 
disp_tris                0/0               0/0        ( 0.0%) 
disp_lmsamples           0/0               0/0        ( 0.0%) 
faces                  537/65536       30072/3670016  ( 0.8%) 
hdr faces                0/65536           0/3670016  ( 0.0%) 
origfaces              375/65536       21000/3670016  ( 0.6%) 
leaves                 461/65536       14752/2097152  ( 0.7%) 
leaffaces              604/65536        1208/131072   ( 0.9%) 
leafbrushes            114/65536         228/131072   ( 0.2%) 
areas                    2/256            16/2048     ( 0.8%) 
surfedges             3979/512000      15916/2048000  ( 0.8%) 
edges                 2103/256000       8412/1024000  ( 0.8%) 
LDR worldlights          6/8192          528/720896   ( 0.1%) 
HDR worldlights          0/8192            0/720896   ( 0.0%) 
leafwaterdata            1/32768          12/393216   ( 0.0%) 
waterstrips             16/32768         160/327680   ( 0.0%) 
waterverts               0/65536           0/786432   ( 0.0%) 
waterindices           225/65536         450/131072   ( 0.3%) 
cubemapsamples           2/1024           32/16384    ( 0.2%) 
overlays                 0/512             0/180224   ( 0.0%) 
LDR lightdata         [variable]     1043604/0        ( 0.0%) 
HDR lightdata         [variable]           0/0        ( 0.0%) 
visdata               [variable]         954/16777216 ( 0.0%) 
entdata               [variable]       29982/393216   ( 7.6%) 
LDR ambient table      461/65536        1844/262144   ( 0.7%) 
HDR ambient table      461/65536        1844/262144   ( 0.7%) 
LDR leaf ambient       796/65536       22288/1835008  ( 1.2%) 
HDR leaf ambient       461/65536       12908/1835008  ( 0.7%) 
occluders                0/0               0/0        ( 0.0%) 
occluder polygons        0/0               0/0        ( 0.0%) 
occluder vert ind        0/0               0/0        ( 0.0%) 
detail props          [variable]           1/12       ( 8.3%) 
static props          [variable]           1/12       ( 8.3%) 
pakfile               [variable]      319494/0        ( 0.0%) 
physics               [variable]       43986/4194304  ( 1.0%) 
physics terrain       [variable]           2/1048576  ( 0.0%) 

Level flags = 0

Total triangle count: 1357
Writing c:\program files (x86)\steam\steamapps\common\sourcesdk_content\hl2mp\mapsrc\test.bsp
1 second elapsed



[Reading texlights from 'lights.rad']
[45 texlights parsed from 'lights.rad']

Loading c:\program files (x86)\steam\steamapps\common\sourcesdk_content\hl2mp\mapsrc\test.bsp
537 faces
37021 square feet [5331094.00 square inches]
0 Displacements
0 Square Feet [0.00 Square Inches]
537 patches before subdivision
10615 patches after subdivision
6 direct lights
0...1...2...3...4...5...6...7...8...9...100...1...2...3...4...5...6...7...8...9...10transfers 1136833, max 328
transfer lists:   8.7 megs
0...1...2...3...4...5...6...7...8...9...10	Bounce #1 added RGB(42176, 38875, 28938)
0...1...2...3...4...5...6...7...8...9...10	Bounce #2 added RGB(12364, 10793, 7293)
0...1...2...3...4...5...6...7...8...9...10	Bounce #3 added RGB(3118, 2587, 1605)
0...1...2...3...4...5...6...7...8...9...10	Bounce #4 added RGB(847, 662, 377)
0...1...2...3...4...5...6...7...8...9...10	Bounce #5 added RGB(225, 166, 87)
0...1...2...3...4...5...6...7...8...9...10	Bounce #6 added RGB(61, 42, 20)
0...1...2...3...4...5...6...7...8...9...10	Bounce #7 added RGB(16, 11, 5)
0...1...2...3...4...5...6...7...8...9...10	Bounce #8 added RGB(4, 3, 1)
0...1...2...3...4...5...6...7...8...9...10	Bounce #9 added RGB(1, 1, 0)
0...1...2...3...4...5...6...7...8...9...10	Bounce #10 added RGB(0, 0, 0)
Build Patch/Sample Hash Table(s).....Done<0.0023 sec>
0...1...2...3...4...5...6...7...8...9...10FinalLightFace Done
0 of 0 (0% of) surface lights went in leaf ambient cubes.
0...1...2...3...4...5...6...7...8...9...10Writing leaf ambient...done
Ready to Finish

Object names       Objects/Maxobjs  Memory / Maxmem  Fullness 
------------       ---------------  ---------------  -------- 
models                  34/1024         1632/49152    ( 3.3%) 
brushes                 86/8192         1032/98304    ( 1.0%) 
brushsides             608/65536        4864/524288   ( 0.9%) 
planes                 718/65536       14360/1310720  ( 1.1%) 
vertexes               779/65536        9348/786432   ( 1.2%) 
nodes                  426/65536       13632/2097152  ( 0.7%) 
texinfos               129/12288        9288/884736   ( 1.0%) 
texdata                 18/2048          576/65536    ( 0.9%) 
dispinfos                0/0               0/0        ( 0.0%) 
disp_verts               0/0               0/0        ( 0.0%) 
disp_tris                0/0               0/0        ( 0.0%) 
disp_lmsamples           0/0               0/0        ( 0.0%) 
faces                  537/65536       30072/3670016  ( 0.8%) 
hdr faces              537/65536       30072/3670016  ( 0.8%) 
origfaces              375/65536       21000/3670016  ( 0.6%) 
leaves                 461/65536       14752/2097152  ( 0.7%) 
leaffaces              604/65536        1208/131072   ( 0.9%) 
leafbrushes            114/65536         228/131072   ( 0.2%) 
areas                    2/256            16/2048     ( 0.8%) 
surfedges             3979/512000      15916/2048000  ( 0.8%) 
edges                 2103/256000       8412/1024000  ( 0.8%) 
LDR worldlights          6/8192          528/720896   ( 0.1%) 
HDR worldlights          6/8192          528/720896   ( 0.1%) 
leafwaterdata            1/32768          12/393216   ( 0.0%) 
waterstrips             16/32768         160/327680   ( 0.0%) 
waterverts               0/65536           0/786432   ( 0.0%) 
waterindices           225/65536         450/131072   ( 0.3%) 
cubemapsamples           2/1024           32/16384    ( 0.2%) 
overlays                 0/512             0/180224   ( 0.0%) 
LDR lightdata         [variable]     1043604/0        ( 0.0%) 
HDR lightdata         [variable]     1043604/0        ( 0.0%) 
visdata               [variable]         954/16777216 ( 0.0%) 
entdata               [variable]       29982/393216   ( 7.6%) 
LDR ambient table      461/65536        1844/262144   ( 0.7%) 
HDR ambient table      461/65536        1844/262144   ( 0.7%) 
LDR leaf ambient       796/65536       22288/1835008  ( 1.2%) 
HDR leaf ambient       796/65536       22288/1835008  ( 1.2%) 
occluders                0/0               0/0        ( 0.0%) 
occluder polygons        0/0               0/0        ( 0.0%) 
occluder vert ind        0/0               0/0        ( 0.0%) 
detail props          [variable]           1/12       ( 8.3%) 
static props          [variable]           1/12       ( 8.3%) 
pakfile               [variable]      319494/0        ( 0.0%) 
physics               [variable]       43986/4194304  ( 1.0%) 
physics terrain       [variable]           2/1048576  ( 0.0%) 

Level flags = 0

Total triangle count: 1357
Writing c:\program files (x86)\steam\steamapps\common\sourcesdk_content\hl2mp\mapsrc\test.bsp
1 second elapsed



materialPath: C:\Program Files (x86)\Steam\steamapps\common\Half-Life 2 Deathmatch\hl2mp\materials
Loading C:\Program Files (x86)\Steam\steamapps\common\sourcesdk_content\hl2mp\mapsrc\test.vmf
ConVarRef mat_reduceparticles doesn't point to an existing ConVar
Could not locate 'GameData' key in c:\program files (x86)\steam\steamapps\common\half-life 2 deathmatch\hl2mp\gameinfo.txt
Patching WVT material: maps/test/dev/dev_blendmeasure_wvt_patch
fixing up env_cubemap materials on brush sides...
0...1...2...3...4...5...6...7...8...9...100...1...2...3...4...5...6...7...8...9...10Processing areas...done (0)
Building Faces...done (0)
FixTjuncs...
PruneNodes...
WriteBSP...
done (0)
writing C:\Program Files (x86)\Steam\steamapps\common\sourcesdk_content\hl2mp\mapsrc\test.prt...Building visibility clusters...
done (0)
Creating default LDR cubemaps for env_cubemap using skybox materials:
   skybox/sky_day01_01*.vmt
 ! Run buildcubemaps in the engine to get the correct cube maps.
Creating default HDR cubemaps for env_cubemap using skybox materials:
   skybox/sky_day01_01*.vmt
 ! Run buildcubemaps in the engine to get the correct cube maps.
Finding displacement neighbors...
Finding lightmap sample positions...
Displacement Alpha : 0...1...2...3...4...5...6...7...8...9...10
Building Physics collision data...
done (0) (43986 bytes)
Placing detail props : 0...1...2...3...4...5...6...7...8...9...10
Compacting texture/material tables...
Reduced 257 texinfos to 129
Reduced 25 texdatas to 18 (801 bytes to 586)
Writing C:\Program Files (x86)\Steam\steamapps\common\sourcesdk_content\hl2mp\mapsrc\test.bsp
Wrote ZIP buffer, estimated size 321316, actual size 319494
0 seconds elapsed



12 threads
reading c:\program files (x86)\steam\steamapps\common\sourcesdk_content\hl2mp\mapsrc\test.bsp
reading c:\program files (x86)\steam\steamapps\common\sourcesdk_content\hl2mp\mapsrc\test.prt
  47 portalclusters
 128 numportals
0...1...2...3...4...5...6...7...8...9...100...1...2...3...4...5...6...7...8...9...10Optimized: 0 visible clusters (0.00%)
Total clusters visible: 1907
Average clusters visible: 40
Building PAS...
Average clusters audible: 47
visdatasize:954  compressed from 752
writing c:\program files (x86)\steam\steamapps\common\sourcesdk_content\hl2mp\mapsrc\test.bsp
0 seconds elapsed



[Reading texlights from 'lights.rad']
[45 texlights parsed from 'lights.rad']

Loading c:\program files (x86)\steam\steamapps\common\sourcesdk_content\hl2mp\mapsrc\test.bsp
537 faces
37021 square feet [5331094.00 square inches]
0 Displacements
0 Square Feet [0.00 Square Inches]
537 patches before subdivision
10615 patches after subdivision
6 direct lights
0...1...2...3...4...5...6...7...8...9...100...1...2...3...4...5...6...7...8...9...10transfers 1136833, max 328
transfer lists:   8.7 megs
0...1...2...3...4...5...6...7...8...9...10	Bounce #1 added RGB(42176, 38875, 28938)
0...1...2...3...4...5...6...7...8...9...10	Bounce #2 added RGB(12364, 10793, 7293)
0...1...2...3...4...5...6...7...8...9...10	Bounce #3 added RGB(3118, 2587, 1605)
0...1...2...3...4...5...6...7...8...9...10	Bounce #4 added RGB(847, 662, 377)
0...1...2...3...4...5...6...7...8...9...10	Bounce #5 added RGB(225, 166, 87)
0...1...2...3...4...5...6...7...8...9...10	Bounce #6 added RGB(61, 42, 20)
0...1...2...3...4...5...6...7...8...9...10	Bounce #7 added RGB(16, 11, 5)
0...1...2...3...4...5...6...7...8...9...10	Bounce #8 added RGB(4, 3, 1)
0...1...2...3...4...5...6...7...8...9...10	Bounce #9 added RGB(1, 1, 0)
0...1...2...3...4...5...6...7...8...9...10	Bounce #10 added RGB(0, 0, 0)
Build Patch/Sample Hash Table(s).....Done<0.0021 sec>
0...1...2...3...4...5...6...7...8...9...10FinalLightFace Done
0 of 0 (0% of) surface lights went in leaf ambient cubes.
0...1...2...3...4...5...6...7...8...9...10Writing leaf ambient...done
Ready to Finish

Object names       Objects/Maxobjs  Memory / Maxmem  Fullness 
------------       ---------------  ---------------  -------- 
models                  34/1024         1632/49152    ( 3.3%) 
brushes                 86/8192         1032/98304    ( 1.0%) 
brushsides             608/65536        4864/524288   ( 0.9%) 
planes                 718/65536       14360/1310720  ( 1.1%) 
vertexes               779/65536        9348/786432   ( 1.2%) 
nodes                  426/65536       13632/2097152  ( 0.7%) 
texinfos               129/12288        9288/884736   ( 1.0%) 
texdata                 18/2048          576/65536    ( 0.9%) 
dispinfos                0/0               0/0        ( 0.0%) 
disp_verts               0/0               0/0        ( 0.0%) 
disp_tris                0/0               0/0        ( 0.0%) 
disp_lmsamples           0/0               0/0        ( 0.0%) 
faces                  537/65536       30072/3670016  ( 0.8%) 
hdr faces                0/65536           0/3670016  ( 0.0%) 
origfaces              375/65536       21000/3670016  ( 0.6%) 
leaves                 461/65536       14752/2097152  ( 0.7%) 
leaffaces              604/65536        1208/131072   ( 0.9%) 
leafbrushes            114/65536         228/131072   ( 0.2%) 
areas                    2/256            16/2048     ( 0.8%) 
surfedges             3979/512000      15916/2048000  ( 0.8%) 
edges                 2103/256000       8412/1024000  ( 0.8%) 
LDR worldlights          6/8192          528/720896   ( 0.1%) 
HDR worldlights          0/8192            0/720896   ( 0.0%) 
leafwaterdata            1/32768          12/393216   ( 0.0%) 
waterstrips             16/32768         160/327680   ( 0.0%) 
waterverts               0/65536           0/786432   ( 0.0%) 
waterindices           225/65536         450/131072   ( 0.3%) 
cubemapsamples           2/1024           32/16384    ( 0.2%) 
overlays                 0/512             0/180224   ( 0.0%) 
LDR lightdata         [variable]     1043604/0        ( 0.0%) 
HDR lightdata         [variable]           0/0        ( 0.0%) 
visdata               [variable]         954/16777216 ( 0.0%) 
entdata               [variable]       29967/393216   ( 7.6%) 
LDR ambient table      461/65536        1844/262144   ( 0.7%) 
HDR ambient table      461/65536        1844/262144   ( 0.7%) 
LDR leaf ambient       796/65536       22288/1835008  ( 1.2%) 
HDR leaf ambient       461/65536       12908/1835008  ( 0.7%) 
occluders                0/0               0/0        ( 0.0%) 
occluder polygons        0/0               0/0        ( 0.0%) 
occluder vert ind        0/0               0/0        ( 0.0%) 
detail props          [variable]           1/12       ( 8.3%) 
static props          [variable]           1/12       ( 8.3%) 
pakfile               [variable]      319494/0        ( 0.0%) 
physics               [variable]       43986/4194304  ( 1.0%) 
physics terrain       [variable]           2/1048576  ( 0.0%) 

Level flags = 0

Total triangle count: 1357
Writing c:\program files (x86)\steam\steamapps\common\sourcesdk_content\hl2mp\mapsrc\test.bsp
1 second elapsed



[Reading texlights from 'lights.rad']
[45 texlights parsed from 'lights.rad']

Loading c:\program files (x86)\steam\steamapps\common\sourcesdk_content\hl2mp\mapsrc\test.bsp
537 faces
37021 square feet [5331094.00 square inches]
0 Displacements
0 Square Feet [0.00 Square Inches]
537 patches before subdivision
10615 patches after subdivision
6 direct lights
0...1...2...3...4...5...6...7...8...9...100...1...2...3...4...5...6...7...8...9...10transfers 1136833, max 328
transfer lists:   8.7 megs
0...1...2...3...4...5...6...7...8...9...10	Bounce #1 added RGB(42176, 38875, 28939)
0...1...2...3...4...5...6...7...8...9...10	Bounce #2 added RGB(12364, 10793, 7293)
0...1...2...3...4...5...6...7...8...9...10	Bounce #3 added RGB(3118, 2587, 1605)
0...1...2...3...4...5...6...7...8...9...10	Bounce #4 added RGB(847, 662, 377)
0...1...2...3...4...5...6...7...8...9...10	Bounce #5 added RGB(225, 166, 87)
0...1...2...3...4...5...6...7...8...9...10	Bounce #6 added RGB(61, 42, 20)
0...1...2...3...4...5...6...7...8...9...10	Bounce #7 added RGB(16, 11, 5)
0...1...2...3...4...5...6...7...8...9...10	Bounce #8 added RGB(4, 3, 1)
0...1...2...3...4...5...6...7...8...9...10	Bounce #9 added RGB(1, 1, 0)
0...1...2...3...4...5...6...7...8...9...10	Bounce #10 added RGB(0, 0, 0)
Build Patch/Sample Hash Table(s).....Done<0.0022 sec>
0...1...2...3...4...5...6...7...8...9...10FinalLightFace Done
0 of 0 (0% of) surface lights went in leaf ambient cubes.
0...1...2...3...4...5...6...7...8...9...10Writing leaf ambient...done
Ready to Finish

Object names       Objects/Maxobjs  Memory / Maxmem  Fullness 
------------       ---------------  ---------------  -------- 
models                  34/1024         1632/49152    ( 3.3%) 
brushes                 86/8192         1032/98304    ( 1.0%) 
brushsides             608/65536        4864/524288   ( 0.9%) 
planes                 718/65536       14360/1310720  ( 1.1%) 
vertexes               779/65536        9348/786432   ( 1.2%) 
nodes                  426/65536       13632/2097152  ( 0.7%) 
texinfos               129/12288        9288/884736   ( 1.0%) 
texdata                 18/2048          576/65536    ( 0.9%) 
dispinfos                0/0               0/0        ( 0.0%) 
disp_verts               0/0               0/0        ( 0.0%) 
disp_tris                0/0               0/0        ( 0.0%) 
disp_lmsamples           0/0               0/0        ( 0.0%) 
faces                  537/65536       30072/3670016  ( 0.8%) 
hdr faces              537/65536       30072/3670016  ( 0.8%) 
origfaces              375/65536       21000/3670016  ( 0.6%) 
leaves                 461/65536       14752/2097152  ( 0.7%) 
leaffaces              604/65536        1208/131072   ( 0.9%) 
leafbrushes            114/65536         228/131072   ( 0.2%) 
areas                    2/256            16/2048     ( 0.8%) 
surfedges             3979/512000      15916/2048000  ( 0.8%) 
edges                 2103/256000       8412/1024000  ( 0.8%) 
LDR worldlights          6/8192          528/720896   ( 0.1%) 
HDR worldlights          6/8192          528/720896   ( 0.1%) 
leafwaterdata            1/32768          12/393216   ( 0.0%) 
waterstrips             16/32768         160/327680   ( 0.0%) 
waterverts               0/65536           0/786432   ( 0.0%) 
waterindices           225/65536         450/131072   ( 0.3%) 
cubemapsamples           2/1024           32/16384    ( 0.2%) 
overlays                 0/512             0/180224   ( 0.0%) 
LDR lightdata         [variable]     1043604/0        ( 0.0%) 
HDR lightdata         [variable]     1043604/0        ( 0.0%) 
visdata               [variable]         954/16777216 ( 0.0%) 
entdata               [variable]       29967/393216   ( 7.6%) 
LDR ambient table      461/65536        1844/262144   ( 0.7%) 
HDR ambient table      461/65536        1844/262144   ( 0.7%) 
LDR leaf ambient       796/65536       22288/1835008  ( 1.2%) 
HDR leaf ambient       796/65536       22288/1835008  ( 1.2%) 
occluders                0/0               0/0        ( 0.0%) 
occluder polygons        0/0               0/0        ( 0.0%) 
occluder vert ind        0/0               0/0        ( 0.0%) 
detail props          [variable]           1/12       ( 8.3%) 
static props          [variable]           1/12       ( 8.3%) 
pakfile               [variable]      319494/0        ( 0.0%) 
physics               [variable]       43986/4194304  ( 1.0%) 
physics terrain       [variable]           2/1048576  ( 0.0%) 

Level flags = 0

Total triangle count: 1357
Writing c:\program files (x86)\steam\steamapps\common\sourcesdk_content\hl2mp\mapsrc\test.bsp
1 second elapsed



materialPath: C:\Program Files (x86)\Steam\steamapps\common\Half-Life 2 Deathmatch\hl2mp\materials
Loading C:\Program Files (x86)\Steam\steamapps\common\sourcesdk_content\hl2mp\mapsrc\test.vmf
ConVarRef mat_reduceparticles doesn't point to an existing ConVar
Could not locate 'GameData' key in c:\program files (x86)\steam\steamapps\common\half-life 2 deathmatch\hl2mp\gameinfo.txt
Patching WVT material: maps/test/dev/dev_blendmeasure_wvt_patch
fixing up env_cubemap materials on brush sides...
0...1...2...3...4...5...6...7...8...9...100...1...2...3...4...5...6...7...8...9...10Processing areas...done (0)
Building Faces...done (0)
FixTjuncs...
PruneNodes...
WriteBSP...
done (0)
writing C:\Program Files (x86)\Steam\steamapps\common\sourcesdk_content\hl2mp\mapsrc\test.prt...Building visibility clusters...
done (0)
Creating default LDR cubemaps for env_cubemap using skybox materials:
   skybox/sky_day01_01*.vmt
 ! Run buildcubemaps in the engine to get the correct cube maps.
Creating default HDR cubemaps for env_cubemap using skybox materials:
   skybox/sky_day01_01*.vmt
 ! Run buildcubemaps in the engine to get the correct cube maps.
Finding displacement neighbors...
Finding lightmap sample positions...
Displacement Alpha : 0...1...2...3...4...5...6...7...8...9...10
Building Physics collision data...
done (0) (43126 bytes)
Placing detail props : 0...1...2...3...4...5...6...7...8...9...10
Compacting texture/material tables...
Reduced 239 texinfos to 120
Reduced 25 texdatas to 18 (801 bytes to 586)
Writing C:\Program Files (x86)\Steam\steamapps\common\sourcesdk_content\hl2mp\mapsrc\test.bsp
Wrote ZIP buffer, estimated size 321316, actual size 319494
0 seconds elapsed



12 threads
reading c:\program files (x86)\steam\steamapps\common\sourcesdk_content\hl2mp\mapsrc\test.bsp
reading c:\program files (x86)\steam\steamapps\common\sourcesdk_content\hl2mp\mapsrc\test.prt
  58 portalclusters
 157 numportals
0...1...2...3...4...5...6...7...8...9...100...1...2...3...4...5...6...7...8...9...10Optimized: 0 visible clusters (0.00%)
Total clusters visible: 3232
Average clusters visible: 55
Building PAS...
Average clusters audible: 58
visdatasize:1396  compressed from 928
writing c:\program files (x86)\steam\steamapps\common\sourcesdk_content\hl2mp\mapsrc\test.bsp
0 seconds elapsed



[Reading texlights from 'lights.rad']
[45 texlights parsed from 'lights.rad']

Loading c:\program files (x86)\steam\steamapps\common\sourcesdk_content\hl2mp\mapsrc\test.bsp
532 faces
36983 square feet [5325558.00 square inches]
0 Displacements
0 Square Feet [0.00 Square Inches]
532 patches before subdivision
10580 patches after subdivision
6 direct lights
0...1...2...3...4...5...6...7...8...9...100...1...2...3...4...5...6...7...8...9...10transfers 1151242, max 329
transfer lists:   8.8 megs
0...1...2...3...4...5...6...7...8...9...10	Bounce #1 added RGB(42025, 38657, 28755)
0...1...2...3...4...5...6...7...8...9...10	Bounce #2 added RGB(12288, 10713, 7235)
0...1...2...3...4...5...6...7...8...9...10	Bounce #3 added RGB(3115, 2573, 1593)
0...1...2...3...4...5...6...7...8...9...10	Bounce #4 added RGB(844, 659, 374)
0...1...2...3...4...5...6...7...8...9...10	Bounce #5 added RGB(225, 165, 86)
0...1...2...3...4...5...6...7...8...9...10	Bounce #6 added RGB(61, 42, 20)
0...1...2...3...4...5...6...7...8...9...10	Bounce #7 added RGB(16, 11, 5)
0...1...2...3...4...5...6...7...8...9...10	Bounce #8 added RGB(4, 3, 1)
0...1...2...3...4...5...6...7...8...9...10	Bounce #9 added RGB(1, 1, 0)
0...1...2...3...4...5...6...7...8...9...10	Bounce #10 added RGB(0, 0, 0)
Build Patch/Sample Hash Table(s).....Done<0.0021 sec>
0...1...2...3...4...5...6...7...8...9...10FinalLightFace Done
0 of 0 (0% of) surface lights went in leaf ambient cubes.
0...1...2...3...4...5...6...7...8...9...10Writing leaf ambient...done
Ready to Finish

Object names       Objects/Maxobjs  Memory / Maxmem  Fullness 
------------       ---------------  ---------------  -------- 
models                  31/1024         1488/49152    ( 3.0%) 
brushes                 85/8192         1020/98304    ( 1.0%) 
brushsides             602/65536        4816/524288   ( 0.9%) 
planes                 704/65536       14080/1310720  ( 1.1%) 
vertexes               772/65536        9264/786432   ( 1.2%) 
nodes                  422/65536       13504/2097152  ( 0.6%) 
texinfos               120/12288        8640/884736   ( 1.0%) 
texdata                 18/2048          576/65536    ( 0.9%) 
dispinfos                0/0               0/0        ( 0.0%) 
disp_verts               0/0               0/0        ( 0.0%) 
disp_tris                0/0               0/0        ( 0.0%) 
disp_lmsamples           0/0               0/0        ( 0.0%) 
faces                  532/65536       29792/3670016  ( 0.8%) 
hdr faces                0/65536           0/3670016  ( 0.0%) 
origfaces              368/65536       20608/3670016  ( 0.6%) 
leaves                 454/65536       14528/2097152  ( 0.7%) 
leaffaces              624/65536        1248/131072   ( 1.0%) 
leafbrushes            114/65536         228/131072   ( 0.2%) 
areas                    2/256            16/2048     ( 0.8%) 
surfedges             3935/512000      15740/2048000  ( 0.8%) 
edges                 2083/256000       8332/1024000  ( 0.8%) 
LDR worldlights          6/8192          528/720896   ( 0.1%) 
HDR worldlights          0/8192            0/720896   ( 0.0%) 
leafwaterdata            1/32768          12/393216   ( 0.0%) 
waterstrips             15/32768         150/327680   ( 0.0%) 
waterverts               0/65536           0/786432   ( 0.0%) 
waterindices           225/65536         450/131072   ( 0.3%) 
cubemapsamples           2/1024           32/16384    ( 0.2%) 
overlays                 0/512             0/180224   ( 0.0%) 
LDR lightdata         [variable]     1039608/0        ( 0.0%) 
HDR lightdata         [variable]           0/0        ( 0.0%) 
visdata               [variable]        1396/16777216 ( 0.0%) 
entdata               [variable]       28413/393216   ( 7.2%) 
LDR ambient table      454/65536        1816/262144   ( 0.7%) 
HDR ambient table      454/65536        1816/262144   ( 0.7%) 
LDR leaf ambient       810/65536       22680/1835008  ( 1.2%) 
HDR leaf ambient       454/65536       12712/1835008  ( 0.7%) 
occluders                0/0               0/0        ( 0.0%) 
occluder polygons        0/0               0/0        ( 0.0%) 
occluder vert ind        0/0               0/0        ( 0.0%) 
detail props          [variable]           1/12       ( 8.3%) 
static props          [variable]           1/12       ( 8.3%) 
pakfile               [variable]      319494/0        ( 0.0%) 
physics               [variable]       43126/4194304  ( 1.0%) 
physics terrain       [variable]           2/1048576  ( 0.0%) 

Level flags = 0

Total triangle count: 1351
Writing c:\program files (x86)\steam\steamapps\common\sourcesdk_content\hl2mp\mapsrc\test.bsp
1 second elapsed



[Reading texlights from 'lights.rad']
[45 texlights parsed from 'lights.rad']

Loading c:\program files (x86)\steam\steamapps\common\sourcesdk_content\hl2mp\mapsrc\test.bsp
532 faces
36983 square feet [5325558.00 square inches]
0 Displacements
0 Square Feet [0.00 Square Inches]
532 patches before subdivision
10580 patches after subdivision
6 direct lights
0...1...2...3...4...5...6...7...8...9...100...1...2...3...4...5...6...7...8...9...10transfers 1151242, max 329
transfer lists:   8.8 megs
0...1...2...3...4...5...6...7...8...9...10	Bounce #1 added RGB(42025, 38657, 28755)
0...1...2...3...4...5...6...7...8...9...10	Bounce #2 added RGB(12288, 10713, 7235)
0...1...2...3...4...5...6...7...8...9...10	Bounce #3 added RGB(3115, 2573, 1593)
0...1...2...3...4...5...6...7...8...9...10	Bounce #4 added RGB(844, 659, 374)
0...1...2...3...4...5...6...7...8...9...10	Bounce #5 added RGB(225, 165, 86)
0...1...2...3...4...5...6...7...8...9...10	Bounce #6 added RGB(61, 42, 20)
0...1...2...3...4...5...6...7...8...9...10	Bounce #7 added RGB(16, 11, 5)
0...1...2...3...4...5...6...7...8...9...10	Bounce #8 added RGB(4, 3, 1)
0...1...2...3...4...5...6...7...8...9...10	Bounce #9 added RGB(1, 1, 0)
0...1...2...3...4...5...6...7...8...9...10	Bounce #10 added RGB(0, 0, 0)
Build Patch/Sample Hash Table(s).....Done<0.0022 sec>
0...1...2...3...4...5...6...7...8...9...10FinalLightFace Done
0 of 0 (0% of) surface lights went in leaf ambient cubes.
0...1...2...3...4...5...6...7...8...9...10Writing leaf ambient...done
Ready to Finish

Object names       Objects/Maxobjs  Memory / Maxmem  Fullness 
------------       ---------------  ---------------  -------- 
models                  31/1024         1488/49152    ( 3.0%) 
brushes                 85/8192         1020/98304    ( 1.0%) 
brushsides             602/65536        4816/524288   ( 0.9%) 
planes                 704/65536       14080/1310720  ( 1.1%) 
vertexes               772/65536        9264/786432   ( 1.2%) 
nodes                  422/65536       13504/2097152  ( 0.6%) 
texinfos               120/12288        8640/884736   ( 1.0%) 
texdata                 18/2048          576/65536    ( 0.9%) 
dispinfos                0/0               0/0        ( 0.0%) 
disp_verts               0/0               0/0        ( 0.0%) 
disp_tris                0/0               0/0        ( 0.0%) 
disp_lmsamples           0/0               0/0        ( 0.0%) 
faces                  532/65536       29792/3670016  ( 0.8%) 
hdr faces              532/65536       29792/3670016  ( 0.8%) 
origfaces              368/65536       20608/3670016  ( 0.6%) 
leaves                 454/65536       14528/2097152  ( 0.7%) 
leaffaces              624/65536        1248/131072   ( 1.0%) 
leafbrushes            114/65536         228/131072   ( 0.2%) 
areas                    2/256            16/2048     ( 0.8%) 
surfedges             3935/512000      15740/2048000  ( 0.8%) 
edges                 2083/256000       8332/1024000  ( 0.8%) 
LDR worldlights          6/8192          528/720896   ( 0.1%) 
HDR worldlights          6/8192          528/720896   ( 0.1%) 
leafwaterdata            1/32768          12/393216   ( 0.0%) 
waterstrips             15/32768         150/327680   ( 0.0%) 
waterverts               0/65536           0/786432   ( 0.0%) 
waterindices           225/65536         450/131072   ( 0.3%) 
cubemapsamples           2/1024           32/16384    ( 0.2%) 
overlays                 0/512             0/180224   ( 0.0%) 
LDR lightdata         [variable]     1039608/0        ( 0.0%) 
HDR lightdata         [variable]     1039608/0        ( 0.0%) 
visdata               [variable]        1396/16777216 ( 0.0%) 
entdata               [variable]       28413/393216   ( 7.2%) 
LDR ambient table      454/65536        1816/262144   ( 0.7%) 
HDR ambient table      454/65536        1816/262144   ( 0.7%) 
LDR leaf ambient       810/65536       22680/1835008  ( 1.2%) 
HDR leaf ambient       810/65536       22680/1835008  ( 1.2%) 
occluders                0/0               0/0        ( 0.0%) 
occluder polygons        0/0               0/0        ( 0.0%) 
occluder vert ind        0/0               0/0        ( 0.0%) 
detail props          [variable]           1/12       ( 8.3%) 
static props          [variable]           1/12       ( 8.3%) 
pakfile               [variable]      319494/0        ( 0.0%) 
physics               [variable]       43126/4194304  ( 1.0%) 
physics terrain       [variable]           2/1048576  ( 0.0%) 

Level flags = 0

Total triangle count: 1351
Writing c:\program files (x86)\steam\steamapps\common\sourcesdk_content\hl2mp\mapsrc\test.bsp
1 second elapsed



materialPath: C:\Program Files (x86)\Steam\steamapps\common\Half-Life 2 Deathmatch\hl2mp\materials
Loading C:\Program Files (x86)\Steam\steamapps\common\sourcesdk_content\hl2mp\mapsrc\test.vmf
ConVarRef mat_reduceparticles doesn't point to an existing ConVar
Could not locate 'GameData' key in c:\program files (x86)\steam\steamapps\common\half-life 2 deathmatch\hl2mp\gameinfo.txt
Patching WVT material: maps/test/dev/dev_blendmeasure_wvt_patch
fixing up env_cubemap materials on brush sides...
0...1...2...3...4...5...6...7...8...9...100...1...2...3...4...5...6...7...8...9...10Processing areas...done (0)
Building Faces...done (0)
FixTjuncs...
PruneNodes...
WriteBSP...
done (0)
writing C:\Program Files (x86)\Steam\steamapps\common\sourcesdk_content\hl2mp\mapsrc\test.prt...Building visibility clusters...
done (0)
Creating default LDR cubemaps for env_cubemap using skybox materials:
   skybox/sky_day01_01*.vmt
 ! Run buildcubemaps in the engine to get the correct cube maps.
Creating default HDR cubemaps for env_cubemap using skybox materials:
   skybox/sky_day01_01*.vmt
 ! Run buildcubemaps in the engine to get the correct cube maps.
Finding displacement neighbors...
Finding lightmap sample positions...
Displacement Alpha : 0...1...2...3...4...5...6...7...8...9...10
Building Physics collision data...
done (0) (43126 bytes)
Placing detail props : 0...1...2...3...4...5...6...7...8...9...10
Compacting texture/material tables...
Reduced 239 texinfos to 120
Reduced 25 texdatas to 18 (801 bytes to 586)
Writing C:\Program Files (x86)\Steam\steamapps\common\sourcesdk_content\hl2mp\mapsrc\test.bsp
Wrote ZIP buffer, estimated size 321316, actual size 319494
0 seconds elapsed



12 threads
reading c:\program files (x86)\steam\steamapps\common\sourcesdk_content\hl2mp\mapsrc\test.bsp
reading c:\program files (x86)\steam\steamapps\common\sourcesdk_content\hl2mp\mapsrc\test.prt
  58 portalclusters
 157 numportals
0...1...2...3...4...5...6...7...8...9...100...1...2...3...4...5...6...7...8...9...10Optimized: 0 visible clusters (0.00%)
Total clusters visible: 3232
Average clusters visible: 55
Building PAS...
Average clusters audible: 58
visdatasize:1396  compressed from 928
writing c:\program files (x86)\steam\steamapps\common\sourcesdk_content\hl2mp\mapsrc\test.bsp
0 seconds elapsed



[Reading texlights from 'lights.rad']
[45 texlights parsed from 'lights.rad']

Loading c:\program files (x86)\steam\steamapps\common\sourcesdk_content\hl2mp\mapsrc\test.bsp
532 faces
36983 square feet [5325558.00 square inches]
0 Displacements
0 Square Feet [0.00 Square Inches]
532 patches before subdivision
10580 patches after subdivision
6 direct lights
0...1...2...3...4...5...6...7...8...9...100...1...2...3...4...5...6...7...8...9...10transfers 1151242, max 329
transfer lists:   8.8 megs
0...1...2...3...4...5...6...7...8...9...10	Bounce #1 added RGB(42025, 38657, 28755)
0...1...2...3...4...5...6...7...8...9...10	Bounce #2 added RGB(12288, 10712, 7235)
0...1...2...3...4...5...6...7...8...9...10	Bounce #3 added RGB(3115, 2573, 1593)
0...1...2...3...4...5...6...7...8...9...10	Bounce #4 added RGB(844, 659, 374)
0...1...2...3...4...5...6...7...8...9...10	Bounce #5 added RGB(225, 165, 86)
0...1...2...3...4...5...6...7...8...9...10	Bounce #6 added RGB(61, 42, 20)
0...1...2...3...4...5...6...7...8...9...10	Bounce #7 added RGB(16, 11, 5)
0...1...2...3...4...5...6...7...8...9...10	Bounce #8 added RGB(4, 3, 1)
0...1...2...3...4...5...6...7...8...9...10	Bounce #9 added RGB(1, 1, 0)
0...1...2...3...4...5...6...7...8...9...10	Bounce #10 added RGB(0, 0, 0)
Build Patch/Sample Hash Table(s).....Done<0.0022 sec>
0...1...2...3...4...5...6...7...8...9...10FinalLightFace Done
0 of 0 (0% of) surface lights went in leaf ambient cubes.
0...1...2...3...4...5...6...7...8...9...10Writing leaf ambient...done
Ready to Finish

Object names       Objects/Maxobjs  Memory / Maxmem  Fullness 
------------       ---------------  ---------------  -------- 
models                  31/1024         1488/49152    ( 3.0%) 
brushes                 85/8192         1020/98304    ( 1.0%) 
brushsides             602/65536        4816/524288   ( 0.9%) 
planes                 704/65536       14080/1310720  ( 1.1%) 
vertexes               772/65536        9264/786432   ( 1.2%) 
nodes                  422/65536       13504/2097152  ( 0.6%) 
texinfos               120/12288        8640/884736   ( 1.0%) 
texdata                 18/2048          576/65536    ( 0.9%) 
dispinfos                0/0               0/0        ( 0.0%) 
disp_verts               0/0               0/0        ( 0.0%) 
disp_tris                0/0               0/0        ( 0.0%) 
disp_lmsamples           0/0               0/0        ( 0.0%) 
faces                  532/65536       29792/3670016  ( 0.8%) 
hdr faces                0/65536           0/3670016  ( 0.0%) 
origfaces              368/65536       20608/3670016  ( 0.6%) 
leaves                 454/65536       14528/2097152  ( 0.7%) 
leaffaces              624/65536        1248/131072   ( 1.0%) 
leafbrushes            114/65536         228/131072   ( 0.2%) 
areas                    2/256            16/2048     ( 0.8%) 
surfedges             3935/512000      15740/2048000  ( 0.8%) 
edges                 2083/256000       8332/1024000  ( 0.8%) 
LDR worldlights          6/8192          528/720896   ( 0.1%) 
HDR worldlights          0/8192            0/720896   ( 0.0%) 
leafwaterdata            1/32768          12/393216   ( 0.0%) 
waterstrips             15/32768         150/327680   ( 0.0%) 
waterverts               0/65536           0/786432   ( 0.0%) 
waterindices           225/65536         450/131072   ( 0.3%) 
cubemapsamples           2/1024           32/16384    ( 0.2%) 
overlays                 0/512             0/180224   ( 0.0%) 
LDR lightdata         [variable]     1039608/0        ( 0.0%) 
HDR lightdata         [variable]           0/0        ( 0.0%) 
visdata               [variable]        1396/16777216 ( 0.0%) 
entdata               [variable]       28412/393216   ( 7.2%) 
LDR ambient table      454/65536        1816/262144   ( 0.7%) 
HDR ambient table      454/65536        1816/262144   ( 0.7%) 
LDR leaf ambient       810/65536       22680/1835008  ( 1.2%) 
HDR leaf ambient       454/65536       12712/1835008  ( 0.7%) 
occluders                0/0               0/0        ( 0.0%) 
occluder polygons        0/0               0/0        ( 0.0%) 
occluder vert ind        0/0               0/0        ( 0.0%) 
detail props          [variable]           1/12       ( 8.3%) 
static props          [variable]           1/12       ( 8.3%) 
pakfile               [variable]      319494/0        ( 0.0%) 
physics               [variable]       43126/4194304  ( 1.0%) 
physics terrain       [variable]           2/1048576  ( 0.0%) 

Level flags = 0

Total triangle count: 1351
Writing c:\program files (x86)\steam\steamapps\common\sourcesdk_content\hl2mp\mapsrc\test.bsp
1 second elapsed



[Reading texlights from 'lights.rad']
[45 texlights parsed from 'lights.rad']

Loading c:\program files (x86)\steam\steamapps\common\sourcesdk_content\hl2mp\mapsrc\test.bsp
532 faces
36983 square feet [5325558.00 square inches]
0 Displacements
0 Square Feet [0.00 Square Inches]
532 patches before subdivision
10580 patches after subdivision
6 direct lights
0...1...2...3...4...5...6...7...8...9...100...1...2...3...4...5...6...7...8...9...10transfers 1151242, max 329
transfer lists:   8.8 megs
0...1...2...3...4...5...6...7...8...9...10	Bounce #1 added RGB(42025, 38657, 28755)
0...1...2...3...4...5...6...7...8...9...10	Bounce #2 added RGB(12288, 10712, 7235)
0...1...2...3...4...5...6...7...8...9...10	Bounce #3 added RGB(3115, 2573, 1593)
0...1...2...3...4...5...6...7...8...9...10	Bounce #4 added RGB(844, 659, 374)
0...1...2...3...4...5...6...7...8...9...10	Bounce #5 added RGB(225, 165, 86)
0...1...2...3...4...5...6...7...8...9...10	Bounce #6 added RGB(61, 42, 20)
0...1...2...3...4...5...6...7...8...9...10	Bounce #7 added RGB(16, 11, 5)
0...1...2...3...4...5...6...7...8...9...10	Bounce #8 added RGB(4, 3, 1)
0...1...2...3...4...5...6...7...8...9...10	Bounce #9 added RGB(1, 1, 0)
0...1...2...3...4...5...6...7...8...9...10	Bounce #10 added RGB(0, 0, 0)
Build Patch/Sample Hash Table(s).....Done<0.0022 sec>
0...1...2...3...4...5...6...7...8...9...10FinalLightFace Done
0 of 0 (0% of) surface lights went in leaf ambient cubes.
0...1...2...3...4...5...6...7...8...9...10Writing leaf ambient...done
Ready to Finish

Object names       Objects/Maxobjs  Memory / Maxmem  Fullness 
------------       ---------------  ---------------  -------- 
models                  31/1024         1488/49152    ( 3.0%) 
brushes                 85/8192         1020/98304    ( 1.0%) 
brushsides             602/65536        4816/524288   ( 0.9%) 
planes                 704/65536       14080/1310720  ( 1.1%) 
vertexes               772/65536        9264/786432   ( 1.2%) 
nodes                  422/65536       13504/2097152  ( 0.6%) 
texinfos               120/12288        8640/884736   ( 1.0%) 
texdata                 18/2048          576/65536    ( 0.9%) 
dispinfos                0/0               0/0        ( 0.0%) 
disp_verts               0/0               0/0        ( 0.0%) 
disp_tris                0/0               0/0        ( 0.0%) 
disp_lmsamples           0/0               0/0        ( 0.0%) 
faces                  532/65536       29792/3670016  ( 0.8%) 
hdr faces              532/65536       29792/3670016  ( 0.8%) 
origfaces              368/65536       20608/3670016  ( 0.6%) 
leaves                 454/65536       14528/2097152  ( 0.7%) 
leaffaces              624/65536        1248/131072   ( 1.0%) 
leafbrushes            114/65536         228/131072   ( 0.2%) 
areas                    2/256            16/2048     ( 0.8%) 
surfedges             3935/512000      15740/2048000  ( 0.8%) 
edges                 2083/256000       8332/1024000  ( 0.8%) 
LDR worldlights          6/8192          528/720896   ( 0.1%) 
HDR worldlights          6/8192          528/720896   ( 0.1%) 
leafwaterdata            1/32768          12/393216   ( 0.0%) 
waterstrips             15/32768         150/327680   ( 0.0%) 
waterverts               0/65536           0/786432   ( 0.0%) 
waterindices           225/65536         450/131072   ( 0.3%) 
cubemapsamples           2/1024           32/16384    ( 0.2%) 
overlays                 0/512             0/180224   ( 0.0%) 
LDR lightdata         [variable]     1039608/0        ( 0.0%) 
HDR lightdata         [variable]     1039608/0        ( 0.0%) 
visdata               [variable]        1396/16777216 ( 0.0%) 
entdata               [variable]       28412/393216   ( 7.2%) 
LDR ambient table      454/65536        1816/262144   ( 0.7%) 
HDR ambient table      454/65536        1816/262144   ( 0.7%) 
LDR leaf ambient       810/65536       22680/1835008  ( 1.2%) 
HDR leaf ambient       810/65536       22680/1835008  ( 1.2%) 
occluders                0/0               0/0        ( 0.0%) 
occluder polygons        0/0               0/0        ( 0.0%) 
occluder vert ind        0/0               0/0        ( 0.0%) 
detail props          [variable]           1/12       ( 8.3%) 
static props          [variable]           1/12       ( 8.3%) 
pakfile               [variable]      319494/0        ( 0.0%) 
physics               [variable]       43126/4194304  ( 1.0%) 
physics terrain       [variable]           2/1048576  ( 0.0%) 

Level flags = 0

Total triangle count: 1351
Writing c:\program files (x86)\steam\steamapps\common\sourcesdk_content\hl2mp\mapsrc\test.bsp
2 seconds elapsed



materialPath: C:\Program Files (x86)\Steam\steamapps\common\Half-Life 2 Deathmatch\hl2mp\materials
Loading C:\Program Files (x86)\Steam\steamapps\common\sourcesdk_content\hl2mp\mapsrc\test.vmf
ConVarRef mat_reduceparticles doesn't point to an existing ConVar
Could not locate 'GameData' key in c:\program files (x86)\steam\steamapps\common\half-life 2 deathmatch\hl2mp\gameinfo.txt
Patching WVT material: maps/test/dev/dev_blendmeasure_wvt_patch
fixing up env_cubemap materials on brush sides...
0...1...2...3...4...5...6...7...8...9...100...1...2...3...4...5...6...7...8...9...10Processing areas...done (0)
Building Faces...done (0)
FixTjuncs...
PruneNodes...
WriteBSP...
done (0)
writing C:\Program Files (x86)\Steam\steamapps\common\sourcesdk_content\hl2mp\mapsrc\test.prt...Building visibility clusters...
done (0)
Creating default LDR cubemaps for env_cubemap using skybox materials:
   skybox/sky_day01_01*.vmt
 ! Run buildcubemaps in the engine to get the correct cube maps.
Creating default HDR cubemaps for env_cubemap using skybox materials:
   skybox/sky_day01_01*.vmt
 ! Run buildcubemaps in the engine to get the correct cube maps.
Finding displacement neighbors...
Finding lightmap sample positions...
Displacement Alpha : 0...1...2...3...4...5...6...7...8...9...10
Building Physics collision data...
done (0) (43126 bytes)
Placing detail props : 0...1...2...3...4...5...6...7...8...9...10
Compacting texture/material tables...
Reduced 239 texinfos to 120
Reduced 25 texdatas to 18 (801 bytes to 586)
Writing C:\Program Files (x86)\Steam\steamapps\common\sourcesdk_content\hl2mp\mapsrc\test.bsp
Wrote ZIP buffer, estimated size 321316, actual size 319494
0 seconds elapsed



12 threads
reading c:\program files (x86)\steam\steamapps\common\sourcesdk_content\hl2mp\mapsrc\test.bsp
reading c:\program files (x86)\steam\steamapps\common\sourcesdk_content\hl2mp\mapsrc\test.prt
  58 portalclusters
 157 numportals
0...1...2...3...4...5...6...7...8...9...100...1...2...3...4...5...6...7...8...9...10Optimized: 0 visible clusters (0.00%)
Total clusters visible: 3232
Average clusters visible: 55
Building PAS...
Average clusters audible: 58
visdatasize:1396  compressed from 928
writing c:\program files (x86)\steam\steamapps\common\sourcesdk_content\hl2mp\mapsrc\test.bsp
0 seconds elapsed



[Reading texlights from 'lights.rad']
[45 texlights parsed from 'lights.rad']

Loading c:\program files (x86)\steam\steamapps\common\sourcesdk_content\hl2mp\mapsrc\test.bsp
532 faces
36983 square feet [5325558.00 square inches]
0 Displacements
0 Square Feet [0.00 Square Inches]
532 patches before subdivision
10580 patches after subdivision
6 direct lights
0...1...2...3...4...5...6...7...8...9...100...1...2...3...4...5...6...7...8...9...10transfers 1151242, max 329
transfer lists:   8.8 megs
0...1...2...3...4...5...6...7...8...9...10	Bounce #1 added RGB(42025, 38657, 28755)
0...1...2...3...4...5...6...7...8...9...10	Bounce #2 added RGB(12288, 10713, 7235)
0...1...2...3...4...5...6...7...8...9...10	Bounce #3 added RGB(3115, 2573, 1593)
0...1...2...3...4...5...6...7...8...9...10	Bounce #4 added RGB(844, 659, 374)
0...1...2...3...4...5...6...7...8...9...10	Bounce #5 added RGB(225, 165, 86)
0...1...2...3...4...5...6...7...8...9...10	Bounce #6 added RGB(61, 42, 20)
0...1...2...3...4...5...6...7...8...9...10	Bounce #7 added RGB(16, 11, 5)
0...1...2...3...4...5...6...7...8...9...10	Bounce #8 added RGB(4, 3, 1)
0...1...2...3...4...5...6...7...8...9...10	Bounce #9 added RGB(1, 1, 0)
0...1...2...3...4...5...6...7...8...9...10	Bounce #10 added RGB(0, 0, 0)
Build Patch/Sample Hash Table(s).....Done<0.0021 sec>
0...1...2...3...4...5...6...7...8...9...10FinalLightFace Done
0 of 0 (0% of) surface lights went in leaf ambient cubes.
0...1...2...3...4...5...6...7...8...9...10Writing leaf ambient...done
Ready to Finish

Object names       Objects/Maxobjs  Memory / Maxmem  Fullness 
------------       ---------------  ---------------  -------- 
models                  31/1024         1488/49152    ( 3.0%) 
brushes                 85/8192         1020/98304    ( 1.0%) 
brushsides             602/65536        4816/524288   ( 0.9%) 
planes                 704/65536       14080/1310720  ( 1.1%) 
vertexes               772/65536        9264/786432   ( 1.2%) 
nodes                  422/65536       13504/2097152  ( 0.6%) 
texinfos               120/12288        8640/884736   ( 1.0%) 
texdata                 18/2048          576/65536    ( 0.9%) 
dispinfos                0/0               0/0        ( 0.0%) 
disp_verts               0/0               0/0        ( 0.0%) 
disp_tris                0/0               0/0        ( 0.0%) 
disp_lmsamples           0/0               0/0        ( 0.0%) 
faces                  532/65536       29792/3670016  ( 0.8%) 
hdr faces                0/65536           0/3670016  ( 0.0%) 
origfaces              368/65536       20608/3670016  ( 0.6%) 
leaves                 454/65536       14528/2097152  ( 0.7%) 
leaffaces              624/65536        1248/131072   ( 1.0%) 
leafbrushes            114/65536         228/131072   ( 0.2%) 
areas                    2/256            16/2048     ( 0.8%) 
surfedges             3935/512000      15740/2048000  ( 0.8%) 
edges                 2083/256000       8332/1024000  ( 0.8%) 
LDR worldlights          6/8192          528/720896   ( 0.1%) 
HDR worldlights          0/8192            0/720896   ( 0.0%) 
leafwaterdata            1/32768          12/393216   ( 0.0%) 
waterstrips             15/32768         150/327680   ( 0.0%) 
waterverts               0/65536           0/786432   ( 0.0%) 
waterindices           225/65536         450/131072   ( 0.3%) 
cubemapsamples           2/1024           32/16384    ( 0.2%) 
overlays                 0/512             0/180224   ( 0.0%) 
LDR lightdata         [variable]     1039608/0        ( 0.0%) 
HDR lightdata         [variable]           0/0        ( 0.0%) 
visdata               [variable]        1396/16777216 ( 0.0%) 
entdata               [variable]       28412/393216   ( 7.2%) 
LDR ambient table      454/65536        1816/262144   ( 0.7%) 
HDR ambient table      454/65536        1816/262144   ( 0.7%) 
LDR leaf ambient       810/65536       22680/1835008  ( 1.2%) 
HDR leaf ambient       454/65536       12712/1835008  ( 0.7%) 
occluders                0/0               0/0        ( 0.0%) 
occluder polygons        0/0               0/0        ( 0.0%) 
occluder vert ind        0/0               0/0        ( 0.0%) 
detail props          [variable]           1/12       ( 8.3%) 
static props          [variable]           1/12       ( 8.3%) 
pakfile               [variable]      319494/0        ( 0.0%) 
physics               [variable]       43126/4194304  ( 1.0%) 
physics terrain       [variable]           2/1048576  ( 0.0%) 

Level flags = 0

Total triangle count: 1351
Writing c:\program files (x86)\steam\steamapps\common\sourcesdk_content\hl2mp\mapsrc\test.bsp
1 second elapsed



[Reading texlights from 'lights.rad']
[45 texlights parsed from 'lights.rad']

Loading c:\program files (x86)\steam\steamapps\common\sourcesdk_content\hl2mp\mapsrc\test.bsp
532 faces
36983 square feet [5325558.00 square inches]
0 Displacements
0 Square Feet [0.00 Square Inches]
532 patches before subdivision
10580 patches after subdivision
6 direct lights
0...1...2...3...4...5...6...7...8...9...100...1...2...3...4...5...6...7...8...9...10transfers 1151242, max 329
transfer lists:   8.8 megs
0...1...2...3...4...5...6...7...8...9...10	Bounce #1 added RGB(42025, 38657, 28755)
0...1...2...3...4...5...6...7...8...9...10	Bounce #2 added RGB(12288, 10713, 7235)
0...1...2...3...4...5...6...7...8...9...10	Bounce #3 added RGB(3115, 2573, 1593)
0...1...2...3...4...5...6...7...8...9...10	Bounce #4 added RGB(844, 659, 374)
0...1...2...3...4...5...6...7...8...9...10	Bounce #5 added RGB(225, 165, 86)
0...1...2...3...4...5...6...7...8...9...10	Bounce #6 added RGB(61, 42, 20)
0...1...2...3...4...5...6...7...8...9...10	Bounce #7 added RGB(16, 11, 5)
0...1...2...3...4...5...6...7...8...9...10	Bounce #8 added RGB(4, 3, 1)
0...1...2...3...4...5...6...7...8...9...10	Bounce #9 added RGB(1, 1, 0)
0...1...2...3...4...5...6...7...8...9...10	Bounce #10 added RGB(0, 0, 0)
Build Patch/Sample Hash Table(s).....Done<0.0021 sec>
0...1...2...3...4...5...6...7...8...9...10FinalLightFace Done
0 of 0 (0% of) surface lights went in leaf ambient cubes.
0...1...2...3...4...5...6...7...8...9...10Writing leaf ambient...done
Ready to Finish

Object names       Objects/Maxobjs  Memory / Maxmem  Fullness 
------------       ---------------  ---------------  -------- 
models                  31/1024         1488/49152    ( 3.0%) 
brushes                 85/8192         1020/98304    ( 1.0%) 
brushsides             602/65536        4816/524288   ( 0.9%) 
planes                 704/65536       14080/1310720  ( 1.1%) 
vertexes               772/65536        9264/786432   ( 1.2%) 
nodes                  422/65536       13504/2097152  ( 0.6%) 
texinfos               120/12288        8640/884736   ( 1.0%) 
texdata                 18/2048          576/65536    ( 0.9%) 
dispinfos                0/0               0/0        ( 0.0%) 
disp_verts               0/0               0/0        ( 0.0%) 
disp_tris                0/0               0/0        ( 0.0%) 
disp_lmsamples           0/0               0/0        ( 0.0%) 
faces                  532/65536       29792/3670016  ( 0.8%) 
hdr faces              532/65536       29792/3670016  ( 0.8%) 
origfaces              368/65536       20608/3670016  ( 0.6%) 
leaves                 454/65536       14528/2097152  ( 0.7%) 
leaffaces              624/65536        1248/131072   ( 1.0%) 
leafbrushes            114/65536         228/131072   ( 0.2%) 
areas                    2/256            16/2048     ( 0.8%) 
surfedges             3935/512000      15740/2048000  ( 0.8%) 
edges                 2083/256000       8332/1024000  ( 0.8%) 
LDR worldlights          6/8192          528/720896   ( 0.1%) 
HDR worldlights          6/8192          528/720896   ( 0.1%) 
leafwaterdata            1/32768          12/393216   ( 0.0%) 
waterstrips             15/32768         150/327680   ( 0.0%) 
waterverts               0/65536           0/786432   ( 0.0%) 
waterindices           225/65536         450/131072   ( 0.3%) 
cubemapsamples           2/1024           32/16384    ( 0.2%) 
overlays                 0/512             0/180224   ( 0.0%) 
LDR lightdata         [variable]     1039608/0        ( 0.0%) 
HDR lightdata         [variable]     1039608/0        ( 0.0%) 
visdata               [variable]        1396/16777216 ( 0.0%) 
entdata               [variable]       28412/393216   ( 7.2%) 
LDR ambient table      454/65536        1816/262144   ( 0.7%) 
HDR ambient table      454/65536        1816/262144   ( 0.7%) 
LDR leaf ambient       810/65536       22680/1835008  ( 1.2%) 
HDR leaf ambient       810/65536       22680/1835008  ( 1.2%) 
occluders                0/0               0/0        ( 0.0%) 
occluder polygons        0/0               0/0        ( 0.0%) 
occluder vert ind        0/0               0/0        ( 0.0%) 
detail props          [variable]           1/12       ( 8.3%) 
static props          [variable]           1/12       ( 8.3%) 
pakfile               [variable]      319494/0        ( 0.0%) 
physics               [variable]       43126/4194304  ( 1.0%) 
physics terrain       [variable]           2/1048576  ( 0.0%) 

Level flags = 0

Total triangle count: 1351
Writing c:\program files (x86)\steam\steamapps\common\sourcesdk_content\hl2mp\mapsrc\test.bsp
1 second elapsed



materialPath: C:\Program Files (x86)\Steam\steamapps\common\Half-Life 2 Deathmatch\hl2mp\materials
Loading C:\Program Files (x86)\Steam\steamapps\common\sourcesdk_content\hl2mp\mapsrc\test.vmf
ConVarRef mat_reduceparticles doesn't point to an existing ConVar
Could not locate 'GameData' key in c:\program files (x86)\steam\steamapps\common\half-life 2 deathmatch\hl2mp\gameinfo.txt
Patching WVT material: maps/test/dev/dev_blendmeasure_wvt_patch
fixing up env_cubemap materials on brush sides...
0...1...2...3...4...5...6...7...8...9...100...1...2...3...4...5...6...7...8...9...10Processing areas...done (0)
Building Faces...done (0)
FixTjuncs...
PruneNodes...
WriteBSP...
done (0)
writing C:\Program Files (x86)\Steam\steamapps\common\sourcesdk_content\hl2mp\mapsrc\test.prt...Building visibility clusters...
done (0)
Creating default LDR cubemaps for env_cubemap using skybox materials:
   skybox/sky_day01_01*.vmt
 ! Run buildcubemaps in the engine to get the correct cube maps.
Creating default HDR cubemaps for env_cubemap using skybox materials:
   skybox/sky_day01_01*.vmt
 ! Run buildcubemaps in the engine to get the correct cube maps.
Finding displacement neighbors...
Finding lightmap sample positions...
Displacement Alpha : 0...1...2...3...4...5...6...7...8...9...10
Building Physics collision data...
done (0) (43674 bytes)
Placing detail props : 0...1...2...3...4...5...6...7...8...9...10
Compacting texture/material tables...
Reduced 247 texinfos to 123
Reduced 25 texdatas to 18 (801 bytes to 586)
Writing C:\Program Files (x86)\Steam\steamapps\common\sourcesdk_content\hl2mp\mapsrc\test.bsp
Wrote ZIP buffer, estimated size 321316, actual size 319494
0 seconds elapsed



12 threads
reading c:\program files (x86)\steam\steamapps\common\sourcesdk_content\hl2mp\mapsrc\test.bsp
reading c:\program files (x86)\steam\steamapps\common\sourcesdk_content\hl2mp\mapsrc\test.prt
  58 portalclusters
 157 numportals
0...1...2...3...4...5...6...7...8...9...100...1...2...3...4...5...6...7...8...9...10Optimized: 0 visible clusters (0.00%)
Total clusters visible: 3232
Average clusters visible: 55
Building PAS...
Average clusters audible: 58
visdatasize:1396  compressed from 928
writing c:\program files (x86)\steam\steamapps\common\sourcesdk_content\hl2mp\mapsrc\test.bsp
0 seconds elapsed



[Reading texlights from 'lights.rad']
[45 texlights parsed from 'lights.rad']

Loading c:\program files (x86)\steam\steamapps\common\sourcesdk_content\hl2mp\mapsrc\test.bsp
538 faces
37054 square feet [5335798.00 square inches]
0 Displacements
0 Square Feet [0.00 Square Inches]
538 patches before subdivision
10670 patches after subdivision
6 direct lights
0...1...2...3...4...5...6...7...8...9...100...1...2...3...4...5...6...7...8...9...10transfers 1161829, max 329
transfer lists:   8.9 megs
0...1...2...3...4...5...6...7...8...9...10	Bounce #1 added RGB(42776, 39364, 29273)
0...1...2...3...4...5...6...7...8...9...10	Bounce #2 added RGB(12382, 10799, 7295)
0...1...2...3...4...5...6...7...8...9...10	Bounce #3 added RGB(3145, 2600, 1610)
0...1...2...3...4...5...6...7...8...9...10	Bounce #4 added RGB(852, 665, 378)
0...1...2...3...4...5...6...7...8...9...10	Bounce #5 added RGB(227, 167, 87)
0...1...2...3...4...5...6...7...8...9...10	Bounce #6 added RGB(61, 42, 20)
0...1...2...3...4...5...6...7...8...9...10	Bounce #7 added RGB(17, 11, 5)
0...1...2...3...4...5...6...7...8...9...10	Bounce #8 added RGB(4, 3, 1)
0...1...2...3...4...5...6...7...8...9...10	Bounce #9 added RGB(1, 1, 0)
0...1...2...3...4...5...6...7...8...9...10	Bounce #10 added RGB(0, 0, 0)
Build Patch/Sample Hash Table(s).....Done<0.0021 sec>
0...1...2...3...4...5...6...7...8...9...10FinalLightFace Done
0 of 0 (0% of) surface lights went in leaf ambient cubes.
0...1...2...3...4...5...6...7...8...9...10Writing leaf ambient...done
Ready to Finish

Object names       Objects/Maxobjs  Memory / Maxmem  Fullness 
------------       ---------------  ---------------  -------- 
models                  32/1024         1536/49152    ( 3.1%) 
brushes                 86/8192         1032/98304    ( 1.0%) 
brushsides             608/65536        4864/524288   ( 0.9%) 
planes                 706/65536       14120/1310720  ( 1.1%) 
vertexes               780/65536        9360/786432   ( 1.2%) 
nodes                  428/65536       13696/2097152  ( 0.7%) 
texinfos               123/12288        8856/884736   ( 1.0%) 
texdata                 18/2048          576/65536    ( 0.9%) 
dispinfos                0/0               0/0        ( 0.0%) 
disp_verts               0/0               0/0        ( 0.0%) 
disp_tris                0/0               0/0        ( 0.0%) 
disp_lmsamples           0/0               0/0        ( 0.0%) 
faces                  538/65536       30128/3670016  ( 0.8%) 
hdr faces                0/65536           0/3670016  ( 0.0%) 
origfaces              374/65536       20944/3670016  ( 0.6%) 
leaves                 461/65536       14752/2097152  ( 0.7%) 
leaffaces              630/65536        1260/131072   ( 1.0%) 
leafbrushes            115/65536         230/131072   ( 0.2%) 
areas                    2/256            16/2048     ( 0.8%) 
surfedges             3983/512000      15932/2048000  ( 0.8%) 
edges                 2107/256000       8428/1024000  ( 0.8%) 
LDR worldlights          6/8192          528/720896   ( 0.1%) 
HDR worldlights          0/8192            0/720896   ( 0.0%) 
leafwaterdata            1/32768          12/393216   ( 0.0%) 
waterstrips             15/32768         150/327680   ( 0.0%) 
waterverts               0/65536           0/786432   ( 0.0%) 
waterindices           225/65536         450/131072   ( 0.3%) 
cubemapsamples           2/1024           32/16384    ( 0.2%) 
overlays                 0/512             0/180224   ( 0.0%) 
LDR lightdata         [variable]     1045552/0        ( 0.0%) 
HDR lightdata         [variable]           0/0        ( 0.0%) 
visdata               [variable]        1396/16777216 ( 0.0%) 
entdata               [variable]       29381/393216   ( 7.5%) 
LDR ambient table      461/65536        1844/262144   ( 0.7%) 
HDR ambient table      461/65536        1844/262144   ( 0.7%) 
LDR leaf ambient       828/65536       23184/1835008  ( 1.3%) 
HDR leaf ambient       461/65536       12908/1835008  ( 0.7%) 
occluders                0/0               0/0        ( 0.0%) 
occluder polygons        0/0               0/0        ( 0.0%) 
occluder vert ind        0/0               0/0        ( 0.0%) 
detail props          [variable]           1/12       ( 8.3%) 
static props          [variable]           1/12       ( 8.3%) 
pakfile               [variable]      319494/0        ( 0.0%) 
physics               [variable]       43674/4194304  ( 1.0%) 
physics terrain       [variable]           2/1048576  ( 0.0%) 

Level flags = 0

Total triangle count: 1363
Writing c:\program files (x86)\steam\steamapps\common\sourcesdk_content\hl2mp\mapsrc\test.bsp
1 second elapsed



[Reading texlights from 'lights.rad']
[45 texlights parsed from 'lights.rad']

Loading c:\program files (x86)\steam\steamapps\common\sourcesdk_content\hl2mp\mapsrc\test.bsp
538 faces
37054 square feet [5335798.00 square inches]
0 Displacements
0 Square Feet [0.00 Square Inches]
538 patches before subdivision
10670 patches after subdivision
6 direct lights
0...1...2...3...4...5...6...7...8...9...100...1...2...3...4...5...6...7...8...9...10transfers 1161829, max 329
transfer lists:   8.9 megs
0...1...2...3...4...5...6...7...8...9...10	Bounce #1 added RGB(42776, 39364, 29273)
0...1...2...3...4...5...6...7...8...9...10	Bounce #2 added RGB(12382, 10799, 7295)
0...1...2...3...4...5...6...7...8...9...10	Bounce #3 added RGB(3145, 2600, 1610)
0...1...2...3...4...5...6...7...8...9...10	Bounce #4 added RGB(852, 665, 378)
0...1...2...3...4...5...6...7...8...9...10	Bounce #5 added RGB(227, 167, 87)
0...1...2...3...4...5...6...7...8...9...10	Bounce #6 added RGB(61, 42, 20)
0...1...2...3...4...5...6...7...8...9...10	Bounce #7 added RGB(17, 11, 5)
0...1...2...3...4...5...6...7...8...9...10	Bounce #8 added RGB(4, 3, 1)
0...1...2...3...4...5...6...7...8...9...10	Bounce #9 added RGB(1, 1, 0)
0...1...2...3...4...5...6...7...8...9...10	Bounce #10 added RGB(0, 0, 0)
Build Patch/Sample Hash Table(s).....Done<0.0021 sec>
0...1...2...3...4...5...6...7...8...9...10FinalLightFace Done
0 of 0 (0% of) surface lights went in leaf ambient cubes.
0...1...2...3...4...5...6...7...8...9...10Writing leaf ambient...done
Ready to Finish

Object names       Objects/Maxobjs  Memory / Maxmem  Fullness 
------------       ---------------  ---------------  -------- 
models                  32/1024         1536/49152    ( 3.1%) 
brushes                 86/8192         1032/98304    ( 1.0%) 
brushsides             608/65536        4864/524288   ( 0.9%) 
planes                 706/65536       14120/1310720  ( 1.1%) 
vertexes               780/65536        9360/786432   ( 1.2%) 
nodes                  428/65536       13696/2097152  ( 0.7%) 
texinfos               123/12288        8856/884736   ( 1.0%) 
texdata                 18/2048          576/65536    ( 0.9%) 
dispinfos                0/0               0/0        ( 0.0%) 
disp_verts               0/0               0/0        ( 0.0%) 
disp_tris                0/0               0/0        ( 0.0%) 
disp_lmsamples           0/0               0/0        ( 0.0%) 
faces                  538/65536       30128/3670016  ( 0.8%) 
hdr faces              538/65536       30128/3670016  ( 0.8%) 
origfaces              374/65536       20944/3670016  ( 0.6%) 
leaves                 461/65536       14752/2097152  ( 0.7%) 
leaffaces              630/65536        1260/131072   ( 1.0%) 
leafbrushes            115/65536         230/131072   ( 0.2%) 
areas                    2/256            16/2048     ( 0.8%) 
surfedges             3983/512000      15932/2048000  ( 0.8%) 
edges                 2107/256000       8428/1024000  ( 0.8%) 
LDR worldlights          6/8192          528/720896   ( 0.1%) 
HDR worldlights          6/8192          528/720896   ( 0.1%) 
leafwaterdata            1/32768          12/393216   ( 0.0%) 
waterstrips             15/32768         150/327680   ( 0.0%) 
waterverts               0/65536           0/786432   ( 0.0%) 
waterindices           225/65536         450/131072   ( 0.3%) 
cubemapsamples           2/1024           32/16384    ( 0.2%) 
overlays                 0/512             0/180224   ( 0.0%) 
LDR lightdata         [variable]     1045552/0        ( 0.0%) 
HDR lightdata         [variable]     1045552/0        ( 0.0%) 
visdata               [variable]        1396/16777216 ( 0.0%) 
entdata               [variable]       29381/393216   ( 7.5%) 
LDR ambient table      461/65536        1844/262144   ( 0.7%) 
HDR ambient table      461/65536        1844/262144   ( 0.7%) 
LDR leaf ambient       828/65536       23184/1835008  ( 1.3%) 
HDR leaf ambient       828/65536       23184/1835008  ( 1.3%) 
occluders                0/0               0/0        ( 0.0%) 
occluder polygons        0/0               0/0        ( 0.0%) 
occluder vert ind        0/0               0/0        ( 0.0%) 
detail props          [variable]           1/12       ( 8.3%) 
static props          [variable]           1/12       ( 8.3%) 
pakfile               [variable]      319494/0        ( 0.0%) 
physics               [variable]       43674/4194304  ( 1.0%) 
physics terrain       [variable]           2/1048576  ( 0.0%) 

Level flags = 0

Total triangle count: 1363
Writing c:\program files (x86)\steam\steamapps\common\sourcesdk_content\hl2mp\mapsrc\test.bsp
1 second elapsed



materialPath: C:\Program Files (x86)\Steam\steamapps\common\Half-Life 2 Deathmatch\hl2mp\materials
Loading C:\Program Files (x86)\Steam\steamapps\common\sourcesdk_content\hl2mp\mapsrc\test.vmf
ConVarRef mat_reduceparticles doesn't point to an existing ConVar
Could not locate 'GameData' key in c:\program files (x86)\steam\steamapps\common\half-life 2 deathmatch\hl2mp\gameinfo.txt
Patching WVT material: maps/test/dev/dev_blendmeasure_wvt_patch
fixing up env_cubemap materials on brush sides...
0...1...2...3...4...5...6...7...8...9...100...1...2...3...4...5...6...7...8...9...10Processing areas...done (0)
Building Faces...done (0)
FixTjuncs...
PruneNodes...
WriteBSP...
done (0)
writing C:\Program Files (x86)\Steam\steamapps\common\sourcesdk_content\hl2mp\mapsrc\test.prt...Building visibility clusters...
done (0)
Creating default LDR cubemaps for env_cubemap using skybox materials:
   skybox/sky_day01_01*.vmt
 ! Run buildcubemaps in the engine to get the correct cube maps.
Creating default HDR cubemaps for env_cubemap using skybox materials:
   skybox/sky_day01_01*.vmt
 ! Run buildcubemaps in the engine to get the correct cube maps.
Finding displacement neighbors...
Finding lightmap sample positions...
Displacement Alpha : 0...1...2...3...4...5...6...7...8...9...10
Building Physics collision data...
done (0) (43674 bytes)
Placing detail props : 0...1...2...3...4...5...6...7...8...9...10
Compacting texture/material tables...
Reduced 247 texinfos to 123
Reduced 25 texdatas to 18 (801 bytes to 586)
Writing C:\Program Files (x86)\Steam\steamapps\common\sourcesdk_content\hl2mp\mapsrc\test.bsp
Wrote ZIP buffer, estimated size 321316, actual size 319494
0 seconds elapsed



12 threads
reading c:\program files (x86)\steam\steamapps\common\sourcesdk_content\hl2mp\mapsrc\test.bsp
reading c:\program files (x86)\steam\steamapps\common\sourcesdk_content\hl2mp\mapsrc\test.prt
  58 portalclusters
 157 numportals
0...1...2...3...4...5...6...7...8...9...100...1...2...3...4...5...6...7...8...9...10Optimized: 0 visible clusters (0.00%)
Total clusters visible: 3232
Average clusters visible: 55
Building PAS...
Average clusters audible: 58
visdatasize:1396  compressed from 928
writing c:\program files (x86)\steam\steamapps\common\sourcesdk_content\hl2mp\mapsrc\test.bsp
0 seconds elapsed



[Reading texlights from 'lights.rad']
[45 texlights parsed from 'lights.rad']

Loading c:\program files (x86)\steam\steamapps\common\sourcesdk_content\hl2mp\mapsrc\test.bsp
538 faces
37054 square feet [5335798.00 square inches]
0 Displacements
0 Square Feet [0.00 Square Inches]
538 patches before subdivision
10670 patches after subdivision
6 direct lights
0...1...2...3...4...5...6...7...8...9...100...1...2...3...4...5...6...7...8...9...10transfers 1161829, max 329
transfer lists:   8.9 megs
0...1...2...3...4...5...6...7...8...9...10	Bounce #1 added RGB(42776, 39364, 29273)
0...1...2...3...4...5...6...7...8...9...10	Bounce #2 added RGB(12382, 10799, 7295)
0...1...2...3...4...5...6...7...8...9...10	Bounce #3 added RGB(3145, 2600, 1610)
0...1...2...3...4...5...6...7...8...9...10	Bounce #4 added RGB(852, 665, 378)
0...1...2...3...4...5...6...7...8...9...10	Bounce #5 added RGB(227, 167, 87)
0...1...2...3...4...5...6...7...8...9...10	Bounce #6 added RGB(61, 42, 20)
0...1...2...3...4...5...6...7...8...9...10	Bounce #7 added RGB(17, 11, 5)
0...1...2...3...4...5...6...7...8...9...10	Bounce #8 added RGB(4, 3, 1)
0...1...2...3...4...5...6...7...8...9...10	Bounce #9 added RGB(1, 1, 0)
0...1...2...3...4...5...6...7...8...9...10	Bounce #10 added RGB(0, 0, 0)
Build Patch/Sample Hash Table(s).....Done<0.0021 sec>
0...1...2...3...4...5...6...7...8...9...10FinalLightFace Done
0 of 0 (0% of) surface lights went in leaf ambient cubes.
0...1...2...3...4...5...6...7...8...9...10Writing leaf ambient...done
Ready to Finish

Object names       Objects/Maxobjs  Memory / Maxmem  Fullness 
------------       ---------------  ---------------  -------- 
models                  32/1024         1536/49152    ( 3.1%) 
brushes                 86/8192         1032/98304    ( 1.0%) 
brushsides             608/65536        4864/524288   ( 0.9%) 
planes                 706/65536       14120/1310720  ( 1.1%) 
vertexes               780/65536        9360/786432   ( 1.2%) 
nodes                  428/65536       13696/2097152  ( 0.7%) 
texinfos               123/12288        8856/884736   ( 1.0%) 
texdata                 18/2048          576/65536    ( 0.9%) 
dispinfos                0/0               0/0        ( 0.0%) 
disp_verts               0/0               0/0        ( 0.0%) 
disp_tris                0/0               0/0        ( 0.0%) 
disp_lmsamples           0/0               0/0        ( 0.0%) 
faces                  538/65536       30128/3670016  ( 0.8%) 
hdr faces                0/65536           0/3670016  ( 0.0%) 
origfaces              374/65536       20944/3670016  ( 0.6%) 
leaves                 461/65536       14752/2097152  ( 0.7%) 
leaffaces              630/65536        1260/131072   ( 1.0%) 
leafbrushes            115/65536         230/131072   ( 0.2%) 
areas                    2/256            16/2048     ( 0.8%) 
surfedges             3983/512000      15932/2048000  ( 0.8%) 
edges                 2107/256000       8428/1024000  ( 0.8%) 
LDR worldlights          6/8192          528/720896   ( 0.1%) 
HDR worldlights          0/8192            0/720896   ( 0.0%) 
leafwaterdata            1/32768          12/393216   ( 0.0%) 
waterstrips             15/32768         150/327680   ( 0.0%) 
waterverts               0/65536           0/786432   ( 0.0%) 
waterindices           225/65536         450/131072   ( 0.3%) 
cubemapsamples           2/1024           32/16384    ( 0.2%) 
overlays                 0/512             0/180224   ( 0.0%) 
LDR lightdata         [variable]     1045552/0        ( 0.0%) 
HDR lightdata         [variable]           0/0        ( 0.0%) 
visdata               [variable]        1396/16777216 ( 0.0%) 
entdata               [variable]       29381/393216   ( 7.5%) 
LDR ambient table      461/65536        1844/262144   ( 0.7%) 
HDR ambient table      461/65536        1844/262144   ( 0.7%) 
LDR leaf ambient       828/65536       23184/1835008  ( 1.3%) 
HDR leaf ambient       461/65536       12908/1835008  ( 0.7%) 
occluders                0/0               0/0        ( 0.0%) 
occluder polygons        0/0               0/0        ( 0.0%) 
occluder vert ind        0/0               0/0        ( 0.0%) 
detail props          [variable]           1/12       ( 8.3%) 
static props          [variable]           1/12       ( 8.3%) 
pakfile               [variable]      319494/0        ( 0.0%) 
physics               [variable]       43674/4194304  ( 1.0%) 
physics terrain       [variable]           2/1048576  ( 0.0%) 

Level flags = 0

Total triangle count: 1363
Writing c:\program files (x86)\steam\steamapps\common\sourcesdk_content\hl2mp\mapsrc\test.bsp
1 second elapsed



[Reading texlights from 'lights.rad']
[45 texlights parsed from 'lights.rad']

Loading c:\program files (x86)\steam\steamapps\common\sourcesdk_content\hl2mp\mapsrc\test.bsp
538 faces
37054 square feet [5335798.00 square inches]
0 Displacements
0 Square Feet [0.00 Square Inches]
538 patches before subdivision
10670 patches after subdivision
6 direct lights
0...1...2...3...4...5...6...7...8...9...100...1...2...3...4...5...6...7...8...9...10transfers 1161829, max 329
transfer lists:   8.9 megs
0...1...2...3...4...5...6...7...8...9...10	Bounce #1 added RGB(42776, 39364, 29273)
0...1...2...3...4...5...6...7...8...9...10	Bounce #2 added RGB(12382, 10799, 7295)
0...1...2...3...4...5...6...7...8...9...10	Bounce #3 added RGB(3145, 2600, 1610)
0...1...2...3...4...5...6...7...8...9...10	Bounce #4 added RGB(852, 665, 378)
0...1...2...3...4...5...6...7...8...9...10	Bounce #5 added RGB(227, 167, 87)
0...1...2...3...4...5...6...7...8...9...10	Bounce #6 added RGB(61, 42, 20)
0...1...2...3...4...5...6...7...8...9...10	Bounce #7 added RGB(17, 11, 5)
0...1...2...3...4...5...6...7...8...9...10	Bounce #8 added RGB(4, 3, 1)
0...1...2...3...4...5...6...7...8...9...10	Bounce #9 added RGB(1, 1, 0)
0...1...2...3...4...5...6...7...8...9...10	Bounce #10 added RGB(0, 0, 0)
Build Patch/Sample Hash Table(s).....Done<0.0021 sec>
0...1...2...3...4...5...6...7...8...9...10FinalLightFace Done
0 of 0 (0% of) surface lights went in leaf ambient cubes.
0...1...2...3...4...5...6...7...8...9...10Writing leaf ambient...done
Ready to Finish

Object names       Objects/Maxobjs  Memory / Maxmem  Fullness 
------------       ---------------  ---------------  -------- 
models                  32/1024         1536/49152    ( 3.1%) 
brushes                 86/8192         1032/98304    ( 1.0%) 
brushsides             608/65536        4864/524288   ( 0.9%) 
planes                 706/65536       14120/1310720  ( 1.1%) 
vertexes               780/65536        9360/786432   ( 1.2%) 
nodes                  428/65536       13696/2097152  ( 0.7%) 
texinfos               123/12288        8856/884736   ( 1.0%) 
texdata                 18/2048          576/65536    ( 0.9%) 
dispinfos                0/0               0/0        ( 0.0%) 
disp_verts               0/0               0/0        ( 0.0%) 
disp_tris                0/0               0/0        ( 0.0%) 
disp_lmsamples           0/0               0/0        ( 0.0%) 
faces                  538/65536       30128/3670016  ( 0.8%) 
hdr faces              538/65536       30128/3670016  ( 0.8%) 
origfaces              374/65536       20944/3670016  ( 0.6%) 
leaves                 461/65536       14752/2097152  ( 0.7%) 
leaffaces              630/65536        1260/131072   ( 1.0%) 
leafbrushes            115/65536         230/131072   ( 0.2%) 
areas                    2/256            16/2048     ( 0.8%) 
surfedges             3983/512000      15932/2048000  ( 0.8%) 
edges                 2107/256000       8428/1024000  ( 0.8%) 
LDR worldlights          6/8192          528/720896   ( 0.1%) 
HDR worldlights          6/8192          528/720896   ( 0.1%) 
leafwaterdata            1/32768          12/393216   ( 0.0%) 
waterstrips             15/32768         150/327680   ( 0.0%) 
waterverts               0/65536           0/786432   ( 0.0%) 
waterindices           225/65536         450/131072   ( 0.3%) 
cubemapsamples           2/1024           32/16384    ( 0.2%) 
overlays                 0/512             0/180224   ( 0.0%) 
LDR lightdata         [variable]     1045552/0        ( 0.0%) 
HDR lightdata         [variable]     1045552/0        ( 0.0%) 
visdata               [variable]        1396/16777216 ( 0.0%) 
entdata               [variable]       29381/393216   ( 7.5%) 
LDR ambient table      461/65536        1844/262144   ( 0.7%) 
HDR ambient table      461/65536        1844/262144   ( 0.7%) 
LDR leaf ambient       828/65536       23184/1835008  ( 1.3%) 
HDR leaf ambient       828/65536       23184/1835008  ( 1.3%) 
occluders                0/0               0/0        ( 0.0%) 
occluder polygons        0/0               0/0        ( 0.0%) 
occluder vert ind        0/0               0/0        ( 0.0%) 
detail props          [variable]           1/12       ( 8.3%) 
static props          [variable]           1/12       ( 8.3%) 
pakfile               [variable]      319494/0        ( 0.0%) 
physics               [variable]       43674/4194304  ( 1.0%) 
physics terrain       [variable]           2/1048576  ( 0.0%) 

Level flags = 0

Total triangle count: 1363
Writing c:\program files (x86)\steam\steamapps\common\sourcesdk_content\hl2mp\mapsrc\test.bsp
1 second elapsed



materialPath: C:\Program Files (x86)\Steam\steamapps\common\Half-Life 2 Deathmatch\hl2mp\materials
Loading C:\Program Files (x86)\Steam\steamapps\common\sourcesdk_content\hl2mp\mapsrc\test.vmf
ConVarRef mat_reduceparticles doesn't point to an existing ConVar
Could not locate 'GameData' key in c:\program files (x86)\steam\steamapps\common\half-life 2 deathmatch\hl2mp\gameinfo.txt
Patching WVT material: maps/test/dev/dev_blendmeasure_wvt_patch
fixing up env_cubemap materials on brush sides...
0...1...2...3...4...5...6...7...8...9...100...1...2...3...4...5...6...7...8...9...10Processing areas...done (0)
Building Faces...done (0)
FixTjuncs...
PruneNodes...
WriteBSP...
done (0)
writing C:\Program Files (x86)\Steam\steamapps\common\sourcesdk_content\hl2mp\mapsrc\test.prt...Building visibility clusters...
done (0)
Creating default LDR cubemaps for env_cubemap using skybox materials:
   skybox/sky_day01_01*.vmt
 ! Run buildcubemaps in the engine to get the correct cube maps.
Creating default HDR cubemaps for env_cubemap using skybox materials:
   skybox/sky_day01_01*.vmt
 ! Run buildcubemaps in the engine to get the correct cube maps.
Finding displacement neighbors...
Finding lightmap sample positions...
Displacement Alpha : 0...1...2...3...4...5...6...7...8...9...10
Building Physics collision data...
done (0) (43674 bytes)
Placing detail props : 0...1...2...3...4...5...6...7...8...9...10
Compacting texture/material tables...
Reduced 247 texinfos to 123
Reduced 25 texdatas to 18 (801 bytes to 586)
Writing C:\Program Files (x86)\Steam\steamapps\common\sourcesdk_content\hl2mp\mapsrc\test.bsp
Wrote ZIP buffer, estimated size 321316, actual size 319494
0 seconds elapsed



12 threads
reading c:\program files (x86)\steam\steamapps\common\sourcesdk_content\hl2mp\mapsrc\test.bsp
reading c:\program files (x86)\steam\steamapps\common\sourcesdk_content\hl2mp\mapsrc\test.prt
  58 portalclusters
 157 numportals
0...1...2...3...4...5...6...7...8...9...100...1...2...3...4...5...6...7...8...9...10Optimized: 0 visible clusters (0.00%)
Total clusters visible: 3232
Average clusters visible: 55
Building PAS...
Average clusters audible: 58
visdatasize:1396  compressed from 928
writing c:\program files (x86)\steam\steamapps\common\sourcesdk_content\hl2mp\mapsrc\test.bsp
0 seconds elapsed



[Reading texlights from 'lights.rad']
[45 texlights parsed from 'lights.rad']

Loading c:\program files (x86)\steam\steamapps\common\sourcesdk_content\hl2mp\mapsrc\test.bsp
538 faces
37054 square feet [5335798.00 square inches]
0 Displacements
0 Square Feet [0.00 Square Inches]
538 patches before subdivision
10670 patches after subdivision
6 direct lights
0...1...2...3...4...5...6...7...8...9...100...1...2...3...4...5...6...7...8...9...10transfers 1161829, max 329
transfer lists:   8.9 megs
0...1...2...3...4...5...6...7...8...9...10	Bounce #1 added RGB(42776, 39364, 29273)
0...1...2...3...4...5...6...7...8...9...10	Bounce #2 added RGB(12382, 10799, 7295)
0...1...2...3...4...5...6...7...8...9...10	Bounce #3 added RGB(3145, 2600, 1610)
0...1...2...3...4...5...6...7...8...9...10	Bounce #4 added RGB(852, 665, 378)
0...1...2...3...4...5...6...7...8...9...10	Bounce #5 added RGB(227, 167, 87)
0...1...2...3...4...5...6...7...8...9...10	Bounce #6 added RGB(61, 42, 20)
0...1...2...3...4...5...6...7...8...9...10	Bounce #7 added RGB(17, 11, 5)
0...1...2...3...4...5...6...7...8...9...10	Bounce #8 added RGB(4, 3, 1)
0...1...2...3...4...5...6...7...8...9...10	Bounce #9 added RGB(1, 1, 0)
0...1...2...3...4...5...6...7...8...9...10	Bounce #10 added RGB(0, 0, 0)
Build Patch/Sample Hash Table(s).....Done<0.0022 sec>
0...1...2...3...4...5...6...7...8...9...10FinalLightFace Done
0 of 0 (0% of) surface lights went in leaf ambient cubes.
0...1...2...3...4...5...6...7...8...9...10Writing leaf ambient...done
Ready to Finish

Object names       Objects/Maxobjs  Memory / Maxmem  Fullness 
------------       ---------------  ---------------  -------- 
models                  32/1024         1536/49152    ( 3.1%) 
brushes                 86/8192         1032/98304    ( 1.0%) 
brushsides             608/65536        4864/524288   ( 0.9%) 
planes                 706/65536       14120/1310720  ( 1.1%) 
vertexes               780/65536        9360/786432   ( 1.2%) 
nodes                  428/65536       13696/2097152  ( 0.7%) 
texinfos               123/12288        8856/884736   ( 1.0%) 
texdata                 18/2048          576/65536    ( 0.9%) 
dispinfos                0/0               0/0        ( 0.0%) 
disp_verts               0/0               0/0        ( 0.0%) 
disp_tris                0/0               0/0        ( 0.0%) 
disp_lmsamples           0/0               0/0        ( 0.0%) 
faces                  538/65536       30128/3670016  ( 0.8%) 
hdr faces                0/65536           0/3670016  ( 0.0%) 
origfaces              374/65536       20944/3670016  ( 0.6%) 
leaves                 461/65536       14752/2097152  ( 0.7%) 
leaffaces              630/65536        1260/131072   ( 1.0%) 
leafbrushes            115/65536         230/131072   ( 0.2%) 
areas                    2/256            16/2048     ( 0.8%) 
surfedges             3983/512000      15932/2048000  ( 0.8%) 
edges                 2107/256000       8428/1024000  ( 0.8%) 
LDR worldlights          6/8192          528/720896   ( 0.1%) 
HDR worldlights          0/8192            0/720896   ( 0.0%) 
leafwaterdata            1/32768          12/393216   ( 0.0%) 
waterstrips             15/32768         150/327680   ( 0.0%) 
waterverts               0/65536           0/786432   ( 0.0%) 
waterindices           225/65536         450/131072   ( 0.3%) 
cubemapsamples           2/1024           32/16384    ( 0.2%) 
overlays                 0/512             0/180224   ( 0.0%) 
LDR lightdata         [variable]     1045552/0        ( 0.0%) 
HDR lightdata         [variable]           0/0        ( 0.0%) 
visdata               [variable]        1396/16777216 ( 0.0%) 
entdata               [variable]       29381/393216   ( 7.5%) 
LDR ambient table      461/65536        1844/262144   ( 0.7%) 
HDR ambient table      461/65536        1844/262144   ( 0.7%) 
LDR leaf ambient       828/65536       23184/1835008  ( 1.3%) 
HDR leaf ambient       461/65536       12908/1835008  ( 0.7%) 
occluders                0/0               0/0        ( 0.0%) 
occluder polygons        0/0               0/0        ( 0.0%) 
occluder vert ind        0/0               0/0        ( 0.0%) 
detail props          [variable]           1/12       ( 8.3%) 
static props          [variable]           1/12       ( 8.3%) 
pakfile               [variable]      319494/0        ( 0.0%) 
physics               [variable]       43674/4194304  ( 1.0%) 
physics terrain       [variable]           2/1048576  ( 0.0%) 

Level flags = 0

Total triangle count: 1363
Writing c:\program files (x86)\steam\steamapps\common\sourcesdk_content\hl2mp\mapsrc\test.bsp
1 second elapsed



[Reading texlights from 'lights.rad']
[45 texlights parsed from 'lights.rad']

Loading c:\program files (x86)\steam\steamapps\common\sourcesdk_content\hl2mp\mapsrc\test.bsp
538 faces
37054 square feet [5335798.00 square inches]
0 Displacements
0 Square Feet [0.00 Square Inches]
538 patches before subdivision
10670 patches after subdivision
6 direct lights
0...1...2...3...4...5...6...7...8...9...100...1...2...3...4...5...6...7...8...9...10transfers 1161829, max 329
transfer lists:   8.9 megs
0...1...2...3...4...5...6...7...8...9...10	Bounce #1 added RGB(42776, 39364, 29273)
0...1...2...3...4...5...6...7...8...9...10	Bounce #2 added RGB(12382, 10799, 7295)
0...1...2...3...4...5...6...7...8...9...10	Bounce #3 added RGB(3145, 2600, 1610)
0...1...2...3...4...5...6...7...8...9...10	Bounce #4 added RGB(852, 665, 378)
0...1...2...3...4...5...6...7...8...9...10	Bounce #5 added RGB(227, 167, 87)
0...1...2...3...4...5...6...7...8...9...10	Bounce #6 added RGB(61, 42, 20)
0...1...2...3...4...5...6...7...8...9...10	Bounce #7 added RGB(17, 11, 5)
0...1...2...3...4...5...6...7...8...9...10	Bounce #8 added RGB(4, 3, 1)
0...1...2...3...4...5...6...7...8...9...10	Bounce #9 added RGB(1, 1, 0)
0...1...2...3...4...5...6...7...8...9...10	Bounce #10 added RGB(0, 0, 0)
Build Patch/Sample Hash Table(s).....Done<0.0022 sec>
0...1...2...3...4...5...6...7...8...9...10FinalLightFace Done
0 of 0 (0% of) surface lights went in leaf ambient cubes.
0...1...2...3...4...5...6...7...8...9...10Writing leaf ambient...done
Ready to Finish

Object names       Objects/Maxobjs  Memory / Maxmem  Fullness 
------------       ---------------  ---------------  -------- 
models                  32/1024         1536/49152    ( 3.1%) 
brushes                 86/8192         1032/98304    ( 1.0%) 
brushsides             608/65536        4864/524288   ( 0.9%) 
planes                 706/65536       14120/1310720  ( 1.1%) 
vertexes               780/65536        9360/786432   ( 1.2%) 
nodes                  428/65536       13696/2097152  ( 0.7%) 
texinfos               123/12288        8856/884736   ( 1.0%) 
texdata                 18/2048          576/65536    ( 0.9%) 
dispinfos                0/0               0/0        ( 0.0%) 
disp_verts               0/0               0/0        ( 0.0%) 
disp_tris                0/0               0/0        ( 0.0%) 
disp_lmsamples           0/0               0/0        ( 0.0%) 
faces                  538/65536       30128/3670016  ( 0.8%) 
hdr faces              538/65536       30128/3670016  ( 0.8%) 
origfaces              374/65536       20944/3670016  ( 0.6%) 
leaves                 461/65536       14752/2097152  ( 0.7%) 
leaffaces              630/65536        1260/131072   ( 1.0%) 
leafbrushes            115/65536         230/131072   ( 0.2%) 
areas                    2/256            16/2048     ( 0.8%) 
surfedges             3983/512000      15932/2048000  ( 0.8%) 
edges                 2107/256000       8428/1024000  ( 0.8%) 
LDR worldlights          6/8192          528/720896   ( 0.1%) 
HDR worldlights          6/8192          528/720896   ( 0.1%) 
leafwaterdata            1/32768          12/393216   ( 0.0%) 
waterstrips             15/32768         150/327680   ( 0.0%) 
waterverts               0/65536           0/786432   ( 0.0%) 
waterindices           225/65536         450/131072   ( 0.3%) 
cubemapsamples           2/1024           32/16384    ( 0.2%) 
overlays                 0/512             0/180224   ( 0.0%) 
LDR lightdata         [variable]     1045552/0        ( 0.0%) 
HDR lightdata         [variable]     1045552/0        ( 0.0%) 
visdata               [variable]        1396/16777216 ( 0.0%) 
entdata               [variable]       29381/393216   ( 7.5%) 
LDR ambient table      461/65536        1844/262144   ( 0.7%) 
HDR ambient table      461/65536        1844/262144   ( 0.7%) 
LDR leaf ambient       828/65536       23184/1835008  ( 1.3%) 
HDR leaf ambient       828/65536       23184/1835008  ( 1.3%) 
occluders                0/0               0/0        ( 0.0%) 
occluder polygons        0/0               0/0        ( 0.0%) 
occluder vert ind        0/0               0/0        ( 0.0%) 
detail props          [variable]           1/12       ( 8.3%) 
static props          [variable]           1/12       ( 8.3%) 
pakfile               [variable]      319494/0        ( 0.0%) 
physics               [variable]       43674/4194304  ( 1.0%) 
physics terrain       [variable]           2/1048576  ( 0.0%) 

Level flags = 0

Total triangle count: 1363
Writing c:\program files (x86)\steam\steamapps\common\sourcesdk_content\hl2mp\mapsrc\test.bsp
1 second elapsed



materialPath: C:\Program Files (x86)\Steam\steamapps\common\Half-Life 2 Deathmatch\hl2mp\materials
Loading C:\Program Files (x86)\Steam\steamapps\common\sourcesdk_content\hl2mp\mapsrc\test.vmf
ConVarRef mat_reduceparticles doesn't point to an existing ConVar
Could not locate 'GameData' key in c:\program files (x86)\steam\steamapps\common\half-life 2 deathmatch\hl2mp\gameinfo.txt
Patching WVT material: maps/test/dev/dev_blendmeasure_wvt_patch
fixing up env_cubemap materials on brush sides...
0...1...2...3...4...5...6...7...8...9...100...1...2...3...4...5...6...7...8...9...10Processing areas...done (0)
Building Faces...done (0)
FixTjuncs...
PruneNodes...
WriteBSP...
done (0)
writing C:\Program Files (x86)\Steam\steamapps\common\sourcesdk_content\hl2mp\mapsrc\test.prt...Building visibility clusters...
done (0)
Creating default LDR cubemaps for env_cubemap using skybox materials:
   skybox/sky_day01_01*.vmt
 ! Run buildcubemaps in the engine to get the correct cube maps.
Creating default HDR cubemaps for env_cubemap using skybox materials:
   skybox/sky_day01_01*.vmt
 ! Run buildcubemaps in the engine to get the correct cube maps.
Finding displacement neighbors...
Finding lightmap sample positions...
Displacement Alpha : 0...1...2...3...4...5...6...7...8...9...10
Building Physics collision data...
done (0) (43674 bytes)
Placing detail props : 0...1...2...3...4...5...6...7...8...9...10
Compacting texture/material tables...
Reduced 248 texinfos to 124
Reduced 25 texdatas to 18 (801 bytes to 586)
Writing C:\Program Files (x86)\Steam\steamapps\common\sourcesdk_content\hl2mp\mapsrc\test.bsp
Wrote ZIP buffer, estimated size 321316, actual size 319494
0 seconds elapsed



12 threads
reading c:\program files (x86)\steam\steamapps\common\sourcesdk_content\hl2mp\mapsrc\test.bsp
reading c:\program files (x86)\steam\steamapps\common\sourcesdk_content\hl2mp\mapsrc\test.prt
  58 portalclusters
 157 numportals
0...1...2...3...4...5...6...7...8...9...100...1...2...3...4...5...6...7...8...9...10Optimized: 0 visible clusters (0.00%)
Total clusters visible: 3232
Average clusters visible: 55
Building PAS...
Average clusters audible: 58
visdatasize:1396  compressed from 928
writing c:\program files (x86)\steam\steamapps\common\sourcesdk_content\hl2mp\mapsrc\test.bsp
0 seconds elapsed



[Reading texlights from 'lights.rad']
[45 texlights parsed from 'lights.rad']

Loading c:\program files (x86)\steam\steamapps\common\sourcesdk_content\hl2mp\mapsrc\test.bsp
538 faces
37054 square feet [5335798.00 square inches]
0 Displacements
0 Square Feet [0.00 Square Inches]
538 patches before subdivision
10670 patches after subdivision
6 direct lights
0...1...2...3...4...5...6...7...8...9...100...1...2...3...4...5...6...7...8...9...10transfers 1161008, max 329
transfer lists:   8.9 megs
0...1...2...3...4...5...6...7...8...9...10	Bounce #1 added RGB(42785, 39373, 29282)
0...1...2...3...4...5...6...7...8...9...10	Bounce #2 added RGB(12362, 10780, 7282)
0...1...2...3...4...5...6...7...8...9...10	Bounce #3 added RGB(3139, 2594, 1606)
0...1...2...3...4...5...6...7...8...9...10	Bounce #4 added RGB(850, 663, 377)
0...1...2...3...4...5...6...7...8...9...10	Bounce #5 added RGB(226, 166, 87)
0...1...2...3...4...5...6...7...8...9...10	Bounce #6 added RGB(61, 42, 20)
0...1...2...3...4...5...6...7...8...9...10	Bounce #7 added RGB(16, 11, 5)
0...1...2...3...4...5...6...7...8...9...10	Bounce #8 added RGB(4, 3, 1)
0...1...2...3...4...5...6...7...8...9...10	Bounce #9 added RGB(1, 1, 0)
0...1...2...3...4...5...6...7...8...9...10	Bounce #10 added RGB(0, 0, 0)
Build Patch/Sample Hash Table(s).....Done<0.0023 sec>
0...1...2...3...4...5...6...7...8...9...10FinalLightFace Done
0 of 0 (0% of) surface lights went in leaf ambient cubes.
0...1...2...3...4...5...6...7...8...9...10Writing leaf ambient...done
Ready to Finish

Object names       Objects/Maxobjs  Memory / Maxmem  Fullness 
------------       ---------------  ---------------  -------- 
models                  32/1024         1536/49152    ( 3.1%) 
brushes                 86/8192         1032/98304    ( 1.0%) 
brushsides             608/65536        4864/524288   ( 0.9%) 
planes                 706/65536       14120/1310720  ( 1.1%) 
vertexes               780/65536        9360/786432   ( 1.2%) 
nodes                  428/65536       13696/2097152  ( 0.7%) 
texinfos               124/12288        8928/884736   ( 1.0%) 
texdata                 18/2048          576/65536    ( 0.9%) 
dispinfos                0/0               0/0        ( 0.0%) 
disp_verts               0/0               0/0        ( 0.0%) 
disp_tris                0/0               0/0        ( 0.0%) 
disp_lmsamples           0/0               0/0        ( 0.0%) 
faces                  538/65536       30128/3670016  ( 0.8%) 
hdr faces                0/65536           0/3670016  ( 0.0%) 
origfaces              374/65536       20944/3670016  ( 0.6%) 
leaves                 461/65536       14752/2097152  ( 0.7%) 
leaffaces              630/65536        1260/131072   ( 1.0%) 
leafbrushes            115/65536         230/131072   ( 0.2%) 
areas                    2/256            16/2048     ( 0.8%) 
surfedges             3983/512000      15932/2048000  ( 0.8%) 
edges                 2107/256000       8428/1024000  ( 0.8%) 
LDR worldlights          6/8192          528/720896   ( 0.1%) 
HDR worldlights          0/8192            0/720896   ( 0.0%) 
leafwaterdata            1/32768          12/393216   ( 0.0%) 
waterstrips             15/32768         150/327680   ( 0.0%) 
waterverts               0/65536           0/786432   ( 0.0%) 
waterindices           225/65536         450/131072   ( 0.3%) 
cubemapsamples           2/1024           32/16384    ( 0.2%) 
overlays                 0/512             0/180224   ( 0.0%) 
LDR lightdata         [variable]     1045844/0        ( 0.0%) 
HDR lightdata         [variable]           0/0        ( 0.0%) 
visdata               [variable]        1396/16777216 ( 0.0%) 
entdata               [variable]       29679/393216   ( 7.5%) 
LDR ambient table      461/65536        1844/262144   ( 0.7%) 
HDR ambient table      461/65536        1844/262144   ( 0.7%) 
LDR leaf ambient       828/65536       23184/1835008  ( 1.3%) 
HDR leaf ambient       461/65536       12908/1835008  ( 0.7%) 
occluders                0/0               0/0        ( 0.0%) 
occluder polygons        0/0               0/0        ( 0.0%) 
occluder vert ind        0/0               0/0        ( 0.0%) 
detail props          [variable]           1/12       ( 8.3%) 
static props          [variable]           1/12       ( 8.3%) 
pakfile               [variable]      319494/0        ( 0.0%) 
physics               [variable]       43674/4194304  ( 1.0%) 
physics terrain       [variable]           2/1048576  ( 0.0%) 

Level flags = 0

Total triangle count: 1363
Writing c:\program files (x86)\steam\steamapps\common\sourcesdk_content\hl2mp\mapsrc\test.bsp
1 second elapsed



[Reading texlights from 'lights.rad']
[45 texlights parsed from 'lights.rad']

Loading c:\program files (x86)\steam\steamapps\common\sourcesdk_content\hl2mp\mapsrc\test.bsp
538 faces
37054 square feet [5335798.00 square inches]
0 Displacements
0 Square Feet [0.00 Square Inches]
538 patches before subdivision
10670 patches after subdivision
6 direct lights
0...1...2...3...4...5...6...7...8...9...100...1...2...3...4...5...6...7...8...9...10transfers 1161008, max 329
transfer lists:   8.9 megs
0...1...2...3...4...5...6...7...8...9...10	Bounce #1 added RGB(42785, 39373, 29282)
0...1...2...3...4...5...6...7...8...9...10	Bounce #2 added RGB(12362, 10780, 7282)
0...1...2...3...4...5...6...7...8...9...10	Bounce #3 added RGB(3139, 2594, 1606)
0...1...2...3...4...5...6...7...8...9...10	Bounce #4 added RGB(850, 663, 377)
0...1...2...3...4...5...6...7...8...9...10	Bounce #5 added RGB(226, 166, 87)
0...1...2...3...4...5...6...7...8...9...10	Bounce #6 added RGB(61, 42, 20)
0...1...2...3...4...5...6...7...8...9...10	Bounce #7 added RGB(16, 11, 5)
0...1...2...3...4...5...6...7...8...9...10	Bounce #8 added RGB(4, 3, 1)
0...1...2...3...4...5...6...7...8...9...10	Bounce #9 added RGB(1, 1, 0)
0...1...2...3...4...5...6...7...8...9...10	Bounce #10 added RGB(0, 0, 0)
Build Patch/Sample Hash Table(s).....Done<0.0021 sec>
0...1...2...3...4...5...6...7...8...9...10FinalLightFace Done
0 of 0 (0% of) surface lights went in leaf ambient cubes.
0...1...2...3...4...5...6...7...8...9...10Writing leaf ambient...done
Ready to Finish

Object names       Objects/Maxobjs  Memory / Maxmem  Fullness 
------------       ---------------  ---------------  -------- 
models                  32/1024         1536/49152    ( 3.1%) 
brushes                 86/8192         1032/98304    ( 1.0%) 
brushsides             608/65536        4864/524288   ( 0.9%) 
planes                 706/65536       14120/1310720  ( 1.1%) 
vertexes               780/65536        9360/786432   ( 1.2%) 
nodes                  428/65536       13696/2097152  ( 0.7%) 
texinfos               124/12288        8928/884736   ( 1.0%) 
texdata                 18/2048          576/65536    ( 0.9%) 
dispinfos                0/0               0/0        ( 0.0%) 
disp_verts               0/0               0/0        ( 0.0%) 
disp_tris                0/0               0/0        ( 0.0%) 
disp_lmsamples           0/0               0/0        ( 0.0%) 
faces                  538/65536       30128/3670016  ( 0.8%) 
hdr faces              538/65536       30128/3670016  ( 0.8%) 
origfaces              374/65536       20944/3670016  ( 0.6%) 
leaves                 461/65536       14752/2097152  ( 0.7%) 
leaffaces              630/65536        1260/131072   ( 1.0%) 
leafbrushes            115/65536         230/131072   ( 0.2%) 
areas                    2/256            16/2048     ( 0.8%) 
surfedges             3983/512000      15932/2048000  ( 0.8%) 
edges                 2107/256000       8428/1024000  ( 0.8%) 
LDR worldlights          6/8192          528/720896   ( 0.1%) 
HDR worldlights          6/8192          528/720896   ( 0.1%) 
leafwaterdata            1/32768          12/393216   ( 0.0%) 
waterstrips             15/32768         150/327680   ( 0.0%) 
waterverts               0/65536           0/786432   ( 0.0%) 
waterindices           225/65536         450/131072   ( 0.3%) 
cubemapsamples           2/1024           32/16384    ( 0.2%) 
overlays                 0/512             0/180224   ( 0.0%) 
LDR lightdata         [variable]     1045844/0        ( 0.0%) 
HDR lightdata         [variable]     1045844/0        ( 0.0%) 
visdata               [variable]        1396/16777216 ( 0.0%) 
entdata               [variable]       29679/393216   ( 7.5%) 
LDR ambient table      461/65536        1844/262144   ( 0.7%) 
HDR ambient table      461/65536        1844/262144   ( 0.7%) 
LDR leaf ambient       828/65536       23184/1835008  ( 1.3%) 
HDR leaf ambient       828/65536       23184/1835008  ( 1.3%) 
occluders                0/0               0/0        ( 0.0%) 
occluder polygons        0/0               0/0        ( 0.0%) 
occluder vert ind        0/0               0/0        ( 0.0%) 
detail props          [variable]           1/12       ( 8.3%) 
static props          [variable]           1/12       ( 8.3%) 
pakfile               [variable]      319494/0        ( 0.0%) 
physics               [variable]       43674/4194304  ( 1.0%) 
physics terrain       [variable]           2/1048576  ( 0.0%) 

Level flags = 0

Total triangle count: 1363
Writing c:\program files (x86)\steam\steamapps\common\sourcesdk_content\hl2mp\mapsrc\test.bsp
1 second elapsed



materialPath: C:\Program Files (x86)\Steam\steamapps\common\Half-Life 2 Deathmatch\hl2mp\materials
Loading C:\Program Files (x86)\Steam\steamapps\common\sourcesdk_content\hl2mp\mapsrc\test.vmf
ConVarRef mat_reduceparticles doesn't point to an existing ConVar
Could not locate 'GameData' key in c:\program files (x86)\steam\steamapps\common\half-life 2 deathmatch\hl2mp\gameinfo.txt
Patching WVT material: maps/test/dev/dev_blendmeasure_wvt_patch
fixing up env_cubemap materials on brush sides...
0...1...2...3...4...5...6...7...8...9...100...1...2...3...4...5...6...7...8...9...10Processing areas...done (0)
Building Faces...done (0)
FixTjuncs...
PruneNodes...
WriteBSP...
done (0)
writing C:\Program Files (x86)\Steam\steamapps\common\sourcesdk_content\hl2mp\mapsrc\test.prt...Building visibility clusters...
done (0)
Creating default LDR cubemaps for env_cubemap using skybox materials:
   skybox/sky_day01_01*.vmt
 ! Run buildcubemaps in the engine to get the correct cube maps.
Creating default HDR cubemaps for env_cubemap using skybox materials:
   skybox/sky_day01_01*.vmt
 ! Run buildcubemaps in the engine to get the correct cube maps.
Finding displacement neighbors...
Finding lightmap sample positions...
Displacement Alpha : 0...1...2...3...4...5...6...7...8...9...10
Building Physics collision data...
done (0) (43674 bytes)
Placing detail props : 0...1...2...3...4...5...6...7...8...9...10
Compacting texture/material tables...
Reduced 248 texinfos to 124
Reduced 25 texdatas to 18 (801 bytes to 586)
Writing C:\Program Files (x86)\Steam\steamapps\common\sourcesdk_content\hl2mp\mapsrc\test.bsp
Wrote ZIP buffer, estimated size 321316, actual size 319494
0 seconds elapsed



12 threads
reading c:\program files (x86)\steam\steamapps\common\sourcesdk_content\hl2mp\mapsrc\test.bsp
reading c:\program files (x86)\steam\steamapps\common\sourcesdk_content\hl2mp\mapsrc\test.prt
  58 portalclusters
 157 numportals
0...1...2...3...4...5...6...7...8...9...100...1...2...3...4...5...6...7...8...9...10Optimized: 0 visible clusters (0.00%)
Total clusters visible: 3232
Average clusters visible: 55
Building PAS...
Average clusters audible: 58
visdatasize:1396  compressed from 928
writing c:\program files (x86)\steam\steamapps\common\sourcesdk_content\hl2mp\mapsrc\test.bsp
0 seconds elapsed



[Reading texlights from 'lights.rad']
[45 texlights parsed from 'lights.rad']

Loading c:\program files (x86)\steam\steamapps\common\sourcesdk_content\hl2mp\mapsrc\test.bsp
538 faces
37054 square feet [5335798.00 square inches]
0 Displacements
0 Square Feet [0.00 Square Inches]
538 patches before subdivision
10670 patches after subdivision
6 direct lights
0...1...2...3...4...5...6...7...8...9...100...1...2...3...4...5...6...7...8...9...10transfers 1161008, max 329
transfer lists:   8.9 megs
0...1...2...3...4...5...6...7...8...9...10	Bounce #1 added RGB(42785, 39373, 29282)
0...1...2...3...4...5...6...7...8...9...10	Bounce #2 added RGB(12362, 10780, 7282)
0...1...2...3...4...5...6...7...8...9...10	Bounce #3 added RGB(3139, 2594, 1606)
0...1...2...3...4...5...6...7...8...9...10	Bounce #4 added RGB(850, 663, 377)
0...1...2...3...4...5...6...7...8...9...10	Bounce #5 added RGB(226, 166, 87)
0...1...2...3...4...5...6...7...8...9...10	Bounce #6 added RGB(61, 42, 20)
0...1...2...3...4...5...6...7...8...9...10	Bounce #7 added RGB(16, 11, 5)
0...1...2...3...4...5...6...7...8...9...10	Bounce #8 added RGB(4, 3, 1)
0...1...2...3...4...5...6...7...8...9...10	Bounce #9 added RGB(1, 1, 0)
0...1...2...3...4...5...6...7...8...9...10	Bounce #10 added RGB(0, 0, 0)
Build Patch/Sample Hash Table(s).....Done<0.0021 sec>
0...1...2...3...4...5...6...7...8...9...10FinalLightFace Done
0 of 0 (0% of) surface lights went in leaf ambient cubes.
0...1...2...3...4...5...6...7...8...9...10Writing leaf ambient...done
Ready to Finish

Object names       Objects/Maxobjs  Memory / Maxmem  Fullness 
------------       ---------------  ---------------  -------- 
models                  32/1024         1536/49152    ( 3.1%) 
brushes                 86/8192         1032/98304    ( 1.0%) 
brushsides             608/65536        4864/524288   ( 0.9%) 
planes                 706/65536       14120/1310720  ( 1.1%) 
vertexes               780/65536        9360/786432   ( 1.2%) 
nodes                  428/65536       13696/2097152  ( 0.7%) 
texinfos               124/12288        8928/884736   ( 1.0%) 
texdata                 18/2048          576/65536    ( 0.9%) 
dispinfos                0/0               0/0        ( 0.0%) 
disp_verts               0/0               0/0        ( 0.0%) 
disp_tris                0/0               0/0        ( 0.0%) 
disp_lmsamples           0/0               0/0        ( 0.0%) 
faces                  538/65536       30128/3670016  ( 0.8%) 
hdr faces                0/65536           0/3670016  ( 0.0%) 
origfaces              374/65536       20944/3670016  ( 0.6%) 
leaves                 461/65536       14752/2097152  ( 0.7%) 
leaffaces              630/65536        1260/131072   ( 1.0%) 
leafbrushes            115/65536         230/131072   ( 0.2%) 
areas                    2/256            16/2048     ( 0.8%) 
surfedges             3983/512000      15932/2048000  ( 0.8%) 
edges                 2107/256000       8428/1024000  ( 0.8%) 
LDR worldlights          6/8192          528/720896   ( 0.1%) 
HDR worldlights          0/8192            0/720896   ( 0.0%) 
leafwaterdata            1/32768          12/393216   ( 0.0%) 
waterstrips             15/32768         150/327680   ( 0.0%) 
waterverts               0/65536           0/786432   ( 0.0%) 
waterindices           225/65536         450/131072   ( 0.3%) 
cubemapsamples           2/1024           32/16384    ( 0.2%) 
overlays                 0/512             0/180224   ( 0.0%) 
LDR lightdata         [variable]     1045844/0        ( 0.0%) 
HDR lightdata         [variable]           0/0        ( 0.0%) 
visdata               [variable]        1396/16777216 ( 0.0%) 
entdata               [variable]       29679/393216   ( 7.5%) 
LDR ambient table      461/65536        1844/262144   ( 0.7%) 
HDR ambient table      461/65536        1844/262144   ( 0.7%) 
LDR leaf ambient       828/65536       23184/1835008  ( 1.3%) 
HDR leaf ambient       461/65536       12908/1835008  ( 0.7%) 
occluders                0/0               0/0        ( 0.0%) 
occluder polygons        0/0               0/0        ( 0.0%) 
occluder vert ind        0/0               0/0        ( 0.0%) 
detail props          [variable]           1/12       ( 8.3%) 
static props          [variable]           1/12       ( 8.3%) 
pakfile               [variable]      319494/0        ( 0.0%) 
physics               [variable]       43674/4194304  ( 1.0%) 
physics terrain       [variable]           2/1048576  ( 0.0%) 

Level flags = 0

Total triangle count: 1363
Writing c:\program files (x86)\steam\steamapps\common\sourcesdk_content\hl2mp\mapsrc\test.bsp
1 second elapsed



[Reading texlights from 'lights.rad']
[45 texlights parsed from 'lights.rad']

Loading c:\program files (x86)\steam\steamapps\common\sourcesdk_content\hl2mp\mapsrc\test.bsp
538 faces
37054 square feet [5335798.00 square inches]
0 Displacements
0 Square Feet [0.00 Square Inches]
538 patches before subdivision
10670 patches after subdivision
6 direct lights
0...1...2...3...4...5...6...7...8...9...100...1...2...3...4...5...6...7...8...9...10transfers 1161008, max 329
transfer lists:   8.9 megs
0...1...2...3...4...5...6...7...8...9...10	Bounce #1 added RGB(42786, 39374, 29283)
0...1...2...3...4...5...6...7...8...9...10	Bounce #2 added RGB(12362, 10781, 7282)
0...1...2...3...4...5...6...7...8...9...10	Bounce #3 added RGB(3139, 2594, 1607)
0...1...2...3...4...5...6...7...8...9...10	Bounce #4 added RGB(850, 663, 377)
0...1...2...3...4...5...6...7...8...9...10	Bounce #5 added RGB(226, 166, 87)
0...1...2...3...4...5...6...7...8...9...10	Bounce #6 added RGB(61, 42, 20)
0...1...2...3...4...5...6...7...8...9...10	Bounce #7 added RGB(16, 11, 5)
0...1...2...3...4...5...6...7...8...9...10	Bounce #8 added RGB(4, 3, 1)
0...1...2...3...4...5...6...7...8...9...10	Bounce #9 added RGB(1, 1, 0)
0...1...2...3...4...5...6...7...8...9...10	Bounce #10 added RGB(0, 0, 0)
Build Patch/Sample Hash Table(s).....Done<0.0022 sec>
0...1...2...3...4...5...6...7...8...9...10FinalLightFace Done
0 of 0 (0% of) surface lights went in leaf ambient cubes.
0...1...2...3...4...5...6...7...8...9...10Writing leaf ambient...done
Ready to Finish

Object names       Objects/Maxobjs  Memory / Maxmem  Fullness 
------------       ---------------  ---------------  -------- 
models                  32/1024         1536/49152    ( 3.1%) 
brushes                 86/8192         1032/98304    ( 1.0%) 
brushsides             608/65536        4864/524288   ( 0.9%) 
planes                 706/65536       14120/1310720  ( 1.1%) 
vertexes               780/65536        9360/786432   ( 1.2%) 
nodes                  428/65536       13696/2097152  ( 0.7%) 
texinfos               124/12288        8928/884736   ( 1.0%) 
texdata                 18/2048          576/65536    ( 0.9%) 
dispinfos                0/0               0/0        ( 0.0%) 
disp_verts               0/0               0/0        ( 0.0%) 
disp_tris                0/0               0/0        ( 0.0%) 
disp_lmsamples           0/0               0/0        ( 0.0%) 
faces                  538/65536       30128/3670016  ( 0.8%) 
hdr faces              538/65536       30128/3670016  ( 0.8%) 
origfaces              374/65536       20944/3670016  ( 0.6%) 
leaves                 461/65536       14752/2097152  ( 0.7%) 
leaffaces              630/65536        1260/131072   ( 1.0%) 
leafbrushes            115/65536         230/131072   ( 0.2%) 
areas                    2/256            16/2048     ( 0.8%) 
surfedges             3983/512000      15932/2048000  ( 0.8%) 
edges                 2107/256000       8428/1024000  ( 0.8%) 
LDR worldlights          6/8192          528/720896   ( 0.1%) 
HDR worldlights          6/8192          528/720896   ( 0.1%) 
leafwaterdata            1/32768          12/393216   ( 0.0%) 
waterstrips             15/32768         150/327680   ( 0.0%) 
waterverts               0/65536           0/786432   ( 0.0%) 
waterindices           225/65536         450/131072   ( 0.3%) 
cubemapsamples           2/1024           32/16384    ( 0.2%) 
overlays                 0/512             0/180224   ( 0.0%) 
LDR lightdata         [variable]     1045844/0        ( 0.0%) 
HDR lightdata         [variable]     1045844/0        ( 0.0%) 
visdata               [variable]        1396/16777216 ( 0.0%) 
entdata               [variable]       29679/393216   ( 7.5%) 
LDR ambient table      461/65536        1844/262144   ( 0.7%) 
HDR ambient table      461/65536        1844/262144   ( 0.7%) 
LDR leaf ambient       828/65536       23184/1835008  ( 1.3%) 
HDR leaf ambient       829/65536       23212/1835008  ( 1.3%) 
occluders                0/0               0/0        ( 0.0%) 
occluder polygons        0/0               0/0        ( 0.0%) 
occluder vert ind        0/0               0/0        ( 0.0%) 
detail props          [variable]           1/12       ( 8.3%) 
static props          [variable]           1/12       ( 8.3%) 
pakfile               [variable]      319494/0        ( 0.0%) 
physics               [variable]       43674/4194304  ( 1.0%) 
physics terrain       [variable]           2/1048576  ( 0.0%) 

Level flags = 0

Total triangle count: 1363
Writing c:\program files (x86)\steam\steamapps\common\sourcesdk_content\hl2mp\mapsrc\test.bsp
1 second elapsed



materialPath: C:\Program Files (x86)\Steam\steamapps\common\Half-Life 2 Deathmatch\hl2mp\materials
Loading C:\Program Files (x86)\Steam\steamapps\common\sourcesdk_content\hl2mp\mapsrc\test.vmf
ConVarRef mat_reduceparticles doesn't point to an existing ConVar
Could not locate 'GameData' key in c:\program files (x86)\steam\steamapps\common\half-life 2 deathmatch\hl2mp\gameinfo.txt
Patching WVT material: maps/test/dev/dev_blendmeasure_wvt_patch
fixing up env_cubemap materials on brush sides...
0...1...2...3...4...5...6...7...8...9...100...1...2...3...4...5...6...7...8...9...10Processing areas...done (0)
Building Faces...done (0)
FixTjuncs...
PruneNodes...
WriteBSP...
done (0)
writing C:\Program Files (x86)\Steam\steamapps\common\sourcesdk_content\hl2mp\mapsrc\test.prt...Building visibility clusters...
done (0)
Creating default LDR cubemaps for env_cubemap using skybox materials:
   skybox/sky_day01_01*.vmt
 ! Run buildcubemaps in the engine to get the correct cube maps.
Creating default HDR cubemaps for env_cubemap using skybox materials:
   skybox/sky_day01_01*.vmt
 ! Run buildcubemaps in the engine to get the correct cube maps.
Finding displacement neighbors...
Finding lightmap sample positions...
Displacement Alpha : 0...1...2...3...4...5...6...7...8...9...10
Building Physics collision data...
done (0) (43674 bytes)
Placing detail props : 0...1...2...3...4...5...6...7...8...9...10
Compacting texture/material tables...
Reduced 248 texinfos to 124
Reduced 25 texdatas to 18 (801 bytes to 586)
Writing C:\Program Files (x86)\Steam\steamapps\common\sourcesdk_content\hl2mp\mapsrc\test.bsp
Wrote ZIP buffer, estimated size 321316, actual size 319494
0 seconds elapsed



12 threads
reading c:\program files (x86)\steam\steamapps\common\sourcesdk_content\hl2mp\mapsrc\test.bsp
reading c:\program files (x86)\steam\steamapps\common\sourcesdk_content\hl2mp\mapsrc\test.prt
  58 portalclusters
 157 numportals
0...1...2...3...4...5...6...7...8...9...100...1...2...3...4...5...6...7...8...9...10Optimized: 0 visible clusters (0.00%)
Total clusters visible: 3232
Average clusters visible: 55
Building PAS...
Average clusters audible: 58
visdatasize:1396  compressed from 928
writing c:\program files (x86)\steam\steamapps\common\sourcesdk_content\hl2mp\mapsrc\test.bsp
0 seconds elapsed



[Reading texlights from 'lights.rad']
[45 texlights parsed from 'lights.rad']

Loading c:\program files (x86)\steam\steamapps\common\sourcesdk_content\hl2mp\mapsrc\test.bsp
538 faces
37054 square feet [5335798.00 square inches]
0 Displacements
0 Square Feet [0.00 Square Inches]
538 patches before subdivision
10670 patches after subdivision
6 direct lights
0...1...2...3...4...5...6...7...8...9...100...1...2...3...4...5...6...7...8...9...10transfers 1161008, max 329
transfer lists:   8.9 megs
0...1...2...3...4...5...6...7...8...9...10	Bounce #1 added RGB(42786, 39374, 29283)
0...1...2...3...4...5...6...7...8...9...10	Bounce #2 added RGB(12362, 10781, 7282)
0...1...2...3...4...5...6...7...8...9...10	Bounce #3 added RGB(3139, 2594, 1607)
0...1...2...3...4...5...6...7...8...9...10	Bounce #4 added RGB(850, 663, 377)
0...1...2...3...4...5...6...7...8...9...10	Bounce #5 added RGB(226, 166, 87)
0...1...2...3...4...5...6...7...8...9...10	Bounce #6 added RGB(61, 42, 20)
0...1...2...3...4...5...6...7...8...9...10	Bounce #7 added RGB(16, 11, 5)
0...1...2...3...4...5...6...7...8...9...10	Bounce #8 added RGB(4, 3, 1)
0...1...2...3...4...5...6...7...8...9...10	Bounce #9 added RGB(1, 1, 0)
0...1...2...3...4...5...6...7...8...9...10	Bounce #10 added RGB(0, 0, 0)
Build Patch/Sample Hash Table(s).....Done<0.0022 sec>
0...1...2...3...4...5...6...7...8...9...10FinalLightFace Done
0 of 0 (0% of) surface lights went in leaf ambient cubes.
0...1...2...3...4...5...6...7...8...9...10Writing leaf ambient...done
Ready to Finish

Object names       Objects/Maxobjs  Memory / Maxmem  Fullness 
------------       ---------------  ---------------  -------- 
models                  32/1024         1536/49152    ( 3.1%) 
brushes                 86/8192         1032/98304    ( 1.0%) 
brushsides             608/65536        4864/524288   ( 0.9%) 
planes                 706/65536       14120/1310720  ( 1.1%) 
vertexes               780/65536        9360/786432   ( 1.2%) 
nodes                  428/65536       13696/2097152  ( 0.7%) 
texinfos               124/12288        8928/884736   ( 1.0%) 
texdata                 18/2048          576/65536    ( 0.9%) 
dispinfos                0/0               0/0        ( 0.0%) 
disp_verts               0/0               0/0        ( 0.0%) 
disp_tris                0/0               0/0        ( 0.0%) 
disp_lmsamples           0/0               0/0        ( 0.0%) 
faces                  538/65536       30128/3670016  ( 0.8%) 
hdr faces                0/65536           0/3670016  ( 0.0%) 
origfaces              374/65536       20944/3670016  ( 0.6%) 
leaves                 461/65536       14752/2097152  ( 0.7%) 
leaffaces              630/65536        1260/131072   ( 1.0%) 
leafbrushes            115/65536         230/131072   ( 0.2%) 
areas                    2/256            16/2048     ( 0.8%) 
surfedges             3983/512000      15932/2048000  ( 0.8%) 
edges                 2107/256000       8428/1024000  ( 0.8%) 
LDR worldlights          6/8192          528/720896   ( 0.1%) 
HDR worldlights          0/8192            0/720896   ( 0.0%) 
leafwaterdata            1/32768          12/393216   ( 0.0%) 
waterstrips             15/32768         150/327680   ( 0.0%) 
waterverts               0/65536           0/786432   ( 0.0%) 
waterindices           225/65536         450/131072   ( 0.3%) 
cubemapsamples           2/1024           32/16384    ( 0.2%) 
overlays                 0/512             0/180224   ( 0.0%) 
LDR lightdata         [variable]     1045844/0        ( 0.0%) 
HDR lightdata         [variable]           0/0        ( 0.0%) 
visdata               [variable]        1396/16777216 ( 0.0%) 
entdata               [variable]       29679/393216   ( 7.5%) 
LDR ambient table      461/65536        1844/262144   ( 0.7%) 
HDR ambient table      461/65536        1844/262144   ( 0.7%) 
LDR leaf ambient       829/65536       23212/1835008  ( 1.3%) 
HDR leaf ambient       461/65536       12908/1835008  ( 0.7%) 
occluders                0/0               0/0        ( 0.0%) 
occluder polygons        0/0               0/0        ( 0.0%) 
occluder vert ind        0/0               0/0        ( 0.0%) 
detail props          [variable]           1/12       ( 8.3%) 
static props          [variable]           1/12       ( 8.3%) 
pakfile               [variable]      319494/0        ( 0.0%) 
physics               [variable]       43674/4194304  ( 1.0%) 
physics terrain       [variable]           2/1048576  ( 0.0%) 

Level flags = 0

Total triangle count: 1363
Writing c:\program files (x86)\steam\steamapps\common\sourcesdk_content\hl2mp\mapsrc\test.bsp
1 second elapsed



[Reading texlights from 'lights.rad']
[45 texlights parsed from 'lights.rad']

Loading c:\program files (x86)\steam\steamapps\common\sourcesdk_content\hl2mp\mapsrc\test.bsp
538 faces
37054 square feet [5335798.00 square inches]
0 Displacements
0 Square Feet [0.00 Square Inches]
538 patches before subdivision
10670 patches after subdivision
6 direct lights
0...1...2...3...4...5...6...7...8...9...100...1...2...3...4...5...6...7...8...9...10transfers 1161008, max 329
transfer lists:   8.9 megs
0...1...2...3...4...5...6...7...8...9...10	Bounce #1 added RGB(42785, 39373, 29282)
0...1...2...3...4...5...6...7...8...9...10	Bounce #2 added RGB(12362, 10780, 7282)
0...1...2...3...4...5...6...7...8...9...10	Bounce #3 added RGB(3139, 2594, 1606)
0...1...2...3...4...5...6...7...8...9...10	Bounce #4 added RGB(850, 663, 377)
0...1...2...3...4...5...6...7...8...9...10	Bounce #5 added RGB(226, 166, 87)
0...1...2...3...4...5...6...7...8...9...10	Bounce #6 added RGB(61, 42, 20)
0...1...2...3...4...5...6...7...8...9...10	Bounce #7 added RGB(16, 11, 5)
0...1...2...3...4...5...6...7...8...9...10	Bounce #8 added RGB(4, 3, 1)
0...1...2...3...4...5...6...7...8...9...10	Bounce #9 added RGB(1, 1, 0)
0...1...2...3...4...5...6...7...8...9...10	Bounce #10 added RGB(0, 0, 0)
Build Patch/Sample Hash Table(s).....Done<0.0021 sec>
0...1...2...3...4...5...6...7...8...9...10FinalLightFace Done
0 of 0 (0% of) surface lights went in leaf ambient cubes.
0...1...2...3...4...5...6...7...8...9...10Writing leaf ambient...done
Ready to Finish

Object names       Objects/Maxobjs  Memory / Maxmem  Fullness 
------------       ---------------  ---------------  -------- 
models                  32/1024         1536/49152    ( 3.1%) 
brushes                 86/8192         1032/98304    ( 1.0%) 
brushsides             608/65536        4864/524288   ( 0.9%) 
planes                 706/65536       14120/1310720  ( 1.1%) 
vertexes               780/65536        9360/786432   ( 1.2%) 
nodes                  428/65536       13696/2097152  ( 0.7%) 
texinfos               124/12288        8928/884736   ( 1.0%) 
texdata                 18/2048          576/65536    ( 0.9%) 
dispinfos                0/0               0/0        ( 0.0%) 
disp_verts               0/0               0/0        ( 0.0%) 
disp_tris                0/0               0/0        ( 0.0%) 
disp_lmsamples           0/0               0/0        ( 0.0%) 
faces                  538/65536       30128/3670016  ( 0.8%) 
hdr faces              538/65536       30128/3670016  ( 0.8%) 
origfaces              374/65536       20944/3670016  ( 0.6%) 
leaves                 461/65536       14752/2097152  ( 0.7%) 
leaffaces              630/65536        1260/131072   ( 1.0%) 
leafbrushes            115/65536         230/131072   ( 0.2%) 
areas                    2/256            16/2048     ( 0.8%) 
surfedges             3983/512000      15932/2048000  ( 0.8%) 
edges                 2107/256000       8428/1024000  ( 0.8%) 
LDR worldlights          6/8192          528/720896   ( 0.1%) 
HDR worldlights          6/8192          528/720896   ( 0.1%) 
leafwaterdata            1/32768          12/393216   ( 0.0%) 
waterstrips             15/32768         150/327680   ( 0.0%) 
waterverts               0/65536           0/786432   ( 0.0%) 
waterindices           225/65536         450/131072   ( 0.3%) 
cubemapsamples           2/1024           32/16384    ( 0.2%) 
overlays                 0/512             0/180224   ( 0.0%) 
LDR lightdata         [variable]     1045844/0        ( 0.0%) 
HDR lightdata         [variable]     1045844/0        ( 0.0%) 
visdata               [variable]        1396/16777216 ( 0.0%) 
entdata               [variable]       29679/393216   ( 7.5%) 
LDR ambient table      461/65536        1844/262144   ( 0.7%) 
HDR ambient table      461/65536        1844/262144   ( 0.7%) 
LDR leaf ambient       829/65536       23212/1835008  ( 1.3%) 
HDR leaf ambient       828/65536       23184/1835008  ( 1.3%) 
occluders                0/0               0/0        ( 0.0%) 
occluder polygons        0/0               0/0        ( 0.0%) 
occluder vert ind        0/0               0/0        ( 0.0%) 
detail props          [variable]           1/12       ( 8.3%) 
static props          [variable]           1/12       ( 8.3%) 
pakfile               [variable]      319494/0        ( 0.0%) 
physics               [variable]       43674/4194304  ( 1.0%) 
physics terrain       [variable]           2/1048576  ( 0.0%) 

Level flags = 0

Total triangle count: 1363
Writing c:\program files (x86)\steam\steamapps\common\sourcesdk_content\hl2mp\mapsrc\test.bsp
1 second elapsed



materialPath: C:\Program Files (x86)\Steam\steamapps\common\Half-Life 2 Deathmatch\hl2mp\materials
Loading C:\Program Files (x86)\Steam\steamapps\common\sourcesdk_content\hl2mp\mapsrc\test.vmf
ConVarRef mat_reduceparticles doesn't point to an existing ConVar
Could not locate 'GameData' key in c:\program files (x86)\steam\steamapps\common\half-life 2 deathmatch\hl2mp\gameinfo.txt
Patching WVT material: maps/test/dev/dev_blendmeasure_wvt_patch
fixing up env_cubemap materials on brush sides...
0...1...2...3...4...5...6...7...8...9...100...1...2...3...4...5...6...7...8...9...10Processing areas...done (0)
Building Faces...done (0)
FixTjuncs...
PruneNodes...
WriteBSP...
done (0)
writing C:\Program Files (x86)\Steam\steamapps\common\sourcesdk_content\hl2mp\mapsrc\test.prt...Building visibility clusters...
done (0)
Creating default LDR cubemaps for env_cubemap using skybox materials:
   skybox/sky_day01_01*.vmt
 ! Run buildcubemaps in the engine to get the correct cube maps.
Creating default HDR cubemaps for env_cubemap using skybox materials:
   skybox/sky_day01_01*.vmt
 ! Run buildcubemaps in the engine to get the correct cube maps.
Finding displacement neighbors...
Finding lightmap sample positions...
Displacement Alpha : 0...1...2...3...4...5...6...7...8...9...10
Building Physics collision data...
done (0) (45604 bytes)
Placing detail props : 0...1...2...3...4...5...6...7...8...9...10
Compacting texture/material tables...
Reduced 256 texinfos to 128
Reduced 29 texdatas to 21 (948 bytes to 706)
Writing C:\Program Files (x86)\Steam\steamapps\common\sourcesdk_content\hl2mp\mapsrc\test.bsp
Wrote ZIP buffer, estimated size 322244, actual size 320154
0 seconds elapsed



12 threads
reading c:\program files (x86)\steam\steamapps\common\sourcesdk_content\hl2mp\mapsrc\test.bsp
reading c:\program files (x86)\steam\steamapps\common\sourcesdk_content\hl2mp\mapsrc\test.prt
  58 portalclusters
 157 numportals
0...1...2...3...4...5...6...7...8...9...100...1...2...3...4...5...6...7...8...9...10Optimized: 0 visible clusters (0.00%)
Total clusters visible: 3232
Average clusters visible: 55
Building PAS...
Average clusters audible: 58
visdatasize:1396  compressed from 928
writing c:\program files (x86)\steam\steamapps\common\sourcesdk_content\hl2mp\mapsrc\test.bsp
0 seconds elapsed



[Reading texlights from 'lights.rad']
[45 texlights parsed from 'lights.rad']

Loading c:\program files (x86)\steam\steamapps\common\sourcesdk_content\hl2mp\mapsrc\test.bsp
558 faces
37059 square feet [5336638.00 square inches]
0 Displacements
0 Square Feet [0.00 Square Inches]
558 patches before subdivision
10618 patches after subdivision
6 direct lights
0...1...2...3...4...5...6...7...8...9...100...1...2...3...4...5...6...7...8...9...10transfers 1157745, max 329
transfer lists:   8.8 megs
0...1...2...3...4...5...6...7...8...9...10	Bounce #1 added RGB(42522, 39126, 29100)
0...1...2...3...4...5...6...7...8...9...10	Bounce #2 added RGB(12346, 10766, 7271)
0...1...2...3...4...5...6...7...8...9...10	Bounce #3 added RGB(3133, 2588, 1603)
0...1...2...3...4...5...6...7...8...9...10	Bounce #4 added RGB(849, 662, 376)
0...1...2...3...4...5...6...7...8...9...10	Bounce #5 added RGB(226, 166, 86)
0...1...2...3...4...5...6...7...8...9...10	Bounce #6 added RGB(61, 42, 20)
0...1...2...3...4...5...6...7...8...9...10	Bounce #7 added RGB(16, 11, 5)
0...1...2...3...4...5...6...7...8...9...10	Bounce #8 added RGB(4, 3, 1)
0...1...2...3...4...5...6...7...8...9...10	Bounce #9 added RGB(1, 1, 0)
0...1...2...3...4...5...6...7...8...9...10	Bounce #10 added RGB(0, 0, 0)
Build Patch/Sample Hash Table(s).....Done<0.0021 sec>
0...1...2...3...4...5...6...7...8...9...10FinalLightFace Done
0 of 0 (0% of) surface lights went in leaf ambient cubes.
0...1...2...3...4...5...6...7...8...9...10Writing leaf ambient...done
Ready to Finish

Object names       Objects/Maxobjs  Memory / Maxmem  Fullness 
------------       ---------------  ---------------  -------- 
models                  33/1024         1584/49152    ( 3.2%) 
brushes                 90/8192         1080/98304    ( 1.1%) 
brushsides             632/65536        5056/524288   ( 1.0%) 
planes                 712/65536       14240/1310720  ( 1.1%) 
vertexes               804/65536        9648/786432   ( 1.2%) 
nodes                  442/65536       14144/2097152  ( 0.7%) 
texinfos               128/12288        9216/884736   ( 1.0%) 
texdata                 21/2048          672/65536    ( 1.0%) 
dispinfos                0/0               0/0        ( 0.0%) 
disp_verts               0/0               0/0        ( 0.0%) 
disp_tris                0/0               0/0        ( 0.0%) 
disp_lmsamples           0/0               0/0        ( 0.0%) 
faces                  558/65536       31248/3670016  ( 0.9%) 
hdr faces                0/65536           0/3670016  ( 0.0%) 
origfaces              394/65536       22064/3670016  ( 0.6%) 
leaves                 476/65536       15232/2097152  ( 0.7%) 
leaffaces              650/65536        1300/131072   ( 1.0%) 
leafbrushes            119/65536         238/131072   ( 0.2%) 
areas                    2/256            16/2048     ( 0.8%) 
surfedges             4151/512000      16604/2048000  ( 0.8%) 
edges                 2199/256000       8796/1024000  ( 0.9%) 
LDR worldlights          6/8192          528/720896   ( 0.1%) 
HDR worldlights          0/8192            0/720896   ( 0.0%) 
leafwaterdata            1/32768          12/393216   ( 0.0%) 
waterstrips             15/32768         150/327680   ( 0.0%) 
waterverts               0/65536           0/786432   ( 0.0%) 
waterindices           225/65536         450/131072   ( 0.3%) 
cubemapsamples           2/1024           32/16384    ( 0.2%) 
overlays                 0/512             0/180224   ( 0.0%) 
LDR lightdata         [variable]     1042076/0        ( 0.0%) 
HDR lightdata         [variable]           0/0        ( 0.0%) 
visdata               [variable]        1396/16777216 ( 0.0%) 
entdata               [variable]       30312/393216   ( 7.7%) 
LDR ambient table      476/65536        1904/262144   ( 0.7%) 
HDR ambient table      476/65536        1904/262144   ( 0.7%) 
LDR leaf ambient       840/65536       23520/1835008  ( 1.3%) 
HDR leaf ambient       476/65536       13328/1835008  ( 0.7%) 
occluders                0/0               0/0        ( 0.0%) 
occluder polygons        0/0               0/0        ( 0.0%) 
occluder vert ind        0/0               0/0        ( 0.0%) 
detail props          [variable]           1/12       ( 8.3%) 
static props          [variable]           1/12       ( 8.3%) 
pakfile               [variable]      320154/0        ( 0.0%) 
physics               [variable]       45604/4194304  ( 1.1%) 
physics terrain       [variable]           2/1048576  ( 0.0%) 

Level flags = 0

Total triangle count: 1411
Writing c:\program files (x86)\steam\steamapps\common\sourcesdk_content\hl2mp\mapsrc\test.bsp
1 second elapsed



[Reading texlights from 'lights.rad']
[45 texlights parsed from 'lights.rad']

Loading c:\program files (x86)\steam\steamapps\common\sourcesdk_content\hl2mp\mapsrc\test.bsp
558 faces
37059 square feet [5336638.00 square inches]
0 Displacements
0 Square Feet [0.00 Square Inches]
558 patches before subdivision
10618 patches after subdivision
6 direct lights
0...1...2...3...4...5...6...7...8...9...100...1...2...3...4...5...6...7...8...9...10transfers 1157745, max 329
transfer lists:   8.8 megs
0...1...2...3...4...5...6...7...8...9...10	Bounce #1 added RGB(42520, 39124, 29099)
0...1...2...3...4...5...6...7...8...9...10	Bounce #2 added RGB(12346, 10765, 7271)
0...1...2...3...4...5...6...7...8...9...10	Bounce #3 added RGB(3133, 2588, 1603)
0...1...2...3...4...5...6...7...8...9...10	Bounce #4 added RGB(849, 662, 376)
0...1...2...3...4...5...6...7...8...9...10	Bounce #5 added RGB(226, 166, 86)
0...1...2...3...4...5...6...7...8...9...10	Bounce #6 added RGB(61, 42, 20)
0...1...2...3...4...5...6...7...8...9...10	Bounce #7 added RGB(16, 11, 5)
0...1...2...3...4...5...6...7...8...9...10	Bounce #8 added RGB(4, 3, 1)
0...1...2...3...4...5...6...7...8...9...10	Bounce #9 added RGB(1, 1, 0)
0...1...2...3...4...5...6...7...8...9...10	Bounce #10 added RGB(0, 0, 0)
Build Patch/Sample Hash Table(s).....Done<0.0021 sec>
0...1...2...3...4...5...6...7...8...9...10FinalLightFace Done
0 of 0 (0% of) surface lights went in leaf ambient cubes.
0...1...2...3...4...5...6...7...8...9...10Writing leaf ambient...done
Ready to Finish

Object names       Objects/Maxobjs  Memory / Maxmem  Fullness 
------------       ---------------  ---------------  -------- 
models                  33/1024         1584/49152    ( 3.2%) 
brushes                 90/8192         1080/98304    ( 1.1%) 
brushsides             632/65536        5056/524288   ( 1.0%) 
planes                 712/65536       14240/1310720  ( 1.1%) 
vertexes               804/65536        9648/786432   ( 1.2%) 
nodes                  442/65536       14144/2097152  ( 0.7%) 
texinfos               128/12288        9216/884736   ( 1.0%) 
texdata                 21/2048          672/65536    ( 1.0%) 
dispinfos                0/0               0/0        ( 0.0%) 
disp_verts               0/0               0/0        ( 0.0%) 
disp_tris                0/0               0/0        ( 0.0%) 
disp_lmsamples           0/0               0/0        ( 0.0%) 
faces                  558/65536       31248/3670016  ( 0.9%) 
hdr faces              558/65536       31248/3670016  ( 0.9%) 
origfaces              394/65536       22064/3670016  ( 0.6%) 
leaves                 476/65536       15232/2097152  ( 0.7%) 
leaffaces              650/65536        1300/131072   ( 1.0%) 
leafbrushes            119/65536         238/131072   ( 0.2%) 
areas                    2/256            16/2048     ( 0.8%) 
surfedges             4151/512000      16604/2048000  ( 0.8%) 
edges                 2199/256000       8796/1024000  ( 0.9%) 
LDR worldlights          6/8192          528/720896   ( 0.1%) 
HDR worldlights          6/8192          528/720896   ( 0.1%) 
leafwaterdata            1/32768          12/393216   ( 0.0%) 
waterstrips             15/32768         150/327680   ( 0.0%) 
waterverts               0/65536           0/786432   ( 0.0%) 
waterindices           225/65536         450/131072   ( 0.3%) 
cubemapsamples           2/1024           32/16384    ( 0.2%) 
overlays                 0/512             0/180224   ( 0.0%) 
LDR lightdata         [variable]     1042076/0        ( 0.0%) 
HDR lightdata         [variable]     1042076/0        ( 0.0%) 
visdata               [variable]        1396/16777216 ( 0.0%) 
entdata               [variable]       30312/393216   ( 7.7%) 
LDR ambient table      476/65536        1904/262144   ( 0.7%) 
HDR ambient table      476/65536        1904/262144   ( 0.7%) 
LDR leaf ambient       840/65536       23520/1835008  ( 1.3%) 
HDR leaf ambient       839/65536       23492/1835008  ( 1.3%) 
occluders                0/0               0/0        ( 0.0%) 
occluder polygons        0/0               0/0        ( 0.0%) 
occluder vert ind        0/0               0/0        ( 0.0%) 
detail props          [variable]           1/12       ( 8.3%) 
static props          [variable]           1/12       ( 8.3%) 
pakfile               [variable]      320154/0        ( 0.0%) 
physics               [variable]       45604/4194304  ( 1.1%) 
physics terrain       [variable]           2/1048576  ( 0.0%) 

Level flags = 0

Total triangle count: 1411
Writing c:\program files (x86)\steam\steamapps\common\sourcesdk_content\hl2mp\mapsrc\test.bsp
1 second elapsed



materialPath: C:\Program Files (x86)\Steam\steamapps\common\Half-Life 2 Deathmatch\hl2mp\materials
Loading C:\Program Files (x86)\Steam\steamapps\common\sourcesdk_content\hl2mp\mapsrc\test.vmf
ConVarRef mat_reduceparticles doesn't point to an existing ConVar
Could not locate 'GameData' key in c:\program files (x86)\steam\steamapps\common\half-life 2 deathmatch\hl2mp\gameinfo.txt
Patching WVT material: maps/test/dev/dev_blendmeasure_wvt_patch
fixing up env_cubemap materials on brush sides...
0...1...2...3...4...5...6...7...8...9...100...1...2...3...4...5...6...7...8...9...10Processing areas...done (0)
Building Faces...done (0)
FixTjuncs...
PruneNodes...
WriteBSP...
done (0)
writing C:\Program Files (x86)\Steam\steamapps\common\sourcesdk_content\hl2mp\mapsrc\test.prt...Building visibility clusters...
done (0)
Creating default LDR cubemaps for env_cubemap using skybox materials:
   skybox/sky_day01_01*.vmt
 ! Run buildcubemaps in the engine to get the correct cube maps.
Creating default HDR cubemaps for env_cubemap using skybox materials:
   skybox/sky_day01_01*.vmt
 ! Run buildcubemaps in the engine to get the correct cube maps.
Finding displacement neighbors...
Finding lightmap sample positions...
Displacement Alpha : 0...1...2...3...4...5...6...7...8...9...10
Building Physics collision data...
done (0) (45602 bytes)
Placing detail props : 0...1...2...3...4...5...6...7...8...9...10
Compacting texture/material tables...
Reduced 256 texinfos to 128
Reduced 29 texdatas to 21 (948 bytes to 706)
Writing C:\Program Files (x86)\Steam\steamapps\common\sourcesdk_content\hl2mp\mapsrc\test.bsp
Wrote ZIP buffer, estimated size 322244, actual size 320154
0 seconds elapsed



12 threads
reading c:\program files (x86)\steam\steamapps\common\sourcesdk_content\hl2mp\mapsrc\test.bsp
reading c:\program files (x86)\steam\steamapps\common\sourcesdk_content\hl2mp\mapsrc\test.prt
  58 portalclusters
 157 numportals
0...1...2...3...4...5...6...7...8...9...100...1...2...3...4...5...6...7...8...9...10Optimized: 0 visible clusters (0.00%)
Total clusters visible: 3232
Average clusters visible: 55
Building PAS...
Average clusters audible: 58
visdatasize:1396  compressed from 928
writing c:\program files (x86)\steam\steamapps\common\sourcesdk_content\hl2mp\mapsrc\test.bsp
0 seconds elapsed



[Reading texlights from 'lights.rad']
[45 texlights parsed from 'lights.rad']

Loading c:\program files (x86)\steam\steamapps\common\sourcesdk_content\hl2mp\mapsrc\test.bsp
558 faces
37055 square feet [5336062.00 square inches]
0 Displacements
0 Square Feet [0.00 Square Inches]
558 patches before subdivision
10618 patches after subdivision
6 direct lights
0...1...2...3...4...5...6...7...8...9...100...1...2...3...4...5...6...7...8...9...10transfers 1157754, max 329
transfer lists:   8.8 megs
0...1...2...3...4...5...6...7...8...9...10	Bounce #1 added RGB(42521, 39124, 29099)
0...1...2...3...4...5...6...7...8...9...10	Bounce #2 added RGB(12346, 10765, 7271)
0...1...2...3...4...5...6...7...8...9...10	Bounce #3 added RGB(3133, 2588, 1603)
0...1...2...3...4...5...6...7...8...9...10	Bounce #4 added RGB(849, 662, 376)
0...1...2...3...4...5...6...7...8...9...10	Bounce #5 added RGB(226, 166, 86)
0...1...2...3...4...5...6...7...8...9...10	Bounce #6 added RGB(61, 42, 20)
0...1...2...3...4...5...6...7...8...9...10	Bounce #7 added RGB(16, 11, 5)
0...1...2...3...4...5...6...7...8...9...10	Bounce #8 added RGB(4, 3, 1)
0...1...2...3...4...5...6...7...8...9...10	Bounce #9 added RGB(1, 1, 0)
0...1...2...3...4...5...6...7...8...9...10	Bounce #10 added RGB(0, 0, 0)
Build Patch/Sample Hash Table(s).....Done<0.0021 sec>
0...1...2...3...4...5...6...7...8...9...10FinalLightFace Done
0 of 0 (0% of) surface lights went in leaf ambient cubes.
0...1...2...3...4...5...6...7...8...9...10Writing leaf ambient...done
Ready to Finish

Object names       Objects/Maxobjs  Memory / Maxmem  Fullness 
------------       ---------------  ---------------  -------- 
models                  33/1024         1584/49152    ( 3.2%) 
brushes                 90/8192         1080/98304    ( 1.1%) 
brushsides             632/65536        5056/524288   ( 1.0%) 
planes                 712/65536       14240/1310720  ( 1.1%) 
vertexes               804/65536        9648/786432   ( 1.2%) 
nodes                  442/65536       14144/2097152  ( 0.7%) 
texinfos               128/12288        9216/884736   ( 1.0%) 
texdata                 21/2048          672/65536    ( 1.0%) 
dispinfos                0/0               0/0        ( 0.0%) 
disp_verts               0/0               0/0        ( 0.0%) 
disp_tris                0/0               0/0        ( 0.0%) 
disp_lmsamples           0/0               0/0        ( 0.0%) 
faces                  558/65536       31248/3670016  ( 0.9%) 
hdr faces                0/65536           0/3670016  ( 0.0%) 
origfaces              394/65536       22064/3670016  ( 0.6%) 
leaves                 476/65536       15232/2097152  ( 0.7%) 
leaffaces              650/65536        1300/131072   ( 1.0%) 
leafbrushes            119/65536         238/131072   ( 0.2%) 
areas                    2/256            16/2048     ( 0.8%) 
surfedges             4151/512000      16604/2048000  ( 0.8%) 
edges                 2199/256000       8796/1024000  ( 0.9%) 
LDR worldlights          6/8192          528/720896   ( 0.1%) 
HDR worldlights          0/8192            0/720896   ( 0.0%) 
leafwaterdata            1/32768          12/393216   ( 0.0%) 
waterstrips             15/32768         150/327680   ( 0.0%) 
waterverts               0/65536           0/786432   ( 0.0%) 
waterindices           225/65536         450/131072   ( 0.3%) 
cubemapsamples           2/1024           32/16384    ( 0.2%) 
overlays                 0/512             0/180224   ( 0.0%) 
LDR lightdata         [variable]     1041804/0        ( 0.0%) 
HDR lightdata         [variable]           0/0        ( 0.0%) 
visdata               [variable]        1396/16777216 ( 0.0%) 
entdata               [variable]       30312/393216   ( 7.7%) 
LDR ambient table      476/65536        1904/262144   ( 0.7%) 
HDR ambient table      476/65536        1904/262144   ( 0.7%) 
LDR leaf ambient       839/65536       23492/1835008  ( 1.3%) 
HDR leaf ambient       476/65536       13328/1835008  ( 0.7%) 
occluders                0/0               0/0        ( 0.0%) 
occluder polygons        0/0               0/0        ( 0.0%) 
occluder vert ind        0/0               0/0        ( 0.0%) 
detail props          [variable]           1/12       ( 8.3%) 
static props          [variable]           1/12       ( 8.3%) 
pakfile               [variable]      320154/0        ( 0.0%) 
physics               [variable]       45602/4194304  ( 1.1%) 
physics terrain       [variable]           2/1048576  ( 0.0%) 

Level flags = 0

Total triangle count: 1411
Writing c:\program files (x86)\steam\steamapps\common\sourcesdk_content\hl2mp\mapsrc\test.bsp
1 second elapsed



[Reading texlights from 'lights.rad']
[45 texlights parsed from 'lights.rad']

Loading c:\program files (x86)\steam\steamapps\common\sourcesdk_content\hl2mp\mapsrc\test.bsp
558 faces
37055 square feet [5336062.00 square inches]
0 Displacements
0 Square Feet [0.00 Square Inches]
558 patches before subdivision
10618 patches after subdivision
6 direct lights
0...1...2...3...4...5...6...7...8...9...100...1...2...3...4...5...6...7...8...9...10transfers 1157754, max 329
transfer lists:   8.8 megs
0...1...2...3...4...5...6...7...8...9...10	Bounce #1 added RGB(42521, 39124, 29099)
0...1...2...3...4...5...6...7...8...9...10	Bounce #2 added RGB(12346, 10765, 7271)
0...1...2...3...4...5...6...7...8...9...10	Bounce #3 added RGB(3133, 2588, 1603)
0...1...2...3...4...5...6...7...8...9...10	Bounce #4 added RGB(849, 662, 376)
0...1...2...3...4...5...6...7...8...9...10	Bounce #5 added RGB(226, 166, 86)
0...1...2...3...4...5...6...7...8...9...10	Bounce #6 added RGB(61, 42, 20)
0...1...2...3...4...5...6...7...8...9...10	Bounce #7 added RGB(16, 11, 5)
0...1...2...3...4...5...6...7...8...9...10	Bounce #8 added RGB(4, 3, 1)
0...1...2...3...4...5...6...7...8...9...10	Bounce #9 added RGB(1, 1, 0)
0...1...2...3...4...5...6...7...8...9...10	Bounce #10 added RGB(0, 0, 0)
Build Patch/Sample Hash Table(s).....Done<0.0021 sec>
0...1...2...3...4...5...6...7...8...9...10FinalLightFace Done
0 of 0 (0% of) surface lights went in leaf ambient cubes.
0...1...2...3...4...5...6...7...8...9...10Writing leaf ambient...done
Ready to Finish

Object names       Objects/Maxobjs  Memory / Maxmem  Fullness 
------------       ---------------  ---------------  -------- 
models                  33/1024         1584/49152    ( 3.2%) 
brushes                 90/8192         1080/98304    ( 1.1%) 
brushsides             632/65536        5056/524288   ( 1.0%) 
planes                 712/65536       14240/1310720  ( 1.1%) 
vertexes               804/65536        9648/786432   ( 1.2%) 
nodes                  442/65536       14144/2097152  ( 0.7%) 
texinfos               128/12288        9216/884736   ( 1.0%) 
texdata                 21/2048          672/65536    ( 1.0%) 
dispinfos                0/0               0/0        ( 0.0%) 
disp_verts               0/0               0/0        ( 0.0%) 
disp_tris                0/0               0/0        ( 0.0%) 
disp_lmsamples           0/0               0/0        ( 0.0%) 
faces                  558/65536       31248/3670016  ( 0.9%) 
hdr faces              558/65536       31248/3670016  ( 0.9%) 
origfaces              394/65536       22064/3670016  ( 0.6%) 
leaves                 476/65536       15232/2097152  ( 0.7%) 
leaffaces              650/65536        1300/131072   ( 1.0%) 
leafbrushes            119/65536         238/131072   ( 0.2%) 
areas                    2/256            16/2048     ( 0.8%) 
surfedges             4151/512000      16604/2048000  ( 0.8%) 
edges                 2199/256000       8796/1024000  ( 0.9%) 
LDR worldlights          6/8192          528/720896   ( 0.1%) 
HDR worldlights          6/8192          528/720896   ( 0.1%) 
leafwaterdata            1/32768          12/393216   ( 0.0%) 
waterstrips             15/32768         150/327680   ( 0.0%) 
waterverts               0/65536           0/786432   ( 0.0%) 
waterindices           225/65536         450/131072   ( 0.3%) 
cubemapsamples           2/1024           32/16384    ( 0.2%) 
overlays                 0/512             0/180224   ( 0.0%) 
LDR lightdata         [variable]     1041804/0        ( 0.0%) 
HDR lightdata         [variable]     1041804/0        ( 0.0%) 
visdata               [variable]        1396/16777216 ( 0.0%) 
entdata               [variable]       30312/393216   ( 7.7%) 
LDR ambient table      476/65536        1904/262144   ( 0.7%) 
HDR ambient table      476/65536        1904/262144   ( 0.7%) 
LDR leaf ambient       839/65536       23492/1835008  ( 1.3%) 
HDR leaf ambient       839/65536       23492/1835008  ( 1.3%) 
occluders                0/0               0/0        ( 0.0%) 
occluder polygons        0/0               0/0        ( 0.0%) 
occluder vert ind        0/0               0/0        ( 0.0%) 
detail props          [variable]           1/12       ( 8.3%) 
static props          [variable]           1/12       ( 8.3%) 
pakfile               [variable]      320154/0        ( 0.0%) 
physics               [variable]       45602/4194304  ( 1.1%) 
physics terrain       [variable]           2/1048576  ( 0.0%) 

Level flags = 0

Total triangle count: 1411
Writing c:\program files (x86)\steam\steamapps\common\sourcesdk_content\hl2mp\mapsrc\test.bsp
1 second elapsed



materialPath: C:\Program Files (x86)\Steam\steamapps\common\Half-Life 2 Deathmatch\hl2mp\materials
Loading C:\Program Files (x86)\Steam\steamapps\common\sourcesdk_content\hl2mp\mapsrc\test.vmf
ConVarRef mat_reduceparticles doesn't point to an existing ConVar
Could not locate 'GameData' key in c:\program files (x86)\steam\steamapps\common\half-life 2 deathmatch\hl2mp\gameinfo.txt
Patching WVT material: maps/test/dev/dev_blendmeasure_wvt_patch
fixing up env_cubemap materials on brush sides...
0...1...2...3...4...5...6...7...8...9...100...1...2...3...4...5...6...7...8...9...10Processing areas...done (0)
Building Faces...done (0)
FixTjuncs...
PruneNodes...
WriteBSP...
done (0)
writing C:\Program Files (x86)\Steam\steamapps\common\sourcesdk_content\hl2mp\mapsrc\test.prt...Building visibility clusters...
done (0)
Creating default LDR cubemaps for env_cubemap using skybox materials:
   skybox/sky_day01_01*.vmt
 ! Run buildcubemaps in the engine to get the correct cube maps.
Creating default HDR cubemaps for env_cubemap using skybox materials:
   skybox/sky_day01_01*.vmt
 ! Run buildcubemaps in the engine to get the correct cube maps.
Finding displacement neighbors...
Finding lightmap sample positions...
Displacement Alpha : 0...1...2...3...4...5...6...7...8...9...10
Building Physics collision data...
done (0) (45602 bytes)
Placing detail props : 0...1...2...3...4...5...6...7...8...9...10
Compacting texture/material tables...
Reduced 256 texinfos to 128
Reduced 29 texdatas to 21 (948 bytes to 706)
Writing C:\Program Files (x86)\Steam\steamapps\common\sourcesdk_content\hl2mp\mapsrc\test.bsp
Wrote ZIP buffer, estimated size 322244, actual size 320154
0 seconds elapsed



12 threads
reading c:\program files (x86)\steam\steamapps\common\sourcesdk_content\hl2mp\mapsrc\test.bsp
reading c:\program files (x86)\steam\steamapps\common\sourcesdk_content\hl2mp\mapsrc\test.prt
  58 portalclusters
 157 numportals
0...1...2...3...4...5...6...7...8...9...100...1...2...3...4...5...6...7...8...9...10Optimized: 0 visible clusters (0.00%)
Total clusters visible: 3232
Average clusters visible: 55
Building PAS...
Average clusters audible: 58
visdatasize:1396  compressed from 928
writing c:\program files (x86)\steam\steamapps\common\sourcesdk_content\hl2mp\mapsrc\test.bsp
0 seconds elapsed



[Reading texlights from 'lights.rad']
[45 texlights parsed from 'lights.rad']

Loading c:\program files (x86)\steam\steamapps\common\sourcesdk_content\hl2mp\mapsrc\test.bsp
558 faces
37055 square feet [5336062.00 square inches]
0 Displacements
0 Square Feet [0.00 Square Inches]
558 patches before subdivision
10618 patches after subdivision
6 direct lights
0...1...2...3...4...5...6...7...8...9...100...1...2...3...4...5...6...7...8...9...10transfers 1157754, max 329
transfer lists:   8.8 megs
0...1...2...3...4...5...6...7...8...9...10	Bounce #1 added RGB(42521, 39124, 29099)
0...1...2...3...4...5...6...7...8...9...10	Bounce #2 added RGB(12346, 10765, 7271)
0...1...2...3...4...5...6...7...8...9...10	Bounce #3 added RGB(3133, 2588, 1603)
0...1...2...3...4...5...6...7...8...9...10	Bounce #4 added RGB(849, 662, 376)
0...1...2...3...4...5...6...7...8...9...10	Bounce #5 added RGB(226, 166, 86)
0...1...2...3...4...5...6...7...8...9...10	Bounce #6 added RGB(61, 42, 20)
0...1...2...3...4...5...6...7...8...9...10	Bounce #7 added RGB(16, 11, 5)
0...1...2...3...4...5...6...7...8...9...10	Bounce #8 added RGB(4, 3, 1)
0...1...2...3...4...5...6...7...8...9...10	Bounce #9 added RGB(1, 1, 0)
0...1...2...3...4...5...6...7...8...9...10	Bounce #10 added RGB(0, 0, 0)
Build Patch/Sample Hash Table(s).....Done<0.0021 sec>
0...1...2...3...4...5...6...7...8...9...10FinalLightFace Done
0 of 0 (0% of) surface lights went in leaf ambient cubes.
0...1...2...3...4...5...6...7...8...9...10Writing leaf ambient...done
Ready to Finish

Object names       Objects/Maxobjs  Memory / Maxmem  Fullness 
------------       ---------------  ---------------  -------- 
models                  33/1024         1584/49152    ( 3.2%) 
brushes                 90/8192         1080/98304    ( 1.1%) 
brushsides             632/65536        5056/524288   ( 1.0%) 
planes                 712/65536       14240/1310720  ( 1.1%) 
vertexes               804/65536        9648/786432   ( 1.2%) 
nodes                  442/65536       14144/2097152  ( 0.7%) 
texinfos               128/12288        9216/884736   ( 1.0%) 
texdata                 21/2048          672/65536    ( 1.0%) 
dispinfos                0/0               0/0        ( 0.0%) 
disp_verts               0/0               0/0        ( 0.0%) 
disp_tris                0/0               0/0        ( 0.0%) 
disp_lmsamples           0/0               0/0        ( 0.0%) 
faces                  558/65536       31248/3670016  ( 0.9%) 
hdr faces                0/65536           0/3670016  ( 0.0%) 
origfaces              394/65536       22064/3670016  ( 0.6%) 
leaves                 476/65536       15232/2097152  ( 0.7%) 
leaffaces              650/65536        1300/131072   ( 1.0%) 
leafbrushes            119/65536         238/131072   ( 0.2%) 
areas                    2/256            16/2048     ( 0.8%) 
surfedges             4151/512000      16604/2048000  ( 0.8%) 
edges                 2199/256000       8796/1024000  ( 0.9%) 
LDR worldlights          6/8192          528/720896   ( 0.1%) 
HDR worldlights          0/8192            0/720896   ( 0.0%) 
leafwaterdata            1/32768          12/393216   ( 0.0%) 
waterstrips             15/32768         150/327680   ( 0.0%) 
waterverts               0/65536           0/786432   ( 0.0%) 
waterindices           225/65536         450/131072   ( 0.3%) 
cubemapsamples           2/1024           32/16384    ( 0.2%) 
overlays                 0/512             0/180224   ( 0.0%) 
LDR lightdata         [variable]     1041804/0        ( 0.0%) 
HDR lightdata         [variable]           0/0        ( 0.0%) 
visdata               [variable]        1396/16777216 ( 0.0%) 
entdata               [variable]       30312/393216   ( 7.7%) 
LDR ambient table      476/65536        1904/262144   ( 0.7%) 
HDR ambient table      476/65536        1904/262144   ( 0.7%) 
LDR leaf ambient       839/65536       23492/1835008  ( 1.3%) 
HDR leaf ambient       476/65536       13328/1835008  ( 0.7%) 
occluders                0/0               0/0        ( 0.0%) 
occluder polygons        0/0               0/0        ( 0.0%) 
occluder vert ind        0/0               0/0        ( 0.0%) 
detail props          [variable]           1/12       ( 8.3%) 
static props          [variable]           1/12       ( 8.3%) 
pakfile               [variable]      320154/0        ( 0.0%) 
physics               [variable]       45602/4194304  ( 1.1%) 
physics terrain       [variable]           2/1048576  ( 0.0%) 

Level flags = 0

Total triangle count: 1411
Writing c:\program files (x86)\steam\steamapps\common\sourcesdk_content\hl2mp\mapsrc\test.bsp
1 second elapsed



[Reading texlights from 'lights.rad']
[45 texlights parsed from 'lights.rad']

Loading c:\program files (x86)\steam\steamapps\common\sourcesdk_content\hl2mp\mapsrc\test.bsp
558 faces
37055 square feet [5336062.00 square inches]
0 Displacements
0 Square Feet [0.00 Square Inches]
558 patches before subdivision
10618 patches after subdivision
6 direct lights
0...1...2...3...4...5...6...7...8...9...100...1...2...3...4...5...6...7...8...9...10transfers 1157754, max 329
transfer lists:   8.8 megs
0...1...2...3...4...5...6...7...8...9...10	Bounce #1 added RGB(42521, 39124, 29099)
0...1...2...3...4...5...6...7...8...9...10	Bounce #2 added RGB(12346, 10765, 7271)
0...1...2...3...4...5...6...7...8...9...10	Bounce #3 added RGB(3133, 2588, 1603)
0...1...2...3...4...5...6...7...8...9...10	Bounce #4 added RGB(849, 662, 376)
0...1...2...3...4...5...6...7...8...9...10	Bounce #5 added RGB(226, 166, 86)
0...1...2...3...4...5...6...7...8...9...10	Bounce #6 added RGB(61, 42, 20)
0...1...2...3...4...5...6...7...8...9...10	Bounce #7 added RGB(16, 11, 5)
0...1...2...3...4...5...6...7...8...9...10	Bounce #8 added RGB(4, 3, 1)
0...1...2...3...4...5...6...7...8...9...10	Bounce #9 added RGB(1, 1, 0)
0...1...2...3...4...5...6...7...8...9...10	Bounce #10 added RGB(0, 0, 0)
Build Patch/Sample Hash Table(s).....Done<0.0021 sec>
0...1...2...3...4...5...6...7...8...9...10FinalLightFace Done
0 of 0 (0% of) surface lights went in leaf ambient cubes.
0...1...2...3...4...5...6...7...8...9...10Writing leaf ambient...done
Ready to Finish

Object names       Objects/Maxobjs  Memory / Maxmem  Fullness 
------------       ---------------  ---------------  -------- 
models                  33/1024         1584/49152    ( 3.2%) 
brushes                 90/8192         1080/98304    ( 1.1%) 
brushsides             632/65536        5056/524288   ( 1.0%) 
planes                 712/65536       14240/1310720  ( 1.1%) 
vertexes               804/65536        9648/786432   ( 1.2%) 
nodes                  442/65536       14144/2097152  ( 0.7%) 
texinfos               128/12288        9216/884736   ( 1.0%) 
texdata                 21/2048          672/65536    ( 1.0%) 
dispinfos                0/0               0/0        ( 0.0%) 
disp_verts               0/0               0/0        ( 0.0%) 
disp_tris                0/0               0/0        ( 0.0%) 
disp_lmsamples           0/0               0/0        ( 0.0%) 
faces                  558/65536       31248/3670016  ( 0.9%) 
hdr faces              558/65536       31248/3670016  ( 0.9%) 
origfaces              394/65536       22064/3670016  ( 0.6%) 
leaves                 476/65536       15232/2097152  ( 0.7%) 
leaffaces              650/65536        1300/131072   ( 1.0%) 
leafbrushes            119/65536         238/131072   ( 0.2%) 
areas                    2/256            16/2048     ( 0.8%) 
surfedges             4151/512000      16604/2048000  ( 0.8%) 
edges                 2199/256000       8796/1024000  ( 0.9%) 
LDR worldlights          6/8192          528/720896   ( 0.1%) 
HDR worldlights          6/8192          528/720896   ( 0.1%) 
leafwaterdata            1/32768          12/393216   ( 0.0%) 
waterstrips             15/32768         150/327680   ( 0.0%) 
waterverts               0/65536           0/786432   ( 0.0%) 
waterindices           225/65536         450/131072   ( 0.3%) 
cubemapsamples           2/1024           32/16384    ( 0.2%) 
overlays                 0/512             0/180224   ( 0.0%) 
LDR lightdata         [variable]     1041804/0        ( 0.0%) 
HDR lightdata         [variable]     1041804/0        ( 0.0%) 
visdata               [variable]        1396/16777216 ( 0.0%) 
entdata               [variable]       30312/393216   ( 7.7%) 
LDR ambient table      476/65536        1904/262144   ( 0.7%) 
HDR ambient table      476/65536        1904/262144   ( 0.7%) 
LDR leaf ambient       839/65536       23492/1835008  ( 1.3%) 
HDR leaf ambient       839/65536       23492/1835008  ( 1.3%) 
occluders                0/0               0/0        ( 0.0%) 
occluder polygons        0/0               0/0        ( 0.0%) 
occluder vert ind        0/0               0/0        ( 0.0%) 
detail props          [variable]           1/12       ( 8.3%) 
static props          [variable]           1/12       ( 8.3%) 
pakfile               [variable]      320154/0        ( 0.0%) 
physics               [variable]       45602/4194304  ( 1.1%) 
physics terrain       [variable]           2/1048576  ( 0.0%) 

Level flags = 0

Total triangle count: 1411
Writing c:\program files (x86)\steam\steamapps\common\sourcesdk_content\hl2mp\mapsrc\test.bsp
1 second elapsed



materialPath: C:\Program Files (x86)\Steam\steamapps\common\Half-Life 2 Deathmatch\hl2mp\materials
Loading C:\Program Files (x86)\Steam\steamapps\common\sourcesdk_content\hl2mp\mapsrc\test.vmf
ConVarRef mat_reduceparticles doesn't point to an existing ConVar
Could not locate 'GameData' key in c:\program files (x86)\steam\steamapps\common\half-life 2 deathmatch\hl2mp\gameinfo.txt
Patching WVT material: maps/test/dev/dev_blendmeasure_wvt_patch
fixing up env_cubemap materials on brush sides...
0...1...2...3...4...5...6...7...8...9...100...1...2...3...4...5...6...7...8...9...10Processing areas...done (0)
Building Faces...done (0)
FixTjuncs...
PruneNodes...
WriteBSP...
done (0)
writing C:\Program Files (x86)\Steam\steamapps\common\sourcesdk_content\hl2mp\mapsrc\test.prt...Building visibility clusters...
done (0)
Creating default LDR cubemaps for env_cubemap using skybox materials:
   skybox/sky_day01_01*.vmt
 ! Run buildcubemaps in the engine to get the correct cube maps.
Creating default HDR cubemaps for env_cubemap using skybox materials:
   skybox/sky_day01_01*.vmt
 ! Run buildcubemaps in the engine to get the correct cube maps.
Finding displacement neighbors...
Finding lightmap sample positions...
Displacement Alpha : 0...1...2...3...4...5...6...7...8...9...10
Building Physics collision data...
done (0) (45602 bytes)
Placing detail props : 0...1...2...3...4...5...6...7...8...9...10
Compacting texture/material tables...
Reduced 256 texinfos to 128
Reduced 29 texdatas to 21 (948 bytes to 706)
Writing C:\Program Files (x86)\Steam\steamapps\common\sourcesdk_content\hl2mp\mapsrc\test.bsp
Wrote ZIP buffer, estimated size 322244, actual size 320154
0 seconds elapsed



12 threads
reading c:\program files (x86)\steam\steamapps\common\sourcesdk_content\hl2mp\mapsrc\test.bsp
reading c:\program files (x86)\steam\steamapps\common\sourcesdk_content\hl2mp\mapsrc\test.prt
  58 portalclusters
 157 numportals
0...1...2...3...4...5...6...7...8...9...100...1...2...3...4...5...6...7...8...9...10Optimized: 0 visible clusters (0.00%)
Total clusters visible: 3232
Average clusters visible: 55
Building PAS...
Average clusters audible: 58
visdatasize:1396  compressed from 928
writing c:\program files (x86)\steam\steamapps\common\sourcesdk_content\hl2mp\mapsrc\test.bsp
0 seconds elapsed



[Reading texlights from 'lights.rad']
[45 texlights parsed from 'lights.rad']

Loading c:\program files (x86)\steam\steamapps\common\sourcesdk_content\hl2mp\mapsrc\test.bsp
558 faces
37055 square feet [5336062.00 square inches]
0 Displacements
0 Square Feet [0.00 Square Inches]
558 patches before subdivision
10618 patches after subdivision
6 direct lights
0...1...2...3...4...5...6...7...8...9...100...1...2...3...4...5...6...7...8...9...10transfers 1157754, max 329
transfer lists:   8.8 megs
0...1...2...3...4...5...6...7...8...9...10	Bounce #1 added RGB(42521, 39124, 29100)
0...1...2...3...4...5...6...7...8...9...10	Bounce #2 added RGB(12346, 10765, 7271)
0...1...2...3...4...5...6...7...8...9...10	Bounce #3 added RGB(3133, 2588, 1603)
0...1...2...3...4...5...6...7...8...9...10	Bounce #4 added RGB(849, 662, 376)
0...1...2...3...4...5...6...7...8...9...10	Bounce #5 added RGB(226, 166, 86)
0...1...2...3...4...5...6...7...8...9...10	Bounce #6 added RGB(61, 42, 20)
0...1...2...3...4...5...6...7...8...9...10	Bounce #7 added RGB(16, 11, 5)
0...1...2...3...4...5...6...7...8...9...10	Bounce #8 added RGB(4, 3, 1)
0...1...2...3...4...5...6...7...8...9...10	Bounce #9 added RGB(1, 1, 0)
0...1...2...3...4...5...6...7...8...9...10	Bounce #10 added RGB(0, 0, 0)
Build Patch/Sample Hash Table(s).....Done<0.0021 sec>
0...1...2...3...4...5...6...7...8...9...10FinalLightFace Done
0 of 0 (0% of) surface lights went in leaf ambient cubes.
0...1...2...3...4...5...6...7...8...9...10Writing leaf ambient...done
Ready to Finish

Object names       Objects/Maxobjs  Memory / Maxmem  Fullness 
------------       ---------------  ---------------  -------- 
models                  33/1024         1584/49152    ( 3.2%) 
brushes                 90/8192         1080/98304    ( 1.1%) 
brushsides             632/65536        5056/524288   ( 1.0%) 
planes                 712/65536       14240/1310720  ( 1.1%) 
vertexes               804/65536        9648/786432   ( 1.2%) 
nodes                  442/65536       14144/2097152  ( 0.7%) 
texinfos               128/12288        9216/884736   ( 1.0%) 
texdata                 21/2048          672/65536    ( 1.0%) 
dispinfos                0/0               0/0        ( 0.0%) 
disp_verts               0/0               0/0        ( 0.0%) 
disp_tris                0/0               0/0        ( 0.0%) 
disp_lmsamples           0/0               0/0        ( 0.0%) 
faces                  558/65536       31248/3670016  ( 0.9%) 
hdr faces                0/65536           0/3670016  ( 0.0%) 
origfaces              394/65536       22064/3670016  ( 0.6%) 
leaves                 476/65536       15232/2097152  ( 0.7%) 
leaffaces              650/65536        1300/131072   ( 1.0%) 
leafbrushes            119/65536         238/131072   ( 0.2%) 
areas                    2/256            16/2048     ( 0.8%) 
surfedges             4151/512000      16604/2048000  ( 0.8%) 
edges                 2199/256000       8796/1024000  ( 0.9%) 
LDR worldlights          6/8192          528/720896   ( 0.1%) 
HDR worldlights          0/8192            0/720896   ( 0.0%) 
leafwaterdata            1/32768          12/393216   ( 0.0%) 
waterstrips             15/32768         150/327680   ( 0.0%) 
waterverts               0/65536           0/786432   ( 0.0%) 
waterindices           225/65536         450/131072   ( 0.3%) 
cubemapsamples           2/1024           32/16384    ( 0.2%) 
overlays                 0/512             0/180224   ( 0.0%) 
LDR lightdata         [variable]     1041804/0        ( 0.0%) 
HDR lightdata         [variable]           0/0        ( 0.0%) 
visdata               [variable]        1396/16777216 ( 0.0%) 
entdata               [variable]       30312/393216   ( 7.7%) 
LDR ambient table      476/65536        1904/262144   ( 0.7%) 
HDR ambient table      476/65536        1904/262144   ( 0.7%) 
LDR leaf ambient       839/65536       23492/1835008  ( 1.3%) 
HDR leaf ambient       476/65536       13328/1835008  ( 0.7%) 
occluders                0/0               0/0        ( 0.0%) 
occluder polygons        0/0               0/0        ( 0.0%) 
occluder vert ind        0/0               0/0        ( 0.0%) 
detail props          [variable]           1/12       ( 8.3%) 
static props          [variable]           1/12       ( 8.3%) 
pakfile               [variable]      320154/0        ( 0.0%) 
physics               [variable]       45602/4194304  ( 1.1%) 
physics terrain       [variable]           2/1048576  ( 0.0%) 

Level flags = 0

Total triangle count: 1411
Writing c:\program files (x86)\steam\steamapps\common\sourcesdk_content\hl2mp\mapsrc\test.bsp
1 second elapsed



[Reading texlights from 'lights.rad']
[45 texlights parsed from 'lights.rad']

Loading c:\program files (x86)\steam\steamapps\common\sourcesdk_content\hl2mp\mapsrc\test.bsp
558 faces
37055 square feet [5336062.00 square inches]
0 Displacements
0 Square Feet [0.00 Square Inches]
558 patches before subdivision
10618 patches after subdivision
6 direct lights
0...1...2...3...4...5...6...7...8...9...100...1...2...3...4...5...6...7...8...9...10transfers 1157754, max 329
transfer lists:   8.8 megs
0...1...2...3...4...5...6...7...8...9...10	Bounce #1 added RGB(42521, 39124, 29099)
0...1...2...3...4...5...6...7...8...9...10	Bounce #2 added RGB(12346, 10765, 7271)
0...1...2...3...4...5...6...7...8...9...10	Bounce #3 added RGB(3133, 2588, 1603)
0...1...2...3...4...5...6...7...8...9...10	Bounce #4 added RGB(849, 662, 376)
0...1...2...3...4...5...6...7...8...9...10	Bounce #5 added RGB(226, 166, 86)
0...1...2...3...4...5...6...7...8...9...10	Bounce #6 added RGB(61, 42, 20)
0...1...2...3...4...5...6...7...8...9...10	Bounce #7 added RGB(16, 11, 5)
0...1...2...3...4...5...6...7...8...9...10	Bounce #8 added RGB(4, 3, 1)
0...1...2...3...4...5...6...7...8...9...10	Bounce #9 added RGB(1, 1, 0)
0...1...2...3...4...5...6...7...8...9...10	Bounce #10 added RGB(0, 0, 0)
Build Patch/Sample Hash Table(s).....Done<0.0021 sec>
0...1...2...3...4...5...6...7...8...9...10FinalLightFace Done
0 of 0 (0% of) surface lights went in leaf ambient cubes.
0...1...2...3...4...5...6...7...8...9...10Writing leaf ambient...done
Ready to Finish

Object names       Objects/Maxobjs  Memory / Maxmem  Fullness 
------------       ---------------  ---------------  -------- 
models                  33/1024         1584/49152    ( 3.2%) 
brushes                 90/8192         1080/98304    ( 1.1%) 
brushsides             632/65536        5056/524288   ( 1.0%) 
planes                 712/65536       14240/1310720  ( 1.1%) 
vertexes               804/65536        9648/786432   ( 1.2%) 
nodes                  442/65536       14144/2097152  ( 0.7%) 
texinfos               128/12288        9216/884736   ( 1.0%) 
texdata                 21/2048          672/65536    ( 1.0%) 
dispinfos                0/0               0/0        ( 0.0%) 
disp_verts               0/0               0/0        ( 0.0%) 
disp_tris                0/0               0/0        ( 0.0%) 
disp_lmsamples           0/0               0/0        ( 0.0%) 
faces                  558/65536       31248/3670016  ( 0.9%) 
hdr faces              558/65536       31248/3670016  ( 0.9%) 
origfaces              394/65536       22064/3670016  ( 0.6%) 
leaves                 476/65536       15232/2097152  ( 0.7%) 
leaffaces              650/65536        1300/131072   ( 1.0%) 
leafbrushes            119/65536         238/131072   ( 0.2%) 
areas                    2/256            16/2048     ( 0.8%) 
surfedges             4151/512000      16604/2048000  ( 0.8%) 
edges                 2199/256000       8796/1024000  ( 0.9%) 
LDR worldlights          6/8192          528/720896   ( 0.1%) 
HDR worldlights          6/8192          528/720896   ( 0.1%) 
leafwaterdata            1/32768          12/393216   ( 0.0%) 
waterstrips             15/32768         150/327680   ( 0.0%) 
waterverts               0/65536           0/786432   ( 0.0%) 
waterindices           225/65536         450/131072   ( 0.3%) 
cubemapsamples           2/1024           32/16384    ( 0.2%) 
overlays                 0/512             0/180224   ( 0.0%) 
LDR lightdata         [variable]     1041804/0        ( 0.0%) 
HDR lightdata         [variable]     1041804/0        ( 0.0%) 
visdata               [variable]        1396/16777216 ( 0.0%) 
entdata               [variable]       30312/393216   ( 7.7%) 
LDR ambient table      476/65536        1904/262144   ( 0.7%) 
HDR ambient table      476/65536        1904/262144   ( 0.7%) 
LDR leaf ambient       839/65536       23492/1835008  ( 1.3%) 
HDR leaf ambient       839/65536       23492/1835008  ( 1.3%) 
occluders                0/0               0/0        ( 0.0%) 
occluder polygons        0/0               0/0        ( 0.0%) 
occluder vert ind        0/0               0/0        ( 0.0%) 
detail props          [variable]           1/12       ( 8.3%) 
static props          [variable]           1/12       ( 8.3%) 
pakfile               [variable]      320154/0        ( 0.0%) 
physics               [variable]       45602/4194304  ( 1.1%) 
physics terrain       [variable]           2/1048576  ( 0.0%) 

Level flags = 0

Total triangle count: 1411
Writing c:\program files (x86)\steam\steamapps\common\sourcesdk_content\hl2mp\mapsrc\test.bsp
1 second elapsed



materialPath: C:\Program Files (x86)\Steam\steamapps\common\Half-Life 2 Deathmatch\hl2mp\materials
Loading C:\Program Files (x86)\Steam\steamapps\common\sourcesdk_content\hl2mp\mapsrc\test.vmf
ConVarRef mat_reduceparticles doesn't point to an existing ConVar
Could not locate 'GameData' key in c:\program files (x86)\steam\steamapps\common\half-life 2 deathmatch\hl2mp\gameinfo.txt
Patching WVT material: maps/test/dev/dev_blendmeasure_wvt_patch
fixing up env_cubemap materials on brush sides...
0...1...2...3...4...5...6...7...8...9...100...1...2...3...4...5...6...7...8...9...10Processing areas...done (0)
Building Faces...done (0)
FixTjuncs...
PruneNodes...
WriteBSP...
done (0)
writing C:\Program Files (x86)\Steam\steamapps\common\sourcesdk_content\hl2mp\mapsrc\test.prt...Building visibility clusters...
done (0)
Creating default LDR cubemaps for env_cubemap using skybox materials:
   skybox/sky_day01_01*.vmt
 ! Run buildcubemaps in the engine to get the correct cube maps.
Creating default HDR cubemaps for env_cubemap using skybox materials:
   skybox/sky_day01_01*.vmt
 ! Run buildcubemaps in the engine to get the correct cube maps.
Finding displacement neighbors...
Finding lightmap sample positions...
Displacement Alpha : 0...1...2...3...4...5...6...7...8...9...10
Building Physics collision data...
done (0) (46696 bytes)
Placing detail props : 0...1...2...3...4...5...6...7...8...9...10
Compacting texture/material tables...
Reduced 268 texinfos to 134
Reduced 29 texdatas to 21 (948 bytes to 706)
Writing C:\Program Files (x86)\Steam\steamapps\common\sourcesdk_content\hl2mp\mapsrc\test.bsp
Wrote ZIP buffer, estimated size 322244, actual size 320154
0 seconds elapsed



12 threads
reading c:\program files (x86)\steam\steamapps\common\sourcesdk_content\hl2mp\mapsrc\test.bsp
reading c:\program files (x86)\steam\steamapps\common\sourcesdk_content\hl2mp\mapsrc\test.prt
  58 portalclusters
 157 numportals
0...1...2...3...4...5...6...7...8...9...100...1...2...3...4...5...6...7...8...9...10Optimized: 0 visible clusters (0.00%)
Total clusters visible: 3232
Average clusters visible: 55
Building PAS...
Average clusters audible: 58
visdatasize:1396  compressed from 928
writing c:\program files (x86)\steam\steamapps\common\sourcesdk_content\hl2mp\mapsrc\test.bsp
0 seconds elapsed



[Reading texlights from 'lights.rad']
[45 texlights parsed from 'lights.rad']

Loading c:\program files (x86)\steam\steamapps\common\sourcesdk_content\hl2mp\mapsrc\test.bsp
570 faces
37063 square feet [5337214.00 square inches]
0 Displacements
0 Square Feet [0.00 Square Inches]
570 patches before subdivision
10630 patches after subdivision
6 direct lights
0...1...2...3...4...5...6...7...8...9...100...1...2...3...4...5...6...7...8...9...10transfers 1160192, max 329
transfer lists:   8.9 megs
0...1...2...3...4...5...6...7...8...9...10	Bounce #1 added RGB(42704, 39297, 29227)
0...1...2...3...4...5...6...7...8...9...10	Bounce #2 added RGB(12369, 10786, 7286)
0...1...2...3...4...5...6...7...8...9...10	Bounce #3 added RGB(3139, 2594, 1606)
0...1...2...3...4...5...6...7...8...9...10	Bounce #4 added RGB(850, 664, 377)
0...1...2...3...4...5...6...7...8...9...10	Bounce #5 added RGB(226, 166, 87)
0...1...2...3...4...5...6...7...8...9...10	Bounce #6 added RGB(61, 42, 20)
0...1...2...3...4...5...6...7...8...9...10	Bounce #7 added RGB(16, 11, 5)
0...1...2...3...4...5...6...7...8...9...10	Bounce #8 added RGB(4, 3, 1)
0...1...2...3...4...5...6...7...8...9...10	Bounce #9 added RGB(1, 1, 0)
0...1...2...3...4...5...6...7...8...9...10	Bounce #10 added RGB(0, 0, 0)
Build Patch/Sample Hash Table(s).....Done<0.0022 sec>
0...1...2...3...4...5...6...7...8...9...10FinalLightFace Done
0 of 0 (0% of) surface lights went in leaf ambient cubes.
0...1...2...3...4...5...6...7...8...9...10Writing leaf ambient...done
Ready to Finish

Object names       Objects/Maxobjs  Memory / Maxmem  Fullness 
------------       ---------------  ---------------  -------- 
models                  35/1024         1680/49152    ( 3.4%) 
brushes                 92/8192         1104/98304    ( 1.1%) 
brushsides             644/65536        5152/524288   ( 1.0%) 
planes                 720/65536       14400/1310720  ( 1.1%) 
vertexes               820/65536        9840/786432   ( 1.3%) 
nodes                  454/65536       14528/2097152  ( 0.7%) 
texinfos               134/12288        9648/884736   ( 1.1%) 
texdata                 21/2048          672/65536    ( 1.0%) 
dispinfos                0/0               0/0        ( 0.0%) 
disp_verts               0/0               0/0        ( 0.0%) 
disp_tris                0/0               0/0        ( 0.0%) 
disp_lmsamples           0/0               0/0        ( 0.0%) 
faces                  570/65536       31920/3670016  ( 0.9%) 
hdr faces                0/65536           0/3670016  ( 0.0%) 
origfaces              406/65536       22736/3670016  ( 0.6%) 
leaves                 490/65536       15680/2097152  ( 0.7%) 
leaffaces              662/65536        1324/131072   ( 1.0%) 
leafbrushes            121/65536         242/131072   ( 0.2%) 
areas                    2/256            16/2048     ( 0.8%) 
surfedges             4247/512000      16988/2048000  ( 0.8%) 
edges                 2247/256000       8988/1024000  ( 0.9%) 
LDR worldlights          6/8192          528/720896   ( 0.1%) 
HDR worldlights          0/8192            0/720896   ( 0.0%) 
leafwaterdata            1/32768          12/393216   ( 0.0%) 
waterstrips             15/32768         150/327680   ( 0.0%) 
waterverts               0/65536           0/786432   ( 0.0%) 
waterindices           225/65536         450/131072   ( 0.3%) 
cubemapsamples           2/1024           32/16384    ( 0.2%) 
overlays                 0/512             0/180224   ( 0.0%) 
LDR lightdata         [variable]     1041804/0        ( 0.0%) 
HDR lightdata         [variable]           0/0        ( 0.0%) 
visdata               [variable]        1396/16777216 ( 0.0%) 
entdata               [variable]       31131/393216   ( 7.9%) 
LDR ambient table      490/65536        1960/262144   ( 0.7%) 
HDR ambient table      490/65536        1960/262144   ( 0.7%) 
LDR leaf ambient       851/65536       23828/1835008  ( 1.3%) 
HDR leaf ambient       490/65536       13720/1835008  ( 0.7%) 
occluders                0/0               0/0        ( 0.0%) 
occluder polygons        0/0               0/0        ( 0.0%) 
occluder vert ind        0/0               0/0        ( 0.0%) 
detail props          [variable]           1/12       ( 8.3%) 
static props          [variable]           1/12       ( 8.3%) 
pakfile               [variable]      320154/0        ( 0.0%) 
physics               [variable]       46696/4194304  ( 1.1%) 
physics terrain       [variable]           2/1048576  ( 0.0%) 

Level flags = 0

Total triangle count: 1435
Writing c:\program files (x86)\steam\steamapps\common\sourcesdk_content\hl2mp\mapsrc\test.bsp
1 second elapsed



[Reading texlights from 'lights.rad']
[45 texlights parsed from 'lights.rad']

Loading c:\program files (x86)\steam\steamapps\common\sourcesdk_content\hl2mp\mapsrc\test.bsp
570 faces
37063 square feet [5337214.00 square inches]
0 Displacements
0 Square Feet [0.00 Square Inches]
570 patches before subdivision
10630 patches after subdivision
6 direct lights
0...1...2...3...4...5...6...7...8...9...100...1...2...3...4...5...6...7...8...9...10transfers 1160192, max 329
transfer lists:   8.9 megs
0...1...2...3...4...5...6...7...8...9...10	Bounce #1 added RGB(42704, 39297, 29227)
0...1...2...3...4...5...6...7...8...9...10	Bounce #2 added RGB(12369, 10786, 7286)
0...1...2...3...4...5...6...7...8...9...10	Bounce #3 added RGB(3139, 2594, 1606)
0...1...2...3...4...5...6...7...8...9...10	Bounce #4 added RGB(850, 664, 377)
0...1...2...3...4...5...6...7...8...9...10	Bounce #5 added RGB(226, 166, 87)
0...1...2...3...4...5...6...7...8...9...10	Bounce #6 added RGB(61, 42, 20)
0...1...2...3...4...5...6...7...8...9...10	Bounce #7 added RGB(16, 11, 5)
0...1...2...3...4...5...6...7...8...9...10	Bounce #8 added RGB(4, 3, 1)
0...1...2...3...4...5...6...7...8...9...10	Bounce #9 added RGB(1, 1, 0)
0...1...2...3...4...5...6...7...8...9...10	Bounce #10 added RGB(0, 0, 0)
Build Patch/Sample Hash Table(s).....Done<0.0021 sec>
0...1...2...3...4...5...6...7...8...9...10FinalLightFace Done
0 of 0 (0% of) surface lights went in leaf ambient cubes.
0...1...2...3...4...5...6...7...8...9...10Writing leaf ambient...done
Ready to Finish

Object names       Objects/Maxobjs  Memory / Maxmem  Fullness 
------------       ---------------  ---------------  -------- 
models                  35/1024         1680/49152    ( 3.4%) 
brushes                 92/8192         1104/98304    ( 1.1%) 
brushsides             644/65536        5152/524288   ( 1.0%) 
planes                 720/65536       14400/1310720  ( 1.1%) 
vertexes               820/65536        9840/786432   ( 1.3%) 
nodes                  454/65536       14528/2097152  ( 0.7%) 
texinfos               134/12288        9648/884736   ( 1.1%) 
texdata                 21/2048          672/65536    ( 1.0%) 
dispinfos                0/0               0/0        ( 0.0%) 
disp_verts               0/0               0/0        ( 0.0%) 
disp_tris                0/0               0/0        ( 0.0%) 
disp_lmsamples           0/0               0/0        ( 0.0%) 
faces                  570/65536       31920/3670016  ( 0.9%) 
hdr faces              570/65536       31920/3670016  ( 0.9%) 
origfaces              406/65536       22736/3670016  ( 0.6%) 
leaves                 490/65536       15680/2097152  ( 0.7%) 
leaffaces              662/65536        1324/131072   ( 1.0%) 
leafbrushes            121/65536         242/131072   ( 0.2%) 
areas                    2/256            16/2048     ( 0.8%) 
surfedges             4247/512000      16988/2048000  ( 0.8%) 
edges                 2247/256000       8988/1024000  ( 0.9%) 
LDR worldlights          6/8192          528/720896   ( 0.1%) 
HDR worldlights          6/8192          528/720896   ( 0.1%) 
leafwaterdata            1/32768          12/393216   ( 0.0%) 
waterstrips             15/32768         150/327680   ( 0.0%) 
waterverts               0/65536           0/786432   ( 0.0%) 
waterindices           225/65536         450/131072   ( 0.3%) 
cubemapsamples           2/1024           32/16384    ( 0.2%) 
overlays                 0/512             0/180224   ( 0.0%) 
LDR lightdata         [variable]     1041804/0        ( 0.0%) 
HDR lightdata         [variable]     1041804/0        ( 0.0%) 
visdata               [variable]        1396/16777216 ( 0.0%) 
entdata               [variable]       31131/393216   ( 7.9%) 
LDR ambient table      490/65536        1960/262144   ( 0.7%) 
HDR ambient table      490/65536        1960/262144   ( 0.7%) 
LDR leaf ambient       851/65536       23828/1835008  ( 1.3%) 
HDR leaf ambient       851/65536       23828/1835008  ( 1.3%) 
occluders                0/0               0/0        ( 0.0%) 
occluder polygons        0/0               0/0        ( 0.0%) 
occluder vert ind        0/0               0/0        ( 0.0%) 
detail props          [variable]           1/12       ( 8.3%) 
static props          [variable]           1/12       ( 8.3%) 
pakfile               [variable]      320154/0        ( 0.0%) 
physics               [variable]       46696/4194304  ( 1.1%) 
physics terrain       [variable]           2/1048576  ( 0.0%) 

Level flags = 0

Total triangle count: 1435
Writing c:\program files (x86)\steam\steamapps\common\sourcesdk_content\hl2mp\mapsrc\test.bsp
1 second elapsed



materialPath: C:\Program Files (x86)\Steam\steamapps\common\Half-Life 2 Deathmatch\hl2mp\materials
Loading C:\Program Files (x86)\Steam\steamapps\common\sourcesdk_content\hl2mp\mapsrc\test.vmf
ConVarRef mat_reduceparticles doesn't point to an existing ConVar
Could not locate 'GameData' key in c:\program files (x86)\steam\steamapps\common\half-life 2 deathmatch\hl2mp\gameinfo.txt
Patching WVT material: maps/test/dev/dev_blendmeasure_wvt_patch
fixing up env_cubemap materials on brush sides...
0...1...2...3...4...5...6...7...8...9...100...1...2...3...4...5...6...7...8...9...10Processing areas...done (0)
Building Faces...done (0)
FixTjuncs...
PruneNodes...
WriteBSP...
done (0)
writing C:\Program Files (x86)\Steam\steamapps\common\sourcesdk_content\hl2mp\mapsrc\test.prt...Building visibility clusters...
done (0)
Creating default LDR cubemaps for env_cubemap using skybox materials:
   skybox/sky_day01_01*.vmt
 ! Run buildcubemaps in the engine to get the correct cube maps.
Creating default HDR cubemaps for env_cubemap using skybox materials:
   skybox/sky_day01_01*.vmt
 ! Run buildcubemaps in the engine to get the correct cube maps.
Finding displacement neighbors...
Finding lightmap sample positions...
Displacement Alpha : 0...1...2...3...4...5...6...7...8...9...10
Building Physics collision data...
done (0) (46696 bytes)
Placing detail props : 0...1...2...3...4...5...6...7...8...9...10
Compacting texture/material tables...
Reduced 268 texinfos to 134
Reduced 29 texdatas to 21 (948 bytes to 706)
Writing C:\Program Files (x86)\Steam\steamapps\common\sourcesdk_content\hl2mp\mapsrc\test.bsp
Wrote ZIP buffer, estimated size 322244, actual size 320154
0 seconds elapsed



12 threads
reading c:\program files (x86)\steam\steamapps\common\sourcesdk_content\hl2mp\mapsrc\test.bsp
reading c:\program files (x86)\steam\steamapps\common\sourcesdk_content\hl2mp\mapsrc\test.prt
  58 portalclusters
 157 numportals
0...1...2...3...4...5...6...7...8...9...100...1...2...3...4...5...6...7...8...9...10Optimized: 0 visible clusters (0.00%)
Total clusters visible: 3232
Average clusters visible: 55
Building PAS...
Average clusters audible: 58
visdatasize:1396  compressed from 928
writing c:\program files (x86)\steam\steamapps\common\sourcesdk_content\hl2mp\mapsrc\test.bsp
0 seconds elapsed



[Reading texlights from 'lights.rad']
[45 texlights parsed from 'lights.rad']

Loading c:\program files (x86)\steam\steamapps\common\sourcesdk_content\hl2mp\mapsrc\test.bsp
570 faces
37063 square feet [5337214.00 square inches]
0 Displacements
0 Square Feet [0.00 Square Inches]
570 patches before subdivision
10630 patches after subdivision
6 direct lights
0...1...2...3...4...5...6...7...8...9...100...1...2...3...4...5...6...7...8...9...10transfers 1160192, max 329
transfer lists:   8.9 megs
0...1...2...3...4...5...6...7...8...9...10	Bounce #1 added RGB(42704, 39297, 29227)
0...1...2...3...4...5...6...7...8...9...10	Bounce #2 added RGB(12369, 10786, 7286)
0...1...2...3...4...5...6...7...8...9...10	Bounce #3 added RGB(3139, 2594, 1606)
0...1...2...3...4...5...6...7...8...9...10	Bounce #4 added RGB(850, 664, 377)
0...1...2...3...4...5...6...7...8...9...10	Bounce #5 added RGB(226, 166, 87)
0...1...2...3...4...5...6...7...8...9...10	Bounce #6 added RGB(61, 42, 20)
0...1...2...3...4...5...6...7...8...9...10	Bounce #7 added RGB(16, 11, 5)
0...1...2...3...4...5...6...7...8...9...10	Bounce #8 added RGB(4, 3, 1)
0...1...2...3...4...5...6...7...8...9...10	Bounce #9 added RGB(1, 1, 0)
0...1...2...3...4...5...6...7...8...9...10	Bounce #10 added RGB(0, 0, 0)
Build Patch/Sample Hash Table(s).....Done<0.0021 sec>
0...1...2...3...4...5...6...7...8...9...10FinalLightFace Done
0 of 0 (0% of) surface lights went in leaf ambient cubes.
0...1...2...3...4...5...6...7...8...9...10Writing leaf ambient...done
Ready to Finish

Object names       Objects/Maxobjs  Memory / Maxmem  Fullness 
------------       ---------------  ---------------  -------- 
models                  35/1024         1680/49152    ( 3.4%) 
brushes                 92/8192         1104/98304    ( 1.1%) 
brushsides             644/65536        5152/524288   ( 1.0%) 
planes                 720/65536       14400/1310720  ( 1.1%) 
vertexes               820/65536        9840/786432   ( 1.3%) 
nodes                  454/65536       14528/2097152  ( 0.7%) 
texinfos               134/12288        9648/884736   ( 1.1%) 
texdata                 21/2048          672/65536    ( 1.0%) 
dispinfos                0/0               0/0        ( 0.0%) 
disp_verts               0/0               0/0        ( 0.0%) 
disp_tris                0/0               0/0        ( 0.0%) 
disp_lmsamples           0/0               0/0        ( 0.0%) 
faces                  570/65536       31920/3670016  ( 0.9%) 
hdr faces                0/65536           0/3670016  ( 0.0%) 
origfaces              406/65536       22736/3670016  ( 0.6%) 
leaves                 490/65536       15680/2097152  ( 0.7%) 
leaffaces              662/65536        1324/131072   ( 1.0%) 
leafbrushes            121/65536         242/131072   ( 0.2%) 
areas                    2/256            16/2048     ( 0.8%) 
surfedges             4247/512000      16988/2048000  ( 0.8%) 
edges                 2247/256000       8988/1024000  ( 0.9%) 
LDR worldlights          6/8192          528/720896   ( 0.1%) 
HDR worldlights          0/8192            0/720896   ( 0.0%) 
leafwaterdata            1/32768          12/393216   ( 0.0%) 
waterstrips             15/32768         150/327680   ( 0.0%) 
waterverts               0/65536           0/786432   ( 0.0%) 
waterindices           225/65536         450/131072   ( 0.3%) 
cubemapsamples           2/1024           32/16384    ( 0.2%) 
overlays                 0/512             0/180224   ( 0.0%) 
LDR lightdata         [variable]     1041804/0        ( 0.0%) 
HDR lightdata         [variable]           0/0        ( 0.0%) 
visdata               [variable]        1396/16777216 ( 0.0%) 
entdata               [variable]       31128/393216   ( 7.9%) 
LDR ambient table      490/65536        1960/262144   ( 0.7%) 
HDR ambient table      490/65536        1960/262144   ( 0.7%) 
LDR leaf ambient       851/65536       23828/1835008  ( 1.3%) 
HDR leaf ambient       490/65536       13720/1835008  ( 0.7%) 
occluders                0/0               0/0        ( 0.0%) 
occluder polygons        0/0               0/0        ( 0.0%) 
occluder vert ind        0/0               0/0        ( 0.0%) 
detail props          [variable]           1/12       ( 8.3%) 
static props          [variable]           1/12       ( 8.3%) 
pakfile               [variable]      320154/0        ( 0.0%) 
physics               [variable]       46696/4194304  ( 1.1%) 
physics terrain       [variable]           2/1048576  ( 0.0%) 

Level flags = 0

Total triangle count: 1435
Writing c:\program files (x86)\steam\steamapps\common\sourcesdk_content\hl2mp\mapsrc\test.bsp
1 second elapsed



[Reading texlights from 'lights.rad']
[45 texlights parsed from 'lights.rad']

Loading c:\program files (x86)\steam\steamapps\common\sourcesdk_content\hl2mp\mapsrc\test.bsp
570 faces
37063 square feet [5337214.00 square inches]
0 Displacements
0 Square Feet [0.00 Square Inches]
570 patches before subdivision
10630 patches after subdivision
6 direct lights
0...1...2...3...4...5...6...7...8...9...100...1...2...3...4...5...6...7...8...9...10transfers 1160192, max 329
transfer lists:   8.9 megs
0...1...2...3...4...5...6...7...8...9...10	Bounce #1 added RGB(42704, 39297, 29227)
0...1...2...3...4...5...6...7...8...9...10	Bounce #2 added RGB(12369, 10786, 7286)
0...1...2...3...4...5...6...7...8...9...10	Bounce #3 added RGB(3139, 2594, 1606)
0...1...2...3...4...5...6...7...8...9...10	Bounce #4 added RGB(850, 664, 377)
0...1...2...3...4...5...6...7...8...9...10	Bounce #5 added RGB(226, 166, 87)
0...1...2...3...4...5...6...7...8...9...10	Bounce #6 added RGB(61, 42, 20)
0...1...2...3...4...5...6...7...8...9...10	Bounce #7 added RGB(16, 11, 5)
0...1...2...3...4...5...6...7...8...9...10	Bounce #8 added RGB(4, 3, 1)
0...1...2...3...4...5...6...7...8...9...10	Bounce #9 added RGB(1, 1, 0)
0...1...2...3...4...5...6...7...8...9...10	Bounce #10 added RGB(0, 0, 0)
Build Patch/Sample Hash Table(s).....Done<0.0020 sec>
0...1...2...3...4...5...6...7...8...9...10FinalLightFace Done
0 of 0 (0% of) surface lights went in leaf ambient cubes.
0...1...2...3...4...5...6...7...8...9...10Writing leaf ambient...done
Ready to Finish

Object names       Objects/Maxobjs  Memory / Maxmem  Fullness 
------------       ---------------  ---------------  -------- 
models                  35/1024         1680/49152    ( 3.4%) 
brushes                 92/8192         1104/98304    ( 1.1%) 
brushsides             644/65536        5152/524288   ( 1.0%) 
planes                 720/65536       14400/1310720  ( 1.1%) 
vertexes               820/65536        9840/786432   ( 1.3%) 
nodes                  454/65536       14528/2097152  ( 0.7%) 
texinfos               134/12288        9648/884736   ( 1.1%) 
texdata                 21/2048          672/65536    ( 1.0%) 
dispinfos                0/0               0/0        ( 0.0%) 
disp_verts               0/0               0/0        ( 0.0%) 
disp_tris                0/0               0/0        ( 0.0%) 
disp_lmsamples           0/0               0/0        ( 0.0%) 
faces                  570/65536       31920/3670016  ( 0.9%) 
hdr faces              570/65536       31920/3670016  ( 0.9%) 
origfaces              406/65536       22736/3670016  ( 0.6%) 
leaves                 490/65536       15680/2097152  ( 0.7%) 
leaffaces              662/65536        1324/131072   ( 1.0%) 
leafbrushes            121/65536         242/131072   ( 0.2%) 
areas                    2/256            16/2048     ( 0.8%) 
surfedges             4247/512000      16988/2048000  ( 0.8%) 
edges                 2247/256000       8988/1024000  ( 0.9%) 
LDR worldlights          6/8192          528/720896   ( 0.1%) 
HDR worldlights          6/8192          528/720896   ( 0.1%) 
leafwaterdata            1/32768          12/393216   ( 0.0%) 
waterstrips             15/32768         150/327680   ( 0.0%) 
waterverts               0/65536           0/786432   ( 0.0%) 
waterindices           225/65536         450/131072   ( 0.3%) 
cubemapsamples           2/1024           32/16384    ( 0.2%) 
overlays                 0/512             0/180224   ( 0.0%) 
LDR lightdata         [variable]     1041804/0        ( 0.0%) 
HDR lightdata         [variable]     1041804/0        ( 0.0%) 
visdata               [variable]        1396/16777216 ( 0.0%) 
entdata               [variable]       31128/393216   ( 7.9%) 
LDR ambient table      490/65536        1960/262144   ( 0.7%) 
HDR ambient table      490/65536        1960/262144   ( 0.7%) 
LDR leaf ambient       851/65536       23828/1835008  ( 1.3%) 
HDR leaf ambient       851/65536       23828/1835008  ( 1.3%) 
occluders                0/0               0/0        ( 0.0%) 
occluder polygons        0/0               0/0        ( 0.0%) 
occluder vert ind        0/0               0/0        ( 0.0%) 
detail props          [variable]           1/12       ( 8.3%) 
static props          [variable]           1/12       ( 8.3%) 
pakfile               [variable]      320154/0        ( 0.0%) 
physics               [variable]       46696/4194304  ( 1.1%) 
physics terrain       [variable]           2/1048576  ( 0.0%) 

Level flags = 0

Total triangle count: 1435
Writing c:\program files (x86)\steam\steamapps\common\sourcesdk_content\hl2mp\mapsrc\test.bsp
1 second elapsed



materialPath: C:\Program Files (x86)\Steam\steamapps\common\Half-Life 2 Deathmatch\hl2mp\materials
Loading C:\Program Files (x86)\Steam\steamapps\common\sourcesdk_content\hl2mp\mapsrc\test.vmf
ConVarRef mat_reduceparticles doesn't point to an existing ConVar
Could not locate 'GameData' key in c:\program files (x86)\steam\steamapps\common\half-life 2 deathmatch\hl2mp\gameinfo.txt
Patching WVT material: maps/test/dev/dev_blendmeasure_wvt_patch
fixing up env_cubemap materials on brush sides...
0...1...2...3...4...5...6...7...8...9...100...1...2...3...4...5...6...7...8...9...10Processing areas...done (0)
Building Faces...done (0)
FixTjuncs...
PruneNodes...
WriteBSP...
done (0)
writing C:\Program Files (x86)\Steam\steamapps\common\sourcesdk_content\hl2mp\mapsrc\test.prt...Building visibility clusters...
done (0)
Creating default LDR cubemaps for env_cubemap using skybox materials:
   skybox/sky_day01_01*.vmt
 ! Run buildcubemaps in the engine to get the correct cube maps.
Creating default HDR cubemaps for env_cubemap using skybox materials:
   skybox/sky_day01_01*.vmt
 ! Run buildcubemaps in the engine to get the correct cube maps.
Finding displacement neighbors...
Finding lightmap sample positions...
Displacement Alpha : 0...1...2...3...4...5...6...7...8...9...10
Building Physics collision data...
done (0) (46696 bytes)
Placing detail props : 0...1...2...3...4...5...6...7...8...9...10
Compacting texture/material tables...
Reduced 268 texinfos to 134
Reduced 29 texdatas to 21 (948 bytes to 706)
Writing C:\Program Files (x86)\Steam\steamapps\common\sourcesdk_content\hl2mp\mapsrc\test.bsp
Wrote ZIP buffer, estimated size 322244, actual size 320154
0 seconds elapsed



12 threads
reading c:\program files (x86)\steam\steamapps\common\sourcesdk_content\hl2mp\mapsrc\test.bsp
reading c:\program files (x86)\steam\steamapps\common\sourcesdk_content\hl2mp\mapsrc\test.prt
  58 portalclusters
 157 numportals
0...1...2...3...4...5...6...7...8...9...100...1...2...3...4...5...6...7...8...9...10Optimized: 0 visible clusters (0.00%)
Total clusters visible: 3232
Average clusters visible: 55
Building PAS...
Average clusters audible: 58
visdatasize:1396  compressed from 928
writing c:\program files (x86)\steam\steamapps\common\sourcesdk_content\hl2mp\mapsrc\test.bsp
0 seconds elapsed



[Reading texlights from 'lights.rad']
[45 texlights parsed from 'lights.rad']

Loading c:\program files (x86)\steam\steamapps\common\sourcesdk_content\hl2mp\mapsrc\test.bsp
570 faces
37063 square feet [5337214.00 square inches]
0 Displacements
0 Square Feet [0.00 Square Inches]
570 patches before subdivision
10630 patches after subdivision
6 direct lights
0...1...2...3...4...5...6...7...8...9...100...1...2...3...4...5...6...7...8...9...10transfers 1160192, max 329
transfer lists:   8.9 megs
0...1...2...3...4...5...6...7...8...9...10	Bounce #1 added RGB(42704, 39297, 29227)
0...1...2...3...4...5...6...7...8...9...10	Bounce #2 added RGB(12369, 10786, 7286)
0...1...2...3...4...5...6...7...8...9...10	Bounce #3 added RGB(3139, 2594, 1606)
0...1...2...3...4...5...6...7...8...9...10	Bounce #4 added RGB(850, 664, 377)
0...1...2...3...4...5...6...7...8...9...10	Bounce #5 added RGB(226, 166, 87)
0...1...2...3...4...5...6...7...8...9...10	Bounce #6 added RGB(61, 42, 20)
0...1...2...3...4...5...6...7...8...9...10	Bounce #7 added RGB(16, 11, 5)
0...1...2...3...4...5...6...7...8...9...10	Bounce #8 added RGB(4, 3, 1)
0...1...2...3...4...5...6...7...8...9...10	Bounce #9 added RGB(1, 1, 0)
0...1...2...3...4...5...6...7...8...9...10	Bounce #10 added RGB(0, 0, 0)
Build Patch/Sample Hash Table(s).....Done<0.0021 sec>
0...1...2...3...4...5...6...7...8...9...10FinalLightFace Done
0 of 0 (0% of) surface lights went in leaf ambient cubes.
0...1...2...3...4...5...6...7...8...9...10Writing leaf ambient...done
Ready to Finish

Object names       Objects/Maxobjs  Memory / Maxmem  Fullness 
------------       ---------------  ---------------  -------- 
models                  35/1024         1680/49152    ( 3.4%) 
brushes                 92/8192         1104/98304    ( 1.1%) 
brushsides             644/65536        5152/524288   ( 1.0%) 
planes                 720/65536       14400/1310720  ( 1.1%) 
vertexes               820/65536        9840/786432   ( 1.3%) 
nodes                  454/65536       14528/2097152  ( 0.7%) 
texinfos               134/12288        9648/884736   ( 1.1%) 
texdata                 21/2048          672/65536    ( 1.0%) 
dispinfos                0/0               0/0        ( 0.0%) 
disp_verts               0/0               0/0        ( 0.0%) 
disp_tris                0/0               0/0        ( 0.0%) 
disp_lmsamples           0/0               0/0        ( 0.0%) 
faces                  570/65536       31920/3670016  ( 0.9%) 
hdr faces                0/65536           0/3670016  ( 0.0%) 
origfaces              406/65536       22736/3670016  ( 0.6%) 
leaves                 490/65536       15680/2097152  ( 0.7%) 
leaffaces              662/65536        1324/131072   ( 1.0%) 
leafbrushes            121/65536         242/131072   ( 0.2%) 
areas                    2/256            16/2048     ( 0.8%) 
surfedges             4247/512000      16988/2048000  ( 0.8%) 
edges                 2247/256000       8988/1024000  ( 0.9%) 
LDR worldlights          6/8192          528/720896   ( 0.1%) 
HDR worldlights          0/8192            0/720896   ( 0.0%) 
leafwaterdata            1/32768          12/393216   ( 0.0%) 
waterstrips             15/32768         150/327680   ( 0.0%) 
waterverts               0/65536           0/786432   ( 0.0%) 
waterindices           225/65536         450/131072   ( 0.3%) 
cubemapsamples           2/1024           32/16384    ( 0.2%) 
overlays                 0/512             0/180224   ( 0.0%) 
LDR lightdata         [variable]     1041804/0        ( 0.0%) 
HDR lightdata         [variable]           0/0        ( 0.0%) 
visdata               [variable]        1396/16777216 ( 0.0%) 
entdata               [variable]       31128/393216   ( 7.9%) 
LDR ambient table      490/65536        1960/262144   ( 0.7%) 
HDR ambient table      490/65536        1960/262144   ( 0.7%) 
LDR leaf ambient       851/65536       23828/1835008  ( 1.3%) 
HDR leaf ambient       490/65536       13720/1835008  ( 0.7%) 
occluders                0/0               0/0        ( 0.0%) 
occluder polygons        0/0               0/0        ( 0.0%) 
occluder vert ind        0/0               0/0        ( 0.0%) 
detail props          [variable]           1/12       ( 8.3%) 
static props          [variable]           1/12       ( 8.3%) 
pakfile               [variable]      320154/0        ( 0.0%) 
physics               [variable]       46696/4194304  ( 1.1%) 
physics terrain       [variable]           2/1048576  ( 0.0%) 

Level flags = 0

Total triangle count: 1435
Writing c:\program files (x86)\steam\steamapps\common\sourcesdk_content\hl2mp\mapsrc\test.bsp
1 second elapsed



[Reading texlights from 'lights.rad']
[45 texlights parsed from 'lights.rad']

Loading c:\program files (x86)\steam\steamapps\common\sourcesdk_content\hl2mp\mapsrc\test.bsp
570 faces
37063 square feet [5337214.00 square inches]
0 Displacements
0 Square Feet [0.00 Square Inches]
570 patches before subdivision
10630 patches after subdivision
6 direct lights
0...1...2...3...4...5...6...7...8...9...100...1...2...3...4...5...6...7...8...9...10transfers 1160192, max 329
transfer lists:   8.9 megs
0...1...2...3...4...5...6...7...8...9...10	Bounce #1 added RGB(42704, 39297, 29227)
0...1...2...3...4...5...6...7...8...9...10	Bounce #2 added RGB(12369, 10786, 7286)
0...1...2...3...4...5...6...7...8...9...10	Bounce #3 added RGB(3139, 2594, 1606)
0...1...2...3...4...5...6...7...8...9...10	Bounce #4 added RGB(850, 664, 377)
0...1...2...3...4...5...6...7...8...9...10	Bounce #5 added RGB(226, 166, 87)
0...1...2...3...4...5...6...7...8...9...10	Bounce #6 added RGB(61, 42, 20)
0...1...2...3...4...5...6...7...8...9...10	Bounce #7 added RGB(16, 11, 5)
0...1...2...3...4...5...6...7...8...9...10	Bounce #8 added RGB(4, 3, 1)
0...1...2...3...4...5...6...7...8...9...10	Bounce #9 added RGB(1, 1, 0)
0...1...2...3...4...5...6...7...8...9...10	Bounce #10 added RGB(0, 0, 0)
Build Patch/Sample Hash Table(s).....Done<0.0021 sec>
0...1...2...3...4...5...6...7...8...9...10FinalLightFace Done
0 of 0 (0% of) surface lights went in leaf ambient cubes.
0...1...2...3...4...5...6...7...8...9...10Writing leaf ambient...done
Ready to Finish

Object names       Objects/Maxobjs  Memory / Maxmem  Fullness 
------------       ---------------  ---------------  -------- 
models                  35/1024         1680/49152    ( 3.4%) 
brushes                 92/8192         1104/98304    ( 1.1%) 
brushsides             644/65536        5152/524288   ( 1.0%) 
planes                 720/65536       14400/1310720  ( 1.1%) 
vertexes               820/65536        9840/786432   ( 1.3%) 
nodes                  454/65536       14528/2097152  ( 0.7%) 
texinfos               134/12288        9648/884736   ( 1.1%) 
texdata                 21/2048          672/65536    ( 1.0%) 
dispinfos                0/0               0/0        ( 0.0%) 
disp_verts               0/0               0/0        ( 0.0%) 
disp_tris                0/0               0/0        ( 0.0%) 
disp_lmsamples           0/0               0/0        ( 0.0%) 
faces                  570/65536       31920/3670016  ( 0.9%) 
hdr faces              570/65536       31920/3670016  ( 0.9%) 
origfaces              406/65536       22736/3670016  ( 0.6%) 
leaves                 490/65536       15680/2097152  ( 0.7%) 
leaffaces              662/65536        1324/131072   ( 1.0%) 
leafbrushes            121/65536         242/131072   ( 0.2%) 
areas                    2/256            16/2048     ( 0.8%) 
surfedges             4247/512000      16988/2048000  ( 0.8%) 
edges                 2247/256000       8988/1024000  ( 0.9%) 
LDR worldlights          6/8192          528/720896   ( 0.1%) 
HDR worldlights          6/8192          528/720896   ( 0.1%) 
leafwaterdata            1/32768          12/393216   ( 0.0%) 
waterstrips             15/32768         150/327680   ( 0.0%) 
waterverts               0/65536           0/786432   ( 0.0%) 
waterindices           225/65536         450/131072   ( 0.3%) 
cubemapsamples           2/1024           32/16384    ( 0.2%) 
overlays                 0/512             0/180224   ( 0.0%) 
LDR lightdata         [variable]     1041804/0        ( 0.0%) 
HDR lightdata         [variable]     1041804/0        ( 0.0%) 
visdata               [variable]        1396/16777216 ( 0.0%) 
entdata               [variable]       31128/393216   ( 7.9%) 
LDR ambient table      490/65536        1960/262144   ( 0.7%) 
HDR ambient table      490/65536        1960/262144   ( 0.7%) 
LDR leaf ambient       851/65536       23828/1835008  ( 1.3%) 
HDR leaf ambient       851/65536       23828/1835008  ( 1.3%) 
occluders                0/0               0/0        ( 0.0%) 
occluder polygons        0/0               0/0        ( 0.0%) 
occluder vert ind        0/0               0/0        ( 0.0%) 
detail props          [variable]           1/12       ( 8.3%) 
static props          [variable]           1/12       ( 8.3%) 
pakfile               [variable]      320154/0        ( 0.0%) 
physics               [variable]       46696/4194304  ( 1.1%) 
physics terrain       [variable]           2/1048576  ( 0.0%) 

Level flags = 0

Total triangle count: 1435
Writing c:\program files (x86)\steam\steamapps\common\sourcesdk_content\hl2mp\mapsrc\test.bsp
1 second elapsed



materialPath: C:\Program Files (x86)\Steam\steamapps\common\Half-Life 2 Deathmatch\hl2mp\materials
Loading C:\Program Files (x86)\Steam\steamapps\common\sourcesdk_content\hl2mp\mapsrc\test.vmf
ConVarRef mat_reduceparticles doesn't point to an existing ConVar
Could not locate 'GameData' key in c:\program files (x86)\steam\steamapps\common\half-life 2 deathmatch\hl2mp\gameinfo.txt
Patching WVT material: maps/test/dev/dev_blendmeasure_wvt_patch
fixing up env_cubemap materials on brush sides...
0...1...2...3...4...5...6...7...8...9...100...1...2...3...4...5...6...7...8...9...10Processing areas...done (0)
Building Faces...done (0)
FixTjuncs...
PruneNodes...
WriteBSP...
done (0)
writing C:\Program Files (x86)\Steam\steamapps\common\sourcesdk_content\hl2mp\mapsrc\test.prt...Building visibility clusters...
done (0)
Creating default LDR cubemaps for env_cubemap using skybox materials:
   skybox/sky_day01_01*.vmt
 ! Run buildcubemaps in the engine to get the correct cube maps.
Creating default HDR cubemaps for env_cubemap using skybox materials:
   skybox/sky_day01_01*.vmt
 ! Run buildcubemaps in the engine to get the correct cube maps.
Finding displacement neighbors...
Finding lightmap sample positions...
Displacement Alpha : 0...1...2...3...4...5...6...7...8...9...10
Building Physics collision data...
done (0) (46696 bytes)
Placing detail props : 0...1...2...3...4...5...6...7...8...9...10
Compacting texture/material tables...
Reduced 268 texinfos to 134
Reduced 29 texdatas to 21 (948 bytes to 706)
Writing C:\Program Files (x86)\Steam\steamapps\common\sourcesdk_content\hl2mp\mapsrc\test.bsp
Wrote ZIP buffer, estimated size 322244, actual size 320154
0 seconds elapsed



12 threads
reading c:\program files (x86)\steam\steamapps\common\sourcesdk_content\hl2mp\mapsrc\test.bsp
reading c:\program files (x86)\steam\steamapps\common\sourcesdk_content\hl2mp\mapsrc\test.prt
  58 portalclusters
 157 numportals
0...1...2...3...4...5...6...7...8...9...100...1...2...3...4...5...6...7...8...9...10Optimized: 0 visible clusters (0.00%)
Total clusters visible: 3232
Average clusters visible: 55
Building PAS...
Average clusters audible: 58
visdatasize:1396  compressed from 928
writing c:\program files (x86)\steam\steamapps\common\sourcesdk_content\hl2mp\mapsrc\test.bsp
0 seconds elapsed



[Reading texlights from 'lights.rad']
[45 texlights parsed from 'lights.rad']

Loading c:\program files (x86)\steam\steamapps\common\sourcesdk_content\hl2mp\mapsrc\test.bsp
570 faces
37063 square feet [5337214.00 square inches]
0 Displacements
0 Square Feet [0.00 Square Inches]
570 patches before subdivision
10630 patches after subdivision
6 direct lights
0...1...2...3...4...5...6...7...8...9...100...1...2...3...4...5...6...7...8...9...10transfers 1160192, max 329
transfer lists:   8.9 megs
0...1...2...3...4...5...6...7...8...9...10	Bounce #1 added RGB(42704, 39297, 29227)
0...1...2...3...4...5...6...7...8...9...10	Bounce #2 added RGB(12369, 10786, 7286)
0...1...2...3...4...5...6...7...8...9...10	Bounce #3 added RGB(3139, 2594, 1606)
0...1...2...3...4...5...6...7...8...9...10	Bounce #4 added RGB(850, 664, 377)
0...1...2...3...4...5...6...7...8...9...10	Bounce #5 added RGB(226, 166, 87)
0...1...2...3...4...5...6...7...8...9...10	Bounce #6 added RGB(61, 42, 20)
0...1...2...3...4...5...6...7...8...9...10	Bounce #7 added RGB(16, 11, 5)
0...1...2...3...4...5...6...7...8...9...10	Bounce #8 added RGB(4, 3, 1)
0...1...2...3...4...5...6...7...8...9...10	Bounce #9 added RGB(1, 1, 0)
0...1...2...3...4...5...6...7...8...9...10	Bounce #10 added RGB(0, 0, 0)
Build Patch/Sample Hash Table(s).....Done<0.0021 sec>
0...1...2...3...4...5...6...7...8...9...10FinalLightFace Done
0 of 0 (0% of) surface lights went in leaf ambient cubes.
0...1...2...3...4...5...6...7...8...9...10Writing leaf ambient...done
Ready to Finish

Object names       Objects/Maxobjs  Memory / Maxmem  Fullness 
------------       ---------------  ---------------  -------- 
models                  35/1024         1680/49152    ( 3.4%) 
brushes                 92/8192         1104/98304    ( 1.1%) 
brushsides             644/65536        5152/524288   ( 1.0%) 
planes                 720/65536       14400/1310720  ( 1.1%) 
vertexes               820/65536        9840/786432   ( 1.3%) 
nodes                  454/65536       14528/2097152  ( 0.7%) 
texinfos               134/12288        9648/884736   ( 1.1%) 
texdata                 21/2048          672/65536    ( 1.0%) 
dispinfos                0/0               0/0        ( 0.0%) 
disp_verts               0/0               0/0        ( 0.0%) 
disp_tris                0/0               0/0        ( 0.0%) 
disp_lmsamples           0/0               0/0        ( 0.0%) 
faces                  570/65536       31920/3670016  ( 0.9%) 
hdr faces                0/65536           0/3670016  ( 0.0%) 
origfaces              406/65536       22736/3670016  ( 0.6%) 
leaves                 490/65536       15680/2097152  ( 0.7%) 
leaffaces              662/65536        1324/131072   ( 1.0%) 
leafbrushes            121/65536         242/131072   ( 0.2%) 
areas                    2/256            16/2048     ( 0.8%) 
surfedges             4247/512000      16988/2048000  ( 0.8%) 
edges                 2247/256000       8988/1024000  ( 0.9%) 
LDR worldlights          6/8192          528/720896   ( 0.1%) 
HDR worldlights          0/8192            0/720896   ( 0.0%) 
leafwaterdata            1/32768          12/393216   ( 0.0%) 
waterstrips             15/32768         150/327680   ( 0.0%) 
waterverts               0/65536           0/786432   ( 0.0%) 
waterindices           225/65536         450/131072   ( 0.3%) 
cubemapsamples           2/1024           32/16384    ( 0.2%) 
overlays                 0/512             0/180224   ( 0.0%) 
LDR lightdata         [variable]     1041804/0        ( 0.0%) 
HDR lightdata         [variable]           0/0        ( 0.0%) 
visdata               [variable]        1396/16777216 ( 0.0%) 
entdata               [variable]       31133/393216   ( 7.9%) 
LDR ambient table      490/65536        1960/262144   ( 0.7%) 
HDR ambient table      490/65536        1960/262144   ( 0.7%) 
LDR leaf ambient       851/65536       23828/1835008  ( 1.3%) 
HDR leaf ambient       490/65536       13720/1835008  ( 0.7%) 
occluders                0/0               0/0        ( 0.0%) 
occluder polygons        0/0               0/0        ( 0.0%) 
occluder vert ind        0/0               0/0        ( 0.0%) 
detail props          [variable]           1/12       ( 8.3%) 
static props          [variable]           1/12       ( 8.3%) 
pakfile               [variable]      320154/0        ( 0.0%) 
physics               [variable]       46696/4194304  ( 1.1%) 
physics terrain       [variable]           2/1048576  ( 0.0%) 

Level flags = 0

Total triangle count: 1435
Writing c:\program files (x86)\steam\steamapps\common\sourcesdk_content\hl2mp\mapsrc\test.bsp
1 second elapsed



[Reading texlights from 'lights.rad']
[45 texlights parsed from 'lights.rad']

Loading c:\program files (x86)\steam\steamapps\common\sourcesdk_content\hl2mp\mapsrc\test.bsp
570 faces
37063 square feet [5337214.00 square inches]
0 Displacements
0 Square Feet [0.00 Square Inches]
570 patches before subdivision
10630 patches after subdivision
6 direct lights
0...1...2...3...4...5...6...7...8...9...100...1...2...3...4...5...6...7...8...9...10transfers 1160192, max 329
transfer lists:   8.9 megs
0...1...2...3...4...5...6...7...8...9...10	Bounce #1 added RGB(42704, 39297, 29227)
0...1...2...3...4...5...6...7...8...9...10	Bounce #2 added RGB(12369, 10786, 7286)
0...1...2...3...4...5...6...7...8...9...10	Bounce #3 added RGB(3139, 2594, 1606)
0...1...2...3...4...5...6...7...8...9...10	Bounce #4 added RGB(850, 664, 377)
0...1...2...3...4...5...6...7...8...9...10	Bounce #5 added RGB(226, 166, 87)
0...1...2...3...4...5...6...7...8...9...10	Bounce #6 added RGB(61, 42, 20)
0...1...2...3...4...5...6...7...8...9...10	Bounce #7 added RGB(16, 11, 5)
0...1...2...3...4...5...6...7...8...9...10	Bounce #8 added RGB(4, 3, 1)
0...1...2...3...4...5...6...7...8...9...10	Bounce #9 added RGB(1, 1, 0)
0...1...2...3...4...5...6...7...8...9...10	Bounce #10 added RGB(0, 0, 0)
Build Patch/Sample Hash Table(s).....Done<0.0021 sec>
0...1...2...3...4...5...6...7...8...9...10FinalLightFace Done
0 of 0 (0% of) surface lights went in leaf ambient cubes.
0...1...2...3...4...5...6...7...8...9...10Writing leaf ambient...done
Ready to Finish

Object names       Objects/Maxobjs  Memory / Maxmem  Fullness 
------------       ---------------  ---------------  -------- 
models                  35/1024         1680/49152    ( 3.4%) 
brushes                 92/8192         1104/98304    ( 1.1%) 
brushsides             644/65536        5152/524288   ( 1.0%) 
planes                 720/65536       14400/1310720  ( 1.1%) 
vertexes               820/65536        9840/786432   ( 1.3%) 
nodes                  454/65536       14528/2097152  ( 0.7%) 
texinfos               134/12288        9648/884736   ( 1.1%) 
texdata                 21/2048          672/65536    ( 1.0%) 
dispinfos                0/0               0/0        ( 0.0%) 
disp_verts               0/0               0/0        ( 0.0%) 
disp_tris                0/0               0/0        ( 0.0%) 
disp_lmsamples           0/0               0/0        ( 0.0%) 
faces                  570/65536       31920/3670016  ( 0.9%) 
hdr faces              570/65536       31920/3670016  ( 0.9%) 
origfaces              406/65536       22736/3670016  ( 0.6%) 
leaves                 490/65536       15680/2097152  ( 0.7%) 
leaffaces              662/65536        1324/131072   ( 1.0%) 
leafbrushes            121/65536         242/131072   ( 0.2%) 
areas                    2/256            16/2048     ( 0.8%) 
surfedges             4247/512000      16988/2048000  ( 0.8%) 
edges                 2247/256000       8988/1024000  ( 0.9%) 
LDR worldlights          6/8192          528/720896   ( 0.1%) 
HDR worldlights          6/8192          528/720896   ( 0.1%) 
leafwaterdata            1/32768          12/393216   ( 0.0%) 
waterstrips             15/32768         150/327680   ( 0.0%) 
waterverts               0/65536           0/786432   ( 0.0%) 
waterindices           225/65536         450/131072   ( 0.3%) 
cubemapsamples           2/1024           32/16384    ( 0.2%) 
overlays                 0/512             0/180224   ( 0.0%) 
LDR lightdata         [variable]     1041804/0        ( 0.0%) 
HDR lightdata         [variable]     1041804/0        ( 0.0%) 
visdata               [variable]        1396/16777216 ( 0.0%) 
entdata               [variable]       31133/393216   ( 7.9%) 
LDR ambient table      490/65536        1960/262144   ( 0.7%) 
HDR ambient table      490/65536        1960/262144   ( 0.7%) 
LDR leaf ambient       851/65536       23828/1835008  ( 1.3%) 
HDR leaf ambient       851/65536       23828/1835008  ( 1.3%) 
occluders                0/0               0/0        ( 0.0%) 
occluder polygons        0/0               0/0        ( 0.0%) 
occluder vert ind        0/0               0/0        ( 0.0%) 
detail props          [variable]           1/12       ( 8.3%) 
static props          [variable]           1/12       ( 8.3%) 
pakfile               [variable]      320154/0        ( 0.0%) 
physics               [variable]       46696/4194304  ( 1.1%) 
physics terrain       [variable]           2/1048576  ( 0.0%) 

Level flags = 0

Total triangle count: 1435
Writing c:\program files (x86)\steam\steamapps\common\sourcesdk_content\hl2mp\mapsrc\test.bsp
1 second elapsed



materialPath: C:\Program Files (x86)\Steam\steamapps\common\Half-Life 2 Deathmatch\hl2mp\materials
Loading C:\Program Files (x86)\Steam\steamapps\common\sourcesdk_content\hl2mp\mapsrc\test.vmf
ConVarRef mat_reduceparticles doesn't point to an existing ConVar
Could not locate 'GameData' key in c:\program files (x86)\steam\steamapps\common\half-life 2 deathmatch\hl2mp\gameinfo.txt
Patching WVT material: maps/test/dev/dev_blendmeasure_wvt_patch
fixing up env_cubemap materials on brush sides...
0...1...2...3...4...5...6...7...8...9...100...1...2...3...4...5...6...7...8...9...10Processing areas...done (0)
Building Faces...done (0)
FixTjuncs...
PruneNodes...
WriteBSP...
done (0)
writing C:\Program Files (x86)\Steam\steamapps\common\sourcesdk_content\hl2mp\mapsrc\test.prt...Building visibility clusters...
done (0)
Creating default LDR cubemaps for env_cubemap using skybox materials:
   skybox/sky_day01_01*.vmt
 ! Run buildcubemaps in the engine to get the correct cube maps.
Creating default HDR cubemaps for env_cubemap using skybox materials:
   skybox/sky_day01_01*.vmt
 ! Run buildcubemaps in the engine to get the correct cube maps.
Finding displacement neighbors...
Finding lightmap sample positions...
Displacement Alpha : 0...1...2...3...4...5...6...7...8...9...10
Building Physics collision data...
done (0) (43672 bytes)
Placing detail props : 0...1...2...3...4...5...6...7...8...9...10
Compacting texture/material tables...
Reduced 248 texinfos to 123
Reduced 25 texdatas to 18 (801 bytes to 586)
Writing C:\Program Files (x86)\Steam\steamapps\common\sourcesdk_content\hl2mp\mapsrc\test.bsp
Wrote ZIP buffer, estimated size 321316, actual size 319494
0 seconds elapsed



12 threads
reading c:\program files (x86)\steam\steamapps\common\sourcesdk_content\hl2mp\mapsrc\test.bsp
reading c:\program files (x86)\steam\steamapps\common\sourcesdk_content\hl2mp\mapsrc\test.prt
  58 portalclusters
 157 numportals
0...1...2...3...4...5...6...7...8...9...100...1...2...3...4...5...6...7...8...9...10Optimized: 0 visible clusters (0.00%)
Total clusters visible: 3232
Average clusters visible: 55
Building PAS...
Average clusters audible: 58
visdatasize:1396  compressed from 928
writing c:\program files (x86)\steam\steamapps\common\sourcesdk_content\hl2mp\mapsrc\test.bsp
0 seconds elapsed



[Reading texlights from 'lights.rad']
[45 texlights parsed from 'lights.rad']

Loading c:\program files (x86)\steam\steamapps\common\sourcesdk_content\hl2mp\mapsrc\test.bsp
538 faces
36994 square feet [5327218.00 square inches]
0 Displacements
0 Square Feet [0.00 Square Inches]
538 patches before subdivision
10586 patches after subdivision
6 direct lights
0...1...2...3...4...5...6...7...8...9...100...1...2...3...4...5...6...7...8...9...10transfers 1152520, max 329
transfer lists:   8.8 megs
0...1...2...3...4...5...6...7...8...9...10	Bounce #1 added RGB(42112, 38739, 28815)
0...1...2...3...4...5...6...7...8...9...10	Bounce #2 added RGB(12302, 10726, 7244)
0...1...2...3...4...5...6...7...8...9...10	Bounce #3 added RGB(3119, 2577, 1596)
0...1...2...3...4...5...6...7...8...9...10	Bounce #4 added RGB(845, 660, 375)
0...1...2...3...4...5...6...7...8...9...10	Bounce #5 added RGB(225, 165, 86)
0...1...2...3...4...5...6...7...8...9...10	Bounce #6 added RGB(61, 42, 20)
0...1...2...3...4...5...6...7...8...9...10	Bounce #7 added RGB(16, 11, 5)
0...1...2...3...4...5...6...7...8...9...10	Bounce #8 added RGB(4, 3, 1)
0...1...2...3...4...5...6...7...8...9...10	Bounce #9 added RGB(1, 1, 0)
0...1...2...3...4...5...6...7...8...9...10	Bounce #10 added RGB(0, 0, 0)
Build Patch/Sample Hash Table(s).....Done<0.0021 sec>
0...1...2...3...4...5...6...7...8...9...10FinalLightFace Done
0 of 0 (0% of) surface lights went in leaf ambient cubes.
0...1...2...3...4...5...6...7...8...9...10Writing leaf ambient...done
Ready to Finish

Object names       Objects/Maxobjs  Memory / Maxmem  Fullness 
------------       ---------------  ---------------  -------- 
models                  32/1024         1536/49152    ( 3.1%) 
brushes                 86/8192         1032/98304    ( 1.0%) 
brushsides             608/65536        4864/524288   ( 0.9%) 
planes                 718/65536       14360/1310720  ( 1.1%) 
vertexes               780/65536        9360/786432   ( 1.2%) 
nodes                  428/65536       13696/2097152  ( 0.7%) 
texinfos               123/12288        8856/884736   ( 1.0%) 
texdata                 18/2048          576/65536    ( 0.9%) 
dispinfos                0/0               0/0        ( 0.0%) 
disp_verts               0/0               0/0        ( 0.0%) 
disp_tris                0/0               0/0        ( 0.0%) 
disp_lmsamples           0/0               0/0        ( 0.0%) 
faces                  538/65536       30128/3670016  ( 0.8%) 
hdr faces                0/65536           0/3670016  ( 0.0%) 
origfaces              374/65536       20944/3670016  ( 0.6%) 
leaves                 461/65536       14752/2097152  ( 0.7%) 
leaffaces              630/65536        1260/131072   ( 1.0%) 
leafbrushes            115/65536         230/131072   ( 0.2%) 
areas                    2/256            16/2048     ( 0.8%) 
surfedges             3983/512000      15932/2048000  ( 0.8%) 
edges                 2107/256000       8428/1024000  ( 0.8%) 
LDR worldlights          6/8192          528/720896   ( 0.1%) 
HDR worldlights          0/8192            0/720896   ( 0.0%) 
leafwaterdata            1/32768          12/393216   ( 0.0%) 
waterstrips             15/32768         150/327680   ( 0.0%) 
waterverts               0/65536           0/786432   ( 0.0%) 
waterindices           225/65536         450/131072   ( 0.3%) 
cubemapsamples           2/1024           32/16384    ( 0.2%) 
overlays                 0/512             0/180224   ( 0.0%) 
LDR lightdata         [variable]     1040672/0        ( 0.0%) 
HDR lightdata         [variable]           0/0        ( 0.0%) 
visdata               [variable]        1396/16777216 ( 0.0%) 
entdata               [variable]       29293/393216   ( 7.4%) 
LDR ambient table      461/65536        1844/262144   ( 0.7%) 
HDR ambient table      461/65536        1844/262144   ( 0.7%) 
LDR leaf ambient       816/65536       22848/1835008  ( 1.2%) 
HDR leaf ambient       461/65536       12908/1835008  ( 0.7%) 
occluders                0/0               0/0        ( 0.0%) 
occluder polygons        0/0               0/0        ( 0.0%) 
occluder vert ind        0/0               0/0        ( 0.0%) 
detail props          [variable]           1/12       ( 8.3%) 
static props          [variable]           1/12       ( 8.3%) 
pakfile               [variable]      319494/0        ( 0.0%) 
physics               [variable]       43672/4194304  ( 1.0%) 
physics terrain       [variable]           2/1048576  ( 0.0%) 

Level flags = 0

Total triangle count: 1363
Writing c:\program files (x86)\steam\steamapps\common\sourcesdk_content\hl2mp\mapsrc\test.bsp
1 second elapsed



[Reading texlights from 'lights.rad']
[45 texlights parsed from 'lights.rad']

Loading c:\program files (x86)\steam\steamapps\common\sourcesdk_content\hl2mp\mapsrc\test.bsp
538 faces
36994 square feet [5327218.00 square inches]
0 Displacements
0 Square Feet [0.00 Square Inches]
538 patches before subdivision
10586 patches after subdivision
6 direct lights
0...1...2...3...4...5...6...7...8...9...100...1...2...3...4...5...6...7...8...9...10transfers 1152520, max 329
transfer lists:   8.8 megs
0...1...2...3...4...5...6...7...8...9...10	Bounce #1 added RGB(42114, 38741, 28816)
0...1...2...3...4...5...6...7...8...9...10	Bounce #2 added RGB(12302, 10726, 7244)
0...1...2...3...4...5...6...7...8...9...10	Bounce #3 added RGB(3119, 2577, 1596)
0...1...2...3...4...5...6...7...8...9...10	Bounce #4 added RGB(845, 660, 375)
0...1...2...3...4...5...6...7...8...9...10	Bounce #5 added RGB(225, 165, 86)
0...1...2...3...4...5...6...7...8...9...10	Bounce #6 added RGB(61, 42, 20)
0...1...2...3...4...5...6...7...8...9...10	Bounce #7 added RGB(16, 11, 5)
0...1...2...3...4...5...6...7...8...9...10	Bounce #8 added RGB(4, 3, 1)
0...1...2...3...4...5...6...7...8...9...10	Bounce #9 added RGB(1, 1, 0)
0...1...2...3...4...5...6...7...8...9...10	Bounce #10 added RGB(0, 0, 0)
Build Patch/Sample Hash Table(s).....Done<0.0020 sec>
0...1...2...3...4...5...6...7...8...9...10FinalLightFace Done
0 of 0 (0% of) surface lights went in leaf ambient cubes.
0...1...2...3...4...5...6...7...8...9...10Writing leaf ambient...done
Ready to Finish

Object names       Objects/Maxobjs  Memory / Maxmem  Fullness 
------------       ---------------  ---------------  -------- 
models                  32/1024         1536/49152    ( 3.1%) 
brushes                 86/8192         1032/98304    ( 1.0%) 
brushsides             608/65536        4864/524288   ( 0.9%) 
planes                 718/65536       14360/1310720  ( 1.1%) 
vertexes               780/65536        9360/786432   ( 1.2%) 
nodes                  428/65536       13696/2097152  ( 0.7%) 
texinfos               123/12288        8856/884736   ( 1.0%) 
texdata                 18/2048          576/65536    ( 0.9%) 
dispinfos                0/0               0/0        ( 0.0%) 
disp_verts               0/0               0/0        ( 0.0%) 
disp_tris                0/0               0/0        ( 0.0%) 
disp_lmsamples           0/0               0/0        ( 0.0%) 
faces                  538/65536       30128/3670016  ( 0.8%) 
hdr faces              538/65536       30128/3670016  ( 0.8%) 
origfaces              374/65536       20944/3670016  ( 0.6%) 
leaves                 461/65536       14752/2097152  ( 0.7%) 
leaffaces              630/65536        1260/131072   ( 1.0%) 
leafbrushes            115/65536         230/131072   ( 0.2%) 
areas                    2/256            16/2048     ( 0.8%) 
surfedges             3983/512000      15932/2048000  ( 0.8%) 
edges                 2107/256000       8428/1024000  ( 0.8%) 
LDR worldlights          6/8192          528/720896   ( 0.1%) 
HDR worldlights          6/8192          528/720896   ( 0.1%) 
leafwaterdata            1/32768          12/393216   ( 0.0%) 
waterstrips             15/32768         150/327680   ( 0.0%) 
waterverts               0/65536           0/786432   ( 0.0%) 
waterindices           225/65536         450/131072   ( 0.3%) 
cubemapsamples           2/1024           32/16384    ( 0.2%) 
overlays                 0/512             0/180224   ( 0.0%) 
LDR lightdata         [variable]     1040672/0        ( 0.0%) 
HDR lightdata         [variable]     1040672/0        ( 0.0%) 
visdata               [variable]        1396/16777216 ( 0.0%) 
entdata               [variable]       29293/393216   ( 7.4%) 
LDR ambient table      461/65536        1844/262144   ( 0.7%) 
HDR ambient table      461/65536        1844/262144   ( 0.7%) 
LDR leaf ambient       816/65536       22848/1835008  ( 1.2%) 
HDR leaf ambient       817/65536       22876/1835008  ( 1.2%) 
occluders                0/0               0/0        ( 0.0%) 
occluder polygons        0/0               0/0        ( 0.0%) 
occluder vert ind        0/0               0/0        ( 0.0%) 
detail props          [variable]           1/12       ( 8.3%) 
static props          [variable]           1/12       ( 8.3%) 
pakfile               [variable]      319494/0        ( 0.0%) 
physics               [variable]       43672/4194304  ( 1.0%) 
physics terrain       [variable]           2/1048576  ( 0.0%) 

Level flags = 0

Total triangle count: 1363
Writing c:\program files (x86)\steam\steamapps\common\sourcesdk_content\hl2mp\mapsrc\test.bsp
1 second elapsed



materialPath: C:\Program Files (x86)\Steam\steamapps\common\Half-Life 2 Deathmatch\hl2mp\materials
Loading C:\Program Files (x86)\Steam\steamapps\common\sourcesdk_content\hl2mp\mapsrc\test.vmf
ConVarRef mat_reduceparticles doesn't point to an existing ConVar
Could not locate 'GameData' key in c:\program files (x86)\steam\steamapps\common\half-life 2 deathmatch\hl2mp\gameinfo.txt
Patching WVT material: maps/test/dev/dev_blendmeasure_wvt_patch
fixing up env_cubemap materials on brush sides...
0...1...2...3...4...5...6...7...8...9...100...1...2...3...4...5...6...7...8...9...10Processing areas...done (0)
Building Faces...done (0)
FixTjuncs...
PruneNodes...
WriteBSP...
done (0)
writing C:\Program Files (x86)\Steam\steamapps\common\sourcesdk_content\hl2mp\mapsrc\test.prt...Building visibility clusters...
done (0)
Creating default LDR cubemaps for env_cubemap using skybox materials:
   skybox/sky_day01_01*.vmt
 ! Run buildcubemaps in the engine to get the correct cube maps.
Creating default HDR cubemaps for env_cubemap using skybox materials:
   skybox/sky_day01_01*.vmt
 ! Run buildcubemaps in the engine to get the correct cube maps.
Finding displacement neighbors...
Finding lightmap sample positions...
Displacement Alpha : 0...1...2...3...4...5...6...7...8...9...10
Building Physics collision data...
done (0) (43672 bytes)
Placing detail props : 0...1...2...3...4...5...6...7...8...9...10
Compacting texture/material tables...
Reduced 248 texinfos to 123
Reduced 25 texdatas to 18 (801 bytes to 586)
Writing C:\Program Files (x86)\Steam\steamapps\common\sourcesdk_content\hl2mp\mapsrc\test.bsp
Wrote ZIP buffer, estimated size 321316, actual size 319494
0 seconds elapsed



12 threads
reading c:\program files (x86)\steam\steamapps\common\sourcesdk_content\hl2mp\mapsrc\test.bsp
reading c:\program files (x86)\steam\steamapps\common\sourcesdk_content\hl2mp\mapsrc\test.prt
  58 portalclusters
 157 numportals
0...1...2...3...4...5...6...7...8...9...100...1...2...3...4...5...6...7...8...9...10Optimized: 0 visible clusters (0.00%)
Total clusters visible: 3232
Average clusters visible: 55
Building PAS...
Average clusters audible: 58
visdatasize:1396  compressed from 928
writing c:\program files (x86)\steam\steamapps\common\sourcesdk_content\hl2mp\mapsrc\test.bsp
0 seconds elapsed



[Reading texlights from 'lights.rad']
[45 texlights parsed from 'lights.rad']

Loading c:\program files (x86)\steam\steamapps\common\sourcesdk_content\hl2mp\mapsrc\test.bsp
538 faces
36995 square feet [5327294.00 square inches]
0 Displacements
0 Square Feet [0.00 Square Inches]
538 patches before subdivision
10586 patches after subdivision
6 direct lights
0...1...2...3...4...5...6...7...8...9...100...1...2...3...4...5...6...7...8...9...10transfers 1152529, max 329
transfer lists:   8.8 megs
0...1...2...3...4...5...6...7...8...9...10	Bounce #1 added RGB(42108, 38736, 28813)
0...1...2...3...4...5...6...7...8...9...10	Bounce #2 added RGB(12302, 10726, 7244)
0...1...2...3...4...5...6...7...8...9...10	Bounce #3 added RGB(3119, 2577, 1596)
0...1...2...3...4...5...6...7...8...9...10	Bounce #4 added RGB(845, 660, 375)
0...1...2...3...4...5...6...7...8...9...10	Bounce #5 added RGB(225, 165, 86)
0...1...2...3...4...5...6...7...8...9...10	Bounce #6 added RGB(61, 42, 20)
0...1...2...3...4...5...6...7...8...9...10	Bounce #7 added RGB(16, 11, 5)
0...1...2...3...4...5...6...7...8...9...10	Bounce #8 added RGB(4, 3, 1)
0...1...2...3...4...5...6...7...8...9...10	Bounce #9 added RGB(1, 1, 0)
0...1...2...3...4...5...6...7...8...9...10	Bounce #10 added RGB(0, 0, 0)
Build Patch/Sample Hash Table(s).....Done<0.0021 sec>
0...1...2...3...4...5...6...7...8...9...10FinalLightFace Done
0 of 0 (0% of) surface lights went in leaf ambient cubes.
0...1...2...3...4...5...6...7...8...9...10Writing leaf ambient...done
Ready to Finish

Object names       Objects/Maxobjs  Memory / Maxmem  Fullness 
------------       ---------------  ---------------  -------- 
models                  32/1024         1536/49152    ( 3.1%) 
brushes                 86/8192         1032/98304    ( 1.0%) 
brushsides             608/65536        4864/524288   ( 0.9%) 
planes                 720/65536       14400/1310720  ( 1.1%) 
vertexes               780/65536        9360/786432   ( 1.2%) 
nodes                  428/65536       13696/2097152  ( 0.7%) 
texinfos               123/12288        8856/884736   ( 1.0%) 
texdata                 18/2048          576/65536    ( 0.9%) 
dispinfos                0/0               0/0        ( 0.0%) 
disp_verts               0/0               0/0        ( 0.0%) 
disp_tris                0/0               0/0        ( 0.0%) 
disp_lmsamples           0/0               0/0        ( 0.0%) 
faces                  538/65536       30128/3670016  ( 0.8%) 
hdr faces                0/65536           0/3670016  ( 0.0%) 
origfaces              374/65536       20944/3670016  ( 0.6%) 
leaves                 461/65536       14752/2097152  ( 0.7%) 
leaffaces              630/65536        1260/131072   ( 1.0%) 
leafbrushes            115/65536         230/131072   ( 0.2%) 
areas                    2/256            16/2048     ( 0.8%) 
surfedges             3983/512000      15932/2048000  ( 0.8%) 
edges                 2107/256000       8428/1024000  ( 0.8%) 
LDR worldlights          6/8192          528/720896   ( 0.1%) 
HDR worldlights          0/8192            0/720896   ( 0.0%) 
leafwaterdata            1/32768          12/393216   ( 0.0%) 
waterstrips             15/32768         150/327680   ( 0.0%) 
waterverts               0/65536           0/786432   ( 0.0%) 
waterindices           225/65536         450/131072   ( 0.3%) 
cubemapsamples           2/1024           32/16384    ( 0.2%) 
overlays                 0/512             0/180224   ( 0.0%) 
LDR lightdata         [variable]     1040736/0        ( 0.0%) 
HDR lightdata         [variable]           0/0        ( 0.0%) 
visdata               [variable]        1396/16777216 ( 0.0%) 
entdata               [variable]       29292/393216   ( 7.4%) 
LDR ambient table      461/65536        1844/262144   ( 0.7%) 
HDR ambient table      461/65536        1844/262144   ( 0.7%) 
LDR leaf ambient       816/65536       22848/1835008  ( 1.2%) 
HDR leaf ambient       461/65536       12908/1835008  ( 0.7%) 
occluders                0/0               0/0        ( 0.0%) 
occluder polygons        0/0               0/0        ( 0.0%) 
occluder vert ind        0/0               0/0        ( 0.0%) 
detail props          [variable]           1/12       ( 8.3%) 
static props          [variable]           1/12       ( 8.3%) 
pakfile               [variable]      319494/0        ( 0.0%) 
physics               [variable]       43672/4194304  ( 1.0%) 
physics terrain       [variable]           2/1048576  ( 0.0%) 

Level flags = 0

Total triangle count: 1363
Writing c:\program files (x86)\steam\steamapps\common\sourcesdk_content\hl2mp\mapsrc\test.bsp
1 second elapsed



[Reading texlights from 'lights.rad']
[45 texlights parsed from 'lights.rad']

Loading c:\program files (x86)\steam\steamapps\common\sourcesdk_content\hl2mp\mapsrc\test.bsp
538 faces
36995 square feet [5327294.00 square inches]
0 Displacements
0 Square Feet [0.00 Square Inches]
538 patches before subdivision
10586 patches after subdivision
6 direct lights
0...1...2...3...4...5...6...7...8...9...100...1...2...3...4...5...6...7...8...9...10transfers 1152529, max 329
transfer lists:   8.8 megs
0...1...2...3...4...5...6...7...8...9...10	Bounce #1 added RGB(42108, 38736, 28813)
0...1...2...3...4...5...6...7...8...9...10	Bounce #2 added RGB(12302, 10726, 7244)
0...1...2...3...4...5...6...7...8...9...10	Bounce #3 added RGB(3119, 2577, 1596)
0...1...2...3...4...5...6...7...8...9...10	Bounce #4 added RGB(845, 660, 375)
0...1...2...3...4...5...6...7...8...9...10	Bounce #5 added RGB(225, 165, 86)
0...1...2...3...4...5...6...7...8...9...10	Bounce #6 added RGB(61, 42, 20)
0...1...2...3...4...5...6...7...8...9...10	Bounce #7 added RGB(16, 11, 5)
0...1...2...3...4...5...6...7...8...9...10	Bounce #8 added RGB(4, 3, 1)
0...1...2...3...4...5...6...7...8...9...10	Bounce #9 added RGB(1, 1, 0)
0...1...2...3...4...5...6...7...8...9...10	Bounce #10 added RGB(0, 0, 0)
Build Patch/Sample Hash Table(s).....Done<0.0021 sec>
0...1...2...3...4...5...6...7...8...9...10FinalLightFace Done
0 of 0 (0% of) surface lights went in leaf ambient cubes.
0...1...2...3...4...5...6...7...8...9...10Writing leaf ambient...done
Ready to Finish

Object names       Objects/Maxobjs  Memory / Maxmem  Fullness 
------------       ---------------  ---------------  -------- 
models                  32/1024         1536/49152    ( 3.1%) 
brushes                 86/8192         1032/98304    ( 1.0%) 
brushsides             608/65536        4864/524288   ( 0.9%) 
planes                 720/65536       14400/1310720  ( 1.1%) 
vertexes               780/65536        9360/786432   ( 1.2%) 
nodes                  428/65536       13696/2097152  ( 0.7%) 
texinfos               123/12288        8856/884736   ( 1.0%) 
texdata                 18/2048          576/65536    ( 0.9%) 
dispinfos                0/0               0/0        ( 0.0%) 
disp_verts               0/0               0/0        ( 0.0%) 
disp_tris                0/0               0/0        ( 0.0%) 
disp_lmsamples           0/0               0/0        ( 0.0%) 
faces                  538/65536       30128/3670016  ( 0.8%) 
hdr faces              538/65536       30128/3670016  ( 0.8%) 
origfaces              374/65536       20944/3670016  ( 0.6%) 
leaves                 461/65536       14752/2097152  ( 0.7%) 
leaffaces              630/65536        1260/131072   ( 1.0%) 
leafbrushes            115/65536         230/131072   ( 0.2%) 
areas                    2/256            16/2048     ( 0.8%) 
surfedges             3983/512000      15932/2048000  ( 0.8%) 
edges                 2107/256000       8428/1024000  ( 0.8%) 
LDR worldlights          6/8192          528/720896   ( 0.1%) 
HDR worldlights          6/8192          528/720896   ( 0.1%) 
leafwaterdata            1/32768          12/393216   ( 0.0%) 
waterstrips             15/32768         150/327680   ( 0.0%) 
waterverts               0/65536           0/786432   ( 0.0%) 
waterindices           225/65536         450/131072   ( 0.3%) 
cubemapsamples           2/1024           32/16384    ( 0.2%) 
overlays                 0/512             0/180224   ( 0.0%) 
LDR lightdata         [variable]     1040736/0        ( 0.0%) 
HDR lightdata         [variable]     1040736/0        ( 0.0%) 
visdata               [variable]        1396/16777216 ( 0.0%) 
entdata               [variable]       29292/393216   ( 7.4%) 
LDR ambient table      461/65536        1844/262144   ( 0.7%) 
HDR ambient table      461/65536        1844/262144   ( 0.7%) 
LDR leaf ambient       816/65536       22848/1835008  ( 1.2%) 
HDR leaf ambient       816/65536       22848/1835008  ( 1.2%) 
occluders                0/0               0/0        ( 0.0%) 
occluder polygons        0/0               0/0        ( 0.0%) 
occluder vert ind        0/0               0/0        ( 0.0%) 
detail props          [variable]           1/12       ( 8.3%) 
static props          [variable]           1/12       ( 8.3%) 
pakfile               [variable]      319494/0        ( 0.0%) 
physics               [variable]       43672/4194304  ( 1.0%) 
physics terrain       [variable]           2/1048576  ( 0.0%) 

Level flags = 0

Total triangle count: 1363
Writing c:\program files (x86)\steam\steamapps\common\sourcesdk_content\hl2mp\mapsrc\test.bsp
1 second elapsed



materialPath: C:\Program Files (x86)\Steam\steamapps\common\Half-Life 2 Deathmatch\hl2mp\materials
Loading C:\Program Files (x86)\Steam\steamapps\common\sourcesdk_content\hl2mp\mapsrc\test.vmf
ConVarRef mat_reduceparticles doesn't point to an existing ConVar
Could not locate 'GameData' key in c:\program files (x86)\steam\steamapps\common\half-life 2 deathmatch\hl2mp\gameinfo.txt
Patching WVT material: maps/test/dev/dev_blendmeasure_wvt_patch
fixing up env_cubemap materials on brush sides...
0...1...2...3...4...5...6...7...8...9...100...1...2...3...4...5...6...7...8...9...10Processing areas...done (0)
Building Faces...done (0)
FixTjuncs...
PruneNodes...
WriteBSP...
done (0)
writing C:\Program Files (x86)\Steam\steamapps\common\sourcesdk_content\hl2mp\mapsrc\test.prt...Building visibility clusters...
done (0)
Creating default LDR cubemaps for env_cubemap using skybox materials:
   skybox/sky_day01_01*.vmt
 ! Run buildcubemaps in the engine to get the correct cube maps.
Creating default HDR cubemaps for env_cubemap using skybox materials:
   skybox/sky_day01_01*.vmt
 ! Run buildcubemaps in the engine to get the correct cube maps.
Finding displacement neighbors...
Finding lightmap sample positions...
Displacement Alpha : 0...1...2...3...4...5...6...7...8...9...10
Building Physics collision data...
done (0) (43433 bytes)
Placing detail props : 0...1...2...3...4...5...6...7...8...9...10
Compacting texture/material tables...
Reduced 258 texinfos to 127
Reduced 25 texdatas to 18 (801 bytes to 586)
Writing C:\Program Files (x86)\Steam\steamapps\common\sourcesdk_content\hl2mp\mapsrc\test.bsp
Wrote ZIP buffer, estimated size 321316, actual size 319494
0 seconds elapsed



12 threads
reading c:\program files (x86)\steam\steamapps\common\sourcesdk_content\hl2mp\mapsrc\test.bsp
reading c:\program files (x86)\steam\steamapps\common\sourcesdk_content\hl2mp\mapsrc\test.prt
  47 portalclusters
 128 numportals
0...1...2...3...4...5...6...7...8...9...100...1...2...3...4...5...6...7...8...9...10Optimized: 0 visible clusters (0.00%)
Total clusters visible: 1907
Average clusters visible: 40
Building PAS...
Average clusters audible: 47
visdatasize:954  compressed from 752
writing c:\program files (x86)\steam\steamapps\common\sourcesdk_content\hl2mp\mapsrc\test.bsp
0 seconds elapsed



[Reading texlights from 'lights.rad']
[45 texlights parsed from 'lights.rad']

Loading c:\program files (x86)\steam\steamapps\common\sourcesdk_content\hl2mp\mapsrc\test.bsp
531 faces
36985 square feet [5325870.00 square inches]
0 Displacements
0 Square Feet [0.00 Square Inches]
531 patches before subdivision
10585 patches after subdivision
6 direct lights
0...1...2...3...4...5...6...7...8...9...100...1...2...3...4...5...6...7...8...9...10transfers 1133282, max 328
transfer lists:   8.6 megs
0...1...2...3...4...5...6...7...8...9...10	Bounce #1 added RGB(41963, 38674, 28790)
0...1...2...3...4...5...6...7...8...9...10	Bounce #2 added RGB(12308, 10741, 7258)
0...1...2...3...4...5...6...7...8...9...10	Bounce #3 added RGB(3106, 2576, 1598)
0...1...2...3...4...5...6...7...8...9...10	Bounce #4 added RGB(844, 660, 375)
0...1...2...3...4...5...6...7...8...9...10	Bounce #5 added RGB(224, 165, 86)
0...1...2...3...4...5...6...7...8...9...10	Bounce #6 added RGB(60, 42, 20)
0...1...2...3...4...5...6...7...8...9...10	Bounce #7 added RGB(16, 11, 5)
0...1...2...3...4...5...6...7...8...9...10	Bounce #8 added RGB(4, 3, 1)
0...1...2...3...4...5...6...7...8...9...10	Bounce #9 added RGB(1, 1, 0)
0...1...2...3...4...5...6...7...8...9...10	Bounce #10 added RGB(0, 0, 0)
Build Patch/Sample Hash Table(s).....Done<0.0022 sec>
0...1...2...3...4...5...6...7...8...9...10FinalLightFace Done
0 of 0 (0% of) surface lights went in leaf ambient cubes.
0...1...2...3...4...5...6...7...8...9...10Writing leaf ambient...done
Ready to Finish

Object names       Objects/Maxobjs  Memory / Maxmem  Fullness 
------------       ---------------  ---------------  -------- 
models                  33/1024         1584/49152    ( 3.2%) 
brushes                 85/8192         1020/98304    ( 1.0%) 
brushsides             602/65536        4816/524288   ( 0.9%) 
planes                 724/65536       14480/1310720  ( 1.1%) 
vertexes               771/65536        9252/786432   ( 1.2%) 
nodes                  420/65536       13440/2097152  ( 0.6%) 
texinfos               127/12288        9144/884736   ( 1.0%) 
texdata                 18/2048          576/65536    ( 0.9%) 
dispinfos                0/0               0/0        ( 0.0%) 
disp_verts               0/0               0/0        ( 0.0%) 
disp_tris                0/0               0/0        ( 0.0%) 
disp_lmsamples           0/0               0/0        ( 0.0%) 
faces                  531/65536       29736/3670016  ( 0.8%) 
hdr faces                0/65536           0/3670016  ( 0.0%) 
origfaces              369/65536       20664/3670016  ( 0.6%) 
leaves                 454/65536       14528/2097152  ( 0.7%) 
leaffaces              598/65536        1196/131072   ( 0.9%) 
leafbrushes            113/65536         226/131072   ( 0.2%) 
areas                    2/256            16/2048     ( 0.8%) 
surfedges             3931/512000      15724/2048000  ( 0.8%) 
edges                 2079/256000       8316/1024000  ( 0.8%) 
LDR worldlights          6/8192          528/720896   ( 0.1%) 
HDR worldlights          0/8192            0/720896   ( 0.0%) 
leafwaterdata            1/32768          12/393216   ( 0.0%) 
waterstrips             16/32768         160/327680   ( 0.0%) 
waterverts               0/65536           0/786432   ( 0.0%) 
waterindices           225/65536         450/131072   ( 0.3%) 
cubemapsamples           2/1024           32/16384    ( 0.2%) 
overlays                 0/512             0/180224   ( 0.0%) 
LDR lightdata         [variable]     1045504/0        ( 0.0%) 
HDR lightdata         [variable]           0/0        ( 0.0%) 
visdata               [variable]         954/16777216 ( 0.0%) 
entdata               [variable]       29904/393216   ( 7.6%) 
LDR ambient table      454/65536        1816/262144   ( 0.7%) 
HDR ambient table      454/65536        1816/262144   ( 0.7%) 
LDR leaf ambient       760/65536       21280/1835008  ( 1.2%) 
HDR leaf ambient       454/65536       12712/1835008  ( 0.7%) 
occluders                0/0               0/0        ( 0.0%) 
occluder polygons        0/0               0/0        ( 0.0%) 
occluder vert ind        0/0               0/0        ( 0.0%) 
detail props          [variable]           1/12       ( 8.3%) 
static props          [variable]           1/12       ( 8.3%) 
pakfile               [variable]      319494/0        ( 0.0%) 
physics               [variable]       43433/4194304  ( 1.0%) 
physics terrain       [variable]           2/1048576  ( 0.0%) 

Level flags = 0

Total triangle count: 1345
Writing c:\program files (x86)\steam\steamapps\common\sourcesdk_content\hl2mp\mapsrc\test.bsp
1 second elapsed



[Reading texlights from 'lights.rad']
[45 texlights parsed from 'lights.rad']

Loading c:\program files (x86)\steam\steamapps\common\sourcesdk_content\hl2mp\mapsrc\test.bsp
531 faces
36985 square feet [5325870.00 square inches]
0 Displacements
0 Square Feet [0.00 Square Inches]
531 patches before subdivision
10585 patches after subdivision
6 direct lights
0...1...2...3...4...5...6...7...8...9...100...1...2...3...4...5...6...7...8...9...10transfers 1133282, max 328
transfer lists:   8.6 megs
0...1...2...3...4...5...6...7...8...9...10	Bounce #1 added RGB(41963, 38674, 28790)
0...1...2...3...4...5...6...7...8...9...10	Bounce #2 added RGB(12308, 10741, 7258)
0...1...2...3...4...5...6...7...8...9...10	Bounce #3 added RGB(3106, 2576, 1598)
0...1...2...3...4...5...6...7...8...9...10	Bounce #4 added RGB(844, 660, 375)
0...1...2...3...4...5...6...7...8...9...10	Bounce #5 added RGB(224, 165, 86)
0...1...2...3...4...5...6...7...8...9...10	Bounce #6 added RGB(60, 42, 20)
0...1...2...3...4...5...6...7...8...9...10	Bounce #7 added RGB(16, 11, 5)
0...1...2...3...4...5...6...7...8...9...10	Bounce #8 added RGB(4, 3, 1)
0...1...2...3...4...5...6...7...8...9...10	Bounce #9 added RGB(1, 1, 0)
0...1...2...3...4...5...6...7...8...9...10	Bounce #10 added RGB(0, 0, 0)
Build Patch/Sample Hash Table(s).....Done<0.0023 sec>
0...1...2...3...4...5...6...7...8...9...10FinalLightFace Done
0 of 0 (0% of) surface lights went in leaf ambient cubes.
0...1...2...3...4...5...6...7...8...9...10Writing leaf ambient...done
Ready to Finish

Object names       Objects/Maxobjs  Memory / Maxmem  Fullness 
------------       ---------------  ---------------  -------- 
models                  33/1024         1584/49152    ( 3.2%) 
brushes                 85/8192         1020/98304    ( 1.0%) 
brushsides             602/65536        4816/524288   ( 0.9%) 
planes                 724/65536       14480/1310720  ( 1.1%) 
vertexes               771/65536        9252/786432   ( 1.2%) 
nodes                  420/65536       13440/2097152  ( 0.6%) 
texinfos               127/12288        9144/884736   ( 1.0%) 
texdata                 18/2048          576/65536    ( 0.9%) 
dispinfos                0/0               0/0        ( 0.0%) 
disp_verts               0/0               0/0        ( 0.0%) 
disp_tris                0/0               0/0        ( 0.0%) 
disp_lmsamples           0/0               0/0        ( 0.0%) 
faces                  531/65536       29736/3670016  ( 0.8%) 
hdr faces              531/65536       29736/3670016  ( 0.8%) 
origfaces              369/65536       20664/3670016  ( 0.6%) 
leaves                 454/65536       14528/2097152  ( 0.7%) 
leaffaces              598/65536        1196/131072   ( 0.9%) 
leafbrushes            113/65536         226/131072   ( 0.2%) 
areas                    2/256            16/2048     ( 0.8%) 
surfedges             3931/512000      15724/2048000  ( 0.8%) 
edges                 2079/256000       8316/1024000  ( 0.8%) 
LDR worldlights          6/8192          528/720896   ( 0.1%) 
HDR worldlights          6/8192          528/720896   ( 0.1%) 
leafwaterdata            1/32768          12/393216   ( 0.0%) 
waterstrips             16/32768         160/327680   ( 0.0%) 
waterverts               0/65536           0/786432   ( 0.0%) 
waterindices           225/65536         450/131072   ( 0.3%) 
cubemapsamples           2/1024           32/16384    ( 0.2%) 
overlays                 0/512             0/180224   ( 0.0%) 
LDR lightdata         [variable]     1045504/0        ( 0.0%) 
HDR lightdata         [variable]     1045504/0        ( 0.0%) 
visdata               [variable]         954/16777216 ( 0.0%) 
entdata               [variable]       29904/393216   ( 7.6%) 
LDR ambient table      454/65536        1816/262144   ( 0.7%) 
HDR ambient table      454/65536        1816/262144   ( 0.7%) 
LDR leaf ambient       760/65536       21280/1835008  ( 1.2%) 
HDR leaf ambient       760/65536       21280/1835008  ( 1.2%) 
occluders                0/0               0/0        ( 0.0%) 
occluder polygons        0/0               0/0        ( 0.0%) 
occluder vert ind        0/0               0/0        ( 0.0%) 
detail props          [variable]           1/12       ( 8.3%) 
static props          [variable]           1/12       ( 8.3%) 
pakfile               [variable]      319494/0        ( 0.0%) 
physics               [variable]       43433/4194304  ( 1.0%) 
physics terrain       [variable]           2/1048576  ( 0.0%) 

Level flags = 0

Total triangle count: 1345
Writing c:\program files (x86)\steam\steamapps\common\sourcesdk_content\hl2mp\mapsrc\test.bsp
1 second elapsed



materialPath: C:\Program Files (x86)\Steam\steamapps\common\Half-Life 2 Deathmatch\hl2mp\materials
Loading C:\Program Files (x86)\Steam\steamapps\common\sourcesdk_content\hl2mp\mapsrc\test.vmf
ConVarRef mat_reduceparticles doesn't point to an existing ConVar
Could not locate 'GameData' key in c:\program files (x86)\steam\steamapps\common\half-life 2 deathmatch\hl2mp\gameinfo.txt
Patching WVT material: maps/test/dev/dev_blendmeasure_wvt_patch
fixing up env_cubemap materials on brush sides...
0...1...2...3...4...5...6...7...8...9...100...1...2...3...4...5...6...7...8...9...10Processing areas...done (0)
Building Faces...done (0)
FixTjuncs...
PruneNodes...
WriteBSP...
done (0)
writing C:\Program Files (x86)\Steam\steamapps\common\sourcesdk_content\hl2mp\mapsrc\test.prt...Building visibility clusters...
done (0)
Creating default LDR cubemaps for env_cubemap using skybox materials:
   skybox/sky_day01_01*.vmt
 ! Run buildcubemaps in the engine to get the correct cube maps.
Creating default HDR cubemaps for env_cubemap using skybox materials:
   skybox/sky_day01_01*.vmt
 ! Run buildcubemaps in the engine to get the correct cube maps.
Finding displacement neighbors...
Finding lightmap sample positions...
Displacement Alpha : 0...1...2...3...4...5...6...7...8...9...10
Building Physics collision data...
done (0) (43433 bytes)
Placing detail props : 0...1...2...3...4...5...6...7...8...9...10
Compacting texture/material tables...
Reduced 258 texinfos to 127
Reduced 25 texdatas to 18 (801 bytes to 586)
Writing C:\Program Files (x86)\Steam\steamapps\common\sourcesdk_content\hl2mp\mapsrc\test.bsp
Wrote ZIP buffer, estimated size 321316, actual size 319494
0 seconds elapsed



12 threads
reading c:\program files (x86)\steam\steamapps\common\sourcesdk_content\hl2mp\mapsrc\test.bsp
reading c:\program files (x86)\steam\steamapps\common\sourcesdk_content\hl2mp\mapsrc\test.prt
  47 portalclusters
 128 numportals
0...1...2...3...4...5...6...7...8...9...100...1...2...3...4...5...6...7...8...9...10Optimized: 0 visible clusters (0.00%)
Total clusters visible: 1907
Average clusters visible: 40
Building PAS...
Average clusters audible: 47
visdatasize:954  compressed from 752
writing c:\program files (x86)\steam\steamapps\common\sourcesdk_content\hl2mp\mapsrc\test.bsp
0 seconds elapsed



[Reading texlights from 'lights.rad']
[45 texlights parsed from 'lights.rad']

Loading c:\program files (x86)\steam\steamapps\common\sourcesdk_content\hl2mp\mapsrc\test.bsp
531 faces
36985 square feet [5325870.00 square inches]
0 Displacements
0 Square Feet [0.00 Square Inches]
531 patches before subdivision
10585 patches after subdivision
6 direct lights
0...1...2...3...4...5...6...7...8...9...100...1...2...3...4...5...6...7...8...9...10transfers 1133282, max 328
transfer lists:   8.6 megs
0...1...2...3...4...5...6...7...8...9...10	Bounce #1 added RGB(41963, 38674, 28790)
0...1...2...3...4...5...6...7...8...9...10	Bounce #2 added RGB(12308, 10741, 7258)
0...1...2...3...4...5...6...7...8...9...10	Bounce #3 added RGB(3106, 2576, 1598)
0...1...2...3...4...5...6...7...8...9...10	Bounce #4 added RGB(844, 660, 375)
0...1...2...3...4...5...6...7...8...9...10	Bounce #5 added RGB(224, 165, 86)
0...1...2...3...4...5...6...7...8...9...10	Bounce #6 added RGB(60, 42, 20)
0...1...2...3...4...5...6...7...8...9...10	Bounce #7 added RGB(16, 11, 5)
0...1...2...3...4...5...6...7...8...9...10	Bounce #8 added RGB(4, 3, 1)
0...1...2...3...4...5...6...7...8...9...10	Bounce #9 added RGB(1, 1, 0)
0...1...2...3...4...5...6...7...8...9...10	Bounce #10 added RGB(0, 0, 0)
Build Patch/Sample Hash Table(s).....Done<0.0021 sec>
0...1...2...3...4...5...6...7...8...9...10FinalLightFace Done
0 of 0 (0% of) surface lights went in leaf ambient cubes.
0...1...2...3...4...5...6...7...8...9...10Writing leaf ambient...done
Ready to Finish

Object names       Objects/Maxobjs  Memory / Maxmem  Fullness 
------------       ---------------  ---------------  -------- 
models                  33/1024         1584/49152    ( 3.2%) 
brushes                 85/8192         1020/98304    ( 1.0%) 
brushsides             602/65536        4816/524288   ( 0.9%) 
planes                 724/65536       14480/1310720  ( 1.1%) 
vertexes               771/65536        9252/786432   ( 1.2%) 
nodes                  420/65536       13440/2097152  ( 0.6%) 
texinfos               127/12288        9144/884736   ( 1.0%) 
texdata                 18/2048          576/65536    ( 0.9%) 
dispinfos                0/0               0/0        ( 0.0%) 
disp_verts               0/0               0/0        ( 0.0%) 
disp_tris                0/0               0/0        ( 0.0%) 
disp_lmsamples           0/0               0/0        ( 0.0%) 
faces                  531/65536       29736/3670016  ( 0.8%) 
hdr faces                0/65536           0/3670016  ( 0.0%) 
origfaces              369/65536       20664/3670016  ( 0.6%) 
leaves                 454/65536       14528/2097152  ( 0.7%) 
leaffaces              598/65536        1196/131072   ( 0.9%) 
leafbrushes            113/65536         226/131072   ( 0.2%) 
areas                    2/256            16/2048     ( 0.8%) 
surfedges             3931/512000      15724/2048000  ( 0.8%) 
edges                 2079/256000       8316/1024000  ( 0.8%) 
LDR worldlights          6/8192          528/720896   ( 0.1%) 
HDR worldlights          0/8192            0/720896   ( 0.0%) 
leafwaterdata            1/32768          12/393216   ( 0.0%) 
waterstrips             16/32768         160/327680   ( 0.0%) 
waterverts               0/65536           0/786432   ( 0.0%) 
waterindices           225/65536         450/131072   ( 0.3%) 
cubemapsamples           2/1024           32/16384    ( 0.2%) 
overlays                 0/512             0/180224   ( 0.0%) 
LDR lightdata         [variable]     1045504/0        ( 0.0%) 
HDR lightdata         [variable]           0/0        ( 0.0%) 
visdata               [variable]         954/16777216 ( 0.0%) 
entdata               [variable]       29857/393216   ( 7.6%) 
LDR ambient table      454/65536        1816/262144   ( 0.7%) 
HDR ambient table      454/65536        1816/262144   ( 0.7%) 
LDR leaf ambient       760/65536       21280/1835008  ( 1.2%) 
HDR leaf ambient       454/65536       12712/1835008  ( 0.7%) 
occluders                0/0               0/0        ( 0.0%) 
occluder polygons        0/0               0/0        ( 0.0%) 
occluder vert ind        0/0               0/0        ( 0.0%) 
detail props          [variable]           1/12       ( 8.3%) 
static props          [variable]           1/12       ( 8.3%) 
pakfile               [variable]      319494/0        ( 0.0%) 
physics               [variable]       43433/4194304  ( 1.0%) 
physics terrain       [variable]           2/1048576  ( 0.0%) 

Level flags = 0

Total triangle count: 1345
Writing c:\program files (x86)\steam\steamapps\common\sourcesdk_content\hl2mp\mapsrc\test.bsp
1 second elapsed



[Reading texlights from 'lights.rad']
[45 texlights parsed from 'lights.rad']

Loading c:\program files (x86)\steam\steamapps\common\sourcesdk_content\hl2mp\mapsrc\test.bsp
531 faces
36985 square feet [5325870.00 square inches]
0 Displacements
0 Square Feet [0.00 Square Inches]
531 patches before subdivision
10585 patches after subdivision
6 direct lights
0...1...2...3...4...5...6...7...8...9...100...1...2...3...4...5...6...7...8...9...10transfers 1133282, max 328
transfer lists:   8.6 megs
0...1...2...3...4...5...6...7...8...9...10	Bounce #1 added RGB(41963, 38674, 28790)
0...1...2...3...4...5...6...7...8...9...10	Bounce #2 added RGB(12308, 10741, 7258)
0...1...2...3...4...5...6...7...8...9...10	Bounce #3 added RGB(3106, 2576, 1598)
0...1...2...3...4...5...6...7...8...9...10	Bounce #4 added RGB(844, 660, 375)
0...1...2...3...4...5...6...7...8...9...10	Bounce #5 added RGB(224, 165, 86)
0...1...2...3...4...5...6...7...8...9...10	Bounce #6 added RGB(60, 42, 20)
0...1...2...3...4...5...6...7...8...9...10	Bounce #7 added RGB(16, 11, 5)
0...1...2...3...4...5...6...7...8...9...10	Bounce #8 added RGB(4, 3, 1)
0...1...2...3...4...5...6...7...8...9...10	Bounce #9 added RGB(1, 1, 0)
0...1...2...3...4...5...6...7...8...9...10	Bounce #10 added RGB(0, 0, 0)
Build Patch/Sample Hash Table(s).....Done<0.0023 sec>
0...1...2...3...4...5...6...7...8...9...10FinalLightFace Done
0 of 0 (0% of) surface lights went in leaf ambient cubes.
0...1...2...3...4...5...6...7...8...9...10Writing leaf ambient...done
Ready to Finish

Object names       Objects/Maxobjs  Memory / Maxmem  Fullness 
------------       ---------------  ---------------  -------- 
models                  33/1024         1584/49152    ( 3.2%) 
brushes                 85/8192         1020/98304    ( 1.0%) 
brushsides             602/65536        4816/524288   ( 0.9%) 
planes                 724/65536       14480/1310720  ( 1.1%) 
vertexes               771/65536        9252/786432   ( 1.2%) 
nodes                  420/65536       13440/2097152  ( 0.6%) 
texinfos               127/12288        9144/884736   ( 1.0%) 
texdata                 18/2048          576/65536    ( 0.9%) 
dispinfos                0/0               0/0        ( 0.0%) 
disp_verts               0/0               0/0        ( 0.0%) 
disp_tris                0/0               0/0        ( 0.0%) 
disp_lmsamples           0/0               0/0        ( 0.0%) 
faces                  531/65536       29736/3670016  ( 0.8%) 
hdr faces              531/65536       29736/3670016  ( 0.8%) 
origfaces              369/65536       20664/3670016  ( 0.6%) 
leaves                 454/65536       14528/2097152  ( 0.7%) 
leaffaces              598/65536        1196/131072   ( 0.9%) 
leafbrushes            113/65536         226/131072   ( 0.2%) 
areas                    2/256            16/2048     ( 0.8%) 
surfedges             3931/512000      15724/2048000  ( 0.8%) 
edges                 2079/256000       8316/1024000  ( 0.8%) 
LDR worldlights          6/8192          528/720896   ( 0.1%) 
HDR worldlights          6/8192          528/720896   ( 0.1%) 
leafwaterdata            1/32768          12/393216   ( 0.0%) 
waterstrips             16/32768         160/327680   ( 0.0%) 
waterverts               0/65536           0/786432   ( 0.0%) 
waterindices           225/65536         450/131072   ( 0.3%) 
cubemapsamples           2/1024           32/16384    ( 0.2%) 
overlays                 0/512             0/180224   ( 0.0%) 
LDR lightdata         [variable]     1045504/0        ( 0.0%) 
HDR lightdata         [variable]     1045504/0        ( 0.0%) 
visdata               [variable]         954/16777216 ( 0.0%) 
entdata               [variable]       29857/393216   ( 7.6%) 
LDR ambient table      454/65536        1816/262144   ( 0.7%) 
HDR ambient table      454/65536        1816/262144   ( 0.7%) 
LDR leaf ambient       760/65536       21280/1835008  ( 1.2%) 
HDR leaf ambient       760/65536       21280/1835008  ( 1.2%) 
occluders                0/0               0/0        ( 0.0%) 
occluder polygons        0/0               0/0        ( 0.0%) 
occluder vert ind        0/0               0/0        ( 0.0%) 
detail props          [variable]           1/12       ( 8.3%) 
static props          [variable]           1/12       ( 8.3%) 
pakfile               [variable]      319494/0        ( 0.0%) 
physics               [variable]       43433/4194304  ( 1.0%) 
physics terrain       [variable]           2/1048576  ( 0.0%) 

Level flags = 0

Total triangle count: 1345
Writing c:\program files (x86)\steam\steamapps\common\sourcesdk_content\hl2mp\mapsrc\test.bsp
1 second elapsed



materialPath: C:\Program Files (x86)\Steam\steamapps\common\Half-Life 2 Deathmatch\hl2mp\materials
Loading C:\Program Files (x86)\Steam\steamapps\common\sourcesdk_content\hl2mp\mapsrc\test.vmf
ConVarRef mat_reduceparticles doesn't point to an existing ConVar
Could not locate 'GameData' key in c:\program files (x86)\steam\steamapps\common\half-life 2 deathmatch\hl2mp\gameinfo.txt
Patching WVT material: maps/test/dev/dev_blendmeasure_wvt_patch
fixing up env_cubemap materials on brush sides...
0...1...2...3...4...5...6...7...8...9...100...1...2...3...4...5...6...7...8...9...10Processing areas...done (0)
Building Faces...done (0)
FixTjuncs...
PruneNodes...
WriteBSP...
done (0)
writing C:\Program Files (x86)\Steam\steamapps\common\sourcesdk_content\hl2mp\mapsrc\test.prt...Building visibility clusters...
done (0)
Creating default LDR cubemaps for env_cubemap using skybox materials:
   skybox/sky_day01_01*.vmt
 ! Run buildcubemaps in the engine to get the correct cube maps.
Creating default HDR cubemaps for env_cubemap using skybox materials:
   skybox/sky_day01_01*.vmt
 ! Run buildcubemaps in the engine to get the correct cube maps.
Finding displacement neighbors...
Finding lightmap sample positions...
Displacement Alpha : 0...1...2...3...4...5...6...7...8...9...10
Building Physics collision data...
done (0) (43983 bytes)
Placing detail props : 0...1...2...3...4...5...6...7...8...9...10
Compacting texture/material tables...
Reduced 264 texinfos to 128
Reduced 26 texdatas to 19 (822 bytes to 607)
Writing C:\Program Files (x86)\Steam\steamapps\common\sourcesdk_content\hl2mp\mapsrc\test.bsp
Wrote ZIP buffer, estimated size 321316, actual size 319494
0 seconds elapsed



12 threads
reading c:\program files (x86)\steam\steamapps\common\sourcesdk_content\hl2mp\mapsrc\test.bsp
reading c:\program files (x86)\steam\steamapps\common\sourcesdk_content\hl2mp\mapsrc\test.prt
  47 portalclusters
 128 numportals
0...1...2...3...4...5...6...7...8...9...100...1...2...3...4...5...6...7...8...9...10Optimized: 0 visible clusters (0.00%)
Total clusters visible: 1907
Average clusters visible: 40
Building PAS...
Average clusters audible: 47
visdatasize:954  compressed from 752
writing c:\program files (x86)\steam\steamapps\common\sourcesdk_content\hl2mp\mapsrc\test.bsp
0 seconds elapsed



[Reading texlights from 'lights.rad']
[45 texlights parsed from 'lights.rad']

Loading c:\program files (x86)\steam\steamapps\common\sourcesdk_content\hl2mp\mapsrc\test.bsp
531 faces
36985 square feet [5325870.00 square inches]
0 Displacements
0 Square Feet [0.00 Square Inches]
531 patches before subdivision
10585 patches after subdivision
6 direct lights
0...1...2...3...4...5...6...7...8...9...100...1...2...3...4...5...6...7...8...9...10transfers 1133282, max 328
transfer lists:   8.6 megs
0...1...2...3...4...5...6...7...8...9...10	Bounce #1 added RGB(41963, 38674, 28790)
0...1...2...3...4...5...6...7...8...9...10	Bounce #2 added RGB(12308, 10741, 7258)
0...1...2...3...4...5...6...7...8...9...10	Bounce #3 added RGB(3106, 2576, 1598)
0...1...2...3...4...5...6...7...8...9...10	Bounce #4 added RGB(844, 660, 375)
0...1...2...3...4...5...6...7...8...9...10	Bounce #5 added RGB(224, 165, 86)
0...1...2...3...4...5...6...7...8...9...10	Bounce #6 added RGB(60, 42, 20)
0...1...2...3...4...5...6...7...8...9...10	Bounce #7 added RGB(16, 11, 5)
0...1...2...3...4...5...6...7...8...9...10	Bounce #8 added RGB(4, 3, 1)
0...1...2...3...4...5...6...7...8...9...10	Bounce #9 added RGB(1, 1, 0)
0...1...2...3...4...5...6...7...8...9...10	Bounce #10 added RGB(0, 0, 0)
Build Patch/Sample Hash Table(s).....Done<0.0021 sec>
0...1...2...3...4...5...6...7...8...9...10FinalLightFace Done
0 of 0 (0% of) surface lights went in leaf ambient cubes.
0...1...2...3...4...5...6...7...8...9...10Writing leaf ambient...done
Ready to Finish

Object names       Objects/Maxobjs  Memory / Maxmem  Fullness 
------------       ---------------  ---------------  -------- 
models                  34/1024         1632/49152    ( 3.3%) 
brushes                 86/8192         1032/98304    ( 1.0%) 
brushsides             608/65536        4864/524288   ( 0.9%) 
planes                 732/65536       14640/1310720  ( 1.1%) 
vertexes               779/65536        9348/786432   ( 1.2%) 
nodes                  426/65536       13632/2097152  ( 0.7%) 
texinfos               128/12288        9216/884736   ( 1.0%) 
texdata                 19/2048          608/65536    ( 0.9%) 
dispinfos                0/0               0/0        ( 0.0%) 
disp_verts               0/0               0/0        ( 0.0%) 
disp_tris                0/0               0/0        ( 0.0%) 
disp_lmsamples           0/0               0/0        ( 0.0%) 
faces                  531/65536       29736/3670016  ( 0.8%) 
hdr faces                0/65536           0/3670016  ( 0.0%) 
origfaces              369/65536       20664/3670016  ( 0.6%) 
leaves                 461/65536       14752/2097152  ( 0.7%) 
leaffaces              598/65536        1196/131072   ( 0.9%) 
leafbrushes            114/65536         228/131072   ( 0.2%) 
areas                    2/256            16/2048     ( 0.8%) 
surfedges             3931/512000      15724/2048000  ( 0.8%) 
edges                 2079/256000       8316/1024000  ( 0.8%) 
LDR worldlights          6/8192          528/720896   ( 0.1%) 
HDR worldlights          0/8192            0/720896   ( 0.0%) 
leafwaterdata            1/32768          12/393216   ( 0.0%) 
waterstrips             16/32768         160/327680   ( 0.0%) 
waterverts               0/65536           0/786432   ( 0.0%) 
waterindices           225/65536         450/131072   ( 0.3%) 
cubemapsamples           2/1024           32/16384    ( 0.2%) 
overlays                 0/512             0/180224   ( 0.0%) 
LDR lightdata         [variable]     1045504/0        ( 0.0%) 
HDR lightdata         [variable]           0/0        ( 0.0%) 
visdata               [variable]         954/16777216 ( 0.0%) 
entdata               [variable]       30470/393216   ( 7.7%) 
LDR ambient table      461/65536        1844/262144   ( 0.7%) 
HDR ambient table      461/65536        1844/262144   ( 0.7%) 
LDR leaf ambient       767/65536       21476/1835008  ( 1.2%) 
HDR leaf ambient       461/65536       12908/1835008  ( 0.7%) 
occluders                0/0               0/0        ( 0.0%) 
occluder polygons        0/0               0/0        ( 0.0%) 
occluder vert ind        0/0               0/0        ( 0.0%) 
detail props          [variable]           1/12       ( 8.3%) 
static props          [variable]           1/12       ( 8.3%) 
pakfile               [variable]      319494/0        ( 0.0%) 
physics               [variable]       43983/4194304  ( 1.0%) 
physics terrain       [variable]           2/1048576  ( 0.0%) 

Level flags = 0

Total triangle count: 1345
Writing c:\program files (x86)\steam\steamapps\common\sourcesdk_content\hl2mp\mapsrc\test.bsp
1 second elapsed



[Reading texlights from 'lights.rad']
[45 texlights parsed from 'lights.rad']

Loading c:\program files (x86)\steam\steamapps\common\sourcesdk_content\hl2mp\mapsrc\test.bsp
531 faces
36985 square feet [5325870.00 square inches]
0 Displacements
0 Square Feet [0.00 Square Inches]
531 patches before subdivision
10585 patches after subdivision
6 direct lights
0...1...2...3...4...5...6...7...8...9...100...1...2...3...4...5...6...7...8...9...10transfers 1133282, max 328
transfer lists:   8.6 megs
0...1...2...3...4...5...6...7...8...9...10	Bounce #1 added RGB(41963, 38674, 28790)
0...1...2...3...4...5...6...7...8...9...10	Bounce #2 added RGB(12308, 10741, 7258)
0...1...2...3...4...5...6...7...8...9...10	Bounce #3 added RGB(3106, 2576, 1598)
0...1...2...3...4...5...6...7...8...9...10	Bounce #4 added RGB(844, 660, 375)
0...1...2...3...4...5...6...7...8...9...10	Bounce #5 added RGB(224, 165, 86)
0...1...2...3...4...5...6...7...8...9...10	Bounce #6 added RGB(60, 42, 20)
0...1...2...3...4...5...6...7...8...9...10	Bounce #7 added RGB(16, 11, 5)
0...1...2...3...4...5...6...7...8...9...10	Bounce #8 added RGB(4, 3, 1)
0...1...2...3...4...5...6...7...8...9...10	Bounce #9 added RGB(1, 1, 0)
0...1...2...3...4...5...6...7...8...9...10	Bounce #10 added RGB(0, 0, 0)
Build Patch/Sample Hash Table(s).....Done<0.0022 sec>
0...1...2...3...4...5...6...7...8...9...10FinalLightFace Done
0 of 0 (0% of) surface lights went in leaf ambient cubes.
0...1...2...3...4...5...6...7...8...9...10Writing leaf ambient...done
Ready to Finish

Object names       Objects/Maxobjs  Memory / Maxmem  Fullness 
------------       ---------------  ---------------  -------- 
models                  34/1024         1632/49152    ( 3.3%) 
brushes                 86/8192         1032/98304    ( 1.0%) 
brushsides             608/65536        4864/524288   ( 0.9%) 
planes                 732/65536       14640/1310720  ( 1.1%) 
vertexes               779/65536        9348/786432   ( 1.2%) 
nodes                  426/65536       13632/2097152  ( 0.7%) 
texinfos               128/12288        9216/884736   ( 1.0%) 
texdata                 19/2048          608/65536    ( 0.9%) 
dispinfos                0/0               0/0        ( 0.0%) 
disp_verts               0/0               0/0        ( 0.0%) 
disp_tris                0/0               0/0        ( 0.0%) 
disp_lmsamples           0/0               0/0        ( 0.0%) 
faces                  531/65536       29736/3670016  ( 0.8%) 
hdr faces              531/65536       29736/3670016  ( 0.8%) 
origfaces              369/65536       20664/3670016  ( 0.6%) 
leaves                 461/65536       14752/2097152  ( 0.7%) 
leaffaces              598/65536        1196/131072   ( 0.9%) 
leafbrushes            114/65536         228/131072   ( 0.2%) 
areas                    2/256            16/2048     ( 0.8%) 
surfedges             3931/512000      15724/2048000  ( 0.8%) 
edges                 2079/256000       8316/1024000  ( 0.8%) 
LDR worldlights          6/8192          528/720896   ( 0.1%) 
HDR worldlights          6/8192          528/720896   ( 0.1%) 
leafwaterdata            1/32768          12/393216   ( 0.0%) 
waterstrips             16/32768         160/327680   ( 0.0%) 
waterverts               0/65536           0/786432   ( 0.0%) 
waterindices           225/65536         450/131072   ( 0.3%) 
cubemapsamples           2/1024           32/16384    ( 0.2%) 
overlays                 0/512             0/180224   ( 0.0%) 
LDR lightdata         [variable]     1045504/0        ( 0.0%) 
HDR lightdata         [variable]     1045504/0        ( 0.0%) 
visdata               [variable]         954/16777216 ( 0.0%) 
entdata               [variable]       30470/393216   ( 7.7%) 
LDR ambient table      461/65536        1844/262144   ( 0.7%) 
HDR ambient table      461/65536        1844/262144   ( 0.7%) 
LDR leaf ambient       767/65536       21476/1835008  ( 1.2%) 
HDR leaf ambient       767/65536       21476/1835008  ( 1.2%) 
occluders                0/0               0/0        ( 0.0%) 
occluder polygons        0/0               0/0        ( 0.0%) 
occluder vert ind        0/0               0/0        ( 0.0%) 
detail props          [variable]           1/12       ( 8.3%) 
static props          [variable]           1/12       ( 8.3%) 
pakfile               [variable]      319494/0        ( 0.0%) 
physics               [variable]       43983/4194304  ( 1.0%) 
physics terrain       [variable]           2/1048576  ( 0.0%) 

Level flags = 0

Total triangle count: 1345
Writing c:\program files (x86)\steam\steamapps\common\sourcesdk_content\hl2mp\mapsrc\test.bsp
1 second elapsed



materialPath: C:\Program Files (x86)\Steam\steamapps\common\Half-Life 2 Deathmatch\hl2mp\materials
Loading C:\Program Files (x86)\Steam\steamapps\common\sourcesdk_content\hl2mp\mapsrc\test.vmf
ConVarRef mat_reduceparticles doesn't point to an existing ConVar
Could not locate 'GameData' key in c:\program files (x86)\steam\steamapps\common\half-life 2 deathmatch\hl2mp\gameinfo.txt
Patching WVT material: maps/test/dev/dev_blendmeasure_wvt_patch
fixing up env_cubemap materials on brush sides...
0...1...2...3...4...5...6...7...8...9...100...1...2...3...4...5...6...7...8...9...10Processing areas...done (0)
Building Faces...done (0)
FixTjuncs...
PruneNodes...
WriteBSP...
done (0)
writing C:\Program Files (x86)\Steam\steamapps\common\sourcesdk_content\hl2mp\mapsrc\test.prt...Building visibility clusters...
done (0)
Creating default LDR cubemaps for env_cubemap using skybox materials:
   skybox/sky_day01_01*.vmt
 ! Run buildcubemaps in the engine to get the correct cube maps.
Creating default HDR cubemaps for env_cubemap using skybox materials:
   skybox/sky_day01_01*.vmt
 ! Run buildcubemaps in the engine to get the correct cube maps.
Finding displacement neighbors...
Finding lightmap sample positions...
Displacement Alpha : 0...1...2...3...4...5...6...7...8...9...10
Building Physics collision data...
done (0) (43979 bytes)
Placing detail props : 0...1...2...3...4...5...6...7...8...9...10
Compacting texture/material tables...
Reduced 264 texinfos to 130
Reduced 26 texdatas to 19 (827 bytes to 612)
Writing C:\Program Files (x86)\Steam\steamapps\common\sourcesdk_content\hl2mp\mapsrc\test.bsp
Wrote ZIP buffer, estimated size 321316, actual size 319494
0 seconds elapsed



12 threads
reading c:\program files (x86)\steam\steamapps\common\sourcesdk_content\hl2mp\mapsrc\test.bsp
reading c:\program files (x86)\steam\steamapps\common\sourcesdk_content\hl2mp\mapsrc\test.prt
  47 portalclusters
 128 numportals
0...1...2...3...4...5...6...7...8...9...100...1...2...3...4...5...6...7...8...9...10Optimized: 0 visible clusters (0.00%)
Total clusters visible: 1907
Average clusters visible: 40
Building PAS...
Average clusters audible: 47
visdatasize:954  compressed from 752
writing c:\program files (x86)\steam\steamapps\common\sourcesdk_content\hl2mp\mapsrc\test.bsp
0 seconds elapsed



[Reading texlights from 'lights.rad']
[45 texlights parsed from 'lights.rad']

Loading c:\program files (x86)\steam\steamapps\common\sourcesdk_content\hl2mp\mapsrc\test.bsp
537 faces
36999 square feet [5327878.00 square inches]
0 Displacements
0 Square Feet [0.00 Square Inches]
537 patches before subdivision
10591 patches after subdivision
6 direct lights
0...1...2...3...4...5...6...7...8...9...100...1...2...3...4...5...6...7...8...9...10transfers 1134541, max 328
transfer lists:   8.7 megs
0...1...2...3...4...5...6...7...8...9...10	Bounce #1 added RGB(42045, 38752, 28847)
0...1...2...3...4...5...6...7...8...9...10	Bounce #2 added RGB(12322, 10754, 7267)
0...1...2...3...4...5...6...7...8...9...10	Bounce #3 added RGB(3109, 2579, 1600)
0...1...2...3...4...5...6...7...8...9...10	Bounce #4 added RGB(844, 660, 376)
0...1...2...3...4...5...6...7...8...9...10	Bounce #5 added RGB(224, 165, 86)
0...1...2...3...4...5...6...7...8...9...10	Bounce #6 added RGB(61, 42, 20)
0...1...2...3...4...5...6...7...8...9...10	Bounce #7 added RGB(16, 11, 5)
0...1...2...3...4...5...6...7...8...9...10	Bounce #8 added RGB(4, 3, 1)
0...1...2...3...4...5...6...7...8...9...10	Bounce #9 added RGB(1, 1, 0)
0...1...2...3...4...5...6...7...8...9...10	Bounce #10 added RGB(0, 0, 0)
Build Patch/Sample Hash Table(s).....Done<0.0021 sec>
0...1...2...3...4...5...6...7...8...9...10FinalLightFace Done
0 of 0 (0% of) surface lights went in leaf ambient cubes.
0...1...2...3...4...5...6...7...8...9...10Writing leaf ambient...done
Ready to Finish

Object names       Objects/Maxobjs  Memory / Maxmem  Fullness 
------------       ---------------  ---------------  -------- 
models                  34/1024         1632/49152    ( 3.3%) 
brushes                 86/8192         1032/98304    ( 1.0%) 
brushsides             608/65536        4864/524288   ( 0.9%) 
planes                 732/65536       14640/1310720  ( 1.1%) 
vertexes               779/65536        9348/786432   ( 1.2%) 
nodes                  426/65536       13632/2097152  ( 0.7%) 
texinfos               130/12288        9360/884736   ( 1.1%) 
texdata                 19/2048          608/65536    ( 0.9%) 
dispinfos                0/0               0/0        ( 0.0%) 
disp_verts               0/0               0/0        ( 0.0%) 
disp_tris                0/0               0/0        ( 0.0%) 
disp_lmsamples           0/0               0/0        ( 0.0%) 
faces                  537/65536       30072/3670016  ( 0.8%) 
hdr faces                0/65536           0/3670016  ( 0.0%) 
origfaces              375/65536       21000/3670016  ( 0.6%) 
leaves                 461/65536       14752/2097152  ( 0.7%) 
leaffaces              604/65536        1208/131072   ( 0.9%) 
leafbrushes            114/65536         228/131072   ( 0.2%) 
areas                    2/256            16/2048     ( 0.8%) 
surfedges             3979/512000      15916/2048000  ( 0.8%) 
edges                 2103/256000       8412/1024000  ( 0.8%) 
LDR worldlights          6/8192          528/720896   ( 0.1%) 
HDR worldlights          0/8192            0/720896   ( 0.0%) 
leafwaterdata            1/32768          12/393216   ( 0.0%) 
waterstrips             16/32768         160/327680   ( 0.0%) 
waterverts               0/65536           0/786432   ( 0.0%) 
waterindices           225/65536         450/131072   ( 0.3%) 
cubemapsamples           2/1024           32/16384    ( 0.2%) 
overlays                 0/512             0/180224   ( 0.0%) 
LDR lightdata         [variable]     1045816/0        ( 0.0%) 
HDR lightdata         [variable]           0/0        ( 0.0%) 
visdata               [variable]         954/16777216 ( 0.0%) 
entdata               [variable]       30470/393216   ( 7.7%) 
LDR ambient table      461/65536        1844/262144   ( 0.7%) 
HDR ambient table      461/65536        1844/262144   ( 0.7%) 
LDR leaf ambient       766/65536       21448/1835008  ( 1.2%) 
HDR leaf ambient       461/65536       12908/1835008  ( 0.7%) 
occluders                0/0               0/0        ( 0.0%) 
occluder polygons        0/0               0/0        ( 0.0%) 
occluder vert ind        0/0               0/0        ( 0.0%) 
detail props          [variable]           1/12       ( 8.3%) 
static props          [variable]           1/12       ( 8.3%) 
pakfile               [variable]      319494/0        ( 0.0%) 
physics               [variable]       43979/4194304  ( 1.0%) 
physics terrain       [variable]           2/1048576  ( 0.0%) 

Level flags = 0

Total triangle count: 1357
Writing c:\program files (x86)\steam\steamapps\common\sourcesdk_content\hl2mp\mapsrc\test.bsp
1 second elapsed



[Reading texlights from 'lights.rad']
[45 texlights parsed from 'lights.rad']

Loading c:\program files (x86)\steam\steamapps\common\sourcesdk_content\hl2mp\mapsrc\test.bsp
537 faces
36999 square feet [5327878.00 square inches]
0 Displacements
0 Square Feet [0.00 Square Inches]
537 patches before subdivision
10591 patches after subdivision
6 direct lights
0...1...2...3...4...5...6...7...8...9...100...1...2...3...4...5...6...7...8...9...10transfers 1134541, max 328
transfer lists:   8.7 megs
0...1...2...3...4...5...6...7...8...9...10	Bounce #1 added RGB(42045, 38752, 28847)
0...1...2...3...4...5...6...7...8...9...10	Bounce #2 added RGB(12322, 10754, 7267)
0...1...2...3...4...5...6...7...8...9...10	Bounce #3 added RGB(3109, 2579, 1600)
0...1...2...3...4...5...6...7...8...9...10	Bounce #4 added RGB(844, 660, 376)
0...1...2...3...4...5...6...7...8...9...10	Bounce #5 added RGB(224, 165, 86)
0...1...2...3...4...5...6...7...8...9...10	Bounce #6 added RGB(61, 42, 20)
0...1...2...3...4...5...6...7...8...9...10	Bounce #7 added RGB(16, 11, 5)
0...1...2...3...4...5...6...7...8...9...10	Bounce #8 added RGB(4, 3, 1)
0...1...2...3...4...5...6...7...8...9...10	Bounce #9 added RGB(1, 1, 0)
0...1...2...3...4...5...6...7...8...9...10	Bounce #10 added RGB(0, 0, 0)
Build Patch/Sample Hash Table(s).....Done<0.0023 sec>
0...1...2...3...4...5...6...7...8...9...10FinalLightFace Done
0 of 0 (0% of) surface lights went in leaf ambient cubes.
0...1...2...3...4...5...6...7...8...9...10Writing leaf ambient...done
Ready to Finish

Object names       Objects/Maxobjs  Memory / Maxmem  Fullness 
------------       ---------------  ---------------  -------- 
models                  34/1024         1632/49152    ( 3.3%) 
brushes                 86/8192         1032/98304    ( 1.0%) 
brushsides             608/65536        4864/524288   ( 0.9%) 
planes                 732/65536       14640/1310720  ( 1.1%) 
vertexes               779/65536        9348/786432   ( 1.2%) 
nodes                  426/65536       13632/2097152  ( 0.7%) 
texinfos               130/12288        9360/884736   ( 1.1%) 
texdata                 19/2048          608/65536    ( 0.9%) 
dispinfos                0/0               0/0        ( 0.0%) 
disp_verts               0/0               0/0        ( 0.0%) 
disp_tris                0/0               0/0        ( 0.0%) 
disp_lmsamples           0/0               0/0        ( 0.0%) 
faces                  537/65536       30072/3670016  ( 0.8%) 
hdr faces              537/65536       30072/3670016  ( 0.8%) 
origfaces              375/65536       21000/3670016  ( 0.6%) 
leaves                 461/65536       14752/2097152  ( 0.7%) 
leaffaces              604/65536        1208/131072   ( 0.9%) 
leafbrushes            114/65536         228/131072   ( 0.2%) 
areas                    2/256            16/2048     ( 0.8%) 
surfedges             3979/512000      15916/2048000  ( 0.8%) 
edges                 2103/256000       8412/1024000  ( 0.8%) 
LDR worldlights          6/8192          528/720896   ( 0.1%) 
HDR worldlights          6/8192          528/720896   ( 0.1%) 
leafwaterdata            1/32768          12/393216   ( 0.0%) 
waterstrips             16/32768         160/327680   ( 0.0%) 
waterverts               0/65536           0/786432   ( 0.0%) 
waterindices           225/65536         450/131072   ( 0.3%) 
cubemapsamples           2/1024           32/16384    ( 0.2%) 
overlays                 0/512             0/180224   ( 0.0%) 
LDR lightdata         [variable]     1045816/0        ( 0.0%) 
HDR lightdata         [variable]     1045816/0        ( 0.0%) 
visdata               [variable]         954/16777216 ( 0.0%) 
entdata               [variable]       30470/393216   ( 7.7%) 
LDR ambient table      461/65536        1844/262144   ( 0.7%) 
HDR ambient table      461/65536        1844/262144   ( 0.7%) 
LDR leaf ambient       766/65536       21448/1835008  ( 1.2%) 
HDR leaf ambient       766/65536       21448/1835008  ( 1.2%) 
occluders                0/0               0/0        ( 0.0%) 
occluder polygons        0/0               0/0        ( 0.0%) 
occluder vert ind        0/0               0/0        ( 0.0%) 
detail props          [variable]           1/12       ( 8.3%) 
static props          [variable]           1/12       ( 8.3%) 
pakfile               [variable]      319494/0        ( 0.0%) 
physics               [variable]       43979/4194304  ( 1.0%) 
physics terrain       [variable]           2/1048576  ( 0.0%) 

Level flags = 0

Total triangle count: 1357
Writing c:\program files (x86)\steam\steamapps\common\sourcesdk_content\hl2mp\mapsrc\test.bsp
1 second elapsed



materialPath: C:\Program Files (x86)\Steam\steamapps\common\Half-Life 2 Deathmatch\hl2mp\materials
Loading C:\Program Files (x86)\Steam\steamapps\common\sourcesdk_content\hl2mp\mapsrc\test.vmf
ConVarRef mat_reduceparticles doesn't point to an existing ConVar
Could not locate 'GameData' key in c:\program files (x86)\steam\steamapps\common\half-life 2 deathmatch\hl2mp\gameinfo.txt
Patching WVT material: maps/test/dev/dev_blendmeasure_wvt_patch
fixing up env_cubemap materials on brush sides...
0...1...2...3...4...5...6...7...8...9...100...1...2...3...4...5...6...7...8...9...10Processing areas...done (0)
Building Faces...done (0)
FixTjuncs...
PruneNodes...
WriteBSP...
done (0)
writing C:\Program Files (x86)\Steam\steamapps\common\sourcesdk_content\hl2mp\mapsrc\test.prt...Building visibility clusters...
done (0)
Creating default LDR cubemaps for env_cubemap using skybox materials:
   skybox/sky_day01_01*.vmt
 ! Run buildcubemaps in the engine to get the correct cube maps.
Creating default HDR cubemaps for env_cubemap using skybox materials:
   skybox/sky_day01_01*.vmt
 ! Run buildcubemaps in the engine to get the correct cube maps.
Finding displacement neighbors...
Finding lightmap sample positions...
Displacement Alpha : 0...1...2...3...4...5...6...7...8...9...10
Building Physics collision data...
done (0) (44525 bytes)
Placing detail props : 0...1...2...3...4...5...6...7...8...9...10
Compacting texture/material tables...
Reduced 270 texinfos to 133
Reduced 26 texdatas to 19 (827 bytes to 612)
Writing C:\Program Files (x86)\Steam\steamapps\common\sourcesdk_content\hl2mp\mapsrc\test.bsp
Wrote ZIP buffer, estimated size 321316, actual size 319494
0 seconds elapsed



12 threads
reading c:\program files (x86)\steam\steamapps\common\sourcesdk_content\hl2mp\mapsrc\test.bsp
reading c:\program files (x86)\steam\steamapps\common\sourcesdk_content\hl2mp\mapsrc\test.prt
  47 portalclusters
 128 numportals
0...1...2...3...4...5...6...7...8...9...100...1...2...3...4...5...6...7...8...9...10Optimized: 0 visible clusters (0.00%)
Total clusters visible: 1907
Average clusters visible: 40
Building PAS...
Average clusters audible: 47
visdatasize:954  compressed from 752
writing c:\program files (x86)\steam\steamapps\common\sourcesdk_content\hl2mp\mapsrc\test.bsp
0 seconds elapsed



[Reading texlights from 'lights.rad']
[45 texlights parsed from 'lights.rad']

Loading c:\program files (x86)\steam\steamapps\common\sourcesdk_content\hl2mp\mapsrc\test.bsp
543 faces
37015 square feet [5330222.00 square inches]
0 Displacements
0 Square Feet [0.00 Square Inches]
543 patches before subdivision
10597 patches after subdivision
6 direct lights
0...1...2...3...4...5...6...7...8...9...100...1...2...3...4...5...6...7...8...9...10transfers 1135616, max 328
transfer lists:   8.7 megs
0...1...2...3...4...5...6...7...8...9...10	Bounce #1 added RGB(42099, 38803, 28885)
0...1...2...3...4...5...6...7...8...9...10	Bounce #2 added RGB(12334, 10766, 7274)
0...1...2...3...4...5...6...7...8...9...10	Bounce #3 added RGB(3112, 2582, 1602)
0...1...2...3...4...5...6...7...8...9...10	Bounce #4 added RGB(845, 661, 376)
0...1...2...3...4...5...6...7...8...9...10	Bounce #5 added RGB(224, 166, 86)
0...1...2...3...4...5...6...7...8...9...10	Bounce #6 added RGB(61, 42, 20)
0...1...2...3...4...5...6...7...8...9...10	Bounce #7 added RGB(16, 11, 5)
0...1...2...3...4...5...6...7...8...9...10	Bounce #8 added RGB(4, 3, 1)
0...1...2...3...4...5...6...7...8...9...10	Bounce #9 added RGB(1, 1, 0)
0...1...2...3...4...5...6...7...8...9...10	Bounce #10 added RGB(0, 0, 0)
Build Patch/Sample Hash Table(s).....Done<0.0021 sec>
0...1...2...3...4...5...6...7...8...9...10FinalLightFace Done
0 of 0 (0% of) surface lights went in leaf ambient cubes.
0...1...2...3...4...5...6...7...8...9...10Writing leaf ambient...done
Ready to Finish

Object names       Objects/Maxobjs  Memory / Maxmem  Fullness 
------------       ---------------  ---------------  -------- 
models                  35/1024         1680/49152    ( 3.4%) 
brushes                 87/8192         1044/98304    ( 1.1%) 
brushsides             614/65536        4912/524288   ( 0.9%) 
planes                 742/65536       14840/1310720  ( 1.1%) 
vertexes               787/65536        9444/786432   ( 1.2%) 
nodes                  432/65536       13824/2097152  ( 0.7%) 
texinfos               133/12288        9576/884736   ( 1.1%) 
texdata                 19/2048          608/65536    ( 0.9%) 
dispinfos                0/0               0/0        ( 0.0%) 
disp_verts               0/0               0/0        ( 0.0%) 
disp_tris                0/0               0/0        ( 0.0%) 
disp_lmsamples           0/0               0/0        ( 0.0%) 
faces                  543/65536       30408/3670016  ( 0.8%) 
hdr faces                0/65536           0/3670016  ( 0.0%) 
origfaces              381/65536       21336/3670016  ( 0.6%) 
leaves                 468/65536       14976/2097152  ( 0.7%) 
leaffaces              610/65536        1220/131072   ( 0.9%) 
leafbrushes            115/65536         230/131072   ( 0.2%) 
areas                    2/256            16/2048     ( 0.8%) 
surfedges             4027/512000      16108/2048000  ( 0.8%) 
edges                 2127/256000       8508/1024000  ( 0.8%) 
LDR worldlights          6/8192          528/720896   ( 0.1%) 
HDR worldlights          0/8192            0/720896   ( 0.0%) 
leafwaterdata            1/32768          12/393216   ( 0.0%) 
waterstrips             16/32768         160/327680   ( 0.0%) 
waterverts               0/65536           0/786432   ( 0.0%) 
waterindices           225/65536         450/131072   ( 0.3%) 
cubemapsamples           2/1024           32/16384    ( 0.2%) 
overlays                 0/512             0/180224   ( 0.0%) 
LDR lightdata         [variable]     1046388/0        ( 0.0%) 
HDR lightdata         [variable]           0/0        ( 0.0%) 
visdata               [variable]         954/16777216 ( 0.0%) 
entdata               [variable]       31005/393216   ( 7.9%) 
LDR ambient table      468/65536        1872/262144   ( 0.7%) 
HDR ambient table      468/65536        1872/262144   ( 0.7%) 
LDR leaf ambient       772/65536       21616/1835008  ( 1.2%) 
HDR leaf ambient       468/65536       13104/1835008  ( 0.7%) 
occluders                0/0               0/0        ( 0.0%) 
occluder polygons        0/0               0/0        ( 0.0%) 
occluder vert ind        0/0               0/0        ( 0.0%) 
detail props          [variable]           1/12       ( 8.3%) 
static props          [variable]           1/12       ( 8.3%) 
pakfile               [variable]      319494/0        ( 0.0%) 
physics               [variable]       44525/4194304  ( 1.1%) 
physics terrain       [variable]           2/1048576  ( 0.0%) 

Level flags = 0

Total triangle count: 1369
Writing c:\program files (x86)\steam\steamapps\common\sourcesdk_content\hl2mp\mapsrc\test.bsp
1 second elapsed



[Reading texlights from 'lights.rad']
[45 texlights parsed from 'lights.rad']

Loading c:\program files (x86)\steam\steamapps\common\sourcesdk_content\hl2mp\mapsrc\test.bsp
543 faces
37015 square feet [5330222.00 square inches]
0 Displacements
0 Square Feet [0.00 Square Inches]
543 patches before subdivision
10597 patches after subdivision
6 direct lights
0...1...2...3...4...5...6...7...8...9...100...1...2...3...4...5...6...7...8...9...10transfers 1135616, max 328
transfer lists:   8.7 megs
0...1...2...3...4...5...6...7...8...9...10	Bounce #1 added RGB(42099, 38803, 28885)
0...1...2...3...4...5...6...7...8...9...10	Bounce #2 added RGB(12334, 10766, 7274)
0...1...2...3...4...5...6...7...8...9...10	Bounce #3 added RGB(3112, 2582, 1602)
0...1...2...3...4...5...6...7...8...9...10	Bounce #4 added RGB(845, 661, 376)
0...1...2...3...4...5...6...7...8...9...10	Bounce #5 added RGB(224, 166, 86)
0...1...2...3...4...5...6...7...8...9...10	Bounce #6 added RGB(61, 42, 20)
0...1...2...3...4...5...6...7...8...9...10	Bounce #7 added RGB(16, 11, 5)
0...1...2...3...4...5...6...7...8...9...10	Bounce #8 added RGB(4, 3, 1)
0...1...2...3...4...5...6...7...8...9...10	Bounce #9 added RGB(1, 1, 0)
0...1...2...3...4...5...6...7...8...9...10	Bounce #10 added RGB(0, 0, 0)
Build Patch/Sample Hash Table(s).....Done<0.0023 sec>
0...1...2...3...4...5...6...7...8...9...10FinalLightFace Done
0 of 0 (0% of) surface lights went in leaf ambient cubes.
0...1...2...3...4...5...6...7...8...9...10Writing leaf ambient...done
Ready to Finish

Object names       Objects/Maxobjs  Memory / Maxmem  Fullness 
------------       ---------------  ---------------  -------- 
models                  35/1024         1680/49152    ( 3.4%) 
brushes                 87/8192         1044/98304    ( 1.1%) 
brushsides             614/65536        4912/524288   ( 0.9%) 
planes                 742/65536       14840/1310720  ( 1.1%) 
vertexes               787/65536        9444/786432   ( 1.2%) 
nodes                  432/65536       13824/2097152  ( 0.7%) 
texinfos               133/12288        9576/884736   ( 1.1%) 
texdata                 19/2048          608/65536    ( 0.9%) 
dispinfos                0/0               0/0        ( 0.0%) 
disp_verts               0/0               0/0        ( 0.0%) 
disp_tris                0/0               0/0        ( 0.0%) 
disp_lmsamples           0/0               0/0        ( 0.0%) 
faces                  543/65536       30408/3670016  ( 0.8%) 
hdr faces              543/65536       30408/3670016  ( 0.8%) 
origfaces              381/65536       21336/3670016  ( 0.6%) 
leaves                 468/65536       14976/2097152  ( 0.7%) 
leaffaces              610/65536        1220/131072   ( 0.9%) 
leafbrushes            115/65536         230/131072   ( 0.2%) 
areas                    2/256            16/2048     ( 0.8%) 
surfedges             4027/512000      16108/2048000  ( 0.8%) 
edges                 2127/256000       8508/1024000  ( 0.8%) 
LDR worldlights          6/8192          528/720896   ( 0.1%) 
HDR worldlights          6/8192          528/720896   ( 0.1%) 
leafwaterdata            1/32768          12/393216   ( 0.0%) 
waterstrips             16/32768         160/327680   ( 0.0%) 
waterverts               0/65536           0/786432   ( 0.0%) 
waterindices           225/65536         450/131072   ( 0.3%) 
cubemapsamples           2/1024           32/16384    ( 0.2%) 
overlays                 0/512             0/180224   ( 0.0%) 
LDR lightdata         [variable]     1046388/0        ( 0.0%) 
HDR lightdata         [variable]     1046388/0        ( 0.0%) 
visdata               [variable]         954/16777216 ( 0.0%) 
entdata               [variable]       31005/393216   ( 7.9%) 
LDR ambient table      468/65536        1872/262144   ( 0.7%) 
HDR ambient table      468/65536        1872/262144   ( 0.7%) 
LDR leaf ambient       772/65536       21616/1835008  ( 1.2%) 
HDR leaf ambient       772/65536       21616/1835008  ( 1.2%) 
occluders                0/0               0/0        ( 0.0%) 
occluder polygons        0/0               0/0        ( 0.0%) 
occluder vert ind        0/0               0/0        ( 0.0%) 
detail props          [variable]           1/12       ( 8.3%) 
static props          [variable]           1/12       ( 8.3%) 
pakfile               [variable]      319494/0        ( 0.0%) 
physics               [variable]       44525/4194304  ( 1.1%) 
physics terrain       [variable]           2/1048576  ( 0.0%) 

Level flags = 0

Total triangle count: 1369
Writing c:\program files (x86)\steam\steamapps\common\sourcesdk_content\hl2mp\mapsrc\test.bsp
1 second elapsed



materialPath: C:\Program Files (x86)\Steam\steamapps\common\Half-Life 2 Deathmatch\hl2mp\materials
Loading C:\Program Files (x86)\Steam\steamapps\common\sourcesdk_content\hl2mp\mapsrc\test.vmf
ConVarRef mat_reduceparticles doesn't point to an existing ConVar
Could not locate 'GameData' key in c:\program files (x86)\steam\steamapps\common\half-life 2 deathmatch\hl2mp\gameinfo.txt
Patching WVT material: maps/test/dev/dev_blendmeasure_wvt_patch
fixing up env_cubemap materials on brush sides...
0...1...2...3...4...5...6...7...8...9...100...1...2...3...4...5...6...7...8...9...10Processing areas...done (0)
Building Faces...done (0)
FixTjuncs...
PruneNodes...
WriteBSP...
done (0)
writing C:\Program Files (x86)\Steam\steamapps\common\sourcesdk_content\hl2mp\mapsrc\test.prt...Building visibility clusters...
done (0)
Creating default LDR cubemaps for env_cubemap using skybox materials:
   skybox/sky_day01_01*.vmt
 ! Run buildcubemaps in the engine to get the correct cube maps.
Creating default HDR cubemaps for env_cubemap using skybox materials:
   skybox/sky_day01_01*.vmt
 ! Run buildcubemaps in the engine to get the correct cube maps.
Finding displacement neighbors...
Finding lightmap sample positions...
Displacement Alpha : 0...1...2...3...4...5...6...7...8...9...10
Building Physics collision data...
done (0) (43979 bytes)
Placing detail props : 0...1...2...3...4...5...6...7...8...9...10
Compacting texture/material tables...
Reduced 264 texinfos to 130
Reduced 26 texdatas to 19 (827 bytes to 612)
Writing C:\Program Files (x86)\Steam\steamapps\common\sourcesdk_content\hl2mp\mapsrc\test.bsp
Wrote ZIP buffer, estimated size 321316, actual size 319494
0 seconds elapsed



12 threads
reading c:\program files (x86)\steam\steamapps\common\sourcesdk_content\hl2mp\mapsrc\test.bsp
reading c:\program files (x86)\steam\steamapps\common\sourcesdk_content\hl2mp\mapsrc\test.prt
  47 portalclusters
 128 numportals
0...1...2...3...4...5...6...7...8...9...100...1...2...3...4...5...6...7...8...9...10Optimized: 0 visible clusters (0.00%)
Total clusters visible: 1907
Average clusters visible: 40
Building PAS...
Average clusters audible: 47
visdatasize:954  compressed from 752
writing c:\program files (x86)\steam\steamapps\common\sourcesdk_content\hl2mp\mapsrc\test.bsp
0 seconds elapsed



[Reading texlights from 'lights.rad']
[45 texlights parsed from 'lights.rad']

Loading c:\program files (x86)\steam\steamapps\common\sourcesdk_content\hl2mp\mapsrc\test.bsp
537 faces
37000 square feet [5328046.00 square inches]
0 Displacements
0 Square Feet [0.00 Square Inches]
537 patches before subdivision
10591 patches after subdivision
6 direct lights
0...1...2...3...4...5...6...7...8...9...100...1...2...3...4...5...6...7...8...9...10transfers 1134537, max 328
transfer lists:   8.7 megs
0...1...2...3...4...5...6...7...8...9...10	Bounce #1 added RGB(42045, 38752, 28847)
0...1...2...3...4...5...6...7...8...9...10	Bounce #2 added RGB(12322, 10754, 7267)
0...1...2...3...4...5...6...7...8...9...10	Bounce #3 added RGB(3109, 2579, 1600)
0...1...2...3...4...5...6...7...8...9...10	Bounce #4 added RGB(844, 660, 376)
0...1...2...3...4...5...6...7...8...9...10	Bounce #5 added RGB(224, 165, 86)
0...1...2...3...4...5...6...7...8...9...10	Bounce #6 added RGB(61, 42, 20)
0...1...2...3...4...5...6...7...8...9...10	Bounce #7 added RGB(16, 11, 5)
0...1...2...3...4...5...6...7...8...9...10	Bounce #8 added RGB(4, 3, 1)
0...1...2...3...4...5...6...7...8...9...10	Bounce #9 added RGB(1, 1, 0)
0...1...2...3...4...5...6...7...8...9...10	Bounce #10 added RGB(0, 0, 0)
Build Patch/Sample Hash Table(s).....Done<0.0021 sec>
0...1...2...3...4...5...6...7...8...9...10FinalLightFace Done
0 of 0 (0% of) surface lights went in leaf ambient cubes.
0...1...2...3...4...5...6...7...8...9...10Writing leaf ambient...done
Ready to Finish

Object names       Objects/Maxobjs  Memory / Maxmem  Fullness 
------------       ---------------  ---------------  -------- 
models                  34/1024         1632/49152    ( 3.3%) 
brushes                 86/8192         1032/98304    ( 1.0%) 
brushsides             608/65536        4864/524288   ( 0.9%) 
planes                 734/65536       14680/1310720  ( 1.1%) 
vertexes               779/65536        9348/786432   ( 1.2%) 
nodes                  426/65536       13632/2097152  ( 0.7%) 
texinfos               130/12288        9360/884736   ( 1.1%) 
texdata                 19/2048          608/65536    ( 0.9%) 
dispinfos                0/0               0/0        ( 0.0%) 
disp_verts               0/0               0/0        ( 0.0%) 
disp_tris                0/0               0/0        ( 0.0%) 
disp_lmsamples           0/0               0/0        ( 0.0%) 
faces                  537/65536       30072/3670016  ( 0.8%) 
hdr faces                0/65536           0/3670016  ( 0.0%) 
origfaces              375/65536       21000/3670016  ( 0.6%) 
leaves                 461/65536       14752/2097152  ( 0.7%) 
leaffaces              604/65536        1208/131072   ( 0.9%) 
leafbrushes            114/65536         228/131072   ( 0.2%) 
areas                    2/256            16/2048     ( 0.8%) 
surfedges             3979/512000      15916/2048000  ( 0.8%) 
edges                 2103/256000       8412/1024000  ( 0.8%) 
LDR worldlights          6/8192          528/720896   ( 0.1%) 
HDR worldlights          0/8192            0/720896   ( 0.0%) 
leafwaterdata            1/32768          12/393216   ( 0.0%) 
waterstrips             16/32768         160/327680   ( 0.0%) 
waterverts               0/65536           0/786432   ( 0.0%) 
waterindices           225/65536         450/131072   ( 0.3%) 
cubemapsamples           2/1024           32/16384    ( 0.2%) 
overlays                 0/512             0/180224   ( 0.0%) 
LDR lightdata         [variable]     1045904/0        ( 0.0%) 
HDR lightdata         [variable]           0/0        ( 0.0%) 
visdata               [variable]         954/16777216 ( 0.0%) 
entdata               [variable]       30469/393216   ( 7.7%) 
LDR ambient table      461/65536        1844/262144   ( 0.7%) 
HDR ambient table      461/65536        1844/262144   ( 0.7%) 
LDR leaf ambient       766/65536       21448/1835008  ( 1.2%) 
HDR leaf ambient       461/65536       12908/1835008  ( 0.7%) 
occluders                0/0               0/0        ( 0.0%) 
occluder polygons        0/0               0/0        ( 0.0%) 
occluder vert ind        0/0               0/0        ( 0.0%) 
detail props          [variable]           1/12       ( 8.3%) 
static props          [variable]           1/12       ( 8.3%) 
pakfile               [variable]      319494/0        ( 0.0%) 
physics               [variable]       43979/4194304  ( 1.0%) 
physics terrain       [variable]           2/1048576  ( 0.0%) 

Level flags = 0

Total triangle count: 1357
Writing c:\program files (x86)\steam\steamapps\common\sourcesdk_content\hl2mp\mapsrc\test.bsp
1 second elapsed



[Reading texlights from 'lights.rad']
[45 texlights parsed from 'lights.rad']

Loading c:\program files (x86)\steam\steamapps\common\sourcesdk_content\hl2mp\mapsrc\test.bsp
537 faces
37000 square feet [5328046.00 square inches]
0 Displacements
0 Square Feet [0.00 Square Inches]
537 patches before subdivision
10591 patches after subdivision
6 direct lights
0...1...2...3...4...5...6...7...8...9...100...1...2...3...4...5...6...7...8...9...10transfers 1134537, max 328
transfer lists:   8.7 megs
0...1...2...3...4...5...6...7...8...9...10	Bounce #1 added RGB(42045, 38752, 28847)
0...1...2...3...4...5...6...7...8...9...10	Bounce #2 added RGB(12322, 10754, 7267)
0...1...2...3...4...5...6...7...8...9...10	Bounce #3 added RGB(3109, 2579, 1600)
0...1...2...3...4...5...6...7...8...9...10	Bounce #4 added RGB(844, 660, 376)
0...1...2...3...4...5...6...7...8...9...10	Bounce #5 added RGB(224, 165, 86)
0...1...2...3...4...5...6...7...8...9...10	Bounce #6 added RGB(61, 42, 20)
0...1...2...3...4...5...6...7...8...9...10	Bounce #7 added RGB(16, 11, 5)
0...1...2...3...4...5...6...7...8...9...10	Bounce #8 added RGB(4, 3, 1)
0...1...2...3...4...5...6...7...8...9...10	Bounce #9 added RGB(1, 1, 0)
0...1...2...3...4...5...6...7...8...9...10	Bounce #10 added RGB(0, 0, 0)
Build Patch/Sample Hash Table(s).....Done<0.0022 sec>
0...1...2...3...4...5...6...7...8...9...10FinalLightFace Done
0 of 0 (0% of) surface lights went in leaf ambient cubes.
0...1...2...3...4...5...6...7...8...9...10Writing leaf ambient...done
Ready to Finish

Object names       Objects/Maxobjs  Memory / Maxmem  Fullness 
------------       ---------------  ---------------  -------- 
models                  34/1024         1632/49152    ( 3.3%) 
brushes                 86/8192         1032/98304    ( 1.0%) 
brushsides             608/65536        4864/524288   ( 0.9%) 
planes                 734/65536       14680/1310720  ( 1.1%) 
vertexes               779/65536        9348/786432   ( 1.2%) 
nodes                  426/65536       13632/2097152  ( 0.7%) 
texinfos               130/12288        9360/884736   ( 1.1%) 
texdata                 19/2048          608/65536    ( 0.9%) 
dispinfos                0/0               0/0        ( 0.0%) 
disp_verts               0/0               0/0        ( 0.0%) 
disp_tris                0/0               0/0        ( 0.0%) 
disp_lmsamples           0/0               0/0        ( 0.0%) 
faces                  537/65536       30072/3670016  ( 0.8%) 
hdr faces              537/65536       30072/3670016  ( 0.8%) 
origfaces              375/65536       21000/3670016  ( 0.6%) 
leaves                 461/65536       14752/2097152  ( 0.7%) 
leaffaces              604/65536        1208/131072   ( 0.9%) 
leafbrushes            114/65536         228/131072   ( 0.2%) 
areas                    2/256            16/2048     ( 0.8%) 
surfedges             3979/512000      15916/2048000  ( 0.8%) 
edges                 2103/256000       8412/1024000  ( 0.8%) 
LDR worldlights          6/8192          528/720896   ( 0.1%) 
HDR worldlights          6/8192          528/720896   ( 0.1%) 
leafwaterdata            1/32768          12/393216   ( 0.0%) 
waterstrips             16/32768         160/327680   ( 0.0%) 
waterverts               0/65536           0/786432   ( 0.0%) 
waterindices           225/65536         450/131072   ( 0.3%) 
cubemapsamples           2/1024           32/16384    ( 0.2%) 
overlays                 0/512             0/180224   ( 0.0%) 
LDR lightdata         [variable]     1045904/0        ( 0.0%) 
HDR lightdata         [variable]     1045904/0        ( 0.0%) 
visdata               [variable]         954/16777216 ( 0.0%) 
entdata               [variable]       30469/393216   ( 7.7%) 
LDR ambient table      461/65536        1844/262144   ( 0.7%) 
HDR ambient table      461/65536        1844/262144   ( 0.7%) 
LDR leaf ambient       766/65536       21448/1835008  ( 1.2%) 
HDR leaf ambient       766/65536       21448/1835008  ( 1.2%) 
occluders                0/0               0/0        ( 0.0%) 
occluder polygons        0/0               0/0        ( 0.0%) 
occluder vert ind        0/0               0/0        ( 0.0%) 
detail props          [variable]           1/12       ( 8.3%) 
static props          [variable]           1/12       ( 8.3%) 
pakfile               [variable]      319494/0        ( 0.0%) 
physics               [variable]       43979/4194304  ( 1.0%) 
physics terrain       [variable]           2/1048576  ( 0.0%) 

Level flags = 0

Total triangle count: 1357
Writing c:\program files (x86)\steam\steamapps\common\sourcesdk_content\hl2mp\mapsrc\test.bsp
1 second elapsed



materialPath: C:\Program Files (x86)\Steam\steamapps\common\Half-Life 2 Deathmatch\hl2mp\materials
Loading C:\Program Files (x86)\Steam\steamapps\common\sourcesdk_content\hl2mp\mapsrc\test.vmf
ConVarRef mat_reduceparticles doesn't point to an existing ConVar
Could not locate 'GameData' key in c:\program files (x86)\steam\steamapps\common\half-life 2 deathmatch\hl2mp\gameinfo.txt
Patching WVT material: maps/test/dev/dev_blendmeasure_wvt_patch
fixing up env_cubemap materials on brush sides...
0...1...2...3...4...5...6...7...8...9...100...1...2...3...4...5...6...7...8...9...10Processing areas...done (0)
Building Faces...done (0)
FixTjuncs...
PruneNodes...
WriteBSP...
done (0)
writing C:\Program Files (x86)\Steam\steamapps\common\sourcesdk_content\hl2mp\mapsrc\test.prt...Building visibility clusters...
done (0)
Creating default LDR cubemaps for env_cubemap using skybox materials:
   skybox/sky_day01_01*.vmt
 ! Run buildcubemaps in the engine to get the correct cube maps.
Creating default HDR cubemaps for env_cubemap using skybox materials:
   skybox/sky_day01_01*.vmt
 ! Run buildcubemaps in the engine to get the correct cube maps.
Finding displacement neighbors...
Finding lightmap sample positions...
Displacement Alpha : 0...1...2...3...4...5...6...7...8...9...10
Building Physics collision data...
done (0) (44523 bytes)
Placing detail props : 0...1...2...3...4...5...6...7...8...9...10
Compacting texture/material tables...
Reduced 273 texinfos to 133
Reduced 28 texdatas to 20 (905 bytes to 662)
Writing C:\Program Files (x86)\Steam\steamapps\common\sourcesdk_content\hl2mp\mapsrc\test.bsp
Wrote ZIP buffer, estimated size 321783, actual size 319827
0 seconds elapsed



12 threads
reading c:\program files (x86)\steam\steamapps\common\sourcesdk_content\hl2mp\mapsrc\test.bsp
reading c:\program files (x86)\steam\steamapps\common\sourcesdk_content\hl2mp\mapsrc\test.prt
  47 portalclusters
 128 numportals
0...1...2...3...4...5...6...7...8...9...100...1...2...3...4...5...6...7...8...9...10Optimized: 0 visible clusters (0.00%)
Total clusters visible: 1907
Average clusters visible: 40
Building PAS...
Average clusters audible: 47
visdatasize:954  compressed from 752
writing c:\program files (x86)\steam\steamapps\common\sourcesdk_content\hl2mp\mapsrc\test.bsp
0 seconds elapsed



[Reading texlights from 'lights.rad']
[45 texlights parsed from 'lights.rad']

Loading c:\program files (x86)\steam\steamapps\common\sourcesdk_content\hl2mp\mapsrc\test.bsp
543 faces
37002 square feet [5328302.00 square inches]
0 Displacements
0 Square Feet [0.00 Square Inches]
543 patches before subdivision
10597 patches after subdivision
6 direct lights
0...1...2...3...4...5...6...7...8...9...100...1...2...3...4...5...6...7...8...9...10transfers 1135835, max 328
transfer lists:   8.7 megs
0...1...2...3...4...5...6...7...8...9...10	Bounce #1 added RGB(42137, 38839, 28911)
0...1...2...3...4...5...6...7...8...9...10	Bounce #2 added RGB(12337, 10768, 7276)
0...1...2...3...4...5...6...7...8...9...10	Bounce #3 added RGB(3113, 2583, 1602)
0...1...2...3...4...5...6...7...8...9...10	Bounce #4 added RGB(845, 661, 376)
0...1...2...3...4...5...6...7...8...9...10	Bounce #5 added RGB(224, 166, 86)
0...1...2...3...4...5...6...7...8...9...10	Bounce #6 added RGB(61, 42, 20)
0...1...2...3...4...5...6...7...8...9...10	Bounce #7 added RGB(16, 11, 5)
0...1...2...3...4...5...6...7...8...9...10	Bounce #8 added RGB(4, 3, 1)
0...1...2...3...4...5...6...7...8...9...10	Bounce #9 added RGB(1, 1, 0)
0...1...2...3...4...5...6...7...8...9...10	Bounce #10 added RGB(0, 0, 0)
Build Patch/Sample Hash Table(s).....Done<0.0021 sec>
0...1...2...3...4...5...6...7...8...9...10FinalLightFace Done
0 of 0 (0% of) surface lights went in leaf ambient cubes.
0...1...2...3...4...5...6...7...8...9...10Writing leaf ambient...done
Ready to Finish

Object names       Objects/Maxobjs  Memory / Maxmem  Fullness 
------------       ---------------  ---------------  -------- 
models                  35/1024         1680/49152    ( 3.4%) 
brushes                 87/8192         1044/98304    ( 1.1%) 
brushsides             614/65536        4912/524288   ( 0.9%) 
planes                 748/65536       14960/1310720  ( 1.1%) 
vertexes               787/65536        9444/786432   ( 1.2%) 
nodes                  432/65536       13824/2097152  ( 0.7%) 
texinfos               133/12288        9576/884736   ( 1.1%) 
texdata                 20/2048          640/65536    ( 1.0%) 
dispinfos                0/0               0/0        ( 0.0%) 
disp_verts               0/0               0/0        ( 0.0%) 
disp_tris                0/0               0/0        ( 0.0%) 
disp_lmsamples           0/0               0/0        ( 0.0%) 
faces                  543/65536       30408/3670016  ( 0.8%) 
hdr faces                0/65536           0/3670016  ( 0.0%) 
origfaces              381/65536       21336/3670016  ( 0.6%) 
leaves                 468/65536       14976/2097152  ( 0.7%) 
leaffaces              610/65536        1220/131072   ( 0.9%) 
leafbrushes            115/65536         230/131072   ( 0.2%) 
areas                    2/256            16/2048     ( 0.8%) 
surfedges             4027/512000      16108/2048000  ( 0.8%) 
edges                 2127/256000       8508/1024000  ( 0.8%) 
LDR worldlights          6/8192          528/720896   ( 0.1%) 
HDR worldlights          0/8192            0/720896   ( 0.0%) 
leafwaterdata            1/32768          12/393216   ( 0.0%) 
waterstrips             16/32768         160/327680   ( 0.0%) 
waterverts               0/65536           0/786432   ( 0.0%) 
waterindices           225/65536         450/131072   ( 0.3%) 
cubemapsamples           2/1024           32/16384    ( 0.2%) 
overlays                 0/512             0/180224   ( 0.0%) 
LDR lightdata         [variable]     1047032/0        ( 0.0%) 
HDR lightdata         [variable]           0/0        ( 0.0%) 
visdata               [variable]         954/16777216 ( 0.0%) 
entdata               [variable]       31415/393216   ( 8.0%) 
LDR ambient table      468/65536        1872/262144   ( 0.7%) 
HDR ambient table      468/65536        1872/262144   ( 0.7%) 
LDR leaf ambient       772/65536       21616/1835008  ( 1.2%) 
HDR leaf ambient       468/65536       13104/1835008  ( 0.7%) 
occluders                0/0               0/0        ( 0.0%) 
occluder polygons        0/0               0/0        ( 0.0%) 
occluder vert ind        0/0               0/0        ( 0.0%) 
detail props          [variable]           1/12       ( 8.3%) 
static props          [variable]           1/12       ( 8.3%) 
pakfile               [variable]      319827/0        ( 0.0%) 
physics               [variable]       44523/4194304  ( 1.1%) 
physics terrain       [variable]           2/1048576  ( 0.0%) 

Level flags = 0

Total triangle count: 1369
Writing c:\program files (x86)\steam\steamapps\common\sourcesdk_content\hl2mp\mapsrc\test.bsp
1 second elapsed



[Reading texlights from 'lights.rad']
[45 texlights parsed from 'lights.rad']

Loading c:\program files (x86)\steam\steamapps\common\sourcesdk_content\hl2mp\mapsrc\test.bsp
543 faces
37002 square feet [5328302.00 square inches]
0 Displacements
0 Square Feet [0.00 Square Inches]
543 patches before subdivision
10597 patches after subdivision
6 direct lights
0...1...2...3...4...5...6...7...8...9...100...1...2...3...4...5...6...7...8...9...10transfers 1135835, max 328
transfer lists:   8.7 megs
0...1...2...3...4...5...6...7...8...9...10	Bounce #1 added RGB(42137, 38839, 28911)
0...1...2...3...4...5...6...7...8...9...10	Bounce #2 added RGB(12337, 10768, 7276)
0...1...2...3...4...5...6...7...8...9...10	Bounce #3 added RGB(3113, 2583, 1602)
0...1...2...3...4...5...6...7...8...9...10	Bounce #4 added RGB(845, 661, 376)
0...1...2...3...4...5...6...7...8...9...10	Bounce #5 added RGB(224, 166, 86)
0...1...2...3...4...5...6...7...8...9...10	Bounce #6 added RGB(61, 42, 20)
0...1...2...3...4...5...6...7...8...9...10	Bounce #7 added RGB(16, 11, 5)
0...1...2...3...4...5...6...7...8...9...10	Bounce #8 added RGB(4, 3, 1)
0...1...2...3...4...5...6...7...8...9...10	Bounce #9 added RGB(1, 1, 0)
0...1...2...3...4...5...6...7...8...9...10	Bounce #10 added RGB(0, 0, 0)
Build Patch/Sample Hash Table(s).....Done<0.0022 sec>
0...1...2...3...4...5...6...7...8...9...10FinalLightFace Done
0 of 0 (0% of) surface lights went in leaf ambient cubes.
0...1...2...3...4...5...6...7...8...9...10Writing leaf ambient...done
Ready to Finish

Object names       Objects/Maxobjs  Memory / Maxmem  Fullness 
------------       ---------------  ---------------  -------- 
models                  35/1024         1680/49152    ( 3.4%) 
brushes                 87/8192         1044/98304    ( 1.1%) 
brushsides             614/65536        4912/524288   ( 0.9%) 
planes                 748/65536       14960/1310720  ( 1.1%) 
vertexes               787/65536        9444/786432   ( 1.2%) 
nodes                  432/65536       13824/2097152  ( 0.7%) 
texinfos               133/12288        9576/884736   ( 1.1%) 
texdata                 20/2048          640/65536    ( 1.0%) 
dispinfos                0/0               0/0        ( 0.0%) 
disp_verts               0/0               0/0        ( 0.0%) 
disp_tris                0/0               0/0        ( 0.0%) 
disp_lmsamples           0/0               0/0        ( 0.0%) 
faces                  543/65536       30408/3670016  ( 0.8%) 
hdr faces              543/65536       30408/3670016  ( 0.8%) 
origfaces              381/65536       21336/3670016  ( 0.6%) 
leaves                 468/65536       14976/2097152  ( 0.7%) 
leaffaces              610/65536        1220/131072   ( 0.9%) 
leafbrushes            115/65536         230/131072   ( 0.2%) 
areas                    2/256            16/2048     ( 0.8%) 
surfedges             4027/512000      16108/2048000  ( 0.8%) 
edges                 2127/256000       8508/1024000  ( 0.8%) 
LDR worldlights          6/8192          528/720896   ( 0.1%) 
HDR worldlights          6/8192          528/720896   ( 0.1%) 
leafwaterdata            1/32768          12/393216   ( 0.0%) 
waterstrips             16/32768         160/327680   ( 0.0%) 
waterverts               0/65536           0/786432   ( 0.0%) 
waterindices           225/65536         450/131072   ( 0.3%) 
cubemapsamples           2/1024           32/16384    ( 0.2%) 
overlays                 0/512             0/180224   ( 0.0%) 
LDR lightdata         [variable]     1047032/0        ( 0.0%) 
HDR lightdata         [variable]     1047032/0        ( 0.0%) 
visdata               [variable]         954/16777216 ( 0.0%) 
entdata               [variable]       31415/393216   ( 8.0%) 
LDR ambient table      468/65536        1872/262144   ( 0.7%) 
HDR ambient table      468/65536        1872/262144   ( 0.7%) 
LDR leaf ambient       772/65536       21616/1835008  ( 1.2%) 
HDR leaf ambient       772/65536       21616/1835008  ( 1.2%) 
occluders                0/0               0/0        ( 0.0%) 
occluder polygons        0/0               0/0        ( 0.0%) 
occluder vert ind        0/0               0/0        ( 0.0%) 
detail props          [variable]           1/12       ( 8.3%) 
static props          [variable]           1/12       ( 8.3%) 
pakfile               [variable]      319827/0        ( 0.0%) 
physics               [variable]       44523/4194304  ( 1.1%) 
physics terrain       [variable]           2/1048576  ( 0.0%) 

Level flags = 0

Total triangle count: 1369
Writing c:\program files (x86)\steam\steamapps\common\sourcesdk_content\hl2mp\mapsrc\test.bsp
1 second elapsed



materialPath: C:\Program Files (x86)\Steam\steamapps\common\Half-Life 2 Deathmatch\hl2mp\materials
Loading C:\Program Files (x86)\Steam\steamapps\common\sourcesdk_content\hl2mp\mapsrc\test.vmf
ConVarRef mat_reduceparticles doesn't point to an existing ConVar
Could not locate 'GameData' key in c:\program files (x86)\steam\steamapps\common\half-life 2 deathmatch\hl2mp\gameinfo.txt
Patching WVT material: maps/test/dev/dev_blendmeasure_wvt_patch
fixing up env_cubemap materials on brush sides...
0...1...2...3...4...5...6...7...8...9...100...1...2...3...4...5...6...7...8...9...10Processing areas...done (0)
Building Faces...done (0)
FixTjuncs...
PruneNodes...
WriteBSP...
done (0)
writing C:\Program Files (x86)\Steam\steamapps\common\sourcesdk_content\hl2mp\mapsrc\test.prt...Building visibility clusters...
done (0)
Creating default LDR cubemaps for env_cubemap using skybox materials:
   skybox/sky_day01_01*.vmt
 ! Run buildcubemaps in the engine to get the correct cube maps.
Creating default HDR cubemaps for env_cubemap using skybox materials:
   skybox/sky_day01_01*.vmt
 ! Run buildcubemaps in the engine to get the correct cube maps.
Finding displacement neighbors...
Finding lightmap sample positions...
Displacement Alpha : 0...1...2...3...4...5...6...7...8...9...10
Building Physics collision data...
done (0) (44523 bytes)
Placing detail props : 0...1...2...3...4...5...6...7...8...9...10
Compacting texture/material tables...
Reduced 273 texinfos to 133
Reduced 28 texdatas to 20 (905 bytes to 662)
Writing C:\Program Files (x86)\Steam\steamapps\common\sourcesdk_content\hl2mp\mapsrc\test.bsp
Wrote ZIP buffer, estimated size 321783, actual size 319827
0 seconds elapsed



12 threads
reading c:\program files (x86)\steam\steamapps\common\sourcesdk_content\hl2mp\mapsrc\test.bsp
reading c:\program files (x86)\steam\steamapps\common\sourcesdk_content\hl2mp\mapsrc\test.prt
  47 portalclusters
 128 numportals
0...1...2...3...4...5...6...7...8...9...100...1...2...3...4...5...6...7...8...9...10Optimized: 0 visible clusters (0.00%)
Total clusters visible: 1907
Average clusters visible: 40
Building PAS...
Average clusters audible: 47
visdatasize:954  compressed from 752
writing c:\program files (x86)\steam\steamapps\common\sourcesdk_content\hl2mp\mapsrc\test.bsp
0 seconds elapsed



[Reading texlights from 'lights.rad']
[45 texlights parsed from 'lights.rad']

Loading c:\program files (x86)\steam\steamapps\common\sourcesdk_content\hl2mp\mapsrc\test.bsp
543 faces
37002 square feet [5328302.00 square inches]
0 Displacements
0 Square Feet [0.00 Square Inches]
543 patches before subdivision
10597 patches after subdivision
6 direct lights
0...1...2...3...4...5...6...7...8...9...100...1...2...3...4...5...6...7...8...9...10transfers 1135835, max 328
transfer lists:   8.7 megs
0...1...2...3...4...5...6...7...8...9...10	Bounce #1 added RGB(42137, 38839, 28911)
0...1...2...3...4...5...6...7...8...9...10	Bounce #2 added RGB(12337, 10768, 7276)
0...1...2...3...4...5...6...7...8...9...10	Bounce #3 added RGB(3113, 2583, 1602)
0...1...2...3...4...5...6...7...8...9...10	Bounce #4 added RGB(845, 661, 376)
0...1...2...3...4...5...6...7...8...9...10	Bounce #5 added RGB(224, 166, 86)
0...1...2...3...4...5...6...7...8...9...10	Bounce #6 added RGB(61, 42, 20)
0...1...2...3...4...5...6...7...8...9...10	Bounce #7 added RGB(16, 11, 5)
0...1...2...3...4...5...6...7...8...9...10	Bounce #8 added RGB(4, 3, 1)
0...1...2...3...4...5...6...7...8...9...10	Bounce #9 added RGB(1, 1, 0)
0...1...2...3...4...5...6...7...8...9...10	Bounce #10 added RGB(0, 0, 0)
Build Patch/Sample Hash Table(s).....Done<0.0022 sec>
0...1...2...3...4...5...6...7...8...9...10FinalLightFace Done
0 of 0 (0% of) surface lights went in leaf ambient cubes.
0...1...2...3...4...5...6...7...8...9...10Writing leaf ambient...done
Ready to Finish

Object names       Objects/Maxobjs  Memory / Maxmem  Fullness 
------------       ---------------  ---------------  -------- 
models                  35/1024         1680/49152    ( 3.4%) 
brushes                 87/8192         1044/98304    ( 1.1%) 
brushsides             614/65536        4912/524288   ( 0.9%) 
planes                 748/65536       14960/1310720  ( 1.1%) 
vertexes               787/65536        9444/786432   ( 1.2%) 
nodes                  432/65536       13824/2097152  ( 0.7%) 
texinfos               133/12288        9576/884736   ( 1.1%) 
texdata                 20/2048          640/65536    ( 1.0%) 
dispinfos                0/0               0/0        ( 0.0%) 
disp_verts               0/0               0/0        ( 0.0%) 
disp_tris                0/0               0/0        ( 0.0%) 
disp_lmsamples           0/0               0/0        ( 0.0%) 
faces                  543/65536       30408/3670016  ( 0.8%) 
hdr faces                0/65536           0/3670016  ( 0.0%) 
origfaces              381/65536       21336/3670016  ( 0.6%) 
leaves                 468/65536       14976/2097152  ( 0.7%) 
leaffaces              610/65536        1220/131072   ( 0.9%) 
leafbrushes            115/65536         230/131072   ( 0.2%) 
areas                    2/256            16/2048     ( 0.8%) 
surfedges             4027/512000      16108/2048000  ( 0.8%) 
edges                 2127/256000       8508/1024000  ( 0.8%) 
LDR worldlights          6/8192          528/720896   ( 0.1%) 
HDR worldlights          0/8192            0/720896   ( 0.0%) 
leafwaterdata            1/32768          12/393216   ( 0.0%) 
waterstrips             16/32768         160/327680   ( 0.0%) 
waterverts               0/65536           0/786432   ( 0.0%) 
waterindices           225/65536         450/131072   ( 0.3%) 
cubemapsamples           2/1024           32/16384    ( 0.2%) 
overlays                 0/512             0/180224   ( 0.0%) 
LDR lightdata         [variable]     1047032/0        ( 0.0%) 
HDR lightdata         [variable]           0/0        ( 0.0%) 
visdata               [variable]         954/16777216 ( 0.0%) 
entdata               [variable]       31467/393216   ( 8.0%) 
LDR ambient table      468/65536        1872/262144   ( 0.7%) 
HDR ambient table      468/65536        1872/262144   ( 0.7%) 
LDR leaf ambient       772/65536       21616/1835008  ( 1.2%) 
HDR leaf ambient       468/65536       13104/1835008  ( 0.7%) 
occluders                0/0               0/0        ( 0.0%) 
occluder polygons        0/0               0/0        ( 0.0%) 
occluder vert ind        0/0               0/0        ( 0.0%) 
detail props          [variable]           1/12       ( 8.3%) 
static props          [variable]           1/12       ( 8.3%) 
pakfile               [variable]      319827/0        ( 0.0%) 
physics               [variable]       44523/4194304  ( 1.1%) 
physics terrain       [variable]           2/1048576  ( 0.0%) 

Level flags = 0

Total triangle count: 1369
Writing c:\program files (x86)\steam\steamapps\common\sourcesdk_content\hl2mp\mapsrc\test.bsp
1 second elapsed



[Reading texlights from 'lights.rad']
[45 texlights parsed from 'lights.rad']

Loading c:\program files (x86)\steam\steamapps\common\sourcesdk_content\hl2mp\mapsrc\test.bsp
543 faces
37002 square feet [5328302.00 square inches]
0 Displacements
0 Square Feet [0.00 Square Inches]
543 patches before subdivision
10597 patches after subdivision
6 direct lights
0...1...2...3...4...5...6...7...8...9...100...1...2...3...4...5...6...7...8...9...10transfers 1135835, max 328
transfer lists:   8.7 megs
0...1...2...3...4...5...6...7...8...9...10	Bounce #1 added RGB(42137, 38839, 28911)
0...1...2...3...4...5...6...7...8...9...10	Bounce #2 added RGB(12337, 10768, 7276)
0...1...2...3...4...5...6...7...8...9...10	Bounce #3 added RGB(3113, 2583, 1602)
0...1...2...3...4...5...6...7...8...9...10	Bounce #4 added RGB(845, 661, 376)
0...1...2...3...4...5...6...7...8...9...10	Bounce #5 added RGB(224, 166, 86)
0...1...2...3...4...5...6...7...8...9...10	Bounce #6 added RGB(61, 42, 20)
0...1...2...3...4...5...6...7...8...9...10	Bounce #7 added RGB(16, 11, 5)
0...1...2...3...4...5...6...7...8...9...10	Bounce #8 added RGB(4, 3, 1)
0...1...2...3...4...5...6...7...8...9...10	Bounce #9 added RGB(1, 1, 0)
0...1...2...3...4...5...6...7...8...9...10	Bounce #10 added RGB(0, 0, 0)
Build Patch/Sample Hash Table(s).....Done<0.0022 sec>
0...1...2...3...4...5...6...7...8...9...10FinalLightFace Done
0 of 0 (0% of) surface lights went in leaf ambient cubes.
0...1...2...3...4...5...6...7...8...9...10Writing leaf ambient...done
Ready to Finish

Object names       Objects/Maxobjs  Memory / Maxmem  Fullness 
------------       ---------------  ---------------  -------- 
models                  35/1024         1680/49152    ( 3.4%) 
brushes                 87/8192         1044/98304    ( 1.1%) 
brushsides             614/65536        4912/524288   ( 0.9%) 
planes                 748/65536       14960/1310720  ( 1.1%) 
vertexes               787/65536        9444/786432   ( 1.2%) 
nodes                  432/65536       13824/2097152  ( 0.7%) 
texinfos               133/12288        9576/884736   ( 1.1%) 
texdata                 20/2048          640/65536    ( 1.0%) 
dispinfos                0/0               0/0        ( 0.0%) 
disp_verts               0/0               0/0        ( 0.0%) 
disp_tris                0/0               0/0        ( 0.0%) 
disp_lmsamples           0/0               0/0        ( 0.0%) 
faces                  543/65536       30408/3670016  ( 0.8%) 
hdr faces              543/65536       30408/3670016  ( 0.8%) 
origfaces              381/65536       21336/3670016  ( 0.6%) 
leaves                 468/65536       14976/2097152  ( 0.7%) 
leaffaces              610/65536        1220/131072   ( 0.9%) 
leafbrushes            115/65536         230/131072   ( 0.2%) 
areas                    2/256            16/2048     ( 0.8%) 
surfedges             4027/512000      16108/2048000  ( 0.8%) 
edges                 2127/256000       8508/1024000  ( 0.8%) 
LDR worldlights          6/8192          528/720896   ( 0.1%) 
HDR worldlights          6/8192          528/720896   ( 0.1%) 
leafwaterdata            1/32768          12/393216   ( 0.0%) 
waterstrips             16/32768         160/327680   ( 0.0%) 
waterverts               0/65536           0/786432   ( 0.0%) 
waterindices           225/65536         450/131072   ( 0.3%) 
cubemapsamples           2/1024           32/16384    ( 0.2%) 
overlays                 0/512             0/180224   ( 0.0%) 
LDR lightdata         [variable]     1047032/0        ( 0.0%) 
HDR lightdata         [variable]     1047032/0        ( 0.0%) 
visdata               [variable]         954/16777216 ( 0.0%) 
entdata               [variable]       31467/393216   ( 8.0%) 
LDR ambient table      468/65536        1872/262144   ( 0.7%) 
HDR ambient table      468/65536        1872/262144   ( 0.7%) 
LDR leaf ambient       772/65536       21616/1835008  ( 1.2%) 
HDR leaf ambient       772/65536       21616/1835008  ( 1.2%) 
occluders                0/0               0/0        ( 0.0%) 
occluder polygons        0/0               0/0        ( 0.0%) 
occluder vert ind        0/0               0/0        ( 0.0%) 
detail props          [variable]           1/12       ( 8.3%) 
static props          [variable]           1/12       ( 8.3%) 
pakfile               [variable]      319827/0        ( 0.0%) 
physics               [variable]       44523/4194304  ( 1.1%) 
physics terrain       [variable]           2/1048576  ( 0.0%) 

Level flags = 0

Total triangle count: 1369
Writing c:\program files (x86)\steam\steamapps\common\sourcesdk_content\hl2mp\mapsrc\test.bsp
1 second elapsed



materialPath: C:\Program Files (x86)\Steam\steamapps\common\Half-Life 2 Deathmatch\hl2mp\materials
Loading C:\Program Files (x86)\Steam\steamapps\common\sourcesdk_content\hl2mp\mapsrc\test.vmf
ConVarRef mat_reduceparticles doesn't point to an existing ConVar
Could not locate 'GameData' key in c:\program files (x86)\steam\steamapps\common\half-life 2 deathmatch\hl2mp\gameinfo.txt
Patching WVT material: maps/test/dev/dev_blendmeasure_wvt_patch
fixing up env_cubemap materials on brush sides...
0...1...2...3...4...5...6...7...8...9...100...1...2...3...4...5...6...7...8...9...10Processing areas...done (0)
Building Faces...done (0)
FixTjuncs...
PruneNodes...
WriteBSP...
done (0)
writing C:\Program Files (x86)\Steam\steamapps\common\sourcesdk_content\hl2mp\mapsrc\test.prt...Building visibility clusters...
done (0)
Creating default LDR cubemaps for env_cubemap using skybox materials:
   skybox/sky_day01_01*.vmt
 ! Run buildcubemaps in the engine to get the correct cube maps.
Creating default HDR cubemaps for env_cubemap using skybox materials:
   skybox/sky_day01_01*.vmt
 ! Run buildcubemaps in the engine to get the correct cube maps.
Finding displacement neighbors...
Finding lightmap sample positions...
Displacement Alpha : 0...1...2...3...4...5...6...7...8...9...10
Building Physics collision data...
done (0) (44523 bytes)
Placing detail props : 0...1...2...3...4...5...6...7...8...9...10
Compacting texture/material tables...
Reduced 273 texinfos to 133
Reduced 28 texdatas to 20 (905 bytes to 662)
Writing C:\Program Files (x86)\Steam\steamapps\common\sourcesdk_content\hl2mp\mapsrc\test.bsp
Wrote ZIP buffer, estimated size 321783, actual size 319827
0 seconds elapsed



12 threads
reading c:\program files (x86)\steam\steamapps\common\sourcesdk_content\hl2mp\mapsrc\test.bsp
reading c:\program files (x86)\steam\steamapps\common\sourcesdk_content\hl2mp\mapsrc\test.prt
  47 portalclusters
 128 numportals
0...1...2...3...4...5...6...7...8...9...100...1...2...3...4...5...6...7...8...9...10Optimized: 0 visible clusters (0.00%)
Total clusters visible: 1907
Average clusters visible: 40
Building PAS...
Average clusters audible: 47
visdatasize:954  compressed from 752
writing c:\program files (x86)\steam\steamapps\common\sourcesdk_content\hl2mp\mapsrc\test.bsp
0 seconds elapsed



[Reading texlights from 'lights.rad']
[45 texlights parsed from 'lights.rad']

Loading c:\program files (x86)\steam\steamapps\common\sourcesdk_content\hl2mp\mapsrc\test.bsp
543 faces
37002 square feet [5328302.00 square inches]
0 Displacements
0 Square Feet [0.00 Square Inches]
543 patches before subdivision
10597 patches after subdivision
6 direct lights
0...1...2...3...4...5...6...7...8...9...100...1...2...3...4...5...6...7...8...9...10transfers 1135834, max 328
transfer lists:   8.7 megs
0...1...2...3...4...5...6...7...8...9...10	Bounce #1 added RGB(42138, 38839, 28911)
0...1...2...3...4...5...6...7...8...9...10	Bounce #2 added RGB(12337, 10768, 7276)
0...1...2...3...4...5...6...7...8...9...10	Bounce #3 added RGB(3113, 2583, 1602)
0...1...2...3...4...5...6...7...8...9...10	Bounce #4 added RGB(845, 661, 376)
0...1...2...3...4...5...6...7...8...9...10	Bounce #5 added RGB(224, 166, 86)
0...1...2...3...4...5...6...7...8...9...10	Bounce #6 added RGB(61, 42, 20)
0...1...2...3...4...5...6...7...8...9...10	Bounce #7 added RGB(16, 11, 5)
0...1...2...3...4...5...6...7...8...9...10	Bounce #8 added RGB(4, 3, 1)
0...1...2...3...4...5...6...7...8...9...10	Bounce #9 added RGB(1, 1, 0)
0...1...2...3...4...5...6...7...8...9...10	Bounce #10 added RGB(0, 0, 0)
Build Patch/Sample Hash Table(s).....Done<0.0021 sec>
0...1...2...3...4...5...6...7...8...9...10FinalLightFace Done
0 of 0 (0% of) surface lights went in leaf ambient cubes.
0...1...2...3...4...5...6...7...8...9...10Writing leaf ambient...done
Ready to Finish

Object names       Objects/Maxobjs  Memory / Maxmem  Fullness 
------------       ---------------  ---------------  -------- 
models                  35/1024         1680/49152    ( 3.4%) 
brushes                 87/8192         1044/98304    ( 1.1%) 
brushsides             614/65536        4912/524288   ( 0.9%) 
planes                 750/65536       15000/1310720  ( 1.1%) 
vertexes               787/65536        9444/786432   ( 1.2%) 
nodes                  432/65536       13824/2097152  ( 0.7%) 
texinfos               133/12288        9576/884736   ( 1.1%) 
texdata                 20/2048          640/65536    ( 1.0%) 
dispinfos                0/0               0/0        ( 0.0%) 
disp_verts               0/0               0/0        ( 0.0%) 
disp_tris                0/0               0/0        ( 0.0%) 
disp_lmsamples           0/0               0/0        ( 0.0%) 
faces                  543/65536       30408/3670016  ( 0.8%) 
hdr faces                0/65536           0/3670016  ( 0.0%) 
origfaces              381/65536       21336/3670016  ( 0.6%) 
leaves                 468/65536       14976/2097152  ( 0.7%) 
leaffaces              610/65536        1220/131072   ( 0.9%) 
leafbrushes            115/65536         230/131072   ( 0.2%) 
areas                    2/256            16/2048     ( 0.8%) 
surfedges             4027/512000      16108/2048000  ( 0.8%) 
edges                 2127/256000       8508/1024000  ( 0.8%) 
LDR worldlights          6/8192          528/720896   ( 0.1%) 
HDR worldlights          0/8192            0/720896   ( 0.0%) 
leafwaterdata            1/32768          12/393216   ( 0.0%) 
waterstrips             16/32768         160/327680   ( 0.0%) 
waterverts               0/65536           0/786432   ( 0.0%) 
waterindices           225/65536         450/131072   ( 0.3%) 
cubemapsamples           2/1024           32/16384    ( 0.2%) 
overlays                 0/512             0/180224   ( 0.0%) 
LDR lightdata         [variable]     1047032/0        ( 0.0%) 
HDR lightdata         [variable]           0/0        ( 0.0%) 
visdata               [variable]         954/16777216 ( 0.0%) 
entdata               [variable]       31377/393216   ( 8.0%) 
LDR ambient table      468/65536        1872/262144   ( 0.7%) 
HDR ambient table      468/65536        1872/262144   ( 0.7%) 
LDR leaf ambient       772/65536       21616/1835008  ( 1.2%) 
HDR leaf ambient       468/65536       13104/1835008  ( 0.7%) 
occluders                0/0               0/0        ( 0.0%) 
occluder polygons        0/0               0/0        ( 0.0%) 
occluder vert ind        0/0               0/0        ( 0.0%) 
detail props          [variable]           1/12       ( 8.3%) 
static props          [variable]           1/12       ( 8.3%) 
pakfile               [variable]      319827/0        ( 0.0%) 
physics               [variable]       44523/4194304  ( 1.1%) 
physics terrain       [variable]           2/1048576  ( 0.0%) 

Level flags = 0

Total triangle count: 1369
Writing c:\program files (x86)\steam\steamapps\common\sourcesdk_content\hl2mp\mapsrc\test.bsp
1 second elapsed



[Reading texlights from 'lights.rad']
[45 texlights parsed from 'lights.rad']

Loading c:\program files (x86)\steam\steamapps\common\sourcesdk_content\hl2mp\mapsrc\test.bsp
543 faces
37002 square feet [5328302.00 square inches]
0 Displacements
0 Square Feet [0.00 Square Inches]
543 patches before subdivision
10597 patches after subdivision
6 direct lights
0...1...2...3...4...5...6...7...8...9...100...1...2...3...4...5...6...7...8...9...10transfers 1135834, max 328
transfer lists:   8.7 megs
0...1...2...3...4...5...6...7...8...9...10	Bounce #1 added RGB(42138, 38839, 28911)
0...1...2...3...4...5...6...7...8...9...10	Bounce #2 added RGB(12337, 10768, 7276)
0...1...2...3...4...5...6...7...8...9...10	Bounce #3 added RGB(3113, 2583, 1602)
0...1...2...3...4...5...6...7...8...9...10	Bounce #4 added RGB(845, 661, 376)
0...1...2...3...4...5...6...7...8...9...10	Bounce #5 added RGB(224, 166, 86)
0...1...2...3...4...5...6...7...8...9...10	Bounce #6 added RGB(61, 42, 20)
0...1...2...3...4...5...6...7...8...9...10	Bounce #7 added RGB(16, 11, 5)
0...1...2...3...4...5...6...7...8...9...10	Bounce #8 added RGB(4, 3, 1)
0...1...2...3...4...5...6...7...8...9...10	Bounce #9 added RGB(1, 1, 0)
0...1...2...3...4...5...6...7...8...9...10	Bounce #10 added RGB(0, 0, 0)
Build Patch/Sample Hash Table(s).....Done<0.0024 sec>
0...1...2...3...4...5...6...7...8...9...10FinalLightFace Done
0 of 0 (0% of) surface lights went in leaf ambient cubes.
0...1...2...3...4...5...6...7...8...9...10Writing leaf ambient...done
Ready to Finish

Object names       Objects/Maxobjs  Memory / Maxmem  Fullness 
------------       ---------------  ---------------  -------- 
models                  35/1024         1680/49152    ( 3.4%) 
brushes                 87/8192         1044/98304    ( 1.1%) 
brushsides             614/65536        4912/524288   ( 0.9%) 
planes                 750/65536       15000/1310720  ( 1.1%) 
vertexes               787/65536        9444/786432   ( 1.2%) 
nodes                  432/65536       13824/2097152  ( 0.7%) 
texinfos               133/12288        9576/884736   ( 1.1%) 
texdata                 20/2048          640/65536    ( 1.0%) 
dispinfos                0/0               0/0        ( 0.0%) 
disp_verts               0/0               0/0        ( 0.0%) 
disp_tris                0/0               0/0        ( 0.0%) 
disp_lmsamples           0/0               0/0        ( 0.0%) 
faces                  543/65536       30408/3670016  ( 0.8%) 
hdr faces              543/65536       30408/3670016  ( 0.8%) 
origfaces              381/65536       21336/3670016  ( 0.6%) 
leaves                 468/65536       14976/2097152  ( 0.7%) 
leaffaces              610/65536        1220/131072   ( 0.9%) 
leafbrushes            115/65536         230/131072   ( 0.2%) 
areas                    2/256            16/2048     ( 0.8%) 
surfedges             4027/512000      16108/2048000  ( 0.8%) 
edges                 2127/256000       8508/1024000  ( 0.8%) 
LDR worldlights          6/8192          528/720896   ( 0.1%) 
HDR worldlights          6/8192          528/720896   ( 0.1%) 
leafwaterdata            1/32768          12/393216   ( 0.0%) 
waterstrips             16/32768         160/327680   ( 0.0%) 
waterverts               0/65536           0/786432   ( 0.0%) 
waterindices           225/65536         450/131072   ( 0.3%) 
cubemapsamples           2/1024           32/16384    ( 0.2%) 
overlays                 0/512             0/180224   ( 0.0%) 
LDR lightdata         [variable]     1047032/0        ( 0.0%) 
HDR lightdata         [variable]     1047032/0        ( 0.0%) 
visdata               [variable]         954/16777216 ( 0.0%) 
entdata               [variable]       31377/393216   ( 8.0%) 
LDR ambient table      468/65536        1872/262144   ( 0.7%) 
HDR ambient table      468/65536        1872/262144   ( 0.7%) 
LDR leaf ambient       772/65536       21616/1835008  ( 1.2%) 
HDR leaf ambient       772/65536       21616/1835008  ( 1.2%) 
occluders                0/0               0/0        ( 0.0%) 
occluder polygons        0/0               0/0        ( 0.0%) 
occluder vert ind        0/0               0/0        ( 0.0%) 
detail props          [variable]           1/12       ( 8.3%) 
static props          [variable]           1/12       ( 8.3%) 
pakfile               [variable]      319827/0        ( 0.0%) 
physics               [variable]       44523/4194304  ( 1.1%) 
physics terrain       [variable]           2/1048576  ( 0.0%) 

Level flags = 0

Total triangle count: 1369
Writing c:\program files (x86)\steam\steamapps\common\sourcesdk_content\hl2mp\mapsrc\test.bsp
1 second elapsed



materialPath: C:\Program Files (x86)\Steam\steamapps\common\Half-Life 2 Deathmatch\hl2mp\materials
Loading C:\Program Files (x86)\Steam\steamapps\common\sourcesdk_content\hl2mp\mapsrc\test.vmf
ConVarRef mat_reduceparticles doesn't point to an existing ConVar
Could not locate 'GameData' key in c:\program files (x86)\steam\steamapps\common\half-life 2 deathmatch\hl2mp\gameinfo.txt
Patching WVT material: maps/test/dev/dev_blendmeasure_wvt_patch
fixing up env_cubemap materials on brush sides...
0...1...2...3...4...5...6...7...8...9...100...1...2...3...4...5...6...7...8...9...10Processing areas...done (0)
Building Faces...done (0)
FixTjuncs...
PruneNodes...
WriteBSP...
done (0)
writing C:\Program Files (x86)\Steam\steamapps\common\sourcesdk_content\hl2mp\mapsrc\test.prt...Building visibility clusters...
done (0)
Creating default LDR cubemaps for env_cubemap using skybox materials:
   skybox/sky_day01_01*.vmt
 ! Run buildcubemaps in the engine to get the correct cube maps.
Creating default HDR cubemaps for env_cubemap using skybox materials:
   skybox/sky_day01_01*.vmt
 ! Run buildcubemaps in the engine to get the correct cube maps.
Finding displacement neighbors...
Finding lightmap sample positions...
Displacement Alpha : 0...1...2...3...4...5...6...7...8...9...10
Building Physics collision data...
done (0) (44523 bytes)
Placing detail props : 0...1...2...3...4...5...6...7...8...9...10
Compacting texture/material tables...
Reduced 273 texinfos to 133
Reduced 28 texdatas to 20 (905 bytes to 662)
Writing C:\Program Files (x86)\Steam\steamapps\common\sourcesdk_content\hl2mp\mapsrc\test.bsp
Wrote ZIP buffer, estimated size 321783, actual size 319827
0 seconds elapsed



12 threads
reading c:\program files (x86)\steam\steamapps\common\sourcesdk_content\hl2mp\mapsrc\test.bsp
reading c:\program files (x86)\steam\steamapps\common\sourcesdk_content\hl2mp\mapsrc\test.prt
  47 portalclusters
 128 numportals
0...1...2...3...4...5...6...7...8...9...100...1...2...3...4...5...6...7...8...9...10Optimized: 0 visible clusters (0.00%)
Total clusters visible: 1907
Average clusters visible: 40
Building PAS...
Average clusters audible: 47
visdatasize:954  compressed from 752
writing c:\program files (x86)\steam\steamapps\common\sourcesdk_content\hl2mp\mapsrc\test.bsp
0 seconds elapsed



[Reading texlights from 'lights.rad']
[45 texlights parsed from 'lights.rad']

Loading c:\program files (x86)\steam\steamapps\common\sourcesdk_content\hl2mp\mapsrc\test.bsp
543 faces
37002 square feet [5328302.00 square inches]
0 Displacements
0 Square Feet [0.00 Square Inches]
543 patches before subdivision
10597 patches after subdivision
6 direct lights
0...1...2...3...4...5...6...7...8...9...100...1...2...3...4...5...6...7...8...9...10transfers 1135834, max 328
transfer lists:   8.7 megs
0...1...2...3...4...5...6...7...8...9...10	Bounce #1 added RGB(42138, 38839, 28911)
0...1...2...3...4...5...6...7...8...9...10	Bounce #2 added RGB(12337, 10768, 7276)
0...1...2...3...4...5...6...7...8...9...10	Bounce #3 added RGB(3113, 2583, 1602)
0...1...2...3...4...5...6...7...8...9...10	Bounce #4 added RGB(845, 661, 376)
0...1...2...3...4...5...6...7...8...9...10	Bounce #5 added RGB(224, 166, 86)
0...1...2...3...4...5...6...7...8...9...10	Bounce #6 added RGB(61, 42, 20)
0...1...2...3...4...5...6...7...8...9...10	Bounce #7 added RGB(16, 11, 5)
0...1...2...3...4...5...6...7...8...9...10	Bounce #8 added RGB(4, 3, 1)
0...1...2...3...4...5...6...7...8...9...10	Bounce #9 added RGB(1, 1, 0)
0...1...2...3...4...5...6...7...8...9...10	Bounce #10 added RGB(0, 0, 0)
Build Patch/Sample Hash Table(s).....Done<0.0022 sec>
0...1...2...3...4...5...6...7...8...9...10FinalLightFace Done
0 of 0 (0% of) surface lights went in leaf ambient cubes.
0...1...2...3...4...5...6...7...8...9...10Writing leaf ambient...done
Ready to Finish

Object names       Objects/Maxobjs  Memory / Maxmem  Fullness 
------------       ---------------  ---------------  -------- 
models                  35/1024         1680/49152    ( 3.4%) 
brushes                 87/8192         1044/98304    ( 1.1%) 
brushsides             614/65536        4912/524288   ( 0.9%) 
planes                 750/65536       15000/1310720  ( 1.1%) 
vertexes               787/65536        9444/786432   ( 1.2%) 
nodes                  432/65536       13824/2097152  ( 0.7%) 
texinfos               133/12288        9576/884736   ( 1.1%) 
texdata                 20/2048          640/65536    ( 1.0%) 
dispinfos                0/0               0/0        ( 0.0%) 
disp_verts               0/0               0/0        ( 0.0%) 
disp_tris                0/0               0/0        ( 0.0%) 
disp_lmsamples           0/0               0/0        ( 0.0%) 
faces                  543/65536       30408/3670016  ( 0.8%) 
hdr faces                0/65536           0/3670016  ( 0.0%) 
origfaces              381/65536       21336/3670016  ( 0.6%) 
leaves                 468/65536       14976/2097152  ( 0.7%) 
leaffaces              610/65536        1220/131072   ( 0.9%) 
leafbrushes            115/65536         230/131072   ( 0.2%) 
areas                    2/256            16/2048     ( 0.8%) 
surfedges             4027/512000      16108/2048000  ( 0.8%) 
edges                 2127/256000       8508/1024000  ( 0.8%) 
LDR worldlights          6/8192          528/720896   ( 0.1%) 
HDR worldlights          0/8192            0/720896   ( 0.0%) 
leafwaterdata            1/32768          12/393216   ( 0.0%) 
waterstrips             16/32768         160/327680   ( 0.0%) 
waterverts               0/65536           0/786432   ( 0.0%) 
waterindices           225/65536         450/131072   ( 0.3%) 
cubemapsamples           2/1024           32/16384    ( 0.2%) 
overlays                 0/512             0/180224   ( 0.0%) 
LDR lightdata         [variable]     1047032/0        ( 0.0%) 
HDR lightdata         [variable]           0/0        ( 0.0%) 
visdata               [variable]         954/16777216 ( 0.0%) 
entdata               [variable]       31477/393216   ( 8.0%) 
LDR ambient table      468/65536        1872/262144   ( 0.7%) 
HDR ambient table      468/65536        1872/262144   ( 0.7%) 
LDR leaf ambient       772/65536       21616/1835008  ( 1.2%) 
HDR leaf ambient       468/65536       13104/1835008  ( 0.7%) 
occluders                0/0               0/0        ( 0.0%) 
occluder polygons        0/0               0/0        ( 0.0%) 
occluder vert ind        0/0               0/0        ( 0.0%) 
detail props          [variable]           1/12       ( 8.3%) 
static props          [variable]           1/12       ( 8.3%) 
pakfile               [variable]      319827/0        ( 0.0%) 
physics               [variable]       44523/4194304  ( 1.1%) 
physics terrain       [variable]           2/1048576  ( 0.0%) 

Level flags = 0

Total triangle count: 1369
Writing c:\program files (x86)\steam\steamapps\common\sourcesdk_content\hl2mp\mapsrc\test.bsp
1 second elapsed



[Reading texlights from 'lights.rad']
[45 texlights parsed from 'lights.rad']

Loading c:\program files (x86)\steam\steamapps\common\sourcesdk_content\hl2mp\mapsrc\test.bsp
543 faces
37002 square feet [5328302.00 square inches]
0 Displacements
0 Square Feet [0.00 Square Inches]
543 patches before subdivision
10597 patches after subdivision
6 direct lights
0...1...2...3...4...5...6...7...8...9...100...1...2...3...4...5...6...7...8...9...10transfers 1135834, max 328
transfer lists:   8.7 megs
0...1...2...3...4...5...6...7...8...9...10	Bounce #1 added RGB(42138, 38839, 28911)
0...1...2...3...4...5...6...7...8...9...10	Bounce #2 added RGB(12337, 10768, 7276)
0...1...2...3...4...5...6...7...8...9...10	Bounce #3 added RGB(3113, 2583, 1602)
0...1...2...3...4...5...6...7...8...9...10	Bounce #4 added RGB(845, 661, 376)
0...1...2...3...4...5...6...7...8...9...10	Bounce #5 added RGB(224, 166, 86)
0...1...2...3...4...5...6...7...8...9...10	Bounce #6 added RGB(61, 42, 20)
0...1...2...3...4...5...6...7...8...9...10	Bounce #7 added RGB(16, 11, 5)
0...1...2...3...4...5...6...7...8...9...10	Bounce #8 added RGB(4, 3, 1)
0...1...2...3...4...5...6...7...8...9...10	Bounce #9 added RGB(1, 1, 0)
0...1...2...3...4...5...6...7...8...9...10	Bounce #10 added RGB(0, 0, 0)
Build Patch/Sample Hash Table(s).....Done<0.0023 sec>
0...1...2...3...4...5...6...7...8...9...10FinalLightFace Done
0 of 0 (0% of) surface lights went in leaf ambient cubes.
0...1...2...3...4...5...6...7...8...9...10Writing leaf ambient...done
Ready to Finish

Object names       Objects/Maxobjs  Memory / Maxmem  Fullness 
------------       ---------------  ---------------  -------- 
models                  35/1024         1680/49152    ( 3.4%) 
brushes                 87/8192         1044/98304    ( 1.1%) 
brushsides             614/65536        4912/524288   ( 0.9%) 
planes                 750/65536       15000/1310720  ( 1.1%) 
vertexes               787/65536        9444/786432   ( 1.2%) 
nodes                  432/65536       13824/2097152  ( 0.7%) 
texinfos               133/12288        9576/884736   ( 1.1%) 
texdata                 20/2048          640/65536    ( 1.0%) 
dispinfos                0/0               0/0        ( 0.0%) 
disp_verts               0/0               0/0        ( 0.0%) 
disp_tris                0/0               0/0        ( 0.0%) 
disp_lmsamples           0/0               0/0        ( 0.0%) 
faces                  543/65536       30408/3670016  ( 0.8%) 
hdr faces              543/65536       30408/3670016  ( 0.8%) 
origfaces              381/65536       21336/3670016  ( 0.6%) 
leaves                 468/65536       14976/2097152  ( 0.7%) 
leaffaces              610/65536        1220/131072   ( 0.9%) 
leafbrushes            115/65536         230/131072   ( 0.2%) 
areas                    2/256            16/2048     ( 0.8%) 
surfedges             4027/512000      16108/2048000  ( 0.8%) 
edges                 2127/256000       8508/1024000  ( 0.8%) 
LDR worldlights          6/8192          528/720896   ( 0.1%) 
HDR worldlights          6/8192          528/720896   ( 0.1%) 
leafwaterdata            1/32768          12/393216   ( 0.0%) 
waterstrips             16/32768         160/327680   ( 0.0%) 
waterverts               0/65536           0/786432   ( 0.0%) 
waterindices           225/65536         450/131072   ( 0.3%) 
cubemapsamples           2/1024           32/16384    ( 0.2%) 
overlays                 0/512             0/180224   ( 0.0%) 
LDR lightdata         [variable]     1047032/0        ( 0.0%) 
HDR lightdata         [variable]     1047032/0        ( 0.0%) 
visdata               [variable]         954/16777216 ( 0.0%) 
entdata               [variable]       31477/393216   ( 8.0%) 
LDR ambient table      468/65536        1872/262144   ( 0.7%) 
HDR ambient table      468/65536        1872/262144   ( 0.7%) 
LDR leaf ambient       772/65536       21616/1835008  ( 1.2%) 
HDR leaf ambient       772/65536       21616/1835008  ( 1.2%) 
occluders                0/0               0/0        ( 0.0%) 
occluder polygons        0/0               0/0        ( 0.0%) 
occluder vert ind        0/0               0/0        ( 0.0%) 
detail props          [variable]           1/12       ( 8.3%) 
static props          [variable]           1/12       ( 8.3%) 
pakfile               [variable]      319827/0        ( 0.0%) 
physics               [variable]       44523/4194304  ( 1.1%) 
physics terrain       [variable]           2/1048576  ( 0.0%) 

Level flags = 0

Total triangle count: 1369
Writing c:\program files (x86)\steam\steamapps\common\sourcesdk_content\hl2mp\mapsrc\test.bsp
1 second elapsed



materialPath: C:\Program Files (x86)\Steam\steamapps\common\Half-Life 2 Deathmatch\hl2mp\materials
Loading C:\Program Files (x86)\Steam\steamapps\common\sourcesdk_content\hl2mp\mapsrc\test.vmf
ConVarRef mat_reduceparticles doesn't point to an existing ConVar
Could not locate 'GameData' key in c:\program files (x86)\steam\steamapps\common\half-life 2 deathmatch\hl2mp\gameinfo.txt
Patching WVT material: maps/test/dev/dev_blendmeasure_wvt_patch
fixing up env_cubemap materials on brush sides...
0...1...2...3...4...5...6...7...8...9...100...1...2...3...4...5...6...7...8...9...10Processing areas...done (0)
Building Faces...done (0)
FixTjuncs...
PruneNodes...
WriteBSP...
done (0)
writing C:\Program Files (x86)\Steam\steamapps\common\sourcesdk_content\hl2mp\mapsrc\test.prt...Building visibility clusters...
done (0)
Creating default LDR cubemaps for env_cubemap using skybox materials:
   skybox/sky_day01_01*.vmt
 ! Run buildcubemaps in the engine to get the correct cube maps.
Creating default HDR cubemaps for env_cubemap using skybox materials:
   skybox/sky_day01_01*.vmt
 ! Run buildcubemaps in the engine to get the correct cube maps.
Finding displacement neighbors...
Finding lightmap sample positions...
Displacement Alpha : 0...1...2...3...4...5...6...7...8...9...10
Building Physics collision data...
done (0) (44523 bytes)
Placing detail props : 0...1...2...3...4...5...6...7...8...9...10
Compacting texture/material tables...
Reduced 273 texinfos to 133
Reduced 28 texdatas to 20 (905 bytes to 662)
Writing C:\Program Files (x86)\Steam\steamapps\common\sourcesdk_content\hl2mp\mapsrc\test.bsp
Wrote ZIP buffer, estimated size 321783, actual size 319827
0 seconds elapsed



12 threads
reading c:\program files (x86)\steam\steamapps\common\sourcesdk_content\hl2mp\mapsrc\test.bsp
reading c:\program files (x86)\steam\steamapps\common\sourcesdk_content\hl2mp\mapsrc\test.prt
  47 portalclusters
 128 numportals
0...1...2...3...4...5...6...7...8...9...100...1...2...3...4...5...6...7...8...9...10Optimized: 0 visible clusters (0.00%)
Total clusters visible: 1907
Average clusters visible: 40
Building PAS...
Average clusters audible: 47
visdatasize:954  compressed from 752
writing c:\program files (x86)\steam\steamapps\common\sourcesdk_content\hl2mp\mapsrc\test.bsp
0 seconds elapsed



[Reading texlights from 'lights.rad']
[45 texlights parsed from 'lights.rad']

Loading c:\program files (x86)\steam\steamapps\common\sourcesdk_content\hl2mp\mapsrc\test.bsp
543 faces
37002 square feet [5328302.00 square inches]
0 Displacements
0 Square Feet [0.00 Square Inches]
543 patches before subdivision
10597 patches after subdivision
6 direct lights
0...1...2...3...4...5...6...7...8...9...100...1...2...3...4...5...6...7...8...9...10transfers 1135834, max 328
transfer lists:   8.7 megs
0...1...2...3...4...5...6...7...8...9...10	Bounce #1 added RGB(42138, 38839, 28911)
0...1...2...3...4...5...6...7...8...9...10	Bounce #2 added RGB(12337, 10768, 7276)
0...1...2...3...4...5...6...7...8...9...10	Bounce #3 added RGB(3113, 2583, 1602)
0...1...2...3...4...5...6...7...8...9...10	Bounce #4 added RGB(845, 661, 376)
0...1...2...3...4...5...6...7...8...9...10	Bounce #5 added RGB(224, 166, 86)
0...1...2...3...4...5...6...7...8...9...10	Bounce #6 added RGB(61, 42, 20)
0...1...2...3...4...5...6...7...8...9...10	Bounce #7 added RGB(16, 11, 5)
0...1...2...3...4...5...6...7...8...9...10	Bounce #8 added RGB(4, 3, 1)
0...1...2...3...4...5...6...7...8...9...10	Bounce #9 added RGB(1, 1, 0)
0...1...2...3...4...5...6...7...8...9...10	Bounce #10 added RGB(0, 0, 0)
Build Patch/Sample Hash Table(s).....Done<0.0021 sec>
0...1...2...3...4...5...6...7...8...9...10FinalLightFace Done
0 of 0 (0% of) surface lights went in leaf ambient cubes.
0...1...2...3...4...5...6...7...8...9...10Writing leaf ambient...done
Ready to Finish

Object names       Objects/Maxobjs  Memory / Maxmem  Fullness 
------------       ---------------  ---------------  -------- 
models                  35/1024         1680/49152    ( 3.4%) 
brushes                 87/8192         1044/98304    ( 1.1%) 
brushsides             614/65536        4912/524288   ( 0.9%) 
planes                 750/65536       15000/1310720  ( 1.1%) 
vertexes               787/65536        9444/786432   ( 1.2%) 
nodes                  432/65536       13824/2097152  ( 0.7%) 
texinfos               133/12288        9576/884736   ( 1.1%) 
texdata                 20/2048          640/65536    ( 1.0%) 
dispinfos                0/0               0/0        ( 0.0%) 
disp_verts               0/0               0/0        ( 0.0%) 
disp_tris                0/0               0/0        ( 0.0%) 
disp_lmsamples           0/0               0/0        ( 0.0%) 
faces                  543/65536       30408/3670016  ( 0.8%) 
hdr faces                0/65536           0/3670016  ( 0.0%) 
origfaces              381/65536       21336/3670016  ( 0.6%) 
leaves                 468/65536       14976/2097152  ( 0.7%) 
leaffaces              610/65536        1220/131072   ( 0.9%) 
leafbrushes            115/65536         230/131072   ( 0.2%) 
areas                    2/256            16/2048     ( 0.8%) 
surfedges             4027/512000      16108/2048000  ( 0.8%) 
edges                 2127/256000       8508/1024000  ( 0.8%) 
LDR worldlights          6/8192          528/720896   ( 0.1%) 
HDR worldlights          0/8192            0/720896   ( 0.0%) 
leafwaterdata            1/32768          12/393216   ( 0.0%) 
waterstrips             16/32768         160/327680   ( 0.0%) 
waterverts               0/65536           0/786432   ( 0.0%) 
waterindices           225/65536         450/131072   ( 0.3%) 
cubemapsamples           2/1024           32/16384    ( 0.2%) 
overlays                 0/512             0/180224   ( 0.0%) 
LDR lightdata         [variable]     1047032/0        ( 0.0%) 
HDR lightdata         [variable]           0/0        ( 0.0%) 
visdata               [variable]         954/16777216 ( 0.0%) 
entdata               [variable]       31583/393216   ( 8.0%) 
LDR ambient table      468/65536        1872/262144   ( 0.7%) 
HDR ambient table      468/65536        1872/262144   ( 0.7%) 
LDR leaf ambient       772/65536       21616/1835008  ( 1.2%) 
HDR leaf ambient       468/65536       13104/1835008  ( 0.7%) 
occluders                0/0               0/0        ( 0.0%) 
occluder polygons        0/0               0/0        ( 0.0%) 
occluder vert ind        0/0               0/0        ( 0.0%) 
detail props          [variable]           1/12       ( 8.3%) 
static props          [variable]           1/12       ( 8.3%) 
pakfile               [variable]      319827/0        ( 0.0%) 
physics               [variable]       44523/4194304  ( 1.1%) 
physics terrain       [variable]           2/1048576  ( 0.0%) 

Level flags = 0

Total triangle count: 1369
Writing c:\program files (x86)\steam\steamapps\common\sourcesdk_content\hl2mp\mapsrc\test.bsp
1 second elapsed



[Reading texlights from 'lights.rad']
[45 texlights parsed from 'lights.rad']

Loading c:\program files (x86)\steam\steamapps\common\sourcesdk_content\hl2mp\mapsrc\test.bsp
543 faces
37002 square feet [5328302.00 square inches]
0 Displacements
0 Square Feet [0.00 Square Inches]
543 patches before subdivision
10597 patches after subdivision
6 direct lights
0...1...2...3...4...5...6...7...8...9...100...1...2...3...4...5...6...7...8...9...10transfers 1135834, max 328
transfer lists:   8.7 megs
0...1...2...3...4...5...6...7...8...9...10	Bounce #1 added RGB(42138, 38839, 28911)
0...1...2...3...4...5...6...7...8...9...10	Bounce #2 added RGB(12337, 10768, 7276)
0...1...2...3...4...5...6...7...8...9...10	Bounce #3 added RGB(3113, 2583, 1602)
0...1...2...3...4...5...6...7...8...9...10	Bounce #4 added RGB(845, 661, 376)
0...1...2...3...4...5...6...7...8...9...10	Bounce #5 added RGB(224, 166, 86)
0...1...2...3...4...5...6...7...8...9...10	Bounce #6 added RGB(61, 42, 20)
0...1...2...3...4...5...6...7...8...9...10	Bounce #7 added RGB(16, 11, 5)
0...1...2...3...4...5...6...7...8...9...10	Bounce #8 added RGB(4, 3, 1)
0...1...2...3...4...5...6...7...8...9...10	Bounce #9 added RGB(1, 1, 0)
0...1...2...3...4...5...6...7...8...9...10	Bounce #10 added RGB(0, 0, 0)
Build Patch/Sample Hash Table(s).....Done<0.0023 sec>
0...1...2...3...4...5...6...7...8...9...10FinalLightFace Done
0 of 0 (0% of) surface lights went in leaf ambient cubes.
0...1...2...3...4...5...6...7...8...9...10Writing leaf ambient...done
Ready to Finish

Object names       Objects/Maxobjs  Memory / Maxmem  Fullness 
------------       ---------------  ---------------  -------- 
models                  35/1024         1680/49152    ( 3.4%) 
brushes                 87/8192         1044/98304    ( 1.1%) 
brushsides             614/65536        4912/524288   ( 0.9%) 
planes                 750/65536       15000/1310720  ( 1.1%) 
vertexes               787/65536        9444/786432   ( 1.2%) 
nodes                  432/65536       13824/2097152  ( 0.7%) 
texinfos               133/12288        9576/884736   ( 1.1%) 
texdata                 20/2048          640/65536    ( 1.0%) 
dispinfos                0/0               0/0        ( 0.0%) 
disp_verts               0/0               0/0        ( 0.0%) 
disp_tris                0/0               0/0        ( 0.0%) 
disp_lmsamples           0/0               0/0        ( 0.0%) 
faces                  543/65536       30408/3670016  ( 0.8%) 
hdr faces              543/65536       30408/3670016  ( 0.8%) 
origfaces              381/65536       21336/3670016  ( 0.6%) 
leaves                 468/65536       14976/2097152  ( 0.7%) 
leaffaces              610/65536        1220/131072   ( 0.9%) 
leafbrushes            115/65536         230/131072   ( 0.2%) 
areas                    2/256            16/2048     ( 0.8%) 
surfedges             4027/512000      16108/2048000  ( 0.8%) 
edges                 2127/256000       8508/1024000  ( 0.8%) 
LDR worldlights          6/8192          528/720896   ( 0.1%) 
HDR worldlights          6/8192          528/720896   ( 0.1%) 
leafwaterdata            1/32768          12/393216   ( 0.0%) 
waterstrips             16/32768         160/327680   ( 0.0%) 
waterverts               0/65536           0/786432   ( 0.0%) 
waterindices           225/65536         450/131072   ( 0.3%) 
cubemapsamples           2/1024           32/16384    ( 0.2%) 
overlays                 0/512             0/180224   ( 0.0%) 
LDR lightdata         [variable]     1047032/0        ( 0.0%) 
HDR lightdata         [variable]     1047032/0        ( 0.0%) 
visdata               [variable]         954/16777216 ( 0.0%) 
entdata               [variable]       31583/393216   ( 8.0%) 
LDR ambient table      468/65536        1872/262144   ( 0.7%) 
HDR ambient table      468/65536        1872/262144   ( 0.7%) 
LDR leaf ambient       772/65536       21616/1835008  ( 1.2%) 
HDR leaf ambient       772/65536       21616/1835008  ( 1.2%) 
occluders                0/0               0/0        ( 0.0%) 
occluder polygons        0/0               0/0        ( 0.0%) 
occluder vert ind        0/0               0/0        ( 0.0%) 
detail props          [variable]           1/12       ( 8.3%) 
static props          [variable]           1/12       ( 8.3%) 
pakfile               [variable]      319827/0        ( 0.0%) 
physics               [variable]       44523/4194304  ( 1.1%) 
physics terrain       [variable]           2/1048576  ( 0.0%) 

Level flags = 0

Total triangle count: 1369
Writing c:\program files (x86)\steam\steamapps\common\sourcesdk_content\hl2mp\mapsrc\test.bsp
1 second elapsed



materialPath: C:\Program Files (x86)\Steam\steamapps\common\Half-Life 2 Deathmatch\hl2mp\materials
Loading C:\Program Files (x86)\Steam\steamapps\common\sourcesdk_content\hl2mp\mapsrc\test.vmf
ConVarRef mat_reduceparticles doesn't point to an existing ConVar
Could not locate 'GameData' key in c:\program files (x86)\steam\steamapps\common\half-life 2 deathmatch\hl2mp\gameinfo.txt
Patching WVT material: maps/test/dev/dev_blendmeasure_wvt_patch
fixing up env_cubemap materials on brush sides...
0...1...2...3...4...5...6...7...8...9...100...1...2...3...4...5...6...7...8...9...10Processing areas...done (0)
Building Faces...done (0)
FixTjuncs...
PruneNodes...
WriteBSP...
done (0)
writing C:\Program Files (x86)\Steam\steamapps\common\sourcesdk_content\hl2mp\mapsrc\test.prt...Building visibility clusters...
done (0)
Creating default LDR cubemaps for env_cubemap using skybox materials:
   skybox/sky_day01_01*.vmt
 ! Run buildcubemaps in the engine to get the correct cube maps.
Creating default HDR cubemaps for env_cubemap using skybox materials:
   skybox/sky_day01_01*.vmt
 ! Run buildcubemaps in the engine to get the correct cube maps.
Finding displacement neighbors...
Finding lightmap sample positions...
Displacement Alpha : 0...1...2...3...4...5...6...7...8...9...10
Building Physics collision data...
done (0) (44523 bytes)
Placing detail props : 0...1...2...3...4...5...6...7...8...9...10
Compacting texture/material tables...
Reduced 273 texinfos to 133
Reduced 28 texdatas to 20 (905 bytes to 662)
Writing C:\Program Files (x86)\Steam\steamapps\common\sourcesdk_content\hl2mp\mapsrc\test.bsp
Wrote ZIP buffer, estimated size 321783, actual size 319827
0 seconds elapsed



12 threads
reading c:\program files (x86)\steam\steamapps\common\sourcesdk_content\hl2mp\mapsrc\test.bsp
reading c:\program files (x86)\steam\steamapps\common\sourcesdk_content\hl2mp\mapsrc\test.prt
  47 portalclusters
 128 numportals
0...1...2...3...4...5...6...7...8...9...100...1...2...3...4...5...6...7...8...9...10Optimized: 0 visible clusters (0.00%)
Total clusters visible: 1907
Average clusters visible: 40
Building PAS...
Average clusters audible: 47
visdatasize:954  compressed from 752
writing c:\program files (x86)\steam\steamapps\common\sourcesdk_content\hl2mp\mapsrc\test.bsp
0 seconds elapsed



[Reading texlights from 'lights.rad']
[45 texlights parsed from 'lights.rad']

Loading c:\program files (x86)\steam\steamapps\common\sourcesdk_content\hl2mp\mapsrc\test.bsp
543 faces
37002 square feet [5328302.00 square inches]
0 Displacements
0 Square Feet [0.00 Square Inches]
543 patches before subdivision
10597 patches after subdivision
6 direct lights
0...1...2...3...4...5...6...7...8...9...100...1...2...3...4...5...6...7...8...9...10transfers 1135834, max 328
transfer lists:   8.7 megs
0...1...2...3...4...5...6...7...8...9...10	Bounce #1 added RGB(42138, 38839, 28911)
0...1...2...3...4...5...6...7...8...9...10	Bounce #2 added RGB(12337, 10768, 7276)
0...1...2...3...4...5...6...7...8...9...10	Bounce #3 added RGB(3113, 2583, 1602)
0...1...2...3...4...5...6...7...8...9...10	Bounce #4 added RGB(845, 661, 376)
0...1...2...3...4...5...6...7...8...9...10	Bounce #5 added RGB(224, 166, 86)
0...1...2...3...4...5...6...7...8...9...10	Bounce #6 added RGB(61, 42, 20)
0...1...2...3...4...5...6...7...8...9...10	Bounce #7 added RGB(16, 11, 5)
0...1...2...3...4...5...6...7...8...9...10	Bounce #8 added RGB(4, 3, 1)
0...1...2...3...4...5...6...7...8...9...10	Bounce #9 added RGB(1, 1, 0)
0...1...2...3...4...5...6...7...8...9...10	Bounce #10 added RGB(0, 0, 0)
Build Patch/Sample Hash Table(s).....Done<0.0022 sec>
0...1...2...3...4...5...6...7...8...9...10FinalLightFace Done
0 of 0 (0% of) surface lights went in leaf ambient cubes.
0...1...2...3...4...5...6...7...8...9...10Writing leaf ambient...done
Ready to Finish

Object names       Objects/Maxobjs  Memory / Maxmem  Fullness 
------------       ---------------  ---------------  -------- 
models                  35/1024         1680/49152    ( 3.4%) 
brushes                 87/8192         1044/98304    ( 1.1%) 
brushsides             614/65536        4912/524288   ( 0.9%) 
planes                 750/65536       15000/1310720  ( 1.1%) 
vertexes               787/65536        9444/786432   ( 1.2%) 
nodes                  432/65536       13824/2097152  ( 0.7%) 
texinfos               133/12288        9576/884736   ( 1.1%) 
texdata                 20/2048          640/65536    ( 1.0%) 
dispinfos                0/0               0/0        ( 0.0%) 
disp_verts               0/0               0/0        ( 0.0%) 
disp_tris                0/0               0/0        ( 0.0%) 
disp_lmsamples           0/0               0/0        ( 0.0%) 
faces                  543/65536       30408/3670016  ( 0.8%) 
hdr faces                0/65536           0/3670016  ( 0.0%) 
origfaces              381/65536       21336/3670016  ( 0.6%) 
leaves                 468/65536       14976/2097152  ( 0.7%) 
leaffaces              610/65536        1220/131072   ( 0.9%) 
leafbrushes            115/65536         230/131072   ( 0.2%) 
areas                    2/256            16/2048     ( 0.8%) 
surfedges             4027/512000      16108/2048000  ( 0.8%) 
edges                 2127/256000       8508/1024000  ( 0.8%) 
LDR worldlights          6/8192          528/720896   ( 0.1%) 
HDR worldlights          0/8192            0/720896   ( 0.0%) 
leafwaterdata            1/32768          12/393216   ( 0.0%) 
waterstrips             16/32768         160/327680   ( 0.0%) 
waterverts               0/65536           0/786432   ( 0.0%) 
waterindices           225/65536         450/131072   ( 0.3%) 
cubemapsamples           2/1024           32/16384    ( 0.2%) 
overlays                 0/512             0/180224   ( 0.0%) 
LDR lightdata         [variable]     1047032/0        ( 0.0%) 
HDR lightdata         [variable]           0/0        ( 0.0%) 
visdata               [variable]         954/16777216 ( 0.0%) 
entdata               [variable]       31642/393216   ( 8.0%) 
LDR ambient table      468/65536        1872/262144   ( 0.7%) 
HDR ambient table      468/65536        1872/262144   ( 0.7%) 
LDR leaf ambient       772/65536       21616/1835008  ( 1.2%) 
HDR leaf ambient       468/65536       13104/1835008  ( 0.7%) 
occluders                0/0               0/0        ( 0.0%) 
occluder polygons        0/0               0/0        ( 0.0%) 
occluder vert ind        0/0               0/0        ( 0.0%) 
detail props          [variable]           1/12       ( 8.3%) 
static props          [variable]           1/12       ( 8.3%) 
pakfile               [variable]      319827/0        ( 0.0%) 
physics               [variable]       44523/4194304  ( 1.1%) 
physics terrain       [variable]           2/1048576  ( 0.0%) 

Level flags = 0

Total triangle count: 1369
Writing c:\program files (x86)\steam\steamapps\common\sourcesdk_content\hl2mp\mapsrc\test.bsp
1 second elapsed



[Reading texlights from 'lights.rad']
[45 texlights parsed from 'lights.rad']

Loading c:\program files (x86)\steam\steamapps\common\sourcesdk_content\hl2mp\mapsrc\test.bsp
543 faces
37002 square feet [5328302.00 square inches]
0 Displacements
0 Square Feet [0.00 Square Inches]
543 patches before subdivision
10597 patches after subdivision
6 direct lights
0...1...2...3...4...5...6...7...8...9...100...1...2...3...4...5...6...7...8...9...10transfers 1135834, max 328
transfer lists:   8.7 megs
0...1...2...3...4...5...6...7...8...9...10	Bounce #1 added RGB(42138, 38839, 28911)
0...1...2...3...4...5...6...7...8...9...10	Bounce #2 added RGB(12337, 10768, 7276)
0...1...2...3...4...5...6...7...8...9...10	Bounce #3 added RGB(3113, 2583, 1602)
0...1...2...3...4...5...6...7...8...9...10	Bounce #4 added RGB(845, 661, 376)
0...1...2...3...4...5...6...7...8...9...10	Bounce #5 added RGB(224, 166, 86)
0...1...2...3...4...5...6...7...8...9...10	Bounce #6 added RGB(61, 42, 20)
0...1...2...3...4...5...6...7...8...9...10	Bounce #7 added RGB(16, 11, 5)
0...1...2...3...4...5...6...7...8...9...10	Bounce #8 added RGB(4, 3, 1)
0...1...2...3...4...5...6...7...8...9...10	Bounce #9 added RGB(1, 1, 0)
0...1...2...3...4...5...6...7...8...9...10	Bounce #10 added RGB(0, 0, 0)
Build Patch/Sample Hash Table(s).....Done<0.0021 sec>
0...1...2...3...4...5...6...7...8...9...10FinalLightFace Done
0 of 0 (0% of) surface lights went in leaf ambient cubes.
0...1...2...3...4...5...6...7...8...9...10Writing leaf ambient...done
Ready to Finish

Object names       Objects/Maxobjs  Memory / Maxmem  Fullness 
------------       ---------------  ---------------  -------- 
models                  35/1024         1680/49152    ( 3.4%) 
brushes                 87/8192         1044/98304    ( 1.1%) 
brushsides             614/65536        4912/524288   ( 0.9%) 
planes                 750/65536       15000/1310720  ( 1.1%) 
vertexes               787/65536        9444/786432   ( 1.2%) 
nodes                  432/65536       13824/2097152  ( 0.7%) 
texinfos               133/12288        9576/884736   ( 1.1%) 
texdata                 20/2048          640/65536    ( 1.0%) 
dispinfos                0/0               0/0        ( 0.0%) 
disp_verts               0/0               0/0        ( 0.0%) 
disp_tris                0/0               0/0        ( 0.0%) 
disp_lmsamples           0/0               0/0        ( 0.0%) 
faces                  543/65536       30408/3670016  ( 0.8%) 
hdr faces              543/65536       30408/3670016  ( 0.8%) 
origfaces              381/65536       21336/3670016  ( 0.6%) 
leaves                 468/65536       14976/2097152  ( 0.7%) 
leaffaces              610/65536        1220/131072   ( 0.9%) 
leafbrushes            115/65536         230/131072   ( 0.2%) 
areas                    2/256            16/2048     ( 0.8%) 
surfedges             4027/512000      16108/2048000  ( 0.8%) 
edges                 2127/256000       8508/1024000  ( 0.8%) 
LDR worldlights          6/8192          528/720896   ( 0.1%) 
HDR worldlights          6/8192          528/720896   ( 0.1%) 
leafwaterdata            1/32768          12/393216   ( 0.0%) 
waterstrips             16/32768         160/327680   ( 0.0%) 
waterverts               0/65536           0/786432   ( 0.0%) 
waterindices           225/65536         450/131072   ( 0.3%) 
cubemapsamples           2/1024           32/16384    ( 0.2%) 
overlays                 0/512             0/180224   ( 0.0%) 
LDR lightdata         [variable]     1047032/0        ( 0.0%) 
HDR lightdata         [variable]     1047032/0        ( 0.0%) 
visdata               [variable]         954/16777216 ( 0.0%) 
entdata               [variable]       31642/393216   ( 8.0%) 
LDR ambient table      468/65536        1872/262144   ( 0.7%) 
HDR ambient table      468/65536        1872/262144   ( 0.7%) 
LDR leaf ambient       772/65536       21616/1835008  ( 1.2%) 
HDR leaf ambient       772/65536       21616/1835008  ( 1.2%) 
occluders                0/0               0/0        ( 0.0%) 
occluder polygons        0/0               0/0        ( 0.0%) 
occluder vert ind        0/0               0/0        ( 0.0%) 
detail props          [variable]           1/12       ( 8.3%) 
static props          [variable]           1/12       ( 8.3%) 
pakfile               [variable]      319827/0        ( 0.0%) 
physics               [variable]       44523/4194304  ( 1.1%) 
physics terrain       [variable]           2/1048576  ( 0.0%) 

Level flags = 0

Total triangle count: 1369
Writing c:\program files (x86)\steam\steamapps\common\sourcesdk_content\hl2mp\mapsrc\test.bsp
1 second elapsed



materialPath: C:\Program Files (x86)\Steam\steamapps\common\Half-Life 2 Deathmatch\hl2mp\materials
Loading C:\Program Files (x86)\Steam\steamapps\common\sourcesdk_content\hl2mp\mapsrc\test.vmf
ConVarRef mat_reduceparticles doesn't point to an existing ConVar
Could not locate 'GameData' key in c:\program files (x86)\steam\steamapps\common\half-life 2 deathmatch\hl2mp\gameinfo.txt
Patching WVT material: maps/test/dev/dev_blendmeasure_wvt_patch
fixing up env_cubemap materials on brush sides...
0...1...2...3...4...5...6...7...8...9...100...1...2...3...4...5...6...7...8...9...10Processing areas...done (0)
Building Faces...done (0)
FixTjuncs...
PruneNodes...
WriteBSP...
done (0)
writing C:\Program Files (x86)\Steam\steamapps\common\sourcesdk_content\hl2mp\mapsrc\test.prt...Building visibility clusters...
done (0)
Creating default LDR cubemaps for env_cubemap using skybox materials:
   skybox/sky_day01_01*.vmt
 ! Run buildcubemaps in the engine to get the correct cube maps.
Creating default HDR cubemaps for env_cubemap using skybox materials:
   skybox/sky_day01_01*.vmt
 ! Run buildcubemaps in the engine to get the correct cube maps.
Finding displacement neighbors...
Finding lightmap sample positions...
Displacement Alpha : 0...1...2...3...4...5...6...7...8...9...10
Building Physics collision data...
done (0) (44523 bytes)
Placing detail props : 0...1...2...3...4...5...6...7...8...9...10
Compacting texture/material tables...
Reduced 273 texinfos to 133
Reduced 28 texdatas to 20 (905 bytes to 662)
Writing C:\Program Files (x86)\Steam\steamapps\common\sourcesdk_content\hl2mp\mapsrc\test.bsp
Wrote ZIP buffer, estimated size 321783, actual size 319827
0 seconds elapsed



12 threads
reading c:\program files (x86)\steam\steamapps\common\sourcesdk_content\hl2mp\mapsrc\test.bsp
reading c:\program files (x86)\steam\steamapps\common\sourcesdk_content\hl2mp\mapsrc\test.prt
  47 portalclusters
 128 numportals
0...1...2...3...4...5...6...7...8...9...100...1...2...3...4...5...6...7...8...9...10Optimized: 0 visible clusters (0.00%)
Total clusters visible: 1907
Average clusters visible: 40
Building PAS...
Average clusters audible: 47
visdatasize:954  compressed from 752
writing c:\program files (x86)\steam\steamapps\common\sourcesdk_content\hl2mp\mapsrc\test.bsp
0 seconds elapsed



[Reading texlights from 'lights.rad']
[45 texlights parsed from 'lights.rad']

Loading c:\program files (x86)\steam\steamapps\common\sourcesdk_content\hl2mp\mapsrc\test.bsp
543 faces
37002 square feet [5328302.00 square inches]
0 Displacements
0 Square Feet [0.00 Square Inches]
543 patches before subdivision
10597 patches after subdivision
6 direct lights
0...1...2...3...4...5...6...7...8...9...100...1...2...3...4...5...6...7...8...9...10transfers 1135834, max 328
transfer lists:   8.7 megs
0...1...2...3...4...5...6...7...8...9...10	Bounce #1 added RGB(42138, 38839, 28911)
0...1...2...3...4...5...6...7...8...9...10	Bounce #2 added RGB(12337, 10768, 7276)
0...1...2...3...4...5...6...7...8...9...10	Bounce #3 added RGB(3113, 2583, 1602)
0...1...2...3...4...5...6...7...8...9...10	Bounce #4 added RGB(845, 661, 376)
0...1...2...3...4...5...6...7...8...9...10	Bounce #5 added RGB(224, 166, 86)
0...1...2...3...4...5...6...7...8...9...10	Bounce #6 added RGB(61, 42, 20)
0...1...2...3...4...5...6...7...8...9...10	Bounce #7 added RGB(16, 11, 5)
0...1...2...3...4...5...6...7...8...9...10	Bounce #8 added RGB(4, 3, 1)
0...1...2...3...4...5...6...7...8...9...10	Bounce #9 added RGB(1, 1, 0)
0...1...2...3...4...5...6...7...8...9...10	Bounce #10 added RGB(0, 0, 0)
Build Patch/Sample Hash Table(s).....Done<0.0021 sec>
0...1...2...3...4...5...6...7...8...9...10FinalLightFace Done
0 of 0 (0% of) surface lights went in leaf ambient cubes.
0...1...2...3...4...5...6...7...8...9...10Writing leaf ambient...done
Ready to Finish

Object names       Objects/Maxobjs  Memory / Maxmem  Fullness 
------------       ---------------  ---------------  -------- 
models                  35/1024         1680/49152    ( 3.4%) 
brushes                 87/8192         1044/98304    ( 1.1%) 
brushsides             614/65536        4912/524288   ( 0.9%) 
planes                 750/65536       15000/1310720  ( 1.1%) 
vertexes               787/65536        9444/786432   ( 1.2%) 
nodes                  432/65536       13824/2097152  ( 0.7%) 
texinfos               133/12288        9576/884736   ( 1.1%) 
texdata                 20/2048          640/65536    ( 1.0%) 
dispinfos                0/0               0/0        ( 0.0%) 
disp_verts               0/0               0/0        ( 0.0%) 
disp_tris                0/0               0/0        ( 0.0%) 
disp_lmsamples           0/0               0/0        ( 0.0%) 
faces                  543/65536       30408/3670016  ( 0.8%) 
hdr faces                0/65536           0/3670016  ( 0.0%) 
origfaces              381/65536       21336/3670016  ( 0.6%) 
leaves                 468/65536       14976/2097152  ( 0.7%) 
leaffaces              610/65536        1220/131072   ( 0.9%) 
leafbrushes            115/65536         230/131072   ( 0.2%) 
areas                    2/256            16/2048     ( 0.8%) 
surfedges             4027/512000      16108/2048000  ( 0.8%) 
edges                 2127/256000       8508/1024000  ( 0.8%) 
LDR worldlights          6/8192          528/720896   ( 0.1%) 
HDR worldlights          0/8192            0/720896   ( 0.0%) 
leafwaterdata            1/32768          12/393216   ( 0.0%) 
waterstrips             16/32768         160/327680   ( 0.0%) 
waterverts               0/65536           0/786432   ( 0.0%) 
waterindices           225/65536         450/131072   ( 0.3%) 
cubemapsamples           2/1024           32/16384    ( 0.2%) 
overlays                 0/512             0/180224   ( 0.0%) 
LDR lightdata         [variable]     1047032/0        ( 0.0%) 
HDR lightdata         [variable]           0/0        ( 0.0%) 
visdata               [variable]         954/16777216 ( 0.0%) 
entdata               [variable]       31631/393216   ( 8.0%) 
LDR ambient table      468/65536        1872/262144   ( 0.7%) 
HDR ambient table      468/65536        1872/262144   ( 0.7%) 
LDR leaf ambient       772/65536       21616/1835008  ( 1.2%) 
HDR leaf ambient       468/65536       13104/1835008  ( 0.7%) 
occluders                0/0               0/0        ( 0.0%) 
occluder polygons        0/0               0/0        ( 0.0%) 
occluder vert ind        0/0               0/0        ( 0.0%) 
detail props          [variable]           1/12       ( 8.3%) 
static props          [variable]           1/12       ( 8.3%) 
pakfile               [variable]      319827/0        ( 0.0%) 
physics               [variable]       44523/4194304  ( 1.1%) 
physics terrain       [variable]           2/1048576  ( 0.0%) 

Level flags = 0

Total triangle count: 1369
Writing c:\program files (x86)\steam\steamapps\common\sourcesdk_content\hl2mp\mapsrc\test.bsp
1 second elapsed



[Reading texlights from 'lights.rad']
[45 texlights parsed from 'lights.rad']

Loading c:\program files (x86)\steam\steamapps\common\sourcesdk_content\hl2mp\mapsrc\test.bsp
543 faces
37002 square feet [5328302.00 square inches]
0 Displacements
0 Square Feet [0.00 Square Inches]
543 patches before subdivision
10597 patches after subdivision
6 direct lights
0...1...2...3...4...5...6...7...8...9...100...1...2...3...4...5...6...7...8...9...10transfers 1135834, max 328
transfer lists:   8.7 megs
0...1...2...3...4...5...6...7...8...9...10	Bounce #1 added RGB(42138, 38839, 28911)
0...1...2...3...4...5...6...7...8...9...10	Bounce #2 added RGB(12337, 10768, 7276)
0...1...2...3...4...5...6...7...8...9...10	Bounce #3 added RGB(3113, 2583, 1602)
0...1...2...3...4...5...6...7...8...9...10	Bounce #4 added RGB(845, 661, 376)
0...1...2...3...4...5...6...7...8...9...10	Bounce #5 added RGB(224, 166, 86)
0...1...2...3...4...5...6...7...8...9...10	Bounce #6 added RGB(61, 42, 20)
0...1...2...3...4...5...6...7...8...9...10	Bounce #7 added RGB(16, 11, 5)
0...1...2...3...4...5...6...7...8...9...10	Bounce #8 added RGB(4, 3, 1)
0...1...2...3...4...5...6...7...8...9...10	Bounce #9 added RGB(1, 1, 0)
0...1...2...3...4...5...6...7...8...9...10	Bounce #10 added RGB(0, 0, 0)
Build Patch/Sample Hash Table(s).....Done<0.0023 sec>
0...1...2...3...4...5...6...7...8...9...10FinalLightFace Done
0 of 0 (0% of) surface lights went in leaf ambient cubes.
0...1...2...3...4...5...6...7...8...9...10Writing leaf ambient...done
Ready to Finish

Object names       Objects/Maxobjs  Memory / Maxmem  Fullness 
------------       ---------------  ---------------  -------- 
models                  35/1024         1680/49152    ( 3.4%) 
brushes                 87/8192         1044/98304    ( 1.1%) 
brushsides             614/65536        4912/524288   ( 0.9%) 
planes                 750/65536       15000/1310720  ( 1.1%) 
vertexes               787/65536        9444/786432   ( 1.2%) 
nodes                  432/65536       13824/2097152  ( 0.7%) 
texinfos               133/12288        9576/884736   ( 1.1%) 
texdata                 20/2048          640/65536    ( 1.0%) 
dispinfos                0/0               0/0        ( 0.0%) 
disp_verts               0/0               0/0        ( 0.0%) 
disp_tris                0/0               0/0        ( 0.0%) 
disp_lmsamples           0/0               0/0        ( 0.0%) 
faces                  543/65536       30408/3670016  ( 0.8%) 
hdr faces              543/65536       30408/3670016  ( 0.8%) 
origfaces              381/65536       21336/3670016  ( 0.6%) 
leaves                 468/65536       14976/2097152  ( 0.7%) 
leaffaces              610/65536        1220/131072   ( 0.9%) 
leafbrushes            115/65536         230/131072   ( 0.2%) 
areas                    2/256            16/2048     ( 0.8%) 
surfedges             4027/512000      16108/2048000  ( 0.8%) 
edges                 2127/256000       8508/1024000  ( 0.8%) 
LDR worldlights          6/8192          528/720896   ( 0.1%) 
HDR worldlights          6/8192          528/720896   ( 0.1%) 
leafwaterdata            1/32768          12/393216   ( 0.0%) 
waterstrips             16/32768         160/327680   ( 0.0%) 
waterverts               0/65536           0/786432   ( 0.0%) 
waterindices           225/65536         450/131072   ( 0.3%) 
cubemapsamples           2/1024           32/16384    ( 0.2%) 
overlays                 0/512             0/180224   ( 0.0%) 
LDR lightdata         [variable]     1047032/0        ( 0.0%) 
HDR lightdata         [variable]     1047032/0        ( 0.0%) 
visdata               [variable]         954/16777216 ( 0.0%) 
entdata               [variable]       31631/393216   ( 8.0%) 
LDR ambient table      468/65536        1872/262144   ( 0.7%) 
HDR ambient table      468/65536        1872/262144   ( 0.7%) 
LDR leaf ambient       772/65536       21616/1835008  ( 1.2%) 
HDR leaf ambient       772/65536       21616/1835008  ( 1.2%) 
occluders                0/0               0/0        ( 0.0%) 
occluder polygons        0/0               0/0        ( 0.0%) 
occluder vert ind        0/0               0/0        ( 0.0%) 
detail props          [variable]           1/12       ( 8.3%) 
static props          [variable]           1/12       ( 8.3%) 
pakfile               [variable]      319827/0        ( 0.0%) 
physics               [variable]       44523/4194304  ( 1.1%) 
physics terrain       [variable]           2/1048576  ( 0.0%) 

Level flags = 0

Total triangle count: 1369
Writing c:\program files (x86)\steam\steamapps\common\sourcesdk_content\hl2mp\mapsrc\test.bsp
1 second elapsed



materialPath: C:\Program Files (x86)\Steam\steamapps\common\Half-Life 2 Deathmatch\hl2mp\materials
Loading C:\Program Files (x86)\Steam\steamapps\common\sourcesdk_content\hl2mp\mapsrc\test.vmf
ConVarRef mat_reduceparticles doesn't point to an existing ConVar
Could not locate 'GameData' key in c:\program files (x86)\steam\steamapps\common\half-life 2 deathmatch\hl2mp\gameinfo.txt
Patching WVT material: maps/test/dev/dev_blendmeasure_wvt_patch
fixing up env_cubemap materials on brush sides...
0...1...2...3...4...5...6...7...8...9...100...1...2...3...4...5...6...7...8...9...10Processing areas...done (0)
Building Faces...done (0)
FixTjuncs...
PruneNodes...
WriteBSP...
done (0)
writing C:\Program Files (x86)\Steam\steamapps\common\sourcesdk_content\hl2mp\mapsrc\test.prt...Building visibility clusters...
done (0)
Creating default LDR cubemaps for env_cubemap using skybox materials:
   skybox/sky_day01_01*.vmt
 ! Run buildcubemaps in the engine to get the correct cube maps.
Creating default HDR cubemaps for env_cubemap using skybox materials:
   skybox/sky_day01_01*.vmt
 ! Run buildcubemaps in the engine to get the correct cube maps.
Finding displacement neighbors...
Finding lightmap sample positions...
Displacement Alpha : 0...1...2...3...4...5...6...7...8...9...10
Building Physics collision data...
done (0) (44523 bytes)
Placing detail props : 0...1...2...3...4...5...6...7...8...9...10
Compacting texture/material tables...
Reduced 273 texinfos to 133
Reduced 28 texdatas to 20 (905 bytes to 662)
Writing C:\Program Files (x86)\Steam\steamapps\common\sourcesdk_content\hl2mp\mapsrc\test.bsp
Wrote ZIP buffer, estimated size 321783, actual size 319827
0 seconds elapsed



12 threads
reading c:\program files (x86)\steam\steamapps\common\sourcesdk_content\hl2mp\mapsrc\test.bsp
reading c:\program files (x86)\steam\steamapps\common\sourcesdk_content\hl2mp\mapsrc\test.prt
  47 portalclusters
 128 numportals
0...1...2...3...4...5...6...7...8...9...100...1...2...3...4...5...6...7...8...9...10Optimized: 0 visible clusters (0.00%)
Total clusters visible: 1907
Average clusters visible: 40
Building PAS...
Average clusters audible: 47
visdatasize:954  compressed from 752
writing c:\program files (x86)\steam\steamapps\common\sourcesdk_content\hl2mp\mapsrc\test.bsp
0 seconds elapsed



[Reading texlights from 'lights.rad']
[45 texlights parsed from 'lights.rad']

Loading c:\program files (x86)\steam\steamapps\common\sourcesdk_content\hl2mp\mapsrc\test.bsp
543 faces
37002 square feet [5328302.00 square inches]
0 Displacements
0 Square Feet [0.00 Square Inches]
543 patches before subdivision
10597 patches after subdivision
6 direct lights
0...1...2...3...4...5...6...7...8...9...100...1...2...3...4...5...6...7...8...9...10transfers 1135834, max 328
transfer lists:   8.7 megs
0...1...2...3...4...5...6...7...8...9...10	Bounce #1 added RGB(42138, 38839, 28911)
0...1...2...3...4...5...6...7...8...9...10	Bounce #2 added RGB(12337, 10768, 7276)
0...1...2...3...4...5...6...7...8...9...10	Bounce #3 added RGB(3113, 2583, 1602)
0...1...2...3...4...5...6...7...8...9...10	Bounce #4 added RGB(845, 661, 376)
0...1...2...3...4...5...6...7...8...9...10	Bounce #5 added RGB(224, 166, 86)
0...1...2...3...4...5...6...7...8...9...10	Bounce #6 added RGB(61, 42, 20)
0...1...2...3...4...5...6...7...8...9...10	Bounce #7 added RGB(16, 11, 5)
0...1...2...3...4...5...6...7...8...9...10	Bounce #8 added RGB(4, 3, 1)
0...1...2...3...4...5...6...7...8...9...10	Bounce #9 added RGB(1, 1, 0)
0...1...2...3...4...5...6...7...8...9...10	Bounce #10 added RGB(0, 0, 0)
Build Patch/Sample Hash Table(s).....Done<0.0021 sec>
0...1...2...3...4...5...6...7...8...9...10FinalLightFace Done
0 of 0 (0% of) surface lights went in leaf ambient cubes.
0...1...2...3...4...5...6...7...8...9...10Writing leaf ambient...done
Ready to Finish

Object names       Objects/Maxobjs  Memory / Maxmem  Fullness 
------------       ---------------  ---------------  -------- 
models                  35/1024         1680/49152    ( 3.4%) 
brushes                 87/8192         1044/98304    ( 1.1%) 
brushsides             614/65536        4912/524288   ( 0.9%) 
planes                 750/65536       15000/1310720  ( 1.1%) 
vertexes               787/65536        9444/786432   ( 1.2%) 
nodes                  432/65536       13824/2097152  ( 0.7%) 
texinfos               133/12288        9576/884736   ( 1.1%) 
texdata                 20/2048          640/65536    ( 1.0%) 
dispinfos                0/0               0/0        ( 0.0%) 
disp_verts               0/0               0/0        ( 0.0%) 
disp_tris                0/0               0/0        ( 0.0%) 
disp_lmsamples           0/0               0/0        ( 0.0%) 
faces                  543/65536       30408/3670016  ( 0.8%) 
hdr faces                0/65536           0/3670016  ( 0.0%) 
origfaces              381/65536       21336/3670016  ( 0.6%) 
leaves                 468/65536       14976/2097152  ( 0.7%) 
leaffaces              610/65536        1220/131072   ( 0.9%) 
leafbrushes            115/65536         230/131072   ( 0.2%) 
areas                    2/256            16/2048     ( 0.8%) 
surfedges             4027/512000      16108/2048000  ( 0.8%) 
edges                 2127/256000       8508/1024000  ( 0.8%) 
LDR worldlights          6/8192          528/720896   ( 0.1%) 
HDR worldlights          0/8192            0/720896   ( 0.0%) 
leafwaterdata            1/32768          12/393216   ( 0.0%) 
waterstrips             16/32768         160/327680   ( 0.0%) 
waterverts               0/65536           0/786432   ( 0.0%) 
waterindices           225/65536         450/131072   ( 0.3%) 
cubemapsamples           2/1024           32/16384    ( 0.2%) 
overlays                 0/512             0/180224   ( 0.0%) 
LDR lightdata         [variable]     1047032/0        ( 0.0%) 
HDR lightdata         [variable]           0/0        ( 0.0%) 
visdata               [variable]         954/16777216 ( 0.0%) 
entdata               [variable]       31631/393216   ( 8.0%) 
LDR ambient table      468/65536        1872/262144   ( 0.7%) 
HDR ambient table      468/65536        1872/262144   ( 0.7%) 
LDR leaf ambient       772/65536       21616/1835008  ( 1.2%) 
HDR leaf ambient       468/65536       13104/1835008  ( 0.7%) 
occluders                0/0               0/0        ( 0.0%) 
occluder polygons        0/0               0/0        ( 0.0%) 
occluder vert ind        0/0               0/0        ( 0.0%) 
detail props          [variable]           1/12       ( 8.3%) 
static props          [variable]           1/12       ( 8.3%) 
pakfile               [variable]      319827/0        ( 0.0%) 
physics               [variable]       44523/4194304  ( 1.1%) 
physics terrain       [variable]           2/1048576  ( 0.0%) 

Level flags = 0

Total triangle count: 1369
Writing c:\program files (x86)\steam\steamapps\common\sourcesdk_content\hl2mp\mapsrc\test.bsp
1 second elapsed



[Reading texlights from 'lights.rad']
[45 texlights parsed from 'lights.rad']

Loading c:\program files (x86)\steam\steamapps\common\sourcesdk_content\hl2mp\mapsrc\test.bsp
543 faces
37002 square feet [5328302.00 square inches]
0 Displacements
0 Square Feet [0.00 Square Inches]
543 patches before subdivision
10597 patches after subdivision
6 direct lights
0...1...2...3...4...5...6...7...8...9...100...1...2...3...4...5...6...7...8...9...10transfers 1135834, max 328
transfer lists:   8.7 megs
0...1...2...3...4...5...6...7...8...9...10	Bounce #1 added RGB(42138, 38839, 28911)
0...1...2...3...4...5...6...7...8...9...10	Bounce #2 added RGB(12337, 10768, 7276)
0...1...2...3...4...5...6...7...8...9...10	Bounce #3 added RGB(3113, 2583, 1602)
0...1...2...3...4...5...6...7...8...9...10	Bounce #4 added RGB(845, 661, 376)
0...1...2...3...4...5...6...7...8...9...10	Bounce #5 added RGB(224, 166, 86)
0...1...2...3...4...5...6...7...8...9...10	Bounce #6 added RGB(61, 42, 20)
0...1...2...3...4...5...6...7...8...9...10	Bounce #7 added RGB(16, 11, 5)
0...1...2...3...4...5...6...7...8...9...10	Bounce #8 added RGB(4, 3, 1)
0...1...2...3...4...5...6...7...8...9...10	Bounce #9 added RGB(1, 1, 0)
0...1...2...3...4...5...6...7...8...9...10	Bounce #10 added RGB(0, 0, 0)
Build Patch/Sample Hash Table(s).....Done<0.0021 sec>
0...1...2...3...4...5...6...7...8...9...10FinalLightFace Done
0 of 0 (0% of) surface lights went in leaf ambient cubes.
0...1...2...3...4...5...6...7...8...9...10Writing leaf ambient...done
Ready to Finish

Object names       Objects/Maxobjs  Memory / Maxmem  Fullness 
------------       ---------------  ---------------  -------- 
models                  35/1024         1680/49152    ( 3.4%) 
brushes                 87/8192         1044/98304    ( 1.1%) 
brushsides             614/65536        4912/524288   ( 0.9%) 
planes                 750/65536       15000/1310720  ( 1.1%) 
vertexes               787/65536        9444/786432   ( 1.2%) 
nodes                  432/65536       13824/2097152  ( 0.7%) 
texinfos               133/12288        9576/884736   ( 1.1%) 
texdata                 20/2048          640/65536    ( 1.0%) 
dispinfos                0/0               0/0        ( 0.0%) 
disp_verts               0/0               0/0        ( 0.0%) 
disp_tris                0/0               0/0        ( 0.0%) 
disp_lmsamples           0/0               0/0        ( 0.0%) 
faces                  543/65536       30408/3670016  ( 0.8%) 
hdr faces              543/65536       30408/3670016  ( 0.8%) 
origfaces              381/65536       21336/3670016  ( 0.6%) 
leaves                 468/65536       14976/2097152  ( 0.7%) 
leaffaces              610/65536        1220/131072   ( 0.9%) 
leafbrushes            115/65536         230/131072   ( 0.2%) 
areas                    2/256            16/2048     ( 0.8%) 
surfedges             4027/512000      16108/2048000  ( 0.8%) 
edges                 2127/256000       8508/1024000  ( 0.8%) 
LDR worldlights          6/8192          528/720896   ( 0.1%) 
HDR worldlights          6/8192          528/720896   ( 0.1%) 
leafwaterdata            1/32768          12/393216   ( 0.0%) 
waterstrips             16/32768         160/327680   ( 0.0%) 
waterverts               0/65536           0/786432   ( 0.0%) 
waterindices           225/65536         450/131072   ( 0.3%) 
cubemapsamples           2/1024           32/16384    ( 0.2%) 
overlays                 0/512             0/180224   ( 0.0%) 
LDR lightdata         [variable]     1047032/0        ( 0.0%) 
HDR lightdata         [variable]     1047032/0        ( 0.0%) 
visdata               [variable]         954/16777216 ( 0.0%) 
entdata               [variable]       31631/393216   ( 8.0%) 
LDR ambient table      468/65536        1872/262144   ( 0.7%) 
HDR ambient table      468/65536        1872/262144   ( 0.7%) 
LDR leaf ambient       772/65536       21616/1835008  ( 1.2%) 
HDR leaf ambient       772/65536       21616/1835008  ( 1.2%) 
occluders                0/0               0/0        ( 0.0%) 
occluder polygons        0/0               0/0        ( 0.0%) 
occluder vert ind        0/0               0/0        ( 0.0%) 
detail props          [variable]           1/12       ( 8.3%) 
static props          [variable]           1/12       ( 8.3%) 
pakfile               [variable]      319827/0        ( 0.0%) 
physics               [variable]       44523/4194304  ( 1.1%) 
physics terrain       [variable]           2/1048576  ( 0.0%) 

Level flags = 0

Total triangle count: 1369
Writing c:\program files (x86)\steam\steamapps\common\sourcesdk_content\hl2mp\mapsrc\test.bsp
1 second elapsed



materialPath: C:\Program Files (x86)\Steam\steamapps\common\Half-Life 2 Deathmatch\hl2mp\materials
Loading C:\Program Files (x86)\Steam\steamapps\common\sourcesdk_content\hl2mp\mapsrc\test.vmf
ConVarRef mat_reduceparticles doesn't point to an existing ConVar
Could not locate 'GameData' key in c:\program files (x86)\steam\steamapps\common\half-life 2 deathmatch\hl2mp\gameinfo.txt
Patching WVT material: maps/test/dev/dev_blendmeasure_wvt_patch
fixing up env_cubemap materials on brush sides...
0...1...2...3...4...5...6...7...8...9...100...1...2...3...4...5...6...7...8...9...10Processing areas...done (0)
Building Faces...done (0)
FixTjuncs...
PruneNodes...
WriteBSP...
done (0)
writing C:\Program Files (x86)\Steam\steamapps\common\sourcesdk_content\hl2mp\mapsrc\test.prt...Building visibility clusters...
done (0)
Creating default LDR cubemaps for env_cubemap using skybox materials:
   skybox/sky_day01_01*.vmt
 ! Run buildcubemaps in the engine to get the correct cube maps.
Creating default HDR cubemaps for env_cubemap using skybox materials:
   skybox/sky_day01_01*.vmt
 ! Run buildcubemaps in the engine to get the correct cube maps.
Finding displacement neighbors...
Finding lightmap sample positions...
Displacement Alpha : 0...1...2...3...4...5...6...7...8...9...10
Building Physics collision data...
done (0) (44523 bytes)
Placing detail props : 0...1...2...3...4...5...6...7...8...9...10
Compacting texture/material tables...
Reduced 273 texinfos to 133
Reduced 28 texdatas to 20 (905 bytes to 662)
Writing C:\Program Files (x86)\Steam\steamapps\common\sourcesdk_content\hl2mp\mapsrc\test.bsp
Wrote ZIP buffer, estimated size 321783, actual size 319827
0 seconds elapsed



12 threads
reading c:\program files (x86)\steam\steamapps\common\sourcesdk_content\hl2mp\mapsrc\test.bsp
reading c:\program files (x86)\steam\steamapps\common\sourcesdk_content\hl2mp\mapsrc\test.prt
  47 portalclusters
 128 numportals
0...1...2...3...4...5...6...7...8...9...100...1...2...3...4...5...6...7...8...9...10Optimized: 0 visible clusters (0.00%)
Total clusters visible: 1907
Average clusters visible: 40
Building PAS...
Average clusters audible: 47
visdatasize:954  compressed from 752
writing c:\program files (x86)\steam\steamapps\common\sourcesdk_content\hl2mp\mapsrc\test.bsp
0 seconds elapsed



[Reading texlights from 'lights.rad']
[45 texlights parsed from 'lights.rad']

Loading c:\program files (x86)\steam\steamapps\common\sourcesdk_content\hl2mp\mapsrc\test.bsp
543 faces
37002 square feet [5328302.00 square inches]
0 Displacements
0 Square Feet [0.00 Square Inches]
543 patches before subdivision
10597 patches after subdivision
6 direct lights
0...1...2...3...4...5...6...7...8...9...100...1...2...3...4...5...6...7...8...9...10transfers 1135834, max 328
transfer lists:   8.7 megs
0...1...2...3...4...5...6...7...8...9...10	Bounce #1 added RGB(42138, 38839, 28911)
0...1...2...3...4...5...6...7...8...9...10	Bounce #2 added RGB(12337, 10768, 7276)
0...1...2...3...4...5...6...7...8...9...10	Bounce #3 added RGB(3113, 2583, 1602)
0...1...2...3...4...5...6...7...8...9...10	Bounce #4 added RGB(845, 661, 376)
0...1...2...3...4...5...6...7...8...9...10	Bounce #5 added RGB(224, 166, 86)
0...1...2...3...4...5...6...7...8...9...10	Bounce #6 added RGB(61, 42, 20)
0...1...2...3...4...5...6...7...8...9...10	Bounce #7 added RGB(16, 11, 5)
0...1...2...3...4...5...6...7...8...9...10	Bounce #8 added RGB(4, 3, 1)
0...1...2...3...4...5...6...7...8...9...10	Bounce #9 added RGB(1, 1, 0)
0...1...2...3...4...5...6...7...8...9...10	Bounce #10 added RGB(0, 0, 0)
Build Patch/Sample Hash Table(s).....Done<0.0023 sec>
0...1...2...3...4...5...6...7...8...9...10FinalLightFace Done
0 of 0 (0% of) surface lights went in leaf ambient cubes.
0...1...2...3...4...5...6...7...8...9...10Writing leaf ambient...done
Ready to Finish

Object names       Objects/Maxobjs  Memory / Maxmem  Fullness 
------------       ---------------  ---------------  -------- 
models                  35/1024         1680/49152    ( 3.4%) 
brushes                 87/8192         1044/98304    ( 1.1%) 
brushsides             614/65536        4912/524288   ( 0.9%) 
planes                 750/65536       15000/1310720  ( 1.1%) 
vertexes               787/65536        9444/786432   ( 1.2%) 
nodes                  432/65536       13824/2097152  ( 0.7%) 
texinfos               133/12288        9576/884736   ( 1.1%) 
texdata                 20/2048          640/65536    ( 1.0%) 
dispinfos                0/0               0/0        ( 0.0%) 
disp_verts               0/0               0/0        ( 0.0%) 
disp_tris                0/0               0/0        ( 0.0%) 
disp_lmsamples           0/0               0/0        ( 0.0%) 
faces                  543/65536       30408/3670016  ( 0.8%) 
hdr faces                0/65536           0/3670016  ( 0.0%) 
origfaces              381/65536       21336/3670016  ( 0.6%) 
leaves                 468/65536       14976/2097152  ( 0.7%) 
leaffaces              610/65536        1220/131072   ( 0.9%) 
leafbrushes            115/65536         230/131072   ( 0.2%) 
areas                    2/256            16/2048     ( 0.8%) 
surfedges             4027/512000      16108/2048000  ( 0.8%) 
edges                 2127/256000       8508/1024000  ( 0.8%) 
LDR worldlights          6/8192          528/720896   ( 0.1%) 
HDR worldlights          0/8192            0/720896   ( 0.0%) 
leafwaterdata            1/32768          12/393216   ( 0.0%) 
waterstrips             16/32768         160/327680   ( 0.0%) 
waterverts               0/65536           0/786432   ( 0.0%) 
waterindices           225/65536         450/131072   ( 0.3%) 
cubemapsamples           2/1024           32/16384    ( 0.2%) 
overlays                 0/512             0/180224   ( 0.0%) 
LDR lightdata         [variable]     1047032/0        ( 0.0%) 
HDR lightdata         [variable]           0/0        ( 0.0%) 
visdata               [variable]         954/16777216 ( 0.0%) 
entdata               [variable]       31631/393216   ( 8.0%) 
LDR ambient table      468/65536        1872/262144   ( 0.7%) 
HDR ambient table      468/65536        1872/262144   ( 0.7%) 
LDR leaf ambient       772/65536       21616/1835008  ( 1.2%) 
HDR leaf ambient       468/65536       13104/1835008  ( 0.7%) 
occluders                0/0               0/0        ( 0.0%) 
occluder polygons        0/0               0/0        ( 0.0%) 
occluder vert ind        0/0               0/0        ( 0.0%) 
detail props          [variable]           1/12       ( 8.3%) 
static props          [variable]           1/12       ( 8.3%) 
pakfile               [variable]      319827/0        ( 0.0%) 
physics               [variable]       44523/4194304  ( 1.1%) 
physics terrain       [variable]           2/1048576  ( 0.0%) 

Level flags = 0

Total triangle count: 1369
Writing c:\program files (x86)\steam\steamapps\common\sourcesdk_content\hl2mp\mapsrc\test.bsp
1 second elapsed



[Reading texlights from 'lights.rad']
[45 texlights parsed from 'lights.rad']

Loading c:\program files (x86)\steam\steamapps\common\sourcesdk_content\hl2mp\mapsrc\test.bsp
543 faces
37002 square feet [5328302.00 square inches]
0 Displacements
0 Square Feet [0.00 Square Inches]
543 patches before subdivision
10597 patches after subdivision
6 direct lights
0...1...2...3...4...5...6...7...8...9...100...1...2...3...4...5...6...7...8...9...10transfers 1135834, max 328
transfer lists:   8.7 megs
0...1...2...3...4...5...6...7...8...9...10	Bounce #1 added RGB(42138, 38839, 28911)
0...1...2...3...4...5...6...7...8...9...10	Bounce #2 added RGB(12337, 10768, 7276)
0...1...2...3...4...5...6...7...8...9...10	Bounce #3 added RGB(3113, 2583, 1602)
0...1...2...3...4...5...6...7...8...9...10	Bounce #4 added RGB(845, 661, 376)
0...1...2...3...4...5...6...7...8...9...10	Bounce #5 added RGB(224, 166, 86)
0...1...2...3...4...5...6...7...8...9...10	Bounce #6 added RGB(61, 42, 20)
0...1...2...3...4...5...6...7...8...9...10	Bounce #7 added RGB(16, 11, 5)
0...1...2...3...4...5...6...7...8...9...10	Bounce #8 added RGB(4, 3, 1)
0...1...2...3...4...5...6...7...8...9...10	Bounce #9 added RGB(1, 1, 0)
0...1...2...3...4...5...6...7...8...9...10	Bounce #10 added RGB(0, 0, 0)
Build Patch/Sample Hash Table(s).....Done<0.0023 sec>
0...1...2...3...4...5...6...7...8...9...10FinalLightFace Done
0 of 0 (0% of) surface lights went in leaf ambient cubes.
0...1...2...3...4...5...6...7...8...9...10Writing leaf ambient...done
Ready to Finish

Object names       Objects/Maxobjs  Memory / Maxmem  Fullness 
------------       ---------------  ---------------  -------- 
models                  35/1024         1680/49152    ( 3.4%) 
brushes                 87/8192         1044/98304    ( 1.1%) 
brushsides             614/65536        4912/524288   ( 0.9%) 
planes                 750/65536       15000/1310720  ( 1.1%) 
vertexes               787/65536        9444/786432   ( 1.2%) 
nodes                  432/65536       13824/2097152  ( 0.7%) 
texinfos               133/12288        9576/884736   ( 1.1%) 
texdata                 20/2048          640/65536    ( 1.0%) 
dispinfos                0/0               0/0        ( 0.0%) 
disp_verts               0/0               0/0        ( 0.0%) 
disp_tris                0/0               0/0        ( 0.0%) 
disp_lmsamples           0/0               0/0        ( 0.0%) 
faces                  543/65536       30408/3670016  ( 0.8%) 
hdr faces              543/65536       30408/3670016  ( 0.8%) 
origfaces              381/65536       21336/3670016  ( 0.6%) 
leaves                 468/65536       14976/2097152  ( 0.7%) 
leaffaces              610/65536        1220/131072   ( 0.9%) 
leafbrushes            115/65536         230/131072   ( 0.2%) 
areas                    2/256            16/2048     ( 0.8%) 
surfedges             4027/512000      16108/2048000  ( 0.8%) 
edges                 2127/256000       8508/1024000  ( 0.8%) 
LDR worldlights          6/8192          528/720896   ( 0.1%) 
HDR worldlights          6/8192          528/720896   ( 0.1%) 
leafwaterdata            1/32768          12/393216   ( 0.0%) 
waterstrips             16/32768         160/327680   ( 0.0%) 
waterverts               0/65536           0/786432   ( 0.0%) 
waterindices           225/65536         450/131072   ( 0.3%) 
cubemapsamples           2/1024           32/16384    ( 0.2%) 
overlays                 0/512             0/180224   ( 0.0%) 
LDR lightdata         [variable]     1047032/0        ( 0.0%) 
HDR lightdata         [variable]     1047032/0        ( 0.0%) 
visdata               [variable]         954/16777216 ( 0.0%) 
entdata               [variable]       31631/393216   ( 8.0%) 
LDR ambient table      468/65536        1872/262144   ( 0.7%) 
HDR ambient table      468/65536        1872/262144   ( 0.7%) 
LDR leaf ambient       772/65536       21616/1835008  ( 1.2%) 
HDR leaf ambient       772/65536       21616/1835008  ( 1.2%) 
occluders                0/0               0/0        ( 0.0%) 
occluder polygons        0/0               0/0        ( 0.0%) 
occluder vert ind        0/0               0/0        ( 0.0%) 
detail props          [variable]           1/12       ( 8.3%) 
static props          [variable]           1/12       ( 8.3%) 
pakfile               [variable]      319827/0        ( 0.0%) 
physics               [variable]       44523/4194304  ( 1.1%) 
physics terrain       [variable]           2/1048576  ( 0.0%) 

Level flags = 0

Total triangle count: 1369
Writing c:\program files (x86)\steam\steamapps\common\sourcesdk_content\hl2mp\mapsrc\test.bsp
1 second elapsed



materialPath: C:\Program Files (x86)\Steam\steamapps\common\Half-Life 2 Deathmatch\hl2mp\materials
Loading C:\Program Files (x86)\Steam\steamapps\common\sourcesdk_content\hl2mp\mapsrc\test.vmf
ConVarRef mat_reduceparticles doesn't point to an existing ConVar
Could not locate 'GameData' key in c:\program files (x86)\steam\steamapps\common\half-life 2 deathmatch\hl2mp\gameinfo.txt
Patching WVT material: maps/test/dev/dev_blendmeasure_wvt_patch
fixing up env_cubemap materials on brush sides...
0...1...2...3...4...5...6...7...8...9...100...1...2...3...4...5...6...7...8...9...10Processing areas...done (0)
Building Faces...done (0)
FixTjuncs...
PruneNodes...
WriteBSP...
done (0)
writing C:\Program Files (x86)\Steam\steamapps\common\sourcesdk_content\hl2mp\mapsrc\test.prt...Building visibility clusters...
done (0)
Creating default LDR cubemaps for env_cubemap using skybox materials:
   skybox/sky_day01_01*.vmt
 ! Run buildcubemaps in the engine to get the correct cube maps.
Creating default HDR cubemaps for env_cubemap using skybox materials:
   skybox/sky_day01_01*.vmt
 ! Run buildcubemaps in the engine to get the correct cube maps.
Finding displacement neighbors...
Finding lightmap sample positions...
Displacement Alpha : 0...1...2...3...4...5...6...7...8...9...10
Building Physics collision data...
done (0) (44523 bytes)
Placing detail props : 0...1...2...3...4...5...6...7...8...9...10
Compacting texture/material tables...
Reduced 273 texinfos to 133
Reduced 28 texdatas to 20 (905 bytes to 662)
Writing C:\Program Files (x86)\Steam\steamapps\common\sourcesdk_content\hl2mp\mapsrc\test.bsp
Wrote ZIP buffer, estimated size 321783, actual size 319827
0 seconds elapsed



12 threads
reading c:\program files (x86)\steam\steamapps\common\sourcesdk_content\hl2mp\mapsrc\test.bsp
reading c:\program files (x86)\steam\steamapps\common\sourcesdk_content\hl2mp\mapsrc\test.prt
  47 portalclusters
 128 numportals
0...1...2...3...4...5...6...7...8...9...100...1...2...3...4...5...6...7...8...9...10Optimized: 0 visible clusters (0.00%)
Total clusters visible: 1907
Average clusters visible: 40
Building PAS...
Average clusters audible: 47
visdatasize:954  compressed from 752
writing c:\program files (x86)\steam\steamapps\common\sourcesdk_content\hl2mp\mapsrc\test.bsp
0 seconds elapsed



[Reading texlights from 'lights.rad']
[45 texlights parsed from 'lights.rad']

Loading c:\program files (x86)\steam\steamapps\common\sourcesdk_content\hl2mp\mapsrc\test.bsp
543 faces
37002 square feet [5328302.00 square inches]
0 Displacements
0 Square Feet [0.00 Square Inches]
543 patches before subdivision
10597 patches after subdivision
6 direct lights
0...1...2...3...4...5...6...7...8...9...100...1...2...3...4...5...6...7...8...9...10transfers 1135834, max 328
transfer lists:   8.7 megs
0...1...2...3...4...5...6...7...8...9...10	Bounce #1 added RGB(42138, 38839, 28911)
0...1...2...3...4...5...6...7...8...9...10	Bounce #2 added RGB(12337, 10768, 7276)
0...1...2...3...4...5...6...7...8...9...10	Bounce #3 added RGB(3113, 2583, 1602)
0...1...2...3...4...5...6...7...8...9...10	Bounce #4 added RGB(845, 661, 376)
0...1...2...3...4...5...6...7...8...9...10	Bounce #5 added RGB(224, 166, 86)
0...1...2...3...4...5...6...7...8...9...10	Bounce #6 added RGB(61, 42, 20)
0...1...2...3...4...5...6...7...8...9...10	Bounce #7 added RGB(16, 11, 5)
0...1...2...3...4...5...6...7...8...9...10	Bounce #8 added RGB(4, 3, 1)
0...1...2...3...4...5...6...7...8...9...10	Bounce #9 added RGB(1, 1, 0)
0...1...2...3...4...5...6...7...8...9...10	Bounce #10 added RGB(0, 0, 0)
Build Patch/Sample Hash Table(s).....Done<0.0022 sec>
0...1...2...3...4...5...6...7...8...9...10FinalLightFace Done
0 of 0 (0% of) surface lights went in leaf ambient cubes.
0...1...2...3...4...5...6...7...8...9...10Writing leaf ambient...done
Ready to Finish

Object names       Objects/Maxobjs  Memory / Maxmem  Fullness 
------------       ---------------  ---------------  -------- 
models                  35/1024         1680/49152    ( 3.4%) 
brushes                 87/8192         1044/98304    ( 1.1%) 
brushsides             614/65536        4912/524288   ( 0.9%) 
planes                 750/65536       15000/1310720  ( 1.1%) 
vertexes               787/65536        9444/786432   ( 1.2%) 
nodes                  432/65536       13824/2097152  ( 0.7%) 
texinfos               133/12288        9576/884736   ( 1.1%) 
texdata                 20/2048          640/65536    ( 1.0%) 
dispinfos                0/0               0/0        ( 0.0%) 
disp_verts               0/0               0/0        ( 0.0%) 
disp_tris                0/0               0/0        ( 0.0%) 
disp_lmsamples           0/0               0/0        ( 0.0%) 
faces                  543/65536       30408/3670016  ( 0.8%) 
hdr faces                0/65536           0/3670016  ( 0.0%) 
origfaces              381/65536       21336/3670016  ( 0.6%) 
leaves                 468/65536       14976/2097152  ( 0.7%) 
leaffaces              610/65536        1220/131072   ( 0.9%) 
leafbrushes            115/65536         230/131072   ( 0.2%) 
areas                    2/256            16/2048     ( 0.8%) 
surfedges             4027/512000      16108/2048000  ( 0.8%) 
edges                 2127/256000       8508/1024000  ( 0.8%) 
LDR worldlights          6/8192          528/720896   ( 0.1%) 
HDR worldlights          0/8192            0/720896   ( 0.0%) 
leafwaterdata            1/32768          12/393216   ( 0.0%) 
waterstrips             16/32768         160/327680   ( 0.0%) 
waterverts               0/65536           0/786432   ( 0.0%) 
waterindices           225/65536         450/131072   ( 0.3%) 
cubemapsamples           2/1024           32/16384    ( 0.2%) 
overlays                 0/512             0/180224   ( 0.0%) 
LDR lightdata         [variable]     1047032/0        ( 0.0%) 
HDR lightdata         [variable]           0/0        ( 0.0%) 
visdata               [variable]         954/16777216 ( 0.0%) 
entdata               [variable]       31630/393216   ( 8.0%) 
LDR ambient table      468/65536        1872/262144   ( 0.7%) 
HDR ambient table      468/65536        1872/262144   ( 0.7%) 
LDR leaf ambient       772/65536       21616/1835008  ( 1.2%) 
HDR leaf ambient       468/65536       13104/1835008  ( 0.7%) 
occluders                0/0               0/0        ( 0.0%) 
occluder polygons        0/0               0/0        ( 0.0%) 
occluder vert ind        0/0               0/0        ( 0.0%) 
detail props          [variable]           1/12       ( 8.3%) 
static props          [variable]           1/12       ( 8.3%) 
pakfile               [variable]      319827/0        ( 0.0%) 
physics               [variable]       44523/4194304  ( 1.1%) 
physics terrain       [variable]           2/1048576  ( 0.0%) 

Level flags = 0

Total triangle count: 1369
Writing c:\program files (x86)\steam\steamapps\common\sourcesdk_content\hl2mp\mapsrc\test.bsp
1 second elapsed



[Reading texlights from 'lights.rad']
[45 texlights parsed from 'lights.rad']

Loading c:\program files (x86)\steam\steamapps\common\sourcesdk_content\hl2mp\mapsrc\test.bsp
543 faces
37002 square feet [5328302.00 square inches]
0 Displacements
0 Square Feet [0.00 Square Inches]
543 patches before subdivision
10597 patches after subdivision
6 direct lights
0...1...2...3...4...5...6...7...8...9...100...1...2...3...4...5...6...7...8...9...10transfers 1135834, max 328
transfer lists:   8.7 megs
0...1...2...3...4...5...6...7...8...9...10	Bounce #1 added RGB(42138, 38839, 28911)
0...1...2...3...4...5...6...7...8...9...10	Bounce #2 added RGB(12337, 10768, 7276)
0...1...2...3...4...5...6...7...8...9...10	Bounce #3 added RGB(3113, 2583, 1602)
0...1...2...3...4...5...6...7...8...9...10	Bounce #4 added RGB(845, 661, 376)
0...1...2...3...4...5...6...7...8...9...10	Bounce #5 added RGB(224, 166, 86)
0...1...2...3...4...5...6...7...8...9...10	Bounce #6 added RGB(61, 42, 20)
0...1...2...3...4...5...6...7...8...9...10	Bounce #7 added RGB(16, 11, 5)
0...1...2...3...4...5...6...7...8...9...10	Bounce #8 added RGB(4, 3, 1)
0...1...2...3...4...5...6...7...8...9...10	Bounce #9 added RGB(1, 1, 0)
0...1...2...3...4...5...6...7...8...9...10	Bounce #10 added RGB(0, 0, 0)
Build Patch/Sample Hash Table(s).....Done<0.0021 sec>
0...1...2...3...4...5...6...7...8...9...10FinalLightFace Done
0 of 0 (0% of) surface lights went in leaf ambient cubes.
0...1...2...3...4...5...6...7...8...9...10Writing leaf ambient...done
Ready to Finish

Object names       Objects/Maxobjs  Memory / Maxmem  Fullness 
------------       ---------------  ---------------  -------- 
models                  35/1024         1680/49152    ( 3.4%) 
brushes                 87/8192         1044/98304    ( 1.1%) 
brushsides             614/65536        4912/524288   ( 0.9%) 
planes                 750/65536       15000/1310720  ( 1.1%) 
vertexes               787/65536        9444/786432   ( 1.2%) 
nodes                  432/65536       13824/2097152  ( 0.7%) 
texinfos               133/12288        9576/884736   ( 1.1%) 
texdata                 20/2048          640/65536    ( 1.0%) 
dispinfos                0/0               0/0        ( 0.0%) 
disp_verts               0/0               0/0        ( 0.0%) 
disp_tris                0/0               0/0        ( 0.0%) 
disp_lmsamples           0/0               0/0        ( 0.0%) 
faces                  543/65536       30408/3670016  ( 0.8%) 
hdr faces              543/65536       30408/3670016  ( 0.8%) 
origfaces              381/65536       21336/3670016  ( 0.6%) 
leaves                 468/65536       14976/2097152  ( 0.7%) 
leaffaces              610/65536        1220/131072   ( 0.9%) 
leafbrushes            115/65536         230/131072   ( 0.2%) 
areas                    2/256            16/2048     ( 0.8%) 
surfedges             4027/512000      16108/2048000  ( 0.8%) 
edges                 2127/256000       8508/1024000  ( 0.8%) 
LDR worldlights          6/8192          528/720896   ( 0.1%) 
HDR worldlights          6/8192          528/720896   ( 0.1%) 
leafwaterdata            1/32768          12/393216   ( 0.0%) 
waterstrips             16/32768         160/327680   ( 0.0%) 
waterverts               0/65536           0/786432   ( 0.0%) 
waterindices           225/65536         450/131072   ( 0.3%) 
cubemapsamples           2/1024           32/16384    ( 0.2%) 
overlays                 0/512             0/180224   ( 0.0%) 
LDR lightdata         [variable]     1047032/0        ( 0.0%) 
HDR lightdata         [variable]     1047032/0        ( 0.0%) 
visdata               [variable]         954/16777216 ( 0.0%) 
entdata               [variable]       31630/393216   ( 8.0%) 
LDR ambient table      468/65536        1872/262144   ( 0.7%) 
HDR ambient table      468/65536        1872/262144   ( 0.7%) 
LDR leaf ambient       772/65536       21616/1835008  ( 1.2%) 
HDR leaf ambient       772/65536       21616/1835008  ( 1.2%) 
occluders                0/0               0/0        ( 0.0%) 
occluder polygons        0/0               0/0        ( 0.0%) 
occluder vert ind        0/0               0/0        ( 0.0%) 
detail props          [variable]           1/12       ( 8.3%) 
static props          [variable]           1/12       ( 8.3%) 
pakfile               [variable]      319827/0        ( 0.0%) 
physics               [variable]       44523/4194304  ( 1.1%) 
physics terrain       [variable]           2/1048576  ( 0.0%) 

Level flags = 0

Total triangle count: 1369
Writing c:\program files (x86)\steam\steamapps\common\sourcesdk_content\hl2mp\mapsrc\test.bsp
1 second elapsed



materialPath: C:\Program Files (x86)\Steam\steamapps\common\Half-Life 2 Deathmatch\hl2mp\materials
Loading c:\program files (x86)\steam\steamapps\common\sourcesdk_content\hl2mp\mapsrc\test.vmf
ConVarRef mat_reduceparticles doesn't point to an existing ConVar
Could not locate 'GameData' key in c:\program files (x86)\steam\steamapps\common\half-life 2 deathmatch\hl2mp\gameinfo.txt
Patching WVT material: maps/test/dev/dev_blendmeasure_wvt_patch
fixing up env_cubemap materials on brush sides...
0...1...2...3...4...5...6...7...8...9...100...1...2...3...4...5...6...7...8...9...10Processing areas...done (0)
Building Faces...done (0)
FixTjuncs...
PruneNodes...
WriteBSP...
done (0)
writing c:\program files (x86)\steam\steamapps\common\sourcesdk_content\hl2mp\mapsrc\test.prt...Building visibility clusters...
done (0)
Creating default LDR cubemaps for env_cubemap using skybox materials:
   skybox/sky_day01_01*.vmt
 ! Run buildcubemaps in the engine to get the correct cube maps.
Creating default HDR cubemaps for env_cubemap using skybox materials:
   skybox/sky_day01_01*.vmt
 ! Run buildcubemaps in the engine to get the correct cube maps.
Finding displacement neighbors...
Finding lightmap sample positions...
Displacement Alpha : 0...1...2...3...4...5...6...7...8...9...10
Building Physics collision data...
done (0) (44523 bytes)
Placing detail props : 0...1...2...3...4...5...6...7...8...9...10
Compacting texture/material tables...
Reduced 273 texinfos to 133
Reduced 28 texdatas to 20 (905 bytes to 662)
Writing c:\program files (x86)\steam\steamapps\common\sourcesdk_content\hl2mp\mapsrc\test.bsp
Wrote ZIP buffer, estimated size 321783, actual size 319827
0 seconds elapsed



12 threads
reading c:\program files (x86)\steam\steamapps\common\sourcesdk_content\hl2mp\mapsrc\test.bsp
reading c:\program files (x86)\steam\steamapps\common\sourcesdk_content\hl2mp\mapsrc\test.prt
  47 portalclusters
 128 numportals
0...1...2...3...4...5...6...7...8...9...100...1...2...3...4...5...6...7...8...9...10Optimized: 0 visible clusters (0.00%)
Total clusters visible: 1907
Average clusters visible: 40
Building PAS...
Average clusters audible: 47
visdatasize:954  compressed from 752
writing c:\program files (x86)\steam\steamapps\common\sourcesdk_content\hl2mp\mapsrc\test.bsp
0 seconds elapsed



[Reading texlights from 'lights.rad']
[45 texlights parsed from 'lights.rad']

[Reading texlights from 'lights_models.rad']
Warning: Redundant 'lights/fluorescentcool001a' def in 'lights.rad' AND 'lights_models.rad'!
Warning: Redundant 'lights/fluorescentcool001b' def in 'lights.rad' AND 'lights_models.rad'!
Warning: Redundant 'lights/fluorescentcool002a' def in 'lights.rad' AND 'lights_models.rad'!
Warning: Redundant 'lights/fluorescentcool002b' def in 'lights.rad' AND 'lights_models.rad'!
Warning: Redundant 'lights/fluorescentcool003a' def in 'lights.rad' AND 'lights_models.rad'!
Warning: Redundant 'lights/fluorescentwarm001a' def in 'lights.rad' AND 'lights_models.rad'!
Warning: Redundant 'lights/fluorescentwarm002a' def in 'lights.rad' AND 'lights_models.rad'!
Warning: Redundant 'lights/fluorescentwhite001a' def in 'lights.rad' AND 'lights_models.rad'!
Warning: Redundant 'lights/fluorescentwhite002a' def in 'lights.rad' AND 'lights_models.rad'!
Warning: Redundant 'lights/hazzardred001a' def in 'lights.rad' AND 'lights_models.rad'!
Warning: Redundant 'lights/hazzardyellow001a' def in 'lights.rad' AND 'lights_models.rad'!
Warning: Redundant 'lights/HIDcool001a' def in 'lights.rad' AND 'lights_models.rad'!
Warning: Redundant 'lights/HIDcool001b' def in 'lights.rad' AND 'lights_models.rad'!
Warning: Redundant 'lights/HIDwarm001a' def in 'lights.rad' AND 'lights_models.rad'!
Warning: Redundant 'lights/white001' def in 'lights.rad' AND 'lights_models.rad'!
Warning: Redundant 'lights/white002' def in 'lights.rad' AND 'lights_models.rad'!
Warning: Redundant 'lights/white003' def in 'lights.rad' AND 'lights_models.rad'!
Warning: Redundant 'lights/white004' def in 'lights.rad' AND 'lights_models.rad'!
Warning: Redundant 'lights/white005' def in 'lights.rad' AND 'lights_models.rad'!
Warning: Redundant 'lights/white006' def in 'lights.rad' AND 'lights_models.rad'!
Warning: Redundant 'lights/white001_nochop' def in 'lights.rad' AND 'lights_models.rad'!
Warning: Redundant 'lights/white002_nochop' def in 'lights.rad' AND 'lights_models.rad'!
Warning: Redundant 'lights/white003_nochop' def in 'lights.rad' AND 'lights_models.rad'!
Warning: Redundant 'lights/white004_nochop' def in 'lights.rad' AND 'lights_models.rad'!
Warning: Redundant 'lights/white005_nochop' def in 'lights.rad' AND 'lights_models.rad'!
Warning: Redundant 'lights/white006_nochop' def in 'lights.rad' AND 'lights_models.rad'!
Warning: Redundant 'lights/incandescentcool001a' def in 'lights.rad' AND 'lights_models.rad'!
Warning: Redundant 'lights/incandescentwarm001a' def in 'lights.rad' AND 'lights_models.rad'!
Warning: Redundant 'glass/glassscreen001a' def in 'lights.rad' AND 'lights_models.rad'!
Warning: Redundant 'glass/glasspipe001f' def in 'lights.rad' AND 'lights_models.rad'!
Warning: Redundant 'glass/glassscreen001c' def in 'lights.rad' AND 'lights_models.rad'!
Warning: Redundant 'glass/glassscreen001d' def in 'lights.rad' AND 'lights_models.rad'!
Warning: Redundant 'glass/glassblock001a' def in 'lights.rad' AND 'lights_models.rad'!
Warning: Redundant 'composite/citadelfloor001a' def in 'lights.rad' AND 'lights_models.rad'!
Warning: Redundant 'props/tvscreen006a' def in 'lights.rad' AND 'lights_models.rad'!
Warning: Redundant 'shadertest/gooinglass' def in 'lights.rad' AND 'lights_models.rad'!
Warning: Redundant 'glass/glasswindow002e' def in 'lights.rad' AND 'lights_models.rad'!
Warning: Redundant 'glass/glasswindow035a' def in 'lights.rad' AND 'lights_models.rad'!
Warning: Redundant 'dev/DEV_INTERIORLIGHT02B' def in 'lights.rad' AND 'lights_models.rad'!
Warning: Redundant 'plaster/plasterwall029h' def in 'lights.rad' AND 'lights_models.rad'!
Warning: Redundant 'building_template/Building_Trainstation_Template001d' def in 'lights.rad' AND 'lights_models.rad'!
Warning: Redundant 'building_template/Building_Trainstation_Template001e' def in 'lights.rad' AND 'lights_models.rad'!
Warning: Redundant 'building_template/Building_Trainstation_window002d' def in 'lights.rad' AND 'lights_models.rad'!
Warning: Redundant 'building_template/Building_Trainstation_window002e' def in 'lights.rad' AND 'lights_models.rad'!
Warning: Redundant 'lights/physgunlight' def in 'lights.rad' AND 'lights_models.rad'!
[45 texlights parsed from 'lights_models.rad']

Loading c:\program files (x86)\steam\steamapps\common\sourcesdk_content\hl2mp\mapsrc\test.bsp
543 faces
37002 square feet [5328302.00 square inches]
0 Displacements
0 Square Feet [0.00 Square Inches]
543 patches before subdivision
10597 patches after subdivision
6 direct lights
0...1...2...3...4...5...6...7...8...9...100...1...2...3...4...5...6...7...8...9...10transfers 1125581, max 328
transfer lists:   8.6 megs
0...1...2...3...4...5...6...7...8...9...10	Bounce #1 added RGB(41453, 38189, 28416)
0...1...2...3...4...5...6...7...8...9...10	Bounce #2 added RGB(12017, 10468, 7068)
0...1...2...3...4...5...6...7...8...9...10	Bounce #3 added RGB(3017, 2497, 1548)
0...1...2...3...4...5...6...7...8...9...10	Bounce #4 added RGB(815, 635, 361)
0...1...2...3...4...5...6...7...8...9...10	Bounce #5 added RGB(215, 158, 83)
0...1...2...3...4...5...6...7...8...9...10	Bounce #6 added RGB(58, 40, 19)
0...1...2...3...4...5...6...7...8...9...10	Bounce #7 added RGB(15, 10, 4)
0...1...2...3...4...5...6...7...8...9...10	Bounce #8 added RGB(4, 3, 1)
0...1...2...3...4...5...6...7...8...9...10	Bounce #9 added RGB(1, 1, 0)
0...1...2...3...4...5...6...7...8...9...10	Bounce #10 added RGB(0, 0, 0)
Build Patch/Sample Hash Table(s).....Done<0.0026 sec>
0...1...2...3...4...5...6...7...8...9...10FinalLightFace Done
0 of 0 (0% of) surface lights went in leaf ambient cubes.
0...1...2...3...4...5...6...7...8...9...10Writing leaf ambient...done
Computing static prop lighting : 00...1...2...3...4...5...6...7...8...9...10
Ready to Finish

Object names       Objects/Maxobjs  Memory / Maxmem  Fullness 
------------       ---------------  ---------------  -------- 
models                  35/1024         1680/49152    ( 3.4%) 
brushes                 87/8192         1044/98304    ( 1.1%) 
brushsides             614/65536        4912/524288   ( 0.9%) 
planes                 750/65536       15000/1310720  ( 1.1%) 
vertexes               787/65536        9444/786432   ( 1.2%) 
nodes                  432/65536       13824/2097152  ( 0.7%) 
texinfos               133/12288        9576/884736   ( 1.1%) 
texdata                 20/2048          640/65536    ( 1.0%) 
dispinfos                0/0               0/0        ( 0.0%) 
disp_verts               0/0               0/0        ( 0.0%) 
disp_tris                0/0               0/0        ( 0.0%) 
disp_lmsamples           0/0               0/0        ( 0.0%) 
faces                  543/65536       30408/3670016  ( 0.8%) 
hdr faces                0/65536           0/3670016  ( 0.0%) 
origfaces              381/65536       21336/3670016  ( 0.6%) 
leaves                 468/65536       14976/2097152  ( 0.7%) 
leaffaces              610/65536        1220/131072   ( 0.9%) 
leafbrushes            115/65536         230/131072   ( 0.2%) 
areas                    2/256            16/2048     ( 0.8%) 
surfedges             4027/512000      16108/2048000  ( 0.8%) 
edges                 2127/256000       8508/1024000  ( 0.8%) 
LDR worldlights          6/8192          528/720896   ( 0.1%) 
HDR worldlights          0/8192            0/720896   ( 0.0%) 
leafwaterdata            1/32768          12/393216   ( 0.0%) 
waterstrips             16/32768         160/327680   ( 0.0%) 
waterverts               0/65536           0/786432   ( 0.0%) 
waterindices           225/65536         450/131072   ( 0.3%) 
cubemapsamples           2/1024           32/16384    ( 0.2%) 
overlays                 0/512             0/180224   ( 0.0%) 
LDR lightdata         [variable]     1047032/0        ( 0.0%) 
HDR lightdata         [variable]           0/0        ( 0.0%) 
visdata               [variable]         954/16777216 ( 0.0%) 
entdata               [variable]       31630/393216   ( 8.0%) 
LDR ambient table      468/65536        1872/262144   ( 0.7%) 
HDR ambient table      468/65536        1872/262144   ( 0.7%) 
LDR leaf ambient       782/65536       21896/1835008  ( 1.2%) 
HDR leaf ambient       468/65536       13104/1835008  ( 0.7%) 
occluders                0/0               0/0        ( 0.0%) 
occluder polygons        0/0               0/0        ( 0.0%) 
occluder vert ind        0/0               0/0        ( 0.0%) 
detail props          [variable]           1/12       ( 8.3%) 
static props          [variable]           1/216      ( 0.5%) 
pakfile               [variable]      327087/0        ( 0.0%) 
physics               [variable]       44523/4194304  ( 1.1%) 
physics terrain       [variable]           2/1048576  ( 0.0%) 

Level flags = 1

Total triangle count: 1369
Writing c:\program files (x86)\steam\steamapps\common\sourcesdk_content\hl2mp\mapsrc\test.bsp
9 seconds elapsed



[Reading texlights from 'lights.rad']
[45 texlights parsed from 'lights.rad']

[Reading texlights from 'lights_models.rad']
Warning: Redundant 'lights/fluorescentcool001a' def in 'lights.rad' AND 'lights_models.rad'!
Warning: Redundant 'lights/fluorescentcool001b' def in 'lights.rad' AND 'lights_models.rad'!
Warning: Redundant 'lights/fluorescentcool002a' def in 'lights.rad' AND 'lights_models.rad'!
Warning: Redundant 'lights/fluorescentcool002b' def in 'lights.rad' AND 'lights_models.rad'!
Warning: Redundant 'lights/fluorescentcool003a' def in 'lights.rad' AND 'lights_models.rad'!
Warning: Redundant 'lights/fluorescentwarm001a' def in 'lights.rad' AND 'lights_models.rad'!
Warning: Redundant 'lights/fluorescentwarm002a' def in 'lights.rad' AND 'lights_models.rad'!
Warning: Redundant 'lights/fluorescentwhite001a' def in 'lights.rad' AND 'lights_models.rad'!
Warning: Redundant 'lights/fluorescentwhite002a' def in 'lights.rad' AND 'lights_models.rad'!
Warning: Redundant 'lights/hazzardred001a' def in 'lights.rad' AND 'lights_models.rad'!
Warning: Redundant 'lights/hazzardyellow001a' def in 'lights.rad' AND 'lights_models.rad'!
Warning: Redundant 'lights/HIDcool001a' def in 'lights.rad' AND 'lights_models.rad'!
Warning: Redundant 'lights/HIDcool001b' def in 'lights.rad' AND 'lights_models.rad'!
Warning: Redundant 'lights/HIDwarm001a' def in 'lights.rad' AND 'lights_models.rad'!
Warning: Redundant 'lights/white001' def in 'lights.rad' AND 'lights_models.rad'!
Warning: Redundant 'lights/white002' def in 'lights.rad' AND 'lights_models.rad'!
Warning: Redundant 'lights/white003' def in 'lights.rad' AND 'lights_models.rad'!
Warning: Redundant 'lights/white004' def in 'lights.rad' AND 'lights_models.rad'!
Warning: Redundant 'lights/white005' def in 'lights.rad' AND 'lights_models.rad'!
Warning: Redundant 'lights/white006' def in 'lights.rad' AND 'lights_models.rad'!
Warning: Redundant 'lights/white001_nochop' def in 'lights.rad' AND 'lights_models.rad'!
Warning: Redundant 'lights/white002_nochop' def in 'lights.rad' AND 'lights_models.rad'!
Warning: Redundant 'lights/white003_nochop' def in 'lights.rad' AND 'lights_models.rad'!
Warning: Redundant 'lights/white004_nochop' def in 'lights.rad' AND 'lights_models.rad'!
Warning: Redundant 'lights/white005_nochop' def in 'lights.rad' AND 'lights_models.rad'!
Warning: Redundant 'lights/white006_nochop' def in 'lights.rad' AND 'lights_models.rad'!
Warning: Redundant 'lights/incandescentcool001a' def in 'lights.rad' AND 'lights_models.rad'!
Warning: Redundant 'lights/incandescentwarm001a' def in 'lights.rad' AND 'lights_models.rad'!
Warning: Redundant 'glass/glassscreen001a' def in 'lights.rad' AND 'lights_models.rad'!
Warning: Redundant 'glass/glasspipe001f' def in 'lights.rad' AND 'lights_models.rad'!
Warning: Redundant 'glass/glassscreen001c' def in 'lights.rad' AND 'lights_models.rad'!
Warning: Redundant 'glass/glassscreen001d' def in 'lights.rad' AND 'lights_models.rad'!
Warning: Redundant 'glass/glassblock001a' def in 'lights.rad' AND 'lights_models.rad'!
Warning: Redundant 'composite/citadelfloor001a' def in 'lights.rad' AND 'lights_models.rad'!
Warning: Redundant 'props/tvscreen006a' def in 'lights.rad' AND 'lights_models.rad'!
Warning: Redundant 'shadertest/gooinglass' def in 'lights.rad' AND 'lights_models.rad'!
Warning: Redundant 'glass/glasswindow002e' def in 'lights.rad' AND 'lights_models.rad'!
Warning: Redundant 'glass/glasswindow035a' def in 'lights.rad' AND 'lights_models.rad'!
Warning: Redundant 'dev/DEV_INTERIORLIGHT02B' def in 'lights.rad' AND 'lights_models.rad'!
Warning: Redundant 'plaster/plasterwall029h' def in 'lights.rad' AND 'lights_models.rad'!
Warning: Redundant 'building_template/Building_Trainstation_Template001d' def in 'lights.rad' AND 'lights_models.rad'!
Warning: Redundant 'building_template/Building_Trainstation_Template001e' def in 'lights.rad' AND 'lights_models.rad'!
Warning: Redundant 'building_template/Building_Trainstation_window002d' def in 'lights.rad' AND 'lights_models.rad'!
Warning: Redundant 'building_template/Building_Trainstation_window002e' def in 'lights.rad' AND 'lights_models.rad'!
Warning: Redundant 'lights/physgunlight' def in 'lights.rad' AND 'lights_models.rad'!
[45 texlights parsed from 'lights_models.rad']

Loading c:\program files (x86)\steam\steamapps\common\sourcesdk_content\hl2mp\mapsrc\test.bsp
543 faces
37002 square feet [5328302.00 square inches]
0 Displacements
0 Square Feet [0.00 Square Inches]
543 patches before subdivision
10597 patches after subdivision
6 direct lights
0...1...2...3...4...5...6...7...8...9...100...1...2...3...4...5...6...7...8...9...10transfers 1125581, max 328
transfer lists:   8.6 megs
0...1...2...3...4...5...6...7...8...9...10	Bounce #1 added RGB(41454, 38189, 28416)
0...1...2...3...4...5...6...7...8...9...10	Bounce #2 added RGB(12017, 10468, 7068)
0...1...2...3...4...5...6...7...8...9...10	Bounce #3 added RGB(3017, 2497, 1548)
0...1...2...3...4...5...6...7...8...9...10	Bounce #4 added RGB(815, 635, 361)
0...1...2...3...4...5...6...7...8...9...10	Bounce #5 added RGB(215, 158, 83)
0...1...2...3...4...5...6...7...8...9...10	Bounce #6 added RGB(58, 40, 19)
0...1...2...3...4...5...6...7...8...9...10	Bounce #7 added RGB(15, 10, 4)
0...1...2...3...4...5...6...7...8...9...10	Bounce #8 added RGB(4, 3, 1)
0...1...2...3...4...5...6...7...8...9...10	Bounce #9 added RGB(1, 1, 0)
0...1...2...3...4...5...6...7...8...9...10	Bounce #10 added RGB(0, 0, 0)
Build Patch/Sample Hash Table(s).....Done<0.0026 sec>
0...1...2...3...4...5...6...7...8...9...10FinalLightFace Done
0 of 0 (0% of) surface lights went in leaf ambient cubes.
0...1...2...3...4...5...6...7...8...9...10Writing leaf ambient...done
Computing static prop lighting : 00...1...2...3...4...5...6...7...8...9...10
Ready to Finish

Object names       Objects/Maxobjs  Memory / Maxmem  Fullness 
------------       ---------------  ---------------  -------- 
models                  35/1024         1680/49152    ( 3.4%) 
brushes                 87/8192         1044/98304    ( 1.1%) 
brushsides             614/65536        4912/524288   ( 0.9%) 
planes                 750/65536       15000/1310720  ( 1.1%) 
vertexes               787/65536        9444/786432   ( 1.2%) 
nodes                  432/65536       13824/2097152  ( 0.7%) 
texinfos               133/12288        9576/884736   ( 1.1%) 
texdata                 20/2048          640/65536    ( 1.0%) 
dispinfos                0/0               0/0        ( 0.0%) 
disp_verts               0/0               0/0        ( 0.0%) 
disp_tris                0/0               0/0        ( 0.0%) 
disp_lmsamples           0/0               0/0        ( 0.0%) 
faces                  543/65536       30408/3670016  ( 0.8%) 
hdr faces              543/65536       30408/3670016  ( 0.8%) 
origfaces              381/65536       21336/3670016  ( 0.6%) 
leaves                 468/65536       14976/2097152  ( 0.7%) 
leaffaces              610/65536        1220/131072   ( 0.9%) 
leafbrushes            115/65536         230/131072   ( 0.2%) 
areas                    2/256            16/2048     ( 0.8%) 
surfedges             4027/512000      16108/2048000  ( 0.8%) 
edges                 2127/256000       8508/1024000  ( 0.8%) 
LDR worldlights          6/8192          528/720896   ( 0.1%) 
HDR worldlights          6/8192          528/720896   ( 0.1%) 
leafwaterdata            1/32768          12/393216   ( 0.0%) 
waterstrips             16/32768         160/327680   ( 0.0%) 
waterverts               0/65536           0/786432   ( 0.0%) 
waterindices           225/65536         450/131072   ( 0.3%) 
cubemapsamples           2/1024           32/16384    ( 0.2%) 
overlays                 0/512             0/180224   ( 0.0%) 
LDR lightdata         [variable]     1047032/0        ( 0.0%) 
HDR lightdata         [variable]     1047032/0        ( 0.0%) 
visdata               [variable]         954/16777216 ( 0.0%) 
entdata               [variable]       31630/393216   ( 8.0%) 
LDR ambient table      468/65536        1872/262144   ( 0.7%) 
HDR ambient table      468/65536        1872/262144   ( 0.7%) 
LDR leaf ambient       782/65536       21896/1835008  ( 1.2%) 
HDR leaf ambient       782/65536       21896/1835008  ( 1.2%) 
occluders                0/0               0/0        ( 0.0%) 
occluder polygons        0/0               0/0        ( 0.0%) 
occluder vert ind        0/0               0/0        ( 0.0%) 
detail props          [variable]           1/12       ( 8.3%) 
static props          [variable]           1/216      ( 0.5%) 
pakfile               [variable]      334355/0        ( 0.0%) 
physics               [variable]       44523/4194304  ( 1.1%) 
physics terrain       [variable]           2/1048576  ( 0.0%) 

Level flags = 3

Total triangle count: 1369
Writing c:\program files (x86)\steam\steamapps\common\sourcesdk_content\hl2mp\mapsrc\test.bsp
8 seconds elapsed



materialPath: C:\Program Files (x86)\Steam\steamapps\common\Half-Life 2 Deathmatch\hl2mp\materials
Loading c:\program files (x86)\steam\steamapps\common\sourcesdk_content\hl2mp\mapsrc\test.vmf
ConVarRef mat_reduceparticles doesn't point to an existing ConVar
Could not locate 'GameData' key in c:\program files (x86)\steam\steamapps\common\half-life 2 deathmatch\hl2mp\gameinfo.txt
Patching WVT material: maps/test/dev/dev_blendmeasure_wvt_patch
fixing up env_cubemap materials on brush sides...
0...1...2...3...4...5...6...7...8...9...100...1...2...3...4...5...6...7...8...9...10Processing areas...done (0)
Building Faces...done (0)
FixTjuncs...
PruneNodes...
WriteBSP...
done (0)
writing c:\program files (x86)\steam\steamapps\common\sourcesdk_content\hl2mp\mapsrc\test.prt...Building visibility clusters...
done (0)
Creating default LDR cubemaps for env_cubemap using skybox materials:
   skybox/sky_day01_01*.vmt
 ! Run buildcubemaps in the engine to get the correct cube maps.
Creating default HDR cubemaps for env_cubemap using skybox materials:
   skybox/sky_day01_01*.vmt
 ! Run buildcubemaps in the engine to get the correct cube maps.
Finding displacement neighbors...
Finding lightmap sample positions...
Displacement Alpha : 0...1...2...3...4...5...6...7...8...9...10
Building Physics collision data...
done (0) (44523 bytes)
Placing detail props : 0...1...2...3...4...5...6...7...8...9...10
Compacting texture/material tables...
Reduced 273 texinfos to 133
Reduced 28 texdatas to 20 (905 bytes to 662)
Writing c:\program files (x86)\steam\steamapps\common\sourcesdk_content\hl2mp\mapsrc\test.bsp
Wrote ZIP buffer, estimated size 321783, actual size 319827
0 seconds elapsed



12 threads
reading c:\program files (x86)\steam\steamapps\common\sourcesdk_content\hl2mp\mapsrc\test.bsp
reading c:\program files (x86)\steam\steamapps\common\sourcesdk_content\hl2mp\mapsrc\test.prt
  47 portalclusters
 128 numportals
0...1...2...3...4...5...6...7...8...9...100...1...2...3...4...5...6...7...8...9...10Optimized: 0 visible clusters (0.00%)
Total clusters visible: 1907
Average clusters visible: 40
Building PAS...
Average clusters audible: 47
visdatasize:954  compressed from 752
writing c:\program files (x86)\steam\steamapps\common\sourcesdk_content\hl2mp\mapsrc\test.bsp
0 seconds elapsed



[Reading texlights from 'lights.rad']
[45 texlights parsed from 'lights.rad']

[Reading texlights from 'lights_models.rad']
[0 texlights parsed from 'lights_models.rad']

Loading c:\program files (x86)\steam\steamapps\common\sourcesdk_content\hl2mp\mapsrc\test.bsp
Loaded alpha texture materials\Models\props_c17\fence_alpha.vtf
881 faces
37002 square feet [5328302.00 square inches]
0 Displacements
0 Square Feet [0.00 Square Inches]
881 patches before subdivision
51975 patches after subdivision
6 direct lights
0...1...2...3...4...5...6...7...8...9...100...1...2...3...4...5...6...7...8...9...10transfers 5579332, max 608
transfer lists:  42.6 megs
0...1...2...3...4...5...6...7...8...9...10	Bounce #1 added RGB(91973, 87085, 68391)
0...1...2...3...4...5...6...7...8...9...10	Bounce #2 added RGB(65603, 57355, 38468)
0...1...2...3...4...5...6...7...8...9...10	Bounce #3 added RGB(12768, 10757, 6716)
0...1...2...3...4...5...6...7...8...9...10	Bounce #4 added RGB(3857, 3041, 1731)
0...1...2...3...4...5...6...7...8...9...10	Bounce #5 added RGB(968, 726, 380)
0...1...2...3...4...5...6...7...8...9...10	Bounce #6 added RGB(266, 187, 90)
0...1...2...3...4...5...6...7...8...9...10	Bounce #7 added RGB(70, 47, 21)
0...1...2...3...4...5...6...7...8...9...10	Bounce #8 added RGB(19, 12, 5)
0...1...2...3...4...5...6...7...8...9...10	Bounce #9 added RGB(5, 3, 1)
0...1...2...3...4...5...6...7...8...9...10	Bounce #10 added RGB(1, 1, 0)
0...1...2...3...4...5...6...7...8...9...10	Bounce #11 added RGB(0, 0, 0)
Build Patch/Sample Hash Table(s).....Done<0.0134 sec>
0...1...2...3...4...5...6...7...8...9...10FinalLightFace Done
0 of 0 (0% of) surface lights went in leaf ambient cubes.
0...1...2...3...4...5...6...7...8...9...10Writing leaf ambient...done
Computing static prop lighting : 00...1...2...3...4...5...6...7...8...9...10
Ready to Finish

Object names       Objects/Maxobjs  Memory / Maxmem  Fullness 
------------       ---------------  ---------------  -------- 
models                  35/1024         1680/49152    ( 3.4%) 
brushes                 87/8192         1044/98304    ( 1.1%) 
brushsides             614/65536        4912/524288   ( 0.9%) 
planes                 750/65536       15000/1310720  ( 1.1%) 
vertexes              1217/65536       14604/786432   ( 1.9%) 
nodes                  432/65536       13824/2097152  ( 0.7%) 
texinfos               133/12288        9576/884736   ( 1.1%) 
texdata                 20/2048          640/65536    ( 1.0%) 
dispinfos                0/0               0/0        ( 0.0%) 
disp_verts               0/0               0/0        ( 0.0%) 
disp_tris                0/0               0/0        ( 0.0%) 
disp_lmsamples           0/0               0/0        ( 0.0%) 
faces                  881/65536       49336/3670016  ( 1.3%) 
hdr faces                0/65536           0/3670016  ( 0.0%) 
origfaces              381/65536       21336/3670016  ( 0.6%) 
leaves                 468/65536       14976/2097152  ( 0.7%) 
leaffaces             1123/65536        2246/131072   ( 1.7%) 
leafbrushes            115/65536         230/131072   ( 0.2%) 
areas                    2/256            16/2048     ( 0.8%) 
surfedges             5563/512000      22252/2048000  ( 1.1%) 
edges                 2895/256000      11580/1024000  ( 1.1%) 
LDR worldlights          6/8192          528/720896   ( 0.1%) 
HDR worldlights          0/8192            0/720896   ( 0.0%) 
leafwaterdata            1/32768          12/393216   ( 0.0%) 
waterstrips             30/32768         300/327680   ( 0.1%) 
waterverts               0/65536           0/786432   ( 0.0%) 
waterindices           420/65536         840/131072   ( 0.6%) 
cubemapsamples           2/1024           32/16384    ( 0.2%) 
overlays                 0/512             0/180224   ( 0.0%) 
LDR lightdata         [variable]    10457800/0        ( 0.0%) 
HDR lightdata         [variable]           0/0        ( 0.0%) 
visdata               [variable]         954/16777216 ( 0.0%) 
entdata               [variable]       31630/393216   ( 8.0%) 
LDR ambient table      468/65536        1872/262144   ( 0.7%) 
HDR ambient table      468/65536        1872/262144   ( 0.7%) 
LDR leaf ambient       778/65536       21784/1835008  ( 1.2%) 
HDR leaf ambient       468/65536       13104/1835008  ( 0.7%) 
occluders                0/0               0/0        ( 0.0%) 
occluder polygons        0/0               0/0        ( 0.0%) 
occluder vert ind        0/0               0/0        ( 0.0%) 
detail props          [variable]           1/12       ( 8.3%) 
static props          [variable]           1/216      ( 0.5%) 
pakfile               [variable]      327087/0        ( 0.0%) 
physics               [variable]       44523/4194304  ( 1.1%) 
physics terrain       [variable]           2/1048576  ( 0.0%) 

Level flags = 1

Total triangle count: 2229
Writing c:\program files (x86)\steam\steamapps\common\sourcesdk_content\hl2mp\mapsrc\test.bsp
40 seconds elapsed



[Reading texlights from 'lights.rad']
[45 texlights parsed from 'lights.rad']

[Reading texlights from 'lights_models.rad']
[0 texlights parsed from 'lights_models.rad']

Loading c:\program files (x86)\steam\steamapps\common\sourcesdk_content\hl2mp\mapsrc\test.bsp
Loaded alpha texture materials\Models\props_c17\fence_alpha.vtf
881 faces
37002 square feet [5328302.00 square inches]
0 Displacements
0 Square Feet [0.00 Square Inches]
881 patches before subdivision
51975 patches after subdivision
6 direct lights
0...1...2...3...4...5...6...7...8...9...100...1...2...3...4...5...6...7...8...9...10transfers 5579332, max 608
transfer lists:  42.6 megs
0...1...2...3...4...5...6...7...8...9...10	Bounce #1 added RGB(91972, 87085, 68390)
0...1...2...3...4...5...6...7...8...9...10	Bounce #2 added RGB(65603, 57355, 38468)
0...1...2...3...4...5...6...7...8...9...10	Bounce #3 added RGB(12768, 10757, 6716)
0...1...2...3...4...5...6...7...8...9...10	Bounce #4 added RGB(3857, 3041, 1731)
0...1...2...3...4...5...6...7...8...9...10	Bounce #5 added RGB(968, 726, 380)
0...1...2...3...4...5...6...7...8...9...10	Bounce #6 added RGB(266, 187, 90)
0...1...2...3...4...5...6...7...8...9...10	Bounce #7 added RGB(70, 47, 21)
0...1...2...3...4...5...6...7...8...9...10	Bounce #8 added RGB(19, 12, 5)
0...1...2...3...4...5...6...7...8...9...10	Bounce #9 added RGB(5, 3, 1)
0...1...2...3...4...5...6...7...8...9...10	Bounce #10 added RGB(1, 1, 0)
0...1...2...3...4...5...6...7...8...9...10	Bounce #11 added RGB(0, 0, 0)
Build Patch/Sample Hash Table(s).....Done<0.0132 sec>
0...1...2...3...4...5...6...7...8...9...10FinalLightFace Done
0 of 0 (0% of) surface lights went in leaf ambient cubes.
0...1...2...3...4...5...6...7...8...9...10Writing leaf ambient...done
Computing static prop lighting : 00...1...2...3...4...5...6...7...8...9...10
Ready to Finish

Object names       Objects/Maxobjs  Memory / Maxmem  Fullness 
------------       ---------------  ---------------  -------- 
models                  35/1024         1680/49152    ( 3.4%) 
brushes                 87/8192         1044/98304    ( 1.1%) 
brushsides             614/65536        4912/524288   ( 0.9%) 
planes                 750/65536       15000/1310720  ( 1.1%) 
vertexes              1217/65536       14604/786432   ( 1.9%) 
nodes                  432/65536       13824/2097152  ( 0.7%) 
texinfos               133/12288        9576/884736   ( 1.1%) 
texdata                 20/2048          640/65536    ( 1.0%) 
dispinfos                0/0               0/0        ( 0.0%) 
disp_verts               0/0               0/0        ( 0.0%) 
disp_tris                0/0               0/0        ( 0.0%) 
disp_lmsamples           0/0               0/0        ( 0.0%) 
faces                  881/65536       49336/3670016  ( 1.3%) 
hdr faces              881/65536       49336/3670016  ( 1.3%) 
origfaces              381/65536       21336/3670016  ( 0.6%) 
leaves                 468/65536       14976/2097152  ( 0.7%) 
leaffaces             1123/65536        2246/131072   ( 1.7%) 
leafbrushes            115/65536         230/131072   ( 0.2%) 
areas                    2/256            16/2048     ( 0.8%) 
surfedges             5563/512000      22252/2048000  ( 1.1%) 
edges                 2895/256000      11580/1024000  ( 1.1%) 
LDR worldlights          6/8192          528/720896   ( 0.1%) 
HDR worldlights          6/8192          528/720896   ( 0.1%) 
leafwaterdata            1/32768          12/393216   ( 0.0%) 
waterstrips             30/32768         300/327680   ( 0.1%) 
waterverts               0/65536           0/786432   ( 0.0%) 
waterindices           420/65536         840/131072   ( 0.6%) 
cubemapsamples           2/1024           32/16384    ( 0.2%) 
overlays                 0/512             0/180224   ( 0.0%) 
LDR lightdata         [variable]    10457800/0        ( 0.0%) 
HDR lightdata         [variable]    10457800/0        ( 0.0%) 
visdata               [variable]         954/16777216 ( 0.0%) 
entdata               [variable]       31630/393216   ( 8.0%) 
LDR ambient table      468/65536        1872/262144   ( 0.7%) 
HDR ambient table      468/65536        1872/262144   ( 0.7%) 
LDR leaf ambient       778/65536       21784/1835008  ( 1.2%) 
HDR leaf ambient       778/65536       21784/1835008  ( 1.2%) 
occluders                0/0               0/0        ( 0.0%) 
occluder polygons        0/0               0/0        ( 0.0%) 
occluder vert ind        0/0               0/0        ( 0.0%) 
detail props          [variable]           1/12       ( 8.3%) 
static props          [variable]           1/216      ( 0.5%) 
pakfile               [variable]      334355/0        ( 0.0%) 
physics               [variable]       44523/4194304  ( 1.1%) 
physics terrain       [variable]           2/1048576  ( 0.0%) 

Level flags = 3

Total triangle count: 2229
Writing c:\program files (x86)\steam\steamapps\common\sourcesdk_content\hl2mp\mapsrc\test.bsp
40 seconds elapsed



materialPath: C:\Program Files (x86)\Steam\steamapps\common\Half-Life 2 Deathmatch\hl2mp\materials
Loading c:\program files (x86)\steam\steamapps\common\sourcesdk_content\hl2mp\mapsrc\test.vmf
ConVarRef mat_reduceparticles doesn't point to an existing ConVar
Could not locate 'GameData' key in c:\program files (x86)\steam\steamapps\common\half-life 2 deathmatch\hl2mp\gameinfo.txt
Patching WVT material: maps/test/dev/dev_blendmeasure_wvt_patch
fixing up env_cubemap materials on brush sides...
0...1...2...3...4...5...6...7...8...9...100...1...2...3...4...5...6...7...8...9...10Processing areas...done (0)
Building Faces...done (0)
FixTjuncs...
PruneNodes...
WriteBSP...
done (0)
writing c:\program files (x86)\steam\steamapps\common\sourcesdk_content\hl2mp\mapsrc\test.prt...Building visibility clusters...
done (0)
Creating default LDR cubemaps for env_cubemap using skybox materials:
   skybox/sky_day01_01*.vmt
 ! Run buildcubemaps in the engine to get the correct cube maps.
Creating default HDR cubemaps for env_cubemap using skybox materials:
   skybox/sky_day01_01*.vmt
 ! Run buildcubemaps in the engine to get the correct cube maps.
Finding displacement neighbors...
Finding lightmap sample positions...
Displacement Alpha : 0...1...2...3...4...5...6...7...8...9...10
Building Physics collision data...
done (0) (44523 bytes)
Placing detail props : 0...1...2...3...4...5...6...7...8...9...10
Compacting texture/material tables...
Reduced 273 texinfos to 133
Reduced 28 texdatas to 20 (905 bytes to 662)
Writing c:\program files (x86)\steam\steamapps\common\sourcesdk_content\hl2mp\mapsrc\test.bsp
Wrote ZIP buffer, estimated size 321783, actual size 319827
0 seconds elapsed



12 threads
reading c:\program files (x86)\steam\steamapps\common\sourcesdk_content\hl2mp\mapsrc\test.bsp
reading c:\program files (x86)\steam\steamapps\common\sourcesdk_content\hl2mp\mapsrc\test.prt
  47 portalclusters
 128 numportals
0...1...2...3...4...5...6...7...8...9...100...1...2...3...4...5...6...7...8...9...10Optimized: 0 visible clusters (0.00%)
Total clusters visible: 1907
Average clusters visible: 40
Building PAS...
Average clusters audible: 47
visdatasize:954  compressed from 752
writing c:\program files (x86)\steam\steamapps\common\sourcesdk_content\hl2mp\mapsrc\test.bsp
0 seconds elapsed



[Reading texlights from 'lights.rad']
[45 texlights parsed from 'lights.rad']

[Reading texlights from 'lights_models.rad']
[0 texlights parsed from 'lights_models.rad']

Loading c:\program files (x86)\steam\steamapps\common\sourcesdk_content\hl2mp\mapsrc\test.bsp
Loaded alpha texture materials\Models\props_c17\fence_alpha.vtf
881 faces
37002 square feet [5328302.00 square inches]
0 Displacements
0 Square Feet [0.00 Square Inches]
881 patches before subdivision
51975 patches after subdivision
6 direct lights
0...1...2...3...4...5...6...7...8...9...100...1...2...3...4...5...6...7...8...9...10transfers 5548947, max 606
transfer lists:  42.3 megs
0...1...2...3...4...5...6...7...8...9...10	Bounce #1 added RGB(91878, 86992, 68315)
0...1...2...3...4...5...6...7...8...9...10	Bounce #2 added RGB(65435, 57198, 38361)
0...1...2...3...4...5...6...7...8...9...10	Bounce #3 added RGB(12759, 10749, 6710)
0...1...2...3...4...5...6...7...8...9...10	Bounce #4 added RGB(3853, 3037, 1728)
0...1...2...3...4...5...6...7...8...9...10	Bounce #5 added RGB(968, 725, 380)
0...1...2...3...4...5...6...7...8...9...10	Bounce #6 added RGB(266, 187, 90)
0...1...2...3...4...5...6...7...8...9...10	Bounce #7 added RGB(70, 47, 21)
0...1...2...3...4...5...6...7...8...9...10	Bounce #8 added RGB(19, 12, 5)
0...1...2...3...4...5...6...7...8...9...10	Bounce #9 added RGB(5, 3, 1)
0...1...2...3...4...5...6...7...8...9...10	Bounce #10 added RGB(1, 1, 0)
0...1...2...3...4...5...6...7...8...9...10	Bounce #11 added RGB(0, 0, 0)
Build Patch/Sample Hash Table(s).....Done<0.0136 sec>
0...1...2...3...4...5...6...7...8...9...10FinalLightFace Done
0 of 0 (0% of) surface lights went in leaf ambient cubes.
0...1...2...3...4...5...6...7...8...9...10Writing leaf ambient...done
Computing static prop lighting : 00...1...2...3...4...5...6...7...8...9...10
Ready to Finish

Object names       Objects/Maxobjs  Memory / Maxmem  Fullness 
------------       ---------------  ---------------  -------- 
models                  35/1024         1680/49152    ( 3.4%) 
brushes                 87/8192         1044/98304    ( 1.1%) 
brushsides             614/65536        4912/524288   ( 0.9%) 
planes                 750/65536       15000/1310720  ( 1.1%) 
vertexes              1217/65536       14604/786432   ( 1.9%) 
nodes                  432/65536       13824/2097152  ( 0.7%) 
texinfos               133/12288        9576/884736   ( 1.1%) 
texdata                 20/2048          640/65536    ( 1.0%) 
dispinfos                0/0               0/0        ( 0.0%) 
disp_verts               0/0               0/0        ( 0.0%) 
disp_tris                0/0               0/0        ( 0.0%) 
disp_lmsamples           0/0               0/0        ( 0.0%) 
faces                  881/65536       49336/3670016  ( 1.3%) 
hdr faces                0/65536           0/3670016  ( 0.0%) 
origfaces              381/65536       21336/3670016  ( 0.6%) 
leaves                 468/65536       14976/2097152  ( 0.7%) 
leaffaces             1123/65536        2246/131072   ( 1.7%) 
leafbrushes            115/65536         230/131072   ( 0.2%) 
areas                    2/256            16/2048     ( 0.8%) 
surfedges             5563/512000      22252/2048000  ( 1.1%) 
edges                 2895/256000      11580/1024000  ( 1.1%) 
LDR worldlights          6/8192          528/720896   ( 0.1%) 
HDR worldlights          0/8192            0/720896   ( 0.0%) 
leafwaterdata            1/32768          12/393216   ( 0.0%) 
waterstrips             30/32768         300/327680   ( 0.1%) 
waterverts               0/65536           0/786432   ( 0.0%) 
waterindices           420/65536         840/131072   ( 0.6%) 
cubemapsamples           2/1024           32/16384    ( 0.2%) 
overlays                 0/512             0/180224   ( 0.0%) 
LDR lightdata         [variable]    10457800/0        ( 0.0%) 
HDR lightdata         [variable]           0/0        ( 0.0%) 
visdata               [variable]         954/16777216 ( 0.0%) 
entdata               [variable]       31630/393216   ( 8.0%) 
LDR ambient table      468/65536        1872/262144   ( 0.7%) 
HDR ambient table      468/65536        1872/262144   ( 0.7%) 
LDR leaf ambient       779/65536       21812/1835008  ( 1.2%) 
HDR leaf ambient       468/65536       13104/1835008  ( 0.7%) 
occluders                0/0               0/0        ( 0.0%) 
occluder polygons        0/0               0/0        ( 0.0%) 
occluder vert ind        0/0               0/0        ( 0.0%) 
detail props          [variable]           1/12       ( 8.3%) 
static props          [variable]           1/218      ( 0.5%) 
pakfile               [variable]      327087/0        ( 0.0%) 
physics               [variable]       44523/4194304  ( 1.1%) 
physics terrain       [variable]           2/1048576  ( 0.0%) 

Level flags = 1

Total triangle count: 2229
Writing c:\program files (x86)\steam\steamapps\common\sourcesdk_content\hl2mp\mapsrc\test.bsp
42 seconds elapsed



[Reading texlights from 'lights.rad']
[45 texlights parsed from 'lights.rad']

[Reading texlights from 'lights_models.rad']
[0 texlights parsed from 'lights_models.rad']

Loading c:\program files (x86)\steam\steamapps\common\sourcesdk_content\hl2mp\mapsrc\test.bsp
Loaded alpha texture materials\Models\props_c17\fence_alpha.vtf
881 faces
37002 square feet [5328302.00 square inches]
0 Displacements
0 Square Feet [0.00 Square Inches]
881 patches before subdivision
51975 patches after subdivision
6 direct lights
0...1...2...3...4...5...6...7...8...9...100...1...2...3...4...5...6...7...8...9...10transfers 5548947, max 606
transfer lists:  42.3 megs
0...1...2...3...4...5...6...7...8...9...10	Bounce #1 added RGB(91878, 86992, 68315)
0...1...2...3...4...5...6...7...8...9...10	Bounce #2 added RGB(65434, 57197, 38361)
0...1...2...3...4...5...6...7...8...9...10	Bounce #3 added RGB(12759, 10749, 6710)
0...1...2...3...4...5...6...7...8...9...10	Bounce #4 added RGB(3853, 3037, 1728)
0...1...2...3...4...5...6...7...8...9...10	Bounce #5 added RGB(968, 725, 380)
0...1...2...3...4...5...6...7...8...9...10	Bounce #6 added RGB(266, 187, 90)
0...1...2...3...4...5...6...7...8...9...10	Bounce #7 added RGB(70, 47, 21)
0...1...2...3...4...5...6...7...8...9...10	Bounce #8 added RGB(19, 12, 5)
0...1...2...3...4...5...6...7...8...9...10	Bounce #9 added RGB(5, 3, 1)
0...1...2...3...4...5...6...7...8...9...10	Bounce #10 added RGB(1, 1, 0)
0...1...2...3...4...5...6...7...8...9...10	Bounce #11 added RGB(0, 0, 0)
Build Patch/Sample Hash Table(s).....Done<0.0133 sec>
0...1...2...3...4...5...6...7...8...9...10FinalLightFace Done
0 of 0 (0% of) surface lights went in leaf ambient cubes.
0...1...2...3...4...5...6...7...8...9...10Writing leaf ambient...done
Computing static prop lighting : 00...1...2...3...4...5...6...7...8...9...10
Ready to Finish

Object names       Objects/Maxobjs  Memory / Maxmem  Fullness 
------------       ---------------  ---------------  -------- 
models                  35/1024         1680/49152    ( 3.4%) 
brushes                 87/8192         1044/98304    ( 1.1%) 
brushsides             614/65536        4912/524288   ( 0.9%) 
planes                 750/65536       15000/1310720  ( 1.1%) 
vertexes              1217/65536       14604/786432   ( 1.9%) 
nodes                  432/65536       13824/2097152  ( 0.7%) 
texinfos               133/12288        9576/884736   ( 1.1%) 
texdata                 20/2048          640/65536    ( 1.0%) 
dispinfos                0/0               0/0        ( 0.0%) 
disp_verts               0/0               0/0        ( 0.0%) 
disp_tris                0/0               0/0        ( 0.0%) 
disp_lmsamples           0/0               0/0        ( 0.0%) 
faces                  881/65536       49336/3670016  ( 1.3%) 
hdr faces              881/65536       49336/3670016  ( 1.3%) 
origfaces              381/65536       21336/3670016  ( 0.6%) 
leaves                 468/65536       14976/2097152  ( 0.7%) 
leaffaces             1123/65536        2246/131072   ( 1.7%) 
leafbrushes            115/65536         230/131072   ( 0.2%) 
areas                    2/256            16/2048     ( 0.8%) 
surfedges             5563/512000      22252/2048000  ( 1.1%) 
edges                 2895/256000      11580/1024000  ( 1.1%) 
LDR worldlights          6/8192          528/720896   ( 0.1%) 
HDR worldlights          6/8192          528/720896   ( 0.1%) 
leafwaterdata            1/32768          12/393216   ( 0.0%) 
waterstrips             30/32768         300/327680   ( 0.1%) 
waterverts               0/65536           0/786432   ( 0.0%) 
waterindices           420/65536         840/131072   ( 0.6%) 
cubemapsamples           2/1024           32/16384    ( 0.2%) 
overlays                 0/512             0/180224   ( 0.0%) 
LDR lightdata         [variable]    10457800/0        ( 0.0%) 
HDR lightdata         [variable]    10457800/0        ( 0.0%) 
visdata               [variable]         954/16777216 ( 0.0%) 
entdata               [variable]       31630/393216   ( 8.0%) 
LDR ambient table      468/65536        1872/262144   ( 0.7%) 
HDR ambient table      468/65536        1872/262144   ( 0.7%) 
LDR leaf ambient       779/65536       21812/1835008  ( 1.2%) 
HDR leaf ambient       779/65536       21812/1835008  ( 1.2%) 
occluders                0/0               0/0        ( 0.0%) 
occluder polygons        0/0               0/0        ( 0.0%) 
occluder vert ind        0/0               0/0        ( 0.0%) 
detail props          [variable]           1/12       ( 8.3%) 
static props          [variable]           1/218      ( 0.5%) 
pakfile               [variable]      334355/0        ( 0.0%) 
physics               [variable]       44523/4194304  ( 1.1%) 
physics terrain       [variable]           2/1048576  ( 0.0%) 

Level flags = 3

Total triangle count: 2229
Writing c:\program files (x86)\steam\steamapps\common\sourcesdk_content\hl2mp\mapsrc\test.bsp
43 seconds elapsed



materialPath: C:\Program Files (x86)\Steam\steamapps\common\Half-Life 2 Deathmatch\hl2mp\materials
Loading c:\program files (x86)\steam\steamapps\common\sourcesdk_content\hl2mp\mapsrc\test.vmf
ConVarRef mat_reduceparticles doesn't point to an existing ConVar
Could not locate 'GameData' key in c:\program files (x86)\steam\steamapps\common\half-life 2 deathmatch\hl2mp\gameinfo.txt
Patching WVT material: maps/test/dev/dev_blendmeasure_wvt_patch
fixing up env_cubemap materials on brush sides...
0...1...2...3...4...5...6...7...8...9...100...1...2...3...4...5...6...7...8...9...10Processing areas...done (0)
Building Faces...done (0)
FixTjuncs...
PruneNodes...
WriteBSP...
done (0)
writing c:\program files (x86)\steam\steamapps\common\sourcesdk_content\hl2mp\mapsrc\test.prt...Building visibility clusters...
done (0)
Creating default LDR cubemaps for env_cubemap using skybox materials:
   skybox/sky_day01_01*.vmt
 ! Run buildcubemaps in the engine to get the correct cube maps.
Creating default HDR cubemaps for env_cubemap using skybox materials:
   skybox/sky_day01_01*.vmt
 ! Run buildcubemaps in the engine to get the correct cube maps.
Finding displacement neighbors...
Finding lightmap sample positions...
Displacement Alpha : 0...1...2...3...4...5...6...7...8...9...10
Building Physics collision data...
done (0) (44523 bytes)
Placing detail props : 0...1...2...3...4...5...6...7...8...9...10
Compacting texture/material tables...
Reduced 273 texinfos to 133
Reduced 28 texdatas to 20 (905 bytes to 662)
Writing c:\program files (x86)\steam\steamapps\common\sourcesdk_content\hl2mp\mapsrc\test.bsp
Wrote ZIP buffer, estimated size 321783, actual size 319827
0 seconds elapsed



12 threads
reading c:\program files (x86)\steam\steamapps\common\sourcesdk_content\hl2mp\mapsrc\test.bsp
reading c:\program files (x86)\steam\steamapps\common\sourcesdk_content\hl2mp\mapsrc\test.prt
  47 portalclusters
 128 numportals
0...1...2...3...4...5...6...7...8...9...100...1...2...3...4...5...6...7...8...9...10Optimized: 0 visible clusters (0.00%)
Total clusters visible: 1907
Average clusters visible: 40
Building PAS...
Average clusters audible: 47
visdatasize:954  compressed from 752
writing c:\program files (x86)\steam\steamapps\common\sourcesdk_content\hl2mp\mapsrc\test.bsp
0 seconds elapsed



[Reading texlights from 'lights.rad']
[45 texlights parsed from 'lights.rad']

[Reading texlights from 'lights_models.rad']
[0 texlights parsed from 'lights_models.rad']

Loading c:\program files (x86)\steam\steamapps\common\sourcesdk_content\hl2mp\mapsrc\test.bsp
Loaded alpha texture materials\Models\props_c17\fence_alpha.vtf
881 faces
37002 square feet [5328302.00 square inches]
0 Displacements
0 Square Feet [0.00 Square Inches]
881 patches before subdivision
51975 patches after subdivision
6 direct lights
0...1...2...3...4...5...6...7...8...9...100...1...2...3...4...5...6...7...8...9...10transfers 5549950, max 606
transfer lists:  42.3 megs
0...1...2...3...4...5...6...7...8...9...10	Bounce #1 added RGB(91668, 86786, 68161)
0...1...2...3...4...5...6...7...8...9...10	Bounce #2 added RGB(65566, 57327, 38452)
0...1...2...3...4...5...6...7...8...9...10	Bounce #3 added RGB(12820, 10799, 6741)
0...1...2...3...4...5...6...7...8...9...10	Bounce #4 added RGB(3877, 3056, 1739)
0...1...2...3...4...5...6...7...8...9...10	Bounce #5 added RGB(976, 732, 383)
0...1...2...3...4...5...6...7...8...9...10	Bounce #6 added RGB(269, 189, 91)
0...1...2...3...4...5...6...7...8...9...10	Bounce #7 added RGB(71, 47, 21)
0...1...2...3...4...5...6...7...8...9...10	Bounce #8 added RGB(19, 12, 5)
0...1...2...3...4...5...6...7...8...9...10	Bounce #9 added RGB(5, 3, 1)
0...1...2...3...4...5...6...7...8...9...10	Bounce #10 added RGB(1, 1, 0)
0...1...2...3...4...5...6...7...8...9...10	Bounce #11 added RGB(0, 0, 0)
Build Patch/Sample Hash Table(s).....Done<0.0136 sec>
0...1...2...3...4...5...6...7...8...9...10FinalLightFace Done
0 of 0 (0% of) surface lights went in leaf ambient cubes.
0...1...2...3...4...5...6...7...8...9...10Writing leaf ambient...done
Computing static prop lighting : 00...1...2...3...4...5...6...7...8...9...10
Ready to Finish

Object names       Objects/Maxobjs  Memory / Maxmem  Fullness 
------------       ---------------  ---------------  -------- 
models                  35/1024         1680/49152    ( 3.4%) 
brushes                 87/8192         1044/98304    ( 1.1%) 
brushsides             614/65536        4912/524288   ( 0.9%) 
planes                 750/65536       15000/1310720  ( 1.1%) 
vertexes              1217/65536       14604/786432   ( 1.9%) 
nodes                  432/65536       13824/2097152  ( 0.7%) 
texinfos               133/12288        9576/884736   ( 1.1%) 
texdata                 20/2048          640/65536    ( 1.0%) 
dispinfos                0/0               0/0        ( 0.0%) 
disp_verts               0/0               0/0        ( 0.0%) 
disp_tris                0/0               0/0        ( 0.0%) 
disp_lmsamples           0/0               0/0        ( 0.0%) 
faces                  881/65536       49336/3670016  ( 1.3%) 
hdr faces                0/65536           0/3670016  ( 0.0%) 
origfaces              381/65536       21336/3670016  ( 0.6%) 
leaves                 468/65536       14976/2097152  ( 0.7%) 
leaffaces             1123/65536        2246/131072   ( 1.7%) 
leafbrushes            115/65536         230/131072   ( 0.2%) 
areas                    2/256            16/2048     ( 0.8%) 
surfedges             5563/512000      22252/2048000  ( 1.1%) 
edges                 2895/256000      11580/1024000  ( 1.1%) 
LDR worldlights          6/8192          528/720896   ( 0.1%) 
HDR worldlights          0/8192            0/720896   ( 0.0%) 
leafwaterdata            1/32768          12/393216   ( 0.0%) 
waterstrips             30/32768         300/327680   ( 0.1%) 
waterverts               0/65536           0/786432   ( 0.0%) 
waterindices           420/65536         840/131072   ( 0.6%) 
cubemapsamples           2/1024           32/16384    ( 0.2%) 
overlays                 0/512             0/180224   ( 0.0%) 
LDR lightdata         [variable]    10457800/0        ( 0.0%) 
HDR lightdata         [variable]           0/0        ( 0.0%) 
visdata               [variable]         954/16777216 ( 0.0%) 
entdata               [variable]       31630/393216   ( 8.0%) 
LDR ambient table      468/65536        1872/262144   ( 0.7%) 
HDR ambient table      468/65536        1872/262144   ( 0.7%) 
LDR leaf ambient       781/65536       21868/1835008  ( 1.2%) 
HDR leaf ambient       468/65536       13104/1835008  ( 0.7%) 
occluders                0/0               0/0        ( 0.0%) 
occluder polygons        0/0               0/0        ( 0.0%) 
occluder vert ind        0/0               0/0        ( 0.0%) 
detail props          [variable]           1/12       ( 8.3%) 
static props          [variable]           1/218      ( 0.5%) 
pakfile               [variable]      328227/0        ( 0.0%) 
physics               [variable]       44523/4194304  ( 1.1%) 
physics terrain       [variable]           2/1048576  ( 0.0%) 

Level flags = 1

Total triangle count: 2229
Writing c:\program files (x86)\steam\steamapps\common\sourcesdk_content\hl2mp\mapsrc\test.bsp
38 seconds elapsed



[Reading texlights from 'lights.rad']
[45 texlights parsed from 'lights.rad']

[Reading texlights from 'lights_models.rad']
[0 texlights parsed from 'lights_models.rad']

Loading c:\program files (x86)\steam\steamapps\common\sourcesdk_content\hl2mp\mapsrc\test.bsp
Loaded alpha texture materials\Models\props_c17\fence_alpha.vtf
881 faces
37002 square feet [5328302.00 square inches]
0 Displacements
0 Square Feet [0.00 Square Inches]
881 patches before subdivision
51975 patches after subdivision
6 direct lights
0...1...2...3...4...5...6...7...8...9...100...1...2...3...4...5...6...7...8...9...10transfers 5549950, max 606
transfer lists:  42.3 megs
0...1...2...3...4...5...6...7...8...9...10	Bounce #1 added RGB(91667, 86785, 68160)
0...1...2...3...4...5...6...7...8...9...10	Bounce #2 added RGB(65566, 57327, 38452)
0...1...2...3...4...5...6...7...8...9...10	Bounce #3 added RGB(12820, 10799, 6741)
0...1...2...3...4...5...6...7...8...9...10	Bounce #4 added RGB(3877, 3056, 1739)
0...1...2...3...4...5...6...7...8...9...10	Bounce #5 added RGB(976, 732, 383)
0...1...2...3...4...5...6...7...8...9...10	Bounce #6 added RGB(269, 189, 91)
0...1...2...3...4...5...6...7...8...9...10	Bounce #7 added RGB(71, 47, 21)
0...1...2...3...4...5...6...7...8...9...10	Bounce #8 added RGB(19, 12, 5)
0...1...2...3...4...5...6...7...8...9...10	Bounce #9 added RGB(5, 3, 1)
0...1...2...3...4...5...6...7...8...9...10	Bounce #10 added RGB(1, 1, 0)
0...1...2...3...4...5...6...7...8...9...10	Bounce #11 added RGB(0, 0, 0)
Build Patch/Sample Hash Table(s).....Done<0.0134 sec>
0...1...2...3...4...5...6...7...8...9...10FinalLightFace Done
0 of 0 (0% of) surface lights went in leaf ambient cubes.
0...1...2...3...4...5...6...7...8...9...10Writing leaf ambient...done
Computing static prop lighting : 00...1...2...3...4...5...6...7...8...9...10
Ready to Finish

Object names       Objects/Maxobjs  Memory / Maxmem  Fullness 
------------       ---------------  ---------------  -------- 
models                  35/1024         1680/49152    ( 3.4%) 
brushes                 87/8192         1044/98304    ( 1.1%) 
brushsides             614/65536        4912/524288   ( 0.9%) 
planes                 750/65536       15000/1310720  ( 1.1%) 
vertexes              1217/65536       14604/786432   ( 1.9%) 
nodes                  432/65536       13824/2097152  ( 0.7%) 
texinfos               133/12288        9576/884736   ( 1.1%) 
texdata                 20/2048          640/65536    ( 1.0%) 
dispinfos                0/0               0/0        ( 0.0%) 
disp_verts               0/0               0/0        ( 0.0%) 
disp_tris                0/0               0/0        ( 0.0%) 
disp_lmsamples           0/0               0/0        ( 0.0%) 
faces                  881/65536       49336/3670016  ( 1.3%) 
hdr faces              881/65536       49336/3670016  ( 1.3%) 
origfaces              381/65536       21336/3670016  ( 0.6%) 
leaves                 468/65536       14976/2097152  ( 0.7%) 
leaffaces             1123/65536        2246/131072   ( 1.7%) 
leafbrushes            115/65536         230/131072   ( 0.2%) 
areas                    2/256            16/2048     ( 0.8%) 
surfedges             5563/512000      22252/2048000  ( 1.1%) 
edges                 2895/256000      11580/1024000  ( 1.1%) 
LDR worldlights          6/8192          528/720896   ( 0.1%) 
HDR worldlights          6/8192          528/720896   ( 0.1%) 
leafwaterdata            1/32768          12/393216   ( 0.0%) 
waterstrips             30/32768         300/327680   ( 0.1%) 
waterverts               0/65536           0/786432   ( 0.0%) 
waterindices           420/65536         840/131072   ( 0.6%) 
cubemapsamples           2/1024           32/16384    ( 0.2%) 
overlays                 0/512             0/180224   ( 0.0%) 
LDR lightdata         [variable]    10457800/0        ( 0.0%) 
HDR lightdata         [variable]    10457800/0        ( 0.0%) 
visdata               [variable]         954/16777216 ( 0.0%) 
entdata               [variable]       31630/393216   ( 8.0%) 
LDR ambient table      468/65536        1872/262144   ( 0.7%) 
HDR ambient table      468/65536        1872/262144   ( 0.7%) 
LDR leaf ambient       781/65536       21868/1835008  ( 1.2%) 
HDR leaf ambient       781/65536       21868/1835008  ( 1.2%) 
occluders                0/0               0/0        ( 0.0%) 
occluder polygons        0/0               0/0        ( 0.0%) 
occluder vert ind        0/0               0/0        ( 0.0%) 
detail props          [variable]           1/12       ( 8.3%) 
static props          [variable]           1/218      ( 0.5%) 
pakfile               [variable]      335495/0        ( 0.0%) 
physics               [variable]       44523/4194304  ( 1.1%) 
physics terrain       [variable]           2/1048576  ( 0.0%) 

Level flags = 3

Total triangle count: 2229
Writing c:\program files (x86)\steam\steamapps\common\sourcesdk_content\hl2mp\mapsrc\test.bsp
38 seconds elapsed



materialPath: C:\Program Files (x86)\Steam\steamapps\common\Half-Life 2 Deathmatch\hl2mp\materials
Loading c:\program files (x86)\steam\steamapps\common\sourcesdk_content\hl2mp\mapsrc\test.vmf
ConVarRef mat_reduceparticles doesn't point to an existing ConVar
Could not locate 'GameData' key in c:\program files (x86)\steam\steamapps\common\half-life 2 deathmatch\hl2mp\gameinfo.txt
Patching WVT material: maps/test/dev/dev_blendmeasure_wvt_patch
fixing up env_cubemap materials on brush sides...
0...1...2...3...4...5...6...7...8...9...100...1...2...3...4...5...6...7...8...9...10Processing areas...done (0)
Building Faces...done (0)
FixTjuncs...
PruneNodes...
WriteBSP...
done (0)
writing c:\program files (x86)\steam\steamapps\common\sourcesdk_content\hl2mp\mapsrc\test.prt...Building visibility clusters...
done (0)
Creating default LDR cubemaps for env_cubemap using skybox materials:
   skybox/sky_day01_01*.vmt
 ! Run buildcubemaps in the engine to get the correct cube maps.
Creating default HDR cubemaps for env_cubemap using skybox materials:
   skybox/sky_day01_01*.vmt
 ! Run buildcubemaps in the engine to get the correct cube maps.
Finding displacement neighbors...
Finding lightmap sample positions...
Displacement Alpha : 0...1...2...3...4...5...6...7...8...9...10
Building Physics collision data...
done (0) (44523 bytes)
Placing detail props : 0...1...2...3...4...5...6...7...8...9...10
Compacting texture/material tables...
Reduced 273 texinfos to 133
Reduced 28 texdatas to 20 (905 bytes to 662)
Writing c:\program files (x86)\steam\steamapps\common\sourcesdk_content\hl2mp\mapsrc\test.bsp
Wrote ZIP buffer, estimated size 321783, actual size 319827
0 seconds elapsed



12 threads
reading c:\program files (x86)\steam\steamapps\common\sourcesdk_content\hl2mp\mapsrc\test.bsp
reading c:\program files (x86)\steam\steamapps\common\sourcesdk_content\hl2mp\mapsrc\test.prt
  47 portalclusters
 128 numportals
0...1...2...3...4...5...6...7...8...9...100...1...2...3...4...5...6...7...8...9...10Optimized: 0 visible clusters (0.00%)
Total clusters visible: 1907
Average clusters visible: 40
Building PAS...
Average clusters audible: 47
visdatasize:954  compressed from 752
writing c:\program files (x86)\steam\steamapps\common\sourcesdk_content\hl2mp\mapsrc\test.bsp
0 seconds elapsed



[Reading texlights from 'lights.rad']
[45 texlights parsed from 'lights.rad']

[Reading texlights from 'lights_models.rad']
[0 texlights parsed from 'lights_models.rad']

Loading c:\program files (x86)\steam\steamapps\common\sourcesdk_content\hl2mp\mapsrc\test.bsp
Loaded alpha texture materials\Models\props_c17\fence_alpha.vtf
881 faces
37002 square feet [5328302.00 square inches]
0 Displacements
0 Square Feet [0.00 Square Inches]
881 patches before subdivision
51975 patches after subdivision
6 direct lights
0...1...2...3...4...5...6...7...8...9...100...1...2...3...4...5...6...7...8...9...10transfers 5549950, max 606
transfer lists:  42.3 megs
0...1...2...3...4...5...6...7...8...9...10	Bounce #1 added RGB(91668, 86787, 68161)
0...1...2...3...4...5...6...7...8...9...10	Bounce #2 added RGB(65567, 57328, 38452)
0...1...2...3...4...5...6...7...8...9...10	Bounce #3 added RGB(12820, 10799, 6741)
0...1...2...3...4...5...6...7...8...9...10	Bounce #4 added RGB(3877, 3056, 1739)
0...1...2...3...4...5...6...7...8...9...10	Bounce #5 added RGB(976, 732, 383)
0...1...2...3...4...5...6...7...8...9...10	Bounce #6 added RGB(269, 189, 91)
0...1...2...3...4...5...6...7...8...9...10	Bounce #7 added RGB(71, 47, 21)
0...1...2...3...4...5...6...7...8...9...10	Bounce #8 added RGB(19, 12, 5)
0...1...2...3...4...5...6...7...8...9...10	Bounce #9 added RGB(5, 3, 1)
0...1...2...3...4...5...6...7...8...9...10	Bounce #10 added RGB(1, 1, 0)
0...1...2...3...4...5...6...7...8...9...10	Bounce #11 added RGB(0, 0, 0)
Build Patch/Sample Hash Table(s).....Done<0.0136 sec>
0...1...2...3...4...5...6...7...8...9...10FinalLightFace Done
0 of 0 (0% of) surface lights went in leaf ambient cubes.
0...1...2...3...4...5...6...7...8...9...10Writing leaf ambient...done
Computing static prop lighting : 00...1...2...3...4...5...6...7...8...9...10
Ready to Finish

Object names       Objects/Maxobjs  Memory / Maxmem  Fullness 
------------       ---------------  ---------------  -------- 
models                  35/1024         1680/49152    ( 3.4%) 
brushes                 87/8192         1044/98304    ( 1.1%) 
brushsides             614/65536        4912/524288   ( 0.9%) 
planes                 750/65536       15000/1310720  ( 1.1%) 
vertexes              1217/65536       14604/786432   ( 1.9%) 
nodes                  432/65536       13824/2097152  ( 0.7%) 
texinfos               133/12288        9576/884736   ( 1.1%) 
texdata                 20/2048          640/65536    ( 1.0%) 
dispinfos                0/0               0/0        ( 0.0%) 
disp_verts               0/0               0/0        ( 0.0%) 
disp_tris                0/0               0/0        ( 0.0%) 
disp_lmsamples           0/0               0/0        ( 0.0%) 
faces                  881/65536       49336/3670016  ( 1.3%) 
hdr faces                0/65536           0/3670016  ( 0.0%) 
origfaces              381/65536       21336/3670016  ( 0.6%) 
leaves                 468/65536       14976/2097152  ( 0.7%) 
leaffaces             1123/65536        2246/131072   ( 1.7%) 
leafbrushes            115/65536         230/131072   ( 0.2%) 
areas                    2/256            16/2048     ( 0.8%) 
surfedges             5563/512000      22252/2048000  ( 1.1%) 
edges                 2895/256000      11580/1024000  ( 1.1%) 
LDR worldlights          6/8192          528/720896   ( 0.1%) 
HDR worldlights          0/8192            0/720896   ( 0.0%) 
leafwaterdata            1/32768          12/393216   ( 0.0%) 
waterstrips             30/32768         300/327680   ( 0.1%) 
waterverts               0/65536           0/786432   ( 0.0%) 
waterindices           420/65536         840/131072   ( 0.6%) 
cubemapsamples           2/1024           32/16384    ( 0.2%) 
overlays                 0/512             0/180224   ( 0.0%) 
LDR lightdata         [variable]    10458168/0        ( 0.0%) 
HDR lightdata         [variable]           0/0        ( 0.0%) 
visdata               [variable]         954/16777216 ( 0.0%) 
entdata               [variable]       31629/393216   ( 8.0%) 
LDR ambient table      468/65536        1872/262144   ( 0.7%) 
HDR ambient table      468/65536        1872/262144   ( 0.7%) 
LDR leaf ambient       781/65536       21868/1835008  ( 1.2%) 
HDR leaf ambient       468/65536       13104/1835008  ( 0.7%) 
occluders                0/0               0/0        ( 0.0%) 
occluder polygons        0/0               0/0        ( 0.0%) 
occluder vert ind        0/0               0/0        ( 0.0%) 
detail props          [variable]           1/12       ( 8.3%) 
static props          [variable]           1/218      ( 0.5%) 
pakfile               [variable]      328227/0        ( 0.0%) 
physics               [variable]       44523/4194304  ( 1.1%) 
physics terrain       [variable]           2/1048576  ( 0.0%) 

Level flags = 1

Total triangle count: 2229
Writing c:\program files (x86)\steam\steamapps\common\sourcesdk_content\hl2mp\mapsrc\test.bsp
38 seconds elapsed



[Reading texlights from 'lights.rad']
[45 texlights parsed from 'lights.rad']

[Reading texlights from 'lights_models.rad']
[0 texlights parsed from 'lights_models.rad']

Loading c:\program files (x86)\steam\steamapps\common\sourcesdk_content\hl2mp\mapsrc\test.bsp
Loaded alpha texture materials\Models\props_c17\fence_alpha.vtf
881 faces
37002 square feet [5328302.00 square inches]
0 Displacements
0 Square Feet [0.00 Square Inches]
881 patches before subdivision
51975 patches after subdivision
6 direct lights
0...1...2...3...4...5...6...7...8...9...100...1...2...3...4...5...6...7...8...9...10transfers 5549950, max 606
transfer lists:  42.3 megs
0...1...2...3...4...5...6...7...8...9...10	Bounce #1 added RGB(91667, 86786, 68160)
0...1...2...3...4...5...6...7...8...9...10	Bounce #2 added RGB(65566, 57327, 38452)
0...1...2...3...4...5...6...7...8...9...10	Bounce #3 added RGB(12820, 10799, 6741)
0...1...2...3...4...5...6...7...8...9...10	Bounce #4 added RGB(3877, 3056, 1739)
0...1...2...3...4...5...6...7...8...9...10	Bounce #5 added RGB(976, 732, 383)
0...1...2...3...4...5...6...7...8...9...10	Bounce #6 added RGB(269, 189, 91)
0...1...2...3...4...5...6...7...8...9...10	Bounce #7 added RGB(71, 47, 21)
0...1...2...3...4...5...6...7...8...9...10	Bounce #8 added RGB(19, 12, 5)
0...1...2...3...4...5...6...7...8...9...10	Bounce #9 added RGB(5, 3, 1)
0...1...2...3...4...5...6...7...8...9...10	Bounce #10 added RGB(1, 1, 0)
0...1...2...3...4...5...6...7...8...9...10	Bounce #11 added RGB(0, 0, 0)
Build Patch/Sample Hash Table(s).....Done<0.0133 sec>
0...1...2...3...4...5...6...7...8...9...10FinalLightFace Done
0 of 0 (0% of) surface lights went in leaf ambient cubes.
0...1...2...3...4...5...6...7...8...9...10Writing leaf ambient...done
Computing static prop lighting : 00...1...2...3...4...5...6...7...8...9...10
Ready to Finish

Object names       Objects/Maxobjs  Memory / Maxmem  Fullness 
------------       ---------------  ---------------  -------- 
models                  35/1024         1680/49152    ( 3.4%) 
brushes                 87/8192         1044/98304    ( 1.1%) 
brushsides             614/65536        4912/524288   ( 0.9%) 
planes                 750/65536       15000/1310720  ( 1.1%) 
vertexes              1217/65536       14604/786432   ( 1.9%) 
nodes                  432/65536       13824/2097152  ( 0.7%) 
texinfos               133/12288        9576/884736   ( 1.1%) 
texdata                 20/2048          640/65536    ( 1.0%) 
dispinfos                0/0               0/0        ( 0.0%) 
disp_verts               0/0               0/0        ( 0.0%) 
disp_tris                0/0               0/0        ( 0.0%) 
disp_lmsamples           0/0               0/0        ( 0.0%) 
faces                  881/65536       49336/3670016  ( 1.3%) 
hdr faces              881/65536       49336/3670016  ( 1.3%) 
origfaces              381/65536       21336/3670016  ( 0.6%) 
leaves                 468/65536       14976/2097152  ( 0.7%) 
leaffaces             1123/65536        2246/131072   ( 1.7%) 
leafbrushes            115/65536         230/131072   ( 0.2%) 
areas                    2/256            16/2048     ( 0.8%) 
surfedges             5563/512000      22252/2048000  ( 1.1%) 
edges                 2895/256000      11580/1024000  ( 1.1%) 
LDR worldlights          6/8192          528/720896   ( 0.1%) 
HDR worldlights          6/8192          528/720896   ( 0.1%) 
leafwaterdata            1/32768          12/393216   ( 0.0%) 
waterstrips             30/32768         300/327680   ( 0.1%) 
waterverts               0/65536           0/786432   ( 0.0%) 
waterindices           420/65536         840/131072   ( 0.6%) 
cubemapsamples           2/1024           32/16384    ( 0.2%) 
overlays                 0/512             0/180224   ( 0.0%) 
LDR lightdata         [variable]    10458168/0        ( 0.0%) 
HDR lightdata         [variable]    10458168/0        ( 0.0%) 
visdata               [variable]         954/16777216 ( 0.0%) 
entdata               [variable]       31629/393216   ( 8.0%) 
LDR ambient table      468/65536        1872/262144   ( 0.7%) 
HDR ambient table      468/65536        1872/262144   ( 0.7%) 
LDR leaf ambient       781/65536       21868/1835008  ( 1.2%) 
HDR leaf ambient       781/65536       21868/1835008  ( 1.2%) 
occluders                0/0               0/0        ( 0.0%) 
occluder polygons        0/0               0/0        ( 0.0%) 
occluder vert ind        0/0               0/0        ( 0.0%) 
detail props          [variable]           1/12       ( 8.3%) 
static props          [variable]           1/218      ( 0.5%) 
pakfile               [variable]      335495/0        ( 0.0%) 
physics               [variable]       44523/4194304  ( 1.1%) 
physics terrain       [variable]           2/1048576  ( 0.0%) 

Level flags = 3

Total triangle count: 2229
Writing c:\program files (x86)\steam\steamapps\common\sourcesdk_content\hl2mp\mapsrc\test.bsp
37 seconds elapsed



materialPath: C:\Program Files (x86)\Steam\steamapps\common\Half-Life 2 Deathmatch\hl2mp\materials
Loading c:\program files (x86)\steam\steamapps\common\sourcesdk_content\hl2mp\mapsrc\test.vmf
ConVarRef mat_reduceparticles doesn't point to an existing ConVar
Could not locate 'GameData' key in c:\program files (x86)\steam\steamapps\common\half-life 2 deathmatch\hl2mp\gameinfo.txt
Patching WVT material: maps/test/dev/dev_blendmeasure_wvt_patch
fixing up env_cubemap materials on brush sides...
0...1...2...3...4...5...6...7...8...9...100...1...2...3...4...5...6...7...8...9...10Processing areas...done (0)
Building Faces...done (0)
FixTjuncs...
PruneNodes...
WriteBSP...
done (0)
writing c:\program files (x86)\steam\steamapps\common\sourcesdk_content\hl2mp\mapsrc\test.prt...Building visibility clusters...
done (0)
Creating default LDR cubemaps for env_cubemap using skybox materials:
   skybox/sky_day01_01*.vmt
 ! Run buildcubemaps in the engine to get the correct cube maps.
Creating default HDR cubemaps for env_cubemap using skybox materials:
   skybox/sky_day01_01*.vmt
 ! Run buildcubemaps in the engine to get the correct cube maps.
Finding displacement neighbors...
Finding lightmap sample positions...
Displacement Alpha : 0...1...2...3...4...5...6...7...8...9...10
Building Physics collision data...
done (0) (44523 bytes)
Placing detail props : 0...1...2...3...4...5...6...7...8...9...10
Compacting texture/material tables...
Reduced 273 texinfos to 133
Reduced 28 texdatas to 20 (905 bytes to 662)
Writing c:\program files (x86)\steam\steamapps\common\sourcesdk_content\hl2mp\mapsrc\test.bsp
Wrote ZIP buffer, estimated size 321783, actual size 319827
0 seconds elapsed



12 threads
reading c:\program files (x86)\steam\steamapps\common\sourcesdk_content\hl2mp\mapsrc\test.bsp
reading c:\program files (x86)\steam\steamapps\common\sourcesdk_content\hl2mp\mapsrc\test.prt
  47 portalclusters
 128 numportals
0...1...2...3...4...5...6...7...8...9...100...1...2...3...4...5...6...7...8...9...10Optimized: 0 visible clusters (0.00%)
Total clusters visible: 1907
Average clusters visible: 40
Building PAS...
Average clusters audible: 47
visdatasize:954  compressed from 752
writing c:\program files (x86)\steam\steamapps\common\sourcesdk_content\hl2mp\mapsrc\test.bsp
0 seconds elapsed



[Reading texlights from 'lights.rad']
[45 texlights parsed from 'lights.rad']

[Reading texlights from 'lights_models.rad']
[0 texlights parsed from 'lights_models.rad']

Loading c:\program files (x86)\steam\steamapps\common\sourcesdk_content\hl2mp\mapsrc\test.bsp
Loaded alpha texture materials\Models\props_c17\fence_alpha.vtf
881 faces
37002 square feet [5328302.00 square inches]
0 Displacements
0 Square Feet [0.00 Square Inches]
881 patches before subdivision
51975 patches after subdivision
6 direct lights
0...1...2...3...4...5...6...7...8...9...100...1...2...3...4...5...6...7...8...9...10transfers 5549950, max 606
transfer lists:  42.3 megs
0...1...2...3...4...5...6...7...8...9...10	Bounce #1 added RGB(91668, 86787, 68161)
0...1...2...3...4...5...6...7...8...9...10	Bounce #2 added RGB(65566, 57328, 38452)
0...1...2...3...4...5...6...7...8...9...10	Bounce #3 added RGB(12820, 10799, 6741)
0...1...2...3...4...5...6...7...8...9...10	Bounce #4 added RGB(3877, 3056, 1739)
0...1...2...3...4...5...6...7...8...9...10	Bounce #5 added RGB(976, 732, 383)
0...1...2...3...4...5...6...7...8...9...10	Bounce #6 added RGB(269, 189, 91)
0...1...2...3...4...5...6...7...8...9...10	Bounce #7 added RGB(71, 47, 21)
0...1...2...3...4...5...6...7...8...9...10	Bounce #8 added RGB(19, 12, 5)
0...1...2...3...4...5...6...7...8...9...10	Bounce #9 added RGB(5, 3, 1)
0...1...2...3...4...5...6...7...8...9...10	Bounce #10 added RGB(1, 1, 0)
0...1...2...3...4...5...6...7...8...9...10	Bounce #11 added RGB(0, 0, 0)
Build Patch/Sample Hash Table(s).....Done<0.0134 sec>
0...1...2...3...4...5...6...7...8...9...10FinalLightFace Done
0 of 0 (0% of) surface lights went in leaf ambient cubes.
0...1...2...3...4...5...6...7...8...9...10Writing leaf ambient...done
Computing static prop lighting : 00...1...2...3...4...5...6...7...8...9...10
Ready to Finish

Object names       Objects/Maxobjs  Memory / Maxmem  Fullness 
------------       ---------------  ---------------  -------- 
models                  35/1024         1680/49152    ( 3.4%) 
brushes                 87/8192         1044/98304    ( 1.1%) 
brushsides             614/65536        4912/524288   ( 0.9%) 
planes                 750/65536       15000/1310720  ( 1.1%) 
vertexes              1217/65536       14604/786432   ( 1.9%) 
nodes                  432/65536       13824/2097152  ( 0.7%) 
texinfos               133/12288        9576/884736   ( 1.1%) 
texdata                 20/2048          640/65536    ( 1.0%) 
dispinfos                0/0               0/0        ( 0.0%) 
disp_verts               0/0               0/0        ( 0.0%) 
disp_tris                0/0               0/0        ( 0.0%) 
disp_lmsamples           0/0               0/0        ( 0.0%) 
faces                  881/65536       49336/3670016  ( 1.3%) 
hdr faces              881/65536       49336/3670016  ( 1.3%) 
origfaces              381/65536       21336/3670016  ( 0.6%) 
leaves                 468/65536       14976/2097152  ( 0.7%) 
leaffaces             1123/65536        2246/131072   ( 1.7%) 
leafbrushes            115/65536         230/131072   ( 0.2%) 
areas                    2/256            16/2048     ( 0.8%) 
surfedges             5563/512000      22252/2048000  ( 1.1%) 
edges                 2895/256000      11580/1024000  ( 1.1%) 
LDR worldlights          0/8192            0/720896   ( 0.0%) 
HDR worldlights          6/8192          528/720896   ( 0.1%) 
leafwaterdata            1/32768          12/393216   ( 0.0%) 
waterstrips             30/32768         300/327680   ( 0.1%) 
waterverts               0/65536           0/786432   ( 0.0%) 
waterindices           420/65536         840/131072   ( 0.6%) 
cubemapsamples           2/1024           32/16384    ( 0.2%) 
overlays                 0/512             0/180224   ( 0.0%) 
LDR lightdata         [variable]           0/0        ( 0.0%) 
HDR lightdata         [variable]    10458168/0        ( 0.0%) 
visdata               [variable]         954/16777216 ( 0.0%) 
entdata               [variable]       31629/393216   ( 8.0%) 
LDR ambient table      468/65536        1872/262144   ( 0.7%) 
HDR ambient table      468/65536        1872/262144   ( 0.7%) 
LDR leaf ambient       468/65536       13104/1835008  ( 0.7%) 
HDR leaf ambient       781/65536       21868/1835008  ( 1.2%) 
occluders                0/0               0/0        ( 0.0%) 
occluder polygons        0/0               0/0        ( 0.0%) 
occluder vert ind        0/0               0/0        ( 0.0%) 
detail props          [variable]           1/12       ( 8.3%) 
static props          [variable]           1/218      ( 0.5%) 
pakfile               [variable]      328235/0        ( 0.0%) 
physics               [variable]       44523/4194304  ( 1.1%) 
physics terrain       [variable]           2/1048576  ( 0.0%) 

Level flags = 2

Total triangle count: 2229
Writing c:\program files (x86)\steam\steamapps\common\sourcesdk_content\hl2mp\mapsrc\test.bsp
38 seconds elapsed



materialPath: C:\Program Files (x86)\Steam\steamapps\common\Half-Life 2 Deathmatch\hl2mp\materials
Loading c:\program files (x86)\steam\steamapps\common\sourcesdk_content\hl2mp\mapsrc\test.vmf
ConVarRef mat_reduceparticles doesn't point to an existing ConVar
Could not locate 'GameData' key in c:\program files (x86)\steam\steamapps\common\half-life 2 deathmatch\hl2mp\gameinfo.txt
Patching WVT material: maps/test/dev/dev_blendmeasure_wvt_patch
fixing up env_cubemap materials on brush sides...
0...1...2...3...4...5...6...7...8...9...100...1...2...3...4...5...6...7...8...9...10Processing areas...done (0)
Building Faces...done (0)
FixTjuncs...
PruneNodes...
WriteBSP...
done (0)
writing c:\program files (x86)\steam\steamapps\common\sourcesdk_content\hl2mp\mapsrc\test.prt...Building visibility clusters...
done (0)
Creating default LDR cubemaps for env_cubemap using skybox materials:
   skybox/sky_day01_01*.vmt
 ! Run buildcubemaps in the engine to get the correct cube maps.
Creating default HDR cubemaps for env_cubemap using skybox materials:
   skybox/sky_day01_01*.vmt
 ! Run buildcubemaps in the engine to get the correct cube maps.
Finding displacement neighbors...
Finding lightmap sample positions...
Displacement Alpha : 0...1...2...3...4...5...6...7...8...9...10
Building Physics collision data...
done (0) (44523 bytes)
Placing detail props : 0...1...2...3...4...5...6...7...8...9...10
Compacting texture/material tables...
Reduced 273 texinfos to 133
Reduced 28 texdatas to 20 (905 bytes to 662)
Writing c:\program files (x86)\steam\steamapps\common\sourcesdk_content\hl2mp\mapsrc\test.bsp
Wrote ZIP buffer, estimated size 321783, actual size 319827
0 seconds elapsed



12 threads
reading c:\program files (x86)\steam\steamapps\common\sourcesdk_content\hl2mp\mapsrc\test.bsp
reading c:\program files (x86)\steam\steamapps\common\sourcesdk_content\hl2mp\mapsrc\test.prt
  47 portalclusters
 128 numportals
0...1...2...3...4...5...6...7...8...9...100...1...2...3...4...5...6...7...8...9...10Optimized: 0 visible clusters (0.00%)
Total clusters visible: 1907
Average clusters visible: 40
Building PAS...
Average clusters audible: 47
visdatasize:954  compressed from 752
writing c:\program files (x86)\steam\steamapps\common\sourcesdk_content\hl2mp\mapsrc\test.bsp
0 seconds elapsed



[Reading texlights from 'lights.rad']
[45 texlights parsed from 'lights.rad']

[Reading texlights from 'lights_models.rad']
[0 texlights parsed from 'lights_models.rad']

Loading c:\program files (x86)\steam\steamapps\common\sourcesdk_content\hl2mp\mapsrc\test.bsp
Loaded alpha texture materials\Models\props_c17\fence_alpha.vtf
881 faces
37002 square feet [5328302.00 square inches]
0 Displacements
0 Square Feet [0.00 Square Inches]
881 patches before subdivision
51975 patches after subdivision
6 direct lights
0...1...2...3...4...5...6...7...8...9...100...1...2...3...4...5...6...7...8...9...10transfers 5549950, max 606
transfer lists:  42.3 megs
0...1...2...3...4...5...6...7...8...9...10	Bounce #1 added RGB(91667, 86785, 68160)
0...1...2...3...4...5...6...7...8...9...10	Bounce #2 added RGB(65566, 57327, 38452)
0...1...2...3...4...5...6...7...8...9...10	Bounce #3 added RGB(12820, 10799, 6741)
0...1...2...3...4...5...6...7...8...9...10	Bounce #4 added RGB(3877, 3056, 1739)
0...1...2...3...4...5...6...7...8...9...10	Bounce #5 added RGB(976, 732, 383)
0...1...2...3...4...5...6...7...8...9...10	Bounce #6 added RGB(269, 189, 91)
0...1...2...3...4...5...6...7...8...9...10	Bounce #7 added RGB(71, 47, 21)
0...1...2...3...4...5...6...7...8...9...10	Bounce #8 added RGB(19, 12, 5)
0...1...2...3...4...5...6...7...8...9...10	Bounce #9 added RGB(5, 3, 1)
0...1...2...3...4...5...6...7...8...9...10	Bounce #10 added RGB(1, 1, 0)
0...1...2...3...4...5...6...7...8...9...10	Bounce #11 added RGB(0, 0, 0)
Build Patch/Sample Hash Table(s).....Done<0.0135 sec>
0...1...2...3...4...5...6...7...8...9...10FinalLightFace Done
0 of 0 (0% of) surface lights went in leaf ambient cubes.
0...1...2...3...4...5...6...7...8...9...10Writing leaf ambient...done
Computing static prop lighting : 00...1...2...3...4...5...6...7...8...9...10
Ready to Finish

Object names       Objects/Maxobjs  Memory / Maxmem  Fullness 
------------       ---------------  ---------------  -------- 
models                  35/1024         1680/49152    ( 3.4%) 
brushes                 87/8192         1044/98304    ( 1.1%) 
brushsides             614/65536        4912/524288   ( 0.9%) 
planes                 750/65536       15000/1310720  ( 1.1%) 
vertexes              1217/65536       14604/786432   ( 1.9%) 
nodes                  432/65536       13824/2097152  ( 0.7%) 
texinfos               133/12288        9576/884736   ( 1.1%) 
texdata                 20/2048          640/65536    ( 1.0%) 
dispinfos                0/0               0/0        ( 0.0%) 
disp_verts               0/0               0/0        ( 0.0%) 
disp_tris                0/0               0/0        ( 0.0%) 
disp_lmsamples           0/0               0/0        ( 0.0%) 
faces                  881/65536       49336/3670016  ( 1.3%) 
hdr faces              881/65536       49336/3670016  ( 1.3%) 
origfaces              381/65536       21336/3670016  ( 0.6%) 
leaves                 468/65536       14976/2097152  ( 0.7%) 
leaffaces             1123/65536        2246/131072   ( 1.7%) 
leafbrushes            115/65536         230/131072   ( 0.2%) 
areas                    2/256            16/2048     ( 0.8%) 
surfedges             5563/512000      22252/2048000  ( 1.1%) 
edges                 2895/256000      11580/1024000  ( 1.1%) 
LDR worldlights          0/8192            0/720896   ( 0.0%) 
HDR worldlights          6/8192          528/720896   ( 0.1%) 
leafwaterdata            1/32768          12/393216   ( 0.0%) 
waterstrips             30/32768         300/327680   ( 0.1%) 
waterverts               0/65536           0/786432   ( 0.0%) 
waterindices           420/65536         840/131072   ( 0.6%) 
cubemapsamples           2/1024           32/16384    ( 0.2%) 
overlays                 0/512             0/180224   ( 0.0%) 
LDR lightdata         [variable]           0/0        ( 0.0%) 
HDR lightdata         [variable]    10458084/0        ( 0.0%) 
visdata               [variable]         954/16777216 ( 0.0%) 
entdata               [variable]       31912/393216   ( 8.1%) 
LDR ambient table      468/65536        1872/262144   ( 0.7%) 
HDR ambient table      468/65536        1872/262144   ( 0.7%) 
LDR leaf ambient       468/65536       13104/1835008  ( 0.7%) 
HDR leaf ambient       781/65536       21868/1835008  ( 1.2%) 
occluders                0/0               0/0        ( 0.0%) 
occluder polygons        0/0               0/0        ( 0.0%) 
occluder vert ind        0/0               0/0        ( 0.0%) 
detail props          [variable]           1/12       ( 8.3%) 
static props          [variable]           1/218      ( 0.5%) 
pakfile               [variable]      327095/0        ( 0.0%) 
physics               [variable]       44523/4194304  ( 1.1%) 
physics terrain       [variable]           2/1048576  ( 0.0%) 

Level flags = 2

Total triangle count: 2229
Writing c:\program files (x86)\steam\steamapps\common\sourcesdk_content\hl2mp\mapsrc\test.bsp
38 seconds elapsed



materialPath: C:\Program Files (x86)\Steam\steamapps\common\Half-Life 2 Deathmatch\hl2mp\materials
Loading c:\program files (x86)\steam\steamapps\common\sourcesdk_content\hl2mp\mapsrc\test.vmf
ConVarRef mat_reduceparticles doesn't point to an existing ConVar
Could not locate 'GameData' key in c:\program files (x86)\steam\steamapps\common\half-life 2 deathmatch\hl2mp\gameinfo.txt
Patching WVT material: maps/test/dev/dev_blendmeasure_wvt_patch
fixing up env_cubemap materials on brush sides...
0...1...2...3...4...5...6...7...8...9...100...1...2...3...4...5...6...7...8...9...10Processing areas...done (0)
Building Faces...done (0)
FixTjuncs...
PruneNodes...
WriteBSP...
done (0)
writing c:\program files (x86)\steam\steamapps\common\sourcesdk_content\hl2mp\mapsrc\test.prt...Building visibility clusters...
done (0)
Creating default LDR cubemaps for env_cubemap using skybox materials:
   skybox/sky_day01_01*.vmt
 ! Run buildcubemaps in the engine to get the correct cube maps.
Creating default HDR cubemaps for env_cubemap using skybox materials:
   skybox/sky_day01_01*.vmt
 ! Run buildcubemaps in the engine to get the correct cube maps.
Finding displacement neighbors...
Finding lightmap sample positions...
Displacement Alpha : 0...1...2...3...4...5...6...7...8...9...10
Building Physics collision data...
done (0) (44523 bytes)
Placing detail props : 0...1...2...3...4...5...6...7...8...9...10
Compacting texture/material tables...
Reduced 273 texinfos to 133
Reduced 28 texdatas to 20 (905 bytes to 662)
Writing c:\program files (x86)\steam\steamapps\common\sourcesdk_content\hl2mp\mapsrc\test.bsp
Wrote ZIP buffer, estimated size 321783, actual size 319827
0 seconds elapsed



12 threads
reading c:\program files (x86)\steam\steamapps\common\sourcesdk_content\hl2mp\mapsrc\test.bsp
reading c:\program files (x86)\steam\steamapps\common\sourcesdk_content\hl2mp\mapsrc\test.prt
  47 portalclusters
 128 numportals
0...1...2...3...4...5...6...7...8...9...100...1...2...3...4...5...6...7...8...9...10Optimized: 0 visible clusters (0.00%)
Total clusters visible: 1907
Average clusters visible: 40
Building PAS...
Average clusters audible: 47
visdatasize:954  compressed from 752
writing c:\program files (x86)\steam\steamapps\common\sourcesdk_content\hl2mp\mapsrc\test.bsp
0 seconds elapsed



[Reading texlights from 'lights.rad']
[45 texlights parsed from 'lights.rad']

[Reading texlights from 'lights_models.rad']
[0 texlights parsed from 'lights_models.rad']

Loading c:\program files (x86)\steam\steamapps\common\sourcesdk_content\hl2mp\mapsrc\test.bsp
881 faces
37002 square feet [5328302.00 square inches]
0 Displacements
0 Square Feet [0.00 Square Inches]
881 patches before subdivision
51975 patches after subdivision
6 direct lights
0...1...2...3...4...5...6...7...8...9...100...1...2...3...4...5...6...7...8...9...10transfers 5654260, max 611
transfer lists:  43.1 megs
0...1...2...3...4...5...6...7...8...9...10	Bounce #1 added RGB(93051, 88135, 69253)
0...1...2...3...4...5...6...7...8...9...10	Bounce #2 added RGB(67376, 59015, 39604)
0...1...2...3...4...5...6...7...8...9...10	Bounce #3 added RGB(13177, 11118, 6944)
0...1...2...3...4...5...6...7...8...9...10	Bounce #4 added RGB(4000, 3161, 1800)
0...1...2...3...4...5...6...7...8...9...10	Bounce #5 added RGB(1010, 759, 397)
0...1...2...3...4...5...6...7...8...9...10	Bounce #6 added RGB(279, 197, 94)
0...1...2...3...4...5...6...7...8...9...10	Bounce #7 added RGB(74, 49, 22)
0...1...2...3...4...5...6...7...8...9...10	Bounce #8 added RGB(20, 13, 5)
0...1...2...3...4...5...6...7...8...9...10	Bounce #9 added RGB(5, 3, 1)
0...1...2...3...4...5...6...7...8...9...10	Bounce #10 added RGB(1, 1, 0)
0...1...2...3...4...5...6...7...8...9...10	Bounce #11 added RGB(0, 0, 0)
Build Patch/Sample Hash Table(s).....Done<0.0134 sec>
0...1...2...3...4...5...6...7...8...9...10FinalLightFace Done
0 of 0 (0% of) surface lights went in leaf ambient cubes.
0...1...2...3...4...5...6...7...8...9...10Writing leaf ambient...done
Ready to Finish

Object names       Objects/Maxobjs  Memory / Maxmem  Fullness 
------------       ---------------  ---------------  -------- 
models                  35/1024         1680/49152    ( 3.4%) 
brushes                 87/8192         1044/98304    ( 1.1%) 
brushsides             614/65536        4912/524288   ( 0.9%) 
planes                 750/65536       15000/1310720  ( 1.1%) 
vertexes              1217/65536       14604/786432   ( 1.9%) 
nodes                  432/65536       13824/2097152  ( 0.7%) 
texinfos               133/12288        9576/884736   ( 1.1%) 
texdata                 20/2048          640/65536    ( 1.0%) 
dispinfos                0/0               0/0        ( 0.0%) 
disp_verts               0/0               0/0        ( 0.0%) 
disp_tris                0/0               0/0        ( 0.0%) 
disp_lmsamples           0/0               0/0        ( 0.0%) 
faces                  881/65536       49336/3670016  ( 1.3%) 
hdr faces              881/65536       49336/3670016  ( 1.3%) 
origfaces              381/65536       21336/3670016  ( 0.6%) 
leaves                 468/65536       14976/2097152  ( 0.7%) 
leaffaces             1123/65536        2246/131072   ( 1.7%) 
leafbrushes            115/65536         230/131072   ( 0.2%) 
areas                    2/256            16/2048     ( 0.8%) 
surfedges             5563/512000      22252/2048000  ( 1.1%) 
edges                 2895/256000      11580/1024000  ( 1.1%) 
LDR worldlights          0/8192            0/720896   ( 0.0%) 
HDR worldlights          6/8192          528/720896   ( 0.1%) 
leafwaterdata            1/32768          12/393216   ( 0.0%) 
waterstrips             30/32768         300/327680   ( 0.1%) 
waterverts               0/65536           0/786432   ( 0.0%) 
waterindices           420/65536         840/131072   ( 0.6%) 
cubemapsamples           2/1024           32/16384    ( 0.2%) 
overlays                 0/512             0/180224   ( 0.0%) 
LDR lightdata         [variable]           0/0        ( 0.0%) 
HDR lightdata         [variable]    10458084/0        ( 0.0%) 
visdata               [variable]         954/16777216 ( 0.0%) 
entdata               [variable]       32456/393216   ( 8.3%) 
LDR ambient table      468/65536        1872/262144   ( 0.7%) 
HDR ambient table      468/65536        1872/262144   ( 0.7%) 
LDR leaf ambient       468/65536       13104/1835008  ( 0.7%) 
HDR leaf ambient       778/65536       21784/1835008  ( 1.2%) 
occluders                0/0               0/0        ( 0.0%) 
occluder polygons        0/0               0/0        ( 0.0%) 
occluder vert ind        0/0               0/0        ( 0.0%) 
detail props          [variable]           1/12       ( 8.3%) 
static props          [variable]           1/12       ( 8.3%) 
pakfile               [variable]      319827/0        ( 0.0%) 
physics               [variable]       44523/4194304  ( 1.1%) 
physics terrain       [variable]           2/1048576  ( 0.0%) 

Level flags = 2

Total triangle count: 2229
Writing c:\program files (x86)\steam\steamapps\common\sourcesdk_content\hl2mp\mapsrc\test.bsp
35 seconds elapsed



materialPath: C:\Program Files (x86)\Steam\steamapps\common\Half-Life 2 Deathmatch\hl2mp\materials
Loading c:\program files (x86)\steam\steamapps\common\sourcesdk_content\hl2mp\mapsrc\test.vmf
ConVarRef mat_reduceparticles doesn't point to an existing ConVar
Could not locate 'GameData' key in c:\program files (x86)\steam\steamapps\common\half-life 2 deathmatch\hl2mp\gameinfo.txt
Patching WVT material: maps/test/dev/dev_blendmeasure_wvt_patch
fixing up env_cubemap materials on brush sides...
0...1...2...3...4...5...6...7...8...9...100...1...2...3...4...5...6...7...8...9...10Processing areas...done (0)
Building Faces...done (0)
FixTjuncs...
PruneNodes...
WriteBSP...
done (0)
writing c:\program files (x86)\steam\steamapps\common\sourcesdk_content\hl2mp\mapsrc\test.prt...Building visibility clusters...
done (0)
Creating default LDR cubemaps for env_cubemap using skybox materials:
   skybox/sky_day01_01*.vmt
 ! Run buildcubemaps in the engine to get the correct cube maps.
Creating default HDR cubemaps for env_cubemap using skybox materials:
   skybox/sky_day01_01*.vmt
 ! Run buildcubemaps in the engine to get the correct cube maps.
Finding displacement neighbors...
Finding lightmap sample positions...
Displacement Alpha : 0...1...2...3...4...5...6...7...8...9...10
Building Physics collision data...
done (0) (44523 bytes)
Placing detail props : 0...1...2...3...4...5...6...7...8...9...10
Compacting texture/material tables...
Reduced 273 texinfos to 133
Reduced 28 texdatas to 20 (905 bytes to 662)
Writing c:\program files (x86)\steam\steamapps\common\sourcesdk_content\hl2mp\mapsrc\test.bsp
Wrote ZIP buffer, estimated size 321783, actual size 319827
0 seconds elapsed



12 threads
reading c:\program files (x86)\steam\steamapps\common\sourcesdk_content\hl2mp\mapsrc\test.bsp
reading c:\program files (x86)\steam\steamapps\common\sourcesdk_content\hl2mp\mapsrc\test.prt
  47 portalclusters
 128 numportals
0...1...2...3...4...5...6...7...8...9...100...1...2...3...4...5...6...7...8...9...10Optimized: 0 visible clusters (0.00%)
Total clusters visible: 1907
Average clusters visible: 40
Building PAS...
Average clusters audible: 47
visdatasize:954  compressed from 752
writing c:\program files (x86)\steam\steamapps\common\sourcesdk_content\hl2mp\mapsrc\test.bsp
0 seconds elapsed



[Reading texlights from 'lights.rad']
[45 texlights parsed from 'lights.rad']

[Reading texlights from 'lights_models.rad']
[0 texlights parsed from 'lights_models.rad']

Loading c:\program files (x86)\steam\steamapps\common\sourcesdk_content\hl2mp\mapsrc\test.bsp
Loaded alpha texture materials\Models\props_c17\fence_alpha.vtf
881 faces
37002 square feet [5328302.00 square inches]
0 Displacements
0 Square Feet [0.00 Square Inches]
881 patches before subdivision
51975 patches after subdivision
6 direct lights
0...1...2...3...4...5...6...7...8...9...100...1...2...3...4...5...6...7...8...9...10transfers 5574991, max 606
transfer lists:  42.5 megs
0...1...2...3...4...5...6...7...8...9...10	Bounce #1 added RGB(11805, 10902, 309217)
0...1...2...3...4...5...6...7...8...9...10	Bounce #2 added RGB(11075, 9561, 88265)
0...1...2...3...4...5...6...7...8...9...10	Bounce #3 added RGB(2061, 1709, 18766)
0...1...2...3...4...5...6...7...8...9...10	Bounce #4 added RGB(637, 495, 4485)
0...1...2...3...4...5...6...7...8...9...10	Bounce #5 added RGB(159, 117, 1024)
0...1...2...3...4...5...6...7...8...9...10	Bounce #6 added RGB(44, 30, 239)
0...1...2...3...4...5...6...7...8...9...10	Bounce #7 added RGB(12, 8, 55)
0...1...2...3...4...5...6...7...8...9...10	Bounce #8 added RGB(3, 2, 13)
0...1...2...3...4...5...6...7...8...9...10	Bounce #9 added RGB(1, 0, 3)
0...1...2...3...4...5...6...7...8...9...10	Bounce #10 added RGB(0, 0, 1)
Build Patch/Sample Hash Table(s).....Done<0.0136 sec>
0...1...2...3...4...5...6...7...8...9...10FinalLightFace Done
0 of 0 (0% of) surface lights went in leaf ambient cubes.
0...1...2...3...4...5...6...7...8...9...10Writing leaf ambient...done
Computing static prop lighting : 00...1...2...3...4...5...6...7...8...9...10
Ready to Finish

Object names       Objects/Maxobjs  Memory / Maxmem  Fullness 
------------       ---------------  ---------------  -------- 
models                  35/1024         1680/49152    ( 3.4%) 
brushes                 87/8192         1044/98304    ( 1.1%) 
brushsides             614/65536        4912/524288   ( 0.9%) 
planes                 750/65536       15000/1310720  ( 1.1%) 
vertexes              1217/65536       14604/786432   ( 1.9%) 
nodes                  432/65536       13824/2097152  ( 0.7%) 
texinfos               133/12288        9576/884736   ( 1.1%) 
texdata                 20/2048          640/65536    ( 1.0%) 
dispinfos                0/0               0/0        ( 0.0%) 
disp_verts               0/0               0/0        ( 0.0%) 
disp_tris                0/0               0/0        ( 0.0%) 
disp_lmsamples           0/0               0/0        ( 0.0%) 
faces                  881/65536       49336/3670016  ( 1.3%) 
hdr faces              881/65536       49336/3670016  ( 1.3%) 
origfaces              381/65536       21336/3670016  ( 0.6%) 
leaves                 468/65536       14976/2097152  ( 0.7%) 
leaffaces             1123/65536        2246/131072   ( 1.7%) 
leafbrushes            115/65536         230/131072   ( 0.2%) 
areas                    2/256            16/2048     ( 0.8%) 
surfedges             5563/512000      22252/2048000  ( 1.1%) 
edges                 2895/256000      11580/1024000  ( 1.1%) 
LDR worldlights          0/8192            0/720896   ( 0.0%) 
HDR worldlights          6/8192          528/720896   ( 0.1%) 
leafwaterdata            1/32768          12/393216   ( 0.0%) 
waterstrips             30/32768         300/327680   ( 0.1%) 
waterverts               0/65536           0/786432   ( 0.0%) 
waterindices           420/65536         840/131072   ( 0.6%) 
cubemapsamples           2/1024           32/16384    ( 0.2%) 
overlays                 0/512             0/180224   ( 0.0%) 
LDR lightdata         [variable]           0/0        ( 0.0%) 
HDR lightdata         [variable]    10458032/0        ( 0.0%) 
visdata               [variable]         954/16777216 ( 0.0%) 
entdata               [variable]       32453/393216   ( 8.3%) 
LDR ambient table      468/65536        1872/262144   ( 0.7%) 
HDR ambient table      468/65536        1872/262144   ( 0.7%) 
LDR leaf ambient       468/65536       13104/1835008  ( 0.7%) 
HDR leaf ambient       850/65536       23800/1835008  ( 1.3%) 
occluders                0/0               0/0        ( 0.0%) 
occluder polygons        0/0               0/0        ( 0.0%) 
occluder vert ind        0/0               0/0        ( 0.0%) 
detail props          [variable]           1/12       ( 8.3%) 
static props          [variable]           1/216      ( 0.5%) 
pakfile               [variable]      327095/0        ( 0.0%) 
physics               [variable]       44523/4194304  ( 1.1%) 
physics terrain       [variable]           2/1048576  ( 0.0%) 

Level flags = 2

Total triangle count: 2229
Writing c:\program files (x86)\steam\steamapps\common\sourcesdk_content\hl2mp\mapsrc\test.bsp
35 seconds elapsed



materialPath: C:\Program Files (x86)\Steam\steamapps\common\Half-Life 2 Deathmatch\hl2mp\materials
Loading c:\program files (x86)\steam\steamapps\common\sourcesdk_content\hl2mp\mapsrc\test.vmf
ConVarRef mat_reduceparticles doesn't point to an existing ConVar
Could not locate 'GameData' key in c:\program files (x86)\steam\steamapps\common\half-life 2 deathmatch\hl2mp\gameinfo.txt
Patching WVT material: maps/test/dev/dev_blendmeasure_wvt_patch
fixing up env_cubemap materials on brush sides...
0...1...2...3...4...5...6...7...8...9...100...1...2...3...4...5...6...7...8...9...10Processing areas...done (0)
Building Faces...done (0)
FixTjuncs...
PruneNodes...
WriteBSP...
done (0)
writing c:\program files (x86)\steam\steamapps\common\sourcesdk_content\hl2mp\mapsrc\test.prt...Building visibility clusters...
done (0)
Creating default LDR cubemaps for env_cubemap using skybox materials:
   skybox/sky_day01_01*.vmt
 ! Run buildcubemaps in the engine to get the correct cube maps.
Creating default HDR cubemaps for env_cubemap using skybox materials:
   skybox/sky_day01_01*.vmt
 ! Run buildcubemaps in the engine to get the correct cube maps.
Finding displacement neighbors...
Finding lightmap sample positions...
Displacement Alpha : 0...1...2...3...4...5...6...7...8...9...10
Building Physics collision data...
done (0) (44523 bytes)
Placing detail props : 0...1...2...3...4...5...6...7...8...9...10
Compacting texture/material tables...
Reduced 273 texinfos to 133
Reduced 28 texdatas to 20 (905 bytes to 662)
Writing c:\program files (x86)\steam\steamapps\common\sourcesdk_content\hl2mp\mapsrc\test.bsp
Wrote ZIP buffer, estimated size 321783, actual size 319827
0 seconds elapsed



12 threads
reading c:\program files (x86)\steam\steamapps\common\sourcesdk_content\hl2mp\mapsrc\test.bsp
reading c:\program files (x86)\steam\steamapps\common\sourcesdk_content\hl2mp\mapsrc\test.prt
  47 portalclusters
 128 numportals
0...1...2...3...4...5...6...7...8...9...100...1...2...3...4...5...6...7...8...9...10Optimized: 0 visible clusters (0.00%)
Total clusters visible: 1907
Average clusters visible: 40
Building PAS...
Average clusters audible: 47
visdatasize:954  compressed from 752
writing c:\program files (x86)\steam\steamapps\common\sourcesdk_content\hl2mp\mapsrc\test.bsp
0 seconds elapsed



[Reading texlights from 'lights.rad']
[45 texlights parsed from 'lights.rad']

[Reading texlights from 'lights_models.rad']
[0 texlights parsed from 'lights_models.rad']

Loading c:\program files (x86)\steam\steamapps\common\sourcesdk_content\hl2mp\mapsrc\test.bsp
Loaded alpha texture materials\Models\props_c17\fence_alpha.vtf
881 faces
37002 square feet [5328302.00 square inches]
0 Displacements
0 Square Feet [0.00 Square Inches]
881 patches before subdivision
51975 patches after subdivision
6 direct lights
0...1...2...3...4...5...6...7...8...9...100...1...2...3...4...5...6...7...8...9...10transfers 5574991, max 606
transfer lists:  42.5 megs
0...1...2...3...4...5...6...7...8...9...10	Bounce #1 added RGB(6753, 6318, 4507)
0...1...2...3...4...5...6...7...8...9...10	Bounce #2 added RGB(6147, 5335, 3422)
0...1...2...3...4...5...6...7...8...9...10	Bounce #3 added RGB(1148, 959, 566)
0...1...2...3...4...5...6...7...8...9...10	Bounce #4 added RGB(355, 277, 150)
0...1...2...3...4...5...6...7...8...9...10	Bounce #5 added RGB(88, 66, 33)
0...1...2...3...4...5...6...7...8...9...10	Bounce #6 added RGB(24, 17, 8)
0...1...2...3...4...5...6...7...8...9...10	Bounce #7 added RGB(6, 4, 2)
0...1...2...3...4...5...6...7...8...9...10	Bounce #8 added RGB(2, 1, 0)
0...1...2...3...4...5...6...7...8...9...10	Bounce #9 added RGB(0, 0, 0)
Build Patch/Sample Hash Table(s).....Done<0.0133 sec>
0...1...2...3...4...5...6...7...8...9...10FinalLightFace Done
0 of 0 (0% of) surface lights went in leaf ambient cubes.
0...1...2...3...4...5...6...7...8...9...10Writing leaf ambient...done
Computing static prop lighting : 00...1...2...3...4...5...6...7...8...9...10
Ready to Finish

Object names       Objects/Maxobjs  Memory / Maxmem  Fullness 
------------       ---------------  ---------------  -------- 
models                  35/1024         1680/49152    ( 3.4%) 
brushes                 87/8192         1044/98304    ( 1.1%) 
brushsides             614/65536        4912/524288   ( 0.9%) 
planes                 750/65536       15000/1310720  ( 1.1%) 
vertexes              1217/65536       14604/786432   ( 1.9%) 
nodes                  432/65536       13824/2097152  ( 0.7%) 
texinfos               133/12288        9576/884736   ( 1.1%) 
texdata                 20/2048          640/65536    ( 1.0%) 
dispinfos                0/0               0/0        ( 0.0%) 
disp_verts               0/0               0/0        ( 0.0%) 
disp_tris                0/0               0/0        ( 0.0%) 
disp_lmsamples           0/0               0/0        ( 0.0%) 
faces                  881/65536       49336/3670016  ( 1.3%) 
hdr faces              881/65536       49336/3670016  ( 1.3%) 
origfaces              381/65536       21336/3670016  ( 0.6%) 
leaves                 468/65536       14976/2097152  ( 0.7%) 
leaffaces             1123/65536        2246/131072   ( 1.7%) 
leafbrushes            115/65536         230/131072   ( 0.2%) 
areas                    2/256            16/2048     ( 0.8%) 
surfedges             5563/512000      22252/2048000  ( 1.1%) 
edges                 2895/256000      11580/1024000  ( 1.1%) 
LDR worldlights          0/8192            0/720896   ( 0.0%) 
HDR worldlights          6/8192          528/720896   ( 0.1%) 
leafwaterdata            1/32768          12/393216   ( 0.0%) 
waterstrips             30/32768         300/327680   ( 0.1%) 
waterverts               0/65536           0/786432   ( 0.0%) 
waterindices           420/65536         840/131072   ( 0.6%) 
cubemapsamples           2/1024           32/16384    ( 0.2%) 
overlays                 0/512             0/180224   ( 0.0%) 
LDR lightdata         [variable]           0/0        ( 0.0%) 
HDR lightdata         [variable]    10457748/0        ( 0.0%) 
visdata               [variable]         954/16777216 ( 0.0%) 
entdata               [variable]       32455/393216   ( 8.3%) 
LDR ambient table      468/65536        1872/262144   ( 0.7%) 
HDR ambient table      468/65536        1872/262144   ( 0.7%) 
LDR leaf ambient       468/65536       13104/1835008  ( 0.7%) 
HDR leaf ambient       649/65536       18172/1835008  ( 1.0%) 
occluders                0/0               0/0        ( 0.0%) 
occluder polygons        0/0               0/0        ( 0.0%) 
occluder vert ind        0/0               0/0        ( 0.0%) 
detail props          [variable]           1/12       ( 8.3%) 
static props          [variable]           1/216      ( 0.5%) 
pakfile               [variable]      327095/0        ( 0.0%) 
physics               [variable]       44523/4194304  ( 1.1%) 
physics terrain       [variable]           2/1048576  ( 0.0%) 

Level flags = 2

Total triangle count: 2229
Writing c:\program files (x86)\steam\steamapps\common\sourcesdk_content\hl2mp\mapsrc\test.bsp
35 seconds elapsed



materialPath: C:\Program Files (x86)\Steam\steamapps\common\Half-Life 2 Deathmatch\hl2mp\materials
Loading c:\program files (x86)\steam\steamapps\common\sourcesdk_content\hl2mp\mapsrc\test.vmf
ConVarRef mat_reduceparticles doesn't point to an existing ConVar
Could not locate 'GameData' key in c:\program files (x86)\steam\steamapps\common\half-life 2 deathmatch\hl2mp\gameinfo.txt
Patching WVT material: maps/test/dev/dev_blendmeasure_wvt_patch
fixing up env_cubemap materials on brush sides...
0...1...2...3...4...5...6...7...8...9...100...1...2...3...4...5...6...7...8...9...10Processing areas...done (0)
Building Faces...done (0)
FixTjuncs...
PruneNodes...
WriteBSP...
done (0)
writing c:\program files (x86)\steam\steamapps\common\sourcesdk_content\hl2mp\mapsrc\test.prt...Building visibility clusters...
done (0)
Creating default LDR cubemaps for env_cubemap using skybox materials:
   skybox/sky_day01_01*.vmt
 ! Run buildcubemaps in the engine to get the correct cube maps.
Creating default HDR cubemaps for env_cubemap using skybox materials:
   skybox/sky_day01_01*.vmt
 ! Run buildcubemaps in the engine to get the correct cube maps.
Finding displacement neighbors...
Finding lightmap sample positions...
Displacement Alpha : 0...1...2...3...4...5...6...7...8...9...10
Building Physics collision data...
done (0) (44523 bytes)
Placing detail props : 0...1...2...3...4...5...6...7...8...9...10
Compacting texture/material tables...
Reduced 273 texinfos to 133
Reduced 28 texdatas to 20 (905 bytes to 662)
Writing c:\program files (x86)\steam\steamapps\common\sourcesdk_content\hl2mp\mapsrc\test.bsp
Wrote ZIP buffer, estimated size 321783, actual size 319827
0 seconds elapsed



12 threads
reading c:\program files (x86)\steam\steamapps\common\sourcesdk_content\hl2mp\mapsrc\test.bsp
reading c:\program files (x86)\steam\steamapps\common\sourcesdk_content\hl2mp\mapsrc\test.prt
  47 portalclusters
 128 numportals
0...1...2...3...4...5...6...7...8...9...100...1...2...3...4...5...6...7...8...9...10Optimized: 0 visible clusters (0.00%)
Total clusters visible: 1907
Average clusters visible: 40
Building PAS...
Average clusters audible: 47
visdatasize:954  compressed from 752
writing c:\program files (x86)\steam\steamapps\common\sourcesdk_content\hl2mp\mapsrc\test.bsp
0 seconds elapsed



[Reading texlights from 'lights.rad']
[45 texlights parsed from 'lights.rad']

[Reading texlights from 'lights_models.rad']
[0 texlights parsed from 'lights_models.rad']

Loading c:\program files (x86)\steam\steamapps\common\sourcesdk_content\hl2mp\mapsrc\test.bsp
Loaded alpha texture materials\Models\props_c17\fence_alpha.vtf
881 faces
37002 square feet [5328302.00 square inches]
0 Displacements
0 Square Feet [0.00 Square Inches]
881 patches before subdivision
51975 patches after subdivision
6 direct lights
0...1...2...3...4...5...6...7...8...9...100...1...2...3...4...5...6...7...8...9...10transfers 5553843, max 607
transfer lists:  42.4 megs
0...1...2...3...4...5...6...7...8...9...10	Bounce #1 added RGB(6743, 6309, 4500)
0...1...2...3...4...5...6...7...8...9...10	Bounce #2 added RGB(6125, 5321, 3414)
0...1...2...3...4...5...6...7...8...9...10	Bounce #3 added RGB(1146, 958, 566)
0...1...2...3...4...5...6...7...8...9...10	Bounce #4 added RGB(354, 277, 150)
0...1...2...3...4...5...6...7...8...9...10	Bounce #5 added RGB(88, 66, 33)
0...1...2...3...4...5...6...7...8...9...10	Bounce #6 added RGB(24, 17, 8)
0...1...2...3...4...5...6...7...8...9...10	Bounce #7 added RGB(6, 4, 2)
0...1...2...3...4...5...6...7...8...9...10	Bounce #8 added RGB(2, 1, 0)
0...1...2...3...4...5...6...7...8...9...10	Bounce #9 added RGB(0, 0, 0)
Build Patch/Sample Hash Table(s).....Done<0.0135 sec>
0...1...2...3...4...5...6...7...8...9...10FinalLightFace Done
0 of 0 (0% of) surface lights went in leaf ambient cubes.
0...1...2...3...4...5...6...7...8...9...10Writing leaf ambient...done
Computing static prop lighting : 00...1...2...3...4...5...6...7...8...9...10
Ready to Finish

Object names       Objects/Maxobjs  Memory / Maxmem  Fullness 
------------       ---------------  ---------------  -------- 
models                  35/1024         1680/49152    ( 3.4%) 
brushes                 87/8192         1044/98304    ( 1.1%) 
brushsides             614/65536        4912/524288   ( 0.9%) 
planes                 750/65536       15000/1310720  ( 1.1%) 
vertexes              1217/65536       14604/786432   ( 1.9%) 
nodes                  432/65536       13824/2097152  ( 0.7%) 
texinfos               133/12288        9576/884736   ( 1.1%) 
texdata                 20/2048          640/65536    ( 1.0%) 
dispinfos                0/0               0/0        ( 0.0%) 
disp_verts               0/0               0/0        ( 0.0%) 
disp_tris                0/0               0/0        ( 0.0%) 
disp_lmsamples           0/0               0/0        ( 0.0%) 
faces                  881/65536       49336/3670016  ( 1.3%) 
hdr faces              881/65536       49336/3670016  ( 1.3%) 
origfaces              381/65536       21336/3670016  ( 0.6%) 
leaves                 468/65536       14976/2097152  ( 0.7%) 
leaffaces             1123/65536        2246/131072   ( 1.7%) 
leafbrushes            115/65536         230/131072   ( 0.2%) 
areas                    2/256            16/2048     ( 0.8%) 
surfedges             5563/512000      22252/2048000  ( 1.1%) 
edges                 2895/256000      11580/1024000  ( 1.1%) 
LDR worldlights          0/8192            0/720896   ( 0.0%) 
HDR worldlights          6/8192          528/720896   ( 0.1%) 
leafwaterdata            1/32768          12/393216   ( 0.0%) 
waterstrips             30/32768         300/327680   ( 0.1%) 
waterverts               0/65536           0/786432   ( 0.0%) 
waterindices           420/65536         840/131072   ( 0.6%) 
cubemapsamples           2/1024           32/16384    ( 0.2%) 
overlays                 0/512             0/180224   ( 0.0%) 
LDR lightdata         [variable]           0/0        ( 0.0%) 
HDR lightdata         [variable]    10457904/0        ( 0.0%) 
visdata               [variable]         954/16777216 ( 0.0%) 
entdata               [variable]       32453/393216   ( 8.3%) 
LDR ambient table      468/65536        1872/262144   ( 0.7%) 
HDR ambient table      468/65536        1872/262144   ( 0.7%) 
LDR leaf ambient       468/65536       13104/1835008  ( 0.7%) 
HDR leaf ambient       648/65536       18144/1835008  ( 1.0%) 
occluders                0/0               0/0        ( 0.0%) 
occluder polygons        0/0               0/0        ( 0.0%) 
occluder vert ind        0/0               0/0        ( 0.0%) 
detail props          [variable]           1/12       ( 8.3%) 
static props          [variable]           1/216      ( 0.5%) 
pakfile               [variable]      327095/0        ( 0.0%) 
physics               [variable]       44523/4194304  ( 1.1%) 
physics terrain       [variable]           2/1048576  ( 0.0%) 

Level flags = 2

Total triangle count: 2229
Writing c:\program files (x86)\steam\steamapps\common\sourcesdk_content\hl2mp\mapsrc\test.bsp
38 seconds elapsed



materialPath: C:\Program Files (x86)\Steam\steamapps\common\Half-Life 2 Deathmatch\hl2mp\materials
Loading c:\program files (x86)\steam\steamapps\common\sourcesdk_content\hl2mp\mapsrc\test.vmf
ConVarRef mat_reduceparticles doesn't point to an existing ConVar
Could not locate 'GameData' key in c:\program files (x86)\steam\steamapps\common\half-life 2 deathmatch\hl2mp\gameinfo.txt
Patching WVT material: maps/test/dev/dev_blendmeasure_wvt_patch
fixing up env_cubemap materials on brush sides...
0...1...2...3...4...5...6...7...8...9...100...1...2...3...4...5...6...7...8...9...10Processing areas...done (0)
Building Faces...done (0)
FixTjuncs...
PruneNodes...
WriteBSP...
done (0)
writing c:\program files (x86)\steam\steamapps\common\sourcesdk_content\hl2mp\mapsrc\test.prt...Building visibility clusters...
done (0)
Creating default LDR cubemaps for env_cubemap using skybox materials:
   skybox/sky_day01_01*.vmt
 ! Run buildcubemaps in the engine to get the correct cube maps.
Creating default HDR cubemaps for env_cubemap using skybox materials:
   skybox/sky_day01_01*.vmt
 ! Run buildcubemaps in the engine to get the correct cube maps.
Finding displacement neighbors...
Finding lightmap sample positions...
Displacement Alpha : 0...1...2...3...4...5...6...7...8...9...10
Building Physics collision data...
done (0) (46353 bytes)
Placing detail props : 0...1...2...3...4...5...6...7...8...9...10
Compacting texture/material tables...
Reduced 281 texinfos to 137
Reduced 28 texdatas to 20 (905 bytes to 662)
Writing c:\program files (x86)\steam\steamapps\common\sourcesdk_content\hl2mp\mapsrc\test.bsp
Wrote ZIP buffer, estimated size 321783, actual size 319827
0 seconds elapsed



12 threads
reading c:\program files (x86)\steam\steamapps\common\sourcesdk_content\hl2mp\mapsrc\test.bsp
reading c:\program files (x86)\steam\steamapps\common\sourcesdk_content\hl2mp\mapsrc\test.prt
  47 portalclusters
 128 numportals
0...1...2...3...4...5...6...7...8...9...10Optimized: 63 visible clusters (3.09%)
Total clusters visible: 2042
Average clusters visible: 43
Building PAS...
Average clusters audible: 47
visdatasize:950  compressed from 752
writing c:\program files (x86)\steam\steamapps\common\sourcesdk_content\hl2mp\mapsrc\test.bsp
0 seconds elapsed



[Reading texlights from 'lights.rad']
[45 texlights parsed from 'lights.rad']

Loading c:\program files (x86)\steam\steamapps\common\sourcesdk_content\hl2mp\mapsrc\test.bsp
901 faces
37044 square feet [5334446.00 square inches]
0 Displacements
0 Square Feet [0.00 Square Inches]
901 patches before subdivision
52027 patches after subdivision
6 direct lights
0...1...2...3...4...5...6...7...8...9...100...1...2...3...4...5...6...7...8...9...10transfers 5578787, max 607
transfer lists:  42.6 megs
0...1...2...3...4...5...6...7...8...9...10	Bounce #1 added RGB(6835, 6394, 4562)
0...1...2...3...4...5...6...7...8...9...10	Bounce #2 added RGB(6167, 5347, 3428)
Build Patch/Sample Hash Table(s).....Done<0.0140 sec>
0...1...2...3...4...5...6...7...8...9...10FinalLightFace Done
0 of 0 (0% of) surface lights went in leaf ambient cubes.
0...1...2...3...4...5...6...7...8...9...10Writing leaf ambient...done
Ready to Finish

Object names       Objects/Maxobjs  Memory / Maxmem  Fullness 
------------       ---------------  ---------------  -------- 
models                  37/1024         1776/49152    ( 3.6%) 
brushes                 90/8192         1080/98304    ( 1.1%) 
brushsides             632/65536        5056/524288   ( 1.0%) 
planes                 762/65536       15240/1310720  ( 1.2%) 
vertexes              1245/65536       14940/786432   ( 1.9%) 
nodes                  449/65536       14368/2097152  ( 0.7%) 
texinfos               137/12288        9864/884736   ( 1.1%) 
texdata                 20/2048          640/65536    ( 1.0%) 
dispinfos                0/0               0/0        ( 0.0%) 
disp_verts               0/0               0/0        ( 0.0%) 
disp_tris                0/0               0/0        ( 0.0%) 
disp_lmsamples           0/0               0/0        ( 0.0%) 
faces                  901/65536       50456/3670016  ( 1.4%) 
hdr faces                0/65536           0/3670016  ( 0.0%) 
origfaces              398/65536       22288/3670016  ( 0.6%) 
leaves                 487/65536       15584/2097152  ( 0.7%) 
leaffaces             1143/65536        2286/131072   ( 1.7%) 
leafbrushes            118/65536         236/131072   ( 0.2%) 
areas                    2/256            16/2048     ( 0.8%) 
surfedges             5719/512000      22876/2048000  ( 1.1%) 
edges                 2975/256000      11900/1024000  ( 1.2%) 
LDR worldlights          6/8192          528/720896   ( 0.1%) 
HDR worldlights          0/8192            0/720896   ( 0.0%) 
leafwaterdata            1/32768          12/393216   ( 0.0%) 
waterstrips             30/32768         300/327680   ( 0.1%) 
waterverts               0/65536           0/786432   ( 0.0%) 
waterindices           420/65536         840/131072   ( 0.6%) 
cubemapsamples           2/1024           32/16384    ( 0.2%) 
overlays                 0/512             0/180224   ( 0.0%) 
LDR lightdata         [variable]    10446832/0        ( 0.0%) 
HDR lightdata         [variable]           0/0        ( 0.0%) 
visdata               [variable]         950/16777216 ( 0.0%) 
entdata               [variable]       33892/393216   ( 8.6%) 
LDR ambient table      487/65536        1948/262144   ( 0.7%) 
HDR ambient table      487/65536        1948/262144   ( 0.7%) 
LDR leaf ambient       687/65536       19236/1835008  ( 1.0%) 
HDR leaf ambient       487/65536       13636/1835008  ( 0.7%) 
occluders                0/0               0/0        ( 0.0%) 
occluder polygons        0/0               0/0        ( 0.0%) 
occluder vert ind        0/0               0/0        ( 0.0%) 
detail props          [variable]           1/12       ( 8.3%) 
static props          [variable]           1/216      ( 0.5%) 
pakfile               [variable]      319827/0        ( 0.0%) 
physics               [variable]       46353/4194304  ( 1.1%) 
physics terrain       [variable]           2/1048576  ( 0.0%) 

Level flags = 0

Total triangle count: 2277
Writing c:\program files (x86)\steam\steamapps\common\sourcesdk_content\hl2mp\mapsrc\test.bsp
3 seconds elapsed



materialPath: C:\Program Files (x86)\Steam\steamapps\common\Half-Life 2 Deathmatch\hl2mp\materials
Loading c:\program files (x86)\steam\steamapps\common\sourcesdk_content\hl2mp\mapsrc\test.vmf
ConVarRef mat_reduceparticles doesn't point to an existing ConVar
Could not locate 'GameData' key in c:\program files (x86)\steam\steamapps\common\half-life 2 deathmatch\hl2mp\gameinfo.txt
Patching WVT material: maps/test/dev/dev_blendmeasure_wvt_patch
fixing up env_cubemap materials on brush sides...
0...1...2...3...4...5...6...7...8...9...100...1...2...3...4...5...6...7...8...9...10Processing areas...done (0)
Building Faces...done (0)
FixTjuncs...
PruneNodes...
WriteBSP...
done (0)
writing c:\program files (x86)\steam\steamapps\common\sourcesdk_content\hl2mp\mapsrc\test.prt...Building visibility clusters...
done (0)
Creating default LDR cubemaps for env_cubemap using skybox materials:
   skybox/sky_day01_01*.vmt
 ! Run buildcubemaps in the engine to get the correct cube maps.
Creating default HDR cubemaps for env_cubemap using skybox materials:
   skybox/sky_day01_01*.vmt
 ! Run buildcubemaps in the engine to get the correct cube maps.
Finding displacement neighbors...
Finding lightmap sample positions...
Displacement Alpha : 0...1...2...3...4...5...6...7...8...9...10
Building Physics collision data...
done (0) (46353 bytes)
Placing detail props : 0...1...2...3...4...5...6...7...8...9...10
Compacting texture/material tables...
Reduced 281 texinfos to 137
Reduced 28 texdatas to 20 (905 bytes to 662)
Writing c:\program files (x86)\steam\steamapps\common\sourcesdk_content\hl2mp\mapsrc\test.bsp
Wrote ZIP buffer, estimated size 321783, actual size 319827
0 seconds elapsed



12 threads
reading c:\program files (x86)\steam\steamapps\common\sourcesdk_content\hl2mp\mapsrc\test.bsp
reading c:\program files (x86)\steam\steamapps\common\sourcesdk_content\hl2mp\mapsrc\test.prt
  47 portalclusters
 128 numportals
0...1...2...3...4...5...6...7...8...9...10Optimized: 63 visible clusters (3.09%)
Total clusters visible: 2042
Average clusters visible: 43
Building PAS...
Average clusters audible: 47
visdatasize:950  compressed from 752
writing c:\program files (x86)\steam\steamapps\common\sourcesdk_content\hl2mp\mapsrc\test.bsp
0 seconds elapsed



[Reading texlights from 'lights.rad']
[45 texlights parsed from 'lights.rad']

Loading c:\program files (x86)\steam\steamapps\common\sourcesdk_content\hl2mp\mapsrc\test.bsp
901 faces
37044 square feet [5334446.00 square inches]
0 Displacements
0 Square Feet [0.00 Square Inches]
901 patches before subdivision
52027 patches after subdivision
6 direct lights
0...1...2...3...4...5...6...7...8...9...100...1...2...3...4...5...6...7...8...9...10transfers 5578787, max 607
transfer lists:  42.6 megs
0...1...2...3...4...5...6...7...8...9...10	Bounce #1 added RGB(6835, 6394, 4562)
0...1...2...3...4...5...6...7...8...9...10	Bounce #2 added RGB(6167, 5347, 3428)
Build Patch/Sample Hash Table(s).....Done<0.0109 sec>
0...1...2...3...4...5...6...7...8...9...10FinalLightFace Done
0 of 0 (0% of) surface lights went in leaf ambient cubes.
0...1...2...3...4...5...6...7...8...9...10Writing leaf ambient...done
Ready to Finish

Object names       Objects/Maxobjs  Memory / Maxmem  Fullness 
------------       ---------------  ---------------  -------- 
models                  37/1024         1776/49152    ( 3.6%) 
brushes                 90/8192         1080/98304    ( 1.1%) 
brushsides             632/65536        5056/524288   ( 1.0%) 
planes                 762/65536       15240/1310720  ( 1.2%) 
vertexes              1245/65536       14940/786432   ( 1.9%) 
nodes                  449/65536       14368/2097152  ( 0.7%) 
texinfos               137/12288        9864/884736   ( 1.1%) 
texdata                 20/2048          640/65536    ( 1.0%) 
dispinfos                0/0               0/0        ( 0.0%) 
disp_verts               0/0               0/0        ( 0.0%) 
disp_tris                0/0               0/0        ( 0.0%) 
disp_lmsamples           0/0               0/0        ( 0.0%) 
faces                  901/65536       50456/3670016  ( 1.4%) 
hdr faces                0/65536           0/3670016  ( 0.0%) 
origfaces              398/65536       22288/3670016  ( 0.6%) 
leaves                 487/65536       15584/2097152  ( 0.7%) 
leaffaces             1143/65536        2286/131072   ( 1.7%) 
leafbrushes            118/65536         236/131072   ( 0.2%) 
areas                    2/256            16/2048     ( 0.8%) 
surfedges             5719/512000      22876/2048000  ( 1.1%) 
edges                 2975/256000      11900/1024000  ( 1.2%) 
LDR worldlights          6/8192          528/720896   ( 0.1%) 
HDR worldlights          0/8192            0/720896   ( 0.0%) 
leafwaterdata            1/32768          12/393216   ( 0.0%) 
waterstrips             30/32768         300/327680   ( 0.1%) 
waterverts               0/65536           0/786432   ( 0.0%) 
waterindices           420/65536         840/131072   ( 0.6%) 
cubemapsamples           2/1024           32/16384    ( 0.2%) 
overlays                 0/512             0/180224   ( 0.0%) 
LDR lightdata         [variable]    10446832/0        ( 0.0%) 
HDR lightdata         [variable]           0/0        ( 0.0%) 
visdata               [variable]         950/16777216 ( 0.0%) 
entdata               [variable]       33912/393216   ( 8.6%) 
LDR ambient table      487/65536        1948/262144   ( 0.7%) 
HDR ambient table      487/65536        1948/262144   ( 0.7%) 
LDR leaf ambient       687/65536       19236/1835008  ( 1.0%) 
HDR leaf ambient       487/65536       13636/1835008  ( 0.7%) 
occluders                0/0               0/0        ( 0.0%) 
occluder polygons        0/0               0/0        ( 0.0%) 
occluder vert ind        0/0               0/0        ( 0.0%) 
detail props          [variable]           1/12       ( 8.3%) 
static props          [variable]           1/216      ( 0.5%) 
pakfile               [variable]      319827/0        ( 0.0%) 
physics               [variable]       46353/4194304  ( 1.1%) 
physics terrain       [variable]           2/1048576  ( 0.0%) 

Level flags = 0

Total triangle count: 2277
Writing c:\program files (x86)\steam\steamapps\common\sourcesdk_content\hl2mp\mapsrc\test.bsp
3 seconds elapsed



materialPath: C:\Program Files (x86)\Steam\steamapps\common\Half-Life 2 Deathmatch\hl2mp\materials
Loading c:\program files (x86)\steam\steamapps\common\sourcesdk_content\hl2mp\mapsrc\test.vmf
ConVarRef mat_reduceparticles doesn't point to an existing ConVar
Could not locate 'GameData' key in c:\program files (x86)\steam\steamapps\common\half-life 2 deathmatch\hl2mp\gameinfo.txt
Patching WVT material: maps/test/dev/dev_blendmeasure_wvt_patch
fixing up env_cubemap materials on brush sides...
0...1...2...3...4...5...6...7...8...9...100...1...2...3...4...5...6...7...8...9...10Processing areas...done (0)
Building Faces...done (0)
FixTjuncs...
PruneNodes...
WriteBSP...
done (0)
writing c:\program files (x86)\steam\steamapps\common\sourcesdk_content\hl2mp\mapsrc\test.prt...Building visibility clusters...
done (0)
Creating default LDR cubemaps for env_cubemap using skybox materials:
   skybox/sky_day01_01*.vmt
 ! Run buildcubemaps in the engine to get the correct cube maps.
Creating default HDR cubemaps for env_cubemap using skybox materials:
   skybox/sky_day01_01*.vmt
 ! Run buildcubemaps in the engine to get the correct cube maps.
Finding displacement neighbors...
Finding lightmap sample positions...
Displacement Alpha : 0...1...2...3...4...5...6...7...8...9...10
Building Physics collision data...
done (0) (46353 bytes)
Placing detail props : 0...1...2...3...4...5...6...7...8...9...10
Compacting texture/material tables...
Reduced 281 texinfos to 137
Reduced 28 texdatas to 20 (905 bytes to 662)
Writing c:\program files (x86)\steam\steamapps\common\sourcesdk_content\hl2mp\mapsrc\test.bsp
Wrote ZIP buffer, estimated size 321783, actual size 319827
0 seconds elapsed



12 threads
reading c:\program files (x86)\steam\steamapps\common\sourcesdk_content\hl2mp\mapsrc\test.bsp
reading c:\program files (x86)\steam\steamapps\common\sourcesdk_content\hl2mp\mapsrc\test.prt
  47 portalclusters
 128 numportals
0...1...2...3...4...5...6...7...8...9...10Optimized: 63 visible clusters (3.09%)
Total clusters visible: 2042
Average clusters visible: 43
Building PAS...
Average clusters audible: 47
visdatasize:950  compressed from 752
writing c:\program files (x86)\steam\steamapps\common\sourcesdk_content\hl2mp\mapsrc\test.bsp
0 seconds elapsed



[Reading texlights from 'lights.rad']
[45 texlights parsed from 'lights.rad']

Loading c:\program files (x86)\steam\steamapps\common\sourcesdk_content\hl2mp\mapsrc\test.bsp
901 faces
37044 square feet [5334446.00 square inches]
0 Displacements
0 Square Feet [0.00 Square Inches]
901 patches before subdivision
52027 patches after subdivision
6 direct lights
0...1...2...3...4...5...6...7...8...9...100...1...2...3...4...5...6...7...8...9...10transfers 5578787, max 607
transfer lists:  42.6 megs
0...1...2...3...4...5...6...7...8...9...10	Bounce #1 added RGB(6835, 6394, 4562)
0...1...2...3...4...5...6...7...8...9...10	Bounce #2 added RGB(6167, 5347, 3428)
Build Patch/Sample Hash Table(s).....Done<0.0109 sec>
0...1...2...3...4...5...6...7...8...9...10FinalLightFace Done
0 of 0 (0% of) surface lights went in leaf ambient cubes.
0...1...2...3...4...5...6...7...8...9...10Writing leaf ambient...done
Ready to Finish

Object names       Objects/Maxobjs  Memory / Maxmem  Fullness 
------------       ---------------  ---------------  -------- 
models                  37/1024         1776/49152    ( 3.6%) 
brushes                 90/8192         1080/98304    ( 1.1%) 
brushsides             632/65536        5056/524288   ( 1.0%) 
planes                 762/65536       15240/1310720  ( 1.2%) 
vertexes              1245/65536       14940/786432   ( 1.9%) 
nodes                  449/65536       14368/2097152  ( 0.7%) 
texinfos               137/12288        9864/884736   ( 1.1%) 
texdata                 20/2048          640/65536    ( 1.0%) 
dispinfos                0/0               0/0        ( 0.0%) 
disp_verts               0/0               0/0        ( 0.0%) 
disp_tris                0/0               0/0        ( 0.0%) 
disp_lmsamples           0/0               0/0        ( 0.0%) 
faces                  901/65536       50456/3670016  ( 1.4%) 
hdr faces                0/65536           0/3670016  ( 0.0%) 
origfaces              398/65536       22288/3670016  ( 0.6%) 
leaves                 487/65536       15584/2097152  ( 0.7%) 
leaffaces             1143/65536        2286/131072   ( 1.7%) 
leafbrushes            118/65536         236/131072   ( 0.2%) 
areas                    2/256            16/2048     ( 0.8%) 
surfedges             5719/512000      22876/2048000  ( 1.1%) 
edges                 2975/256000      11900/1024000  ( 1.2%) 
LDR worldlights          6/8192          528/720896   ( 0.1%) 
HDR worldlights          0/8192            0/720896   ( 0.0%) 
leafwaterdata            1/32768          12/393216   ( 0.0%) 
waterstrips             30/32768         300/327680   ( 0.1%) 
waterverts               0/65536           0/786432   ( 0.0%) 
waterindices           420/65536         840/131072   ( 0.6%) 
cubemapsamples           2/1024           32/16384    ( 0.2%) 
overlays                 0/512             0/180224   ( 0.0%) 
LDR lightdata         [variable]    10446832/0        ( 0.0%) 
HDR lightdata         [variable]           0/0        ( 0.0%) 
visdata               [variable]         950/16777216 ( 0.0%) 
entdata               [variable]       33910/393216   ( 8.6%) 
LDR ambient table      487/65536        1948/262144   ( 0.7%) 
HDR ambient table      487/65536        1948/262144   ( 0.7%) 
LDR leaf ambient       687/65536       19236/1835008  ( 1.0%) 
HDR leaf ambient       487/65536       13636/1835008  ( 0.7%) 
occluders                0/0               0/0        ( 0.0%) 
occluder polygons        0/0               0/0        ( 0.0%) 
occluder vert ind        0/0               0/0        ( 0.0%) 
detail props          [variable]           1/12       ( 8.3%) 
static props          [variable]           1/216      ( 0.5%) 
pakfile               [variable]      319827/0        ( 0.0%) 
physics               [variable]       46353/4194304  ( 1.1%) 
physics terrain       [variable]           2/1048576  ( 0.0%) 

Level flags = 0

Total triangle count: 2277
Writing c:\program files (x86)\steam\steamapps\common\sourcesdk_content\hl2mp\mapsrc\test.bsp
3 seconds elapsed



materialPath: C:\Program Files (x86)\Steam\steamapps\common\Half-Life 2 Deathmatch\hl2mp\materials
Loading c:\program files (x86)\steam\steamapps\common\sourcesdk_content\hl2mp\mapsrc\test.vmf
ConVarRef mat_reduceparticles doesn't point to an existing ConVar
Could not locate 'GameData' key in c:\program files (x86)\steam\steamapps\common\half-life 2 deathmatch\hl2mp\gameinfo.txt
Patching WVT material: maps/test/dev/dev_blendmeasure_wvt_patch
fixing up env_cubemap materials on brush sides...
0...1...2...3...4...5...6...7...8...9...100...1...2...3...4...5...6...7...8...9...10Processing areas...done (0)
Building Faces...done (0)
FixTjuncs...
PruneNodes...
WriteBSP...
done (0)
writing c:\program files (x86)\steam\steamapps\common\sourcesdk_content\hl2mp\mapsrc\test.prt...Building visibility clusters...
done (0)
Creating default LDR cubemaps for env_cubemap using skybox materials:
   skybox/sky_day01_01*.vmt
 ! Run buildcubemaps in the engine to get the correct cube maps.
Creating default HDR cubemaps for env_cubemap using skybox materials:
   skybox/sky_day01_01*.vmt
 ! Run buildcubemaps in the engine to get the correct cube maps.
Finding displacement neighbors...
Finding lightmap sample positions...
Displacement Alpha : 0...1...2...3...4...5...6...7...8...9...10
Building Physics collision data...
done (0) (46353 bytes)
Placing detail props : 0...1...2...3...4...5...6...7...8...9...10
Compacting texture/material tables...
Reduced 281 texinfos to 137
Reduced 28 texdatas to 20 (905 bytes to 662)
Writing c:\program files (x86)\steam\steamapps\common\sourcesdk_content\hl2mp\mapsrc\test.bsp
Wrote ZIP buffer, estimated size 321783, actual size 319827
0 seconds elapsed



12 threads
reading c:\program files (x86)\steam\steamapps\common\sourcesdk_content\hl2mp\mapsrc\test.bsp
reading c:\program files (x86)\steam\steamapps\common\sourcesdk_content\hl2mp\mapsrc\test.prt
  47 portalclusters
 128 numportals
0...1...2...3...4...5...6...7...8...9...10Optimized: 63 visible clusters (3.09%)
Total clusters visible: 2042
Average clusters visible: 43
Building PAS...
Average clusters audible: 47
visdatasize:950  compressed from 752
writing c:\program files (x86)\steam\steamapps\common\sourcesdk_content\hl2mp\mapsrc\test.bsp
0 seconds elapsed



[Reading texlights from 'lights.rad']
[45 texlights parsed from 'lights.rad']

Loading c:\program files (x86)\steam\steamapps\common\sourcesdk_content\hl2mp\mapsrc\test.bsp
901 faces
37044 square feet [5334446.00 square inches]
0 Displacements
0 Square Feet [0.00 Square Inches]
901 patches before subdivision
52027 patches after subdivision
6 direct lights
0...1...2...3...4...5...6...7...8...9...100...1...2...3...4...5...6...7...8...9...10transfers 5578787, max 607
transfer lists:  42.6 megs
0...1...2...3...4...5...6...7...8...9...10	Bounce #1 added RGB(6835, 6394, 4562)
0...1...2...3...4...5...6...7...8...9...10	Bounce #2 added RGB(6167, 5347, 3428)
Build Patch/Sample Hash Table(s).....Done<0.0109 sec>
0...1...2...3...4...5...6...7...8...9...10FinalLightFace Done
0 of 0 (0% of) surface lights went in leaf ambient cubes.
0...1...2...3...4...5...6...7...8...9...10Writing leaf ambient...done
Ready to Finish

Object names       Objects/Maxobjs  Memory / Maxmem  Fullness 
------------       ---------------  ---------------  -------- 
models                  37/1024         1776/49152    ( 3.6%) 
brushes                 90/8192         1080/98304    ( 1.1%) 
brushsides             632/65536        5056/524288   ( 1.0%) 
planes                 762/65536       15240/1310720  ( 1.2%) 
vertexes              1245/65536       14940/786432   ( 1.9%) 
nodes                  449/65536       14368/2097152  ( 0.7%) 
texinfos               137/12288        9864/884736   ( 1.1%) 
texdata                 20/2048          640/65536    ( 1.0%) 
dispinfos                0/0               0/0        ( 0.0%) 
disp_verts               0/0               0/0        ( 0.0%) 
disp_tris                0/0               0/0        ( 0.0%) 
disp_lmsamples           0/0               0/0        ( 0.0%) 
faces                  901/65536       50456/3670016  ( 1.4%) 
hdr faces                0/65536           0/3670016  ( 0.0%) 
origfaces              398/65536       22288/3670016  ( 0.6%) 
leaves                 487/65536       15584/2097152  ( 0.7%) 
leaffaces             1143/65536        2286/131072   ( 1.7%) 
leafbrushes            118/65536         236/131072   ( 0.2%) 
areas                    2/256            16/2048     ( 0.8%) 
surfedges             5719/512000      22876/2048000  ( 1.1%) 
edges                 2975/256000      11900/1024000  ( 1.2%) 
LDR worldlights          6/8192          528/720896   ( 0.1%) 
HDR worldlights          0/8192            0/720896   ( 0.0%) 
leafwaterdata            1/32768          12/393216   ( 0.0%) 
waterstrips             30/32768         300/327680   ( 0.1%) 
waterverts               0/65536           0/786432   ( 0.0%) 
waterindices           420/65536         840/131072   ( 0.6%) 
cubemapsamples           2/1024           32/16384    ( 0.2%) 
overlays                 0/512             0/180224   ( 0.0%) 
LDR lightdata         [variable]    10446832/0        ( 0.0%) 
HDR lightdata         [variable]           0/0        ( 0.0%) 
visdata               [variable]         950/16777216 ( 0.0%) 
entdata               [variable]       33902/393216   ( 8.6%) 
LDR ambient table      487/65536        1948/262144   ( 0.7%) 
HDR ambient table      487/65536        1948/262144   ( 0.7%) 
LDR leaf ambient       687/65536       19236/1835008  ( 1.0%) 
HDR leaf ambient       487/65536       13636/1835008  ( 0.7%) 
occluders                0/0               0/0        ( 0.0%) 
occluder polygons        0/0               0/0        ( 0.0%) 
occluder vert ind        0/0               0/0        ( 0.0%) 
detail props          [variable]           1/12       ( 8.3%) 
static props          [variable]           1/216      ( 0.5%) 
pakfile               [variable]      319827/0        ( 0.0%) 
physics               [variable]       46353/4194304  ( 1.1%) 
physics terrain       [variable]           2/1048576  ( 0.0%) 

Level flags = 0

Total triangle count: 2277
Writing c:\program files (x86)\steam\steamapps\common\sourcesdk_content\hl2mp\mapsrc\test.bsp
3 seconds elapsed



materialPath: C:\Program Files (x86)\Steam\steamapps\common\Half-Life 2 Deathmatch\hl2mp\materials
Loading c:\program files (x86)\steam\steamapps\common\sourcesdk_content\hl2mp\mapsrc\test.vmf
ConVarRef mat_reduceparticles doesn't point to an existing ConVar
Could not locate 'GameData' key in c:\program files (x86)\steam\steamapps\common\half-life 2 deathmatch\hl2mp\gameinfo.txt
Patching WVT material: maps/test/dev/dev_blendmeasure_wvt_patch
fixing up env_cubemap materials on brush sides...
0...1...2...3...4...5...6...7...8...9...100...1...2...3...4...5...6...7...8...9...10Processing areas...done (0)
Building Faces...done (0)
FixTjuncs...
PruneNodes...
WriteBSP...
done (0)
writing c:\program files (x86)\steam\steamapps\common\sourcesdk_content\hl2mp\mapsrc\test.prt...Building visibility clusters...
done (0)
Creating default LDR cubemaps for env_cubemap using skybox materials:
   skybox/sky_day01_01*.vmt
 ! Run buildcubemaps in the engine to get the correct cube maps.
Creating default HDR cubemaps for env_cubemap using skybox materials:
   skybox/sky_day01_01*.vmt
 ! Run buildcubemaps in the engine to get the correct cube maps.
Finding displacement neighbors...
Finding lightmap sample positions...
Displacement Alpha : 0...1...2...3...4...5...6...7...8...9...10
Building Physics collision data...
done (0) (46353 bytes)
Placing detail props : 0...1...2...3...4...5...6...7...8...9...10
Compacting texture/material tables...
Reduced 281 texinfos to 137
Reduced 28 texdatas to 20 (905 bytes to 662)
Writing c:\program files (x86)\steam\steamapps\common\sourcesdk_content\hl2mp\mapsrc\test.bsp
Wrote ZIP buffer, estimated size 321783, actual size 319827
0 seconds elapsed



12 threads
reading c:\program files (x86)\steam\steamapps\common\sourcesdk_content\hl2mp\mapsrc\test.bsp
reading c:\program files (x86)\steam\steamapps\common\sourcesdk_content\hl2mp\mapsrc\test.prt
  47 portalclusters
 128 numportals
0...1...2...3...4...5...6...7...8...9...10Optimized: 63 visible clusters (3.09%)
Total clusters visible: 2042
Average clusters visible: 43
Building PAS...
Average clusters audible: 47
visdatasize:950  compressed from 752
writing c:\program files (x86)\steam\steamapps\common\sourcesdk_content\hl2mp\mapsrc\test.bsp
0 seconds elapsed



[Reading texlights from 'lights.rad']
[45 texlights parsed from 'lights.rad']

Loading c:\program files (x86)\steam\steamapps\common\sourcesdk_content\hl2mp\mapsrc\test.bsp
901 faces
37044 square feet [5334446.00 square inches]
0 Displacements
0 Square Feet [0.00 Square Inches]
901 patches before subdivision
52027 patches after subdivision
6 direct lights
0...1...2...3...4...5...6...7...8...9...100...1...2...3...4...5...6...7...8...9...10transfers 5578787, max 607
transfer lists:  42.6 megs
0...1...2...3...4...5...6...7...8...9...10	Bounce #1 added RGB(6835, 6394, 4562)
0...1...2...3...4...5...6...7...8...9...10	Bounce #2 added RGB(6167, 5347, 3428)
Build Patch/Sample Hash Table(s).....Done<0.0118 sec>
0...1...2...3...4...5...6...7...8...9...10FinalLightFace Done
0 of 0 (0% of) surface lights went in leaf ambient cubes.
0...1...2...3...4...5...6...7...8...9...10Writing leaf ambient...done
Ready to Finish

Object names       Objects/Maxobjs  Memory / Maxmem  Fullness 
------------       ---------------  ---------------  -------- 
models                  37/1024         1776/49152    ( 3.6%) 
brushes                 90/8192         1080/98304    ( 1.1%) 
brushsides             632/65536        5056/524288   ( 1.0%) 
planes                 762/65536       15240/1310720  ( 1.2%) 
vertexes              1245/65536       14940/786432   ( 1.9%) 
nodes                  449/65536       14368/2097152  ( 0.7%) 
texinfos               137/12288        9864/884736   ( 1.1%) 
texdata                 20/2048          640/65536    ( 1.0%) 
dispinfos                0/0               0/0        ( 0.0%) 
disp_verts               0/0               0/0        ( 0.0%) 
disp_tris                0/0               0/0        ( 0.0%) 
disp_lmsamples           0/0               0/0        ( 0.0%) 
faces                  901/65536       50456/3670016  ( 1.4%) 
hdr faces                0/65536           0/3670016  ( 0.0%) 
origfaces              398/65536       22288/3670016  ( 0.6%) 
leaves                 487/65536       15584/2097152  ( 0.7%) 
leaffaces             1143/65536        2286/131072   ( 1.7%) 
leafbrushes            118/65536         236/131072   ( 0.2%) 
areas                    2/256            16/2048     ( 0.8%) 
surfedges             5719/512000      22876/2048000  ( 1.1%) 
edges                 2975/256000      11900/1024000  ( 1.2%) 
LDR worldlights          6/8192          528/720896   ( 0.1%) 
HDR worldlights          0/8192            0/720896   ( 0.0%) 
leafwaterdata            1/32768          12/393216   ( 0.0%) 
waterstrips             30/32768         300/327680   ( 0.1%) 
waterverts               0/65536           0/786432   ( 0.0%) 
waterindices           420/65536         840/131072   ( 0.6%) 
cubemapsamples           2/1024           32/16384    ( 0.2%) 
overlays                 0/512             0/180224   ( 0.0%) 
LDR lightdata         [variable]    10446832/0        ( 0.0%) 
HDR lightdata         [variable]           0/0        ( 0.0%) 
visdata               [variable]         950/16777216 ( 0.0%) 
entdata               [variable]       33902/393216   ( 8.6%) 
LDR ambient table      487/65536        1948/262144   ( 0.7%) 
HDR ambient table      487/65536        1948/262144   ( 0.7%) 
LDR leaf ambient       687/65536       19236/1835008  ( 1.0%) 
HDR leaf ambient       487/65536       13636/1835008  ( 0.7%) 
occluders                0/0               0/0        ( 0.0%) 
occluder polygons        0/0               0/0        ( 0.0%) 
occluder vert ind        0/0               0/0        ( 0.0%) 
detail props          [variable]           1/12       ( 8.3%) 
static props          [variable]           1/216      ( 0.5%) 
pakfile               [variable]      319827/0        ( 0.0%) 
physics               [variable]       46353/4194304  ( 1.1%) 
physics terrain       [variable]           2/1048576  ( 0.0%) 

Level flags = 0

Total triangle count: 2277
Writing c:\program files (x86)\steam\steamapps\common\sourcesdk_content\hl2mp\mapsrc\test.bsp
3 seconds elapsed



materialPath: C:\Program Files (x86)\Steam\steamapps\common\Half-Life 2 Deathmatch\hl2mp\materials
Loading c:\program files (x86)\steam\steamapps\common\sourcesdk_content\hl2mp\mapsrc\test.vmf
ConVarRef mat_reduceparticles doesn't point to an existing ConVar
Could not locate 'GameData' key in c:\program files (x86)\steam\steamapps\common\half-life 2 deathmatch\hl2mp\gameinfo.txt
Patching WVT material: maps/test/dev/dev_blendmeasure_wvt_patch
fixing up env_cubemap materials on brush sides...
0...1...2...3...4...5...6...7...8...9...100...1...2...3...4...5...6...7...8...9...10Processing areas...done (0)
Building Faces...done (0)
FixTjuncs...
PruneNodes...
WriteBSP...
done (0)
writing c:\program files (x86)\steam\steamapps\common\sourcesdk_content\hl2mp\mapsrc\test.prt...Building visibility clusters...
done (0)
Creating default LDR cubemaps for env_cubemap using skybox materials:
   skybox/sky_day01_01*.vmt
 ! Run buildcubemaps in the engine to get the correct cube maps.
Creating default HDR cubemaps for env_cubemap using skybox materials:
   skybox/sky_day01_01*.vmt
 ! Run buildcubemaps in the engine to get the correct cube maps.
Finding displacement neighbors...
Finding lightmap sample positions...
Displacement Alpha : 0...1...2...3...4...5...6...7...8...9...10
Building Physics collision data...
done (0) (46353 bytes)
Placing detail props : 0...1...2...3...4...5...6...7...8...9...10
Compacting texture/material tables...
Reduced 282 texinfos to 138
Reduced 28 texdatas to 20 (905 bytes to 662)
Writing c:\program files (x86)\steam\steamapps\common\sourcesdk_content\hl2mp\mapsrc\test.bsp
Wrote ZIP buffer, estimated size 321783, actual size 319827
0 seconds elapsed



12 threads
reading c:\program files (x86)\steam\steamapps\common\sourcesdk_content\hl2mp\mapsrc\test.bsp
reading c:\program files (x86)\steam\steamapps\common\sourcesdk_content\hl2mp\mapsrc\test.prt
  47 portalclusters
 128 numportals
0...1...2...3...4...5...6...7...8...9...10Optimized: 63 visible clusters (3.09%)
Total clusters visible: 2042
Average clusters visible: 43
Building PAS...
Average clusters audible: 47
visdatasize:950  compressed from 752
writing c:\program files (x86)\steam\steamapps\common\sourcesdk_content\hl2mp\mapsrc\test.bsp
0 seconds elapsed



[Reading texlights from 'lights.rad']
[45 texlights parsed from 'lights.rad']

Loading c:\program files (x86)\steam\steamapps\common\sourcesdk_content\hl2mp\mapsrc\test.bsp
901 faces
37044 square feet [5334446.00 square inches]
0 Displacements
0 Square Feet [0.00 Square Inches]
901 patches before subdivision
52027 patches after subdivision
6 direct lights
0...1...2...3...4...5...6...7...8...9...100...1...2...3...4...5...6...7...8...9...10transfers 5578787, max 607
transfer lists:  42.6 megs
0...1...2...3...4...5...6...7...8...9...10	Bounce #1 added RGB(6835, 6394, 4562)
0...1...2...3...4...5...6...7...8...9...10	Bounce #2 added RGB(6167, 5347, 3428)
Build Patch/Sample Hash Table(s).....Done<0.0110 sec>
0...1...2...3...4...5...6...7...8...9...10FinalLightFace Done
0 of 0 (0% of) surface lights went in leaf ambient cubes.
0...1...2...3...4...5...6...7...8...9...10Writing leaf ambient...done
Ready to Finish

Object names       Objects/Maxobjs  Memory / Maxmem  Fullness 
------------       ---------------  ---------------  -------- 
models                  37/1024         1776/49152    ( 3.6%) 
brushes                 90/8192         1080/98304    ( 1.1%) 
brushsides             632/65536        5056/524288   ( 1.0%) 
planes                 770/65536       15400/1310720  ( 1.2%) 
vertexes              1245/65536       14940/786432   ( 1.9%) 
nodes                  449/65536       14368/2097152  ( 0.7%) 
texinfos               138/12288        9936/884736   ( 1.1%) 
texdata                 20/2048          640/65536    ( 1.0%) 
dispinfos                0/0               0/0        ( 0.0%) 
disp_verts               0/0               0/0        ( 0.0%) 
disp_tris                0/0               0/0        ( 0.0%) 
disp_lmsamples           0/0               0/0        ( 0.0%) 
faces                  901/65536       50456/3670016  ( 1.4%) 
hdr faces                0/65536           0/3670016  ( 0.0%) 
origfaces              398/65536       22288/3670016  ( 0.6%) 
leaves                 487/65536       15584/2097152  ( 0.7%) 
leaffaces             1143/65536        2286/131072   ( 1.7%) 
leafbrushes            118/65536         236/131072   ( 0.2%) 
areas                    2/256            16/2048     ( 0.8%) 
surfedges             5719/512000      22876/2048000  ( 1.1%) 
edges                 2975/256000      11900/1024000  ( 1.2%) 
LDR worldlights          6/8192          528/720896   ( 0.1%) 
HDR worldlights          0/8192            0/720896   ( 0.0%) 
leafwaterdata            1/32768          12/393216   ( 0.0%) 
waterstrips             30/32768         300/327680   ( 0.1%) 
waterverts               0/65536           0/786432   ( 0.0%) 
waterindices           420/65536         840/131072   ( 0.6%) 
cubemapsamples           2/1024           32/16384    ( 0.2%) 
overlays                 0/512             0/180224   ( 0.0%) 
LDR lightdata         [variable]    10446832/0        ( 0.0%) 
HDR lightdata         [variable]           0/0        ( 0.0%) 
visdata               [variable]         950/16777216 ( 0.0%) 
entdata               [variable]       33925/393216   ( 8.6%) 
LDR ambient table      487/65536        1948/262144   ( 0.7%) 
HDR ambient table      487/65536        1948/262144   ( 0.7%) 
LDR leaf ambient       687/65536       19236/1835008  ( 1.0%) 
HDR leaf ambient       487/65536       13636/1835008  ( 0.7%) 
occluders                0/0               0/0        ( 0.0%) 
occluder polygons        0/0               0/0        ( 0.0%) 
occluder vert ind        0/0               0/0        ( 0.0%) 
detail props          [variable]           1/12       ( 8.3%) 
static props          [variable]           1/216      ( 0.5%) 
pakfile               [variable]      319827/0        ( 0.0%) 
physics               [variable]       46353/4194304  ( 1.1%) 
physics terrain       [variable]           2/1048576  ( 0.0%) 

Level flags = 0

Total triangle count: 2277
Writing c:\program files (x86)\steam\steamapps\common\sourcesdk_content\hl2mp\mapsrc\test.bsp
3 seconds elapsed



materialPath: C:\Program Files (x86)\Steam\steamapps\common\Half-Life 2 Deathmatch\hl2mp\materials
Loading c:\program files (x86)\steam\steamapps\common\sourcesdk_content\hl2mp\mapsrc\test.vmf
ConVarRef mat_reduceparticles doesn't point to an existing ConVar
Could not locate 'GameData' key in c:\program files (x86)\steam\steamapps\common\half-life 2 deathmatch\hl2mp\gameinfo.txt
Patching WVT material: maps/test/dev/dev_blendmeasure_wvt_patch
fixing up env_cubemap materials on brush sides...
0...1...2...3...4...5...6...7...8...9...100...1...2...3...4...5...6...7...8...9...10Processing areas...done (0)
Building Faces...done (0)
FixTjuncs...
PruneNodes...
WriteBSP...
done (0)
writing c:\program files (x86)\steam\steamapps\common\sourcesdk_content\hl2mp\mapsrc\test.prt...Building visibility clusters...
done (0)
Creating default LDR cubemaps for env_cubemap using skybox materials:
   skybox/sky_day01_01*.vmt
 ! Run buildcubemaps in the engine to get the correct cube maps.
Creating default HDR cubemaps for env_cubemap using skybox materials:
   skybox/sky_day01_01*.vmt
 ! Run buildcubemaps in the engine to get the correct cube maps.
Finding displacement neighbors...
Finding lightmap sample positions...
Displacement Alpha : 0...1...2...3...4...5...6...7...8...9...10
Building Physics collision data...
done (0) (46353 bytes)
Placing detail props : 0...1...2...3...4...5...6...7...8...9...10
Compacting texture/material tables...
Reduced 282 texinfos to 138
Reduced 28 texdatas to 20 (905 bytes to 662)
Writing c:\program files (x86)\steam\steamapps\common\sourcesdk_content\hl2mp\mapsrc\test.bsp
Wrote ZIP buffer, estimated size 321783, actual size 319827
0 seconds elapsed



12 threads
reading c:\program files (x86)\steam\steamapps\common\sourcesdk_content\hl2mp\mapsrc\test.bsp
reading c:\program files (x86)\steam\steamapps\common\sourcesdk_content\hl2mp\mapsrc\test.prt
  47 portalclusters
 128 numportals
0...1...2...3...4...5...6...7...8...9...10Optimized: 63 visible clusters (3.09%)
Total clusters visible: 2042
Average clusters visible: 43
Building PAS...
Average clusters audible: 47
visdatasize:950  compressed from 752
writing c:\program files (x86)\steam\steamapps\common\sourcesdk_content\hl2mp\mapsrc\test.bsp
0 seconds elapsed



[Reading texlights from 'lights.rad']
[45 texlights parsed from 'lights.rad']

Loading c:\program files (x86)\steam\steamapps\common\sourcesdk_content\hl2mp\mapsrc\test.bsp
901 faces
37044 square feet [5334446.00 square inches]
0 Displacements
0 Square Feet [0.00 Square Inches]
901 patches before subdivision
52027 patches after subdivision
6 direct lights
0...1...2...3...4...5...6...7...8...9...100...1...2...3...4...5...6...7...8...9...10transfers 5578787, max 607
transfer lists:  42.6 megs
0...1...2...3...4...5...6...7...8...9...10	Bounce #1 added RGB(6835, 6394, 4562)
0...1...2...3...4...5...6...7...8...9...10	Bounce #2 added RGB(6167, 5347, 3428)
Build Patch/Sample Hash Table(s).....Done<0.0109 sec>
0...1...2...3...4...5...6...7...8...9...10FinalLightFace Done
0 of 0 (0% of) surface lights went in leaf ambient cubes.
0...1...2...3...4...5...6...7...8...9...10Writing leaf ambient...done
Ready to Finish

Object names       Objects/Maxobjs  Memory / Maxmem  Fullness 
------------       ---------------  ---------------  -------- 
models                  37/1024         1776/49152    ( 3.6%) 
brushes                 90/8192         1080/98304    ( 1.1%) 
brushsides             632/65536        5056/524288   ( 1.0%) 
planes                 770/65536       15400/1310720  ( 1.2%) 
vertexes              1245/65536       14940/786432   ( 1.9%) 
nodes                  449/65536       14368/2097152  ( 0.7%) 
texinfos               138/12288        9936/884736   ( 1.1%) 
texdata                 20/2048          640/65536    ( 1.0%) 
dispinfos                0/0               0/0        ( 0.0%) 
disp_verts               0/0               0/0        ( 0.0%) 
disp_tris                0/0               0/0        ( 0.0%) 
disp_lmsamples           0/0               0/0        ( 0.0%) 
faces                  901/65536       50456/3670016  ( 1.4%) 
hdr faces                0/65536           0/3670016  ( 0.0%) 
origfaces              398/65536       22288/3670016  ( 0.6%) 
leaves                 487/65536       15584/2097152  ( 0.7%) 
leaffaces             1143/65536        2286/131072   ( 1.7%) 
leafbrushes            118/65536         236/131072   ( 0.2%) 
areas                    2/256            16/2048     ( 0.8%) 
surfedges             5719/512000      22876/2048000  ( 1.1%) 
edges                 2975/256000      11900/1024000  ( 1.2%) 
LDR worldlights          6/8192          528/720896   ( 0.1%) 
HDR worldlights          0/8192            0/720896   ( 0.0%) 
leafwaterdata            1/32768          12/393216   ( 0.0%) 
waterstrips             30/32768         300/327680   ( 0.1%) 
waterverts               0/65536           0/786432   ( 0.0%) 
waterindices           420/65536         840/131072   ( 0.6%) 
cubemapsamples           2/1024           32/16384    ( 0.2%) 
overlays                 0/512             0/180224   ( 0.0%) 
LDR lightdata         [variable]    10446832/0        ( 0.0%) 
HDR lightdata         [variable]           0/0        ( 0.0%) 
visdata               [variable]         950/16777216 ( 0.0%) 
entdata               [variable]       34451/393216   ( 8.8%) 
LDR ambient table      487/65536        1948/262144   ( 0.7%) 
HDR ambient table      487/65536        1948/262144   ( 0.7%) 
LDR leaf ambient       687/65536       19236/1835008  ( 1.0%) 
HDR leaf ambient       487/65536       13636/1835008  ( 0.7%) 
occluders                0/0               0/0        ( 0.0%) 
occluder polygons        0/0               0/0        ( 0.0%) 
occluder vert ind        0/0               0/0        ( 0.0%) 
detail props          [variable]           1/12       ( 8.3%) 
static props          [variable]           1/216      ( 0.5%) 
pakfile               [variable]      319827/0        ( 0.0%) 
physics               [variable]       46353/4194304  ( 1.1%) 
physics terrain       [variable]           2/1048576  ( 0.0%) 

Level flags = 0

Total triangle count: 2277
Writing c:\program files (x86)\steam\steamapps\common\sourcesdk_content\hl2mp\mapsrc\test.bsp
3 seconds elapsed



materialPath: C:\Program Files (x86)\Steam\steamapps\common\Half-Life 2 Deathmatch\hl2mp\materials
Loading c:\program files (x86)\steam\steamapps\common\sourcesdk_content\hl2mp\mapsrc\test.vmf
ConVarRef mat_reduceparticles doesn't point to an existing ConVar
Could not locate 'GameData' key in c:\program files (x86)\steam\steamapps\common\half-life 2 deathmatch\hl2mp\gameinfo.txt
Patching WVT material: maps/test/dev/dev_blendmeasure_wvt_patch
fixing up env_cubemap materials on brush sides...
0...1...2...3...4...5...6...7...8...9...100...1...2...3...4...5...6...7...8...9...10Processing areas...done (0)
Building Faces...done (0)
FixTjuncs...
PruneNodes...
WriteBSP...
done (0)
writing c:\program files (x86)\steam\steamapps\common\sourcesdk_content\hl2mp\mapsrc\test.prt...Building visibility clusters...
done (0)
Creating default LDR cubemaps for env_cubemap using skybox materials:
   skybox/sky_day01_01*.vmt
 ! Run buildcubemaps in the engine to get the correct cube maps.
Creating default HDR cubemaps for env_cubemap using skybox materials:
   skybox/sky_day01_01*.vmt
 ! Run buildcubemaps in the engine to get the correct cube maps.
Finding displacement neighbors...
Finding lightmap sample positions...
Displacement Alpha : 0...1...2...3...4...5...6...7...8...9...10
Building Physics collision data...
done (0) (46353 bytes)
Placing detail props : 0...1...2...3...4...5...6...7...8...9...10
Compacting texture/material tables...
Reduced 282 texinfos to 138
Reduced 28 texdatas to 20 (905 bytes to 662)
Writing c:\program files (x86)\steam\steamapps\common\sourcesdk_content\hl2mp\mapsrc\test.bsp
Wrote ZIP buffer, estimated size 321783, actual size 319827
0 seconds elapsed



12 threads
reading c:\program files (x86)\steam\steamapps\common\sourcesdk_content\hl2mp\mapsrc\test.bsp
reading c:\program files (x86)\steam\steamapps\common\sourcesdk_content\hl2mp\mapsrc\test.prt
  47 portalclusters
 128 numportals
0...1...2...3...4...5...6...7...8...9...10Optimized: 63 visible clusters (3.09%)
Total clusters visible: 2042
Average clusters visible: 43
Building PAS...
Average clusters audible: 47
visdatasize:950  compressed from 752
writing c:\program files (x86)\steam\steamapps\common\sourcesdk_content\hl2mp\mapsrc\test.bsp
0 seconds elapsed



[Reading texlights from 'lights.rad']
[45 texlights parsed from 'lights.rad']

Loading c:\program files (x86)\steam\steamapps\common\sourcesdk_content\hl2mp\mapsrc\test.bsp
901 faces
37044 square feet [5334446.00 square inches]
0 Displacements
0 Square Feet [0.00 Square Inches]
901 patches before subdivision
52027 patches after subdivision
6 direct lights
0...1...2...3...4...5...6...7...8...9...100...1...2...3...4...5...6...7...8...9...10transfers 5578787, max 607
transfer lists:  42.6 megs
0...1...2...3...4...5...6...7...8...9...10	Bounce #1 added RGB(6835, 6394, 4562)
0...1...2...3...4...5...6...7...8...9...10	Bounce #2 added RGB(6167, 5347, 3428)
Build Patch/Sample Hash Table(s).....Done<0.0110 sec>
0...1...2...3...4...5...6...7...8...9...10FinalLightFace Done
0 of 0 (0% of) surface lights went in leaf ambient cubes.
0...1...2...3...4...5...6...7...8...9...10Writing leaf ambient...done
Ready to Finish

Object names       Objects/Maxobjs  Memory / Maxmem  Fullness 
------------       ---------------  ---------------  -------- 
models                  37/1024         1776/49152    ( 3.6%) 
brushes                 90/8192         1080/98304    ( 1.1%) 
brushsides             632/65536        5056/524288   ( 1.0%) 
planes                 770/65536       15400/1310720  ( 1.2%) 
vertexes              1245/65536       14940/786432   ( 1.9%) 
nodes                  449/65536       14368/2097152  ( 0.7%) 
texinfos               138/12288        9936/884736   ( 1.1%) 
texdata                 20/2048          640/65536    ( 1.0%) 
dispinfos                0/0               0/0        ( 0.0%) 
disp_verts               0/0               0/0        ( 0.0%) 
disp_tris                0/0               0/0        ( 0.0%) 
disp_lmsamples           0/0               0/0        ( 0.0%) 
faces                  901/65536       50456/3670016  ( 1.4%) 
hdr faces                0/65536           0/3670016  ( 0.0%) 
origfaces              398/65536       22288/3670016  ( 0.6%) 
leaves                 487/65536       15584/2097152  ( 0.7%) 
leaffaces             1143/65536        2286/131072   ( 1.7%) 
leafbrushes            118/65536         236/131072   ( 0.2%) 
areas                    2/256            16/2048     ( 0.8%) 
surfedges             5719/512000      22876/2048000  ( 1.1%) 
edges                 2975/256000      11900/1024000  ( 1.2%) 
LDR worldlights          6/8192          528/720896   ( 0.1%) 
HDR worldlights          0/8192            0/720896   ( 0.0%) 
leafwaterdata            1/32768          12/393216   ( 0.0%) 
waterstrips             30/32768         300/327680   ( 0.1%) 
waterverts               0/65536           0/786432   ( 0.0%) 
waterindices           420/65536         840/131072   ( 0.6%) 
cubemapsamples           2/1024           32/16384    ( 0.2%) 
overlays                 0/512             0/180224   ( 0.0%) 
LDR lightdata         [variable]    10446832/0        ( 0.0%) 
HDR lightdata         [variable]           0/0        ( 0.0%) 
visdata               [variable]         950/16777216 ( 0.0%) 
entdata               [variable]       34448/393216   ( 8.8%) 
LDR ambient table      487/65536        1948/262144   ( 0.7%) 
HDR ambient table      487/65536        1948/262144   ( 0.7%) 
LDR leaf ambient       687/65536       19236/1835008  ( 1.0%) 
HDR leaf ambient       487/65536       13636/1835008  ( 0.7%) 
occluders                0/0               0/0        ( 0.0%) 
occluder polygons        0/0               0/0        ( 0.0%) 
occluder vert ind        0/0               0/0        ( 0.0%) 
detail props          [variable]           1/12       ( 8.3%) 
static props          [variable]           1/216      ( 0.5%) 
pakfile               [variable]      319827/0        ( 0.0%) 
physics               [variable]       46353/4194304  ( 1.1%) 
physics terrain       [variable]           2/1048576  ( 0.0%) 

Level flags = 0

Total triangle count: 2277
Writing c:\program files (x86)\steam\steamapps\common\sourcesdk_content\hl2mp\mapsrc\test.bsp
3 seconds elapsed



materialPath: C:\Program Files (x86)\Steam\steamapps\common\Half-Life 2 Deathmatch\hl2mp\materials
Loading c:\program files (x86)\steam\steamapps\common\sourcesdk_content\hl2mp\mapsrc\test.vmf
ConVarRef mat_reduceparticles doesn't point to an existing ConVar
Could not locate 'GameData' key in c:\program files (x86)\steam\steamapps\common\half-life 2 deathmatch\hl2mp\gameinfo.txt
Patching WVT material: maps/test/dev/dev_blendmeasure_wvt_patch
fixing up env_cubemap materials on brush sides...
0...1...2...3...4...5...6...7...8...9...100...1...2...3...4...5...6...7...8...9...10Processing areas...done (0)
Building Faces...done (0)
FixTjuncs...
PruneNodes...
WriteBSP...
done (0)
writing c:\program files (x86)\steam\steamapps\common\sourcesdk_content\hl2mp\mapsrc\test.prt...Building visibility clusters...
done (0)
Creating default LDR cubemaps for env_cubemap using skybox materials:
   skybox/sky_day01_01*.vmt
 ! Run buildcubemaps in the engine to get the correct cube maps.
Creating default HDR cubemaps for env_cubemap using skybox materials:
   skybox/sky_day01_01*.vmt
 ! Run buildcubemaps in the engine to get the correct cube maps.
Finding displacement neighbors...
Finding lightmap sample positions...
Displacement Alpha : 0...1...2...3...4...5...6...7...8...9...10
Building Physics collision data...
done (0) (46353 bytes)
Placing detail props : 0...1...2...3...4...5...6...7...8...9...10
Compacting texture/material tables...
Reduced 282 texinfos to 138
Reduced 28 texdatas to 20 (905 bytes to 662)
Writing c:\program files (x86)\steam\steamapps\common\sourcesdk_content\hl2mp\mapsrc\test.bsp
Wrote ZIP buffer, estimated size 321783, actual size 319827
0 seconds elapsed



12 threads
reading c:\program files (x86)\steam\steamapps\common\sourcesdk_content\hl2mp\mapsrc\test.bsp
reading c:\program files (x86)\steam\steamapps\common\sourcesdk_content\hl2mp\mapsrc\test.prt
  47 portalclusters
 128 numportals
0...1...2...3...4...5...6...7...8...9...10Optimized: 63 visible clusters (3.09%)
Total clusters visible: 2042
Average clusters visible: 43
Building PAS...
Average clusters audible: 47
visdatasize:950  compressed from 752
writing c:\program files (x86)\steam\steamapps\common\sourcesdk_content\hl2mp\mapsrc\test.bsp
0 seconds elapsed



[Reading texlights from 'lights.rad']
[45 texlights parsed from 'lights.rad']

Loading c:\program files (x86)\steam\steamapps\common\sourcesdk_content\hl2mp\mapsrc\test.bsp
901 faces
37044 square feet [5334446.00 square inches]
0 Displacements
0 Square Feet [0.00 Square Inches]
901 patches before subdivision
52027 patches after subdivision
6 direct lights
0...1...2...3...4...5...6...7...8...9...100...1...2...3...4...5...6...7...8...9...10transfers 5578787, max 607
transfer lists:  42.6 megs
0...1...2...3...4...5...6...7...8...9...10	Bounce #1 added RGB(6835, 6394, 4562)
0...1...2...3...4...5...6...7...8...9...10	Bounce #2 added RGB(6167, 5347, 3428)
Build Patch/Sample Hash Table(s).....Done<0.0109 sec>
0...1...2...3...4...5...6...7...8...9...10FinalLightFace Done
0 of 0 (0% of) surface lights went in leaf ambient cubes.
0...1...2...3...4...5...6...7...8...9...10Writing leaf ambient...done
Ready to Finish

Object names       Objects/Maxobjs  Memory / Maxmem  Fullness 
------------       ---------------  ---------------  -------- 
models                  37/1024         1776/49152    ( 3.6%) 
brushes                 90/8192         1080/98304    ( 1.1%) 
brushsides             632/65536        5056/524288   ( 1.0%) 
planes                 770/65536       15400/1310720  ( 1.2%) 
vertexes              1245/65536       14940/786432   ( 1.9%) 
nodes                  449/65536       14368/2097152  ( 0.7%) 
texinfos               138/12288        9936/884736   ( 1.1%) 
texdata                 20/2048          640/65536    ( 1.0%) 
dispinfos                0/0               0/0        ( 0.0%) 
disp_verts               0/0               0/0        ( 0.0%) 
disp_tris                0/0               0/0        ( 0.0%) 
disp_lmsamples           0/0               0/0        ( 0.0%) 
faces                  901/65536       50456/3670016  ( 1.4%) 
hdr faces                0/65536           0/3670016  ( 0.0%) 
origfaces              398/65536       22288/3670016  ( 0.6%) 
leaves                 487/65536       15584/2097152  ( 0.7%) 
leaffaces             1143/65536        2286/131072   ( 1.7%) 
leafbrushes            118/65536         236/131072   ( 0.2%) 
areas                    2/256            16/2048     ( 0.8%) 
surfedges             5719/512000      22876/2048000  ( 1.1%) 
edges                 2975/256000      11900/1024000  ( 1.2%) 
LDR worldlights          6/8192          528/720896   ( 0.1%) 
HDR worldlights          0/8192            0/720896   ( 0.0%) 
leafwaterdata            1/32768          12/393216   ( 0.0%) 
waterstrips             30/32768         300/327680   ( 0.1%) 
waterverts               0/65536           0/786432   ( 0.0%) 
waterindices           420/65536         840/131072   ( 0.6%) 
cubemapsamples           2/1024           32/16384    ( 0.2%) 
overlays                 0/512             0/180224   ( 0.0%) 
LDR lightdata         [variable]    10446832/0        ( 0.0%) 
HDR lightdata         [variable]           0/0        ( 0.0%) 
visdata               [variable]         950/16777216 ( 0.0%) 
entdata               [variable]       34466/393216   ( 8.8%) 
LDR ambient table      487/65536        1948/262144   ( 0.7%) 
HDR ambient table      487/65536        1948/262144   ( 0.7%) 
LDR leaf ambient       687/65536       19236/1835008  ( 1.0%) 
HDR leaf ambient       487/65536       13636/1835008  ( 0.7%) 
occluders                0/0               0/0        ( 0.0%) 
occluder polygons        0/0               0/0        ( 0.0%) 
occluder vert ind        0/0               0/0        ( 0.0%) 
detail props          [variable]           1/12       ( 8.3%) 
static props          [variable]           1/216      ( 0.5%) 
pakfile               [variable]      319827/0        ( 0.0%) 
physics               [variable]       46353/4194304  ( 1.1%) 
physics terrain       [variable]           2/1048576  ( 0.0%) 

Level flags = 0

Total triangle count: 2277
Writing c:\program files (x86)\steam\steamapps\common\sourcesdk_content\hl2mp\mapsrc\test.bsp
3 seconds elapsed



materialPath: C:\Program Files (x86)\Steam\steamapps\common\Half-Life 2 Deathmatch\hl2mp\materials
Loading c:\program files (x86)\steam\steamapps\common\sourcesdk_content\hl2mp\mapsrc\test.vmf
ConVarRef mat_reduceparticles doesn't point to an existing ConVar
Could not locate 'GameData' key in c:\program files (x86)\steam\steamapps\common\half-life 2 deathmatch\hl2mp\gameinfo.txt
Patching WVT material: maps/test/dev/dev_blendmeasure_wvt_patch
fixing up env_cubemap materials on brush sides...
0...1...2...3...4...5...6...7...8...9...100...1...2...3...4...5...6...7...8...9...10Processing areas...done (0)
Building Faces...done (0)
FixTjuncs...
PruneNodes...
WriteBSP...
done (0)
writing c:\program files (x86)\steam\steamapps\common\sourcesdk_content\hl2mp\mapsrc\test.prt...Building visibility clusters...
done (0)
Creating default LDR cubemaps for env_cubemap using skybox materials:
   skybox/sky_day01_01*.vmt
 ! Run buildcubemaps in the engine to get the correct cube maps.
Creating default HDR cubemaps for env_cubemap using skybox materials:
   skybox/sky_day01_01*.vmt
 ! Run buildcubemaps in the engine to get the correct cube maps.
Finding displacement neighbors...
Finding lightmap sample positions...
Displacement Alpha : 0...1...2...3...4...5...6...7...8...9...10
Building Physics collision data...
done (0) (46353 bytes)
Placing detail props : 0...1...2...3...4...5...6...7...8...9...10
Compacting texture/material tables...
Reduced 282 texinfos to 138
Reduced 28 texdatas to 20 (905 bytes to 662)
Writing c:\program files (x86)\steam\steamapps\common\sourcesdk_content\hl2mp\mapsrc\test.bsp
Wrote ZIP buffer, estimated size 321783, actual size 319827
0 seconds elapsed



12 threads
reading c:\program files (x86)\steam\steamapps\common\sourcesdk_content\hl2mp\mapsrc\test.bsp
reading c:\program files (x86)\steam\steamapps\common\sourcesdk_content\hl2mp\mapsrc\test.prt
  47 portalclusters
 128 numportals
0...1...2...3...4...5...6...7...8...9...10Optimized: 63 visible clusters (3.09%)
Total clusters visible: 2042
Average clusters visible: 43
Building PAS...
Average clusters audible: 47
visdatasize:950  compressed from 752
writing c:\program files (x86)\steam\steamapps\common\sourcesdk_content\hl2mp\mapsrc\test.bsp
0 seconds elapsed



[Reading texlights from 'lights.rad']
[45 texlights parsed from 'lights.rad']

Loading c:\program files (x86)\steam\steamapps\common\sourcesdk_content\hl2mp\mapsrc\test.bsp
901 faces
37044 square feet [5334446.00 square inches]
0 Displacements
0 Square Feet [0.00 Square Inches]
901 patches before subdivision
52027 patches after subdivision
6 direct lights
0...1...2...3...4...5...6...7...8...9...100...1...2...3...4...5...6...7...8...9...10transfers 5578787, max 607
transfer lists:  42.6 megs
0...1...2...3...4...5...6...7...8...9...10	Bounce #1 added RGB(6835, 6394, 4562)
0...1...2...3...4...5...6...7...8...9...10	Bounce #2 added RGB(6167, 5347, 3428)
Build Patch/Sample Hash Table(s).....Done<0.0136 sec>
0...1...2...3...4...5...6...7...8...9...10FinalLightFace Done
0 of 0 (0% of) surface lights went in leaf ambient cubes.
0...1...2...3...4...5...6...7...8...9...10Writing leaf ambient...done
Ready to Finish

Object names       Objects/Maxobjs  Memory / Maxmem  Fullness 
------------       ---------------  ---------------  -------- 
models                  37/1024         1776/49152    ( 3.6%) 
brushes                 90/8192         1080/98304    ( 1.1%) 
brushsides             632/65536        5056/524288   ( 1.0%) 
planes                 770/65536       15400/1310720  ( 1.2%) 
vertexes              1245/65536       14940/786432   ( 1.9%) 
nodes                  449/65536       14368/2097152  ( 0.7%) 
texinfos               138/12288        9936/884736   ( 1.1%) 
texdata                 20/2048          640/65536    ( 1.0%) 
dispinfos                0/0               0/0        ( 0.0%) 
disp_verts               0/0               0/0        ( 0.0%) 
disp_tris                0/0               0/0        ( 0.0%) 
disp_lmsamples           0/0               0/0        ( 0.0%) 
faces                  901/65536       50456/3670016  ( 1.4%) 
hdr faces                0/65536           0/3670016  ( 0.0%) 
origfaces              398/65536       22288/3670016  ( 0.6%) 
leaves                 487/65536       15584/2097152  ( 0.7%) 
leaffaces             1143/65536        2286/131072   ( 1.7%) 
leafbrushes            118/65536         236/131072   ( 0.2%) 
areas                    2/256            16/2048     ( 0.8%) 
surfedges             5719/512000      22876/2048000  ( 1.1%) 
edges                 2975/256000      11900/1024000  ( 1.2%) 
LDR worldlights          6/8192          528/720896   ( 0.1%) 
HDR worldlights          0/8192            0/720896   ( 0.0%) 
leafwaterdata            1/32768          12/393216   ( 0.0%) 
waterstrips             30/32768         300/327680   ( 0.1%) 
waterverts               0/65536           0/786432   ( 0.0%) 
waterindices           420/65536         840/131072   ( 0.6%) 
cubemapsamples           2/1024           32/16384    ( 0.2%) 
overlays                 0/512             0/180224   ( 0.0%) 
LDR lightdata         [variable]    10446832/0        ( 0.0%) 
HDR lightdata         [variable]           0/0        ( 0.0%) 
visdata               [variable]         950/16777216 ( 0.0%) 
entdata               [variable]       34469/393216   ( 8.8%) 
LDR ambient table      487/65536        1948/262144   ( 0.7%) 
HDR ambient table      487/65536        1948/262144   ( 0.7%) 
LDR leaf ambient       687/65536       19236/1835008  ( 1.0%) 
HDR leaf ambient       487/65536       13636/1835008  ( 0.7%) 
occluders                0/0               0/0        ( 0.0%) 
occluder polygons        0/0               0/0        ( 0.0%) 
occluder vert ind        0/0               0/0        ( 0.0%) 
detail props          [variable]           1/12       ( 8.3%) 
static props          [variable]           1/216      ( 0.5%) 
pakfile               [variable]      319827/0        ( 0.0%) 
physics               [variable]       46353/4194304  ( 1.1%) 
physics terrain       [variable]           2/1048576  ( 0.0%) 

Level flags = 0

Total triangle count: 2277
Writing c:\program files (x86)\steam\steamapps\common\sourcesdk_content\hl2mp\mapsrc\test.bsp
3 seconds elapsed



materialPath: C:\Program Files (x86)\Steam\steamapps\common\Half-Life 2 Deathmatch\hl2mp\materials
Loading c:\program files (x86)\steam\steamapps\common\sourcesdk_content\hl2mp\mapsrc\test.vmf
ConVarRef mat_reduceparticles doesn't point to an existing ConVar
Could not locate 'GameData' key in c:\program files (x86)\steam\steamapps\common\half-life 2 deathmatch\hl2mp\gameinfo.txt
Patching WVT material: maps/test/dev/dev_blendmeasure_wvt_patch
fixing up env_cubemap materials on brush sides...
0...1...2...3...4...5...6...7...8...9...100...1...2...3...4...5...6...7...8...9...10Processing areas...done (0)
Building Faces...done (0)
FixTjuncs...
PruneNodes...
WriteBSP...
done (0)
writing c:\program files (x86)\steam\steamapps\common\sourcesdk_content\hl2mp\mapsrc\test.prt...Building visibility clusters...
done (0)
Creating default LDR cubemaps for env_cubemap using skybox materials:
   skybox/sky_day01_01*.vmt
 ! Run buildcubemaps in the engine to get the correct cube maps.
Creating default HDR cubemaps for env_cubemap using skybox materials:
   skybox/sky_day01_01*.vmt
 ! Run buildcubemaps in the engine to get the correct cube maps.
Finding displacement neighbors...
Finding lightmap sample positions...
Displacement Alpha : 0...1...2...3...4...5...6...7...8...9...10
Building Physics collision data...
done (0) (46353 bytes)
Placing detail props : 0...1...2...3...4...5...6...7...8...9...10
Compacting texture/material tables...
Reduced 282 texinfos to 138
Reduced 28 texdatas to 20 (905 bytes to 662)
Writing c:\program files (x86)\steam\steamapps\common\sourcesdk_content\hl2mp\mapsrc\test.bsp
Wrote ZIP buffer, estimated size 321783, actual size 319827
0 seconds elapsed



12 threads
reading c:\program files (x86)\steam\steamapps\common\sourcesdk_content\hl2mp\mapsrc\test.bsp
reading c:\program files (x86)\steam\steamapps\common\sourcesdk_content\hl2mp\mapsrc\test.prt
  47 portalclusters
 128 numportals
0...1...2...3...4...5...6...7...8...9...10Optimized: 63 visible clusters (3.09%)
Total clusters visible: 2042
Average clusters visible: 43
Building PAS...
Average clusters audible: 47
visdatasize:950  compressed from 752
writing c:\program files (x86)\steam\steamapps\common\sourcesdk_content\hl2mp\mapsrc\test.bsp
0 seconds elapsed



[Reading texlights from 'lights.rad']
[45 texlights parsed from 'lights.rad']

Loading c:\program files (x86)\steam\steamapps\common\sourcesdk_content\hl2mp\mapsrc\test.bsp
901 faces
37044 square feet [5334446.00 square inches]
0 Displacements
0 Square Feet [0.00 Square Inches]
901 patches before subdivision
52027 patches after subdivision
6 direct lights
0...1...2...3...4...5...6...7...8...9...100...1...2...3...4...5...6...7...8...9...10transfers 5578787, max 607
transfer lists:  42.6 megs
0...1...2...3...4...5...6...7...8...9...10	Bounce #1 added RGB(6835, 6394, 4562)
0...1...2...3...4...5...6...7...8...9...10	Bounce #2 added RGB(6167, 5347, 3428)
Build Patch/Sample Hash Table(s).....Done<0.0115 sec>
0...1...2...3...4...5...6...7...8...9...10FinalLightFace Done
0 of 0 (0% of) surface lights went in leaf ambient cubes.
0...1...2...3...4...5...6...7...8...9...10Writing leaf ambient...done
Ready to Finish

Object names       Objects/Maxobjs  Memory / Maxmem  Fullness 
------------       ---------------  ---------------  -------- 
models                  37/1024         1776/49152    ( 3.6%) 
brushes                 90/8192         1080/98304    ( 1.1%) 
brushsides             632/65536        5056/524288   ( 1.0%) 
planes                 770/65536       15400/1310720  ( 1.2%) 
vertexes              1245/65536       14940/786432   ( 1.9%) 
nodes                  449/65536       14368/2097152  ( 0.7%) 
texinfos               138/12288        9936/884736   ( 1.1%) 
texdata                 20/2048          640/65536    ( 1.0%) 
dispinfos                0/0               0/0        ( 0.0%) 
disp_verts               0/0               0/0        ( 0.0%) 
disp_tris                0/0               0/0        ( 0.0%) 
disp_lmsamples           0/0               0/0        ( 0.0%) 
faces                  901/65536       50456/3670016  ( 1.4%) 
hdr faces                0/65536           0/3670016  ( 0.0%) 
origfaces              398/65536       22288/3670016  ( 0.6%) 
leaves                 487/65536       15584/2097152  ( 0.7%) 
leaffaces             1143/65536        2286/131072   ( 1.7%) 
leafbrushes            118/65536         236/131072   ( 0.2%) 
areas                    2/256            16/2048     ( 0.8%) 
surfedges             5719/512000      22876/2048000  ( 1.1%) 
edges                 2975/256000      11900/1024000  ( 1.2%) 
LDR worldlights          6/8192          528/720896   ( 0.1%) 
HDR worldlights          0/8192            0/720896   ( 0.0%) 
leafwaterdata            1/32768          12/393216   ( 0.0%) 
waterstrips             30/32768         300/327680   ( 0.1%) 
waterverts               0/65536           0/786432   ( 0.0%) 
waterindices           420/65536         840/131072   ( 0.6%) 
cubemapsamples           2/1024           32/16384    ( 0.2%) 
overlays                 0/512             0/180224   ( 0.0%) 
LDR lightdata         [variable]    10446832/0        ( 0.0%) 
HDR lightdata         [variable]           0/0        ( 0.0%) 
visdata               [variable]         950/16777216 ( 0.0%) 
entdata               [variable]       34546/393216   ( 8.8%) 
LDR ambient table      487/65536        1948/262144   ( 0.7%) 
HDR ambient table      487/65536        1948/262144   ( 0.7%) 
LDR leaf ambient       687/65536       19236/1835008  ( 1.0%) 
HDR leaf ambient       487/65536       13636/1835008  ( 0.7%) 
occluders                0/0               0/0        ( 0.0%) 
occluder polygons        0/0               0/0        ( 0.0%) 
occluder vert ind        0/0               0/0        ( 0.0%) 
detail props          [variable]           1/12       ( 8.3%) 
static props          [variable]           1/216      ( 0.5%) 
pakfile               [variable]      319827/0        ( 0.0%) 
physics               [variable]       46353/4194304  ( 1.1%) 
physics terrain       [variable]           2/1048576  ( 0.0%) 

Level flags = 0

Total triangle count: 2277
Writing c:\program files (x86)\steam\steamapps\common\sourcesdk_content\hl2mp\mapsrc\test.bsp
3 seconds elapsed



materialPath: C:\Program Files (x86)\Steam\steamapps\common\Half-Life 2 Deathmatch\hl2mp\materials
Loading c:\program files (x86)\steam\steamapps\common\sourcesdk_content\hl2mp\mapsrc\test.vmf
ConVarRef mat_reduceparticles doesn't point to an existing ConVar
Could not locate 'GameData' key in c:\program files (x86)\steam\steamapps\common\half-life 2 deathmatch\hl2mp\gameinfo.txt
Patching WVT material: maps/test/dev/dev_blendmeasure_wvt_patch
fixing up env_cubemap materials on brush sides...
0...1...2...3...4...5...6...7...8...9...100...1...2...3...4...5...6...7...8...9...10Processing areas...done (0)
Building Faces...done (0)
FixTjuncs...
PruneNodes...
WriteBSP...
done (0)
writing c:\program files (x86)\steam\steamapps\common\sourcesdk_content\hl2mp\mapsrc\test.prt...Building visibility clusters...
done (0)
Creating default LDR cubemaps for env_cubemap using skybox materials:
   skybox/sky_day01_01*.vmt
 ! Run buildcubemaps in the engine to get the correct cube maps.
Creating default HDR cubemaps for env_cubemap using skybox materials:
   skybox/sky_day01_01*.vmt
 ! Run buildcubemaps in the engine to get the correct cube maps.
Finding displacement neighbors...
Finding lightmap sample positions...
Displacement Alpha : 0...1...2...3...4...5...6...7...8...9...10
Building Physics collision data...
done (0) (46353 bytes)
Placing detail props : 0...1...2...3...4...5...6...7...8...9...10
Compacting texture/material tables...
Reduced 281 texinfos to 137
Reduced 28 texdatas to 20 (905 bytes to 662)
Writing c:\program files (x86)\steam\steamapps\common\sourcesdk_content\hl2mp\mapsrc\test.bsp
Wrote ZIP buffer, estimated size 321783, actual size 319827
0 seconds elapsed



12 threads
reading c:\program files (x86)\steam\steamapps\common\sourcesdk_content\hl2mp\mapsrc\test.bsp
reading c:\program files (x86)\steam\steamapps\common\sourcesdk_content\hl2mp\mapsrc\test.prt
  47 portalclusters
 128 numportals
0...1...2...3...4...5...6...7...8...9...10Optimized: 63 visible clusters (3.09%)
Total clusters visible: 2042
Average clusters visible: 43
Building PAS...
Average clusters audible: 47
visdatasize:950  compressed from 752
writing c:\program files (x86)\steam\steamapps\common\sourcesdk_content\hl2mp\mapsrc\test.bsp
0 seconds elapsed



[Reading texlights from 'lights.rad']
[45 texlights parsed from 'lights.rad']

Loading c:\program files (x86)\steam\steamapps\common\sourcesdk_content\hl2mp\mapsrc\test.bsp
901 faces
37044 square feet [5334446.00 square inches]
0 Displacements
0 Square Feet [0.00 Square Inches]
901 patches before subdivision
52027 patches after subdivision
6 direct lights
0...1...2...3...4...5...6...7...8...9...100...1...2...3...4...5...6...7...8...9...10transfers 5578782, max 607
transfer lists:  42.6 megs
0...1...2...3...4...5...6...7...8...9...10	Bounce #1 added RGB(6835, 6394, 4562)
0...1...2...3...4...5...6...7...8...9...10	Bounce #2 added RGB(6167, 5347, 3428)
Build Patch/Sample Hash Table(s).....Done<0.0136 sec>
0...1...2...3...4...5...6...7...8...9...10FinalLightFace Done
0 of 0 (0% of) surface lights went in leaf ambient cubes.
0...1...2...3...4...5...6...7...8...9...10Writing leaf ambient...done
Ready to Finish

Object names       Objects/Maxobjs  Memory / Maxmem  Fullness 
------------       ---------------  ---------------  -------- 
models                  37/1024         1776/49152    ( 3.6%) 
brushes                 90/8192         1080/98304    ( 1.1%) 
brushsides             632/65536        5056/524288   ( 1.0%) 
planes                 762/65536       15240/1310720  ( 1.2%) 
vertexes              1245/65536       14940/786432   ( 1.9%) 
nodes                  449/65536       14368/2097152  ( 0.7%) 
texinfos               137/12288        9864/884736   ( 1.1%) 
texdata                 20/2048          640/65536    ( 1.0%) 
dispinfos                0/0               0/0        ( 0.0%) 
disp_verts               0/0               0/0        ( 0.0%) 
disp_tris                0/0               0/0        ( 0.0%) 
disp_lmsamples           0/0               0/0        ( 0.0%) 
faces                  901/65536       50456/3670016  ( 1.4%) 
hdr faces                0/65536           0/3670016  ( 0.0%) 
origfaces              398/65536       22288/3670016  ( 0.6%) 
leaves                 487/65536       15584/2097152  ( 0.7%) 
leaffaces             1143/65536        2286/131072   ( 1.7%) 
leafbrushes            118/65536         236/131072   ( 0.2%) 
areas                    2/256            16/2048     ( 0.8%) 
surfedges             5719/512000      22876/2048000  ( 1.1%) 
edges                 2975/256000      11900/1024000  ( 1.2%) 
LDR worldlights          6/8192          528/720896   ( 0.1%) 
HDR worldlights          0/8192            0/720896   ( 0.0%) 
leafwaterdata            1/32768          12/393216   ( 0.0%) 
waterstrips             30/32768         300/327680   ( 0.1%) 
waterverts               0/65536           0/786432   ( 0.0%) 
waterindices           420/65536         840/131072   ( 0.6%) 
cubemapsamples           2/1024           32/16384    ( 0.2%) 
overlays                 0/512             0/180224   ( 0.0%) 
LDR lightdata         [variable]    10446832/0        ( 0.0%) 
HDR lightdata         [variable]           0/0        ( 0.0%) 
visdata               [variable]         950/16777216 ( 0.0%) 
entdata               [variable]       34837/393216   ( 8.9%) 
LDR ambient table      487/65536        1948/262144   ( 0.7%) 
HDR ambient table      487/65536        1948/262144   ( 0.7%) 
LDR leaf ambient       687/65536       19236/1835008  ( 1.0%) 
HDR leaf ambient       487/65536       13636/1835008  ( 0.7%) 
occluders                0/0               0/0        ( 0.0%) 
occluder polygons        0/0               0/0        ( 0.0%) 
occluder vert ind        0/0               0/0        ( 0.0%) 
detail props          [variable]           1/12       ( 8.3%) 
static props          [variable]           1/216      ( 0.5%) 
pakfile               [variable]      319827/0        ( 0.0%) 
physics               [variable]       46353/4194304  ( 1.1%) 
physics terrain       [variable]           2/1048576  ( 0.0%) 

Level flags = 0

Total triangle count: 2277
Writing c:\program files (x86)\steam\steamapps\common\sourcesdk_content\hl2mp\mapsrc\test.bsp
3 seconds elapsed



materialPath: C:\Program Files (x86)\Steam\steamapps\common\Half-Life 2 Deathmatch\hl2mp\materials
Loading c:\program files (x86)\steam\steamapps\common\sourcesdk_content\hl2mp\mapsrc\test.vmf
ConVarRef mat_reduceparticles doesn't point to an existing ConVar
Could not locate 'GameData' key in c:\program files (x86)\steam\steamapps\common\half-life 2 deathmatch\hl2mp\gameinfo.txt
Patching WVT material: maps/test/dev/dev_blendmeasure_wvt_patch
fixing up env_cubemap materials on brush sides...
0...1...2...3...4...5...6...7...8...9...100...1...2...3...4...5...6...7...8...9...10Processing areas...done (0)
Building Faces...done (0)
FixTjuncs...
PruneNodes...
WriteBSP...
done (0)
writing c:\program files (x86)\steam\steamapps\common\sourcesdk_content\hl2mp\mapsrc\test.prt...Building visibility clusters...
done (0)
Creating default LDR cubemaps for env_cubemap using skybox materials:
   skybox/sky_day01_01*.vmt
 ! Run buildcubemaps in the engine to get the correct cube maps.
Creating default HDR cubemaps for env_cubemap using skybox materials:
   skybox/sky_day01_01*.vmt
 ! Run buildcubemaps in the engine to get the correct cube maps.
Finding displacement neighbors...
Finding lightmap sample positions...
Displacement Alpha : 0...1...2...3...4...5...6...7...8...9...10
Building Physics collision data...
done (0) (46353 bytes)
Placing detail props : 0...1...2...3...4...5...6...7...8...9...10
Compacting texture/material tables...
Reduced 281 texinfos to 137
Reduced 28 texdatas to 20 (905 bytes to 662)
Writing c:\program files (x86)\steam\steamapps\common\sourcesdk_content\hl2mp\mapsrc\test.bsp
Wrote ZIP buffer, estimated size 321783, actual size 319827
0 seconds elapsed



12 threads
reading c:\program files (x86)\steam\steamapps\common\sourcesdk_content\hl2mp\mapsrc\test.bsp
reading c:\program files (x86)\steam\steamapps\common\sourcesdk_content\hl2mp\mapsrc\test.prt
  47 portalclusters
 128 numportals
0...1...2...3...4...5...6...7...8...9...10Optimized: 63 visible clusters (3.09%)
Total clusters visible: 2042
Average clusters visible: 43
Building PAS...
Average clusters audible: 47
visdatasize:950  compressed from 752
writing c:\program files (x86)\steam\steamapps\common\sourcesdk_content\hl2mp\mapsrc\test.bsp
0 seconds elapsed



[Reading texlights from 'lights.rad']
[45 texlights parsed from 'lights.rad']

Loading c:\program files (x86)\steam\steamapps\common\sourcesdk_content\hl2mp\mapsrc\test.bsp
901 faces
37044 square feet [5334446.00 square inches]
0 Displacements
0 Square Feet [0.00 Square Inches]
901 patches before subdivision
52027 patches after subdivision
6 direct lights
0...1...2...3...4...5...6...7...8...9...100...1...2...3...4...5...6...7...8...9...10transfers 5578782, max 607
transfer lists:  42.6 megs
0...1...2...3...4...5...6...7...8...9...10	Bounce #1 added RGB(6835, 6394, 4562)
0...1...2...3...4...5...6...7...8...9...10	Bounce #2 added RGB(6167, 5347, 3428)
Build Patch/Sample Hash Table(s).....Done<0.0135 sec>
0...1...2...3...4...5...6...7...8...9...10FinalLightFace Done
0 of 0 (0% of) surface lights went in leaf ambient cubes.
0...1...2...3...4...5...6...7...8...9...10Writing leaf ambient...done
Ready to Finish

Object names       Objects/Maxobjs  Memory / Maxmem  Fullness 
------------       ---------------  ---------------  -------- 
models                  37/1024         1776/49152    ( 3.6%) 
brushes                 90/8192         1080/98304    ( 1.1%) 
brushsides             632/65536        5056/524288   ( 1.0%) 
planes                 762/65536       15240/1310720  ( 1.2%) 
vertexes              1245/65536       14940/786432   ( 1.9%) 
nodes                  449/65536       14368/2097152  ( 0.7%) 
texinfos               137/12288        9864/884736   ( 1.1%) 
texdata                 20/2048          640/65536    ( 1.0%) 
dispinfos                0/0               0/0        ( 0.0%) 
disp_verts               0/0               0/0        ( 0.0%) 
disp_tris                0/0               0/0        ( 0.0%) 
disp_lmsamples           0/0               0/0        ( 0.0%) 
faces                  901/65536       50456/3670016  ( 1.4%) 
hdr faces                0/65536           0/3670016  ( 0.0%) 
origfaces              398/65536       22288/3670016  ( 0.6%) 
leaves                 487/65536       15584/2097152  ( 0.7%) 
leaffaces             1143/65536        2286/131072   ( 1.7%) 
leafbrushes            118/65536         236/131072   ( 0.2%) 
areas                    2/256            16/2048     ( 0.8%) 
surfedges             5719/512000      22876/2048000  ( 1.1%) 
edges                 2975/256000      11900/1024000  ( 1.2%) 
LDR worldlights          6/8192          528/720896   ( 0.1%) 
HDR worldlights          0/8192            0/720896   ( 0.0%) 
leafwaterdata            1/32768          12/393216   ( 0.0%) 
waterstrips             30/32768         300/327680   ( 0.1%) 
waterverts               0/65536           0/786432   ( 0.0%) 
waterindices           420/65536         840/131072   ( 0.6%) 
cubemapsamples           2/1024           32/16384    ( 0.2%) 
overlays                 0/512             0/180224   ( 0.0%) 
LDR lightdata         [variable]    10446832/0        ( 0.0%) 
HDR lightdata         [variable]           0/0        ( 0.0%) 
visdata               [variable]         950/16777216 ( 0.0%) 
entdata               [variable]       34817/393216   ( 8.9%) 
LDR ambient table      487/65536        1948/262144   ( 0.7%) 
HDR ambient table      487/65536        1948/262144   ( 0.7%) 
LDR leaf ambient       687/65536       19236/1835008  ( 1.0%) 
HDR leaf ambient       487/65536       13636/1835008  ( 0.7%) 
occluders                0/0               0/0        ( 0.0%) 
occluder polygons        0/0               0/0        ( 0.0%) 
occluder vert ind        0/0               0/0        ( 0.0%) 
detail props          [variable]           1/12       ( 8.3%) 
static props          [variable]           1/216      ( 0.5%) 
pakfile               [variable]      319827/0        ( 0.0%) 
physics               [variable]       46353/4194304  ( 1.1%) 
physics terrain       [variable]           2/1048576  ( 0.0%) 

Level flags = 0

Total triangle count: 2277
Writing c:\program files (x86)\steam\steamapps\common\sourcesdk_content\hl2mp\mapsrc\test.bsp
3 seconds elapsed



materialPath: C:\Program Files (x86)\Steam\steamapps\common\Half-Life 2 Deathmatch\hl2mp\materials
Loading c:\program files (x86)\steam\steamapps\common\sourcesdk_content\hl2mp\mapsrc\test.vmf
ConVarRef mat_reduceparticles doesn't point to an existing ConVar
Could not locate 'GameData' key in c:\program files (x86)\steam\steamapps\common\half-life 2 deathmatch\hl2mp\gameinfo.txt
Patching WVT material: maps/test/dev/dev_blendmeasure_wvt_patch
fixing up env_cubemap materials on brush sides...
0...1...2...3...4...5...6...7...8...9...100...1...2...3...4...5...6...7...8...9...10Processing areas...done (0)
Building Faces...done (0)
FixTjuncs...
PruneNodes...
WriteBSP...
done (0)
writing c:\program files (x86)\steam\steamapps\common\sourcesdk_content\hl2mp\mapsrc\test.prt...Building visibility clusters...
done (0)
Creating default LDR cubemaps for env_cubemap using skybox materials:
   skybox/sky_day01_01*.vmt
 ! Run buildcubemaps in the engine to get the correct cube maps.
Creating default HDR cubemaps for env_cubemap using skybox materials:
   skybox/sky_day01_01*.vmt
 ! Run buildcubemaps in the engine to get the correct cube maps.
Finding displacement neighbors...
Finding lightmap sample positions...
Displacement Alpha : 0...1...2...3...4...5...6...7...8...9...10
Building Physics collision data...
done (0) (46353 bytes)
Placing detail props : 0...1...2...3...4...5...6...7...8...9...10
Compacting texture/material tables...
Reduced 281 texinfos to 137
Reduced 28 texdatas to 20 (905 bytes to 662)
Writing c:\program files (x86)\steam\steamapps\common\sourcesdk_content\hl2mp\mapsrc\test.bsp
Wrote ZIP buffer, estimated size 321783, actual size 319827
0 seconds elapsed



12 threads
reading c:\program files (x86)\steam\steamapps\common\sourcesdk_content\hl2mp\mapsrc\test.bsp
reading c:\program files (x86)\steam\steamapps\common\sourcesdk_content\hl2mp\mapsrc\test.prt
  47 portalclusters
 128 numportals
0...1...2...3...4...5...6...7...8...9...10Optimized: 63 visible clusters (3.09%)
Total clusters visible: 2042
Average clusters visible: 43
Building PAS...
Average clusters audible: 47
visdatasize:950  compressed from 752
writing c:\program files (x86)\steam\steamapps\common\sourcesdk_content\hl2mp\mapsrc\test.bsp
0 seconds elapsed



[Reading texlights from 'lights.rad']
[45 texlights parsed from 'lights.rad']

Loading c:\program files (x86)\steam\steamapps\common\sourcesdk_content\hl2mp\mapsrc\test.bsp
901 faces
37044 square feet [5334446.00 square inches]
0 Displacements
0 Square Feet [0.00 Square Inches]
901 patches before subdivision
52027 patches after subdivision
6 direct lights
0...1...2...3...4...5...6...7...8...9...100...1...2...3...4...5...6...7...8...9...10transfers 5578782, max 607
transfer lists:  42.6 megs
0...1...2...3...4...5...6...7...8...9...10	Bounce #1 added RGB(6835, 6394, 4562)
0...1...2...3...4...5...6...7...8...9...10	Bounce #2 added RGB(6167, 5347, 3428)
Build Patch/Sample Hash Table(s).....Done<0.0110 sec>
0...1...2...3...4...5...6...7...8...9...10FinalLightFace Done
0 of 0 (0% of) surface lights went in leaf ambient cubes.
0...1...2...3...4...5...6...7...8...9...10Writing leaf ambient...done
Ready to Finish

Object names       Objects/Maxobjs  Memory / Maxmem  Fullness 
------------       ---------------  ---------------  -------- 
models                  37/1024         1776/49152    ( 3.6%) 
brushes                 90/8192         1080/98304    ( 1.1%) 
brushsides             632/65536        5056/524288   ( 1.0%) 
planes                 762/65536       15240/1310720  ( 1.2%) 
vertexes              1245/65536       14940/786432   ( 1.9%) 
nodes                  449/65536       14368/2097152  ( 0.7%) 
texinfos               137/12288        9864/884736   ( 1.1%) 
texdata                 20/2048          640/65536    ( 1.0%) 
dispinfos                0/0               0/0        ( 0.0%) 
disp_verts               0/0               0/0        ( 0.0%) 
disp_tris                0/0               0/0        ( 0.0%) 
disp_lmsamples           0/0               0/0        ( 0.0%) 
faces                  901/65536       50456/3670016  ( 1.4%) 
hdr faces                0/65536           0/3670016  ( 0.0%) 
origfaces              398/65536       22288/3670016  ( 0.6%) 
leaves                 487/65536       15584/2097152  ( 0.7%) 
leaffaces             1143/65536        2286/131072   ( 1.7%) 
leafbrushes            118/65536         236/131072   ( 0.2%) 
areas                    2/256            16/2048     ( 0.8%) 
surfedges             5719/512000      22876/2048000  ( 1.1%) 
edges                 2975/256000      11900/1024000  ( 1.2%) 
LDR worldlights          6/8192          528/720896   ( 0.1%) 
HDR worldlights          0/8192            0/720896   ( 0.0%) 
leafwaterdata            1/32768          12/393216   ( 0.0%) 
waterstrips             30/32768         300/327680   ( 0.1%) 
waterverts               0/65536           0/786432   ( 0.0%) 
waterindices           420/65536         840/131072   ( 0.6%) 
cubemapsamples           2/1024           32/16384    ( 0.2%) 
overlays                 0/512             0/180224   ( 0.0%) 
LDR lightdata         [variable]    10446832/0        ( 0.0%) 
HDR lightdata         [variable]           0/0        ( 0.0%) 
visdata               [variable]         950/16777216 ( 0.0%) 
entdata               [variable]       34765/393216   ( 8.8%) 
LDR ambient table      487/65536        1948/262144   ( 0.7%) 
HDR ambient table      487/65536        1948/262144   ( 0.7%) 
LDR leaf ambient       687/65536       19236/1835008  ( 1.0%) 
HDR leaf ambient       487/65536       13636/1835008  ( 0.7%) 
occluders                0/0               0/0        ( 0.0%) 
occluder polygons        0/0               0/0        ( 0.0%) 
occluder vert ind        0/0               0/0        ( 0.0%) 
detail props          [variable]           1/12       ( 8.3%) 
static props          [variable]           1/216      ( 0.5%) 
pakfile               [variable]      319827/0        ( 0.0%) 
physics               [variable]       46353/4194304  ( 1.1%) 
physics terrain       [variable]           2/1048576  ( 0.0%) 

Level flags = 0

Total triangle count: 2277
Writing c:\program files (x86)\steam\steamapps\common\sourcesdk_content\hl2mp\mapsrc\test.bsp
3 seconds elapsed



materialPath: C:\Program Files (x86)\Steam\steamapps\common\Half-Life 2 Deathmatch\hl2mp\materials
Loading c:\program files (x86)\steam\steamapps\common\sourcesdk_content\hl2mp\mapsrc\test.vmf
ConVarRef mat_reduceparticles doesn't point to an existing ConVar
Could not locate 'GameData' key in c:\program files (x86)\steam\steamapps\common\half-life 2 deathmatch\hl2mp\gameinfo.txt
Patching WVT material: maps/test/dev/dev_blendmeasure_wvt_patch
fixing up env_cubemap materials on brush sides...
0...1...2...3...4...5...6...7...8...9...100...1...2...3...4...5...6...7...8...9...10Processing areas...done (0)
Building Faces...done (0)
FixTjuncs...
PruneNodes...
WriteBSP...
done (0)
writing c:\program files (x86)\steam\steamapps\common\sourcesdk_content\hl2mp\mapsrc\test.prt...Building visibility clusters...
done (0)
Creating default LDR cubemaps for env_cubemap using skybox materials:
   skybox/sky_day01_01*.vmt
 ! Run buildcubemaps in the engine to get the correct cube maps.
Creating default HDR cubemaps for env_cubemap using skybox materials:
   skybox/sky_day01_01*.vmt
 ! Run buildcubemaps in the engine to get the correct cube maps.
Finding displacement neighbors...
Finding lightmap sample positions...
Displacement Alpha : 0...1...2...3...4...5...6...7...8...9...10
Building Physics collision data...
done (0) (46353 bytes)
Placing detail props : 0...1...2...3...4...5...6...7...8...9...10
Compacting texture/material tables...
Reduced 281 texinfos to 137
Reduced 28 texdatas to 20 (905 bytes to 662)
Writing c:\program files (x86)\steam\steamapps\common\sourcesdk_content\hl2mp\mapsrc\test.bsp
Wrote ZIP buffer, estimated size 321783, actual size 319827
0 seconds elapsed



12 threads
reading c:\program files (x86)\steam\steamapps\common\sourcesdk_content\hl2mp\mapsrc\test.bsp
reading c:\program files (x86)\steam\steamapps\common\sourcesdk_content\hl2mp\mapsrc\test.prt
  47 portalclusters
 128 numportals
0...1...2...3...4...5...6...7...8...9...10Optimized: 63 visible clusters (3.09%)
Total clusters visible: 2042
Average clusters visible: 43
Building PAS...
Average clusters audible: 47
visdatasize:950  compressed from 752
writing c:\program files (x86)\steam\steamapps\common\sourcesdk_content\hl2mp\mapsrc\test.bsp
0 seconds elapsed



[Reading texlights from 'lights.rad']
[45 texlights parsed from 'lights.rad']

Loading c:\program files (x86)\steam\steamapps\common\sourcesdk_content\hl2mp\mapsrc\test.bsp
901 faces
37044 square feet [5334446.00 square inches]
0 Displacements
0 Square Feet [0.00 Square Inches]
901 patches before subdivision
52027 patches after subdivision
6 direct lights
0...1...2...3...4...5...6...7...8...9...100...1...2...3...4...5...6...7...8...9...10transfers 5578782, max 607
transfer lists:  42.6 megs
0...1...2...3...4...5...6...7...8...9...10	Bounce #1 added RGB(6835, 6394, 4562)
0...1...2...3...4...5...6...7...8...9...10	Bounce #2 added RGB(6167, 5347, 3428)
Build Patch/Sample Hash Table(s).....Done<0.0122 sec>
0...1...2...3...4...5...6...7...8...9...10FinalLightFace Done
0 of 0 (0% of) surface lights went in leaf ambient cubes.
0...1...2...3...4...5...6...7...8...9...10Writing leaf ambient...done
Ready to Finish

Object names       Objects/Maxobjs  Memory / Maxmem  Fullness 
------------       ---------------  ---------------  -------- 
models                  37/1024         1776/49152    ( 3.6%) 
brushes                 90/8192         1080/98304    ( 1.1%) 
brushsides             632/65536        5056/524288   ( 1.0%) 
planes                 762/65536       15240/1310720  ( 1.2%) 
vertexes              1245/65536       14940/786432   ( 1.9%) 
nodes                  449/65536       14368/2097152  ( 0.7%) 
texinfos               137/12288        9864/884736   ( 1.1%) 
texdata                 20/2048          640/65536    ( 1.0%) 
dispinfos                0/0               0/0        ( 0.0%) 
disp_verts               0/0               0/0        ( 0.0%) 
disp_tris                0/0               0/0        ( 0.0%) 
disp_lmsamples           0/0               0/0        ( 0.0%) 
faces                  901/65536       50456/3670016  ( 1.4%) 
hdr faces                0/65536           0/3670016  ( 0.0%) 
origfaces              398/65536       22288/3670016  ( 0.6%) 
leaves                 487/65536       15584/2097152  ( 0.7%) 
leaffaces             1143/65536        2286/131072   ( 1.7%) 
leafbrushes            118/65536         236/131072   ( 0.2%) 
areas                    2/256            16/2048     ( 0.8%) 
surfedges             5719/512000      22876/2048000  ( 1.1%) 
edges                 2975/256000      11900/1024000  ( 1.2%) 
LDR worldlights          6/8192          528/720896   ( 0.1%) 
HDR worldlights          0/8192            0/720896   ( 0.0%) 
leafwaterdata            1/32768          12/393216   ( 0.0%) 
waterstrips             30/32768         300/327680   ( 0.1%) 
waterverts               0/65536           0/786432   ( 0.0%) 
waterindices           420/65536         840/131072   ( 0.6%) 
cubemapsamples           2/1024           32/16384    ( 0.2%) 
overlays                 0/512             0/180224   ( 0.0%) 
LDR lightdata         [variable]    10446832/0        ( 0.0%) 
HDR lightdata         [variable]           0/0        ( 0.0%) 
visdata               [variable]         950/16777216 ( 0.0%) 
entdata               [variable]       34786/393216   ( 8.8%) 
LDR ambient table      487/65536        1948/262144   ( 0.7%) 
HDR ambient table      487/65536        1948/262144   ( 0.7%) 
LDR leaf ambient       687/65536       19236/1835008  ( 1.0%) 
HDR leaf ambient       487/65536       13636/1835008  ( 0.7%) 
occluders                0/0               0/0        ( 0.0%) 
occluder polygons        0/0               0/0        ( 0.0%) 
occluder vert ind        0/0               0/0        ( 0.0%) 
detail props          [variable]           1/12       ( 8.3%) 
static props          [variable]           1/216      ( 0.5%) 
pakfile               [variable]      319827/0        ( 0.0%) 
physics               [variable]       46353/4194304  ( 1.1%) 
physics terrain       [variable]           2/1048576  ( 0.0%) 

Level flags = 0

Total triangle count: 2277
Writing c:\program files (x86)\steam\steamapps\common\sourcesdk_content\hl2mp\mapsrc\test.bsp
3 seconds elapsed



materialPath: C:\Program Files (x86)\Steam\steamapps\common\Half-Life 2 Deathmatch\hl2mp\materials
Loading c:\program files (x86)\steam\steamapps\common\sourcesdk_content\hl2mp\mapsrc\test.vmf
ConVarRef mat_reduceparticles doesn't point to an existing ConVar
Could not locate 'GameData' key in c:\program files (x86)\steam\steamapps\common\half-life 2 deathmatch\hl2mp\gameinfo.txt
Patching WVT material: maps/test/dev/dev_blendmeasure_wvt_patch
fixing up env_cubemap materials on brush sides...
0...1...2...3...4...5...6...7...8...9...100...1...2...3...4...5...6...7...8...9...10Processing areas...done (0)
Building Faces...done (0)
FixTjuncs...
PruneNodes...
WriteBSP...
done (0)
writing c:\program files (x86)\steam\steamapps\common\sourcesdk_content\hl2mp\mapsrc\test.prt...Building visibility clusters...
done (0)
Creating default LDR cubemaps for env_cubemap using skybox materials:
   skybox/sky_day01_01*.vmt
 ! Run buildcubemaps in the engine to get the correct cube maps.
Creating default HDR cubemaps for env_cubemap using skybox materials:
   skybox/sky_day01_01*.vmt
 ! Run buildcubemaps in the engine to get the correct cube maps.
Finding displacement neighbors...
Finding lightmap sample positions...
Displacement Alpha : 0...1...2...3...4...5...6...7...8...9...10
Building Physics collision data...
done (0) (46353 bytes)
Placing detail props : 0...1...2...3...4...5...6...7...8...9...10
Compacting texture/material tables...
Reduced 281 texinfos to 137
Reduced 28 texdatas to 20 (905 bytes to 662)
Writing c:\program files (x86)\steam\steamapps\common\sourcesdk_content\hl2mp\mapsrc\test.bsp
Wrote ZIP buffer, estimated size 321783, actual size 319827
0 seconds elapsed



12 threads
reading c:\program files (x86)\steam\steamapps\common\sourcesdk_content\hl2mp\mapsrc\test.bsp
reading c:\program files (x86)\steam\steamapps\common\sourcesdk_content\hl2mp\mapsrc\test.prt
  47 portalclusters
 128 numportals
0...1...2...3...4...5...6...7...8...9...10Optimized: 63 visible clusters (3.09%)
Total clusters visible: 2042
Average clusters visible: 43
Building PAS...
Average clusters audible: 47
visdatasize:950  compressed from 752
writing c:\program files (x86)\steam\steamapps\common\sourcesdk_content\hl2mp\mapsrc\test.bsp
0 seconds elapsed



[Reading texlights from 'lights.rad']
[45 texlights parsed from 'lights.rad']

Loading c:\program files (x86)\steam\steamapps\common\sourcesdk_content\hl2mp\mapsrc\test.bsp
901 faces
37044 square feet [5334446.00 square inches]
0 Displacements
0 Square Feet [0.00 Square Inches]
901 patches before subdivision
52027 patches after subdivision
6 direct lights
0...1...2...3...4...5...6...7...8...9...100...1...2...3...4...5...6...7...8...9...10transfers 5578782, max 607
transfer lists:  42.6 megs
0...1...2...3...4...5...6...7...8...9...10	Bounce #1 added RGB(6835, 6394, 4562)
0...1...2...3...4...5...6...7...8...9...10	Bounce #2 added RGB(6167, 5347, 3428)
Build Patch/Sample Hash Table(s).....Done<0.0134 sec>
0...1...2...3...4...5...6...7...8...9...10FinalLightFace Done
0 of 0 (0% of) surface lights went in leaf ambient cubes.
0...1...2...3...4...5...6...7...8...9...10Writing leaf ambient...done
Ready to Finish

Object names       Objects/Maxobjs  Memory / Maxmem  Fullness 
------------       ---------------  ---------------  -------- 
models                  37/1024         1776/49152    ( 3.6%) 
brushes                 90/8192         1080/98304    ( 1.1%) 
brushsides             632/65536        5056/524288   ( 1.0%) 
planes                 762/65536       15240/1310720  ( 1.2%) 
vertexes              1245/65536       14940/786432   ( 1.9%) 
nodes                  449/65536       14368/2097152  ( 0.7%) 
texinfos               137/12288        9864/884736   ( 1.1%) 
texdata                 20/2048          640/65536    ( 1.0%) 
dispinfos                0/0               0/0        ( 0.0%) 
disp_verts               0/0               0/0        ( 0.0%) 
disp_tris                0/0               0/0        ( 0.0%) 
disp_lmsamples           0/0               0/0        ( 0.0%) 
faces                  901/65536       50456/3670016  ( 1.4%) 
hdr faces                0/65536           0/3670016  ( 0.0%) 
origfaces              398/65536       22288/3670016  ( 0.6%) 
leaves                 487/65536       15584/2097152  ( 0.7%) 
leaffaces             1143/65536        2286/131072   ( 1.7%) 
leafbrushes            118/65536         236/131072   ( 0.2%) 
areas                    2/256            16/2048     ( 0.8%) 
surfedges             5719/512000      22876/2048000  ( 1.1%) 
edges                 2975/256000      11900/1024000  ( 1.2%) 
LDR worldlights          6/8192          528/720896   ( 0.1%) 
HDR worldlights          0/8192            0/720896   ( 0.0%) 
leafwaterdata            1/32768          12/393216   ( 0.0%) 
waterstrips             30/32768         300/327680   ( 0.1%) 
waterverts               0/65536           0/786432   ( 0.0%) 
waterindices           420/65536         840/131072   ( 0.6%) 
cubemapsamples           2/1024           32/16384    ( 0.2%) 
overlays                 0/512             0/180224   ( 0.0%) 
LDR lightdata         [variable]    10446832/0        ( 0.0%) 
HDR lightdata         [variable]           0/0        ( 0.0%) 
visdata               [variable]         950/16777216 ( 0.0%) 
entdata               [variable]       34894/393216   ( 8.9%) 
LDR ambient table      487/65536        1948/262144   ( 0.7%) 
HDR ambient table      487/65536        1948/262144   ( 0.7%) 
LDR leaf ambient       687/65536       19236/1835008  ( 1.0%) 
HDR leaf ambient       487/65536       13636/1835008  ( 0.7%) 
occluders                0/0               0/0        ( 0.0%) 
occluder polygons        0/0               0/0        ( 0.0%) 
occluder vert ind        0/0               0/0        ( 0.0%) 
detail props          [variable]           1/12       ( 8.3%) 
static props          [variable]           1/216      ( 0.5%) 
pakfile               [variable]      319827/0        ( 0.0%) 
physics               [variable]       46353/4194304  ( 1.1%) 
physics terrain       [variable]           2/1048576  ( 0.0%) 

Level flags = 0

Total triangle count: 2277
Writing c:\program files (x86)\steam\steamapps\common\sourcesdk_content\hl2mp\mapsrc\test.bsp
3 seconds elapsed



materialPath: C:\Program Files (x86)\Steam\steamapps\common\Half-Life 2 Deathmatch\hl2mp\materials
Loading c:\program files (x86)\steam\steamapps\common\sourcesdk_content\hl2mp\mapsrc\test.vmf
ConVarRef mat_reduceparticles doesn't point to an existing ConVar
Could not locate 'GameData' key in c:\program files (x86)\steam\steamapps\common\half-life 2 deathmatch\hl2mp\gameinfo.txt
Patching WVT material: maps/test/dev/dev_blendmeasure_wvt_patch
fixing up env_cubemap materials on brush sides...
0...1...2...3...4...5...6...7...8...9...100...1...2...3...4...5...6...7...8...9...10Processing areas...done (0)
Building Faces...done (0)
FixTjuncs...
PruneNodes...
WriteBSP...
done (0)
writing c:\program files (x86)\steam\steamapps\common\sourcesdk_content\hl2mp\mapsrc\test.prt...Building visibility clusters...
done (0)
Creating default LDR cubemaps for env_cubemap using skybox materials:
   skybox/sky_day01_01*.vmt
 ! Run buildcubemaps in the engine to get the correct cube maps.
Creating default HDR cubemaps for env_cubemap using skybox materials:
   skybox/sky_day01_01*.vmt
 ! Run buildcubemaps in the engine to get the correct cube maps.
Finding displacement neighbors...
Finding lightmap sample positions...
Displacement Alpha : 0...1...2...3...4...5...6...7...8...9...10
Building Physics collision data...
done (0) (46353 bytes)
Placing detail props : 0...1...2...3...4...5...6...7...8...9...10
Compacting texture/material tables...
Reduced 281 texinfos to 137
Reduced 28 texdatas to 20 (905 bytes to 662)
Writing c:\program files (x86)\steam\steamapps\common\sourcesdk_content\hl2mp\mapsrc\test.bsp
Wrote ZIP buffer, estimated size 321783, actual size 319827
0 seconds elapsed



12 threads
reading c:\program files (x86)\steam\steamapps\common\sourcesdk_content\hl2mp\mapsrc\test.bsp
reading c:\program files (x86)\steam\steamapps\common\sourcesdk_content\hl2mp\mapsrc\test.prt
  47 portalclusters
 128 numportals
0...1...2...3...4...5...6...7...8...9...10Optimized: 63 visible clusters (3.09%)
Total clusters visible: 2042
Average clusters visible: 43
Building PAS...
Average clusters audible: 47
visdatasize:950  compressed from 752
writing c:\program files (x86)\steam\steamapps\common\sourcesdk_content\hl2mp\mapsrc\test.bsp
0 seconds elapsed



[Reading texlights from 'lights.rad']
[45 texlights parsed from 'lights.rad']

Loading c:\program files (x86)\steam\steamapps\common\sourcesdk_content\hl2mp\mapsrc\test.bsp
901 faces
37044 square feet [5334446.00 square inches]
0 Displacements
0 Square Feet [0.00 Square Inches]
901 patches before subdivision
52027 patches after subdivision
6 direct lights
0...1...2...3...4...5...6...7...8...9...100...1...2...3...4...5...6...7...8...9...10transfers 5578782, max 607
transfer lists:  42.6 megs
0...1...2...3...4...5...6...7...8...9...10	Bounce #1 added RGB(6835, 6394, 4562)
0...1...2...3...4...5...6...7...8...9...10	Bounce #2 added RGB(6167, 5347, 3428)
Build Patch/Sample Hash Table(s).....Done<0.0136 sec>
0...1...2...3...4...5...6...7...8...9...10FinalLightFace Done
0 of 0 (0% of) surface lights went in leaf ambient cubes.
0...1...2...3...4...5...6...7...8...9...10Writing leaf ambient...done
Ready to Finish

Object names       Objects/Maxobjs  Memory / Maxmem  Fullness 
------------       ---------------  ---------------  -------- 
models                  37/1024         1776/49152    ( 3.6%) 
brushes                 90/8192         1080/98304    ( 1.1%) 
brushsides             632/65536        5056/524288   ( 1.0%) 
planes                 762/65536       15240/1310720  ( 1.2%) 
vertexes              1245/65536       14940/786432   ( 1.9%) 
nodes                  449/65536       14368/2097152  ( 0.7%) 
texinfos               137/12288        9864/884736   ( 1.1%) 
texdata                 20/2048          640/65536    ( 1.0%) 
dispinfos                0/0               0/0        ( 0.0%) 
disp_verts               0/0               0/0        ( 0.0%) 
disp_tris                0/0               0/0        ( 0.0%) 
disp_lmsamples           0/0               0/0        ( 0.0%) 
faces                  901/65536       50456/3670016  ( 1.4%) 
hdr faces                0/65536           0/3670016  ( 0.0%) 
origfaces              398/65536       22288/3670016  ( 0.6%) 
leaves                 487/65536       15584/2097152  ( 0.7%) 
leaffaces             1143/65536        2286/131072   ( 1.7%) 
leafbrushes            118/65536         236/131072   ( 0.2%) 
areas                    2/256            16/2048     ( 0.8%) 
surfedges             5719/512000      22876/2048000  ( 1.1%) 
edges                 2975/256000      11900/1024000  ( 1.2%) 
LDR worldlights          6/8192          528/720896   ( 0.1%) 
HDR worldlights          0/8192            0/720896   ( 0.0%) 
leafwaterdata            1/32768          12/393216   ( 0.0%) 
waterstrips             30/32768         300/327680   ( 0.1%) 
waterverts               0/65536           0/786432   ( 0.0%) 
waterindices           420/65536         840/131072   ( 0.6%) 
cubemapsamples           2/1024           32/16384    ( 0.2%) 
overlays                 0/512             0/180224   ( 0.0%) 
LDR lightdata         [variable]    10446832/0        ( 0.0%) 
HDR lightdata         [variable]           0/0        ( 0.0%) 
visdata               [variable]         950/16777216 ( 0.0%) 
entdata               [variable]       34894/393216   ( 8.9%) 
LDR ambient table      487/65536        1948/262144   ( 0.7%) 
HDR ambient table      487/65536        1948/262144   ( 0.7%) 
LDR leaf ambient       687/65536       19236/1835008  ( 1.0%) 
HDR leaf ambient       487/65536       13636/1835008  ( 0.7%) 
occluders                0/0               0/0        ( 0.0%) 
occluder polygons        0/0               0/0        ( 0.0%) 
occluder vert ind        0/0               0/0        ( 0.0%) 
detail props          [variable]           1/12       ( 8.3%) 
static props          [variable]           1/216      ( 0.5%) 
pakfile               [variable]      319827/0        ( 0.0%) 
physics               [variable]       46353/4194304  ( 1.1%) 
physics terrain       [variable]           2/1048576  ( 0.0%) 

Level flags = 0

Total triangle count: 2277
Writing c:\program files (x86)\steam\steamapps\common\sourcesdk_content\hl2mp\mapsrc\test.bsp
3 seconds elapsed



materialPath: C:\Program Files (x86)\Steam\steamapps\common\Half-Life 2 Deathmatch\hl2mp\materials
Loading c:\program files (x86)\steam\steamapps\common\sourcesdk_content\hl2mp\mapsrc\test.vmf
ConVarRef mat_reduceparticles doesn't point to an existing ConVar
Could not locate 'GameData' key in c:\program files (x86)\steam\steamapps\common\half-life 2 deathmatch\hl2mp\gameinfo.txt
Patching WVT material: maps/test/dev/dev_blendmeasure_wvt_patch
fixing up env_cubemap materials on brush sides...
0...1...2...3...4...5...6...7...8...9...100...1...2...3...4...5...6...7...8...9...10Processing areas...done (0)
Building Faces...done (0)
FixTjuncs...
PruneNodes...
WriteBSP...
done (0)
writing c:\program files (x86)\steam\steamapps\common\sourcesdk_content\hl2mp\mapsrc\test.prt...Building visibility clusters...
done (0)
Creating default LDR cubemaps for env_cubemap using skybox materials:
   skybox/sky_day01_01*.vmt
 ! Run buildcubemaps in the engine to get the correct cube maps.
Creating default HDR cubemaps for env_cubemap using skybox materials:
   skybox/sky_day01_01*.vmt
 ! Run buildcubemaps in the engine to get the correct cube maps.
Finding displacement neighbors...
Finding lightmap sample positions...
Displacement Alpha : 0...1...2...3...4...5...6...7...8...9...10
Building Physics collision data...
done (0) (45619 bytes)
Placing detail props : 0...1...2...3...4...5...6...7...8...9...10
Compacting texture/material tables...
Reduced 283 texinfos to 136
Reduced 29 texdatas to 21 (926 bytes to 683)
Writing c:\program files (x86)\steam\steamapps\common\sourcesdk_content\hl2mp\mapsrc\test.bsp
Wrote ZIP buffer, estimated size 321783, actual size 319827
0 seconds elapsed



12 threads
reading c:\program files (x86)\steam\steamapps\common\sourcesdk_content\hl2mp\mapsrc\test.bsp
reading c:\program files (x86)\steam\steamapps\common\sourcesdk_content\hl2mp\mapsrc\test.prt
  47 portalclusters
 128 numportals
0...1...2...3...4...5...6...7...8...9...10Optimized: 63 visible clusters (3.09%)
Total clusters visible: 2042
Average clusters visible: 43
Building PAS...
Average clusters audible: 47
visdatasize:950  compressed from 752
writing c:\program files (x86)\steam\steamapps\common\sourcesdk_content\hl2mp\mapsrc\test.bsp
0 seconds elapsed



[Reading texlights from 'lights.rad']
[45 texlights parsed from 'lights.rad']

Loading c:\program files (x86)\steam\steamapps\common\sourcesdk_content\hl2mp\mapsrc\test.bsp
887 faces
37014 square feet [5330094.00 square inches]
0 Displacements
0 Square Feet [0.00 Square Inches]
887 patches before subdivision
52005 patches after subdivision
6 direct lights
0...1...2...3...4...5...6...7...8...9...100...1...2...3...4...5...6...7...8...9...10transfers 5573386, max 607
transfer lists:  42.5 megs
0...1...2...3...4...5...6...7...8...9...10	Bounce #1 added RGB(6808, 6368, 4543)
0...1...2...3...4...5...6...7...8...9...10	Bounce #2 added RGB(6163, 5344, 3426)
Build Patch/Sample Hash Table(s).....Done<0.0109 sec>
0...1...2...3...4...5...6...7...8...9...10FinalLightFace Done
0 of 0 (0% of) surface lights went in leaf ambient cubes.
0...1...2...3...4...5...6...7...8...9...10Writing leaf ambient...done
Ready to Finish

Object names       Objects/Maxobjs  Memory / Maxmem  Fullness 
------------       ---------------  ---------------  -------- 
models                  37/1024         1776/49152    ( 3.6%) 
brushes                 89/8192         1068/98304    ( 1.1%) 
brushsides             626/65536        5008/524288   ( 1.0%) 
planes                 768/65536       15360/1310720  ( 1.2%) 
vertexes              1233/65536       14796/786432   ( 1.9%) 
nodes                  444/65536       14208/2097152  ( 0.7%) 
texinfos               136/12288        9792/884736   ( 1.1%) 
texdata                 21/2048          672/65536    ( 1.0%) 
dispinfos                0/0               0/0        ( 0.0%) 
disp_verts               0/0               0/0        ( 0.0%) 
disp_tris                0/0               0/0        ( 0.0%) 
disp_lmsamples           0/0               0/0        ( 0.0%) 
faces                  887/65536       49672/3670016  ( 1.4%) 
hdr faces                0/65536           0/3670016  ( 0.0%) 
origfaces              387/65536       21672/3670016  ( 0.6%) 
leaves                 482/65536       15424/2097152  ( 0.7%) 
leaffaces             1129/65536        2258/131072   ( 1.7%) 
leafbrushes            117/65536         234/131072   ( 0.2%) 
areas                    2/256            16/2048     ( 0.8%) 
surfedges             5611/512000      22444/2048000  ( 1.1%) 
edges                 2919/256000      11676/1024000  ( 1.1%) 
LDR worldlights          6/8192          528/720896   ( 0.1%) 
HDR worldlights          0/8192            0/720896   ( 0.0%) 
leafwaterdata            1/32768          12/393216   ( 0.0%) 
waterstrips             30/32768         300/327680   ( 0.1%) 
waterverts               0/65536           0/786432   ( 0.0%) 
waterindices           420/65536         840/131072   ( 0.6%) 
cubemapsamples           2/1024           32/16384    ( 0.2%) 
overlays                 0/512             0/180224   ( 0.0%) 
LDR lightdata         [variable]    10445380/0        ( 0.0%) 
HDR lightdata         [variable]           0/0        ( 0.0%) 
visdata               [variable]         950/16777216 ( 0.0%) 
entdata               [variable]       35404/393216   ( 9.0%) 
LDR ambient table      482/65536        1928/262144   ( 0.7%) 
HDR ambient table      482/65536        1928/262144   ( 0.7%) 
LDR leaf ambient       684/65536       19152/1835008  ( 1.0%) 
HDR leaf ambient       482/65536       13496/1835008  ( 0.7%) 
occluders                0/0               0/0        ( 0.0%) 
occluder polygons        0/0               0/0        ( 0.0%) 
occluder vert ind        0/0               0/0        ( 0.0%) 
detail props          [variable]           1/12       ( 8.3%) 
static props          [variable]           1/216      ( 0.5%) 
pakfile               [variable]      319827/0        ( 0.0%) 
physics               [variable]       45619/4194304  ( 1.1%) 
physics terrain       [variable]           2/1048576  ( 0.0%) 

Level flags = 0

Total triangle count: 2241
Writing c:\program files (x86)\steam\steamapps\common\sourcesdk_content\hl2mp\mapsrc\test.bsp
3 seconds elapsed



materialPath: C:\Program Files (x86)\Steam\steamapps\common\Half-Life 2 Deathmatch\hl2mp\materials
Loading c:\program files (x86)\steam\steamapps\common\sourcesdk_content\hl2mp\mapsrc\test.vmf
ConVarRef mat_reduceparticles doesn't point to an existing ConVar
Could not locate 'GameData' key in c:\program files (x86)\steam\steamapps\common\half-life 2 deathmatch\hl2mp\gameinfo.txt
Patching WVT material: maps/test/dev/dev_blendmeasure_wvt_patch
fixing up env_cubemap materials on brush sides...
0...1...2...3...4...5...6...7...8...9...100...1...2...3...4...5...6...7...8...9...10Processing areas...done (0)
Building Faces...done (0)
FixTjuncs...
PruneNodes...
WriteBSP...
done (0)
writing c:\program files (x86)\steam\steamapps\common\sourcesdk_content\hl2mp\mapsrc\test.prt...Building visibility clusters...
done (0)
Creating default LDR cubemaps for env_cubemap using skybox materials:
   skybox/sky_day01_01*.vmt
 ! Run buildcubemaps in the engine to get the correct cube maps.
Creating default HDR cubemaps for env_cubemap using skybox materials:
   skybox/sky_day01_01*.vmt
 ! Run buildcubemaps in the engine to get the correct cube maps.
Finding displacement neighbors...
Finding lightmap sample positions...
Displacement Alpha : 0...1...2...3...4...5...6...7...8...9...10
Building Physics collision data...
done (0) (45619 bytes)
Placing detail props : 0...1...2...3...4...5...6...7...8...9...10
Compacting texture/material tables...
Reduced 283 texinfos to 136
Reduced 29 texdatas to 21 (926 bytes to 683)
Writing c:\program files (x86)\steam\steamapps\common\sourcesdk_content\hl2mp\mapsrc\test.bsp
Wrote ZIP buffer, estimated size 321783, actual size 319827
0 seconds elapsed



12 threads
reading c:\program files (x86)\steam\steamapps\common\sourcesdk_content\hl2mp\mapsrc\test.bsp
reading c:\program files (x86)\steam\steamapps\common\sourcesdk_content\hl2mp\mapsrc\test.prt
  47 portalclusters
 128 numportals
0...1...2...3...4...5...6...7...8...9...10Optimized: 63 visible clusters (3.09%)
Total clusters visible: 2042
Average clusters visible: 43
Building PAS...
Average clusters audible: 47
visdatasize:950  compressed from 752
writing c:\program files (x86)\steam\steamapps\common\sourcesdk_content\hl2mp\mapsrc\test.bsp
0 seconds elapsed



[Reading texlights from 'lights.rad']
[45 texlights parsed from 'lights.rad']

Loading c:\program files (x86)\steam\steamapps\common\sourcesdk_content\hl2mp\mapsrc\test.bsp
887 faces
37014 square feet [5330094.00 square inches]
0 Displacements
0 Square Feet [0.00 Square Inches]
887 patches before subdivision
52005 patches after subdivision
6 direct lights
0...1...2...3...4...5...6...7...8...9...100...1...2...3...4...5...6...7...8...9...10transfers 5573386, max 607
transfer lists:  42.5 megs
0...1...2...3...4...5...6...7...8...9...10	Bounce #1 added RGB(6808, 6368, 4543)
0...1...2...3...4...5...6...7...8...9...10	Bounce #2 added RGB(6163, 5344, 3426)
Build Patch/Sample Hash Table(s).....Done<0.0110 sec>
0...1...2...3...4...5...6...7...8...9...10FinalLightFace Done
0 of 0 (0% of) surface lights went in leaf ambient cubes.
0...1...2...3...4...5...6...7...8...9...10Writing leaf ambient...done
Ready to Finish

Object names       Objects/Maxobjs  Memory / Maxmem  Fullness 
------------       ---------------  ---------------  -------- 
models                  37/1024         1776/49152    ( 3.6%) 
brushes                 89/8192         1068/98304    ( 1.1%) 
brushsides             626/65536        5008/524288   ( 1.0%) 
planes                 768/65536       15360/1310720  ( 1.2%) 
vertexes              1233/65536       14796/786432   ( 1.9%) 
nodes                  444/65536       14208/2097152  ( 0.7%) 
texinfos               136/12288        9792/884736   ( 1.1%) 
texdata                 21/2048          672/65536    ( 1.0%) 
dispinfos                0/0               0/0        ( 0.0%) 
disp_verts               0/0               0/0        ( 0.0%) 
disp_tris                0/0               0/0        ( 0.0%) 
disp_lmsamples           0/0               0/0        ( 0.0%) 
faces                  887/65536       49672/3670016  ( 1.4%) 
hdr faces                0/65536           0/3670016  ( 0.0%) 
origfaces              387/65536       21672/3670016  ( 0.6%) 
leaves                 482/65536       15424/2097152  ( 0.7%) 
leaffaces             1129/65536        2258/131072   ( 1.7%) 
leafbrushes            117/65536         234/131072   ( 0.2%) 
areas                    2/256            16/2048     ( 0.8%) 
surfedges             5611/512000      22444/2048000  ( 1.1%) 
edges                 2919/256000      11676/1024000  ( 1.1%) 
LDR worldlights          6/8192          528/720896   ( 0.1%) 
HDR worldlights          0/8192            0/720896   ( 0.0%) 
leafwaterdata            1/32768          12/393216   ( 0.0%) 
waterstrips             30/32768         300/327680   ( 0.1%) 
waterverts               0/65536           0/786432   ( 0.0%) 
waterindices           420/65536         840/131072   ( 0.6%) 
cubemapsamples           2/1024           32/16384    ( 0.2%) 
overlays                 0/512             0/180224   ( 0.0%) 
LDR lightdata         [variable]    10445380/0        ( 0.0%) 
HDR lightdata         [variable]           0/0        ( 0.0%) 
visdata               [variable]         950/16777216 ( 0.0%) 
entdata               [variable]       35437/393216   ( 9.0%) 
LDR ambient table      482/65536        1928/262144   ( 0.7%) 
HDR ambient table      482/65536        1928/262144   ( 0.7%) 
LDR leaf ambient       684/65536       19152/1835008  ( 1.0%) 
HDR leaf ambient       482/65536       13496/1835008  ( 0.7%) 
occluders                0/0               0/0        ( 0.0%) 
occluder polygons        0/0               0/0        ( 0.0%) 
occluder vert ind        0/0               0/0        ( 0.0%) 
detail props          [variable]           1/12       ( 8.3%) 
static props          [variable]           1/216      ( 0.5%) 
pakfile               [variable]      319827/0        ( 0.0%) 
physics               [variable]       45619/4194304  ( 1.1%) 
physics terrain       [variable]           2/1048576  ( 0.0%) 

Level flags = 0

Total triangle count: 2241
Writing c:\program files (x86)\steam\steamapps\common\sourcesdk_content\hl2mp\mapsrc\test.bsp
3 seconds elapsed



materialPath: C:\Program Files (x86)\Steam\steamapps\common\Half-Life 2 Deathmatch\hl2mp\materials
Loading c:\program files (x86)\steam\steamapps\common\sourcesdk_content\hl2mp\mapsrc\test.vmf
ConVarRef mat_reduceparticles doesn't point to an existing ConVar
Could not locate 'GameData' key in c:\program files (x86)\steam\steamapps\common\half-life 2 deathmatch\hl2mp\gameinfo.txt
Patching WVT material: maps/test/dev/dev_blendmeasure_wvt_patch
fixing up env_cubemap materials on brush sides...
0...1...2...3...4...5...6...7...8...9...100...1...2...3...4...5...6...7...8...9...10Processing areas...done (0)
Building Faces...done (0)
FixTjuncs...
PruneNodes...
WriteBSP...
done (0)
writing c:\program files (x86)\steam\steamapps\common\sourcesdk_content\hl2mp\mapsrc\test.prt...Building visibility clusters...
done (0)
Creating default LDR cubemaps for env_cubemap using skybox materials:
   skybox/sky_day01_01*.vmt
 ! Run buildcubemaps in the engine to get the correct cube maps.
Creating default HDR cubemaps for env_cubemap using skybox materials:
   skybox/sky_day01_01*.vmt
 ! Run buildcubemaps in the engine to get the correct cube maps.
Finding displacement neighbors...
Finding lightmap sample positions...
Displacement Alpha : 0...1...2...3...4...5...6...7...8...9...10
Building Physics collision data...
done (0) (45619 bytes)
Placing detail props : 0...1...2...3...4...5...6...7...8...9...10
Compacting texture/material tables...
Reduced 283 texinfos to 136
Reduced 29 texdatas to 21 (926 bytes to 683)
Writing c:\program files (x86)\steam\steamapps\common\sourcesdk_content\hl2mp\mapsrc\test.bsp
Wrote ZIP buffer, estimated size 321783, actual size 319827
0 seconds elapsed



12 threads
reading c:\program files (x86)\steam\steamapps\common\sourcesdk_content\hl2mp\mapsrc\test.bsp
reading c:\program files (x86)\steam\steamapps\common\sourcesdk_content\hl2mp\mapsrc\test.prt
  47 portalclusters
 128 numportals
0...1...2...3...4...5...6...7...8...9...10Optimized: 63 visible clusters (3.09%)
Total clusters visible: 2042
Average clusters visible: 43
Building PAS...
Average clusters audible: 47
visdatasize:950  compressed from 752
writing c:\program files (x86)\steam\steamapps\common\sourcesdk_content\hl2mp\mapsrc\test.bsp
0 seconds elapsed



[Reading texlights from 'lights.rad']
[45 texlights parsed from 'lights.rad']

Loading c:\program files (x86)\steam\steamapps\common\sourcesdk_content\hl2mp\mapsrc\test.bsp
887 faces
37014 square feet [5330094.00 square inches]
0 Displacements
0 Square Feet [0.00 Square Inches]
887 patches before subdivision
52005 patches after subdivision
6 direct lights
0...1...2...3...4...5...6...7...8...9...100...1...2...3...4...5...6...7...8...9...10transfers 5573386, max 607
transfer lists:  42.5 megs
0...1...2...3...4...5...6...7...8...9...10	Bounce #1 added RGB(6808, 6368, 4543)
0...1...2...3...4...5...6...7...8...9...10	Bounce #2 added RGB(6163, 5344, 3426)
Build Patch/Sample Hash Table(s).....Done<0.0135 sec>
0...1...2...3...4...5...6...7...8...9...10FinalLightFace Done
0 of 0 (0% of) surface lights went in leaf ambient cubes.
0...1...2...3...4...5...6...7...8...9...10Writing leaf ambient...done
Ready to Finish

Object names       Objects/Maxobjs  Memory / Maxmem  Fullness 
------------       ---------------  ---------------  -------- 
models                  37/1024         1776/49152    ( 3.6%) 
brushes                 89/8192         1068/98304    ( 1.1%) 
brushsides             626/65536        5008/524288   ( 1.0%) 
planes                 768/65536       15360/1310720  ( 1.2%) 
vertexes              1233/65536       14796/786432   ( 1.9%) 
nodes                  444/65536       14208/2097152  ( 0.7%) 
texinfos               136/12288        9792/884736   ( 1.1%) 
texdata                 21/2048          672/65536    ( 1.0%) 
dispinfos                0/0               0/0        ( 0.0%) 
disp_verts               0/0               0/0        ( 0.0%) 
disp_tris                0/0               0/0        ( 0.0%) 
disp_lmsamples           0/0               0/0        ( 0.0%) 
faces                  887/65536       49672/3670016  ( 1.4%) 
hdr faces                0/65536           0/3670016  ( 0.0%) 
origfaces              387/65536       21672/3670016  ( 0.6%) 
leaves                 482/65536       15424/2097152  ( 0.7%) 
leaffaces             1129/65536        2258/131072   ( 1.7%) 
leafbrushes            117/65536         234/131072   ( 0.2%) 
areas                    2/256            16/2048     ( 0.8%) 
surfedges             5611/512000      22444/2048000  ( 1.1%) 
edges                 2919/256000      11676/1024000  ( 1.1%) 
LDR worldlights          6/8192          528/720896   ( 0.1%) 
HDR worldlights          0/8192            0/720896   ( 0.0%) 
leafwaterdata            1/32768          12/393216   ( 0.0%) 
waterstrips             30/32768         300/327680   ( 0.1%) 
waterverts               0/65536           0/786432   ( 0.0%) 
waterindices           420/65536         840/131072   ( 0.6%) 
cubemapsamples           2/1024           32/16384    ( 0.2%) 
overlays                 0/512             0/180224   ( 0.0%) 
LDR lightdata         [variable]    10445380/0        ( 0.0%) 
HDR lightdata         [variable]           0/0        ( 0.0%) 
visdata               [variable]         950/16777216 ( 0.0%) 
entdata               [variable]       35440/393216   ( 9.0%) 
LDR ambient table      482/65536        1928/262144   ( 0.7%) 
HDR ambient table      482/65536        1928/262144   ( 0.7%) 
LDR leaf ambient       684/65536       19152/1835008  ( 1.0%) 
HDR leaf ambient       482/65536       13496/1835008  ( 0.7%) 
occluders                0/0               0/0        ( 0.0%) 
occluder polygons        0/0               0/0        ( 0.0%) 
occluder vert ind        0/0               0/0        ( 0.0%) 
detail props          [variable]           1/12       ( 8.3%) 
static props          [variable]           1/216      ( 0.5%) 
pakfile               [variable]      319827/0        ( 0.0%) 
physics               [variable]       45619/4194304  ( 1.1%) 
physics terrain       [variable]           2/1048576  ( 0.0%) 

Level flags = 0

Total triangle count: 2241
Writing c:\program files (x86)\steam\steamapps\common\sourcesdk_content\hl2mp\mapsrc\test.bsp
3 seconds elapsed



materialPath: C:\Program Files (x86)\Steam\steamapps\common\Half-Life 2 Deathmatch\hl2mp\materials
Loading c:\program files (x86)\steam\steamapps\common\sourcesdk_content\hl2mp\mapsrc\test.vmf
ConVarRef mat_reduceparticles doesn't point to an existing ConVar
Could not locate 'GameData' key in c:\program files (x86)\steam\steamapps\common\half-life 2 deathmatch\hl2mp\gameinfo.txt
Patching WVT material: maps/test/dev/dev_blendmeasure_wvt_patch
fixing up env_cubemap materials on brush sides...
0...1...2...3...4...5...6...7...8...9...100...1...2...3...4...5...6...7...8...9...10Processing areas...done (0)
Building Faces...done (0)
FixTjuncs...
PruneNodes...
WriteBSP...
done (0)
writing c:\program files (x86)\steam\steamapps\common\sourcesdk_content\hl2mp\mapsrc\test.prt...Building visibility clusters...
done (0)
Creating default LDR cubemaps for env_cubemap using skybox materials:
   skybox/sky_day01_01*.vmt
 ! Run buildcubemaps in the engine to get the correct cube maps.
Creating default HDR cubemaps for env_cubemap using skybox materials:
   skybox/sky_day01_01*.vmt
 ! Run buildcubemaps in the engine to get the correct cube maps.
Finding displacement neighbors...
Finding lightmap sample positions...
Displacement Alpha : 0...1...2...3...4...5...6...7...8...9...10
Building Physics collision data...
done (0) (45619 bytes)
Placing detail props : 0...1...2...3...4...5...6...7...8...9...10
Compacting texture/material tables...
Reduced 283 texinfos to 136
Reduced 29 texdatas to 21 (926 bytes to 683)
Writing c:\program files (x86)\steam\steamapps\common\sourcesdk_content\hl2mp\mapsrc\test.bsp
Wrote ZIP buffer, estimated size 321783, actual size 319827
0 seconds elapsed



12 threads
reading c:\program files (x86)\steam\steamapps\common\sourcesdk_content\hl2mp\mapsrc\test.bsp
reading c:\program files (x86)\steam\steamapps\common\sourcesdk_content\hl2mp\mapsrc\test.prt
  47 portalclusters
 128 numportals
0...1...2...3...4...5...6...7...8...9...10Optimized: 63 visible clusters (3.09%)
Total clusters visible: 2042
Average clusters visible: 43
Building PAS...
Average clusters audible: 47
visdatasize:950  compressed from 752
writing c:\program files (x86)\steam\steamapps\common\sourcesdk_content\hl2mp\mapsrc\test.bsp
0 seconds elapsed



[Reading texlights from 'lights.rad']
[45 texlights parsed from 'lights.rad']

Loading c:\program files (x86)\steam\steamapps\common\sourcesdk_content\hl2mp\mapsrc\test.bsp
887 faces
37014 square feet [5330094.00 square inches]
0 Displacements
0 Square Feet [0.00 Square Inches]
887 patches before subdivision
52005 patches after subdivision
6 direct lights
0...1...2...3...4...5...6...7...8...9...100...1...2...3...4...5...6...7...8...9...10transfers 5573386, max 607
transfer lists:  42.5 megs
0...1...2...3...4...5...6...7...8...9...10	Bounce #1 added RGB(6808, 6368, 4543)
0...1...2...3...4...5...6...7...8...9...10	Bounce #2 added RGB(6163, 5344, 3426)
Build Patch/Sample Hash Table(s).....Done<0.0135 sec>
0...1...2...3...4...5...6...7...8...9...10FinalLightFace Done
0 of 0 (0% of) surface lights went in leaf ambient cubes.
0...1...2...3...4...5...6...7...8...9...10Writing leaf ambient...done
Ready to Finish

Object names       Objects/Maxobjs  Memory / Maxmem  Fullness 
------------       ---------------  ---------------  -------- 
models                  37/1024         1776/49152    ( 3.6%) 
brushes                 89/8192         1068/98304    ( 1.1%) 
brushsides             626/65536        5008/524288   ( 1.0%) 
planes                 768/65536       15360/1310720  ( 1.2%) 
vertexes              1233/65536       14796/786432   ( 1.9%) 
nodes                  444/65536       14208/2097152  ( 0.7%) 
texinfos               136/12288        9792/884736   ( 1.1%) 
texdata                 21/2048          672/65536    ( 1.0%) 
dispinfos                0/0               0/0        ( 0.0%) 
disp_verts               0/0               0/0        ( 0.0%) 
disp_tris                0/0               0/0        ( 0.0%) 
disp_lmsamples           0/0               0/0        ( 0.0%) 
faces                  887/65536       49672/3670016  ( 1.4%) 
hdr faces                0/65536           0/3670016  ( 0.0%) 
origfaces              387/65536       21672/3670016  ( 0.6%) 
leaves                 482/65536       15424/2097152  ( 0.7%) 
leaffaces             1129/65536        2258/131072   ( 1.7%) 
leafbrushes            117/65536         234/131072   ( 0.2%) 
areas                    2/256            16/2048     ( 0.8%) 
surfedges             5611/512000      22444/2048000  ( 1.1%) 
edges                 2919/256000      11676/1024000  ( 1.1%) 
LDR worldlights          6/8192          528/720896   ( 0.1%) 
HDR worldlights          0/8192            0/720896   ( 0.0%) 
leafwaterdata            1/32768          12/393216   ( 0.0%) 
waterstrips             30/32768         300/327680   ( 0.1%) 
waterverts               0/65536           0/786432   ( 0.0%) 
waterindices           420/65536         840/131072   ( 0.6%) 
cubemapsamples           2/1024           32/16384    ( 0.2%) 
overlays                 0/512             0/180224   ( 0.0%) 
LDR lightdata         [variable]    10445380/0        ( 0.0%) 
HDR lightdata         [variable]           0/0        ( 0.0%) 
visdata               [variable]         950/16777216 ( 0.0%) 
entdata               [variable]       35440/393216   ( 9.0%) 
LDR ambient table      482/65536        1928/262144   ( 0.7%) 
HDR ambient table      482/65536        1928/262144   ( 0.7%) 
LDR leaf ambient       684/65536       19152/1835008  ( 1.0%) 
HDR leaf ambient       482/65536       13496/1835008  ( 0.7%) 
occluders                0/0               0/0        ( 0.0%) 
occluder polygons        0/0               0/0        ( 0.0%) 
occluder vert ind        0/0               0/0        ( 0.0%) 
detail props          [variable]           1/12       ( 8.3%) 
static props          [variable]           1/216      ( 0.5%) 
pakfile               [variable]      319827/0        ( 0.0%) 
physics               [variable]       45619/4194304  ( 1.1%) 
physics terrain       [variable]           2/1048576  ( 0.0%) 

Level flags = 0

Total triangle count: 2241
Writing c:\program files (x86)\steam\steamapps\common\sourcesdk_content\hl2mp\mapsrc\test.bsp
3 seconds elapsed



materialPath: C:\Program Files (x86)\Steam\steamapps\common\Half-Life 2 Deathmatch\hl2mp\materials
Loading c:\program files (x86)\steam\steamapps\common\sourcesdk_content\hl2mp\mapsrc\test.vmf
ConVarRef mat_reduceparticles doesn't point to an existing ConVar
Could not locate 'GameData' key in c:\program files (x86)\steam\steamapps\common\half-life 2 deathmatch\hl2mp\gameinfo.txt
Patching WVT material: maps/test/dev/dev_blendmeasure_wvt_patch
fixing up env_cubemap materials on brush sides...
0...1...2...3...4...5...6...7...8...9...100...1...2...3...4...5...6...7...8...9...10Processing areas...done (0)
Building Faces...done (0)
FixTjuncs...
PruneNodes...
WriteBSP...
done (0)
writing c:\program files (x86)\steam\steamapps\common\sourcesdk_content\hl2mp\mapsrc\test.prt...Building visibility clusters...
done (0)
Creating default LDR cubemaps for env_cubemap using skybox materials:
   skybox/sky_day01_01*.vmt
 ! Run buildcubemaps in the engine to get the correct cube maps.
Creating default HDR cubemaps for env_cubemap using skybox materials:
   skybox/sky_day01_01*.vmt
 ! Run buildcubemaps in the engine to get the correct cube maps.
Finding displacement neighbors...
Finding lightmap sample positions...
Displacement Alpha : 0...1...2...3...4...5...6...7...8...9...10
Building Physics collision data...
done (0) (45619 bytes)
Placing detail props : 0...1...2...3...4...5...6...7...8...9...10
Compacting texture/material tables...
Reduced 283 texinfos to 136
Reduced 29 texdatas to 21 (926 bytes to 683)
Writing c:\program files (x86)\steam\steamapps\common\sourcesdk_content\hl2mp\mapsrc\test.bsp
Wrote ZIP buffer, estimated size 321783, actual size 319827
0 seconds elapsed



12 threads
reading c:\program files (x86)\steam\steamapps\common\sourcesdk_content\hl2mp\mapsrc\test.bsp
reading c:\program files (x86)\steam\steamapps\common\sourcesdk_content\hl2mp\mapsrc\test.prt
  47 portalclusters
 128 numportals
0...1...2...3...4...5...6...7...8...9...10Optimized: 63 visible clusters (3.09%)
Total clusters visible: 2042
Average clusters visible: 43
Building PAS...
Average clusters audible: 47
visdatasize:950  compressed from 752
writing c:\program files (x86)\steam\steamapps\common\sourcesdk_content\hl2mp\mapsrc\test.bsp
0 seconds elapsed



[Reading texlights from 'lights.rad']
[45 texlights parsed from 'lights.rad']

Loading c:\program files (x86)\steam\steamapps\common\sourcesdk_content\hl2mp\mapsrc\test.bsp
887 faces
37014 square feet [5330094.00 square inches]
0 Displacements
0 Square Feet [0.00 Square Inches]
887 patches before subdivision
52005 patches after subdivision
6 direct lights
0...1...2...3...4...5...6...7...8...9...100...1...2...3...4...5...6...7...8...9...10transfers 5573386, max 607
transfer lists:  42.5 megs
0...1...2...3...4...5...6...7...8...9...10	Bounce #1 added RGB(6808, 6368, 4543)
0...1...2...3...4...5...6...7...8...9...10	Bounce #2 added RGB(6163, 5344, 3426)
Build Patch/Sample Hash Table(s).....Done<0.0112 sec>
0...1...2...3...4...5...6...7...8...9...10FinalLightFace Done
0 of 0 (0% of) surface lights went in leaf ambient cubes.
0...1...2...3...4...5...6...7...8...9...10Writing leaf ambient...done
Ready to Finish

Object names       Objects/Maxobjs  Memory / Maxmem  Fullness 
------------       ---------------  ---------------  -------- 
models                  37/1024         1776/49152    ( 3.6%) 
brushes                 89/8192         1068/98304    ( 1.1%) 
brushsides             626/65536        5008/524288   ( 1.0%) 
planes                 768/65536       15360/1310720  ( 1.2%) 
vertexes              1233/65536       14796/786432   ( 1.9%) 
nodes                  444/65536       14208/2097152  ( 0.7%) 
texinfos               136/12288        9792/884736   ( 1.1%) 
texdata                 21/2048          672/65536    ( 1.0%) 
dispinfos                0/0               0/0        ( 0.0%) 
disp_verts               0/0               0/0        ( 0.0%) 
disp_tris                0/0               0/0        ( 0.0%) 
disp_lmsamples           0/0               0/0        ( 0.0%) 
faces                  887/65536       49672/3670016  ( 1.4%) 
hdr faces                0/65536           0/3670016  ( 0.0%) 
origfaces              387/65536       21672/3670016  ( 0.6%) 
leaves                 482/65536       15424/2097152  ( 0.7%) 
leaffaces             1129/65536        2258/131072   ( 1.7%) 
leafbrushes            117/65536         234/131072   ( 0.2%) 
areas                    2/256            16/2048     ( 0.8%) 
surfedges             5611/512000      22444/2048000  ( 1.1%) 
edges                 2919/256000      11676/1024000  ( 1.1%) 
LDR worldlights          6/8192          528/720896   ( 0.1%) 
HDR worldlights          0/8192            0/720896   ( 0.0%) 
leafwaterdata            1/32768          12/393216   ( 0.0%) 
waterstrips             30/32768         300/327680   ( 0.1%) 
waterverts               0/65536           0/786432   ( 0.0%) 
waterindices           420/65536         840/131072   ( 0.6%) 
cubemapsamples           2/1024           32/16384    ( 0.2%) 
overlays                 0/512             0/180224   ( 0.0%) 
LDR lightdata         [variable]    10445380/0        ( 0.0%) 
HDR lightdata         [variable]           0/0        ( 0.0%) 
visdata               [variable]         950/16777216 ( 0.0%) 
entdata               [variable]       35438/393216   ( 9.0%) 
LDR ambient table      482/65536        1928/262144   ( 0.7%) 
HDR ambient table      482/65536        1928/262144   ( 0.7%) 
LDR leaf ambient       684/65536       19152/1835008  ( 1.0%) 
HDR leaf ambient       482/65536       13496/1835008  ( 0.7%) 
occluders                0/0               0/0        ( 0.0%) 
occluder polygons        0/0               0/0        ( 0.0%) 
occluder vert ind        0/0               0/0        ( 0.0%) 
detail props          [variable]           1/12       ( 8.3%) 
static props          [variable]           1/216      ( 0.5%) 
pakfile               [variable]      319827/0        ( 0.0%) 
physics               [variable]       45619/4194304  ( 1.1%) 
physics terrain       [variable]           2/1048576  ( 0.0%) 

Level flags = 0

Total triangle count: 2241
Writing c:\program files (x86)\steam\steamapps\common\sourcesdk_content\hl2mp\mapsrc\test.bsp
3 seconds elapsed



materialPath: C:\Program Files (x86)\Steam\steamapps\common\Half-Life 2 Deathmatch\hl2mp\materials
Loading c:\program files (x86)\steam\steamapps\common\sourcesdk_content\hl2mp\mapsrc\test.vmf
ConVarRef mat_reduceparticles doesn't point to an existing ConVar
Could not locate 'GameData' key in c:\program files (x86)\steam\steamapps\common\half-life 2 deathmatch\hl2mp\gameinfo.txt
Patching WVT material: maps/test/dev/dev_blendmeasure_wvt_patch
fixing up env_cubemap materials on brush sides...
0...1...2...3...4...5...6...7...8...9...100...1...2...3...4...5...6...7...8...9...10Processing areas...done (0)
Building Faces...done (0)
FixTjuncs...
PruneNodes...
WriteBSP...
done (0)
writing c:\program files (x86)\steam\steamapps\common\sourcesdk_content\hl2mp\mapsrc\test.prt...Building visibility clusters...
done (0)
Creating default LDR cubemaps for env_cubemap using skybox materials:
   skybox/sky_day01_01*.vmt
 ! Run buildcubemaps in the engine to get the correct cube maps.
Creating default HDR cubemaps for env_cubemap using skybox materials:
   skybox/sky_day01_01*.vmt
 ! Run buildcubemaps in the engine to get the correct cube maps.
Finding displacement neighbors...
Finding lightmap sample positions...
Displacement Alpha : 0...1...2...3...4...5...6...7...8...9...10
Building Physics collision data...
done (0) (45619 bytes)
Placing detail props : 0...1...2...3...4...5...6...7...8...9...10
Compacting texture/material tables...
Reduced 282 texinfos to 135
Reduced 29 texdatas to 21 (926 bytes to 683)
Writing c:\program files (x86)\steam\steamapps\common\sourcesdk_content\hl2mp\mapsrc\test.bsp
Wrote ZIP buffer, estimated size 321783, actual size 319827
0 seconds elapsed



12 threads
reading c:\program files (x86)\steam\steamapps\common\sourcesdk_content\hl2mp\mapsrc\test.bsp
reading c:\program files (x86)\steam\steamapps\common\sourcesdk_content\hl2mp\mapsrc\test.prt
  47 portalclusters
 128 numportals
0...1...2...3...4...5...6...7...8...9...10Optimized: 63 visible clusters (3.09%)
Total clusters visible: 2042
Average clusters visible: 43
Building PAS...
Average clusters audible: 47
visdatasize:950  compressed from 752
writing c:\program files (x86)\steam\steamapps\common\sourcesdk_content\hl2mp\mapsrc\test.bsp
0 seconds elapsed



[Reading texlights from 'lights.rad']
[45 texlights parsed from 'lights.rad']

Loading c:\program files (x86)\steam\steamapps\common\sourcesdk_content\hl2mp\mapsrc\test.bsp
887 faces
37014 square feet [5330094.00 square inches]
0 Displacements
0 Square Feet [0.00 Square Inches]
887 patches before subdivision
52005 patches after subdivision
6 direct lights
0...1...2...3...4...5...6...7...8...9...100...1...2...3...4...5...6...7...8...9...10transfers 5573413, max 607
transfer lists:  42.5 megs
0...1...2...3...4...5...6...7...8...9...10	Bounce #1 added RGB(6808, 6368, 4543)
0...1...2...3...4...5...6...7...8...9...10	Bounce #2 added RGB(6163, 5344, 3426)
Build Patch/Sample Hash Table(s).....Done<0.0109 sec>
0...1...2...3...4...5...6...7...8...9...10FinalLightFace Done
0 of 0 (0% of) surface lights went in leaf ambient cubes.
0...1...2...3...4...5...6...7...8...9...10Writing leaf ambient...done
Ready to Finish

Object names       Objects/Maxobjs  Memory / Maxmem  Fullness 
------------       ---------------  ---------------  -------- 
models                  37/1024         1776/49152    ( 3.6%) 
brushes                 89/8192         1068/98304    ( 1.1%) 
brushsides             626/65536        5008/524288   ( 1.0%) 
planes                 768/65536       15360/1310720  ( 1.2%) 
vertexes              1233/65536       14796/786432   ( 1.9%) 
nodes                  444/65536       14208/2097152  ( 0.7%) 
texinfos               135/12288        9720/884736   ( 1.1%) 
texdata                 21/2048          672/65536    ( 1.0%) 
dispinfos                0/0               0/0        ( 0.0%) 
disp_verts               0/0               0/0        ( 0.0%) 
disp_tris                0/0               0/0        ( 0.0%) 
disp_lmsamples           0/0               0/0        ( 0.0%) 
faces                  887/65536       49672/3670016  ( 1.4%) 
hdr faces                0/65536           0/3670016  ( 0.0%) 
origfaces              387/65536       21672/3670016  ( 0.6%) 
leaves                 482/65536       15424/2097152  ( 0.7%) 
leaffaces             1129/65536        2258/131072   ( 1.7%) 
leafbrushes            117/65536         234/131072   ( 0.2%) 
areas                    2/256            16/2048     ( 0.8%) 
surfedges             5611/512000      22444/2048000  ( 1.1%) 
edges                 2919/256000      11676/1024000  ( 1.1%) 
LDR worldlights          6/8192          528/720896   ( 0.1%) 
HDR worldlights          0/8192            0/720896   ( 0.0%) 
leafwaterdata            1/32768          12/393216   ( 0.0%) 
waterstrips             30/32768         300/327680   ( 0.1%) 
waterverts               0/65536           0/786432   ( 0.0%) 
waterindices           420/65536         840/131072   ( 0.6%) 
cubemapsamples           2/1024           32/16384    ( 0.2%) 
overlays                 0/512             0/180224   ( 0.0%) 
LDR lightdata         [variable]    10445380/0        ( 0.0%) 
HDR lightdata         [variable]           0/0        ( 0.0%) 
visdata               [variable]         950/16777216 ( 0.0%) 
entdata               [variable]       35435/393216   ( 9.0%) 
LDR ambient table      482/65536        1928/262144   ( 0.7%) 
HDR ambient table      482/65536        1928/262144   ( 0.7%) 
LDR leaf ambient       684/65536       19152/1835008  ( 1.0%) 
HDR leaf ambient       482/65536       13496/1835008  ( 0.7%) 
occluders                0/0               0/0        ( 0.0%) 
occluder polygons        0/0               0/0        ( 0.0%) 
occluder vert ind        0/0               0/0        ( 0.0%) 
detail props          [variable]           1/12       ( 8.3%) 
static props          [variable]           1/216      ( 0.5%) 
pakfile               [variable]      319827/0        ( 0.0%) 
physics               [variable]       45619/4194304  ( 1.1%) 
physics terrain       [variable]           2/1048576  ( 0.0%) 

Level flags = 0

Total triangle count: 2241
Writing c:\program files (x86)\steam\steamapps\common\sourcesdk_content\hl2mp\mapsrc\test.bsp
3 seconds elapsed



materialPath: C:\Program Files (x86)\Steam\steamapps\common\Half-Life 2 Deathmatch\hl2mp\materials
Loading c:\program files (x86)\steam\steamapps\common\sourcesdk_content\hl2mp\mapsrc\test.vmf
ConVarRef mat_reduceparticles doesn't point to an existing ConVar
Could not locate 'GameData' key in c:\program files (x86)\steam\steamapps\common\half-life 2 deathmatch\hl2mp\gameinfo.txt
Patching WVT material: maps/test/dev/dev_blendmeasure_wvt_patch
fixing up env_cubemap materials on brush sides...
0...1...2...3...4...5...6...7...8...9...100...1...2...3...4...5...6...7...8...9...10Processing areas...done (0)
Building Faces...done (0)
FixTjuncs...
PruneNodes...
WriteBSP...
done (0)
writing c:\program files (x86)\steam\steamapps\common\sourcesdk_content\hl2mp\mapsrc\test.prt...Building visibility clusters...
done (0)
Creating default LDR cubemaps for env_cubemap using skybox materials:
   skybox/sky_day01_01*.vmt
 ! Run buildcubemaps in the engine to get the correct cube maps.
Creating default HDR cubemaps for env_cubemap using skybox materials:
   skybox/sky_day01_01*.vmt
 ! Run buildcubemaps in the engine to get the correct cube maps.
Finding displacement neighbors...
Finding lightmap sample positions...
Displacement Alpha : 0...1...2...3...4...5...6...7...8...9...10
Building Physics collision data...
done (0) (45619 bytes)
Placing detail props : 0...1...2...3...4...5...6...7...8...9...10
Compacting texture/material tables...
Reduced 282 texinfos to 135
Reduced 29 texdatas to 21 (926 bytes to 683)
Writing c:\program files (x86)\steam\steamapps\common\sourcesdk_content\hl2mp\mapsrc\test.bsp
Wrote ZIP buffer, estimated size 321783, actual size 319827
0 seconds elapsed



12 threads
reading c:\program files (x86)\steam\steamapps\common\sourcesdk_content\hl2mp\mapsrc\test.bsp
reading c:\program files (x86)\steam\steamapps\common\sourcesdk_content\hl2mp\mapsrc\test.prt
  47 portalclusters
 128 numportals
0...1...2...3...4...5...6...7...8...9...10Optimized: 63 visible clusters (3.09%)
Total clusters visible: 2042
Average clusters visible: 43
Building PAS...
Average clusters audible: 47
visdatasize:950  compressed from 752
writing c:\program files (x86)\steam\steamapps\common\sourcesdk_content\hl2mp\mapsrc\test.bsp
0 seconds elapsed



[Reading texlights from 'lights.rad']
[45 texlights parsed from 'lights.rad']

Loading c:\program files (x86)\steam\steamapps\common\sourcesdk_content\hl2mp\mapsrc\test.bsp
887 faces
37014 square feet [5330094.00 square inches]
0 Displacements
0 Square Feet [0.00 Square Inches]
887 patches before subdivision
52005 patches after subdivision
6 direct lights
0...1...2...3...4...5...6...7...8...9...100...1...2...3...4...5...6...7...8...9...10transfers 5573413, max 607
transfer lists:  42.5 megs
0...1...2...3...4...5...6...7...8...9...10	Bounce #1 added RGB(6808, 6368, 4543)
0...1...2...3...4...5...6...7...8...9...10	Bounce #2 added RGB(6163, 5344, 3426)
Build Patch/Sample Hash Table(s).....Done<0.0111 sec>
0...1...2...3...4...5...6...7...8...9...10FinalLightFace Done
0 of 0 (0% of) surface lights went in leaf ambient cubes.
0...1...2...3...4...5...6...7...8...9...10Writing leaf ambient...done
Ready to Finish

Object names       Objects/Maxobjs  Memory / Maxmem  Fullness 
------------       ---------------  ---------------  -------- 
models                  37/1024         1776/49152    ( 3.6%) 
brushes                 89/8192         1068/98304    ( 1.1%) 
brushsides             626/65536        5008/524288   ( 1.0%) 
planes                 768/65536       15360/1310720  ( 1.2%) 
vertexes              1233/65536       14796/786432   ( 1.9%) 
nodes                  444/65536       14208/2097152  ( 0.7%) 
texinfos               135/12288        9720/884736   ( 1.1%) 
texdata                 21/2048          672/65536    ( 1.0%) 
dispinfos                0/0               0/0        ( 0.0%) 
disp_verts               0/0               0/0        ( 0.0%) 
disp_tris                0/0               0/0        ( 0.0%) 
disp_lmsamples           0/0               0/0        ( 0.0%) 
faces                  887/65536       49672/3670016  ( 1.4%) 
hdr faces                0/65536           0/3670016  ( 0.0%) 
origfaces              387/65536       21672/3670016  ( 0.6%) 
leaves                 482/65536       15424/2097152  ( 0.7%) 
leaffaces             1129/65536        2258/131072   ( 1.7%) 
leafbrushes            117/65536         234/131072   ( 0.2%) 
areas                    2/256            16/2048     ( 0.8%) 
surfedges             5611/512000      22444/2048000  ( 1.1%) 
edges                 2919/256000      11676/1024000  ( 1.1%) 
LDR worldlights          6/8192          528/720896   ( 0.1%) 
HDR worldlights          0/8192            0/720896   ( 0.0%) 
leafwaterdata            1/32768          12/393216   ( 0.0%) 
waterstrips             30/32768         300/327680   ( 0.1%) 
waterverts               0/65536           0/786432   ( 0.0%) 
waterindices           420/65536         840/131072   ( 0.6%) 
cubemapsamples           2/1024           32/16384    ( 0.2%) 
overlays                 0/512             0/180224   ( 0.0%) 
LDR lightdata         [variable]    10445380/0        ( 0.0%) 
HDR lightdata         [variable]           0/0        ( 0.0%) 
visdata               [variable]         950/16777216 ( 0.0%) 
entdata               [variable]       35433/393216   ( 9.0%) 
LDR ambient table      482/65536        1928/262144   ( 0.7%) 
HDR ambient table      482/65536        1928/262144   ( 0.7%) 
LDR leaf ambient       684/65536       19152/1835008  ( 1.0%) 
HDR leaf ambient       482/65536       13496/1835008  ( 0.7%) 
occluders                0/0               0/0        ( 0.0%) 
occluder polygons        0/0               0/0        ( 0.0%) 
occluder vert ind        0/0               0/0        ( 0.0%) 
detail props          [variable]           1/12       ( 8.3%) 
static props          [variable]           1/216      ( 0.5%) 
pakfile               [variable]      319827/0        ( 0.0%) 
physics               [variable]       45619/4194304  ( 1.1%) 
physics terrain       [variable]           2/1048576  ( 0.0%) 

Level flags = 0

Total triangle count: 2241
Writing c:\program files (x86)\steam\steamapps\common\sourcesdk_content\hl2mp\mapsrc\test.bsp
3 seconds elapsed



materialPath: C:\Program Files (x86)\Steam\steamapps\common\Half-Life 2 Deathmatch\hl2mp\materials
Loading c:\program files (x86)\steam\steamapps\common\sourcesdk_content\hl2mp\mapsrc\test.vmf
ConVarRef mat_reduceparticles doesn't point to an existing ConVar
Could not locate 'GameData' key in c:\program files (x86)\steam\steamapps\common\half-life 2 deathmatch\hl2mp\gameinfo.txt
Patching WVT material: maps/test/dev/dev_blendmeasure_wvt_patch
fixing up env_cubemap materials on brush sides...
0...1...2...3...4...5...6...7...8...9...100...1...2...3...4...5...6...7...8...9...10Processing areas...done (0)
Building Faces...done (0)
FixTjuncs...
PruneNodes...
WriteBSP...
done (0)
writing c:\program files (x86)\steam\steamapps\common\sourcesdk_content\hl2mp\mapsrc\test.prt...Building visibility clusters...
done (0)
Creating default LDR cubemaps for env_cubemap using skybox materials:
   skybox/sky_day01_01*.vmt
 ! Run buildcubemaps in the engine to get the correct cube maps.
Creating default HDR cubemaps for env_cubemap using skybox materials:
   skybox/sky_day01_01*.vmt
 ! Run buildcubemaps in the engine to get the correct cube maps.
Finding displacement neighbors...
Finding lightmap sample positions...
Displacement Alpha : 0...1...2...3...4...5...6...7...8...9...10
Building Physics collision data...
done (0) (45619 bytes)
Placing detail props : 0...1...2...3...4...5...6...7...8...9...10
Compacting texture/material tables...
Reduced 282 texinfos to 135
Reduced 29 texdatas to 21 (926 bytes to 683)
Writing c:\program files (x86)\steam\steamapps\common\sourcesdk_content\hl2mp\mapsrc\test.bsp
Wrote ZIP buffer, estimated size 321783, actual size 319827
0 seconds elapsed



12 threads
reading c:\program files (x86)\steam\steamapps\common\sourcesdk_content\hl2mp\mapsrc\test.bsp
reading c:\program files (x86)\steam\steamapps\common\sourcesdk_content\hl2mp\mapsrc\test.prt
  47 portalclusters
 128 numportals
0...1...2...3...4...5...6...7...8...9...10Optimized: 63 visible clusters (3.09%)
Total clusters visible: 2042
Average clusters visible: 43
Building PAS...
Average clusters audible: 47
visdatasize:950  compressed from 752
writing c:\program files (x86)\steam\steamapps\common\sourcesdk_content\hl2mp\mapsrc\test.bsp
0 seconds elapsed



[Reading texlights from 'lights.rad']
[45 texlights parsed from 'lights.rad']

Loading c:\program files (x86)\steam\steamapps\common\sourcesdk_content\hl2mp\mapsrc\test.bsp
887 faces
37014 square feet [5330094.00 square inches]
0 Displacements
0 Square Feet [0.00 Square Inches]
887 patches before subdivision
52005 patches after subdivision
6 direct lights
0...1...2...3...4...5...6...7...8...9...100...1...2...3...4...5...6...7...8...9...10transfers 5573413, max 607
transfer lists:  42.5 megs
0...1...2...3...4...5...6...7...8...9...10	Bounce #1 added RGB(6808, 6368, 4543)
0...1...2...3...4...5...6...7...8...9...10	Bounce #2 added RGB(6163, 5344, 3426)
Build Patch/Sample Hash Table(s).....Done<0.0133 sec>
0...1...2...3...4...5...6...7...8...9...10FinalLightFace Done
0 of 0 (0% of) surface lights went in leaf ambient cubes.
0...1...2...3...4...5...6...7...8...9...10Writing leaf ambient...done
Ready to Finish

Object names       Objects/Maxobjs  Memory / Maxmem  Fullness 
------------       ---------------  ---------------  -------- 
models                  37/1024         1776/49152    ( 3.6%) 
brushes                 89/8192         1068/98304    ( 1.1%) 
brushsides             626/65536        5008/524288   ( 1.0%) 
planes                 768/65536       15360/1310720  ( 1.2%) 
vertexes              1233/65536       14796/786432   ( 1.9%) 
nodes                  444/65536       14208/2097152  ( 0.7%) 
texinfos               135/12288        9720/884736   ( 1.1%) 
texdata                 21/2048          672/65536    ( 1.0%) 
dispinfos                0/0               0/0        ( 0.0%) 
disp_verts               0/0               0/0        ( 0.0%) 
disp_tris                0/0               0/0        ( 0.0%) 
disp_lmsamples           0/0               0/0        ( 0.0%) 
faces                  887/65536       49672/3670016  ( 1.4%) 
hdr faces                0/65536           0/3670016  ( 0.0%) 
origfaces              387/65536       21672/3670016  ( 0.6%) 
leaves                 482/65536       15424/2097152  ( 0.7%) 
leaffaces             1129/65536        2258/131072   ( 1.7%) 
leafbrushes            117/65536         234/131072   ( 0.2%) 
areas                    2/256            16/2048     ( 0.8%) 
surfedges             5611/512000      22444/2048000  ( 1.1%) 
edges                 2919/256000      11676/1024000  ( 1.1%) 
LDR worldlights          6/8192          528/720896   ( 0.1%) 
HDR worldlights          0/8192            0/720896   ( 0.0%) 
leafwaterdata            1/32768          12/393216   ( 0.0%) 
waterstrips             30/32768         300/327680   ( 0.1%) 
waterverts               0/65536           0/786432   ( 0.0%) 
waterindices           420/65536         840/131072   ( 0.6%) 
cubemapsamples           2/1024           32/16384    ( 0.2%) 
overlays                 0/512             0/180224   ( 0.0%) 
LDR lightdata         [variable]    10445380/0        ( 0.0%) 
HDR lightdata         [variable]           0/0        ( 0.0%) 
visdata               [variable]         950/16777216 ( 0.0%) 
entdata               [variable]       35433/393216   ( 9.0%) 
LDR ambient table      482/65536        1928/262144   ( 0.7%) 
HDR ambient table      482/65536        1928/262144   ( 0.7%) 
LDR leaf ambient       684/65536       19152/1835008  ( 1.0%) 
HDR leaf ambient       482/65536       13496/1835008  ( 0.7%) 
occluders                0/0               0/0        ( 0.0%) 
occluder polygons        0/0               0/0        ( 0.0%) 
occluder vert ind        0/0               0/0        ( 0.0%) 
detail props          [variable]           1/12       ( 8.3%) 
static props          [variable]           1/216      ( 0.5%) 
pakfile               [variable]      319827/0        ( 0.0%) 
physics               [variable]       45619/4194304  ( 1.1%) 
physics terrain       [variable]           2/1048576  ( 0.0%) 

Level flags = 0

Total triangle count: 2241
Writing c:\program files (x86)\steam\steamapps\common\sourcesdk_content\hl2mp\mapsrc\test.bsp
3 seconds elapsed



materialPath: C:\Program Files (x86)\Steam\steamapps\common\Half-Life 2 Deathmatch\hl2mp\materials
Loading c:\program files (x86)\steam\steamapps\common\sourcesdk_content\hl2mp\mapsrc\test.vmf
ConVarRef mat_reduceparticles doesn't point to an existing ConVar
Could not locate 'GameData' key in c:\program files (x86)\steam\steamapps\common\half-life 2 deathmatch\hl2mp\gameinfo.txt
Patching WVT material: maps/test/dev/dev_blendmeasure_wvt_patch
fixing up env_cubemap materials on brush sides...
0...1...2...3...4...5...6...7...8...9...100...1...2...3...4...5...6...7...8...9...10Processing areas...done (0)
Building Faces...done (0)
FixTjuncs...
PruneNodes...
WriteBSP...
done (0)
writing c:\program files (x86)\steam\steamapps\common\sourcesdk_content\hl2mp\mapsrc\test.prt...Building visibility clusters...
done (0)
Creating default LDR cubemaps for env_cubemap using skybox materials:
   skybox/sky_day01_01*.vmt
 ! Run buildcubemaps in the engine to get the correct cube maps.
Creating default HDR cubemaps for env_cubemap using skybox materials:
   skybox/sky_day01_01*.vmt
 ! Run buildcubemaps in the engine to get the correct cube maps.
Finding displacement neighbors...
Finding lightmap sample positions...
Displacement Alpha : 0...1...2...3...4...5...6...7...8...9...10
Building Physics collision data...
done (0) (46164 bytes)
Placing detail props : 0...1...2...3...4...5...6...7...8...9...10
Compacting texture/material tables...
Reduced 293 texinfos to 140
Reduced 32 texdatas to 23 (1054 bytes to 783)
Writing c:\program files (x86)\steam\steamapps\common\sourcesdk_content\hl2mp\mapsrc\test.bsp
Wrote ZIP buffer, estimated size 322717, actual size 320493
0 seconds elapsed



12 threads
reading c:\program files (x86)\steam\steamapps\common\sourcesdk_content\hl2mp\mapsrc\test.bsp
reading c:\program files (x86)\steam\steamapps\common\sourcesdk_content\hl2mp\mapsrc\test.prt
  47 portalclusters
 128 numportals
0...1...2...3...4...5...6...7...8...9...10Optimized: 63 visible clusters (3.09%)
Total clusters visible: 2042
Average clusters visible: 43
Building PAS...
Average clusters audible: 47
visdatasize:950  compressed from 752
writing c:\program files (x86)\steam\steamapps\common\sourcesdk_content\hl2mp\mapsrc\test.bsp
0 seconds elapsed



[Reading texlights from 'lights.rad']
[45 texlights parsed from 'lights.rad']

Loading c:\program files (x86)\steam\steamapps\common\sourcesdk_content\hl2mp\mapsrc\test.bsp
893 faces
37018 square feet [5330734.00 square inches]
0 Displacements
0 Square Feet [0.00 Square Inches]
893 patches before subdivision
52011 patches after subdivision
6 direct lights
0...1...2...3...4...5...6...7...8...9...100...1...2...3...4...5...6...7...8...9...10transfers 5575305, max 607
transfer lists:  42.5 megs
0...1...2...3...4...5...6...7...8...9...10	Bounce #1 added RGB(6817, 6377, 4549)
0...1...2...3...4...5...6...7...8...9...10	Bounce #2 added RGB(6164, 5345, 3427)
Build Patch/Sample Hash Table(s).....Done<0.0134 sec>
0...1...2...3...4...5...6...7...8...9...10FinalLightFace Done
0 of 0 (0% of) surface lights went in leaf ambient cubes.
0...1...2...3...4...5...6...7...8...9...10Writing leaf ambient...done
Ready to Finish

Object names       Objects/Maxobjs  Memory / Maxmem  Fullness 
------------       ---------------  ---------------  -------- 
models                  38/1024         1824/49152    ( 3.7%) 
brushes                 90/8192         1080/98304    ( 1.1%) 
brushsides             632/65536        5056/524288   ( 1.0%) 
planes                 780/65536       15600/1310720  ( 1.2%) 
vertexes              1241/65536       14892/786432   ( 1.9%) 
nodes                  450/65536       14400/2097152  ( 0.7%) 
texinfos               140/12288       10080/884736   ( 1.1%) 
texdata                 23/2048          736/65536    ( 1.1%) 
dispinfos                0/0               0/0        ( 0.0%) 
disp_verts               0/0               0/0        ( 0.0%) 
disp_tris                0/0               0/0        ( 0.0%) 
disp_lmsamples           0/0               0/0        ( 0.0%) 
faces                  893/65536       50008/3670016  ( 1.4%) 
hdr faces                0/65536           0/3670016  ( 0.0%) 
origfaces              393/65536       22008/3670016  ( 0.6%) 
leaves                 489/65536       15648/2097152  ( 0.7%) 
leaffaces             1135/65536        2270/131072   ( 1.7%) 
leafbrushes            118/65536         236/131072   ( 0.2%) 
areas                    2/256            16/2048     ( 0.8%) 
surfedges             5659/512000      22636/2048000  ( 1.1%) 
edges                 2943/256000      11772/1024000  ( 1.1%) 
LDR worldlights          6/8192          528/720896   ( 0.1%) 
HDR worldlights          0/8192            0/720896   ( 0.0%) 
leafwaterdata            1/32768          12/393216   ( 0.0%) 
waterstrips             30/32768         300/327680   ( 0.1%) 
waterverts               0/65536           0/786432   ( 0.0%) 
waterindices           420/65536         840/131072   ( 0.6%) 
cubemapsamples           2/1024           32/16384    ( 0.2%) 
overlays                 0/512             0/180224   ( 0.0%) 
LDR lightdata         [variable]    10446524/0        ( 0.0%) 
HDR lightdata         [variable]           0/0        ( 0.0%) 
visdata               [variable]         950/16777216 ( 0.0%) 
entdata               [variable]       36274/393216   ( 9.2%) 
LDR ambient table      489/65536        1956/262144   ( 0.7%) 
HDR ambient table      489/65536        1956/262144   ( 0.7%) 
LDR leaf ambient       690/65536       19320/1835008  ( 1.1%) 
HDR leaf ambient       489/65536       13692/1835008  ( 0.7%) 
occluders                0/0               0/0        ( 0.0%) 
occluder polygons        0/0               0/0        ( 0.0%) 
occluder vert ind        0/0               0/0        ( 0.0%) 
detail props          [variable]           1/12       ( 8.3%) 
static props          [variable]           1/216      ( 0.5%) 
pakfile               [variable]      320493/0        ( 0.0%) 
physics               [variable]       46164/4194304  ( 1.1%) 
physics terrain       [variable]           2/1048576  ( 0.0%) 

Level flags = 0

Total triangle count: 2253
Writing c:\program files (x86)\steam\steamapps\common\sourcesdk_content\hl2mp\mapsrc\test.bsp
3 seconds elapsed



materialPath: C:\Program Files (x86)\Steam\steamapps\common\Half-Life 2 Deathmatch\hl2mp\materials
Loading c:\program files (x86)\steam\steamapps\common\sourcesdk_content\hl2mp\mapsrc\test.vmf
ConVarRef mat_reduceparticles doesn't point to an existing ConVar
Could not locate 'GameData' key in c:\program files (x86)\steam\steamapps\common\half-life 2 deathmatch\hl2mp\gameinfo.txt
Patching WVT material: maps/test/dev/dev_blendmeasure_wvt_patch
fixing up env_cubemap materials on brush sides...
0...1...2...3...4...5...6...7...8...9...100...1...2...3...4...5...6...7...8...9...10Processing areas...done (0)
Building Faces...done (0)
FixTjuncs...
PruneNodes...
WriteBSP...
done (0)
writing c:\program files (x86)\steam\steamapps\common\sourcesdk_content\hl2mp\mapsrc\test.prt...Building visibility clusters...
done (0)
Creating default LDR cubemaps for env_cubemap using skybox materials:
   skybox/sky_day01_01*.vmt
 ! Run buildcubemaps in the engine to get the correct cube maps.
Creating default HDR cubemaps for env_cubemap using skybox materials:
   skybox/sky_day01_01*.vmt
 ! Run buildcubemaps in the engine to get the correct cube maps.
Finding displacement neighbors...
Finding lightmap sample positions...
Displacement Alpha : 0...1...2...3...4...5...6...7...8...9...10
Building Physics collision data...
done (0) (47862 bytes)
Placing detail props : 0...1...2...3...4...5...6...7...8...9...10
Compacting texture/material tables...
Reduced 309 texinfos to 144
Reduced 32 texdatas to 23 (1054 bytes to 783)
Writing c:\program files (x86)\steam\steamapps\common\sourcesdk_content\hl2mp\mapsrc\test.bsp
Wrote ZIP buffer, estimated size 322717, actual size 320493
0 seconds elapsed



12 threads
reading c:\program files (x86)\steam\steamapps\common\sourcesdk_content\hl2mp\mapsrc\test.bsp
reading c:\program files (x86)\steam\steamapps\common\sourcesdk_content\hl2mp\mapsrc\test.prt
  47 portalclusters
 128 numportals
0...1...2...3...4...5...6...7...8...9...10Optimized: 63 visible clusters (3.09%)
Total clusters visible: 2042
Average clusters visible: 43
Building PAS...
Average clusters audible: 47
visdatasize:950  compressed from 752
writing c:\program files (x86)\steam\steamapps\common\sourcesdk_content\hl2mp\mapsrc\test.bsp
0 seconds elapsed



[Reading texlights from 'lights.rad']
[45 texlights parsed from 'lights.rad']

Loading c:\program files (x86)\steam\steamapps\common\sourcesdk_content\hl2mp\mapsrc\test.bsp
905 faces
37024 square feet [5331566.00 square inches]
0 Displacements
0 Square Feet [0.00 Square Inches]
905 patches before subdivision
52023 patches after subdivision
6 direct lights
0...1...2...3...4...5...6...7...8...9...100...1...2...3...4...5...6...7...8...9...10transfers 5578698, max 607
transfer lists:  42.6 megs
0...1...2...3...4...5...6...7...8...9...10	Bounce #1 added RGB(6838, 6397, 4563)
0...1...2...3...4...5...6...7...8...9...10	Bounce #2 added RGB(6166, 5346, 3428)
Build Patch/Sample Hash Table(s).....Done<0.0109 sec>
0...1...2...3...4...5...6...7...8...9...10FinalLightFace Done
0 of 0 (0% of) surface lights went in leaf ambient cubes.
0...1...2...3...4...5...6...7...8...9...10Writing leaf ambient...done
Ready to Finish

Object names       Objects/Maxobjs  Memory / Maxmem  Fullness 
------------       ---------------  ---------------  -------- 
models                  39/1024         1872/49152    ( 3.8%) 
brushes                 93/8192         1116/98304    ( 1.1%) 
brushsides             650/65536        5200/524288   ( 1.0%) 
planes                 804/65536       16080/1310720  ( 1.2%) 
vertexes              1265/65536       15180/786432   ( 1.9%) 
nodes                  466/65536       14912/2097152  ( 0.7%) 
texinfos               144/12288       10368/884736   ( 1.2%) 
texdata                 23/2048          736/65536    ( 1.1%) 
dispinfos                0/0               0/0        ( 0.0%) 
disp_verts               0/0               0/0        ( 0.0%) 
disp_tris                0/0               0/0        ( 0.0%) 
disp_lmsamples           0/0               0/0        ( 0.0%) 
faces                  905/65536       50680/3670016  ( 1.4%) 
hdr faces                0/65536           0/3670016  ( 0.0%) 
origfaces              403/65536       22568/3670016  ( 0.6%) 
leaves                 506/65536       16192/2097152  ( 0.8%) 
leaffaces             1149/65536        2298/131072   ( 1.8%) 
leafbrushes            121/65536         242/131072   ( 0.2%) 
areas                    2/256            16/2048     ( 0.8%) 
surfedges             5755/512000      23020/2048000  ( 1.1%) 
edges                 2995/256000      11980/1024000  ( 1.2%) 
LDR worldlights          6/8192          528/720896   ( 0.1%) 
HDR worldlights          0/8192            0/720896   ( 0.0%) 
leafwaterdata            1/32768          12/393216   ( 0.0%) 
waterstrips             30/32768         300/327680   ( 0.1%) 
waterverts               0/65536           0/786432   ( 0.0%) 
waterindices           420/65536         840/131072   ( 0.6%) 
cubemapsamples           2/1024           32/16384    ( 0.2%) 
overlays                 0/512             0/180224   ( 0.0%) 
LDR lightdata         [variable]    10448484/0        ( 0.0%) 
HDR lightdata         [variable]           0/0        ( 0.0%) 
visdata               [variable]         950/16777216 ( 0.0%) 
entdata               [variable]       36888/393216   ( 9.4%) 
LDR ambient table      506/65536        2024/262144   ( 0.8%) 
HDR ambient table      506/65536        2024/262144   ( 0.8%) 
LDR leaf ambient       705/65536       19740/1835008  ( 1.1%) 
HDR leaf ambient       506/65536       14168/1835008  ( 0.8%) 
occluders                0/0               0/0        ( 0.0%) 
occluder polygons        0/0               0/0        ( 0.0%) 
occluder vert ind        0/0               0/0        ( 0.0%) 
detail props          [variable]           1/12       ( 8.3%) 
static props          [variable]           1/216      ( 0.5%) 
pakfile               [variable]      320493/0        ( 0.0%) 
physics               [variable]       47862/4194304  ( 1.1%) 
physics terrain       [variable]           2/1048576  ( 0.0%) 

Level flags = 0

Total triangle count: 2285
Writing c:\program files (x86)\steam\steamapps\common\sourcesdk_content\hl2mp\mapsrc\test.bsp
3 seconds elapsed



materialPath: C:\Program Files (x86)\Steam\steamapps\common\Half-Life 2 Deathmatch\hl2mp\materials
Loading c:\program files (x86)\steam\steamapps\common\sourcesdk_content\hl2mp\mapsrc\test.vmf
ConVarRef mat_reduceparticles doesn't point to an existing ConVar
Could not locate 'GameData' key in c:\program files (x86)\steam\steamapps\common\half-life 2 deathmatch\hl2mp\gameinfo.txt
Patching WVT material: maps/test/dev/dev_blendmeasure_wvt_patch
fixing up env_cubemap materials on brush sides...
0...1...2...3...4...5...6...7...8...9...100...1...2...3...4...5...6...7...8...9...10Processing areas...done (0)
Building Faces...done (0)
FixTjuncs...
PruneNodes...
WriteBSP...
done (0)
writing c:\program files (x86)\steam\steamapps\common\sourcesdk_content\hl2mp\mapsrc\test.prt...Building visibility clusters...
done (0)
Creating default LDR cubemaps for env_cubemap using skybox materials:
   skybox/sky_day01_01*.vmt
 ! Run buildcubemaps in the engine to get the correct cube maps.
Creating default HDR cubemaps for env_cubemap using skybox materials:
   skybox/sky_day01_01*.vmt
 ! Run buildcubemaps in the engine to get the correct cube maps.
Finding displacement neighbors...
Finding lightmap sample positions...
Displacement Alpha : 0...1...2...3...4...5...6...7...8...9...10
Building Physics collision data...
done (0) (47862 bytes)
Placing detail props : 0...1...2...3...4...5...6...7...8...9...10
Compacting texture/material tables...
Reduced 309 texinfos to 144
Reduced 32 texdatas to 23 (1054 bytes to 783)
Writing c:\program files (x86)\steam\steamapps\common\sourcesdk_content\hl2mp\mapsrc\test.bsp
Wrote ZIP buffer, estimated size 322717, actual size 320493
0 seconds elapsed



12 threads
reading c:\program files (x86)\steam\steamapps\common\sourcesdk_content\hl2mp\mapsrc\test.bsp
reading c:\program files (x86)\steam\steamapps\common\sourcesdk_content\hl2mp\mapsrc\test.prt
  47 portalclusters
 128 numportals
0...1...2...3...4...5...6...7...8...9...10Optimized: 63 visible clusters (3.09%)
Total clusters visible: 2042
Average clusters visible: 43
Building PAS...
Average clusters audible: 47
visdatasize:950  compressed from 752
writing c:\program files (x86)\steam\steamapps\common\sourcesdk_content\hl2mp\mapsrc\test.bsp
0 seconds elapsed



[Reading texlights from 'lights.rad']
[45 texlights parsed from 'lights.rad']

Loading c:\program files (x86)\steam\steamapps\common\sourcesdk_content\hl2mp\mapsrc\test.bsp
905 faces
37024 square feet [5331566.00 square inches]
0 Displacements
0 Square Feet [0.00 Square Inches]
905 patches before subdivision
52023 patches after subdivision
6 direct lights
0...1...2...3...4...5...6...7...8...9...100...1...2...3...4...5...6...7...8...9...10transfers 5578698, max 607
transfer lists:  42.6 megs
0...1...2...3...4...5...6...7...8...9...10	Bounce #1 added RGB(6838, 6397, 4563)
0...1...2...3...4...5...6...7...8...9...10	Bounce #2 added RGB(6166, 5346, 3428)
Build Patch/Sample Hash Table(s).....Done<0.0111 sec>
0...1...2...3...4...5...6...7...8...9...10FinalLightFace Done
0 of 0 (0% of) surface lights went in leaf ambient cubes.
0...1...2...3...4...5...6...7...8...9...10Writing leaf ambient...done
Ready to Finish

Object names       Objects/Maxobjs  Memory / Maxmem  Fullness 
------------       ---------------  ---------------  -------- 
models                  39/1024         1872/49152    ( 3.8%) 
brushes                 93/8192         1116/98304    ( 1.1%) 
brushsides             650/65536        5200/524288   ( 1.0%) 
planes                 804/65536       16080/1310720  ( 1.2%) 
vertexes              1265/65536       15180/786432   ( 1.9%) 
nodes                  466/65536       14912/2097152  ( 0.7%) 
texinfos               144/12288       10368/884736   ( 1.2%) 
texdata                 23/2048          736/65536    ( 1.1%) 
dispinfos                0/0               0/0        ( 0.0%) 
disp_verts               0/0               0/0        ( 0.0%) 
disp_tris                0/0               0/0        ( 0.0%) 
disp_lmsamples           0/0               0/0        ( 0.0%) 
faces                  905/65536       50680/3670016  ( 1.4%) 
hdr faces                0/65536           0/3670016  ( 0.0%) 
origfaces              403/65536       22568/3670016  ( 0.6%) 
leaves                 506/65536       16192/2097152  ( 0.8%) 
leaffaces             1149/65536        2298/131072   ( 1.8%) 
leafbrushes            121/65536         242/131072   ( 0.2%) 
areas                    2/256            16/2048     ( 0.8%) 
surfedges             5755/512000      23020/2048000  ( 1.1%) 
edges                 2995/256000      11980/1024000  ( 1.2%) 
LDR worldlights          6/8192          528/720896   ( 0.1%) 
HDR worldlights          0/8192            0/720896   ( 0.0%) 
leafwaterdata            1/32768          12/393216   ( 0.0%) 
waterstrips             30/32768         300/327680   ( 0.1%) 
waterverts               0/65536           0/786432   ( 0.0%) 
waterindices           420/65536         840/131072   ( 0.6%) 
cubemapsamples           2/1024           32/16384    ( 0.2%) 
overlays                 0/512             0/180224   ( 0.0%) 
LDR lightdata         [variable]    10448484/0        ( 0.0%) 
HDR lightdata         [variable]           0/0        ( 0.0%) 
visdata               [variable]         950/16777216 ( 0.0%) 
entdata               [variable]       36890/393216   ( 9.4%) 
LDR ambient table      506/65536        2024/262144   ( 0.8%) 
HDR ambient table      506/65536        2024/262144   ( 0.8%) 
LDR leaf ambient       705/65536       19740/1835008  ( 1.1%) 
HDR leaf ambient       506/65536       14168/1835008  ( 0.8%) 
occluders                0/0               0/0        ( 0.0%) 
occluder polygons        0/0               0/0        ( 0.0%) 
occluder vert ind        0/0               0/0        ( 0.0%) 
detail props          [variable]           1/12       ( 8.3%) 
static props          [variable]           1/216      ( 0.5%) 
pakfile               [variable]      320493/0        ( 0.0%) 
physics               [variable]       47862/4194304  ( 1.1%) 
physics terrain       [variable]           2/1048576  ( 0.0%) 

Level flags = 0

Total triangle count: 2285
Writing c:\program files (x86)\steam\steamapps\common\sourcesdk_content\hl2mp\mapsrc\test.bsp
3 seconds elapsed



materialPath: C:\Program Files (x86)\Steam\steamapps\common\Half-Life 2 Deathmatch\hl2mp\materials
Loading c:\program files (x86)\steam\steamapps\common\sourcesdk_content\hl2mp\mapsrc\test.vmf
ConVarRef mat_reduceparticles doesn't point to an existing ConVar
Could not locate 'GameData' key in c:\program files (x86)\steam\steamapps\common\half-life 2 deathmatch\hl2mp\gameinfo.txt
Patching WVT material: maps/test/dev/dev_blendmeasure_wvt_patch
fixing up env_cubemap materials on brush sides...
0...1...2...3...4...5...6...7...8...9...100...1...2...3...4...5...6...7...8...9...10Processing areas...done (0)
Building Faces...done (0)
FixTjuncs...
PruneNodes...
WriteBSP...
done (0)
writing c:\program files (x86)\steam\steamapps\common\sourcesdk_content\hl2mp\mapsrc\test.prt...Building visibility clusters...
done (0)
Creating default LDR cubemaps for env_cubemap using skybox materials:
   skybox/sky_day01_01*.vmt
 ! Run buildcubemaps in the engine to get the correct cube maps.
Creating default HDR cubemaps for env_cubemap using skybox materials:
   skybox/sky_day01_01*.vmt
 ! Run buildcubemaps in the engine to get the correct cube maps.
Finding displacement neighbors...
Finding lightmap sample positions...
Displacement Alpha : 0...1...2...3...4...5...6...7...8...9...10
Building Physics collision data...
done (0) (47862 bytes)
Placing detail props : 0...1...2...3...4...5...6...7...8...9...10
Compacting texture/material tables...
Reduced 306 texinfos to 141
Reduced 31 texdatas to 22 (1004 bytes to 733)
Writing c:\program files (x86)\steam\steamapps\common\sourcesdk_content\hl2mp\mapsrc\test.bsp
Wrote ZIP buffer, estimated size 322250, actual size 320160
0 seconds elapsed



12 threads
reading c:\program files (x86)\steam\steamapps\common\sourcesdk_content\hl2mp\mapsrc\test.bsp
reading c:\program files (x86)\steam\steamapps\common\sourcesdk_content\hl2mp\mapsrc\test.prt
  47 portalclusters
 128 numportals
0...1...2...3...4...5...6...7...8...9...10Optimized: 63 visible clusters (3.09%)
Total clusters visible: 2042
Average clusters visible: 43
Building PAS...
Average clusters audible: 47
visdatasize:950  compressed from 752
writing c:\program files (x86)\steam\steamapps\common\sourcesdk_content\hl2mp\mapsrc\test.bsp
0 seconds elapsed



[Reading texlights from 'lights.rad']
[45 texlights parsed from 'lights.rad']

Loading c:\program files (x86)\steam\steamapps\common\sourcesdk_content\hl2mp\mapsrc\test.bsp
905 faces
37024 square feet [5331566.00 square inches]
0 Displacements
0 Square Feet [0.00 Square Inches]
905 patches before subdivision
52023 patches after subdivision
6 direct lights
0...1...2...3...4...5...6...7...8...9...100...1...2...3...4...5...6...7...8...9...10transfers 5579654, max 607
transfer lists:  42.6 megs
0...1...2...3...4...5...6...7...8...9...10	Bounce #1 added RGB(6821, 6381, 4552)
0...1...2...3...4...5...6...7...8...9...10	Bounce #2 added RGB(6166, 5346, 3428)
Build Patch/Sample Hash Table(s).....Done<0.0109 sec>
0...1...2...3...4...5...6...7...8...9...10FinalLightFace Done
0 of 0 (0% of) surface lights went in leaf ambient cubes.
0...1...2...3...4...5...6...7...8...9...10Writing leaf ambient...done
Ready to Finish

Object names       Objects/Maxobjs  Memory / Maxmem  Fullness 
------------       ---------------  ---------------  -------- 
models                  39/1024         1872/49152    ( 3.8%) 
brushes                 93/8192         1116/98304    ( 1.1%) 
brushsides             650/65536        5200/524288   ( 1.0%) 
planes                 810/65536       16200/1310720  ( 1.2%) 
vertexes              1265/65536       15180/786432   ( 1.9%) 
nodes                  466/65536       14912/2097152  ( 0.7%) 
texinfos               141/12288       10152/884736   ( 1.1%) 
texdata                 22/2048          704/65536    ( 1.1%) 
dispinfos                0/0               0/0        ( 0.0%) 
disp_verts               0/0               0/0        ( 0.0%) 
disp_tris                0/0               0/0        ( 0.0%) 
disp_lmsamples           0/0               0/0        ( 0.0%) 
faces                  905/65536       50680/3670016  ( 1.4%) 
hdr faces                0/65536           0/3670016  ( 0.0%) 
origfaces              403/65536       22568/3670016  ( 0.6%) 
leaves                 506/65536       16192/2097152  ( 0.8%) 
leaffaces             1149/65536        2298/131072   ( 1.8%) 
leafbrushes            121/65536         242/131072   ( 0.2%) 
areas                    2/256            16/2048     ( 0.8%) 
surfedges             5755/512000      23020/2048000  ( 1.1%) 
edges                 2995/256000      11980/1024000  ( 1.2%) 
LDR worldlights          6/8192          528/720896   ( 0.1%) 
HDR worldlights          0/8192            0/720896   ( 0.0%) 
leafwaterdata            1/32768          12/393216   ( 0.0%) 
waterstrips             30/32768         300/327680   ( 0.1%) 
waterverts               0/65536           0/786432   ( 0.0%) 
waterindices           420/65536         840/131072   ( 0.6%) 
cubemapsamples           2/1024           32/16384    ( 0.2%) 
overlays                 0/512             0/180224   ( 0.0%) 
LDR lightdata         [variable]    10448704/0        ( 0.0%) 
HDR lightdata         [variable]           0/0        ( 0.0%) 
visdata               [variable]         950/16777216 ( 0.0%) 
entdata               [variable]       36890/393216   ( 9.4%) 
LDR ambient table      506/65536        2024/262144   ( 0.8%) 
HDR ambient table      506/65536        2024/262144   ( 0.8%) 
LDR leaf ambient       705/65536       19740/1835008  ( 1.1%) 
HDR leaf ambient       506/65536       14168/1835008  ( 0.8%) 
occluders                0/0               0/0        ( 0.0%) 
occluder polygons        0/0               0/0        ( 0.0%) 
occluder vert ind        0/0               0/0        ( 0.0%) 
detail props          [variable]           1/12       ( 8.3%) 
static props          [variable]           1/216      ( 0.5%) 
pakfile               [variable]      320160/0        ( 0.0%) 
physics               [variable]       47862/4194304  ( 1.1%) 
physics terrain       [variable]           2/1048576  ( 0.0%) 

Level flags = 0

Total triangle count: 2285
Writing c:\program files (x86)\steam\steamapps\common\sourcesdk_content\hl2mp\mapsrc\test.bsp
3 seconds elapsed



materialPath: C:\Program Files (x86)\Steam\steamapps\common\Half-Life 2 Deathmatch\hl2mp\materials
Loading c:\program files (x86)\steam\steamapps\common\sourcesdk_content\hl2mp\mapsrc\test.vmf
ConVarRef mat_reduceparticles doesn't point to an existing ConVar
Could not locate 'GameData' key in c:\program files (x86)\steam\steamapps\common\half-life 2 deathmatch\hl2mp\gameinfo.txt
Patching WVT material: maps/test/dev/dev_blendmeasure_wvt_patch
fixing up env_cubemap materials on brush sides...
0...1...2...3...4...5...6...7...8...9...100...1...2...3...4...5...6...7...8...9...10Processing areas...done (0)
Building Faces...done (0)
FixTjuncs...
PruneNodes...
WriteBSP...
done (0)
writing c:\program files (x86)\steam\steamapps\common\sourcesdk_content\hl2mp\mapsrc\test.prt...Building visibility clusters...
done (0)
Creating default LDR cubemaps for env_cubemap using skybox materials:
   skybox/sky_day01_01*.vmt
 ! Run buildcubemaps in the engine to get the correct cube maps.
Creating default HDR cubemaps for env_cubemap using skybox materials:
   skybox/sky_day01_01*.vmt
 ! Run buildcubemaps in the engine to get the correct cube maps.
Finding displacement neighbors...
Finding lightmap sample positions...
Displacement Alpha : 0...1...2...3...4...5...6...7...8...9...10
Building Physics collision data...
done (0) (46165 bytes)
Placing detail props : 0...1...2...3...4...5...6...7...8...9...10
Compacting texture/material tables...
Reduced 288 texinfos to 135
Reduced 29 texdatas to 21 (926 bytes to 683)
Writing c:\program files (x86)\steam\steamapps\common\sourcesdk_content\hl2mp\mapsrc\test.bsp
Wrote ZIP buffer, estimated size 321783, actual size 319827
0 seconds elapsed



12 threads
reading c:\program files (x86)\steam\steamapps\common\sourcesdk_content\hl2mp\mapsrc\test.bsp
reading c:\program files (x86)\steam\steamapps\common\sourcesdk_content\hl2mp\mapsrc\test.prt
  47 portalclusters
 128 numportals
0...1...2...3...4...5...6...7...8...9...10Optimized: 63 visible clusters (3.09%)
Total clusters visible: 2042
Average clusters visible: 43
Building PAS...
Average clusters audible: 47
visdatasize:950  compressed from 752
writing c:\program files (x86)\steam\steamapps\common\sourcesdk_content\hl2mp\mapsrc\test.bsp
0 seconds elapsed



[Reading texlights from 'lights.rad']
[45 texlights parsed from 'lights.rad']

Loading c:\program files (x86)\steam\steamapps\common\sourcesdk_content\hl2mp\mapsrc\test.bsp
887 faces
37014 square feet [5330094.00 square inches]
0 Displacements
0 Square Feet [0.00 Square Inches]
887 patches before subdivision
52005 patches after subdivision
6 direct lights
0...1...2...3...4...5...6...7...8...9...100...1...2...3...4...5...6...7...8...9...10transfers 5573413, max 607
transfer lists:  42.5 megs
0...1...2...3...4...5...6...7...8...9...10	Bounce #1 added RGB(6808, 6368, 4543)
0...1...2...3...4...5...6...7...8...9...10	Bounce #2 added RGB(6163, 5344, 3426)
Build Patch/Sample Hash Table(s).....Done<0.0133 sec>
0...1...2...3...4...5...6...7...8...9...10FinalLightFace Done
0 of 0 (0% of) surface lights went in leaf ambient cubes.
0...1...2...3...4...5...6...7...8...9...10Writing leaf ambient...done
Ready to Finish

Object names       Objects/Maxobjs  Memory / Maxmem  Fullness 
------------       ---------------  ---------------  -------- 
models                  38/1024         1824/49152    ( 3.7%) 
brushes                 90/8192         1080/98304    ( 1.1%) 
brushsides             632/65536        5056/524288   ( 1.0%) 
planes                 776/65536       15520/1310720  ( 1.2%) 
vertexes              1241/65536       14892/786432   ( 1.9%) 
nodes                  450/65536       14400/2097152  ( 0.7%) 
texinfos               135/12288        9720/884736   ( 1.1%) 
texdata                 21/2048          672/65536    ( 1.0%) 
dispinfos                0/0               0/0        ( 0.0%) 
disp_verts               0/0               0/0        ( 0.0%) 
disp_tris                0/0               0/0        ( 0.0%) 
disp_lmsamples           0/0               0/0        ( 0.0%) 
faces                  887/65536       49672/3670016  ( 1.4%) 
hdr faces                0/65536           0/3670016  ( 0.0%) 
origfaces              387/65536       21672/3670016  ( 0.6%) 
leaves                 489/65536       15648/2097152  ( 0.7%) 
leaffaces             1129/65536        2258/131072   ( 1.7%) 
leafbrushes            118/65536         236/131072   ( 0.2%) 
areas                    2/256            16/2048     ( 0.8%) 
surfedges             5611/512000      22444/2048000  ( 1.1%) 
edges                 2919/256000      11676/1024000  ( 1.1%) 
LDR worldlights          6/8192          528/720896   ( 0.1%) 
HDR worldlights          0/8192            0/720896   ( 0.0%) 
leafwaterdata            1/32768          12/393216   ( 0.0%) 
waterstrips             30/32768         300/327680   ( 0.1%) 
waterverts               0/65536           0/786432   ( 0.0%) 
waterindices           420/65536         840/131072   ( 0.6%) 
cubemapsamples           2/1024           32/16384    ( 0.2%) 
overlays                 0/512             0/180224   ( 0.0%) 
LDR lightdata         [variable]    10445380/0        ( 0.0%) 
HDR lightdata         [variable]           0/0        ( 0.0%) 
visdata               [variable]         950/16777216 ( 0.0%) 
entdata               [variable]       37709/393216   ( 9.6%) 
LDR ambient table      489/65536        1956/262144   ( 0.7%) 
HDR ambient table      489/65536        1956/262144   ( 0.7%) 
LDR leaf ambient       691/65536       19348/1835008  ( 1.1%) 
HDR leaf ambient       489/65536       13692/1835008  ( 0.7%) 
occluders                0/0               0/0        ( 0.0%) 
occluder polygons        0/0               0/0        ( 0.0%) 
occluder vert ind        0/0               0/0        ( 0.0%) 
detail props          [variable]           1/12       ( 8.3%) 
static props          [variable]           1/216      ( 0.5%) 
pakfile               [variable]      319827/0        ( 0.0%) 
physics               [variable]       46165/4194304  ( 1.1%) 
physics terrain       [variable]           2/1048576  ( 0.0%) 

Level flags = 0

Total triangle count: 2241
Writing c:\program files (x86)\steam\steamapps\common\sourcesdk_content\hl2mp\mapsrc\test.bsp
3 seconds elapsed



materialPath: C:\Program Files (x86)\Steam\steamapps\common\Half-Life 2 Deathmatch\hl2mp\materials
Loading c:\program files (x86)\steam\steamapps\common\sourcesdk_content\hl2mp\mapsrc\test.vmf
ConVarRef mat_reduceparticles doesn't point to an existing ConVar
Could not locate 'GameData' key in c:\program files (x86)\steam\steamapps\common\half-life 2 deathmatch\hl2mp\gameinfo.txt
Patching WVT material: maps/test/dev/dev_blendmeasure_wvt_patch
fixing up env_cubemap materials on brush sides...
0...1...2...3...4...5...6...7...8...9...100...1...2...3...4...5...6...7...8...9...10Processing areas...done (0)
Building Faces...done (0)
FixTjuncs...
PruneNodes...
WriteBSP...
done (0)
writing c:\program files (x86)\steam\steamapps\common\sourcesdk_content\hl2mp\mapsrc\test.prt...Building visibility clusters...
done (0)
Creating default LDR cubemaps for env_cubemap using skybox materials:
   skybox/sky_day01_01*.vmt
 ! Run buildcubemaps in the engine to get the correct cube maps.
Creating default HDR cubemaps for env_cubemap using skybox materials:
   skybox/sky_day01_01*.vmt
 ! Run buildcubemaps in the engine to get the correct cube maps.
Finding displacement neighbors...
Finding lightmap sample positions...
Displacement Alpha : 0...1...2...3...4...5...6...7...8...9...10
Building Physics collision data...
done (0) (46165 bytes)
Placing detail props : 0...1...2...3...4...5...6...7...8...9...10
Compacting texture/material tables...
Reduced 288 texinfos to 135
Reduced 29 texdatas to 21 (926 bytes to 683)
Writing c:\program files (x86)\steam\steamapps\common\sourcesdk_content\hl2mp\mapsrc\test.bsp
Wrote ZIP buffer, estimated size 321783, actual size 319827
0 seconds elapsed



12 threads
reading c:\program files (x86)\steam\steamapps\common\sourcesdk_content\hl2mp\mapsrc\test.bsp
reading c:\program files (x86)\steam\steamapps\common\sourcesdk_content\hl2mp\mapsrc\test.prt
  47 portalclusters
 128 numportals
0...1...2...3...4...5...6...7...8...9...10Optimized: 63 visible clusters (3.09%)
Total clusters visible: 2042
Average clusters visible: 43
Building PAS...
Average clusters audible: 47
visdatasize:950  compressed from 752
writing c:\program files (x86)\steam\steamapps\common\sourcesdk_content\hl2mp\mapsrc\test.bsp
0 seconds elapsed



[Reading texlights from 'lights.rad']
[45 texlights parsed from 'lights.rad']

Loading c:\program files (x86)\steam\steamapps\common\sourcesdk_content\hl2mp\mapsrc\test.bsp
887 faces
37014 square feet [5330094.00 square inches]
0 Displacements
0 Square Feet [0.00 Square Inches]
887 patches before subdivision
52005 patches after subdivision
6 direct lights
0...1...2...3...4...5...6...7...8...9...100...1...2...3...4...5...6...7...8...9...10transfers 5573413, max 607
transfer lists:  42.5 megs
0...1...2...3...4...5...6...7...8...9...10	Bounce #1 added RGB(6808, 6368, 4543)
0...1...2...3...4...5...6...7...8...9...10	Bounce #2 added RGB(6163, 5344, 3426)
Build Patch/Sample Hash Table(s).....Done<0.0133 sec>
0...1...2...3...4...5...6...7...8...9...10FinalLightFace Done
0 of 0 (0% of) surface lights went in leaf ambient cubes.
0...1...2...3...4...5...6...7...8...9...10Writing leaf ambient...done
Ready to Finish

Object names       Objects/Maxobjs  Memory / Maxmem  Fullness 
------------       ---------------  ---------------  -------- 
models                  38/1024         1824/49152    ( 3.7%) 
brushes                 90/8192         1080/98304    ( 1.1%) 
brushsides             632/65536        5056/524288   ( 1.0%) 
planes                 776/65536       15520/1310720  ( 1.2%) 
vertexes              1241/65536       14892/786432   ( 1.9%) 
nodes                  450/65536       14400/2097152  ( 0.7%) 
texinfos               135/12288        9720/884736   ( 1.1%) 
texdata                 21/2048          672/65536    ( 1.0%) 
dispinfos                0/0               0/0        ( 0.0%) 
disp_verts               0/0               0/0        ( 0.0%) 
disp_tris                0/0               0/0        ( 0.0%) 
disp_lmsamples           0/0               0/0        ( 0.0%) 
faces                  887/65536       49672/3670016  ( 1.4%) 
hdr faces                0/65536           0/3670016  ( 0.0%) 
origfaces              387/65536       21672/3670016  ( 0.6%) 
leaves                 489/65536       15648/2097152  ( 0.7%) 
leaffaces             1129/65536        2258/131072   ( 1.7%) 
leafbrushes            118/65536         236/131072   ( 0.2%) 
areas                    2/256            16/2048     ( 0.8%) 
surfedges             5611/512000      22444/2048000  ( 1.1%) 
edges                 2919/256000      11676/1024000  ( 1.1%) 
LDR worldlights          6/8192          528/720896   ( 0.1%) 
HDR worldlights          0/8192            0/720896   ( 0.0%) 
leafwaterdata            1/32768          12/393216   ( 0.0%) 
waterstrips             30/32768         300/327680   ( 0.1%) 
waterverts               0/65536           0/786432   ( 0.0%) 
waterindices           420/65536         840/131072   ( 0.6%) 
cubemapsamples           2/1024           32/16384    ( 0.2%) 
overlays                 0/512             0/180224   ( 0.0%) 
LDR lightdata         [variable]    10445380/0        ( 0.0%) 
HDR lightdata         [variable]           0/0        ( 0.0%) 
visdata               [variable]         950/16777216 ( 0.0%) 
entdata               [variable]       37452/393216   ( 9.5%) 
LDR ambient table      489/65536        1956/262144   ( 0.7%) 
HDR ambient table      489/65536        1956/262144   ( 0.7%) 
LDR leaf ambient       691/65536       19348/1835008  ( 1.1%) 
HDR leaf ambient       489/65536       13692/1835008  ( 0.7%) 
occluders                0/0               0/0        ( 0.0%) 
occluder polygons        0/0               0/0        ( 0.0%) 
occluder vert ind        0/0               0/0        ( 0.0%) 
detail props          [variable]           1/12       ( 8.3%) 
static props          [variable]           1/216      ( 0.5%) 
pakfile               [variable]      319827/0        ( 0.0%) 
physics               [variable]       46165/4194304  ( 1.1%) 
physics terrain       [variable]           2/1048576  ( 0.0%) 

Level flags = 0

Total triangle count: 2241
Writing c:\program files (x86)\steam\steamapps\common\sourcesdk_content\hl2mp\mapsrc\test.bsp
3 seconds elapsed



materialPath: C:\Program Files (x86)\Steam\steamapps\common\Half-Life 2 Deathmatch\hl2mp\materials
Loading c:\program files (x86)\steam\steamapps\common\sourcesdk_content\hl2mp\mapsrc\test.vmf
ConVarRef mat_reduceparticles doesn't point to an existing ConVar
Could not locate 'GameData' key in c:\program files (x86)\steam\steamapps\common\half-life 2 deathmatch\hl2mp\gameinfo.txt
Patching WVT material: maps/test/dev/dev_blendmeasure_wvt_patch
fixing up env_cubemap materials on brush sides...
0...1...2...3...4...5...6...7...8...9...100...1...2...3...4...5...6...7...8...9...10Processing areas...done (0)
Building Faces...done (0)
FixTjuncs...
PruneNodes...
WriteBSP...
done (0)
writing c:\program files (x86)\steam\steamapps\common\sourcesdk_content\hl2mp\mapsrc\test.prt...Building visibility clusters...
done (0)
Creating default LDR cubemaps for env_cubemap using skybox materials:
   skybox/sky_day01_01*.vmt
 ! Run buildcubemaps in the engine to get the correct cube maps.
Creating default HDR cubemaps for env_cubemap using skybox materials:
   skybox/sky_day01_01*.vmt
 ! Run buildcubemaps in the engine to get the correct cube maps.
Finding displacement neighbors...
Finding lightmap sample positions...
Displacement Alpha : 0...1...2...3...4...5...6...7...8...9...10
Building Physics collision data...
done (0) (46165 bytes)
Placing detail props : 0...1...2...3...4...5...6...7...8...9...10
Compacting texture/material tables...
Reduced 288 texinfos to 135
Reduced 29 texdatas to 21 (926 bytes to 683)
Writing c:\program files (x86)\steam\steamapps\common\sourcesdk_content\hl2mp\mapsrc\test.bsp
Wrote ZIP buffer, estimated size 321783, actual size 319827
0 seconds elapsed



12 threads
reading c:\program files (x86)\steam\steamapps\common\sourcesdk_content\hl2mp\mapsrc\test.bsp
reading c:\program files (x86)\steam\steamapps\common\sourcesdk_content\hl2mp\mapsrc\test.prt
  47 portalclusters
 128 numportals
0...1...2...3...4...5...6...7...8...9...10Optimized: 63 visible clusters (3.09%)
Total clusters visible: 2042
Average clusters visible: 43
Building PAS...
Average clusters audible: 47
visdatasize:950  compressed from 752
writing c:\program files (x86)\steam\steamapps\common\sourcesdk_content\hl2mp\mapsrc\test.bsp
0 seconds elapsed



[Reading texlights from 'lights.rad']
[45 texlights parsed from 'lights.rad']

Loading c:\program files (x86)\steam\steamapps\common\sourcesdk_content\hl2mp\mapsrc\test.bsp
887 faces
37014 square feet [5330094.00 square inches]
0 Displacements
0 Square Feet [0.00 Square Inches]
887 patches before subdivision
52005 patches after subdivision
6 direct lights
0...1...2...3...4...5...6...7...8...9...100...1...2...3...4...5...6...7...8...9...10transfers 5573413, max 607
transfer lists:  42.5 megs
0...1...2...3...4...5...6...7...8...9...10	Bounce #1 added RGB(6808, 6368, 4543)
0...1...2...3...4...5...6...7...8...9...10	Bounce #2 added RGB(6163, 5344, 3426)
Build Patch/Sample Hash Table(s).....Done<0.0135 sec>
0...1...2...3...4...5...6...7...8...9...10FinalLightFace Done
0 of 0 (0% of) surface lights went in leaf ambient cubes.
0...1...2...3...4...5...6...7...8...9...10Writing leaf ambient...done
Ready to Finish

Object names       Objects/Maxobjs  Memory / Maxmem  Fullness 
------------       ---------------  ---------------  -------- 
models                  38/1024         1824/49152    ( 3.7%) 
brushes                 90/8192         1080/98304    ( 1.1%) 
brushsides             632/65536        5056/524288   ( 1.0%) 
planes                 776/65536       15520/1310720  ( 1.2%) 
vertexes              1241/65536       14892/786432   ( 1.9%) 
nodes                  450/65536       14400/2097152  ( 0.7%) 
texinfos               135/12288        9720/884736   ( 1.1%) 
texdata                 21/2048          672/65536    ( 1.0%) 
dispinfos                0/0               0/0        ( 0.0%) 
disp_verts               0/0               0/0        ( 0.0%) 
disp_tris                0/0               0/0        ( 0.0%) 
disp_lmsamples           0/0               0/0        ( 0.0%) 
faces                  887/65536       49672/3670016  ( 1.4%) 
hdr faces                0/65536           0/3670016  ( 0.0%) 
origfaces              387/65536       21672/3670016  ( 0.6%) 
leaves                 489/65536       15648/2097152  ( 0.7%) 
leaffaces             1129/65536        2258/131072   ( 1.7%) 
leafbrushes            118/65536         236/131072   ( 0.2%) 
areas                    2/256            16/2048     ( 0.8%) 
surfedges             5611/512000      22444/2048000  ( 1.1%) 
edges                 2919/256000      11676/1024000  ( 1.1%) 
LDR worldlights          6/8192          528/720896   ( 0.1%) 
HDR worldlights          0/8192            0/720896   ( 0.0%) 
leafwaterdata            1/32768          12/393216   ( 0.0%) 
waterstrips             30/32768         300/327680   ( 0.1%) 
waterverts               0/65536           0/786432   ( 0.0%) 
waterindices           420/65536         840/131072   ( 0.6%) 
cubemapsamples           2/1024           32/16384    ( 0.2%) 
overlays                 0/512             0/180224   ( 0.0%) 
LDR lightdata         [variable]    10445380/0        ( 0.0%) 
HDR lightdata         [variable]           0/0        ( 0.0%) 
visdata               [variable]         950/16777216 ( 0.0%) 
entdata               [variable]       37410/393216   ( 9.5%) 
LDR ambient table      489/65536        1956/262144   ( 0.7%) 
HDR ambient table      489/65536        1956/262144   ( 0.7%) 
LDR leaf ambient       691/65536       19348/1835008  ( 1.1%) 
HDR leaf ambient       489/65536       13692/1835008  ( 0.7%) 
occluders                0/0               0/0        ( 0.0%) 
occluder polygons        0/0               0/0        ( 0.0%) 
occluder vert ind        0/0               0/0        ( 0.0%) 
detail props          [variable]           1/12       ( 8.3%) 
static props          [variable]           1/216      ( 0.5%) 
pakfile               [variable]      319827/0        ( 0.0%) 
physics               [variable]       46165/4194304  ( 1.1%) 
physics terrain       [variable]           2/1048576  ( 0.0%) 

Level flags = 0

Total triangle count: 2241
Writing c:\program files (x86)\steam\steamapps\common\sourcesdk_content\hl2mp\mapsrc\test.bsp
3 seconds elapsed



materialPath: C:\Program Files (x86)\Steam\steamapps\common\Half-Life 2 Deathmatch\hl2mp\materials
Loading c:\program files (x86)\steam\steamapps\common\sourcesdk_content\hl2mp\mapsrc\test.vmf
ConVarRef mat_reduceparticles doesn't point to an existing ConVar
Could not locate 'GameData' key in c:\program files (x86)\steam\steamapps\common\half-life 2 deathmatch\hl2mp\gameinfo.txt
Patching WVT material: maps/test/dev/dev_blendmeasure_wvt_patch
fixing up env_cubemap materials on brush sides...
0...1...2...3...4...5...6...7...8...9...100...1...2...3...4...5...6...7...8...9...10Processing areas...done (0)
Building Faces...done (0)
FixTjuncs...
PruneNodes...
WriteBSP...
done (0)
writing c:\program files (x86)\steam\steamapps\common\sourcesdk_content\hl2mp\mapsrc\test.prt...Building visibility clusters...
done (0)
Creating default LDR cubemaps for env_cubemap using skybox materials:
   skybox/sky_day01_01*.vmt
 ! Run buildcubemaps in the engine to get the correct cube maps.
Creating default HDR cubemaps for env_cubemap using skybox materials:
   skybox/sky_day01_01*.vmt
 ! Run buildcubemaps in the engine to get the correct cube maps.
Finding displacement neighbors...
Finding lightmap sample positions...
Displacement Alpha : 0...1...2...3...4...5...6...7...8...9...10
Building Physics collision data...
done (0) (46165 bytes)
Placing detail props : 0...1...2...3...4...5...6...7...8...9...10
Compacting texture/material tables...
Reduced 288 texinfos to 135
Reduced 29 texdatas to 21 (926 bytes to 683)
Writing c:\program files (x86)\steam\steamapps\common\sourcesdk_content\hl2mp\mapsrc\test.bsp
Wrote ZIP buffer, estimated size 321783, actual size 319827
0 seconds elapsed



12 threads
reading c:\program files (x86)\steam\steamapps\common\sourcesdk_content\hl2mp\mapsrc\test.bsp
reading c:\program files (x86)\steam\steamapps\common\sourcesdk_content\hl2mp\mapsrc\test.prt
  47 portalclusters
 128 numportals
0...1...2...3...4...5...6...7...8...9...10Optimized: 63 visible clusters (3.09%)
Total clusters visible: 2042
Average clusters visible: 43
Building PAS...
Average clusters audible: 47
visdatasize:950  compressed from 752
writing c:\program files (x86)\steam\steamapps\common\sourcesdk_content\hl2mp\mapsrc\test.bsp
0 seconds elapsed



[Reading texlights from 'lights.rad']
[45 texlights parsed from 'lights.rad']

Loading c:\program files (x86)\steam\steamapps\common\sourcesdk_content\hl2mp\mapsrc\test.bsp
887 faces
37014 square feet [5330094.00 square inches]
0 Displacements
0 Square Feet [0.00 Square Inches]
887 patches before subdivision
52005 patches after subdivision
6 direct lights
0...1...2...3...4...5...6...7...8...9...100...1...2...3...4...5...6...7...8...9...10transfers 5573413, max 607
transfer lists:  42.5 megs
0...1...2...3...4...5...6...7...8...9...10	Bounce #1 added RGB(6808, 6368, 4543)
0...1...2...3...4...5...6...7...8...9...10	Bounce #2 added RGB(6163, 5344, 3426)
Build Patch/Sample Hash Table(s).....Done<0.0134 sec>
0...1...2...3...4...5...6...7...8...9...10FinalLightFace Done
0 of 0 (0% of) surface lights went in leaf ambient cubes.
0...1...2...3...4...5...6...7...8...9...10Writing leaf ambient...done
Ready to Finish

Object names       Objects/Maxobjs  Memory / Maxmem  Fullness 
------------       ---------------  ---------------  -------- 
models                  38/1024         1824/49152    ( 3.7%) 
brushes                 90/8192         1080/98304    ( 1.1%) 
brushsides             632/65536        5056/524288   ( 1.0%) 
planes                 776/65536       15520/1310720  ( 1.2%) 
vertexes              1241/65536       14892/786432   ( 1.9%) 
nodes                  450/65536       14400/2097152  ( 0.7%) 
texinfos               135/12288        9720/884736   ( 1.1%) 
texdata                 21/2048          672/65536    ( 1.0%) 
dispinfos                0/0               0/0        ( 0.0%) 
disp_verts               0/0               0/0        ( 0.0%) 
disp_tris                0/0               0/0        ( 0.0%) 
disp_lmsamples           0/0               0/0        ( 0.0%) 
faces                  887/65536       49672/3670016  ( 1.4%) 
hdr faces                0/65536           0/3670016  ( 0.0%) 
origfaces              387/65536       21672/3670016  ( 0.6%) 
leaves                 489/65536       15648/2097152  ( 0.7%) 
leaffaces             1129/65536        2258/131072   ( 1.7%) 
leafbrushes            118/65536         236/131072   ( 0.2%) 
areas                    2/256            16/2048     ( 0.8%) 
surfedges             5611/512000      22444/2048000  ( 1.1%) 
edges                 2919/256000      11676/1024000  ( 1.1%) 
LDR worldlights          6/8192          528/720896   ( 0.1%) 
HDR worldlights          0/8192            0/720896   ( 0.0%) 
leafwaterdata            1/32768          12/393216   ( 0.0%) 
waterstrips             30/32768         300/327680   ( 0.1%) 
waterverts               0/65536           0/786432   ( 0.0%) 
waterindices           420/65536         840/131072   ( 0.6%) 
cubemapsamples           2/1024           32/16384    ( 0.2%) 
overlays                 0/512             0/180224   ( 0.0%) 
LDR lightdata         [variable]    10445380/0        ( 0.0%) 
HDR lightdata         [variable]           0/0        ( 0.0%) 
visdata               [variable]         950/16777216 ( 0.0%) 
entdata               [variable]       37419/393216   ( 9.5%) 
LDR ambient table      489/65536        1956/262144   ( 0.7%) 
HDR ambient table      489/65536        1956/262144   ( 0.7%) 
LDR leaf ambient       691/65536       19348/1835008  ( 1.1%) 
HDR leaf ambient       489/65536       13692/1835008  ( 0.7%) 
occluders                0/0               0/0        ( 0.0%) 
occluder polygons        0/0               0/0        ( 0.0%) 
occluder vert ind        0/0               0/0        ( 0.0%) 
detail props          [variable]           1/12       ( 8.3%) 
static props          [variable]           1/216      ( 0.5%) 
pakfile               [variable]      319827/0        ( 0.0%) 
physics               [variable]       46165/4194304  ( 1.1%) 
physics terrain       [variable]           2/1048576  ( 0.0%) 

Level flags = 0

Total triangle count: 2241
Writing c:\program files (x86)\steam\steamapps\common\sourcesdk_content\hl2mp\mapsrc\test.bsp
3 seconds elapsed



materialPath: C:\Program Files (x86)\Steam\steamapps\common\Half-Life 2 Deathmatch\hl2mp\materials
Loading c:\program files (x86)\steam\steamapps\common\sourcesdk_content\hl2mp\mapsrc\test.vmf
ConVarRef mat_reduceparticles doesn't point to an existing ConVar
Could not locate 'GameData' key in c:\program files (x86)\steam\steamapps\common\half-life 2 deathmatch\hl2mp\gameinfo.txt
Patching WVT material: maps/test/dev/dev_blendmeasure_wvt_patch
fixing up env_cubemap materials on brush sides...
0...1...2...3...4...5...6...7...8...9...100...1...2...3...4...5...6...7...8...9...10Processing areas...done (0)
Building Faces...done (0)
FixTjuncs...
PruneNodes...
WriteBSP...
done (0)
writing c:\program files (x86)\steam\steamapps\common\sourcesdk_content\hl2mp\mapsrc\test.prt...Building visibility clusters...
done (0)
Creating default LDR cubemaps for env_cubemap using skybox materials:
   skybox/sky_day01_01*.vmt
 ! Run buildcubemaps in the engine to get the correct cube maps.
Creating default HDR cubemaps for env_cubemap using skybox materials:
   skybox/sky_day01_01*.vmt
 ! Run buildcubemaps in the engine to get the correct cube maps.
Finding displacement neighbors...
Finding lightmap sample positions...
Displacement Alpha : 0...1...2...3...4...5...6...7...8...9...10
Building Physics collision data...
done (0) (46165 bytes)
Placing detail props : 0...1...2...3...4...5...6...7...8...9...10
Compacting texture/material tables...
Reduced 288 texinfos to 135
Reduced 29 texdatas to 21 (926 bytes to 683)
Writing c:\program files (x86)\steam\steamapps\common\sourcesdk_content\hl2mp\mapsrc\test.bsp
Wrote ZIP buffer, estimated size 321783, actual size 319827
0 seconds elapsed



12 threads
reading c:\program files (x86)\steam\steamapps\common\sourcesdk_content\hl2mp\mapsrc\test.bsp
reading c:\program files (x86)\steam\steamapps\common\sourcesdk_content\hl2mp\mapsrc\test.prt
  47 portalclusters
 128 numportals
0...1...2...3...4...5...6...7...8...9...10Optimized: 63 visible clusters (3.09%)
Total clusters visible: 2042
Average clusters visible: 43
Building PAS...
Average clusters audible: 47
visdatasize:950  compressed from 752
writing c:\program files (x86)\steam\steamapps\common\sourcesdk_content\hl2mp\mapsrc\test.bsp
0 seconds elapsed



[Reading texlights from 'lights.rad']
[45 texlights parsed from 'lights.rad']

Loading c:\program files (x86)\steam\steamapps\common\sourcesdk_content\hl2mp\mapsrc\test.bsp
887 faces
37014 square feet [5330094.00 square inches]
0 Displacements
0 Square Feet [0.00 Square Inches]
887 patches before subdivision
52005 patches after subdivision
6 direct lights
0...1...2...3...4...5...6...7...8...9...100...1...2...3...4...5...6...7...8...9...10transfers 5573413, max 607
transfer lists:  42.5 megs
0...1...2...3...4...5...6...7...8...9...10	Bounce #1 added RGB(6808, 6368, 4543)
0...1...2...3...4...5...6...7...8...9...10	Bounce #2 added RGB(6163, 5344, 3426)
Build Patch/Sample Hash Table(s).....Done<0.0109 sec>
0...1...2...3...4...5...6...7...8...9...10FinalLightFace Done
0 of 0 (0% of) surface lights went in leaf ambient cubes.
0...1...2...3...4...5...6...7...8...9...10Writing leaf ambient...done
Ready to Finish

Object names       Objects/Maxobjs  Memory / Maxmem  Fullness 
------------       ---------------  ---------------  -------- 
models                  38/1024         1824/49152    ( 3.7%) 
brushes                 90/8192         1080/98304    ( 1.1%) 
brushsides             632/65536        5056/524288   ( 1.0%) 
planes                 776/65536       15520/1310720  ( 1.2%) 
vertexes              1241/65536       14892/786432   ( 1.9%) 
nodes                  450/65536       14400/2097152  ( 0.7%) 
texinfos               135/12288        9720/884736   ( 1.1%) 
texdata                 21/2048          672/65536    ( 1.0%) 
dispinfos                0/0               0/0        ( 0.0%) 
disp_verts               0/0               0/0        ( 0.0%) 
disp_tris                0/0               0/0        ( 0.0%) 
disp_lmsamples           0/0               0/0        ( 0.0%) 
faces                  887/65536       49672/3670016  ( 1.4%) 
hdr faces                0/65536           0/3670016  ( 0.0%) 
origfaces              387/65536       21672/3670016  ( 0.6%) 
leaves                 489/65536       15648/2097152  ( 0.7%) 
leaffaces             1129/65536        2258/131072   ( 1.7%) 
leafbrushes            118/65536         236/131072   ( 0.2%) 
areas                    2/256            16/2048     ( 0.8%) 
surfedges             5611/512000      22444/2048000  ( 1.1%) 
edges                 2919/256000      11676/1024000  ( 1.1%) 
LDR worldlights          6/8192          528/720896   ( 0.1%) 
HDR worldlights          0/8192            0/720896   ( 0.0%) 
leafwaterdata            1/32768          12/393216   ( 0.0%) 
waterstrips             30/32768         300/327680   ( 0.1%) 
waterverts               0/65536           0/786432   ( 0.0%) 
waterindices           420/65536         840/131072   ( 0.6%) 
cubemapsamples           2/1024           32/16384    ( 0.2%) 
overlays                 0/512             0/180224   ( 0.0%) 
LDR lightdata         [variable]    10445380/0        ( 0.0%) 
HDR lightdata         [variable]           0/0        ( 0.0%) 
visdata               [variable]         950/16777216 ( 0.0%) 
entdata               [variable]       37418/393216   ( 9.5%) 
LDR ambient table      489/65536        1956/262144   ( 0.7%) 
HDR ambient table      489/65536        1956/262144   ( 0.7%) 
LDR leaf ambient       691/65536       19348/1835008  ( 1.1%) 
HDR leaf ambient       489/65536       13692/1835008  ( 0.7%) 
occluders                0/0               0/0        ( 0.0%) 
occluder polygons        0/0               0/0        ( 0.0%) 
occluder vert ind        0/0               0/0        ( 0.0%) 
detail props          [variable]           1/12       ( 8.3%) 
static props          [variable]           1/216      ( 0.5%) 
pakfile               [variable]      319827/0        ( 0.0%) 
physics               [variable]       46165/4194304  ( 1.1%) 
physics terrain       [variable]           2/1048576  ( 0.0%) 

Level flags = 0

Total triangle count: 2241
Writing c:\program files (x86)\steam\steamapps\common\sourcesdk_content\hl2mp\mapsrc\test.bsp
3 seconds elapsed



materialPath: C:\Program Files (x86)\Steam\steamapps\common\Half-Life 2 Deathmatch\hl2mp\materials
Loading c:\program files (x86)\steam\steamapps\common\sourcesdk_content\hl2mp\mapsrc\test.vmf
ConVarRef mat_reduceparticles doesn't point to an existing ConVar
Could not locate 'GameData' key in c:\program files (x86)\steam\steamapps\common\half-life 2 deathmatch\hl2mp\gameinfo.txt
Patching WVT material: maps/test/dev/dev_blendmeasure_wvt_patch
fixing up env_cubemap materials on brush sides...
0...1...2...3...4...5...6...7...8...9...100...1...2...3...4...5...6...7...8...9...10Processing areas...done (0)
Building Faces...done (0)
FixTjuncs...
PruneNodes...
WriteBSP...
done (0)
writing c:\program files (x86)\steam\steamapps\common\sourcesdk_content\hl2mp\mapsrc\test.prt...Building visibility clusters...
done (0)
Creating default LDR cubemaps for env_cubemap using skybox materials:
   skybox/sky_day01_01*.vmt
 ! Run buildcubemaps in the engine to get the correct cube maps.
Creating default HDR cubemaps for env_cubemap using skybox materials:
   skybox/sky_day01_01*.vmt
 ! Run buildcubemaps in the engine to get the correct cube maps.
Finding displacement neighbors...
Finding lightmap sample positions...
Displacement Alpha : 0...1...2...3...4...5...6...7...8...9...10
Building Physics collision data...
done (0) (46165 bytes)
Placing detail props : 0...1...2...3...4...5...6...7...8...9...10
Compacting texture/material tables...
Reduced 288 texinfos to 135
Reduced 29 texdatas to 21 (926 bytes to 683)
Writing c:\program files (x86)\steam\steamapps\common\sourcesdk_content\hl2mp\mapsrc\test.bsp
Wrote ZIP buffer, estimated size 321783, actual size 319827
0 seconds elapsed



12 threads
reading c:\program files (x86)\steam\steamapps\common\sourcesdk_content\hl2mp\mapsrc\test.bsp
reading c:\program files (x86)\steam\steamapps\common\sourcesdk_content\hl2mp\mapsrc\test.prt
  47 portalclusters
 128 numportals
0...1...2...3...4...5...6...7...8...9...10Optimized: 63 visible clusters (3.09%)
Total clusters visible: 2042
Average clusters visible: 43
Building PAS...
Average clusters audible: 47
visdatasize:950  compressed from 752
writing c:\program files (x86)\steam\steamapps\common\sourcesdk_content\hl2mp\mapsrc\test.bsp
0 seconds elapsed



[Reading texlights from 'lights.rad']
[45 texlights parsed from 'lights.rad']

Loading c:\program files (x86)\steam\steamapps\common\sourcesdk_content\hl2mp\mapsrc\test.bsp
887 faces
37014 square feet [5330094.00 square inches]
0 Displacements
0 Square Feet [0.00 Square Inches]
887 patches before subdivision
52005 patches after subdivision
6 direct lights
0...1...2...3...4...5...6...7...8...9...100...1...2...3...4...5...6...7...8...9...10transfers 5573413, max 607
transfer lists:  42.5 megs
0...1...2...3...4...5...6...7...8...9...10	Bounce #1 added RGB(6808, 6368, 4543)
0...1...2...3...4...5...6...7...8...9...10	Bounce #2 added RGB(6163, 5344, 3426)
Build Patch/Sample Hash Table(s).....Done<0.0128 sec>
0...1...2...3...4...5...6...7...8...9...10FinalLightFace Done
0 of 0 (0% of) surface lights went in leaf ambient cubes.
0...1...2...3...4...5...6...7...8...9...10Writing leaf ambient...done
Ready to Finish

Object names       Objects/Maxobjs  Memory / Maxmem  Fullness 
------------       ---------------  ---------------  -------- 
models                  38/1024         1824/49152    ( 3.7%) 
brushes                 90/8192         1080/98304    ( 1.1%) 
brushsides             632/65536        5056/524288   ( 1.0%) 
planes                 776/65536       15520/1310720  ( 1.2%) 
vertexes              1241/65536       14892/786432   ( 1.9%) 
nodes                  450/65536       14400/2097152  ( 0.7%) 
texinfos               135/12288        9720/884736   ( 1.1%) 
texdata                 21/2048          672/65536    ( 1.0%) 
dispinfos                0/0               0/0        ( 0.0%) 
disp_verts               0/0               0/0        ( 0.0%) 
disp_tris                0/0               0/0        ( 0.0%) 
disp_lmsamples           0/0               0/0        ( 0.0%) 
faces                  887/65536       49672/3670016  ( 1.4%) 
hdr faces                0/65536           0/3670016  ( 0.0%) 
origfaces              387/65536       21672/3670016  ( 0.6%) 
leaves                 489/65536       15648/2097152  ( 0.7%) 
leaffaces             1129/65536        2258/131072   ( 1.7%) 
leafbrushes            118/65536         236/131072   ( 0.2%) 
areas                    2/256            16/2048     ( 0.8%) 
surfedges             5611/512000      22444/2048000  ( 1.1%) 
edges                 2919/256000      11676/1024000  ( 1.1%) 
LDR worldlights          6/8192          528/720896   ( 0.1%) 
HDR worldlights          0/8192            0/720896   ( 0.0%) 
leafwaterdata            1/32768          12/393216   ( 0.0%) 
waterstrips             30/32768         300/327680   ( 0.1%) 
waterverts               0/65536           0/786432   ( 0.0%) 
waterindices           420/65536         840/131072   ( 0.6%) 
cubemapsamples           2/1024           32/16384    ( 0.2%) 
overlays                 0/512             0/180224   ( 0.0%) 
LDR lightdata         [variable]    10445380/0        ( 0.0%) 
HDR lightdata         [variable]           0/0        ( 0.0%) 
visdata               [variable]         950/16777216 ( 0.0%) 
entdata               [variable]       37441/393216   ( 9.5%) 
LDR ambient table      489/65536        1956/262144   ( 0.7%) 
HDR ambient table      489/65536        1956/262144   ( 0.7%) 
LDR leaf ambient       691/65536       19348/1835008  ( 1.1%) 
HDR leaf ambient       489/65536       13692/1835008  ( 0.7%) 
occluders                0/0               0/0        ( 0.0%) 
occluder polygons        0/0               0/0        ( 0.0%) 
occluder vert ind        0/0               0/0        ( 0.0%) 
detail props          [variable]           1/12       ( 8.3%) 
static props          [variable]           1/216      ( 0.5%) 
pakfile               [variable]      319827/0        ( 0.0%) 
physics               [variable]       46165/4194304  ( 1.1%) 
physics terrain       [variable]           2/1048576  ( 0.0%) 

Level flags = 0

Total triangle count: 2241
Writing c:\program files (x86)\steam\steamapps\common\sourcesdk_content\hl2mp\mapsrc\test.bsp
3 seconds elapsed



materialPath: C:\Program Files (x86)\Steam\steamapps\common\Half-Life 2 Deathmatch\hl2mp\materials
Loading c:\program files (x86)\steam\steamapps\common\sourcesdk_content\hl2mp\mapsrc\test.vmf
ConVarRef mat_reduceparticles doesn't point to an existing ConVar
Could not locate 'GameData' key in c:\program files (x86)\steam\steamapps\common\half-life 2 deathmatch\hl2mp\gameinfo.txt
Patching WVT material: maps/test/dev/dev_blendmeasure_wvt_patch
fixing up env_cubemap materials on brush sides...
0...1...2...3...4...5...6...7...8...9...100...1...2...3...4...5...6...7...8...9...10Processing areas...done (0)
Building Faces...done (0)
FixTjuncs...
PruneNodes...
WriteBSP...
done (0)
writing c:\program files (x86)\steam\steamapps\common\sourcesdk_content\hl2mp\mapsrc\test.prt...Building visibility clusters...
done (0)
Creating default LDR cubemaps for env_cubemap using skybox materials:
   skybox/sky_day01_01*.vmt
 ! Run buildcubemaps in the engine to get the correct cube maps.
Creating default HDR cubemaps for env_cubemap using skybox materials:
   skybox/sky_day01_01*.vmt
 ! Run buildcubemaps in the engine to get the correct cube maps.
Finding displacement neighbors...
Finding lightmap sample positions...
Displacement Alpha : 0...1...2...3...4...5...6...7...8...9...10
Building Physics collision data...
done (0) (46165 bytes)
Placing detail props : 0...1...2...3...4...5...6...7...8...9...10
Compacting texture/material tables...
Reduced 288 texinfos to 135
Reduced 29 texdatas to 21 (926 bytes to 683)
Writing c:\program files (x86)\steam\steamapps\common\sourcesdk_content\hl2mp\mapsrc\test.bsp
Wrote ZIP buffer, estimated size 321783, actual size 319827
0 seconds elapsed



12 threads
reading c:\program files (x86)\steam\steamapps\common\sourcesdk_content\hl2mp\mapsrc\test.bsp
reading c:\program files (x86)\steam\steamapps\common\sourcesdk_content\hl2mp\mapsrc\test.prt
  47 portalclusters
 128 numportals
0...1...2...3...4...5...6...7...8...9...10Optimized: 63 visible clusters (3.09%)
Total clusters visible: 2042
Average clusters visible: 43
Building PAS...
Average clusters audible: 47
visdatasize:950  compressed from 752
writing c:\program files (x86)\steam\steamapps\common\sourcesdk_content\hl2mp\mapsrc\test.bsp
0 seconds elapsed



[Reading texlights from 'lights.rad']
[45 texlights parsed from 'lights.rad']

Loading c:\program files (x86)\steam\steamapps\common\sourcesdk_content\hl2mp\mapsrc\test.bsp
887 faces
37014 square feet [5330094.00 square inches]
0 Displacements
0 Square Feet [0.00 Square Inches]
887 patches before subdivision
52005 patches after subdivision
6 direct lights
0...1...2...3...4...5...6...7...8...9...100...1...2...3...4...5...6...7...8...9...10transfers 5573413, max 607
transfer lists:  42.5 megs
0...1...2...3...4...5...6...7...8...9...10	Bounce #1 added RGB(6808, 6368, 4543)
0...1...2...3...4...5...6...7...8...9...10	Bounce #2 added RGB(6163, 5344, 3426)
Build Patch/Sample Hash Table(s).....Done<0.0134 sec>
0...1...2...3...4...5...6...7...8...9...10FinalLightFace Done
0 of 0 (0% of) surface lights went in leaf ambient cubes.
0...1...2...3...4...5...6...7...8...9...10Writing leaf ambient...done
Ready to Finish

Object names       Objects/Maxobjs  Memory / Maxmem  Fullness 
------------       ---------------  ---------------  -------- 
models                  38/1024         1824/49152    ( 3.7%) 
brushes                 90/8192         1080/98304    ( 1.1%) 
brushsides             632/65536        5056/524288   ( 1.0%) 
planes                 776/65536       15520/1310720  ( 1.2%) 
vertexes              1241/65536       14892/786432   ( 1.9%) 
nodes                  450/65536       14400/2097152  ( 0.7%) 
texinfos               135/12288        9720/884736   ( 1.1%) 
texdata                 21/2048          672/65536    ( 1.0%) 
dispinfos                0/0               0/0        ( 0.0%) 
disp_verts               0/0               0/0        ( 0.0%) 
disp_tris                0/0               0/0        ( 0.0%) 
disp_lmsamples           0/0               0/0        ( 0.0%) 
faces                  887/65536       49672/3670016  ( 1.4%) 
hdr faces                0/65536           0/3670016  ( 0.0%) 
origfaces              387/65536       21672/3670016  ( 0.6%) 
leaves                 489/65536       15648/2097152  ( 0.7%) 
leaffaces             1129/65536        2258/131072   ( 1.7%) 
leafbrushes            118/65536         236/131072   ( 0.2%) 
areas                    2/256            16/2048     ( 0.8%) 
surfedges             5611/512000      22444/2048000  ( 1.1%) 
edges                 2919/256000      11676/1024000  ( 1.1%) 
LDR worldlights          6/8192          528/720896   ( 0.1%) 
HDR worldlights          0/8192            0/720896   ( 0.0%) 
leafwaterdata            1/32768          12/393216   ( 0.0%) 
waterstrips             30/32768         300/327680   ( 0.1%) 
waterverts               0/65536           0/786432   ( 0.0%) 
waterindices           420/65536         840/131072   ( 0.6%) 
cubemapsamples           2/1024           32/16384    ( 0.2%) 
overlays                 0/512             0/180224   ( 0.0%) 
LDR lightdata         [variable]    10445380/0        ( 0.0%) 
HDR lightdata         [variable]           0/0        ( 0.0%) 
visdata               [variable]         950/16777216 ( 0.0%) 
entdata               [variable]       37403/393216   ( 9.5%) 
LDR ambient table      489/65536        1956/262144   ( 0.7%) 
HDR ambient table      489/65536        1956/262144   ( 0.7%) 
LDR leaf ambient       691/65536       19348/1835008  ( 1.1%) 
HDR leaf ambient       489/65536       13692/1835008  ( 0.7%) 
occluders                0/0               0/0        ( 0.0%) 
occluder polygons        0/0               0/0        ( 0.0%) 
occluder vert ind        0/0               0/0        ( 0.0%) 
detail props          [variable]           1/12       ( 8.3%) 
static props          [variable]           1/216      ( 0.5%) 
pakfile               [variable]      319827/0        ( 0.0%) 
physics               [variable]       46165/4194304  ( 1.1%) 
physics terrain       [variable]           2/1048576  ( 0.0%) 

Level flags = 0

Total triangle count: 2241
Writing c:\program files (x86)\steam\steamapps\common\sourcesdk_content\hl2mp\mapsrc\test.bsp
3 seconds elapsed



materialPath: C:\Program Files (x86)\Steam\steamapps\common\Half-Life 2 Deathmatch\hl2mp\materials
Loading c:\program files (x86)\steam\steamapps\common\sourcesdk_content\hl2mp\mapsrc\test.vmf
ConVarRef mat_reduceparticles doesn't point to an existing ConVar
Could not locate 'GameData' key in c:\program files (x86)\steam\steamapps\common\half-life 2 deathmatch\hl2mp\gameinfo.txt
Patching WVT material: maps/test/dev/dev_blendmeasure_wvt_patch
fixing up env_cubemap materials on brush sides...
0...1...2...3...4...5...6...7...8...9...100...1...2...3...4...5...6...7...8...9...10Processing areas...done (0)
Building Faces...done (0)
FixTjuncs...
PruneNodes...
WriteBSP...
done (0)
writing c:\program files (x86)\steam\steamapps\common\sourcesdk_content\hl2mp\mapsrc\test.prt...Building visibility clusters...
done (0)
Creating default LDR cubemaps for env_cubemap using skybox materials:
   skybox/sky_day01_01*.vmt
 ! Run buildcubemaps in the engine to get the correct cube maps.
Creating default HDR cubemaps for env_cubemap using skybox materials:
   skybox/sky_day01_01*.vmt
 ! Run buildcubemaps in the engine to get the correct cube maps.
Finding displacement neighbors...
Finding lightmap sample positions...
Displacement Alpha : 0...1...2...3...4...5...6...7...8...9...10
Building Physics collision data...
done (0) (46569 bytes)
Placing detail props : 0...1...2...3...4...5...6...7...8...9...10
Compacting texture/material tables...
Reduced 295 texinfos to 139
Reduced 32 texdatas to 23 (1054 bytes to 783)
Writing c:\program files (x86)\steam\steamapps\common\sourcesdk_content\hl2mp\mapsrc\test.bsp
Wrote ZIP buffer, estimated size 322717, actual size 320493
0 seconds elapsed



12 threads
reading c:\program files (x86)\steam\steamapps\common\sourcesdk_content\hl2mp\mapsrc\test.bsp
reading c:\program files (x86)\steam\steamapps\common\sourcesdk_content\hl2mp\mapsrc\test.prt
  52 portalclusters
 144 numportals
0...1...2...3...4...5...6...7...8...9...10Optimized: 63 visible clusters (2.49%)
Total clusters visible: 2535
Average clusters visible: 48
Building PAS...
Average clusters audible: 52
visdatasize:1154  compressed from 832
writing c:\program files (x86)\steam\steamapps\common\sourcesdk_content\hl2mp\mapsrc\test.bsp
0 seconds elapsed



[Reading texlights from 'lights.rad']
[45 texlights parsed from 'lights.rad']

Loading c:\program files (x86)\steam\steamapps\common\sourcesdk_content\hl2mp\mapsrc\test.bsp
893 faces
37018 square feet [5330686.00 square inches]
0 Displacements
0 Square Feet [0.00 Square Inches]
893 patches before subdivision
52011 patches after subdivision
6 direct lights
0...1...2...3...4...5...6...7...8...9...100...1...2...3...4...5...6...7...8...9...10transfers 5616633, max 610
transfer lists:  42.9 megs
0...1...2...3...4...5...6...7...8...9...10	Bounce #1 added RGB(6814, 6375, 4548)
0...1...2...3...4...5...6...7...8...9...10	Bounce #2 added RGB(6163, 5343, 3426)
Build Patch/Sample Hash Table(s).....Done<0.0113 sec>
0...1...2...3...4...5...6...7...8...9...10FinalLightFace Done
0 of 0 (0% of) surface lights went in leaf ambient cubes.
0...1...2...3...4...5...6...7...8...9...10Writing leaf ambient...done
Ready to Finish

Object names       Objects/Maxobjs  Memory / Maxmem  Fullness 
------------       ---------------  ---------------  -------- 
models                  38/1024         1824/49152    ( 3.7%) 
brushes                 91/8192         1092/98304    ( 1.1%) 
brushsides             638/65536        5104/524288   ( 1.0%) 
planes                 788/65536       15760/1310720  ( 1.2%) 
vertexes              1249/65536       14988/786432   ( 1.9%) 
nodes                  456/65536       14592/2097152  ( 0.7%) 
texinfos               139/12288       10008/884736   ( 1.1%) 
texdata                 23/2048          736/65536    ( 1.1%) 
dispinfos                0/0               0/0        ( 0.0%) 
disp_verts               0/0               0/0        ( 0.0%) 
disp_tris                0/0               0/0        ( 0.0%) 
disp_lmsamples           0/0               0/0        ( 0.0%) 
faces                  893/65536       50008/3670016  ( 1.4%) 
hdr faces                0/65536           0/3670016  ( 0.0%) 
origfaces              393/65536       22008/3670016  ( 0.6%) 
leaves                 495/65536       15840/2097152  ( 0.8%) 
leaffaces             1319/65536        2638/131072   ( 2.0%) 
leafbrushes            119/65536         238/131072   ( 0.2%) 
areas                    2/256            16/2048     ( 0.8%) 
surfedges             5659/512000      22636/2048000  ( 1.1%) 
edges                 2943/256000      11772/1024000  ( 1.1%) 
LDR worldlights          6/8192          528/720896   ( 0.1%) 
HDR worldlights          0/8192            0/720896   ( 0.0%) 
leafwaterdata            1/32768          12/393216   ( 0.0%) 
waterstrips             30/32768         300/327680   ( 0.1%) 
waterverts               0/65536           0/786432   ( 0.0%) 
waterindices           420/65536         840/131072   ( 0.6%) 
cubemapsamples           2/1024           32/16384    ( 0.2%) 
overlays                 0/512             0/180224   ( 0.0%) 
LDR lightdata         [variable]    10446764/0        ( 0.0%) 
HDR lightdata         [variable]           0/0        ( 0.0%) 
visdata               [variable]        1154/16777216 ( 0.0%) 
entdata               [variable]       37104/393216   ( 9.4%) 
LDR ambient table      495/65536        1980/262144   ( 0.8%) 
HDR ambient table      495/65536        1980/262144   ( 0.8%) 
LDR leaf ambient       702/65536       19656/1835008  ( 1.1%) 
HDR leaf ambient       495/65536       13860/1835008  ( 0.8%) 
occluders                0/0               0/0        ( 0.0%) 
occluder polygons        0/0               0/0        ( 0.0%) 
occluder vert ind        0/0               0/0        ( 0.0%) 
detail props          [variable]           1/12       ( 8.3%) 
static props          [variable]           1/216      ( 0.5%) 
pakfile               [variable]      320493/0        ( 0.0%) 
physics               [variable]       46569/4194304  ( 1.1%) 
physics terrain       [variable]           2/1048576  ( 0.0%) 

Level flags = 0

Total triangle count: 2253
Writing c:\program files (x86)\steam\steamapps\common\sourcesdk_content\hl2mp\mapsrc\test.bsp
3 seconds elapsed



materialPath: C:\Program Files (x86)\Steam\steamapps\common\Half-Life 2 Deathmatch\hl2mp\materials
Loading c:\program files (x86)\steam\steamapps\common\sourcesdk_content\hl2mp\mapsrc\test.vmf
ConVarRef mat_reduceparticles doesn't point to an existing ConVar
Could not locate 'GameData' key in c:\program files (x86)\steam\steamapps\common\half-life 2 deathmatch\hl2mp\gameinfo.txt
Patching WVT material: maps/test/dev/dev_blendmeasure_wvt_patch
fixing up env_cubemap materials on brush sides...
0...1...2...3...4...5...6...7...8...9...100...1...2...3...4...5...6...7...8...9...10Processing areas...done (0)
Building Faces...done (0)
FixTjuncs...
PruneNodes...
WriteBSP...
done (0)
writing c:\program files (x86)\steam\steamapps\common\sourcesdk_content\hl2mp\mapsrc\test.prt...Building visibility clusters...
done (0)
Creating default LDR cubemaps for env_cubemap using skybox materials:
   skybox/sky_day01_01*.vmt
 ! Run buildcubemaps in the engine to get the correct cube maps.
Creating default HDR cubemaps for env_cubemap using skybox materials:
   skybox/sky_day01_01*.vmt
 ! Run buildcubemaps in the engine to get the correct cube maps.
Finding displacement neighbors...
Finding lightmap sample positions...
Displacement Alpha : 0...1...2...3...4...5...6...7...8...9...10
Building Physics collision data...
done (0) (46569 bytes)
Placing detail props : 0...1...2...3...4...5...6...7...8...9...10
Compacting texture/material tables...
Reduced 295 texinfos to 139
Reduced 32 texdatas to 23 (1054 bytes to 783)
Writing c:\program files (x86)\steam\steamapps\common\sourcesdk_content\hl2mp\mapsrc\test.bsp
Wrote ZIP buffer, estimated size 322717, actual size 320493
0 seconds elapsed



12 threads
reading c:\program files (x86)\steam\steamapps\common\sourcesdk_content\hl2mp\mapsrc\test.bsp
reading c:\program files (x86)\steam\steamapps\common\sourcesdk_content\hl2mp\mapsrc\test.prt
  52 portalclusters
 144 numportals
0...1...2...3...4...5...6...7...8...9...10Optimized: 63 visible clusters (2.49%)
Total clusters visible: 2535
Average clusters visible: 48
Building PAS...
Average clusters audible: 52
visdatasize:1154  compressed from 832
writing c:\program files (x86)\steam\steamapps\common\sourcesdk_content\hl2mp\mapsrc\test.bsp
0 seconds elapsed



[Reading texlights from 'lights.rad']
[45 texlights parsed from 'lights.rad']

Loading c:\program files (x86)\steam\steamapps\common\sourcesdk_content\hl2mp\mapsrc\test.bsp
893 faces
37019 square feet [5330758.00 square inches]
0 Displacements
0 Square Feet [0.00 Square Inches]
893 patches before subdivision
52011 patches after subdivision
6 direct lights
0...1...2...3...4...5...6...7...8...9...100...1...2...3...4...5...6...7...8...9...10transfers 5616431, max 610
transfer lists:  42.8 megs
0...1...2...3...4...5...6...7...8...9...10	Bounce #1 added RGB(6814, 6374, 4547)
0...1...2...3...4...5...6...7...8...9...10	Bounce #2 added RGB(6162, 5343, 3426)
Build Patch/Sample Hash Table(s).....Done<0.0134 sec>
0...1...2...3...4...5...6...7...8...9...10FinalLightFace Done
0 of 0 (0% of) surface lights went in leaf ambient cubes.
0...1...2...3...4...5...6...7...8...9...10Writing leaf ambient...done
Ready to Finish

Object names       Objects/Maxobjs  Memory / Maxmem  Fullness 
------------       ---------------  ---------------  -------- 
models                  38/1024         1824/49152    ( 3.7%) 
brushes                 91/8192         1092/98304    ( 1.1%) 
brushsides             638/65536        5104/524288   ( 1.0%) 
planes                 788/65536       15760/1310720  ( 1.2%) 
vertexes              1249/65536       14988/786432   ( 1.9%) 
nodes                  456/65536       14592/2097152  ( 0.7%) 
texinfos               139/12288       10008/884736   ( 1.1%) 
texdata                 23/2048          736/65536    ( 1.1%) 
dispinfos                0/0               0/0        ( 0.0%) 
disp_verts               0/0               0/0        ( 0.0%) 
disp_tris                0/0               0/0        ( 0.0%) 
disp_lmsamples           0/0               0/0        ( 0.0%) 
faces                  893/65536       50008/3670016  ( 1.4%) 
hdr faces                0/65536           0/3670016  ( 0.0%) 
origfaces              393/65536       22008/3670016  ( 0.6%) 
leaves                 495/65536       15840/2097152  ( 0.8%) 
leaffaces             1319/65536        2638/131072   ( 2.0%) 
leafbrushes            119/65536         238/131072   ( 0.2%) 
areas                    2/256            16/2048     ( 0.8%) 
surfedges             5659/512000      22636/2048000  ( 1.1%) 
edges                 2943/256000      11772/1024000  ( 1.1%) 
LDR worldlights          6/8192          528/720896   ( 0.1%) 
HDR worldlights          0/8192            0/720896   ( 0.0%) 
leafwaterdata            1/32768          12/393216   ( 0.0%) 
waterstrips             30/32768         300/327680   ( 0.1%) 
waterverts               0/65536           0/786432   ( 0.0%) 
waterindices           420/65536         840/131072   ( 0.6%) 
cubemapsamples           2/1024           32/16384    ( 0.2%) 
overlays                 0/512             0/180224   ( 0.0%) 
LDR lightdata         [variable]    10446764/0        ( 0.0%) 
HDR lightdata         [variable]           0/0        ( 0.0%) 
visdata               [variable]        1154/16777216 ( 0.0%) 
entdata               [variable]       37104/393216   ( 9.4%) 
LDR ambient table      495/65536        1980/262144   ( 0.8%) 
HDR ambient table      495/65536        1980/262144   ( 0.8%) 
LDR leaf ambient       702/65536       19656/1835008  ( 1.1%) 
HDR leaf ambient       495/65536       13860/1835008  ( 0.8%) 
occluders                0/0               0/0        ( 0.0%) 
occluder polygons        0/0               0/0        ( 0.0%) 
occluder vert ind        0/0               0/0        ( 0.0%) 
detail props          [variable]           1/12       ( 8.3%) 
static props          [variable]           1/216      ( 0.5%) 
pakfile               [variable]      320493/0        ( 0.0%) 
physics               [variable]       46569/4194304  ( 1.1%) 
physics terrain       [variable]           2/1048576  ( 0.0%) 

Level flags = 0

Total triangle count: 2253
Writing c:\program files (x86)\steam\steamapps\common\sourcesdk_content\hl2mp\mapsrc\test.bsp
3 seconds elapsed



materialPath: C:\Program Files (x86)\Steam\steamapps\common\Half-Life 2 Deathmatch\hl2mp\materials
Loading c:\program files (x86)\steam\steamapps\common\sourcesdk_content\hl2mp\mapsrc\test.vmf
ConVarRef mat_reduceparticles doesn't point to an existing ConVar
Could not locate 'GameData' key in c:\program files (x86)\steam\steamapps\common\half-life 2 deathmatch\hl2mp\gameinfo.txt
Patching WVT material: maps/test/dev/dev_blendmeasure_wvt_patch
fixing up env_cubemap materials on brush sides...
0...1...2...3...4...5...6...7...8...9...100...1...2...3...4...5...6...7...8...9...10Processing areas...done (0)
Building Faces...done (0)
FixTjuncs...
PruneNodes...
WriteBSP...
done (0)
writing c:\program files (x86)\steam\steamapps\common\sourcesdk_content\hl2mp\mapsrc\test.prt...Building visibility clusters...
done (0)
Creating default LDR cubemaps for env_cubemap using skybox materials:
   skybox/sky_day01_01*.vmt
 ! Run buildcubemaps in the engine to get the correct cube maps.
Creating default HDR cubemaps for env_cubemap using skybox materials:
   skybox/sky_day01_01*.vmt
 ! Run buildcubemaps in the engine to get the correct cube maps.
Finding displacement neighbors...
Finding lightmap sample positions...
Displacement Alpha : 0...1...2...3...4...5...6...7...8...9...10
Building Physics collision data...
done (0) (51873 bytes)
Placing detail props : 0...1...2...3...4...5...6...7...8...9...10
Compacting texture/material tables...
Reduced 297 texinfos to 141
Reduced 32 texdatas to 23 (1054 bytes to 783)
Writing c:\program files (x86)\steam\steamapps\common\sourcesdk_content\hl2mp\mapsrc\test.bsp
Wrote ZIP buffer, estimated size 322717, actual size 320493
0 seconds elapsed



12 threads
reading c:\program files (x86)\steam\steamapps\common\sourcesdk_content\hl2mp\mapsrc\test.bsp
reading c:\program files (x86)\steam\steamapps\common\sourcesdk_content\hl2mp\mapsrc\test.prt
  71 portalclusters
 229 numportals
0...1...2...3...4...5...6...7...8...9...10Optimized: 64 visible clusters (1.36%)
Total clusters visible: 4703
Average clusters visible: 66
Building PAS...
Average clusters audible: 71
visdatasize:1857  compressed from 2272
writing c:\program files (x86)\steam\steamapps\common\sourcesdk_content\hl2mp\mapsrc\test.bsp
0 seconds elapsed



[Reading texlights from 'lights.rad']
[45 texlights parsed from 'lights.rad']

Loading c:\program files (x86)\steam\steamapps\common\sourcesdk_content\hl2mp\mapsrc\test.bsp
951 faces
37017 square feet [5330566.00 square inches]
0 Displacements
0 Square Feet [0.00 Square Inches]
951 patches before subdivision
52385 patches after subdivision
6 direct lights
0...1...2...3...4...5...6...7...8...9...100...1...2...3...4...5...6...7...8...9...10transfers 6117238, max 641
transfer lists:  46.7 megs
0...1...2...3...4...5...6...7...8...9...10	Bounce #1 added RGB(7089, 6631, 4730)
0...1...2...3...4...5...6...7...8...9...10	Bounce #2 added RGB(6199, 5376, 3447)
Build Patch/Sample Hash Table(s).....Done<0.0133 sec>
0...1...2...3...4...5...6...7...8...9...10FinalLightFace Done
0 of 0 (0% of) surface lights went in leaf ambient cubes.
0...1...2...3...4...5...6...7...8...9...10Writing leaf ambient...done
Ready to Finish

Object names       Objects/Maxobjs  Memory / Maxmem  Fullness 
------------       ---------------  ---------------  -------- 
models                  38/1024         1824/49152    ( 3.7%) 
brushes                106/8192         1272/98304    ( 1.3%) 
brushsides             769/65536        6152/524288   ( 1.2%) 
planes                 888/65536       17760/1310720  ( 1.4%) 
vertexes              1337/65536       16044/786432   ( 2.0%) 
nodes                  490/65536       15680/2097152  ( 0.7%) 
texinfos               141/12288       10152/884736   ( 1.1%) 
texdata                 23/2048          736/65536    ( 1.1%) 
dispinfos                0/0               0/0        ( 0.0%) 
disp_verts               0/0               0/0        ( 0.0%) 
disp_tris                0/0               0/0        ( 0.0%) 
disp_lmsamples           0/0               0/0        ( 0.0%) 
faces                  951/65536       53256/3670016  ( 1.5%) 
hdr faces                0/65536           0/3670016  ( 0.0%) 
origfaces              434/65536       24304/3670016  ( 0.7%) 
leaves                 529/65536       16928/2097152  ( 0.8%) 
leaffaces             1185/65536        2370/131072   ( 1.8%) 
leafbrushes            150/65536         300/131072   ( 0.2%) 
areas                    2/256            16/2048     ( 0.8%) 
surfedges             6103/512000      24412/2048000  ( 1.2%) 
edges                 3195/256000      12780/1024000  ( 1.2%) 
LDR worldlights          6/8192          528/720896   ( 0.1%) 
HDR worldlights          0/8192            0/720896   ( 0.0%) 
leafwaterdata            1/32768          12/393216   ( 0.0%) 
waterstrips             38/32768         380/327680   ( 0.1%) 
waterverts               0/65536           0/786432   ( 0.0%) 
waterindices           531/65536        1062/131072   ( 0.8%) 
cubemapsamples           2/1024           32/16384    ( 0.2%) 
overlays                 0/512             0/180224   ( 0.0%) 
LDR lightdata         [variable]    10457828/0        ( 0.0%) 
HDR lightdata         [variable]           0/0        ( 0.0%) 
visdata               [variable]        1857/16777216 ( 0.0%) 
entdata               [variable]       37104/393216   ( 9.4%) 
LDR ambient table      529/65536        2116/262144   ( 0.8%) 
HDR ambient table      529/65536        2116/262144   ( 0.8%) 
LDR leaf ambient       764/65536       21392/1835008  ( 1.2%) 
HDR leaf ambient       529/65536       14812/1835008  ( 0.8%) 
occluders                0/0               0/0        ( 0.0%) 
occluder polygons        0/0               0/0        ( 0.0%) 
occluder vert ind        0/0               0/0        ( 0.0%) 
detail props          [variable]           1/12       ( 8.3%) 
static props          [variable]           1/216      ( 0.5%) 
pakfile               [variable]      320493/0        ( 0.0%) 
physics               [variable]       51873/4194304  ( 1.2%) 
physics terrain       [variable]           2/1048576  ( 0.0%) 

Level flags = 0

Total triangle count: 2417
Writing c:\program files (x86)\steam\steamapps\common\sourcesdk_content\hl2mp\mapsrc\test.bsp
3 seconds elapsed



materialPath: C:\Program Files (x86)\Steam\steamapps\common\Half-Life 2 Deathmatch\hl2mp\materials
Loading c:\program files (x86)\steam\steamapps\common\sourcesdk_content\hl2mp\mapsrc\test.vmf
ConVarRef mat_reduceparticles doesn't point to an existing ConVar
Could not locate 'GameData' key in c:\program files (x86)\steam\steamapps\common\half-life 2 deathmatch\hl2mp\gameinfo.txt
Patching WVT material: maps/test/dev/dev_blendmeasure_wvt_patch
fixing up env_cubemap materials on brush sides...
0...1...2...3...4...5...6...7...8...9...100...1...2...3...4...5...6...7...8...9...10Processing areas...done (0)
Building Faces...done (0)
FixTjuncs...
PruneNodes...
WriteBSP...
done (0)
writing c:\program files (x86)\steam\steamapps\common\sourcesdk_content\hl2mp\mapsrc\test.prt...Building visibility clusters...
done (0)
Creating default LDR cubemaps for env_cubemap using skybox materials:
   skybox/sky_day01_01*.vmt
 ! Run buildcubemaps in the engine to get the correct cube maps.
Creating default HDR cubemaps for env_cubemap using skybox materials:
   skybox/sky_day01_01*.vmt
 ! Run buildcubemaps in the engine to get the correct cube maps.
Finding displacement neighbors...
Finding lightmap sample positions...
Displacement Alpha : 0...1...2...3...4...5...6...7...8...9...10
Building Physics collision data...
done (0) (51873 bytes)
Placing detail props : 0...1...2...3...4...5...6...7...8...9...10
Compacting texture/material tables...
Reduced 297 texinfos to 140
Reduced 32 texdatas to 23 (1054 bytes to 783)
Writing c:\program files (x86)\steam\steamapps\common\sourcesdk_content\hl2mp\mapsrc\test.bsp
Wrote ZIP buffer, estimated size 322717, actual size 320493
0 seconds elapsed



12 threads
reading c:\program files (x86)\steam\steamapps\common\sourcesdk_content\hl2mp\mapsrc\test.bsp
reading c:\program files (x86)\steam\steamapps\common\sourcesdk_content\hl2mp\mapsrc\test.prt
  71 portalclusters
 229 numportals
0...1...2...3...4...5...6...7...8...9...10Optimized: 64 visible clusters (1.36%)
Total clusters visible: 4703
Average clusters visible: 66
Building PAS...
Average clusters audible: 71
visdatasize:1857  compressed from 2272
writing c:\program files (x86)\steam\steamapps\common\sourcesdk_content\hl2mp\mapsrc\test.bsp
0 seconds elapsed



[Reading texlights from 'lights.rad']
[45 texlights parsed from 'lights.rad']

Loading c:\program files (x86)\steam\steamapps\common\sourcesdk_content\hl2mp\mapsrc\test.bsp
939 faces
37017 square feet [5330486.00 square inches]
0 Displacements
0 Square Feet [0.00 Square Inches]
939 patches before subdivision
52373 patches after subdivision
6 direct lights
0...1...2...3...4...5...6...7...8...9...100...1...2...3...4...5...6...7...8...9...10transfers 6090794, max 629
transfer lists:  46.5 megs
0...1...2...3...4...5...6...7...8...9...10	Bounce #1 added RGB(7087, 6628, 4728)
0...1...2...3...4...5...6...7...8...9...10	Bounce #2 added RGB(6197, 5374, 3446)
Build Patch/Sample Hash Table(s).....Done<0.0133 sec>
0...1...2...3...4...5...6...7...8...9...10FinalLightFace Done
0 of 0 (0% of) surface lights went in leaf ambient cubes.
0...1...2...3...4...5...6...7...8...9...10Writing leaf ambient...done
Ready to Finish

Object names       Objects/Maxobjs  Memory / Maxmem  Fullness 
------------       ---------------  ---------------  -------- 
models                  38/1024         1824/49152    ( 3.7%) 
brushes                106/8192         1272/98304    ( 1.3%) 
brushsides             769/65536        6152/524288   ( 1.2%) 
planes                 888/65536       17760/1310720  ( 1.4%) 
vertexes              1337/65536       16044/786432   ( 2.0%) 
nodes                  490/65536       15680/2097152  ( 0.7%) 
texinfos               140/12288       10080/884736   ( 1.1%) 
texdata                 23/2048          736/65536    ( 1.1%) 
dispinfos                0/0               0/0        ( 0.0%) 
disp_verts               0/0               0/0        ( 0.0%) 
disp_tris                0/0               0/0        ( 0.0%) 
disp_lmsamples           0/0               0/0        ( 0.0%) 
faces                  939/65536       52584/3670016  ( 1.4%) 
hdr faces                0/65536           0/3670016  ( 0.0%) 
origfaces              425/65536       23800/3670016  ( 0.6%) 
leaves                 529/65536       16928/2097152  ( 0.8%) 
leaffaces             1173/65536        2346/131072   ( 1.8%) 
leafbrushes            150/65536         300/131072   ( 0.2%) 
areas                    2/256            16/2048     ( 0.8%) 
surfedges             6008/512000      24032/2048000  ( 1.2%) 
edges                 3165/256000      12660/1024000  ( 1.2%) 
LDR worldlights          6/8192          528/720896   ( 0.1%) 
HDR worldlights          0/8192            0/720896   ( 0.0%) 
leafwaterdata            1/32768          12/393216   ( 0.0%) 
waterstrips             38/32768         380/327680   ( 0.1%) 
waterverts               0/65536           0/786432   ( 0.0%) 
waterindices           531/65536        1062/131072   ( 0.8%) 
cubemapsamples           2/1024           32/16384    ( 0.2%) 
overlays                 0/512             0/180224   ( 0.0%) 
LDR lightdata         [variable]    10451460/0        ( 0.0%) 
HDR lightdata         [variable]           0/0        ( 0.0%) 
visdata               [variable]        1857/16777216 ( 0.0%) 
entdata               [variable]       37421/393216   ( 9.5%) 
LDR ambient table      529/65536        2116/262144   ( 0.8%) 
HDR ambient table      529/65536        2116/262144   ( 0.8%) 
LDR leaf ambient       764/65536       21392/1835008  ( 1.2%) 
HDR leaf ambient       529/65536       14812/1835008  ( 0.8%) 
occluders                0/0               0/0        ( 0.0%) 
occluder polygons        0/0               0/0        ( 0.0%) 
occluder vert ind        0/0               0/0        ( 0.0%) 
detail props          [variable]           1/12       ( 8.3%) 
static props          [variable]           1/216      ( 0.5%) 
pakfile               [variable]      320493/0        ( 0.0%) 
physics               [variable]       51873/4194304  ( 1.2%) 
physics terrain       [variable]           2/1048576  ( 0.0%) 

Level flags = 0

Total triangle count: 2382
Writing c:\program files (x86)\steam\steamapps\common\sourcesdk_content\hl2mp\mapsrc\test.bsp
3 seconds elapsed



materialPath: C:\Program Files (x86)\Steam\steamapps\common\Half-Life 2 Deathmatch\hl2mp\materials
Loading c:\program files (x86)\steam\steamapps\common\sourcesdk_content\hl2mp\mapsrc\test.vmf
ConVarRef mat_reduceparticles doesn't point to an existing ConVar
Could not locate 'GameData' key in c:\program files (x86)\steam\steamapps\common\half-life 2 deathmatch\hl2mp\gameinfo.txt
Patching WVT material: maps/test/dev/dev_blendmeasure_wvt_patch
fixing up env_cubemap materials on brush sides...
0...1...2...3...4...5...6...7...8...9...100...1...2...3...4...5...6...7...8...9...10Processing areas...done (0)
Building Faces...done (0)
FixTjuncs...
PruneNodes...
WriteBSP...
done (0)
writing c:\program files (x86)\steam\steamapps\common\sourcesdk_content\hl2mp\mapsrc\test.prt...Building visibility clusters...
done (0)
Creating default LDR cubemaps for env_cubemap using skybox materials:
   skybox/sky_day01_01*.vmt
 ! Run buildcubemaps in the engine to get the correct cube maps.
Creating default HDR cubemaps for env_cubemap using skybox materials:
   skybox/sky_day01_01*.vmt
 ! Run buildcubemaps in the engine to get the correct cube maps.
Finding displacement neighbors...
Finding lightmap sample positions...
Displacement Alpha : 0...1...2...3...4...5...6...7...8...9...10
Building Physics collision data...
done (0) (51873 bytes)
Placing detail props : 0...1...2...3...4...5...6...7...8...9...10
Compacting texture/material tables...
Reduced 297 texinfos to 140
Reduced 32 texdatas to 23 (1054 bytes to 783)
Writing c:\program files (x86)\steam\steamapps\common\sourcesdk_content\hl2mp\mapsrc\test.bsp
Wrote ZIP buffer, estimated size 322717, actual size 320493
0 seconds elapsed



12 threads
reading c:\program files (x86)\steam\steamapps\common\sourcesdk_content\hl2mp\mapsrc\test.bsp
reading c:\program files (x86)\steam\steamapps\common\sourcesdk_content\hl2mp\mapsrc\test.prt
  71 portalclusters
 229 numportals
0...1...2...3...4...5...6...7...8...9...10Optimized: 64 visible clusters (1.36%)
Total clusters visible: 4703
Average clusters visible: 66
Building PAS...
Average clusters audible: 71
visdatasize:1857  compressed from 2272
writing c:\program files (x86)\steam\steamapps\common\sourcesdk_content\hl2mp\mapsrc\test.bsp
0 seconds elapsed



[Reading texlights from 'lights.rad']
[45 texlights parsed from 'lights.rad']

Loading c:\program files (x86)\steam\steamapps\common\sourcesdk_content\hl2mp\mapsrc\test.bsp
939 faces
37017 square feet [5330486.00 square inches]
0 Displacements
0 Square Feet [0.00 Square Inches]
939 patches before subdivision
52373 patches after subdivision
6 direct lights
0...1...2...3...4...5...6...7...8...9...100...1...2...3...4...5...6...7...8...9...10transfers 6090794, max 629
transfer lists:  46.5 megs
0...1...2...3...4...5...6...7...8...9...10	Bounce #1 added RGB(7087, 6628, 4728)
0...1...2...3...4...5...6...7...8...9...10	Bounce #2 added RGB(6197, 5374, 3446)
Build Patch/Sample Hash Table(s).....Done<0.0134 sec>
0...1...2...3...4...5...6...7...8...9...10FinalLightFace Done
0 of 0 (0% of) surface lights went in leaf ambient cubes.
0...1...2...3...4...5...6...7...8...9...10Writing leaf ambient...done
Ready to Finish

Object names       Objects/Maxobjs  Memory / Maxmem  Fullness 
------------       ---------------  ---------------  -------- 
models                  38/1024         1824/49152    ( 3.7%) 
brushes                106/8192         1272/98304    ( 1.3%) 
brushsides             769/65536        6152/524288   ( 1.2%) 
planes                 886/65536       17720/1310720  ( 1.4%) 
vertexes              1337/65536       16044/786432   ( 2.0%) 
nodes                  490/65536       15680/2097152  ( 0.7%) 
texinfos               140/12288       10080/884736   ( 1.1%) 
texdata                 23/2048          736/65536    ( 1.1%) 
dispinfos                0/0               0/0        ( 0.0%) 
disp_verts               0/0               0/0        ( 0.0%) 
disp_tris                0/0               0/0        ( 0.0%) 
disp_lmsamples           0/0               0/0        ( 0.0%) 
faces                  939/65536       52584/3670016  ( 1.4%) 
hdr faces                0/65536           0/3670016  ( 0.0%) 
origfaces              425/65536       23800/3670016  ( 0.6%) 
leaves                 529/65536       16928/2097152  ( 0.8%) 
leaffaces             1173/65536        2346/131072   ( 1.8%) 
leafbrushes            150/65536         300/131072   ( 0.2%) 
areas                    2/256            16/2048     ( 0.8%) 
surfedges             6008/512000      24032/2048000  ( 1.2%) 
edges                 3165/256000      12660/1024000  ( 1.2%) 
LDR worldlights          6/8192          528/720896   ( 0.1%) 
HDR worldlights          0/8192            0/720896   ( 0.0%) 
leafwaterdata            1/32768          12/393216   ( 0.0%) 
waterstrips             38/32768         380/327680   ( 0.1%) 
waterverts               0/65536           0/786432   ( 0.0%) 
waterindices           531/65536        1062/131072   ( 0.8%) 
cubemapsamples           2/1024           32/16384    ( 0.2%) 
overlays                 0/512             0/180224   ( 0.0%) 
LDR lightdata         [variable]    10451460/0        ( 0.0%) 
HDR lightdata         [variable]           0/0        ( 0.0%) 
visdata               [variable]        1857/16777216 ( 0.0%) 
entdata               [variable]       37388/393216   ( 9.5%) 
LDR ambient table      529/65536        2116/262144   ( 0.8%) 
HDR ambient table      529/65536        2116/262144   ( 0.8%) 
LDR leaf ambient       764/65536       21392/1835008  ( 1.2%) 
HDR leaf ambient       529/65536       14812/1835008  ( 0.8%) 
occluders                0/0               0/0        ( 0.0%) 
occluder polygons        0/0               0/0        ( 0.0%) 
occluder vert ind        0/0               0/0        ( 0.0%) 
detail props          [variable]           1/12       ( 8.3%) 
static props          [variable]           1/216      ( 0.5%) 
pakfile               [variable]      320493/0        ( 0.0%) 
physics               [variable]       51873/4194304  ( 1.2%) 
physics terrain       [variable]           2/1048576  ( 0.0%) 

Level flags = 0

Total triangle count: 2382
Writing c:\program files (x86)\steam\steamapps\common\sourcesdk_content\hl2mp\mapsrc\test.bsp
3 seconds elapsed



materialPath: C:\Program Files (x86)\Steam\steamapps\common\Half-Life 2 Deathmatch\hl2mp\materials
Loading c:\program files (x86)\steam\steamapps\common\sourcesdk_content\hl2mp\mapsrc\test.vmf
ConVarRef mat_reduceparticles doesn't point to an existing ConVar
Could not locate 'GameData' key in c:\program files (x86)\steam\steamapps\common\half-life 2 deathmatch\hl2mp\gameinfo.txt
Patching WVT material: maps/test/dev/dev_blendmeasure_wvt_patch
fixing up env_cubemap materials on brush sides...
0...1...2...3...4...5...6...7...8...9...100...1...2...3...4...5...6...7...8...9...10Processing areas...done (0)
Building Faces...done (0)
FixTjuncs...
PruneNodes...
WriteBSP...
done (0)
writing c:\program files (x86)\steam\steamapps\common\sourcesdk_content\hl2mp\mapsrc\test.prt...Building visibility clusters...
done (0)
Creating default LDR cubemaps for env_cubemap using skybox materials:
   skybox/sky_day01_01*.vmt
 ! Run buildcubemaps in the engine to get the correct cube maps.
Creating default HDR cubemaps for env_cubemap using skybox materials:
   skybox/sky_day01_01*.vmt
 ! Run buildcubemaps in the engine to get the correct cube maps.
Finding displacement neighbors...
Finding lightmap sample positions...
Displacement Alpha : 0...1...2...3...4...5...6...7...8...9...10
Building Physics collision data...
done (0) (51873 bytes)
Placing detail props : 0...1...2...3...4...5...6...7...8...9...10
Compacting texture/material tables...
Reduced 297 texinfos to 140
Reduced 32 texdatas to 23 (1054 bytes to 783)
Writing c:\program files (x86)\steam\steamapps\common\sourcesdk_content\hl2mp\mapsrc\test.bsp
Wrote ZIP buffer, estimated size 322717, actual size 320493
0 seconds elapsed



12 threads
reading c:\program files (x86)\steam\steamapps\common\sourcesdk_content\hl2mp\mapsrc\test.bsp
reading c:\program files (x86)\steam\steamapps\common\sourcesdk_content\hl2mp\mapsrc\test.prt
  71 portalclusters
 229 numportals
0...1...2...3...4...5...6...7...8...9...10Optimized: 64 visible clusters (1.36%)
Total clusters visible: 4703
Average clusters visible: 66
Building PAS...
Average clusters audible: 71
visdatasize:1857  compressed from 2272
writing c:\program files (x86)\steam\steamapps\common\sourcesdk_content\hl2mp\mapsrc\test.bsp
0 seconds elapsed



[Reading texlights from 'lights.rad']
[45 texlights parsed from 'lights.rad']

Loading c:\program files (x86)\steam\steamapps\common\sourcesdk_content\hl2mp\mapsrc\test.bsp
939 faces
37017 square feet [5330486.00 square inches]
0 Displacements
0 Square Feet [0.00 Square Inches]
939 patches before subdivision
52373 patches after subdivision
6 direct lights
0...1...2...3...4...5...6...7...8...9...100...1...2...3...4...5...6...7...8...9...10transfers 6090794, max 629
transfer lists:  46.5 megs
0...1...2...3...4...5...6...7...8...9...10	Bounce #1 added RGB(7087, 6628, 4728)
0...1...2...3...4...5...6...7...8...9...10	Bounce #2 added RGB(6197, 5374, 3446)
Build Patch/Sample Hash Table(s).....Done<0.0109 sec>
0...1...2...3...4...5...6...7...8...9...10FinalLightFace Done
0 of 0 (0% of) surface lights went in leaf ambient cubes.
0...1...2...3...4...5...6...7...8...9...10Writing leaf ambient...done
Ready to Finish

Object names       Objects/Maxobjs  Memory / Maxmem  Fullness 
------------       ---------------  ---------------  -------- 
models                  38/1024         1824/49152    ( 3.7%) 
brushes                106/8192         1272/98304    ( 1.3%) 
brushsides             769/65536        6152/524288   ( 1.2%) 
planes                 886/65536       17720/1310720  ( 1.4%) 
vertexes              1337/65536       16044/786432   ( 2.0%) 
nodes                  490/65536       15680/2097152  ( 0.7%) 
texinfos               140/12288       10080/884736   ( 1.1%) 
texdata                 23/2048          736/65536    ( 1.1%) 
dispinfos                0/0               0/0        ( 0.0%) 
disp_verts               0/0               0/0        ( 0.0%) 
disp_tris                0/0               0/0        ( 0.0%) 
disp_lmsamples           0/0               0/0        ( 0.0%) 
faces                  939/65536       52584/3670016  ( 1.4%) 
hdr faces                0/65536           0/3670016  ( 0.0%) 
origfaces              425/65536       23800/3670016  ( 0.6%) 
leaves                 529/65536       16928/2097152  ( 0.8%) 
leaffaces             1173/65536        2346/131072   ( 1.8%) 
leafbrushes            150/65536         300/131072   ( 0.2%) 
areas                    2/256            16/2048     ( 0.8%) 
surfedges             6008/512000      24032/2048000  ( 1.2%) 
edges                 3165/256000      12660/1024000  ( 1.2%) 
LDR worldlights          6/8192          528/720896   ( 0.1%) 
HDR worldlights          0/8192            0/720896   ( 0.0%) 
leafwaterdata            1/32768          12/393216   ( 0.0%) 
waterstrips             38/32768         380/327680   ( 0.1%) 
waterverts               0/65536           0/786432   ( 0.0%) 
waterindices           531/65536        1062/131072   ( 0.8%) 
cubemapsamples           2/1024           32/16384    ( 0.2%) 
overlays                 0/512             0/180224   ( 0.0%) 
LDR lightdata         [variable]    10451460/0        ( 0.0%) 
HDR lightdata         [variable]           0/0        ( 0.0%) 
visdata               [variable]        1857/16777216 ( 0.0%) 
entdata               [variable]       37485/393216   ( 9.5%) 
LDR ambient table      529/65536        2116/262144   ( 0.8%) 
HDR ambient table      529/65536        2116/262144   ( 0.8%) 
LDR leaf ambient       764/65536       21392/1835008  ( 1.2%) 
HDR leaf ambient       529/65536       14812/1835008  ( 0.8%) 
occluders                0/0               0/0        ( 0.0%) 
occluder polygons        0/0               0/0        ( 0.0%) 
occluder vert ind        0/0               0/0        ( 0.0%) 
detail props          [variable]           1/12       ( 8.3%) 
static props          [variable]           1/216      ( 0.5%) 
pakfile               [variable]      320493/0        ( 0.0%) 
physics               [variable]       51873/4194304  ( 1.2%) 
physics terrain       [variable]           2/1048576  ( 0.0%) 

Level flags = 0

Total triangle count: 2382
Writing c:\program files (x86)\steam\steamapps\common\sourcesdk_content\hl2mp\mapsrc\test.bsp
3 seconds elapsed



materialPath: C:\Program Files (x86)\Steam\steamapps\common\Half-Life 2 Deathmatch\hl2mp\materials
Loading c:\program files (x86)\steam\steamapps\common\sourcesdk_content\hl2mp\mapsrc\test.vmf
ConVarRef mat_reduceparticles doesn't point to an existing ConVar
Could not locate 'GameData' key in c:\program files (x86)\steam\steamapps\common\half-life 2 deathmatch\hl2mp\gameinfo.txt
Patching WVT material: maps/test/dev/dev_blendmeasure_wvt_patch
fixing up env_cubemap materials on brush sides...
0...1...2...3...4...5...6...7...8...9...100...1...2...3...4...5...6...7...8...9...10Processing areas...done (0)
Building Faces...done (0)
FixTjuncs...
PruneNodes...
WriteBSP...
done (0)
writing c:\program files (x86)\steam\steamapps\common\sourcesdk_content\hl2mp\mapsrc\test.prt...Building visibility clusters...
done (0)
Creating default LDR cubemaps for env_cubemap using skybox materials:
   skybox/sky_day01_01*.vmt
 ! Run buildcubemaps in the engine to get the correct cube maps.
Creating default HDR cubemaps for env_cubemap using skybox materials:
   skybox/sky_day01_01*.vmt
 ! Run buildcubemaps in the engine to get the correct cube maps.
Finding displacement neighbors...
Finding lightmap sample positions...
Displacement Alpha : 0...1...2...3...4...5...6...7...8...9...10
Building Physics collision data...
done (0) (51873 bytes)
Placing detail props : 0...1...2...3...4...5...6...7...8...9...10
Compacting texture/material tables...
Reduced 297 texinfos to 140
Reduced 32 texdatas to 23 (1054 bytes to 783)
Writing c:\program files (x86)\steam\steamapps\common\sourcesdk_content\hl2mp\mapsrc\test.bsp
Wrote ZIP buffer, estimated size 322717, actual size 320493
0 seconds elapsed



12 threads
reading c:\program files (x86)\steam\steamapps\common\sourcesdk_content\hl2mp\mapsrc\test.bsp
reading c:\program files (x86)\steam\steamapps\common\sourcesdk_content\hl2mp\mapsrc\test.prt
  71 portalclusters
 229 numportals
0...1...2...3...4...5...6...7...8...9...10Optimized: 64 visible clusters (1.36%)
Total clusters visible: 4703
Average clusters visible: 66
Building PAS...
Average clusters audible: 71
visdatasize:1857  compressed from 2272
writing c:\program files (x86)\steam\steamapps\common\sourcesdk_content\hl2mp\mapsrc\test.bsp
0 seconds elapsed



[Reading texlights from 'lights.rad']
[45 texlights parsed from 'lights.rad']

Loading c:\program files (x86)\steam\steamapps\common\sourcesdk_content\hl2mp\mapsrc\test.bsp
939 faces
37017 square feet [5330486.00 square inches]
0 Displacements
0 Square Feet [0.00 Square Inches]
939 patches before subdivision
52373 patches after subdivision
6 direct lights
0...1...2...3...4...5...6...7...8...9...100...1...2...3...4...5...6...7...8...9...10transfers 6090794, max 629
transfer lists:  46.5 megs
0...1...2...3...4...5...6...7...8...9...10	Bounce #1 added RGB(7087, 6628, 4728)
0...1...2...3...4...5...6...7...8...9...10	Bounce #2 added RGB(6197, 5374, 3446)
Build Patch/Sample Hash Table(s).....Done<0.0112 sec>
0...1...2...3...4...5...6...7...8...9...10FinalLightFace Done
0 of 0 (0% of) surface lights went in leaf ambient cubes.
0...1...2...3...4...5...6...7...8...9...10Writing leaf ambient...done
Ready to Finish

Object names       Objects/Maxobjs  Memory / Maxmem  Fullness 
------------       ---------------  ---------------  -------- 
models                  38/1024         1824/49152    ( 3.7%) 
brushes                106/8192         1272/98304    ( 1.3%) 
brushsides             769/65536        6152/524288   ( 1.2%) 
planes                 886/65536       17720/1310720  ( 1.4%) 
vertexes              1337/65536       16044/786432   ( 2.0%) 
nodes                  490/65536       15680/2097152  ( 0.7%) 
texinfos               140/12288       10080/884736   ( 1.1%) 
texdata                 23/2048          736/65536    ( 1.1%) 
dispinfos                0/0               0/0        ( 0.0%) 
disp_verts               0/0               0/0        ( 0.0%) 
disp_tris                0/0               0/0        ( 0.0%) 
disp_lmsamples           0/0               0/0        ( 0.0%) 
faces                  939/65536       52584/3670016  ( 1.4%) 
hdr faces                0/65536           0/3670016  ( 0.0%) 
origfaces              425/65536       23800/3670016  ( 0.6%) 
leaves                 529/65536       16928/2097152  ( 0.8%) 
leaffaces             1173/65536        2346/131072   ( 1.8%) 
leafbrushes            150/65536         300/131072   ( 0.2%) 
areas                    2/256            16/2048     ( 0.8%) 
surfedges             6008/512000      24032/2048000  ( 1.2%) 
edges                 3165/256000      12660/1024000  ( 1.2%) 
LDR worldlights          6/8192          528/720896   ( 0.1%) 
HDR worldlights          0/8192            0/720896   ( 0.0%) 
leafwaterdata            1/32768          12/393216   ( 0.0%) 
waterstrips             38/32768         380/327680   ( 0.1%) 
waterverts               0/65536           0/786432   ( 0.0%) 
waterindices           531/65536        1062/131072   ( 0.8%) 
cubemapsamples           2/1024           32/16384    ( 0.2%) 
overlays                 0/512             0/180224   ( 0.0%) 
LDR lightdata         [variable]    10451460/0        ( 0.0%) 
HDR lightdata         [variable]           0/0        ( 0.0%) 
visdata               [variable]        1857/16777216 ( 0.0%) 
entdata               [variable]       37501/393216   ( 9.5%) 
LDR ambient table      529/65536        2116/262144   ( 0.8%) 
HDR ambient table      529/65536        2116/262144   ( 0.8%) 
LDR leaf ambient       764/65536       21392/1835008  ( 1.2%) 
HDR leaf ambient       529/65536       14812/1835008  ( 0.8%) 
occluders                0/0               0/0        ( 0.0%) 
occluder polygons        0/0               0/0        ( 0.0%) 
occluder vert ind        0/0               0/0        ( 0.0%) 
detail props          [variable]           1/12       ( 8.3%) 
static props          [variable]           1/216      ( 0.5%) 
pakfile               [variable]      320493/0        ( 0.0%) 
physics               [variable]       51873/4194304  ( 1.2%) 
physics terrain       [variable]           2/1048576  ( 0.0%) 

Level flags = 0

Total triangle count: 2382
Writing c:\program files (x86)\steam\steamapps\common\sourcesdk_content\hl2mp\mapsrc\test.bsp
3 seconds elapsed



materialPath: C:\Program Files (x86)\Steam\steamapps\common\Half-Life 2 Deathmatch\hl2mp\materials
Loading c:\program files (x86)\steam\steamapps\common\sourcesdk_content\hl2mp\mapsrc\test.vmf
ConVarRef mat_reduceparticles doesn't point to an existing ConVar
Could not locate 'GameData' key in c:\program files (x86)\steam\steamapps\common\half-life 2 deathmatch\hl2mp\gameinfo.txt
Patching WVT material: maps/test/dev/dev_blendmeasure_wvt_patch
fixing up env_cubemap materials on brush sides...
0...1...2...3...4...5...6...7...8...9...100...1...2...3...4...5...6...7...8...9...10Processing areas...done (0)
Building Faces...done (0)
FixTjuncs...
PruneNodes...
WriteBSP...
done (0)
writing c:\program files (x86)\steam\steamapps\common\sourcesdk_content\hl2mp\mapsrc\test.prt...Building visibility clusters...
done (0)
Creating default LDR cubemaps for env_cubemap using skybox materials:
   skybox/sky_day01_01*.vmt
 ! Run buildcubemaps in the engine to get the correct cube maps.
Creating default HDR cubemaps for env_cubemap using skybox materials:
   skybox/sky_day01_01*.vmt
 ! Run buildcubemaps in the engine to get the correct cube maps.
Finding displacement neighbors...
Finding lightmap sample positions...
Displacement Alpha : 0...1...2...3...4...5...6...7...8...9...10
Building Physics collision data...
done (0) (51873 bytes)
Placing detail props : 0...1...2...3...4...5...6...7...8...9...10
Compacting texture/material tables...
Reduced 297 texinfos to 140
Reduced 32 texdatas to 23 (1054 bytes to 783)
Writing c:\program files (x86)\steam\steamapps\common\sourcesdk_content\hl2mp\mapsrc\test.bsp
Wrote ZIP buffer, estimated size 322717, actual size 320493
0 seconds elapsed



12 threads
reading c:\program files (x86)\steam\steamapps\common\sourcesdk_content\hl2mp\mapsrc\test.bsp
reading c:\program files (x86)\steam\steamapps\common\sourcesdk_content\hl2mp\mapsrc\test.prt
  71 portalclusters
 229 numportals
0...1...2...3...4...5...6...7...8...9...10Optimized: 64 visible clusters (1.36%)
Total clusters visible: 4703
Average clusters visible: 66
Building PAS...
Average clusters audible: 71
visdatasize:1857  compressed from 2272
writing c:\program files (x86)\steam\steamapps\common\sourcesdk_content\hl2mp\mapsrc\test.bsp
0 seconds elapsed



[Reading texlights from 'lights.rad']
[45 texlights parsed from 'lights.rad']

Loading c:\program files (x86)\steam\steamapps\common\sourcesdk_content\hl2mp\mapsrc\test.bsp
939 faces
37017 square feet [5330486.00 square inches]
0 Displacements
0 Square Feet [0.00 Square Inches]
939 patches before subdivision
52373 patches after subdivision
6 direct lights
0...1...2...3...4...5...6...7...8...9...100...1...2...3...4...5...6...7...8...9...10transfers 6090794, max 629
transfer lists:  46.5 megs
0...1...2...3...4...5...6...7...8...9...10	Bounce #1 added RGB(7087, 6628, 4728)
0...1...2...3...4...5...6...7...8...9...10	Bounce #2 added RGB(6197, 5374, 3446)
Build Patch/Sample Hash Table(s).....Done<0.0126 sec>
0...1...2...3...4...5...6...7...8...9...10FinalLightFace Done
0 of 0 (0% of) surface lights went in leaf ambient cubes.
0...1...2...3...4...5...6...7...8...9...10Writing leaf ambient...done
Ready to Finish

Object names       Objects/Maxobjs  Memory / Maxmem  Fullness 
------------       ---------------  ---------------  -------- 
models                  38/1024         1824/49152    ( 3.7%) 
brushes                106/8192         1272/98304    ( 1.3%) 
brushsides             769/65536        6152/524288   ( 1.2%) 
planes                 886/65536       17720/1310720  ( 1.4%) 
vertexes              1337/65536       16044/786432   ( 2.0%) 
nodes                  490/65536       15680/2097152  ( 0.7%) 
texinfos               140/12288       10080/884736   ( 1.1%) 
texdata                 23/2048          736/65536    ( 1.1%) 
dispinfos                0/0               0/0        ( 0.0%) 
disp_verts               0/0               0/0        ( 0.0%) 
disp_tris                0/0               0/0        ( 0.0%) 
disp_lmsamples           0/0               0/0        ( 0.0%) 
faces                  939/65536       52584/3670016  ( 1.4%) 
hdr faces                0/65536           0/3670016  ( 0.0%) 
origfaces              425/65536       23800/3670016  ( 0.6%) 
leaves                 529/65536       16928/2097152  ( 0.8%) 
leaffaces             1173/65536        2346/131072   ( 1.8%) 
leafbrushes            150/65536         300/131072   ( 0.2%) 
areas                    2/256            16/2048     ( 0.8%) 
surfedges             6008/512000      24032/2048000  ( 1.2%) 
edges                 3165/256000      12660/1024000  ( 1.2%) 
LDR worldlights          6/8192          528/720896   ( 0.1%) 
HDR worldlights          0/8192            0/720896   ( 0.0%) 
leafwaterdata            1/32768          12/393216   ( 0.0%) 
waterstrips             38/32768         380/327680   ( 0.1%) 
waterverts               0/65536           0/786432   ( 0.0%) 
waterindices           531/65536        1062/131072   ( 0.8%) 
cubemapsamples           2/1024           32/16384    ( 0.2%) 
overlays                 0/512             0/180224   ( 0.0%) 
LDR lightdata         [variable]    10451460/0        ( 0.0%) 
HDR lightdata         [variable]           0/0        ( 0.0%) 
visdata               [variable]        1857/16777216 ( 0.0%) 
entdata               [variable]       37549/393216   ( 9.5%) 
LDR ambient table      529/65536        2116/262144   ( 0.8%) 
HDR ambient table      529/65536        2116/262144   ( 0.8%) 
LDR leaf ambient       764/65536       21392/1835008  ( 1.2%) 
HDR leaf ambient       529/65536       14812/1835008  ( 0.8%) 
occluders                0/0               0/0        ( 0.0%) 
occluder polygons        0/0               0/0        ( 0.0%) 
occluder vert ind        0/0               0/0        ( 0.0%) 
detail props          [variable]           1/12       ( 8.3%) 
static props          [variable]           1/216      ( 0.5%) 
pakfile               [variable]      320493/0        ( 0.0%) 
physics               [variable]       51873/4194304  ( 1.2%) 
physics terrain       [variable]           2/1048576  ( 0.0%) 

Level flags = 0

Total triangle count: 2382
Writing c:\program files (x86)\steam\steamapps\common\sourcesdk_content\hl2mp\mapsrc\test.bsp
3 seconds elapsed



materialPath: C:\Program Files (x86)\Steam\steamapps\common\Half-Life 2 Deathmatch\hl2mp\materials
Loading c:\program files (x86)\steam\steamapps\common\sourcesdk_content\hl2mp\mapsrc\test.vmf
ConVarRef mat_reduceparticles doesn't point to an existing ConVar
Could not locate 'GameData' key in c:\program files (x86)\steam\steamapps\common\half-life 2 deathmatch\hl2mp\gameinfo.txt
Patching WVT material: maps/test/dev/dev_blendmeasure_wvt_patch
fixing up env_cubemap materials on brush sides...
0...1...2...3...4...5...6...7...8...9...100...1...2...3...4...5...6...7...8...9...10Processing areas...done (0)
Building Faces...done (0)
FixTjuncs...
PruneNodes...
WriteBSP...
done (0)
writing c:\program files (x86)\steam\steamapps\common\sourcesdk_content\hl2mp\mapsrc\test.prt...Building visibility clusters...
done (0)
Creating default LDR cubemaps for env_cubemap using skybox materials:
   skybox/sky_day01_01*.vmt
 ! Run buildcubemaps in the engine to get the correct cube maps.
Creating default HDR cubemaps for env_cubemap using skybox materials:
   skybox/sky_day01_01*.vmt
 ! Run buildcubemaps in the engine to get the correct cube maps.
Finding displacement neighbors...
Finding lightmap sample positions...
Displacement Alpha : 0...1...2...3...4...5...6...7...8...9...10
Building Physics collision data...
done (0) (51873 bytes)
Placing detail props : 0...1...2...3...4...5...6...7...8...9...10
Compacting texture/material tables...
Reduced 297 texinfos to 140
Reduced 32 texdatas to 23 (1054 bytes to 783)
Writing c:\program files (x86)\steam\steamapps\common\sourcesdk_content\hl2mp\mapsrc\test.bsp
Wrote ZIP buffer, estimated size 322717, actual size 320493
0 seconds elapsed



12 threads
reading c:\program files (x86)\steam\steamapps\common\sourcesdk_content\hl2mp\mapsrc\test.bsp
reading c:\program files (x86)\steam\steamapps\common\sourcesdk_content\hl2mp\mapsrc\test.prt
  71 portalclusters
 229 numportals
0...1...2...3...4...5...6...7...8...9...10Optimized: 64 visible clusters (1.36%)
Total clusters visible: 4703
Average clusters visible: 66
Building PAS...
Average clusters audible: 71
visdatasize:1857  compressed from 2272
writing c:\program files (x86)\steam\steamapps\common\sourcesdk_content\hl2mp\mapsrc\test.bsp
0 seconds elapsed



[Reading texlights from 'lights.rad']
[45 texlights parsed from 'lights.rad']

Loading c:\program files (x86)\steam\steamapps\common\sourcesdk_content\hl2mp\mapsrc\test.bsp
939 faces
37017 square feet [5330486.00 square inches]
0 Displacements
0 Square Feet [0.00 Square Inches]
939 patches before subdivision
52373 patches after subdivision
6 direct lights
0...1...2...3...4...5...6...7...8...9...100...1...2...3...4...5...6...7...8...9...10transfers 6090794, max 629
transfer lists:  46.5 megs
0...1...2...3...4...5...6...7...8...9...10	Bounce #1 added RGB(7087, 6628, 4728)
0...1...2...3...4...5...6...7...8...9...10	Bounce #2 added RGB(6197, 5374, 3446)
Build Patch/Sample Hash Table(s).....Done<0.0134 sec>
0...1...2...3...4...5...6...7...8...9...10FinalLightFace Done
0 of 0 (0% of) surface lights went in leaf ambient cubes.
0...1...2...3...4...5...6...7...8...9...10Writing leaf ambient...done
Ready to Finish

Object names       Objects/Maxobjs  Memory / Maxmem  Fullness 
------------       ---------------  ---------------  -------- 
models                  38/1024         1824/49152    ( 3.7%) 
brushes                106/8192         1272/98304    ( 1.3%) 
brushsides             769/65536        6152/524288   ( 1.2%) 
planes                 886/65536       17720/1310720  ( 1.4%) 
vertexes              1337/65536       16044/786432   ( 2.0%) 
nodes                  490/65536       15680/2097152  ( 0.7%) 
texinfos               140/12288       10080/884736   ( 1.1%) 
texdata                 23/2048          736/65536    ( 1.1%) 
dispinfos                0/0               0/0        ( 0.0%) 
disp_verts               0/0               0/0        ( 0.0%) 
disp_tris                0/0               0/0        ( 0.0%) 
disp_lmsamples           0/0               0/0        ( 0.0%) 
faces                  939/65536       52584/3670016  ( 1.4%) 
hdr faces                0/65536           0/3670016  ( 0.0%) 
origfaces              425/65536       23800/3670016  ( 0.6%) 
leaves                 529/65536       16928/2097152  ( 0.8%) 
leaffaces             1173/65536        2346/131072   ( 1.8%) 
leafbrushes            150/65536         300/131072   ( 0.2%) 
areas                    2/256            16/2048     ( 0.8%) 
surfedges             6008/512000      24032/2048000  ( 1.2%) 
edges                 3165/256000      12660/1024000  ( 1.2%) 
LDR worldlights          6/8192          528/720896   ( 0.1%) 
HDR worldlights          0/8192            0/720896   ( 0.0%) 
leafwaterdata            1/32768          12/393216   ( 0.0%) 
waterstrips             38/32768         380/327680   ( 0.1%) 
waterverts               0/65536           0/786432   ( 0.0%) 
waterindices           531/65536        1062/131072   ( 0.8%) 
cubemapsamples           2/1024           32/16384    ( 0.2%) 
overlays                 0/512             0/180224   ( 0.0%) 
LDR lightdata         [variable]    10451460/0        ( 0.0%) 
HDR lightdata         [variable]           0/0        ( 0.0%) 
visdata               [variable]        1857/16777216 ( 0.0%) 
entdata               [variable]       37501/393216   ( 9.5%) 
LDR ambient table      529/65536        2116/262144   ( 0.8%) 
HDR ambient table      529/65536        2116/262144   ( 0.8%) 
LDR leaf ambient       764/65536       21392/1835008  ( 1.2%) 
HDR leaf ambient       529/65536       14812/1835008  ( 0.8%) 
occluders                0/0               0/0        ( 0.0%) 
occluder polygons        0/0               0/0        ( 0.0%) 
occluder vert ind        0/0               0/0        ( 0.0%) 
detail props          [variable]           1/12       ( 8.3%) 
static props          [variable]           1/216      ( 0.5%) 
pakfile               [variable]      320493/0        ( 0.0%) 
physics               [variable]       51873/4194304  ( 1.2%) 
physics terrain       [variable]           2/1048576  ( 0.0%) 

Level flags = 0

Total triangle count: 2382
Writing c:\program files (x86)\steam\steamapps\common\sourcesdk_content\hl2mp\mapsrc\test.bsp
3 seconds elapsed



materialPath: C:\Program Files (x86)\Steam\steamapps\common\Half-Life 2 Deathmatch\hl2mp\materials
Loading c:\program files (x86)\steam\steamapps\common\sourcesdk_content\hl2mp\mapsrc\test.vmf
ConVarRef mat_reduceparticles doesn't point to an existing ConVar
Could not locate 'GameData' key in c:\program files (x86)\steam\steamapps\common\half-life 2 deathmatch\hl2mp\gameinfo.txt
Patching WVT material: maps/test/dev/dev_blendmeasure_wvt_patch
fixing up env_cubemap materials on brush sides...
0...1...2...3...4...5...6...7...8...9...100...1...2...3...4...5...6...7...8...9...10Processing areas...done (0)
Building Faces...done (0)
FixTjuncs...
PruneNodes...
WriteBSP...
done (0)
writing c:\program files (x86)\steam\steamapps\common\sourcesdk_content\hl2mp\mapsrc\test.prt...Building visibility clusters...
done (0)
Creating default LDR cubemaps for env_cubemap using skybox materials:
   skybox/sky_day01_01*.vmt
 ! Run buildcubemaps in the engine to get the correct cube maps.
Creating default HDR cubemaps for env_cubemap using skybox materials:
   skybox/sky_day01_01*.vmt
 ! Run buildcubemaps in the engine to get the correct cube maps.
Finding displacement neighbors...
Finding lightmap sample positions...
Displacement Alpha : 0...1...2...3...4...5...6...7...8...9...10
Building Physics collision data...
done (0) (51873 bytes)
Placing detail props : 0...1...2...3...4...5...6...7...8...9...10
Compacting texture/material tables...
Reduced 297 texinfos to 140
Reduced 32 texdatas to 23 (1054 bytes to 783)
Writing c:\program files (x86)\steam\steamapps\common\sourcesdk_content\hl2mp\mapsrc\test.bsp
Wrote ZIP buffer, estimated size 322717, actual size 320493
0 seconds elapsed



12 threads
reading c:\program files (x86)\steam\steamapps\common\sourcesdk_content\hl2mp\mapsrc\test.bsp
reading c:\program files (x86)\steam\steamapps\common\sourcesdk_content\hl2mp\mapsrc\test.prt
  71 portalclusters
 229 numportals
0...1...2...3...4...5...6...7...8...9...10Optimized: 64 visible clusters (1.36%)
Total clusters visible: 4703
Average clusters visible: 66
Building PAS...
Average clusters audible: 71
visdatasize:1857  compressed from 2272
writing c:\program files (x86)\steam\steamapps\common\sourcesdk_content\hl2mp\mapsrc\test.bsp
0 seconds elapsed



[Reading texlights from 'lights.rad']
[45 texlights parsed from 'lights.rad']

Loading c:\program files (x86)\steam\steamapps\common\sourcesdk_content\hl2mp\mapsrc\test.bsp
939 faces
37017 square feet [5330486.00 square inches]
0 Displacements
0 Square Feet [0.00 Square Inches]
939 patches before subdivision
52373 patches after subdivision
6 direct lights
0...1...2...3...4...5...6...7...8...9...100...1...2...3...4...5...6...7...8...9...10transfers 6090794, max 629
transfer lists:  46.5 megs
0...1...2...3...4...5...6...7...8...9...10	Bounce #1 added RGB(7087, 6628, 4728)
0...1...2...3...4...5...6...7...8...9...10	Bounce #2 added RGB(6197, 5374, 3446)
Build Patch/Sample Hash Table(s).....Done<0.0110 sec>
0...1...2...3...4...5...6...7...8...9...10FinalLightFace Done
0 of 0 (0% of) surface lights went in leaf ambient cubes.
0...1...2...3...4...5...6...7...8...9...10Writing leaf ambient...done
Ready to Finish

Object names       Objects/Maxobjs  Memory / Maxmem  Fullness 
------------       ---------------  ---------------  -------- 
models                  38/1024         1824/49152    ( 3.7%) 
brushes                106/8192         1272/98304    ( 1.3%) 
brushsides             769/65536        6152/524288   ( 1.2%) 
planes                 886/65536       17720/1310720  ( 1.4%) 
vertexes              1337/65536       16044/786432   ( 2.0%) 
nodes                  490/65536       15680/2097152  ( 0.7%) 
texinfos               140/12288       10080/884736   ( 1.1%) 
texdata                 23/2048          736/65536    ( 1.1%) 
dispinfos                0/0               0/0        ( 0.0%) 
disp_verts               0/0               0/0        ( 0.0%) 
disp_tris                0/0               0/0        ( 0.0%) 
disp_lmsamples           0/0               0/0        ( 0.0%) 
faces                  939/65536       52584/3670016  ( 1.4%) 
hdr faces                0/65536           0/3670016  ( 0.0%) 
origfaces              425/65536       23800/3670016  ( 0.6%) 
leaves                 529/65536       16928/2097152  ( 0.8%) 
leaffaces             1173/65536        2346/131072   ( 1.8%) 
leafbrushes            150/65536         300/131072   ( 0.2%) 
areas                    2/256            16/2048     ( 0.8%) 
surfedges             6008/512000      24032/2048000  ( 1.2%) 
edges                 3165/256000      12660/1024000  ( 1.2%) 
LDR worldlights          6/8192          528/720896   ( 0.1%) 
HDR worldlights          0/8192            0/720896   ( 0.0%) 
leafwaterdata            1/32768          12/393216   ( 0.0%) 
waterstrips             38/32768         380/327680   ( 0.1%) 
waterverts               0/65536           0/786432   ( 0.0%) 
waterindices           531/65536        1062/131072   ( 0.8%) 
cubemapsamples           2/1024           32/16384    ( 0.2%) 
overlays                 0/512             0/180224   ( 0.0%) 
LDR lightdata         [variable]    10451460/0        ( 0.0%) 
HDR lightdata         [variable]           0/0        ( 0.0%) 
visdata               [variable]        1857/16777216 ( 0.0%) 
entdata               [variable]       37579/393216   ( 9.6%) 
LDR ambient table      529/65536        2116/262144   ( 0.8%) 
HDR ambient table      529/65536        2116/262144   ( 0.8%) 
LDR leaf ambient       764/65536       21392/1835008  ( 1.2%) 
HDR leaf ambient       529/65536       14812/1835008  ( 0.8%) 
occluders                0/0               0/0        ( 0.0%) 
occluder polygons        0/0               0/0        ( 0.0%) 
occluder vert ind        0/0               0/0        ( 0.0%) 
detail props          [variable]           1/12       ( 8.3%) 
static props          [variable]           1/216      ( 0.5%) 
pakfile               [variable]      320493/0        ( 0.0%) 
physics               [variable]       51873/4194304  ( 1.2%) 
physics terrain       [variable]           2/1048576  ( 0.0%) 

Level flags = 0

Total triangle count: 2382
Writing c:\program files (x86)\steam\steamapps\common\sourcesdk_content\hl2mp\mapsrc\test.bsp
3 seconds elapsed



materialPath: C:\Program Files (x86)\Steam\steamapps\common\Half-Life 2 Deathmatch\hl2mp\materials
Loading c:\program files (x86)\steam\steamapps\common\sourcesdk_content\hl2mp\mapsrc\test.vmf
ConVarRef mat_reduceparticles doesn't point to an existing ConVar
Could not locate 'GameData' key in c:\program files (x86)\steam\steamapps\common\half-life 2 deathmatch\hl2mp\gameinfo.txt
Patching WVT material: maps/test/dev/dev_blendmeasure_wvt_patch
fixing up env_cubemap materials on brush sides...
0...1...2...3...4...5...6...7...8...9...100...1...2...3...4...5...6...7...8...9...10Processing areas...done (0)
Building Faces...done (0)
Chop Details...done (0)
Find Visible Detail Sides...done (0)
Merging details...done (0)
FixTjuncs...
PruneNodes...
WriteBSP...
done (0)
writing c:\program files (x86)\steam\steamapps\common\sourcesdk_content\hl2mp\mapsrc\test.prt...Building visibility clusters...
done (0)
Creating default LDR cubemaps for env_cubemap using skybox materials:
   skybox/sky_day01_01*.vmt
 ! Run buildcubemaps in the engine to get the correct cube maps.
Creating default HDR cubemaps for env_cubemap using skybox materials:
   skybox/sky_day01_01*.vmt
 ! Run buildcubemaps in the engine to get the correct cube maps.
Finding displacement neighbors...
Finding lightmap sample positions...
Displacement Alpha : 0...1...2...3...4...5...6...7...8...9...10
Building Physics collision data...
done (0) (52261 bytes)
Placing detail props : 0...1...2...3...4...5...6...7...8...9...10
Compacting texture/material tables...
Reduced 306 texinfos to 143
Reduced 34 texdatas to 25 (1106 bytes to 835)
Writing c:\program files (x86)\steam\steamapps\common\sourcesdk_content\hl2mp\mapsrc\test.bsp
Wrote ZIP buffer, estimated size 322717, actual size 320493
0 seconds elapsed



12 threads
reading c:\program files (x86)\steam\steamapps\common\sourcesdk_content\hl2mp\mapsrc\test.bsp
reading c:\program files (x86)\steam\steamapps\common\sourcesdk_content\hl2mp\mapsrc\test.prt
  71 portalclusters
 229 numportals
0...1...2...3...4...5...6...7...8...9...10Optimized: 64 visible clusters (1.36%)
Total clusters visible: 4703
Average clusters visible: 66
Building PAS...
Average clusters audible: 71
visdatasize:1857  compressed from 2272
writing c:\program files (x86)\steam\steamapps\common\sourcesdk_content\hl2mp\mapsrc\test.bsp
0 seconds elapsed



[Reading texlights from 'lights.rad']
[45 texlights parsed from 'lights.rad']

Loading c:\program files (x86)\steam\steamapps\common\sourcesdk_content\hl2mp\mapsrc\test.bsp
937 faces
37007 square feet [5329028.00 square inches]
0 Displacements
0 Square Feet [0.00 Square Inches]
937 patches before subdivision
52349 patches after subdivision
6 direct lights
0...1...2...3...4...5...6...7...8...9...100...1...2...3...4...5...6...7...8...9...10transfers 6062882, max 627
transfer lists:  46.3 megs
0...1...2...3...4...5...6...7...8...9...10	Bounce #1 added RGB(7042, 6586, 4697)
0...1...2...3...4...5...6...7...8...9...10	Bounce #2 added RGB(6161, 5341, 3424)
Build Patch/Sample Hash Table(s).....Done<0.0134 sec>
0...1...2...3...4...5...6...7...8...9...10FinalLightFace Done
0 of 0 (0% of) surface lights went in leaf ambient cubes.
0...1...2...3...4...5...6...7...8...9...10Writing leaf ambient...done
Ready to Finish

Object names       Objects/Maxobjs  Memory / Maxmem  Fullness 
------------       ---------------  ---------------  -------- 
models                  38/1024         1824/49152    ( 3.7%) 
brushes                107/8192         1284/98304    ( 1.3%) 
brushsides             775/65536        6200/524288   ( 1.2%) 
planes                 904/65536       18080/1310720  ( 1.4%) 
vertexes              1345/65536       16140/786432   ( 2.1%) 
nodes                  490/65536       15680/2097152  ( 0.7%) 
texinfos               143/12288       10296/884736   ( 1.2%) 
texdata                 25/2048          800/65536    ( 1.2%) 
dispinfos                0/0               0/0        ( 0.0%) 
disp_verts               0/0               0/0        ( 0.0%) 
disp_tris                0/0               0/0        ( 0.0%) 
disp_lmsamples           0/0               0/0        ( 0.0%) 
faces                  937/65536       52472/3670016  ( 1.4%) 
hdr faces                0/65536           0/3670016  ( 0.0%) 
origfaces              423/65536       23688/3670016  ( 0.6%) 
leaves                 529/65536       16928/2097152  ( 0.8%) 
leaffaces             1171/65536        2342/131072   ( 1.8%) 
leafbrushes            151/65536         302/131072   ( 0.2%) 
areas                    2/256            16/2048     ( 0.8%) 
surfedges             5992/512000      23968/2048000  ( 1.2%) 
edges                 3163/256000      12652/1024000  ( 1.2%) 
LDR worldlights          6/8192          528/720896   ( 0.1%) 
HDR worldlights          0/8192            0/720896   ( 0.0%) 
leafwaterdata            1/32768          12/393216   ( 0.0%) 
waterstrips             38/32768         380/327680   ( 0.1%) 
waterverts               0/65536           0/786432   ( 0.0%) 
waterindices           531/65536        1062/131072   ( 0.8%) 
cubemapsamples           2/1024           32/16384    ( 0.2%) 
overlays                 0/512             0/180224   ( 0.0%) 
LDR lightdata         [variable]    10451156/0        ( 0.0%) 
HDR lightdata         [variable]           0/0        ( 0.0%) 
visdata               [variable]        1857/16777216 ( 0.0%) 
entdata               [variable]       37981/393216   ( 9.7%) 
LDR ambient table      529/65536        2116/262144   ( 0.8%) 
HDR ambient table      529/65536        2116/262144   ( 0.8%) 
LDR leaf ambient       776/65536       21728/1835008  ( 1.2%) 
HDR leaf ambient       529/65536       14812/1835008  ( 0.8%) 
occluders                0/0               0/0        ( 0.0%) 
occluder polygons        0/0               0/0        ( 0.0%) 
occluder vert ind        0/0               0/0        ( 0.0%) 
detail props          [variable]           1/12       ( 8.3%) 
static props          [variable]           1/622      ( 0.2%) 
pakfile               [variable]      320493/0        ( 0.0%) 
physics               [variable]       52261/4194304  ( 1.2%) 
physics terrain       [variable]           2/1048576  ( 0.0%) 

Level flags = 0

Total triangle count: 2378
Writing c:\program files (x86)\steam\steamapps\common\sourcesdk_content\hl2mp\mapsrc\test.bsp
3 seconds elapsed



materialPath: C:\Program Files (x86)\Steam\steamapps\common\Half-Life 2 Deathmatch\hl2mp\materials
Loading c:\program files (x86)\steam\steamapps\common\sourcesdk_content\hl2mp\mapsrc\test.vmf
ConVarRef mat_reduceparticles doesn't point to an existing ConVar
Could not locate 'GameData' key in c:\program files (x86)\steam\steamapps\common\half-life 2 deathmatch\hl2mp\gameinfo.txt
Patching WVT material: maps/test/dev/dev_blendmeasure_wvt_patch
fixing up env_cubemap materials on brush sides...
0...1...2...3...4...5...6...7...8...9...100...1...2...3...4...5...6...7...8...9...10Processing areas...done (0)
Building Faces...done (0)
Chop Details...done (0)
Find Visible Detail Sides...done (0)
Merging details...done (0)
FixTjuncs...
PruneNodes...
WriteBSP...
done (0)
writing c:\program files (x86)\steam\steamapps\common\sourcesdk_content\hl2mp\mapsrc\test.prt...Building visibility clusters...
done (0)
Creating default LDR cubemaps for env_cubemap using skybox materials:
   skybox/sky_day01_01*.vmt
 ! Run buildcubemaps in the engine to get the correct cube maps.
Creating default HDR cubemaps for env_cubemap using skybox materials:
   skybox/sky_day01_01*.vmt
 ! Run buildcubemaps in the engine to get the correct cube maps.
Finding displacement neighbors...
Finding lightmap sample positions...
Displacement Alpha : 0...1...2...3...4...5...6...7...8...9...10
Building Physics collision data...
done (0) (52261 bytes)
Placing detail props : 0...1...2...3...4...5...6...7...8...9...10
Compacting texture/material tables...
Reduced 306 texinfos to 143
Reduced 34 texdatas to 25 (1106 bytes to 835)
Writing c:\program files (x86)\steam\steamapps\common\sourcesdk_content\hl2mp\mapsrc\test.bsp
Wrote ZIP buffer, estimated size 322717, actual size 320493
0 seconds elapsed



12 threads
reading c:\program files (x86)\steam\steamapps\common\sourcesdk_content\hl2mp\mapsrc\test.bsp
reading c:\program files (x86)\steam\steamapps\common\sourcesdk_content\hl2mp\mapsrc\test.prt
  71 portalclusters
 229 numportals
0...1...2...3...4...5...6...7...8...9...10Optimized: 64 visible clusters (1.36%)
Total clusters visible: 4703
Average clusters visible: 66
Building PAS...
Average clusters audible: 71
visdatasize:1857  compressed from 2272
writing c:\program files (x86)\steam\steamapps\common\sourcesdk_content\hl2mp\mapsrc\test.bsp
0 seconds elapsed



[Reading texlights from 'lights.rad']
[45 texlights parsed from 'lights.rad']

Loading c:\program files (x86)\steam\steamapps\common\sourcesdk_content\hl2mp\mapsrc\test.bsp
937 faces
37007 square feet [5329028.00 square inches]
0 Displacements
0 Square Feet [0.00 Square Inches]
937 patches before subdivision
52349 patches after subdivision
6 direct lights
0...1...2...3...4...5...6...7...8...9...100...1...2...3...4...5...6...7...8...9...10transfers 6062882, max 627
transfer lists:  46.3 megs
0...1...2...3...4...5...6...7...8...9...10	Bounce #1 added RGB(7042, 6586, 4697)
0...1...2...3...4...5...6...7...8...9...10	Bounce #2 added RGB(6161, 5341, 3424)
Build Patch/Sample Hash Table(s).....Done<0.0134 sec>
0...1...2...3...4...5...6...7...8...9...10FinalLightFace Done
0 of 0 (0% of) surface lights went in leaf ambient cubes.
0...1...2...3...4...5...6...7...8...9...10Writing leaf ambient...done
Ready to Finish

Object names       Objects/Maxobjs  Memory / Maxmem  Fullness 
------------       ---------------  ---------------  -------- 
models                  38/1024         1824/49152    ( 3.7%) 
brushes                107/8192         1284/98304    ( 1.3%) 
brushsides             775/65536        6200/524288   ( 1.2%) 
planes                 904/65536       18080/1310720  ( 1.4%) 
vertexes              1345/65536       16140/786432   ( 2.1%) 
nodes                  490/65536       15680/2097152  ( 0.7%) 
texinfos               143/12288       10296/884736   ( 1.2%) 
texdata                 25/2048          800/65536    ( 1.2%) 
dispinfos                0/0               0/0        ( 0.0%) 
disp_verts               0/0               0/0        ( 0.0%) 
disp_tris                0/0               0/0        ( 0.0%) 
disp_lmsamples           0/0               0/0        ( 0.0%) 
faces                  937/65536       52472/3670016  ( 1.4%) 
hdr faces                0/65536           0/3670016  ( 0.0%) 
origfaces              423/65536       23688/3670016  ( 0.6%) 
leaves                 529/65536       16928/2097152  ( 0.8%) 
leaffaces             1171/65536        2342/131072   ( 1.8%) 
leafbrushes            151/65536         302/131072   ( 0.2%) 
areas                    2/256            16/2048     ( 0.8%) 
surfedges             5992/512000      23968/2048000  ( 1.2%) 
edges                 3163/256000      12652/1024000  ( 1.2%) 
LDR worldlights          6/8192          528/720896   ( 0.1%) 
HDR worldlights          0/8192            0/720896   ( 0.0%) 
leafwaterdata            1/32768          12/393216   ( 0.0%) 
waterstrips             38/32768         380/327680   ( 0.1%) 
waterverts               0/65536           0/786432   ( 0.0%) 
waterindices           531/65536        1062/131072   ( 0.8%) 
cubemapsamples           2/1024           32/16384    ( 0.2%) 
overlays                 0/512             0/180224   ( 0.0%) 
LDR lightdata         [variable]    10451156/0        ( 0.0%) 
HDR lightdata         [variable]           0/0        ( 0.0%) 
visdata               [variable]        1857/16777216 ( 0.0%) 
entdata               [variable]       38022/393216   ( 9.7%) 
LDR ambient table      529/65536        2116/262144   ( 0.8%) 
HDR ambient table      529/65536        2116/262144   ( 0.8%) 
LDR leaf ambient       776/65536       21728/1835008  ( 1.2%) 
HDR leaf ambient       529/65536       14812/1835008  ( 0.8%) 
occluders                0/0               0/0        ( 0.0%) 
occluder polygons        0/0               0/0        ( 0.0%) 
occluder vert ind        0/0               0/0        ( 0.0%) 
detail props          [variable]           1/12       ( 8.3%) 
static props          [variable]           1/622      ( 0.2%) 
pakfile               [variable]      320493/0        ( 0.0%) 
physics               [variable]       52261/4194304  ( 1.2%) 
physics terrain       [variable]           2/1048576  ( 0.0%) 

Level flags = 0

Total triangle count: 2378
Writing c:\program files (x86)\steam\steamapps\common\sourcesdk_content\hl2mp\mapsrc\test.bsp
3 seconds elapsed



materialPath: C:\Program Files (x86)\Steam\steamapps\common\Half-Life 2 Deathmatch\hl2mp\materials
Loading c:\program files (x86)\steam\steamapps\common\sourcesdk_content\hl2mp\mapsrc\test.vmf
ConVarRef mat_reduceparticles doesn't point to an existing ConVar
Could not locate 'GameData' key in c:\program files (x86)\steam\steamapps\common\half-life 2 deathmatch\hl2mp\gameinfo.txt
Patching WVT material: maps/test/dev/dev_blendmeasure_wvt_patch
fixing up env_cubemap materials on brush sides...
0...1...2...3...4...5...6...7...8...9...100...1...2...3...4...5...6...7...8...9...10Processing areas...done (0)
Building Faces...done (0)
Chop Details...done (0)
Find Visible Detail Sides...done (0)
Merging details...done (0)
FixTjuncs...
PruneNodes...
WriteBSP...
done (0)
writing c:\program files (x86)\steam\steamapps\common\sourcesdk_content\hl2mp\mapsrc\test.prt...Building visibility clusters...
done (0)
Creating default LDR cubemaps for env_cubemap using skybox materials:
   skybox/sky_day01_01*.vmt
 ! Run buildcubemaps in the engine to get the correct cube maps.
Creating default HDR cubemaps for env_cubemap using skybox materials:
   skybox/sky_day01_01*.vmt
 ! Run buildcubemaps in the engine to get the correct cube maps.
Finding displacement neighbors...
Finding lightmap sample positions...
Displacement Alpha : 0...1...2...3...4...5...6...7...8...9...10
Building Physics collision data...
done (0) (52261 bytes)
Placing detail props : 0...1...2...3...4...5...6...7...8...9...10
Compacting texture/material tables...
Reduced 306 texinfos to 143
Reduced 34 texdatas to 25 (1106 bytes to 835)
Writing c:\program files (x86)\steam\steamapps\common\sourcesdk_content\hl2mp\mapsrc\test.bsp
Wrote ZIP buffer, estimated size 322717, actual size 320493
0 seconds elapsed



12 threads
reading c:\program files (x86)\steam\steamapps\common\sourcesdk_content\hl2mp\mapsrc\test.bsp
reading c:\program files (x86)\steam\steamapps\common\sourcesdk_content\hl2mp\mapsrc\test.prt
  71 portalclusters
 229 numportals
0...1...2...3...4...5...6...7...8...9...10Optimized: 64 visible clusters (1.36%)
Total clusters visible: 4703
Average clusters visible: 66
Building PAS...
Average clusters audible: 71
visdatasize:1857  compressed from 2272
writing c:\program files (x86)\steam\steamapps\common\sourcesdk_content\hl2mp\mapsrc\test.bsp
0 seconds elapsed



[Reading texlights from 'lights.rad']
[45 texlights parsed from 'lights.rad']

Loading c:\program files (x86)\steam\steamapps\common\sourcesdk_content\hl2mp\mapsrc\test.bsp
937 faces
37007 square feet [5329028.00 square inches]
0 Displacements
0 Square Feet [0.00 Square Inches]
937 patches before subdivision
52349 patches after subdivision
6 direct lights
0...1...2...3...4...5...6...7...8...9...100...1...2...3...4...5...6...7...8...9...10transfers 6062882, max 627
transfer lists:  46.3 megs
0...1...2...3...4...5...6...7...8...9...10	Bounce #1 added RGB(7042, 6586, 4697)
0...1...2...3...4...5...6...7...8...9...10	Bounce #2 added RGB(6161, 5341, 3424)
Build Patch/Sample Hash Table(s).....Done<0.0109 sec>
0...1...2...3...4...5...6...7...8...9...10FinalLightFace Done
0 of 0 (0% of) surface lights went in leaf ambient cubes.
0...1...2...3...4...5...6...7...8...9...10Writing leaf ambient...done
Ready to Finish

Object names       Objects/Maxobjs  Memory / Maxmem  Fullness 
------------       ---------------  ---------------  -------- 
models                  38/1024         1824/49152    ( 3.7%) 
brushes                107/8192         1284/98304    ( 1.3%) 
brushsides             775/65536        6200/524288   ( 1.2%) 
planes                 904/65536       18080/1310720  ( 1.4%) 
vertexes              1345/65536       16140/786432   ( 2.1%) 
nodes                  490/65536       15680/2097152  ( 0.7%) 
texinfos               143/12288       10296/884736   ( 1.2%) 
texdata                 25/2048          800/65536    ( 1.2%) 
dispinfos                0/0               0/0        ( 0.0%) 
disp_verts               0/0               0/0        ( 0.0%) 
disp_tris                0/0               0/0        ( 0.0%) 
disp_lmsamples           0/0               0/0        ( 0.0%) 
faces                  937/65536       52472/3670016  ( 1.4%) 
hdr faces                0/65536           0/3670016  ( 0.0%) 
origfaces              423/65536       23688/3670016  ( 0.6%) 
leaves                 529/65536       16928/2097152  ( 0.8%) 
leaffaces             1171/65536        2342/131072   ( 1.8%) 
leafbrushes            151/65536         302/131072   ( 0.2%) 
areas                    2/256            16/2048     ( 0.8%) 
surfedges             5992/512000      23968/2048000  ( 1.2%) 
edges                 3163/256000      12652/1024000  ( 1.2%) 
LDR worldlights          6/8192          528/720896   ( 0.1%) 
HDR worldlights          0/8192            0/720896   ( 0.0%) 
leafwaterdata            1/32768          12/393216   ( 0.0%) 
waterstrips             38/32768         380/327680   ( 0.1%) 
waterverts               0/65536           0/786432   ( 0.0%) 
waterindices           531/65536        1062/131072   ( 0.8%) 
cubemapsamples           2/1024           32/16384    ( 0.2%) 
overlays                 0/512             0/180224   ( 0.0%) 
LDR lightdata         [variable]    10451156/0        ( 0.0%) 
HDR lightdata         [variable]           0/0        ( 0.0%) 
visdata               [variable]        1857/16777216 ( 0.0%) 
entdata               [variable]       38024/393216   ( 9.7%) 
LDR ambient table      529/65536        2116/262144   ( 0.8%) 
HDR ambient table      529/65536        2116/262144   ( 0.8%) 
LDR leaf ambient       776/65536       21728/1835008  ( 1.2%) 
HDR leaf ambient       529/65536       14812/1835008  ( 0.8%) 
occluders                0/0               0/0        ( 0.0%) 
occluder polygons        0/0               0/0        ( 0.0%) 
occluder vert ind        0/0               0/0        ( 0.0%) 
detail props          [variable]           1/12       ( 8.3%) 
static props          [variable]           1/622      ( 0.2%) 
pakfile               [variable]      320493/0        ( 0.0%) 
physics               [variable]       52261/4194304  ( 1.2%) 
physics terrain       [variable]           2/1048576  ( 0.0%) 

Level flags = 0

Total triangle count: 2378
Writing c:\program files (x86)\steam\steamapps\common\sourcesdk_content\hl2mp\mapsrc\test.bsp
3 seconds elapsed



materialPath: C:\Program Files (x86)\Steam\steamapps\common\Half-Life 2 Deathmatch\hl2mp\materials
Loading c:\program files (x86)\steam\steamapps\common\sourcesdk_content\hl2mp\mapsrc\test.vmf
ConVarRef mat_reduceparticles doesn't point to an existing ConVar
Could not locate 'GameData' key in c:\program files (x86)\steam\steamapps\common\half-life 2 deathmatch\hl2mp\gameinfo.txt
Patching WVT material: maps/test/dev/dev_blendmeasure_wvt_patch
fixing up env_cubemap materials on brush sides...
0...1...2...3...4...5...6...7...8...9...100...1...2...3...4...5...6...7...8...9...10Processing areas...done (0)
Building Faces...done (0)
Chop Details...done (0)
Find Visible Detail Sides...done (0)
Merging details...done (0)
FixTjuncs...
PruneNodes...
WriteBSP...
done (0)
writing c:\program files (x86)\steam\steamapps\common\sourcesdk_content\hl2mp\mapsrc\test.prt...Building visibility clusters...
done (0)
Creating default LDR cubemaps for env_cubemap using skybox materials:
   skybox/sky_day01_01*.vmt
 ! Run buildcubemaps in the engine to get the correct cube maps.
Creating default HDR cubemaps for env_cubemap using skybox materials:
   skybox/sky_day01_01*.vmt
 ! Run buildcubemaps in the engine to get the correct cube maps.
Finding displacement neighbors...
Finding lightmap sample positions...
Displacement Alpha : 0...1...2...3...4...5...6...7...8...9...10
Building Physics collision data...
done (0) (52261 bytes)
Placing detail props : 0...1...2...3...4...5...6...7...8...9...10
Compacting texture/material tables...
Reduced 306 texinfos to 143
Reduced 34 texdatas to 25 (1106 bytes to 835)
Writing c:\program files (x86)\steam\steamapps\common\sourcesdk_content\hl2mp\mapsrc\test.bsp
Wrote ZIP buffer, estimated size 322717, actual size 320493
0 seconds elapsed



12 threads
reading c:\program files (x86)\steam\steamapps\common\sourcesdk_content\hl2mp\mapsrc\test.bsp
reading c:\program files (x86)\steam\steamapps\common\sourcesdk_content\hl2mp\mapsrc\test.prt
  71 portalclusters
 229 numportals
0...1...2...3...4...5...6...7...8...9...10Optimized: 64 visible clusters (1.36%)
Total clusters visible: 4703
Average clusters visible: 66
Building PAS...
Average clusters audible: 71
visdatasize:1857  compressed from 2272
writing c:\program files (x86)\steam\steamapps\common\sourcesdk_content\hl2mp\mapsrc\test.bsp
0 seconds elapsed



[Reading texlights from 'lights.rad']
[45 texlights parsed from 'lights.rad']

Loading c:\program files (x86)\steam\steamapps\common\sourcesdk_content\hl2mp\mapsrc\test.bsp
937 faces
37007 square feet [5329028.00 square inches]
0 Displacements
0 Square Feet [0.00 Square Inches]
937 patches before subdivision
52349 patches after subdivision
6 direct lights
0...1...2...3...4...5...6...7...8...9...100...1...2...3...4...5...6...7...8...9...10transfers 6062933, max 627
transfer lists:  46.3 megs
0...1...2...3...4...5...6...7...8...9...10	Bounce #1 added RGB(7042, 6586, 4697)
0...1...2...3...4...5...6...7...8...9...10	Bounce #2 added RGB(6161, 5341, 3424)
Build Patch/Sample Hash Table(s).....Done<0.0122 sec>
0...1...2...3...4...5...6...7...8...9...10FinalLightFace Done
0 of 0 (0% of) surface lights went in leaf ambient cubes.
0...1...2...3...4...5...6...7...8...9...10Writing leaf ambient...done
Ready to Finish

Object names       Objects/Maxobjs  Memory / Maxmem  Fullness 
------------       ---------------  ---------------  -------- 
models                  38/1024         1824/49152    ( 3.7%) 
brushes                107/8192         1284/98304    ( 1.3%) 
brushsides             775/65536        6200/524288   ( 1.2%) 
planes                 904/65536       18080/1310720  ( 1.4%) 
vertexes              1345/65536       16140/786432   ( 2.1%) 
nodes                  490/65536       15680/2097152  ( 0.7%) 
texinfos               143/12288       10296/884736   ( 1.2%) 
texdata                 25/2048          800/65536    ( 1.2%) 
dispinfos                0/0               0/0        ( 0.0%) 
disp_verts               0/0               0/0        ( 0.0%) 
disp_tris                0/0               0/0        ( 0.0%) 
disp_lmsamples           0/0               0/0        ( 0.0%) 
faces                  937/65536       52472/3670016  ( 1.4%) 
hdr faces                0/65536           0/3670016  ( 0.0%) 
origfaces              423/65536       23688/3670016  ( 0.6%) 
leaves                 529/65536       16928/2097152  ( 0.8%) 
leaffaces             1171/65536        2342/131072   ( 1.8%) 
leafbrushes            151/65536         302/131072   ( 0.2%) 
areas                    2/256            16/2048     ( 0.8%) 
surfedges             5992/512000      23968/2048000  ( 1.2%) 
edges                 3163/256000      12652/1024000  ( 1.2%) 
LDR worldlights          6/8192          528/720896   ( 0.1%) 
HDR worldlights          0/8192            0/720896   ( 0.0%) 
leafwaterdata            1/32768          12/393216   ( 0.0%) 
waterstrips             38/32768         380/327680   ( 0.1%) 
waterverts               0/65536           0/786432   ( 0.0%) 
waterindices           531/65536        1062/131072   ( 0.8%) 
cubemapsamples           2/1024           32/16384    ( 0.2%) 
overlays                 0/512             0/180224   ( 0.0%) 
LDR lightdata         [variable]    10451156/0        ( 0.0%) 
HDR lightdata         [variable]           0/0        ( 0.0%) 
visdata               [variable]        1857/16777216 ( 0.0%) 
entdata               [variable]       38604/393216   ( 9.8%) 
LDR ambient table      529/65536        2116/262144   ( 0.8%) 
HDR ambient table      529/65536        2116/262144   ( 0.8%) 
LDR leaf ambient       774/65536       21672/1835008  ( 1.2%) 
HDR leaf ambient       529/65536       14812/1835008  ( 0.8%) 
occluders                0/0               0/0        ( 0.0%) 
occluder polygons        0/0               0/0        ( 0.0%) 
occluder vert ind        0/0               0/0        ( 0.0%) 
detail props          [variable]           1/12       ( 8.3%) 
static props          [variable]           1/420      ( 0.2%) 
pakfile               [variable]      320493/0        ( 0.0%) 
physics               [variable]       52261/4194304  ( 1.2%) 
physics terrain       [variable]           2/1048576  ( 0.0%) 

Level flags = 0

Total triangle count: 2378
Writing c:\program files (x86)\steam\steamapps\common\sourcesdk_content\hl2mp\mapsrc\test.bsp
3 seconds elapsed



materialPath: C:\Program Files (x86)\Steam\steamapps\common\Half-Life 2 Deathmatch\hl2mp\materials
Loading c:\program files (x86)\steam\steamapps\common\sourcesdk_content\hl2mp\mapsrc\test.vmf
ConVarRef mat_reduceparticles doesn't point to an existing ConVar
Could not locate 'GameData' key in c:\program files (x86)\steam\steamapps\common\half-life 2 deathmatch\hl2mp\gameinfo.txt
Patching WVT material: maps/test/dev/dev_blendmeasure_wvt_patch
fixing up env_cubemap materials on brush sides...
0...1...2...3...4...5...6...7...8...9...100...1...2...3...4...5...6...7...8...9...10Processing areas...done (0)
Building Faces...done (0)
Chop Details...done (0)
Find Visible Detail Sides...done (0)
Merging details...done (0)
FixTjuncs...
PruneNodes...
WriteBSP...
done (0)
writing c:\program files (x86)\steam\steamapps\common\sourcesdk_content\hl2mp\mapsrc\test.prt...Building visibility clusters...
done (0)
Creating default LDR cubemaps for env_cubemap using skybox materials:
   skybox/sky_day01_01*.vmt
 ! Run buildcubemaps in the engine to get the correct cube maps.
Creating default HDR cubemaps for env_cubemap using skybox materials:
   skybox/sky_day01_01*.vmt
 ! Run buildcubemaps in the engine to get the correct cube maps.
Finding displacement neighbors...
Finding lightmap sample positions...
Displacement Alpha : 0...1...2...3...4...5...6...7...8...9...10
Building Physics collision data...
done (0) (52261 bytes)
Placing detail props : 0...1...2...3...4...5...6...7...8...9...10
Compacting texture/material tables...
Reduced 306 texinfos to 143
Reduced 34 texdatas to 25 (1106 bytes to 835)
Writing c:\program files (x86)\steam\steamapps\common\sourcesdk_content\hl2mp\mapsrc\test.bsp
Wrote ZIP buffer, estimated size 322717, actual size 320493
0 seconds elapsed



12 threads
reading c:\program files (x86)\steam\steamapps\common\sourcesdk_content\hl2mp\mapsrc\test.bsp
reading c:\program files (x86)\steam\steamapps\common\sourcesdk_content\hl2mp\mapsrc\test.prt
  71 portalclusters
 229 numportals
0...1...2...3...4...5...6...7...8...9...10Optimized: 64 visible clusters (1.36%)
Total clusters visible: 4703
Average clusters visible: 66
Building PAS...
Average clusters audible: 71
visdatasize:1857  compressed from 2272
writing c:\program files (x86)\steam\steamapps\common\sourcesdk_content\hl2mp\mapsrc\test.bsp
0 seconds elapsed



[Reading texlights from 'lights.rad']
[45 texlights parsed from 'lights.rad']

Loading c:\program files (x86)\steam\steamapps\common\sourcesdk_content\hl2mp\mapsrc\test.bsp
937 faces
37007 square feet [5329028.00 square inches]
0 Displacements
0 Square Feet [0.00 Square Inches]
937 patches before subdivision
52349 patches after subdivision
6 direct lights
0...1...2...3...4...5...6...7...8...9...100...1...2...3...4...5...6...7...8...9...10transfers 6062933, max 627
transfer lists:  46.3 megs
0...1...2...3...4...5...6...7...8...9...10	Bounce #1 added RGB(7042, 6586, 4697)
0...1...2...3...4...5...6...7...8...9...10	Bounce #2 added RGB(6161, 5341, 3424)
Build Patch/Sample Hash Table(s).....Done<0.0139 sec>
0...1...2...3...4...5...6...7...8...9...10FinalLightFace Done
0 of 0 (0% of) surface lights went in leaf ambient cubes.
0...1...2...3...4...5...6...7...8...9...10Writing leaf ambient...done
Ready to Finish

Object names       Objects/Maxobjs  Memory / Maxmem  Fullness 
------------       ---------------  ---------------  -------- 
models                  38/1024         1824/49152    ( 3.7%) 
brushes                107/8192         1284/98304    ( 1.3%) 
brushsides             775/65536        6200/524288   ( 1.2%) 
planes                 904/65536       18080/1310720  ( 1.4%) 
vertexes              1345/65536       16140/786432   ( 2.1%) 
nodes                  490/65536       15680/2097152  ( 0.7%) 
texinfos               143/12288       10296/884736   ( 1.2%) 
texdata                 25/2048          800/65536    ( 1.2%) 
dispinfos                0/0               0/0        ( 0.0%) 
disp_verts               0/0               0/0        ( 0.0%) 
disp_tris                0/0               0/0        ( 0.0%) 
disp_lmsamples           0/0               0/0        ( 0.0%) 
faces                  937/65536       52472/3670016  ( 1.4%) 
hdr faces                0/65536           0/3670016  ( 0.0%) 
origfaces              423/65536       23688/3670016  ( 0.6%) 
leaves                 529/65536       16928/2097152  ( 0.8%) 
leaffaces             1171/65536        2342/131072   ( 1.8%) 
leafbrushes            151/65536         302/131072   ( 0.2%) 
areas                    2/256            16/2048     ( 0.8%) 
surfedges             5992/512000      23968/2048000  ( 1.2%) 
edges                 3163/256000      12652/1024000  ( 1.2%) 
LDR worldlights          6/8192          528/720896   ( 0.1%) 
HDR worldlights          0/8192            0/720896   ( 0.0%) 
leafwaterdata            1/32768          12/393216   ( 0.0%) 
waterstrips             38/32768         380/327680   ( 0.1%) 
waterverts               0/65536           0/786432   ( 0.0%) 
waterindices           531/65536        1062/131072   ( 0.8%) 
cubemapsamples           2/1024           32/16384    ( 0.2%) 
overlays                 0/512             0/180224   ( 0.0%) 
LDR lightdata         [variable]    10451156/0        ( 0.0%) 
HDR lightdata         [variable]           0/0        ( 0.0%) 
visdata               [variable]        1857/16777216 ( 0.0%) 
entdata               [variable]       38606/393216   ( 9.8%) 
LDR ambient table      529/65536        2116/262144   ( 0.8%) 
HDR ambient table      529/65536        2116/262144   ( 0.8%) 
LDR leaf ambient       774/65536       21672/1835008  ( 1.2%) 
HDR leaf ambient       529/65536       14812/1835008  ( 0.8%) 
occluders                0/0               0/0        ( 0.0%) 
occluder polygons        0/0               0/0        ( 0.0%) 
occluder vert ind        0/0               0/0        ( 0.0%) 
detail props          [variable]           1/12       ( 8.3%) 
static props          [variable]           1/420      ( 0.2%) 
pakfile               [variable]      320493/0        ( 0.0%) 
physics               [variable]       52261/4194304  ( 1.2%) 
physics terrain       [variable]           2/1048576  ( 0.0%) 

Level flags = 0

Total triangle count: 2378
Writing c:\program files (x86)\steam\steamapps\common\sourcesdk_content\hl2mp\mapsrc\test.bsp
3 seconds elapsed



materialPath: C:\Program Files (x86)\Steam\steamapps\common\Half-Life 2 Deathmatch\hl2mp\materials
Loading c:\program files (x86)\steam\steamapps\common\sourcesdk_content\hl2mp\mapsrc\test.vmf
ConVarRef mat_reduceparticles doesn't point to an existing ConVar
Could not locate 'GameData' key in c:\program files (x86)\steam\steamapps\common\half-life 2 deathmatch\hl2mp\gameinfo.txt
Patching WVT material: maps/test/dev/dev_blendmeasure_wvt_patch
fixing up env_cubemap materials on brush sides...
0...1...2...3...4...5...6...7...8...9...100...1...2...3...4...5...6...7...8...9...10Processing areas...done (0)
Building Faces...done (0)
Chop Details...done (0)
Find Visible Detail Sides...done (0)
Merging details...done (0)
FixTjuncs...
PruneNodes...
WriteBSP...
done (0)
writing c:\program files (x86)\steam\steamapps\common\sourcesdk_content\hl2mp\mapsrc\test.prt...Building visibility clusters...
done (0)
Creating default LDR cubemaps for env_cubemap using skybox materials:
   skybox/sky_day01_01*.vmt
 ! Run buildcubemaps in the engine to get the correct cube maps.
Creating default HDR cubemaps for env_cubemap using skybox materials:
   skybox/sky_day01_01*.vmt
 ! Run buildcubemaps in the engine to get the correct cube maps.
Finding displacement neighbors...
Finding lightmap sample positions...
Displacement Alpha : 0...1...2...3...4...5...6...7...8...9...10
Building Physics collision data...
done (0) (52261 bytes)
Placing detail props : 0...1...2...3...4...5...6...7...8...9...10
Compacting texture/material tables...
Reduced 306 texinfos to 143
Reduced 34 texdatas to 25 (1106 bytes to 835)
Writing c:\program files (x86)\steam\steamapps\common\sourcesdk_content\hl2mp\mapsrc\test.bsp
Wrote ZIP buffer, estimated size 322717, actual size 320493
0 seconds elapsed



12 threads
reading c:\program files (x86)\steam\steamapps\common\sourcesdk_content\hl2mp\mapsrc\test.bsp
reading c:\program files (x86)\steam\steamapps\common\sourcesdk_content\hl2mp\mapsrc\test.prt
  71 portalclusters
 229 numportals
0...1...2...3...4...5...6...7...8...9...10Optimized: 64 visible clusters (1.36%)
Total clusters visible: 4703
Average clusters visible: 66
Building PAS...
Average clusters audible: 71
visdatasize:1857  compressed from 2272
writing c:\program files (x86)\steam\steamapps\common\sourcesdk_content\hl2mp\mapsrc\test.bsp
0 seconds elapsed



[Reading texlights from 'lights.rad']
[45 texlights parsed from 'lights.rad']

Loading c:\program files (x86)\steam\steamapps\common\sourcesdk_content\hl2mp\mapsrc\test.bsp
937 faces
37007 square feet [5329028.00 square inches]
0 Displacements
0 Square Feet [0.00 Square Inches]
937 patches before subdivision
52349 patches after subdivision
6 direct lights
0...1...2...3...4...5...6...7...8...9...100...1...2...3...4...5...6...7...8...9...10transfers 6062933, max 627
transfer lists:  46.3 megs
0...1...2...3...4...5...6...7...8...9...10	Bounce #1 added RGB(7042, 6586, 4697)
0...1...2...3...4...5...6...7...8...9...10	Bounce #2 added RGB(6161, 5341, 3424)
Build Patch/Sample Hash Table(s).....Done<0.0134 sec>
0...1...2...3...4...5...6...7...8...9...10FinalLightFace Done
0 of 0 (0% of) surface lights went in leaf ambient cubes.
0...1...2...3...4...5...6...7...8...9...10Writing leaf ambient...done
Ready to Finish

Object names       Objects/Maxobjs  Memory / Maxmem  Fullness 
------------       ---------------  ---------------  -------- 
models                  38/1024         1824/49152    ( 3.7%) 
brushes                107/8192         1284/98304    ( 1.3%) 
brushsides             775/65536        6200/524288   ( 1.2%) 
planes                 904/65536       18080/1310720  ( 1.4%) 
vertexes              1345/65536       16140/786432   ( 2.1%) 
nodes                  490/65536       15680/2097152  ( 0.7%) 
texinfos               143/12288       10296/884736   ( 1.2%) 
texdata                 25/2048          800/65536    ( 1.2%) 
dispinfos                0/0               0/0        ( 0.0%) 
disp_verts               0/0               0/0        ( 0.0%) 
disp_tris                0/0               0/0        ( 0.0%) 
disp_lmsamples           0/0               0/0        ( 0.0%) 
faces                  937/65536       52472/3670016  ( 1.4%) 
hdr faces                0/65536           0/3670016  ( 0.0%) 
origfaces              423/65536       23688/3670016  ( 0.6%) 
leaves                 529/65536       16928/2097152  ( 0.8%) 
leaffaces             1171/65536        2342/131072   ( 1.8%) 
leafbrushes            151/65536         302/131072   ( 0.2%) 
areas                    2/256            16/2048     ( 0.8%) 
surfedges             5992/512000      23968/2048000  ( 1.2%) 
edges                 3163/256000      12652/1024000  ( 1.2%) 
LDR worldlights          6/8192          528/720896   ( 0.1%) 
HDR worldlights          0/8192            0/720896   ( 0.0%) 
leafwaterdata            1/32768          12/393216   ( 0.0%) 
waterstrips             38/32768         380/327680   ( 0.1%) 
waterverts               0/65536           0/786432   ( 0.0%) 
waterindices           531/65536        1062/131072   ( 0.8%) 
cubemapsamples           2/1024           32/16384    ( 0.2%) 
overlays                 0/512             0/180224   ( 0.0%) 
LDR lightdata         [variable]    10451156/0        ( 0.0%) 
HDR lightdata         [variable]           0/0        ( 0.0%) 
visdata               [variable]        1857/16777216 ( 0.0%) 
entdata               [variable]       38585/393216   ( 9.8%) 
LDR ambient table      529/65536        2116/262144   ( 0.8%) 
HDR ambient table      529/65536        2116/262144   ( 0.8%) 
LDR leaf ambient       774/65536       21672/1835008  ( 1.2%) 
HDR leaf ambient       529/65536       14812/1835008  ( 0.8%) 
occluders                0/0               0/0        ( 0.0%) 
occluder polygons        0/0               0/0        ( 0.0%) 
occluder vert ind        0/0               0/0        ( 0.0%) 
detail props          [variable]           1/12       ( 8.3%) 
static props          [variable]           1/420      ( 0.2%) 
pakfile               [variable]      320493/0        ( 0.0%) 
physics               [variable]       52261/4194304  ( 1.2%) 
physics terrain       [variable]           2/1048576  ( 0.0%) 

Level flags = 0

Total triangle count: 2378
Writing c:\program files (x86)\steam\steamapps\common\sourcesdk_content\hl2mp\mapsrc\test.bsp
3 seconds elapsed



materialPath: C:\Program Files (x86)\Steam\steamapps\common\Half-Life 2 Deathmatch\hl2mp\materials
Loading c:\program files (x86)\steam\steamapps\common\sourcesdk_content\hl2mp\mapsrc\test.vmf
ConVarRef mat_reduceparticles doesn't point to an existing ConVar
Could not locate 'GameData' key in c:\program files (x86)\steam\steamapps\common\half-life 2 deathmatch\hl2mp\gameinfo.txt
Patching WVT material: maps/test/dev/dev_blendmeasure_wvt_patch
fixing up env_cubemap materials on brush sides...
0...1...2...3...4...5...6...7...8...9...100...1...2...3...4...5...6...7...8...9...10Processing areas...done (0)
Building Faces...done (0)
Chop Details...done (0)
Find Visible Detail Sides...done (0)
Merging details...done (0)
FixTjuncs...
PruneNodes...
WriteBSP...
done (0)
writing c:\program files (x86)\steam\steamapps\common\sourcesdk_content\hl2mp\mapsrc\test.prt...Building visibility clusters...
done (0)
Creating default LDR cubemaps for env_cubemap using skybox materials:
   skybox/sky_day01_01*.vmt
 ! Run buildcubemaps in the engine to get the correct cube maps.
Creating default HDR cubemaps for env_cubemap using skybox materials:
   skybox/sky_day01_01*.vmt
 ! Run buildcubemaps in the engine to get the correct cube maps.
Finding displacement neighbors...
Finding lightmap sample positions...
Displacement Alpha : 0...1...2...3...4...5...6...7...8...9...10
Building Physics collision data...
done (0) (52261 bytes)
Placing detail props : 0...1...2...3...4...5...6...7...8...9...10
Compacting texture/material tables...
Reduced 306 texinfos to 143
Reduced 34 texdatas to 25 (1106 bytes to 835)
Writing c:\program files (x86)\steam\steamapps\common\sourcesdk_content\hl2mp\mapsrc\test.bsp
Wrote ZIP buffer, estimated size 322717, actual size 320493
0 seconds elapsed



12 threads
reading c:\program files (x86)\steam\steamapps\common\sourcesdk_content\hl2mp\mapsrc\test.bsp
reading c:\program files (x86)\steam\steamapps\common\sourcesdk_content\hl2mp\mapsrc\test.prt
  71 portalclusters
 229 numportals
0...1...2...3...4...5...6...7...8...9...10Optimized: 64 visible clusters (1.36%)
Total clusters visible: 4703
Average clusters visible: 66
Building PAS...
Average clusters audible: 71
visdatasize:1857  compressed from 2272
writing c:\program files (x86)\steam\steamapps\common\sourcesdk_content\hl2mp\mapsrc\test.bsp
0 seconds elapsed



[Reading texlights from 'lights.rad']
[45 texlights parsed from 'lights.rad']

Loading c:\program files (x86)\steam\steamapps\common\sourcesdk_content\hl2mp\mapsrc\test.bsp
937 faces
37007 square feet [5329028.00 square inches]
0 Displacements
0 Square Feet [0.00 Square Inches]
937 patches before subdivision
52349 patches after subdivision
6 direct lights
0...1...2...3...4...5...6...7...8...9...100...1...2...3...4...5...6...7...8...9...10transfers 6062933, max 627
transfer lists:  46.3 megs
0...1...2...3...4...5...6...7...8...9...10	Bounce #1 added RGB(7042, 6586, 4697)
0...1...2...3...4...5...6...7...8...9...10	Bounce #2 added RGB(6161, 5341, 3424)
Build Patch/Sample Hash Table(s).....Done<0.0109 sec>
0...1...2...3...4...5...6...7...8...9...10FinalLightFace Done
0 of 0 (0% of) surface lights went in leaf ambient cubes.
0...1...2...3...4...5...6...7...8...9...10Writing leaf ambient...done
Ready to Finish

Object names       Objects/Maxobjs  Memory / Maxmem  Fullness 
------------       ---------------  ---------------  -------- 
models                  38/1024         1824/49152    ( 3.7%) 
brushes                107/8192         1284/98304    ( 1.3%) 
brushsides             775/65536        6200/524288   ( 1.2%) 
planes                 904/65536       18080/1310720  ( 1.4%) 
vertexes              1345/65536       16140/786432   ( 2.1%) 
nodes                  490/65536       15680/2097152  ( 0.7%) 
texinfos               143/12288       10296/884736   ( 1.2%) 
texdata                 25/2048          800/65536    ( 1.2%) 
dispinfos                0/0               0/0        ( 0.0%) 
disp_verts               0/0               0/0        ( 0.0%) 
disp_tris                0/0               0/0        ( 0.0%) 
disp_lmsamples           0/0               0/0        ( 0.0%) 
faces                  937/65536       52472/3670016  ( 1.4%) 
hdr faces                0/65536           0/3670016  ( 0.0%) 
origfaces              423/65536       23688/3670016  ( 0.6%) 
leaves                 529/65536       16928/2097152  ( 0.8%) 
leaffaces             1171/65536        2342/131072   ( 1.8%) 
leafbrushes            151/65536         302/131072   ( 0.2%) 
areas                    2/256            16/2048     ( 0.8%) 
surfedges             5992/512000      23968/2048000  ( 1.2%) 
edges                 3163/256000      12652/1024000  ( 1.2%) 
LDR worldlights          6/8192          528/720896   ( 0.1%) 
HDR worldlights          0/8192            0/720896   ( 0.0%) 
leafwaterdata            1/32768          12/393216   ( 0.0%) 
waterstrips             38/32768         380/327680   ( 0.1%) 
waterverts               0/65536           0/786432   ( 0.0%) 
waterindices           531/65536        1062/131072   ( 0.8%) 
cubemapsamples           2/1024           32/16384    ( 0.2%) 
overlays                 0/512             0/180224   ( 0.0%) 
LDR lightdata         [variable]    10451156/0        ( 0.0%) 
HDR lightdata         [variable]           0/0        ( 0.0%) 
visdata               [variable]        1857/16777216 ( 0.0%) 
entdata               [variable]       38585/393216   ( 9.8%) 
LDR ambient table      529/65536        2116/262144   ( 0.8%) 
HDR ambient table      529/65536        2116/262144   ( 0.8%) 
LDR leaf ambient       774/65536       21672/1835008  ( 1.2%) 
HDR leaf ambient       529/65536       14812/1835008  ( 0.8%) 
occluders                0/0               0/0        ( 0.0%) 
occluder polygons        0/0               0/0        ( 0.0%) 
occluder vert ind        0/0               0/0        ( 0.0%) 
detail props          [variable]           1/12       ( 8.3%) 
static props          [variable]           1/420      ( 0.2%) 
pakfile               [variable]      320493/0        ( 0.0%) 
physics               [variable]       52261/4194304  ( 1.2%) 
physics terrain       [variable]           2/1048576  ( 0.0%) 

Level flags = 0

Total triangle count: 2378
Writing c:\program files (x86)\steam\steamapps\common\sourcesdk_content\hl2mp\mapsrc\test.bsp
3 seconds elapsed



materialPath: C:\Program Files (x86)\Steam\steamapps\common\Half-Life 2 Deathmatch\hl2mp\materials
Loading c:\program files (x86)\steam\steamapps\common\sourcesdk_content\hl2mp\mapsrc\test.vmf
ConVarRef mat_reduceparticles doesn't point to an existing ConVar
Could not locate 'GameData' key in c:\program files (x86)\steam\steamapps\common\half-life 2 deathmatch\hl2mp\gameinfo.txt
Patching WVT material: maps/test/dev/dev_blendmeasure_wvt_patch
fixing up env_cubemap materials on brush sides...
0...1...2...3...4...5...6...7...8...9...100...1...2...3...4...5...6...7...8...9...10Processing areas...done (0)
Building Faces...done (0)
Chop Details...done (0)
Find Visible Detail Sides...done (0)
Merging details...done (0)
FixTjuncs...
PruneNodes...
WriteBSP...
done (0)
writing c:\program files (x86)\steam\steamapps\common\sourcesdk_content\hl2mp\mapsrc\test.prt...Building visibility clusters...
done (0)
Creating default LDR cubemaps for env_cubemap using skybox materials:
   skybox/sky_day01_01*.vmt
 ! Run buildcubemaps in the engine to get the correct cube maps.
Creating default HDR cubemaps for env_cubemap using skybox materials:
   skybox/sky_day01_01*.vmt
 ! Run buildcubemaps in the engine to get the correct cube maps.
Finding displacement neighbors...
Finding lightmap sample positions...
Displacement Alpha : 0...1...2...3...4...5...6...7...8...9...10
Building Physics collision data...
done (0) (52261 bytes)
Placing detail props : 0...1...2...3...4...5...6...7...8...9...10
Compacting texture/material tables...
Reduced 306 texinfos to 143
Reduced 34 texdatas to 25 (1106 bytes to 835)
Writing c:\program files (x86)\steam\steamapps\common\sourcesdk_content\hl2mp\mapsrc\test.bsp
Wrote ZIP buffer, estimated size 322717, actual size 320493
0 seconds elapsed



12 threads
reading c:\program files (x86)\steam\steamapps\common\sourcesdk_content\hl2mp\mapsrc\test.bsp
reading c:\program files (x86)\steam\steamapps\common\sourcesdk_content\hl2mp\mapsrc\test.prt
  71 portalclusters
 229 numportals
0...1...2...3...4...5...6...7...8...9...10Optimized: 64 visible clusters (1.36%)
Total clusters visible: 4703
Average clusters visible: 66
Building PAS...
Average clusters audible: 71
visdatasize:1857  compressed from 2272
writing c:\program files (x86)\steam\steamapps\common\sourcesdk_content\hl2mp\mapsrc\test.bsp
0 seconds elapsed



[Reading texlights from 'lights.rad']
[45 texlights parsed from 'lights.rad']

Loading c:\program files (x86)\steam\steamapps\common\sourcesdk_content\hl2mp\mapsrc\test.bsp
937 faces
37007 square feet [5329028.00 square inches]
0 Displacements
0 Square Feet [0.00 Square Inches]
937 patches before subdivision
52349 patches after subdivision
6 direct lights
0...1...2...3...4...5...6...7...8...9...100...1...2...3...4...5...6...7...8...9...10transfers 6062933, max 627
transfer lists:  46.3 megs
0...1...2...3...4...5...6...7...8...9...10	Bounce #1 added RGB(7042, 6586, 4697)
0...1...2...3...4...5...6...7...8...9...10	Bounce #2 added RGB(6161, 5341, 3424)
Build Patch/Sample Hash Table(s).....Done<0.0134 sec>
0...1...2...3...4...5...6...7...8...9...10FinalLightFace Done
0 of 0 (0% of) surface lights went in leaf ambient cubes.
0...1...2...3...4...5...6...7...8...9...10Writing leaf ambient...done
Ready to Finish

Object names       Objects/Maxobjs  Memory / Maxmem  Fullness 
------------       ---------------  ---------------  -------- 
models                  38/1024         1824/49152    ( 3.7%) 
brushes                107/8192         1284/98304    ( 1.3%) 
brushsides             775/65536        6200/524288   ( 1.2%) 
planes                 904/65536       18080/1310720  ( 1.4%) 
vertexes              1345/65536       16140/786432   ( 2.1%) 
nodes                  490/65536       15680/2097152  ( 0.7%) 
texinfos               143/12288       10296/884736   ( 1.2%) 
texdata                 25/2048          800/65536    ( 1.2%) 
dispinfos                0/0               0/0        ( 0.0%) 
disp_verts               0/0               0/0        ( 0.0%) 
disp_tris                0/0               0/0        ( 0.0%) 
disp_lmsamples           0/0               0/0        ( 0.0%) 
faces                  937/65536       52472/3670016  ( 1.4%) 
hdr faces                0/65536           0/3670016  ( 0.0%) 
origfaces              423/65536       23688/3670016  ( 0.6%) 
leaves                 529/65536       16928/2097152  ( 0.8%) 
leaffaces             1171/65536        2342/131072   ( 1.8%) 
leafbrushes            151/65536         302/131072   ( 0.2%) 
areas                    2/256            16/2048     ( 0.8%) 
surfedges             5992/512000      23968/2048000  ( 1.2%) 
edges                 3163/256000      12652/1024000  ( 1.2%) 
LDR worldlights          6/8192          528/720896   ( 0.1%) 
HDR worldlights          0/8192            0/720896   ( 0.0%) 
leafwaterdata            1/32768          12/393216   ( 0.0%) 
waterstrips             38/32768         380/327680   ( 0.1%) 
waterverts               0/65536           0/786432   ( 0.0%) 
waterindices           531/65536        1062/131072   ( 0.8%) 
cubemapsamples           2/1024           32/16384    ( 0.2%) 
overlays                 0/512             0/180224   ( 0.0%) 
LDR lightdata         [variable]    10451156/0        ( 0.0%) 
HDR lightdata         [variable]           0/0        ( 0.0%) 
visdata               [variable]        1857/16777216 ( 0.0%) 
entdata               [variable]       38627/393216   ( 9.8%) 
LDR ambient table      529/65536        2116/262144   ( 0.8%) 
HDR ambient table      529/65536        2116/262144   ( 0.8%) 
LDR leaf ambient       774/65536       21672/1835008  ( 1.2%) 
HDR leaf ambient       529/65536       14812/1835008  ( 0.8%) 
occluders                0/0               0/0        ( 0.0%) 
occluder polygons        0/0               0/0        ( 0.0%) 
occluder vert ind        0/0               0/0        ( 0.0%) 
detail props          [variable]           1/12       ( 8.3%) 
static props          [variable]           1/420      ( 0.2%) 
pakfile               [variable]      320493/0        ( 0.0%) 
physics               [variable]       52261/4194304  ( 1.2%) 
physics terrain       [variable]           2/1048576  ( 0.0%) 

Level flags = 0

Total triangle count: 2378
Writing c:\program files (x86)\steam\steamapps\common\sourcesdk_content\hl2mp\mapsrc\test.bsp
3 seconds elapsed



materialPath: C:\Program Files (x86)\Steam\steamapps\common\Half-Life 2 Deathmatch\hl2mp\materials
Loading c:\program files (x86)\steam\steamapps\common\sourcesdk_content\hl2mp\mapsrc\test.vmf
ConVarRef mat_reduceparticles doesn't point to an existing ConVar
Could not locate 'GameData' key in c:\program files (x86)\steam\steamapps\common\half-life 2 deathmatch\hl2mp\gameinfo.txt
Patching WVT material: maps/test/dev/dev_blendmeasure_wvt_patch
fixing up env_cubemap materials on brush sides...
0...1...2...3...4...5...6...7...8...9...100...1...2...3...4...5...6...7...8...9...10Processing areas...done (0)
Building Faces...done (0)
Chop Details...done (0)
Find Visible Detail Sides...done (0)
Merging details...done (0)
FixTjuncs...
PruneNodes...
WriteBSP...
done (0)
writing c:\program files (x86)\steam\steamapps\common\sourcesdk_content\hl2mp\mapsrc\test.prt...Building visibility clusters...
done (0)
Creating default LDR cubemaps for env_cubemap using skybox materials:
   skybox/sky_day01_01*.vmt
 ! Run buildcubemaps in the engine to get the correct cube maps.
Creating default HDR cubemaps for env_cubemap using skybox materials:
   skybox/sky_day01_01*.vmt
 ! Run buildcubemaps in the engine to get the correct cube maps.
Finding displacement neighbors...
Finding lightmap sample positions...
Displacement Alpha : 0...1...2...3...4...5...6...7...8...9...10
Building Physics collision data...
done (0) (54784 bytes)
Placing detail props : 0...1...2...3...4...5...6...7...8...9...10
Compacting texture/material tables...
Reduced 316 texinfos to 145
Reduced 34 texdatas to 25 (1106 bytes to 835)
Writing c:\program files (x86)\steam\steamapps\common\sourcesdk_content\hl2mp\mapsrc\test.bsp
Wrote ZIP buffer, estimated size 322717, actual size 320493
0 seconds elapsed



12 threads
reading c:\program files (x86)\steam\steamapps\common\sourcesdk_content\hl2mp\mapsrc\test.bsp
reading c:\program files (x86)\steam\steamapps\common\sourcesdk_content\hl2mp\mapsrc\test.prt
  76 portalclusters
 258 numportals
0...1...2...3...4...5...6...7...8...9...10Optimized: 66 visible clusters (1.22%)
Total clusters visible: 5418
Average clusters visible: 71
Building PAS...
Average clusters audible: 76
visdatasize:2139  compressed from 2432
writing c:\program files (x86)\steam\steamapps\common\sourcesdk_content\hl2mp\mapsrc\test.bsp
0 seconds elapsed



[Reading texlights from 'lights.rad']
[45 texlights parsed from 'lights.rad']

Loading c:\program files (x86)\steam\steamapps\common\sourcesdk_content\hl2mp\mapsrc\test.bsp
944 faces
37020 square feet [5330964.00 square inches]
0 Displacements
0 Square Feet [0.00 Square Inches]
944 patches before subdivision
52568 patches after subdivision
6 direct lights
0...1...2...3...4...5...6...7...8...9...100...1...2...3...4...5...6...7...8...9...10transfers 6133192, max 618
transfer lists:  46.8 megs
0...1...2...3...4...5...6...7...8...9...10	Bounce #1 added RGB(7155, 6690, 4771)
0...1...2...3...4...5...6...7...8...9...10	Bounce #2 added RGB(6187, 5365, 3440)
Build Patch/Sample Hash Table(s).....Done<0.0119 sec>
0...1...2...3...4...5...6...7...8...9...10FinalLightFace Done
0 of 0 (0% of) surface lights went in leaf ambient cubes.
0...1...2...3...4...5...6...7...8...9...10Writing leaf ambient...done
Ready to Finish

Object names       Objects/Maxobjs  Memory / Maxmem  Fullness 
------------       ---------------  ---------------  -------- 
models                  39/1024         1872/49152    ( 3.8%) 
brushes                113/8192         1356/98304    ( 1.4%) 
brushsides             811/65536        6488/524288   ( 1.2%) 
planes                 932/65536       18640/1310720  ( 1.4%) 
vertexes              1387/65536       16644/786432   ( 2.1%) 
nodes                  512/65536       16384/2097152  ( 0.8%) 
texinfos               145/12288       10440/884736   ( 1.2%) 
texdata                 25/2048          800/65536    ( 1.2%) 
dispinfos                0/0               0/0        ( 0.0%) 
disp_verts               0/0               0/0        ( 0.0%) 
disp_tris                0/0               0/0        ( 0.0%) 
disp_lmsamples           0/0               0/0        ( 0.0%) 
faces                  944/65536       52864/3670016  ( 1.4%) 
hdr faces                0/65536           0/3670016  ( 0.0%) 
origfaces              427/65536       23912/3670016  ( 0.7%) 
leaves                 552/65536       17664/2097152  ( 0.8%) 
leaffaces             1189/65536        2378/131072   ( 1.8%) 
leafbrushes            160/65536         320/131072   ( 0.2%) 
areas                    2/256            16/2048     ( 0.8%) 
surfedges             6045/512000      24180/2048000  ( 1.2%) 
edges                 3206/256000      12824/1024000  ( 1.3%) 
LDR worldlights          6/8192          528/720896   ( 0.1%) 
HDR worldlights          0/8192            0/720896   ( 0.0%) 
leafwaterdata            1/32768          12/393216   ( 0.0%) 
waterstrips             43/32768         430/327680   ( 0.1%) 
waterverts               0/65536           0/786432   ( 0.0%) 
waterindices           591/65536        1182/131072   ( 0.9%) 
cubemapsamples           2/1024           32/16384    ( 0.2%) 
overlays                 0/512             0/180224   ( 0.0%) 
LDR lightdata         [variable]    10451524/0        ( 0.0%) 
HDR lightdata         [variable]           0/0        ( 0.0%) 
visdata               [variable]        2139/16777216 ( 0.0%) 
entdata               [variable]       39177/393216   (10.0%) 
LDR ambient table      552/65536        2208/262144   ( 0.8%) 
HDR ambient table      552/65536        2208/262144   ( 0.8%) 
LDR leaf ambient       803/65536       22484/1835008  ( 1.2%) 
HDR leaf ambient       552/65536       15456/1835008  ( 0.8%) 
occluders                0/0               0/0        ( 0.0%) 
occluder polygons        0/0               0/0        ( 0.0%) 
occluder vert ind        0/0               0/0        ( 0.0%) 
detail props          [variable]           1/12       ( 8.3%) 
static props          [variable]           1/420      ( 0.2%) 
pakfile               [variable]      320493/0        ( 0.0%) 
physics               [variable]       54784/4194304  ( 1.3%) 
physics terrain       [variable]           2/1048576  ( 0.0%) 

Level flags = 0

Total triangle count: 2401
Writing c:\program files (x86)\steam\steamapps\common\sourcesdk_content\hl2mp\mapsrc\test.bsp
3 seconds elapsed



materialPath: C:\Program Files (x86)\Steam\steamapps\common\Half-Life 2 Deathmatch\hl2mp\materials
Loading c:\program files (x86)\steam\steamapps\common\sourcesdk_content\hl2mp\mapsrc\test.vmf
ConVarRef mat_reduceparticles doesn't point to an existing ConVar
Could not locate 'GameData' key in c:\program files (x86)\steam\steamapps\common\half-life 2 deathmatch\hl2mp\gameinfo.txt
Patching WVT material: maps/test/dev/dev_blendmeasure_wvt_patch
fixing up env_cubemap materials on brush sides...
0...1...2...3...4...5...6...7...8...9...100...1...2...3...4...5...6...7...8...9...10Processing areas...done (0)
Building Faces...done (0)
Chop Details...done (0)
Find Visible Detail Sides...done (0)
Merging details...done (0)
FixTjuncs...
PruneNodes...
WriteBSP...
done (0)
writing c:\program files (x86)\steam\steamapps\common\sourcesdk_content\hl2mp\mapsrc\test.prt...Building visibility clusters...
done (0)
Creating default LDR cubemaps for env_cubemap using skybox materials:
   skybox/sky_day01_01*.vmt
 ! Run buildcubemaps in the engine to get the correct cube maps.
Creating default HDR cubemaps for env_cubemap using skybox materials:
   skybox/sky_day01_01*.vmt
 ! Run buildcubemaps in the engine to get the correct cube maps.
Finding displacement neighbors...
Finding lightmap sample positions...
Displacement Alpha : 0...1...2...3...4...5...6...7...8...9...10
Building Physics collision data...
done (0) (54784 bytes)
Placing detail props : 0...1...2...3...4...5...6...7...8...9...10
Compacting texture/material tables...
Reduced 318 texinfos to 145
Reduced 34 texdatas to 25 (1106 bytes to 835)
Writing c:\program files (x86)\steam\steamapps\common\sourcesdk_content\hl2mp\mapsrc\test.bsp
Wrote ZIP buffer, estimated size 322717, actual size 320493
0 seconds elapsed



12 threads
reading c:\program files (x86)\steam\steamapps\common\sourcesdk_content\hl2mp\mapsrc\test.bsp
reading c:\program files (x86)\steam\steamapps\common\sourcesdk_content\hl2mp\mapsrc\test.prt
  71 portalclusters
 242 numportals
0...1...2...3...4...5...6...7...8...9...10Optimized: 63 visible clusters (1.34%)
Total clusters visible: 4716
Average clusters visible: 66
Building PAS...
Average clusters audible: 71
visdatasize:1857  compressed from 2272
writing c:\program files (x86)\steam\steamapps\common\sourcesdk_content\hl2mp\mapsrc\test.bsp
0 seconds elapsed



[Reading texlights from 'lights.rad']
[45 texlights parsed from 'lights.rad']

Loading c:\program files (x86)\steam\steamapps\common\sourcesdk_content\hl2mp\mapsrc\test.bsp
934 faces
37020 square feet [5330964.00 square inches]
0 Displacements
0 Square Feet [0.00 Square Inches]
934 patches before subdivision
52294 patches after subdivision
6 direct lights
0...1...2...3...4...5...6...7...8...9...100...1...2...3...4...5...6...7...8...9...10transfers 6206706, max 621
transfer lists:  47.4 megs
0...1...2...3...4...5...6...7...8...9...10	Bounce #1 added RGB(6963, 6511, 4643)
0...1...2...3...4...5...6...7...8...9...10	Bounce #2 added RGB(6169, 5349, 3429)
Build Patch/Sample Hash Table(s).....Done<0.0134 sec>
0...1...2...3...4...5...6...7...8...9...10FinalLightFace Done
0 of 0 (0% of) surface lights went in leaf ambient cubes.
0...1...2...3...4...5...6...7...8...9...10Writing leaf ambient...done
Ready to Finish

Object names       Objects/Maxobjs  Memory / Maxmem  Fullness 
------------       ---------------  ---------------  -------- 
models                  39/1024         1872/49152    ( 3.8%) 
brushes                113/8192         1356/98304    ( 1.4%) 
brushsides             811/65536        6488/524288   ( 1.2%) 
planes                 936/65536       18720/1310720  ( 1.4%) 
vertexes              1372/65536       16464/786432   ( 2.1%) 
nodes                  503/65536       16096/2097152  ( 0.8%) 
texinfos               145/12288       10440/884736   ( 1.2%) 
texdata                 25/2048          800/65536    ( 1.2%) 
dispinfos                0/0               0/0        ( 0.0%) 
disp_verts               0/0               0/0        ( 0.0%) 
disp_tris                0/0               0/0        ( 0.0%) 
disp_lmsamples           0/0               0/0        ( 0.0%) 
faces                  934/65536       52304/3670016  ( 1.4%) 
hdr faces                0/65536           0/3670016  ( 0.0%) 
origfaces              427/65536       23912/3670016  ( 0.7%) 
leaves                 543/65536       17376/2097152  ( 0.8%) 
leaffaces             1204/65536        2408/131072   ( 1.8%) 
leafbrushes            156/65536         312/131072   ( 0.2%) 
areas                    2/256            16/2048     ( 0.8%) 
surfedges             5999/512000      23996/2048000  ( 1.2%) 
edges                 3186/256000      12744/1024000  ( 1.2%) 
LDR worldlights          6/8192          528/720896   ( 0.1%) 
HDR worldlights          0/8192            0/720896   ( 0.0%) 
leafwaterdata            1/32768          12/393216   ( 0.0%) 
waterstrips             41/32768         410/327680   ( 0.1%) 
waterverts               0/65536           0/786432   ( 0.0%) 
waterindices           567/65536        1134/131072   ( 0.9%) 
cubemapsamples           2/1024           32/16384    ( 0.2%) 
overlays                 0/512             0/180224   ( 0.0%) 
LDR lightdata         [variable]    10450532/0        ( 0.0%) 
HDR lightdata         [variable]           0/0        ( 0.0%) 
visdata               [variable]        1857/16777216 ( 0.0%) 
entdata               [variable]       39187/393216   (10.0%) 
LDR ambient table      543/65536        2172/262144   ( 0.8%) 
HDR ambient table      543/65536        2172/262144   ( 0.8%) 
LDR leaf ambient       777/65536       21756/1835008  ( 1.2%) 
HDR leaf ambient       543/65536       15204/1835008  ( 0.8%) 
occluders                0/0               0/0        ( 0.0%) 
occluder polygons        0/0               0/0        ( 0.0%) 
occluder vert ind        0/0               0/0        ( 0.0%) 
detail props          [variable]           1/12       ( 8.3%) 
static props          [variable]           1/418      ( 0.2%) 
pakfile               [variable]      320493/0        ( 0.0%) 
physics               [variable]       54784/4194304  ( 1.3%) 
physics terrain       [variable]           2/1048576  ( 0.0%) 

Level flags = 0

Total triangle count: 2375
Writing c:\program files (x86)\steam\steamapps\common\sourcesdk_content\hl2mp\mapsrc\test.bsp
3 seconds elapsed



materialPath: C:\Program Files (x86)\Steam\steamapps\common\Half-Life 2 Deathmatch\hl2mp\materials
Loading c:\program files (x86)\steam\steamapps\common\sourcesdk_content\hl2mp\mapsrc\test.vmf
ConVarRef mat_reduceparticles doesn't point to an existing ConVar
Could not locate 'GameData' key in c:\program files (x86)\steam\steamapps\common\half-life 2 deathmatch\hl2mp\gameinfo.txt
Patching WVT material: maps/test/dev/dev_blendmeasure_wvt_patch
fixing up env_cubemap materials on brush sides...
0...1...2...3...4...5...6...7...8...9...100...1...2...3...4...5...6...7...8...9...10Processing areas...done (0)
Building Faces...done (0)
Chop Details...done (0)
Find Visible Detail Sides...done (0)
Merging details...done (0)
FixTjuncs...
PruneNodes...
WriteBSP...
done (0)
writing c:\program files (x86)\steam\steamapps\common\sourcesdk_content\hl2mp\mapsrc\test.prt...Building visibility clusters...
done (0)
Creating default LDR cubemaps for env_cubemap using skybox materials:
   skybox/sky_day01_01*.vmt
 ! Run buildcubemaps in the engine to get the correct cube maps.
Creating default HDR cubemaps for env_cubemap using skybox materials:
   skybox/sky_day01_01*.vmt
 ! Run buildcubemaps in the engine to get the correct cube maps.
Finding displacement neighbors...
Finding lightmap sample positions...
Displacement Alpha : 0...1...2...3...4...5...6...7...8...9...10
Building Physics collision data...
done (0) (54785 bytes)
Placing detail props : 0...1...2...3...4...5...6...7...8...9...10
Compacting texture/material tables...
Reduced 329 texinfos to 148
Reduced 34 texdatas to 25 (1106 bytes to 835)
Writing c:\program files (x86)\steam\steamapps\common\sourcesdk_content\hl2mp\mapsrc\test.bsp
Wrote ZIP buffer, estimated size 322717, actual size 320493
0 seconds elapsed



12 threads
reading c:\program files (x86)\steam\steamapps\common\sourcesdk_content\hl2mp\mapsrc\test.bsp
reading c:\program files (x86)\steam\steamapps\common\sourcesdk_content\hl2mp\mapsrc\test.prt
  74 portalclusters
 254 numportals
0...1...2...3...4...5...6...7...8...9...10Optimized: 63 visible clusters (1.22%)
Total clusters visible: 5143
Average clusters visible: 69
Building PAS...
Average clusters audible: 74
visdatasize:2083  compressed from 2368
writing c:\program files (x86)\steam\steamapps\common\sourcesdk_content\hl2mp\mapsrc\test.bsp
0 seconds elapsed



[Reading texlights from 'lights.rad']
[45 texlights parsed from 'lights.rad']

Loading c:\program files (x86)\steam\steamapps\common\sourcesdk_content\hl2mp\mapsrc\test.bsp
934 faces
37032 square feet [5332628.00 square inches]
0 Displacements
0 Square Feet [0.00 Square Inches]
934 patches before subdivision
52294 patches after subdivision
6 direct lights
0...1...2...3...4...5...6...7...8...9...100...1...2...3...4...5...6...7...8...9...10transfers 6200442, max 622
transfer lists:  47.3 megs
0...1...2...3...4...5...6...7...8...9...10	Bounce #1 added RGB(6959, 6507, 4641)
0...1...2...3...4...5...6...7...8...9...10	Bounce #2 added RGB(6174, 5354, 3432)
Build Patch/Sample Hash Table(s).....Done<0.0117 sec>
0...1...2...3...4...5...6...7...8...9...10FinalLightFace Done
0 of 0 (0% of) surface lights went in leaf ambient cubes.
0...1...2...3...4...5...6...7...8...9...10Writing leaf ambient...done
Ready to Finish

Object names       Objects/Maxobjs  Memory / Maxmem  Fullness 
------------       ---------------  ---------------  -------- 
models                  39/1024         1872/49152    ( 3.8%) 
brushes                113/8192         1356/98304    ( 1.4%) 
brushsides             811/65536        6488/524288   ( 1.2%) 
planes                 938/65536       18760/1310720  ( 1.4%) 
vertexes              1372/65536       16464/786432   ( 2.1%) 
nodes                  506/65536       16192/2097152  ( 0.8%) 
texinfos               148/12288       10656/884736   ( 1.2%) 
texdata                 25/2048          800/65536    ( 1.2%) 
dispinfos                0/0               0/0        ( 0.0%) 
disp_verts               0/0               0/0        ( 0.0%) 
disp_tris                0/0               0/0        ( 0.0%) 
disp_lmsamples           0/0               0/0        ( 0.0%) 
faces                  934/65536       52304/3670016  ( 1.4%) 
hdr faces                0/65536           0/3670016  ( 0.0%) 
origfaces              427/65536       23912/3670016  ( 0.7%) 
leaves                 546/65536       17472/2097152  ( 0.8%) 
leaffaces             1204/65536        2408/131072   ( 1.8%) 
leafbrushes            155/65536         310/131072   ( 0.2%) 
areas                    2/256            16/2048     ( 0.8%) 
surfedges             5999/512000      23996/2048000  ( 1.2%) 
edges                 3186/256000      12744/1024000  ( 1.2%) 
LDR worldlights          6/8192          528/720896   ( 0.1%) 
HDR worldlights          0/8192            0/720896   ( 0.0%) 
leafwaterdata            1/32768          12/393216   ( 0.0%) 
waterstrips             37/32768         370/327680   ( 0.1%) 
waterverts               0/65536           0/786432   ( 0.0%) 
waterindices           519/65536        1038/131072   ( 0.8%) 
cubemapsamples           2/1024           32/16384    ( 0.2%) 
overlays                 0/512             0/180224   ( 0.0%) 
LDR lightdata         [variable]    10450668/0        ( 0.0%) 
HDR lightdata         [variable]           0/0        ( 0.0%) 
visdata               [variable]        2083/16777216 ( 0.0%) 
entdata               [variable]       39320/393216   (10.0%) 
LDR ambient table      546/65536        2184/262144   ( 0.8%) 
HDR ambient table      546/65536        2184/262144   ( 0.8%) 
LDR leaf ambient       782/65536       21896/1835008  ( 1.2%) 
HDR leaf ambient       546/65536       15288/1835008  ( 0.8%) 
occluders                0/0               0/0        ( 0.0%) 
occluder polygons        0/0               0/0        ( 0.0%) 
occluder vert ind        0/0               0/0        ( 0.0%) 
detail props          [variable]           1/12       ( 8.3%) 
static props          [variable]           1/418      ( 0.2%) 
pakfile               [variable]      320493/0        ( 0.0%) 
physics               [variable]       54785/4194304  ( 1.3%) 
physics terrain       [variable]           2/1048576  ( 0.0%) 

Level flags = 0

Total triangle count: 2375
Writing c:\program files (x86)\steam\steamapps\common\sourcesdk_content\hl2mp\mapsrc\test.bsp
3 seconds elapsed



materialPath: C:\Program Files (x86)\Steam\steamapps\common\Half-Life 2 Deathmatch\hl2mp\materials
Loading c:\program files (x86)\steam\steamapps\common\sourcesdk_content\hl2mp\mapsrc\test.vmf
ConVarRef mat_reduceparticles doesn't point to an existing ConVar
Could not locate 'GameData' key in c:\program files (x86)\steam\steamapps\common\half-life 2 deathmatch\hl2mp\gameinfo.txt
Patching WVT material: maps/test/dev/dev_blendmeasure_wvt_patch
fixing up env_cubemap materials on brush sides...
0...1...2...3...4...5...6...7...8...9...100...1...2...3...4...5...6...7...8...9...10Processing areas...done (0)
Building Faces...done (0)
Chop Details...done (0)
Find Visible Detail Sides...done (0)
Merging details...done (0)
FixTjuncs...
PruneNodes...
WriteBSP...
done (0)
writing c:\program files (x86)\steam\steamapps\common\sourcesdk_content\hl2mp\mapsrc\test.prt...Building visibility clusters...
done (0)
Creating default LDR cubemaps for env_cubemap using skybox materials:
   skybox/sky_day01_01*.vmt
 ! Run buildcubemaps in the engine to get the correct cube maps.
Creating default HDR cubemaps for env_cubemap using skybox materials:
   skybox/sky_day01_01*.vmt
 ! Run buildcubemaps in the engine to get the correct cube maps.
Finding displacement neighbors...
Finding lightmap sample positions...
Displacement Alpha : 0...1...2...3...4...5...6...7...8...9...10
Building Physics collision data...
done (0) (54785 bytes)
Placing detail props : 0...1...2...3...4...5...6...7...8...9...10
Compacting texture/material tables...
Reduced 329 texinfos to 148
Reduced 34 texdatas to 25 (1106 bytes to 835)
Writing c:\program files (x86)\steam\steamapps\common\sourcesdk_content\hl2mp\mapsrc\test.bsp
Wrote ZIP buffer, estimated size 322717, actual size 320493
0 seconds elapsed



12 threads
reading c:\program files (x86)\steam\steamapps\common\sourcesdk_content\hl2mp\mapsrc\test.bsp
reading c:\program files (x86)\steam\steamapps\common\sourcesdk_content\hl2mp\mapsrc\test.prt
  74 portalclusters
 254 numportals
0...1...2...3...4...5...6...7...8...9...10Optimized: 63 visible clusters (1.22%)
Total clusters visible: 5143
Average clusters visible: 69
Building PAS...
Average clusters audible: 74
visdatasize:2083  compressed from 2368
writing c:\program files (x86)\steam\steamapps\common\sourcesdk_content\hl2mp\mapsrc\test.bsp
0 seconds elapsed



[Reading texlights from 'lights.rad']
[45 texlights parsed from 'lights.rad']

Loading c:\program files (x86)\steam\steamapps\common\sourcesdk_content\hl2mp\mapsrc\test.bsp
934 faces
37032 square feet [5332628.00 square inches]
0 Displacements
0 Square Feet [0.00 Square Inches]
934 patches before subdivision
52294 patches after subdivision
6 direct lights
0...1...2...3...4...5...6...7...8...9...100...1...2...3...4...5...6...7...8...9...10transfers 6200442, max 622
transfer lists:  47.3 megs
0...1...2...3...4...5...6...7...8...9...10	Bounce #1 added RGB(6959, 6507, 4641)
0...1...2...3...4...5...6...7...8...9...10	Bounce #2 added RGB(6174, 5354, 3432)
Build Patch/Sample Hash Table(s).....Done<0.0133 sec>
0...1...2...3...4...5...6...7...8...9...10FinalLightFace Done
0 of 0 (0% of) surface lights went in leaf ambient cubes.
0...1...2...3...4...5...6...7...8...9...10Writing leaf ambient...done
Ready to Finish

Object names       Objects/Maxobjs  Memory / Maxmem  Fullness 
------------       ---------------  ---------------  -------- 
models                  39/1024         1872/49152    ( 3.8%) 
brushes                113/8192         1356/98304    ( 1.4%) 
brushsides             811/65536        6488/524288   ( 1.2%) 
planes                 938/65536       18760/1310720  ( 1.4%) 
vertexes              1372/65536       16464/786432   ( 2.1%) 
nodes                  506/65536       16192/2097152  ( 0.8%) 
texinfos               148/12288       10656/884736   ( 1.2%) 
texdata                 25/2048          800/65536    ( 1.2%) 
dispinfos                0/0               0/0        ( 0.0%) 
disp_verts               0/0               0/0        ( 0.0%) 
disp_tris                0/0               0/0        ( 0.0%) 
disp_lmsamples           0/0               0/0        ( 0.0%) 
faces                  934/65536       52304/3670016  ( 1.4%) 
hdr faces                0/65536           0/3670016  ( 0.0%) 
origfaces              427/65536       23912/3670016  ( 0.7%) 
leaves                 546/65536       17472/2097152  ( 0.8%) 
leaffaces             1204/65536        2408/131072   ( 1.8%) 
leafbrushes            155/65536         310/131072   ( 0.2%) 
areas                    2/256            16/2048     ( 0.8%) 
surfedges             5999/512000      23996/2048000  ( 1.2%) 
edges                 3186/256000      12744/1024000  ( 1.2%) 
LDR worldlights          6/8192          528/720896   ( 0.1%) 
HDR worldlights          0/8192            0/720896   ( 0.0%) 
leafwaterdata            1/32768          12/393216   ( 0.0%) 
waterstrips             37/32768         370/327680   ( 0.1%) 
waterverts               0/65536           0/786432   ( 0.0%) 
waterindices           519/65536        1038/131072   ( 0.8%) 
cubemapsamples           2/1024           32/16384    ( 0.2%) 
overlays                 0/512             0/180224   ( 0.0%) 
LDR lightdata         [variable]    10450668/0        ( 0.0%) 
HDR lightdata         [variable]           0/0        ( 0.0%) 
visdata               [variable]        2083/16777216 ( 0.0%) 
entdata               [variable]       39339/393216   (10.0%) 
LDR ambient table      546/65536        2184/262144   ( 0.8%) 
HDR ambient table      546/65536        2184/262144   ( 0.8%) 
LDR leaf ambient       782/65536       21896/1835008  ( 1.2%) 
HDR leaf ambient       546/65536       15288/1835008  ( 0.8%) 
occluders                0/0               0/0        ( 0.0%) 
occluder polygons        0/0               0/0        ( 0.0%) 
occluder vert ind        0/0               0/0        ( 0.0%) 
detail props          [variable]           1/12       ( 8.3%) 
static props          [variable]           1/418      ( 0.2%) 
pakfile               [variable]      320493/0        ( 0.0%) 
physics               [variable]       54785/4194304  ( 1.3%) 
physics terrain       [variable]           2/1048576  ( 0.0%) 

Level flags = 0

Total triangle count: 2375
Writing c:\program files (x86)\steam\steamapps\common\sourcesdk_content\hl2mp\mapsrc\test.bsp
3 seconds elapsed



materialPath: C:\Program Files (x86)\Steam\steamapps\common\Half-Life 2 Deathmatch\hl2mp\materials
Loading c:\program files (x86)\steam\steamapps\common\sourcesdk_content\hl2mp\mapsrc\test.vmf
ConVarRef mat_reduceparticles doesn't point to an existing ConVar
Could not locate 'GameData' key in c:\program files (x86)\steam\steamapps\common\half-life 2 deathmatch\hl2mp\gameinfo.txt
Patching WVT material: maps/test/dev/dev_blendmeasure_wvt_patch
fixing up env_cubemap materials on brush sides...
0...1...2...3...4...5...6...7...8...9...100...1...2...3...4...5...6...7...8...9...10Processing areas...done (0)
Building Faces...done (0)
Chop Details...done (0)
Find Visible Detail Sides...done (0)
Merging details...done (0)
FixTjuncs...
PruneNodes...
WriteBSP...
done (0)
writing c:\program files (x86)\steam\steamapps\common\sourcesdk_content\hl2mp\mapsrc\test.prt...Building visibility clusters...
done (0)
Creating default LDR cubemaps for env_cubemap using skybox materials:
   skybox/sky_day01_01*.vmt
 ! Run buildcubemaps in the engine to get the correct cube maps.
Creating default HDR cubemaps for env_cubemap using skybox materials:
   skybox/sky_day01_01*.vmt
 ! Run buildcubemaps in the engine to get the correct cube maps.
Finding displacement neighbors...
Finding lightmap sample positions...
Displacement Alpha : 0...1...2...3...4...5...6...7...8...9...10
Building Physics collision data...
done (0) (56253 bytes)
Placing detail props : 0...1...2...3...4...5...6...7...8...9...10
Compacting texture/material tables...
Reduced 331 texinfos to 147
Reduced 34 texdatas to 25 (1106 bytes to 835)
Writing c:\program files (x86)\steam\steamapps\common\sourcesdk_content\hl2mp\mapsrc\test.bsp
Wrote ZIP buffer, estimated size 322717, actual size 320493
0 seconds elapsed



12 threads
reading c:\program files (x86)\steam\steamapps\common\sourcesdk_content\hl2mp\mapsrc\test.bsp
reading c:\program files (x86)\steam\steamapps\common\sourcesdk_content\hl2mp\mapsrc\test.prt
  56 portalclusters
 163 numportals
0...1...2...3...4...5...6...7...8...9...10Optimized: 63 visible clusters (2.13%)
Total clusters visible: 2953
Average clusters visible: 52
Building PAS...
Average clusters audible: 56
visdatasize:1242  compressed from 896
writing c:\program files (x86)\steam\steamapps\common\sourcesdk_content\hl2mp\mapsrc\test.bsp
0 seconds elapsed



[Reading texlights from 'lights.rad']
[45 texlights parsed from 'lights.rad']

Loading c:\program files (x86)\steam\steamapps\common\sourcesdk_content\hl2mp\mapsrc\test.bsp
934 faces
37032 square feet [5332624.00 square inches]
0 Displacements
0 Square Feet [0.00 Square Inches]
934 patches before subdivision
52036 patches after subdivision
6 direct lights
0...1...2...3...4...5...6...7...8...9...100...1...2...3...4...5...6...7...8...9...10transfers 5649437, max 604
transfer lists:  43.1 megs
0...1...2...3...4...5...6...7...8...9...10	Bounce #1 added RGB(6829, 6386, 4555)
0...1...2...3...4...5...6...7...8...9...10	Bounce #2 added RGB(6156, 5337, 3421)
Build Patch/Sample Hash Table(s).....Done<0.0122 sec>
0...1...2...3...4...5...6...7...8...9...10FinalLightFace Done
0 of 0 (0% of) surface lights went in leaf ambient cubes.
0...1...2...3...4...5...6...7...8...9...10Writing leaf ambient...done
Ready to Finish

Object names       Objects/Maxobjs  Memory / Maxmem  Fullness 
------------       ---------------  ---------------  -------- 
models                  40/1024         1920/49152    ( 3.9%) 
brushes                113/8192         1356/98304    ( 1.4%) 
brushsides             811/65536        6488/524288   ( 1.2%) 
planes                1012/65536       20240/1310720  ( 1.5%) 
vertexes              1349/65536       16188/786432   ( 2.1%) 
nodes                  521/65536       16672/2097152  ( 0.8%) 
texinfos               147/12288       10584/884736   ( 1.2%) 
texdata                 25/2048          800/65536    ( 1.2%) 
dispinfos                0/0               0/0        ( 0.0%) 
disp_verts               0/0               0/0        ( 0.0%) 
disp_tris                0/0               0/0        ( 0.0%) 
disp_lmsamples           0/0               0/0        ( 0.0%) 
faces                  934/65536       52304/3670016  ( 1.4%) 
hdr faces                0/65536           0/3670016  ( 0.0%) 
origfaces              434/65536       24304/3670016  ( 0.7%) 
leaves                 562/65536       17984/2097152  ( 0.9%) 
leaffaces             1243/65536        2486/131072   ( 1.9%) 
leafbrushes            141/65536         282/131072   ( 0.2%) 
areas                    2/256            16/2048     ( 0.8%) 
surfedges             5999/512000      23996/2048000  ( 1.2%) 
edges                 3177/256000      12708/1024000  ( 1.2%) 
LDR worldlights          6/8192          528/720896   ( 0.1%) 
HDR worldlights          0/8192            0/720896   ( 0.0%) 
leafwaterdata            1/32768          12/393216   ( 0.0%) 
waterstrips             30/32768         300/327680   ( 0.1%) 
waterverts               0/65536           0/786432   ( 0.0%) 
waterindices           420/65536         840/131072   ( 0.6%) 
cubemapsamples           2/1024           32/16384    ( 0.2%) 
overlays                 0/512             0/180224   ( 0.0%) 
LDR lightdata         [variable]    10447876/0        ( 0.0%) 
HDR lightdata         [variable]           0/0        ( 0.0%) 
visdata               [variable]        1242/16777216 ( 0.0%) 
entdata               [variable]       39813/393216   (10.1%) 
LDR ambient table      562/65536        2248/262144   ( 0.9%) 
HDR ambient table      562/65536        2248/262144   ( 0.9%) 
LDR leaf ambient       768/65536       21504/1835008  ( 1.2%) 
HDR leaf ambient       562/65536       15736/1835008  ( 0.9%) 
occluders                0/0               0/0        ( 0.0%) 
occluder polygons        0/0               0/0        ( 0.0%) 
occluder vert ind        0/0               0/0        ( 0.0%) 
detail props          [variable]           1/12       ( 8.3%) 
static props          [variable]           1/418      ( 0.2%) 
pakfile               [variable]      320493/0        ( 0.0%) 
physics               [variable]       56253/4194304  ( 1.3%) 
physics terrain       [variable]           2/1048576  ( 0.0%) 

Level flags = 0

Total triangle count: 2347
Writing c:\program files (x86)\steam\steamapps\common\sourcesdk_content\hl2mp\mapsrc\test.bsp
3 seconds elapsed



materialPath: C:\Program Files (x86)\Steam\steamapps\common\Half-Life 2 Deathmatch\hl2mp\materials
Loading c:\program files (x86)\steam\steamapps\common\sourcesdk_content\hl2mp\mapsrc\test.vmf
ConVarRef mat_reduceparticles doesn't point to an existing ConVar
Could not locate 'GameData' key in c:\program files (x86)\steam\steamapps\common\half-life 2 deathmatch\hl2mp\gameinfo.txt
Patching WVT material: maps/test/dev/dev_blendmeasure_wvt_patch
fixing up env_cubemap materials on brush sides...
0...1...2...3...4...5...6...7...8...9...100...1...2...3...4...5...6...7...8...9...10Processing areas...done (0)
Building Faces...done (0)
Chop Details...done (0)
Find Visible Detail Sides...done (0)
Merging details...done (0)
FixTjuncs...
PruneNodes...
WriteBSP...
done (0)
writing c:\program files (x86)\steam\steamapps\common\sourcesdk_content\hl2mp\mapsrc\test.prt...Building visibility clusters...
done (0)
Creating default LDR cubemaps for env_cubemap using skybox materials:
   skybox/sky_day01_01*.vmt
 ! Run buildcubemaps in the engine to get the correct cube maps.
Creating default HDR cubemaps for env_cubemap using skybox materials:
   skybox/sky_day01_01*.vmt
 ! Run buildcubemaps in the engine to get the correct cube maps.
Finding displacement neighbors...
Finding lightmap sample positions...
Displacement Alpha : 0...1...2...3...4...5...6...7...8...9...10
Building Physics collision data...
done (0) (56253 bytes)
Placing detail props : 0...1...2...3...4...5...6...7...8...9...10
Compacting texture/material tables...
Reduced 331 texinfos to 147
Reduced 34 texdatas to 25 (1106 bytes to 835)
Writing c:\program files (x86)\steam\steamapps\common\sourcesdk_content\hl2mp\mapsrc\test.bsp
Wrote ZIP buffer, estimated size 322717, actual size 320493
0 seconds elapsed



12 threads
reading c:\program files (x86)\steam\steamapps\common\sourcesdk_content\hl2mp\mapsrc\test.bsp
reading c:\program files (x86)\steam\steamapps\common\sourcesdk_content\hl2mp\mapsrc\test.prt
  56 portalclusters
 163 numportals
0...1...2...3...4...5...6...7...8...9...10Optimized: 63 visible clusters (2.13%)
Total clusters visible: 2953
Average clusters visible: 52
Building PAS...
Average clusters audible: 56
visdatasize:1242  compressed from 896
writing c:\program files (x86)\steam\steamapps\common\sourcesdk_content\hl2mp\mapsrc\test.bsp
0 seconds elapsed



[Reading texlights from 'lights.rad']
[45 texlights parsed from 'lights.rad']

Loading c:\program files (x86)\steam\steamapps\common\sourcesdk_content\hl2mp\mapsrc\test.bsp
934 faces
37032 square feet [5332624.00 square inches]
0 Displacements
0 Square Feet [0.00 Square Inches]
934 patches before subdivision
52036 patches after subdivision
6 direct lights
0...1...2...3...4...5...6...7...8...9...100...1...2...3...4...5...6...7...8...9...10transfers 5649437, max 604
transfer lists:  43.1 megs
0...1...2...3...4...5...6...7...8...9...10	Bounce #1 added RGB(6829, 6386, 4555)
0...1...2...3...4...5...6...7...8...9...10	Bounce #2 added RGB(6156, 5337, 3421)
Build Patch/Sample Hash Table(s).....Done<0.0134 sec>
0...1...2...3...4...5...6...7...8...9...10FinalLightFace Done
0 of 0 (0% of) surface lights went in leaf ambient cubes.
0...1...2...3...4...5...6...7...8...9...10Writing leaf ambient...done
Ready to Finish

Object names       Objects/Maxobjs  Memory / Maxmem  Fullness 
------------       ---------------  ---------------  -------- 
models                  40/1024         1920/49152    ( 3.9%) 
brushes                113/8192         1356/98304    ( 1.4%) 
brushsides             811/65536        6488/524288   ( 1.2%) 
planes                1012/65536       20240/1310720  ( 1.5%) 
vertexes              1349/65536       16188/786432   ( 2.1%) 
nodes                  521/65536       16672/2097152  ( 0.8%) 
texinfos               147/12288       10584/884736   ( 1.2%) 
texdata                 25/2048          800/65536    ( 1.2%) 
dispinfos                0/0               0/0        ( 0.0%) 
disp_verts               0/0               0/0        ( 0.0%) 
disp_tris                0/0               0/0        ( 0.0%) 
disp_lmsamples           0/0               0/0        ( 0.0%) 
faces                  934/65536       52304/3670016  ( 1.4%) 
hdr faces                0/65536           0/3670016  ( 0.0%) 
origfaces              434/65536       24304/3670016  ( 0.7%) 
leaves                 562/65536       17984/2097152  ( 0.9%) 
leaffaces             1243/65536        2486/131072   ( 1.9%) 
leafbrushes            141/65536         282/131072   ( 0.2%) 
areas                    2/256            16/2048     ( 0.8%) 
surfedges             5999/512000      23996/2048000  ( 1.2%) 
edges                 3177/256000      12708/1024000  ( 1.2%) 
LDR worldlights          6/8192          528/720896   ( 0.1%) 
HDR worldlights          0/8192            0/720896   ( 0.0%) 
leafwaterdata            1/32768          12/393216   ( 0.0%) 
waterstrips             30/32768         300/327680   ( 0.1%) 
waterverts               0/65536           0/786432   ( 0.0%) 
waterindices           420/65536         840/131072   ( 0.6%) 
cubemapsamples           2/1024           32/16384    ( 0.2%) 
overlays                 0/512             0/180224   ( 0.0%) 
LDR lightdata         [variable]    10447876/0        ( 0.0%) 
HDR lightdata         [variable]           0/0        ( 0.0%) 
visdata               [variable]        1242/16777216 ( 0.0%) 
entdata               [variable]       39813/393216   (10.1%) 
LDR ambient table      562/65536        2248/262144   ( 0.9%) 
HDR ambient table      562/65536        2248/262144   ( 0.9%) 
LDR leaf ambient       768/65536       21504/1835008  ( 1.2%) 
HDR leaf ambient       562/65536       15736/1835008  ( 0.9%) 
occluders                0/0               0/0        ( 0.0%) 
occluder polygons        0/0               0/0        ( 0.0%) 
occluder vert ind        0/0               0/0        ( 0.0%) 
detail props          [variable]           1/12       ( 8.3%) 
static props          [variable]           1/418      ( 0.2%) 
pakfile               [variable]      320493/0        ( 0.0%) 
physics               [variable]       56253/4194304  ( 1.3%) 
physics terrain       [variable]           2/1048576  ( 0.0%) 

Level flags = 0

Total triangle count: 2347
Writing c:\program files (x86)\steam\steamapps\common\sourcesdk_content\hl2mp\mapsrc\test.bsp
3 seconds elapsed



materialPath: C:\Program Files (x86)\Steam\steamapps\common\Half-Life 2 Deathmatch\hl2mp\materials
Loading c:\program files (x86)\steam\steamapps\common\sourcesdk_content\hl2mp\mapsrc\test.vmf
ConVarRef mat_reduceparticles doesn't point to an existing ConVar
Could not locate 'GameData' key in c:\program files (x86)\steam\steamapps\common\half-life 2 deathmatch\hl2mp\gameinfo.txt
Patching WVT material: maps/test/dev/dev_blendmeasure_wvt_patch
fixing up env_cubemap materials on brush sides...
0...1...2...3...4...5...6...7...8...9...100...1...2...3...4...5...6...7...8...9...10Processing areas...done (0)
Building Faces...done (0)
Chop Details...done (0)
Find Visible Detail Sides...done (0)
Merging details...done (0)
FixTjuncs...
PruneNodes...
WriteBSP...
done (0)
writing c:\program files (x86)\steam\steamapps\common\sourcesdk_content\hl2mp\mapsrc\test.prt...Building visibility clusters...
done (0)
Creating default LDR cubemaps for env_cubemap using skybox materials:
   skybox/sky_day01_01*.vmt
 ! Run buildcubemaps in the engine to get the correct cube maps.
Creating default HDR cubemaps for env_cubemap using skybox materials:
   skybox/sky_day01_01*.vmt
 ! Run buildcubemaps in the engine to get the correct cube maps.
Finding displacement neighbors...
Finding lightmap sample positions...
Displacement Alpha : 0...1...2...3...4...5...6...7...8...9...10
Building Physics collision data...
done (0) (56253 bytes)
Placing detail props : 0...1...2...3...4...5...6...7...8...9...10
Compacting texture/material tables...
Reduced 331 texinfos to 147
Reduced 34 texdatas to 25 (1106 bytes to 835)
Writing c:\program files (x86)\steam\steamapps\common\sourcesdk_content\hl2mp\mapsrc\test.bsp
Wrote ZIP buffer, estimated size 322717, actual size 320493
0 seconds elapsed



12 threads
reading c:\program files (x86)\steam\steamapps\common\sourcesdk_content\hl2mp\mapsrc\test.bsp
reading c:\program files (x86)\steam\steamapps\common\sourcesdk_content\hl2mp\mapsrc\test.prt
  56 portalclusters
 163 numportals
0...1...2...3...4...5...6...7...8...9...10Optimized: 63 visible clusters (2.13%)
Total clusters visible: 2953
Average clusters visible: 52
Building PAS...
Average clusters audible: 56
visdatasize:1242  compressed from 896
writing c:\program files (x86)\steam\steamapps\common\sourcesdk_content\hl2mp\mapsrc\test.bsp
0 seconds elapsed



[Reading texlights from 'lights.rad']
[45 texlights parsed from 'lights.rad']

Loading c:\program files (x86)\steam\steamapps\common\sourcesdk_content\hl2mp\mapsrc\test.bsp
934 faces
37032 square feet [5332624.00 square inches]
0 Displacements
0 Square Feet [0.00 Square Inches]
934 patches before subdivision
52036 patches after subdivision
6 direct lights
0...1...2...3...4...5...6...7...8...9...100...1...2...3...4...5...6...7...8...9...10transfers 5649437, max 604
transfer lists:  43.1 megs
0...1...2...3...4...5...6...7...8...9...10	Bounce #1 added RGB(6829, 6386, 4555)
0...1...2...3...4...5...6...7...8...9...10	Bounce #2 added RGB(6156, 5337, 3421)
Build Patch/Sample Hash Table(s).....Done<0.0133 sec>
0...1...2...3...4...5...6...7...8...9...10FinalLightFace Done
0 of 0 (0% of) surface lights went in leaf ambient cubes.
0...1...2...3...4...5...6...7...8...9...10Writing leaf ambient...done
Ready to Finish

Object names       Objects/Maxobjs  Memory / Maxmem  Fullness 
------------       ---------------  ---------------  -------- 
models                  40/1024         1920/49152    ( 3.9%) 
brushes                113/8192         1356/98304    ( 1.4%) 
brushsides             811/65536        6488/524288   ( 1.2%) 
planes                1012/65536       20240/1310720  ( 1.5%) 
vertexes              1349/65536       16188/786432   ( 2.1%) 
nodes                  521/65536       16672/2097152  ( 0.8%) 
texinfos               147/12288       10584/884736   ( 1.2%) 
texdata                 25/2048          800/65536    ( 1.2%) 
dispinfos                0/0               0/0        ( 0.0%) 
disp_verts               0/0               0/0        ( 0.0%) 
disp_tris                0/0               0/0        ( 0.0%) 
disp_lmsamples           0/0               0/0        ( 0.0%) 
faces                  934/65536       52304/3670016  ( 1.4%) 
hdr faces                0/65536           0/3670016  ( 0.0%) 
origfaces              434/65536       24304/3670016  ( 0.7%) 
leaves                 562/65536       17984/2097152  ( 0.9%) 
leaffaces             1243/65536        2486/131072   ( 1.9%) 
leafbrushes            141/65536         282/131072   ( 0.2%) 
areas                    2/256            16/2048     ( 0.8%) 
surfedges             5999/512000      23996/2048000  ( 1.2%) 
edges                 3177/256000      12708/1024000  ( 1.2%) 
LDR worldlights          6/8192          528/720896   ( 0.1%) 
HDR worldlights          0/8192            0/720896   ( 0.0%) 
leafwaterdata            1/32768          12/393216   ( 0.0%) 
waterstrips             30/32768         300/327680   ( 0.1%) 
waterverts               0/65536           0/786432   ( 0.0%) 
waterindices           420/65536         840/131072   ( 0.6%) 
cubemapsamples           2/1024           32/16384    ( 0.2%) 
overlays                 0/512             0/180224   ( 0.0%) 
LDR lightdata         [variable]    10447876/0        ( 0.0%) 
HDR lightdata         [variable]           0/0        ( 0.0%) 
visdata               [variable]        1242/16777216 ( 0.0%) 
entdata               [variable]       39812/393216   (10.1%) 
LDR ambient table      562/65536        2248/262144   ( 0.9%) 
HDR ambient table      562/65536        2248/262144   ( 0.9%) 
LDR leaf ambient       768/65536       21504/1835008  ( 1.2%) 
HDR leaf ambient       562/65536       15736/1835008  ( 0.9%) 
occluders                0/0               0/0        ( 0.0%) 
occluder polygons        0/0               0/0        ( 0.0%) 
occluder vert ind        0/0               0/0        ( 0.0%) 
detail props          [variable]           1/12       ( 8.3%) 
static props          [variable]           1/418      ( 0.2%) 
pakfile               [variable]      320493/0        ( 0.0%) 
physics               [variable]       56253/4194304  ( 1.3%) 
physics terrain       [variable]           2/1048576  ( 0.0%) 

Level flags = 0

Total triangle count: 2347
Writing c:\program files (x86)\steam\steamapps\common\sourcesdk_content\hl2mp\mapsrc\test.bsp
3 seconds elapsed



materialPath: C:\Program Files (x86)\Steam\steamapps\common\Half-Life 2 Deathmatch\hl2mp\materials
Loading c:\program files (x86)\steam\steamapps\common\sourcesdk_content\hl2mp\mapsrc\test.vmf
ConVarRef mat_reduceparticles doesn't point to an existing ConVar
Could not locate 'GameData' key in c:\program files (x86)\steam\steamapps\common\half-life 2 deathmatch\hl2mp\gameinfo.txt
Patching WVT material: maps/test/dev/dev_blendmeasure_wvt_patch
fixing up env_cubemap materials on brush sides...
0...1...2...3...4...5...6...7...8...9...100...1...2...3...4...5...6...7...8...9...10Processing areas...done (0)
Building Faces...done (0)
Chop Details...done (0)
Find Visible Detail Sides...done (0)
Merging details...done (0)
FixTjuncs...
PruneNodes...
WriteBSP...
done (0)
writing c:\program files (x86)\steam\steamapps\common\sourcesdk_content\hl2mp\mapsrc\test.prt...Building visibility clusters...
done (0)
Creating default LDR cubemaps for env_cubemap using skybox materials:
   skybox/sky_day01_01*.vmt
 ! Run buildcubemaps in the engine to get the correct cube maps.
Creating default HDR cubemaps for env_cubemap using skybox materials:
   skybox/sky_day01_01*.vmt
 ! Run buildcubemaps in the engine to get the correct cube maps.
Finding displacement neighbors...
Finding lightmap sample positions...
Displacement Alpha : 0...1...2...3...4...5...6...7...8...9...10
Building Physics collision data...
done (0) (56253 bytes)
Placing detail props : 0...1...2...3...4...5...6...7...8...9...10
Compacting texture/material tables...
Reduced 331 texinfos to 147
Reduced 34 texdatas to 25 (1106 bytes to 835)
Writing c:\program files (x86)\steam\steamapps\common\sourcesdk_content\hl2mp\mapsrc\test.bsp
Wrote ZIP buffer, estimated size 322717, actual size 320493
0 seconds elapsed



12 threads
reading c:\program files (x86)\steam\steamapps\common\sourcesdk_content\hl2mp\mapsrc\test.bsp
reading c:\program files (x86)\steam\steamapps\common\sourcesdk_content\hl2mp\mapsrc\test.prt
  56 portalclusters
 163 numportals
0...1...2...3...4...5...6...7...8...9...10Optimized: 63 visible clusters (2.13%)
Total clusters visible: 2953
Average clusters visible: 52
Building PAS...
Average clusters audible: 56
visdatasize:1242  compressed from 896
writing c:\program files (x86)\steam\steamapps\common\sourcesdk_content\hl2mp\mapsrc\test.bsp
0 seconds elapsed



[Reading texlights from 'lights.rad']
[45 texlights parsed from 'lights.rad']

Loading c:\program files (x86)\steam\steamapps\common\sourcesdk_content\hl2mp\mapsrc\test.bsp
934 faces
37032 square feet [5332624.00 square inches]
0 Displacements
0 Square Feet [0.00 Square Inches]
934 patches before subdivision
52036 patches after subdivision
6 direct lights
0...1...2...3...4...5...6...7...8...9...100...1...2...3...4...5...6...7...8...9...10transfers 5649437, max 604
transfer lists:  43.1 megs
0...1...2...3...4...5...6...7...8...9...10	Bounce #1 added RGB(6829, 6386, 4555)
0...1...2...3...4...5...6...7...8...9...10	Bounce #2 added RGB(6156, 5337, 3421)
Build Patch/Sample Hash Table(s).....Done<0.0132 sec>
0...1...2...3...4...5...6...7...8...9...10FinalLightFace Done
0 of 0 (0% of) surface lights went in leaf ambient cubes.
0...1...2...3...4...5...6...7...8...9...10Writing leaf ambient...done
Ready to Finish

Object names       Objects/Maxobjs  Memory / Maxmem  Fullness 
------------       ---------------  ---------------  -------- 
models                  40/1024         1920/49152    ( 3.9%) 
brushes                113/8192         1356/98304    ( 1.4%) 
brushsides             811/65536        6488/524288   ( 1.2%) 
planes                1012/65536       20240/1310720  ( 1.5%) 
vertexes              1349/65536       16188/786432   ( 2.1%) 
nodes                  521/65536       16672/2097152  ( 0.8%) 
texinfos               147/12288       10584/884736   ( 1.2%) 
texdata                 25/2048          800/65536    ( 1.2%) 
dispinfos                0/0               0/0        ( 0.0%) 
disp_verts               0/0               0/0        ( 0.0%) 
disp_tris                0/0               0/0        ( 0.0%) 
disp_lmsamples           0/0               0/0        ( 0.0%) 
faces                  934/65536       52304/3670016  ( 1.4%) 
hdr faces                0/65536           0/3670016  ( 0.0%) 
origfaces              434/65536       24304/3670016  ( 0.7%) 
leaves                 562/65536       17984/2097152  ( 0.9%) 
leaffaces             1243/65536        2486/131072   ( 1.9%) 
leafbrushes            141/65536         282/131072   ( 0.2%) 
areas                    2/256            16/2048     ( 0.8%) 
surfedges             5999/512000      23996/2048000  ( 1.2%) 
edges                 3177/256000      12708/1024000  ( 1.2%) 
LDR worldlights          6/8192          528/720896   ( 0.1%) 
HDR worldlights          0/8192            0/720896   ( 0.0%) 
leafwaterdata            1/32768          12/393216   ( 0.0%) 
waterstrips             30/32768         300/327680   ( 0.1%) 
waterverts               0/65536           0/786432   ( 0.0%) 
waterindices           420/65536         840/131072   ( 0.6%) 
cubemapsamples           2/1024           32/16384    ( 0.2%) 
overlays                 0/512             0/180224   ( 0.0%) 
LDR lightdata         [variable]    10447876/0        ( 0.0%) 
HDR lightdata         [variable]           0/0        ( 0.0%) 
visdata               [variable]        1242/16777216 ( 0.0%) 
entdata               [variable]       39811/393216   (10.1%) 
LDR ambient table      562/65536        2248/262144   ( 0.9%) 
HDR ambient table      562/65536        2248/262144   ( 0.9%) 
LDR leaf ambient       768/65536       21504/1835008  ( 1.2%) 
HDR leaf ambient       562/65536       15736/1835008  ( 0.9%) 
occluders                0/0               0/0        ( 0.0%) 
occluder polygons        0/0               0/0        ( 0.0%) 
occluder vert ind        0/0               0/0        ( 0.0%) 
detail props          [variable]           1/12       ( 8.3%) 
static props          [variable]           1/418      ( 0.2%) 
pakfile               [variable]      320493/0        ( 0.0%) 
physics               [variable]       56253/4194304  ( 1.3%) 
physics terrain       [variable]           2/1048576  ( 0.0%) 

Level flags = 0

Total triangle count: 2347
Writing c:\program files (x86)\steam\steamapps\common\sourcesdk_content\hl2mp\mapsrc\test.bsp
3 seconds elapsed



materialPath: C:\Program Files (x86)\Steam\steamapps\common\Half-Life 2 Deathmatch\hl2mp\materials
Loading c:\program files (x86)\steam\steamapps\common\sourcesdk_content\hl2mp\mapsrc\test.vmf
ConVarRef mat_reduceparticles doesn't point to an existing ConVar
Could not locate 'GameData' key in c:\program files (x86)\steam\steamapps\common\half-life 2 deathmatch\hl2mp\gameinfo.txt
Patching WVT material: maps/test/dev/dev_blendmeasure_wvt_patch
fixing up env_cubemap materials on brush sides...
0...1...2...3...4...5...6...7...8...9...100...1...2...3...4...5...6...7...8...9...10Processing areas...done (0)
Building Faces...done (0)
Chop Details...done (0)
Find Visible Detail Sides...done (0)
Merging details...done (0)
FixTjuncs...
PruneNodes...
WriteBSP...
done (0)
writing c:\program files (x86)\steam\steamapps\common\sourcesdk_content\hl2mp\mapsrc\test.prt...Building visibility clusters...
done (0)
Creating default LDR cubemaps for env_cubemap using skybox materials:
   skybox/sky_day01_01*.vmt
 ! Run buildcubemaps in the engine to get the correct cube maps.
Creating default HDR cubemaps for env_cubemap using skybox materials:
   skybox/sky_day01_01*.vmt
 ! Run buildcubemaps in the engine to get the correct cube maps.
Finding displacement neighbors...
Finding lightmap sample positions...
Displacement Alpha : 0...1...2...3...4...5...6...7...8...9...10
Building Physics collision data...
done (0) (56253 bytes)
Placing detail props : 0...1...2...3...4...5...6...7...8...9...10
Compacting texture/material tables...
Reduced 331 texinfos to 147
Reduced 34 texdatas to 25 (1106 bytes to 835)
Writing c:\program files (x86)\steam\steamapps\common\sourcesdk_content\hl2mp\mapsrc\test.bsp
Wrote ZIP buffer, estimated size 322717, actual size 320493
0 seconds elapsed



12 threads
reading c:\program files (x86)\steam\steamapps\common\sourcesdk_content\hl2mp\mapsrc\test.bsp
reading c:\program files (x86)\steam\steamapps\common\sourcesdk_content\hl2mp\mapsrc\test.prt
  56 portalclusters
 163 numportals
0...1...2...3...4...5...6...7...8...9...10Optimized: 63 visible clusters (2.13%)
Total clusters visible: 2953
Average clusters visible: 52
Building PAS...
Average clusters audible: 56
visdatasize:1242  compressed from 896
writing c:\program files (x86)\steam\steamapps\common\sourcesdk_content\hl2mp\mapsrc\test.bsp
0 seconds elapsed



[Reading texlights from 'lights.rad']
[45 texlights parsed from 'lights.rad']

Loading c:\program files (x86)\steam\steamapps\common\sourcesdk_content\hl2mp\mapsrc\test.bsp
934 faces
37032 square feet [5332624.00 square inches]
0 Displacements
0 Square Feet [0.00 Square Inches]
934 patches before subdivision
52036 patches after subdivision
6 direct lights
0...1...2...3...4...5...6...7...8...9...100...1...2...3...4...5...6...7...8...9...10transfers 5649437, max 604
transfer lists:  43.1 megs
0...1...2...3...4...5...6...7...8...9...10	Bounce #1 added RGB(6829, 6386, 4555)
0...1...2...3...4...5...6...7...8...9...10	Bounce #2 added RGB(6156, 5337, 3421)
Build Patch/Sample Hash Table(s).....Done<0.0108 sec>
0...1...2...3...4...5...6...7...8...9...10FinalLightFace Done
0 of 0 (0% of) surface lights went in leaf ambient cubes.
0...1...2...3...4...5...6...7...8...9...10Writing leaf ambient...done
Ready to Finish

Object names       Objects/Maxobjs  Memory / Maxmem  Fullness 
------------       ---------------  ---------------  -------- 
models                  40/1024         1920/49152    ( 3.9%) 
brushes                113/8192         1356/98304    ( 1.4%) 
brushsides             811/65536        6488/524288   ( 1.2%) 
planes                1012/65536       20240/1310720  ( 1.5%) 
vertexes              1349/65536       16188/786432   ( 2.1%) 
nodes                  521/65536       16672/2097152  ( 0.8%) 
texinfos               147/12288       10584/884736   ( 1.2%) 
texdata                 25/2048          800/65536    ( 1.2%) 
dispinfos                0/0               0/0        ( 0.0%) 
disp_verts               0/0               0/0        ( 0.0%) 
disp_tris                0/0               0/0        ( 0.0%) 
disp_lmsamples           0/0               0/0        ( 0.0%) 
faces                  934/65536       52304/3670016  ( 1.4%) 
hdr faces                0/65536           0/3670016  ( 0.0%) 
origfaces              434/65536       24304/3670016  ( 0.7%) 
leaves                 562/65536       17984/2097152  ( 0.9%) 
leaffaces             1243/65536        2486/131072   ( 1.9%) 
leafbrushes            141/65536         282/131072   ( 0.2%) 
areas                    2/256            16/2048     ( 0.8%) 
surfedges             5999/512000      23996/2048000  ( 1.2%) 
edges                 3177/256000      12708/1024000  ( 1.2%) 
LDR worldlights          6/8192          528/720896   ( 0.1%) 
HDR worldlights          0/8192            0/720896   ( 0.0%) 
leafwaterdata            1/32768          12/393216   ( 0.0%) 
waterstrips             30/32768         300/327680   ( 0.1%) 
waterverts               0/65536           0/786432   ( 0.0%) 
waterindices           420/65536         840/131072   ( 0.6%) 
cubemapsamples           2/1024           32/16384    ( 0.2%) 
overlays                 0/512             0/180224   ( 0.0%) 
LDR lightdata         [variable]    10447876/0        ( 0.0%) 
HDR lightdata         [variable]           0/0        ( 0.0%) 
visdata               [variable]        1242/16777216 ( 0.0%) 
entdata               [variable]       39812/393216   (10.1%) 
LDR ambient table      562/65536        2248/262144   ( 0.9%) 
HDR ambient table      562/65536        2248/262144   ( 0.9%) 
LDR leaf ambient       768/65536       21504/1835008  ( 1.2%) 
HDR leaf ambient       562/65536       15736/1835008  ( 0.9%) 
occluders                0/0               0/0        ( 0.0%) 
occluder polygons        0/0               0/0        ( 0.0%) 
occluder vert ind        0/0               0/0        ( 0.0%) 
detail props          [variable]           1/12       ( 8.3%) 
static props          [variable]           1/418      ( 0.2%) 
pakfile               [variable]      320493/0        ( 0.0%) 
physics               [variable]       56253/4194304  ( 1.3%) 
physics terrain       [variable]           2/1048576  ( 0.0%) 

Level flags = 0

Total triangle count: 2347
Writing c:\program files (x86)\steam\steamapps\common\sourcesdk_content\hl2mp\mapsrc\test.bsp
3 seconds elapsed



materialPath: C:\Program Files (x86)\Steam\steamapps\common\Half-Life 2 Deathmatch\hl2mp\materials
Loading c:\program files (x86)\steam\steamapps\common\sourcesdk_content\hl2mp\mapsrc\test.vmf
ConVarRef mat_reduceparticles doesn't point to an existing ConVar
Could not locate 'GameData' key in c:\program files (x86)\steam\steamapps\common\half-life 2 deathmatch\hl2mp\gameinfo.txt
Patching WVT material: maps/test/dev/dev_blendmeasure_wvt_patch
fixing up env_cubemap materials on brush sides...
0...1...2...3...4...5...6...7...8...9...100...1...2...3...4...5...6...7...8...9...10Processing areas...done (0)
Building Faces...done (0)
Chop Details...done (0)
Find Visible Detail Sides...done (0)
Merging details...done (0)
FixTjuncs...
PruneNodes...
WriteBSP...
done (0)
writing c:\program files (x86)\steam\steamapps\common\sourcesdk_content\hl2mp\mapsrc\test.prt...Building visibility clusters...
done (0)
Creating default LDR cubemaps for env_cubemap using skybox materials:
   skybox/sky_day01_01*.vmt
 ! Run buildcubemaps in the engine to get the correct cube maps.
Creating default HDR cubemaps for env_cubemap using skybox materials:
   skybox/sky_day01_01*.vmt
 ! Run buildcubemaps in the engine to get the correct cube maps.
Finding displacement neighbors...
Finding lightmap sample positions...
Displacement Alpha : 0...1...2...3...4...5...6...7...8...9...10
Building Physics collision data...
done (0) (56254 bytes)
Placing detail props : 0...1...2...3...4...5...6...7...8...9...10
Compacting texture/material tables...
Reduced 331 texinfos to 150
Reduced 34 texdatas to 25 (1106 bytes to 835)
Writing c:\program files (x86)\steam\steamapps\common\sourcesdk_content\hl2mp\mapsrc\test.bsp
Wrote ZIP buffer, estimated size 322717, actual size 320493
0 seconds elapsed



12 threads
reading c:\program files (x86)\steam\steamapps\common\sourcesdk_content\hl2mp\mapsrc\test.bsp
reading c:\program files (x86)\steam\steamapps\common\sourcesdk_content\hl2mp\mapsrc\test.prt
  56 portalclusters
 163 numportals
0...1...2...3...4...5...6...7...8...9...10Optimized: 63 visible clusters (2.13%)
Total clusters visible: 2953
Average clusters visible: 52
Building PAS...
Average clusters audible: 56
visdatasize:1242  compressed from 896
writing c:\program files (x86)\steam\steamapps\common\sourcesdk_content\hl2mp\mapsrc\test.bsp
0 seconds elapsed



[Reading texlights from 'lights.rad']
[45 texlights parsed from 'lights.rad']

Loading c:\program files (x86)\steam\steamapps\common\sourcesdk_content\hl2mp\mapsrc\test.bsp
940 faces
37034 square feet [5332968.00 square inches]
0 Displacements
0 Square Feet [0.00 Square Inches]
940 patches before subdivision
52050 patches after subdivision
6 direct lights
0...1...2...3...4...5...6...7...8...9...100...1...2...3...4...5...6...7...8...9...10transfers 5651491, max 604
transfer lists:  43.1 megs
0...1...2...3...4...5...6...7...8...9...10	Bounce #1 added RGB(6838, 6395, 4561)
0...1...2...3...4...5...6...7...8...9...10	Bounce #2 added RGB(6157, 5338, 3422)
Build Patch/Sample Hash Table(s).....Done<0.0132 sec>
0...1...2...3...4...5...6...7...8...9...10FinalLightFace Done
0 of 0 (0% of) surface lights went in leaf ambient cubes.
0...1...2...3...4...5...6...7...8...9...10Writing leaf ambient...done
Ready to Finish

Object names       Objects/Maxobjs  Memory / Maxmem  Fullness 
------------       ---------------  ---------------  -------- 
models                  40/1024         1920/49152    ( 3.9%) 
brushes                113/8192         1356/98304    ( 1.4%) 
brushsides             811/65536        6488/524288   ( 1.2%) 
planes                1012/65536       20240/1310720  ( 1.5%) 
vertexes              1349/65536       16188/786432   ( 2.1%) 
nodes                  521/65536       16672/2097152  ( 0.8%) 
texinfos               150/12288       10800/884736   ( 1.2%) 
texdata                 25/2048          800/65536    ( 1.2%) 
dispinfos                0/0               0/0        ( 0.0%) 
disp_verts               0/0               0/0        ( 0.0%) 
disp_tris                0/0               0/0        ( 0.0%) 
disp_lmsamples           0/0               0/0        ( 0.0%) 
faces                  940/65536       52640/3670016  ( 1.4%) 
hdr faces                0/65536           0/3670016  ( 0.0%) 
origfaces              440/65536       24640/3670016  ( 0.7%) 
leaves                 562/65536       17984/2097152  ( 0.9%) 
leaffaces             1249/65536        2498/131072   ( 1.9%) 
leafbrushes            141/65536         282/131072   ( 0.2%) 
areas                    2/256            16/2048     ( 0.8%) 
surfedges             6047/512000      24188/2048000  ( 1.2%) 
edges                 3201/256000      12804/1024000  ( 1.3%) 
LDR worldlights          6/8192          528/720896   ( 0.1%) 
HDR worldlights          0/8192            0/720896   ( 0.0%) 
leafwaterdata            1/32768          12/393216   ( 0.0%) 
waterstrips             30/32768         300/327680   ( 0.1%) 
waterverts               0/65536           0/786432   ( 0.0%) 
waterindices           420/65536         840/131072   ( 0.6%) 
cubemapsamples           2/1024           32/16384    ( 0.2%) 
overlays                 0/512             0/180224   ( 0.0%) 
LDR lightdata         [variable]    10448492/0        ( 0.0%) 
HDR lightdata         [variable]           0/0        ( 0.0%) 
visdata               [variable]        1242/16777216 ( 0.0%) 
entdata               [variable]       39812/393216   (10.1%) 
LDR ambient table      562/65536        2248/262144   ( 0.9%) 
HDR ambient table      562/65536        2248/262144   ( 0.9%) 
LDR leaf ambient       767/65536       21476/1835008  ( 1.2%) 
HDR leaf ambient       562/65536       15736/1835008  ( 0.9%) 
occluders                0/0               0/0        ( 0.0%) 
occluder polygons        0/0               0/0        ( 0.0%) 
occluder vert ind        0/0               0/0        ( 0.0%) 
detail props          [variable]           1/12       ( 8.3%) 
static props          [variable]           1/418      ( 0.2%) 
pakfile               [variable]      320493/0        ( 0.0%) 
physics               [variable]       56254/4194304  ( 1.3%) 
physics terrain       [variable]           2/1048576  ( 0.0%) 

Level flags = 0

Total triangle count: 2359
Writing c:\program files (x86)\steam\steamapps\common\sourcesdk_content\hl2mp\mapsrc\test.bsp
3 seconds elapsed



materialPath: C:\Program Files (x86)\Steam\steamapps\common\Half-Life 2 Deathmatch\hl2mp\materials
Loading c:\program files (x86)\steam\steamapps\common\sourcesdk_content\hl2mp\mapsrc\test.vmf
ConVarRef mat_reduceparticles doesn't point to an existing ConVar
Could not locate 'GameData' key in c:\program files (x86)\steam\steamapps\common\half-life 2 deathmatch\hl2mp\gameinfo.txt
Patching WVT material: maps/test/dev/dev_blendmeasure_wvt_patch
fixing up env_cubemap materials on brush sides...
0...1...2...3...4...5...6...7...8...9...100...1...2...3...4...5...6...7...8...9...10Processing areas...done (0)
Building Faces...done (0)
Chop Details...done (0)
Find Visible Detail Sides...done (0)
Merging details...done (0)
FixTjuncs...
PruneNodes...
WriteBSP...
done (0)
writing c:\program files (x86)\steam\steamapps\common\sourcesdk_content\hl2mp\mapsrc\test.prt...Building visibility clusters...
done (0)
Creating default LDR cubemaps for env_cubemap using skybox materials:
   skybox/sky_day01_01*.vmt
 ! Run buildcubemaps in the engine to get the correct cube maps.
Creating default HDR cubemaps for env_cubemap using skybox materials:
   skybox/sky_day01_01*.vmt
 ! Run buildcubemaps in the engine to get the correct cube maps.
Finding displacement neighbors...
Finding lightmap sample positions...
Displacement Alpha : 0...1...2...3...4...5...6...7...8...9...10
Building Physics collision data...
done (0) (56254 bytes)
Placing detail props : 0...1...2...3...4...5...6...7...8...9...10
Compacting texture/material tables...
Reduced 331 texinfos to 150
Reduced 34 texdatas to 25 (1106 bytes to 835)
Writing c:\program files (x86)\steam\steamapps\common\sourcesdk_content\hl2mp\mapsrc\test.bsp
Wrote ZIP buffer, estimated size 322717, actual size 320493
0 seconds elapsed



12 threads
reading c:\program files (x86)\steam\steamapps\common\sourcesdk_content\hl2mp\mapsrc\test.bsp
reading c:\program files (x86)\steam\steamapps\common\sourcesdk_content\hl2mp\mapsrc\test.prt
  56 portalclusters
 163 numportals
0...1...2...3...4...5...6...7...8...9...10Optimized: 63 visible clusters (2.13%)
Total clusters visible: 2953
Average clusters visible: 52
Building PAS...
Average clusters audible: 56
visdatasize:1242  compressed from 896
writing c:\program files (x86)\steam\steamapps\common\sourcesdk_content\hl2mp\mapsrc\test.bsp
0 seconds elapsed



[Reading texlights from 'lights.rad']
[45 texlights parsed from 'lights.rad']

Loading c:\program files (x86)\steam\steamapps\common\sourcesdk_content\hl2mp\mapsrc\test.bsp
940 faces
37034 square feet [5332968.00 square inches]
0 Displacements
0 Square Feet [0.00 Square Inches]
940 patches before subdivision
52050 patches after subdivision
6 direct lights
0...1...2...3...4...5...6...7...8...9...100...1...2...3...4...5...6...7...8...9...10transfers 5651491, max 604
transfer lists:  43.1 megs
0...1...2...3...4...5...6...7...8...9...10	Bounce #1 added RGB(6838, 6395, 4561)
0...1...2...3...4...5...6...7...8...9...10	Bounce #2 added RGB(6157, 5338, 3422)
Build Patch/Sample Hash Table(s).....Done<0.0109 sec>
0...1...2...3...4...5...6...7...8...9...10FinalLightFace Done
0 of 0 (0% of) surface lights went in leaf ambient cubes.
0...1...2...3...4...5...6...7...8...9...10Writing leaf ambient...done
Ready to Finish

Object names       Objects/Maxobjs  Memory / Maxmem  Fullness 
------------       ---------------  ---------------  -------- 
models                  40/1024         1920/49152    ( 3.9%) 
brushes                113/8192         1356/98304    ( 1.4%) 
brushsides             811/65536        6488/524288   ( 1.2%) 
planes                1012/65536       20240/1310720  ( 1.5%) 
vertexes              1349/65536       16188/786432   ( 2.1%) 
nodes                  521/65536       16672/2097152  ( 0.8%) 
texinfos               150/12288       10800/884736   ( 1.2%) 
texdata                 25/2048          800/65536    ( 1.2%) 
dispinfos                0/0               0/0        ( 0.0%) 
disp_verts               0/0               0/0        ( 0.0%) 
disp_tris                0/0               0/0        ( 0.0%) 
disp_lmsamples           0/0               0/0        ( 0.0%) 
faces                  940/65536       52640/3670016  ( 1.4%) 
hdr faces                0/65536           0/3670016  ( 0.0%) 
origfaces              440/65536       24640/3670016  ( 0.7%) 
leaves                 562/65536       17984/2097152  ( 0.9%) 
leaffaces             1249/65536        2498/131072   ( 1.9%) 
leafbrushes            141/65536         282/131072   ( 0.2%) 
areas                    2/256            16/2048     ( 0.8%) 
surfedges             6047/512000      24188/2048000  ( 1.2%) 
edges                 3201/256000      12804/1024000  ( 1.3%) 
LDR worldlights          6/8192          528/720896   ( 0.1%) 
HDR worldlights          0/8192            0/720896   ( 0.0%) 
leafwaterdata            1/32768          12/393216   ( 0.0%) 
waterstrips             30/32768         300/327680   ( 0.1%) 
waterverts               0/65536           0/786432   ( 0.0%) 
waterindices           420/65536         840/131072   ( 0.6%) 
cubemapsamples           2/1024           32/16384    ( 0.2%) 
overlays                 0/512             0/180224   ( 0.0%) 
LDR lightdata         [variable]    10448492/0        ( 0.0%) 
HDR lightdata         [variable]           0/0        ( 0.0%) 
visdata               [variable]        1242/16777216 ( 0.0%) 
entdata               [variable]       39813/393216   (10.1%) 
LDR ambient table      562/65536        2248/262144   ( 0.9%) 
HDR ambient table      562/65536        2248/262144   ( 0.9%) 
LDR leaf ambient       767/65536       21476/1835008  ( 1.2%) 
HDR leaf ambient       562/65536       15736/1835008  ( 0.9%) 
occluders                0/0               0/0        ( 0.0%) 
occluder polygons        0/0               0/0        ( 0.0%) 
occluder vert ind        0/0               0/0        ( 0.0%) 
detail props          [variable]           1/12       ( 8.3%) 
static props          [variable]           1/418      ( 0.2%) 
pakfile               [variable]      320493/0        ( 0.0%) 
physics               [variable]       56254/4194304  ( 1.3%) 
physics terrain       [variable]           2/1048576  ( 0.0%) 

Level flags = 0

Total triangle count: 2359
Writing c:\program files (x86)\steam\steamapps\common\sourcesdk_content\hl2mp\mapsrc\test.bsp
3 seconds elapsed



materialPath: C:\Program Files (x86)\Steam\steamapps\common\Half-Life 2 Deathmatch\hl2mp\materials
Loading c:\program files (x86)\steam\steamapps\common\sourcesdk_content\hl2mp\mapsrc\test.vmf
ConVarRef mat_reduceparticles doesn't point to an existing ConVar
Could not locate 'GameData' key in c:\program files (x86)\steam\steamapps\common\half-life 2 deathmatch\hl2mp\gameinfo.txt
Patching WVT material: maps/test/dev/dev_blendmeasure_wvt_patch
fixing up env_cubemap materials on brush sides...
0...1...2...3...4...5...6...7...8...9...100...1...2...3...4...5...6...7...8...9...10Processing areas...done (0)
Building Faces...done (0)
Chop Details...done (0)
Find Visible Detail Sides...done (0)
Merging details...done (0)
FixTjuncs...
PruneNodes...
WriteBSP...
done (0)
writing c:\program files (x86)\steam\steamapps\common\sourcesdk_content\hl2mp\mapsrc\test.prt...Building visibility clusters...
done (0)
Creating default LDR cubemaps for env_cubemap using skybox materials:
   skybox/sky_day01_01*.vmt
 ! Run buildcubemaps in the engine to get the correct cube maps.
Creating default HDR cubemaps for env_cubemap using skybox materials:
   skybox/sky_day01_01*.vmt
 ! Run buildcubemaps in the engine to get the correct cube maps.
Finding displacement neighbors...
Finding lightmap sample positions...
Displacement Alpha : 0...1...2...3...4...5...6...7...8...9...10
Building Physics collision data...
done (0) (56254 bytes)
Placing detail props : 0...1...2...3...4...5...6...7...8...9...10
Compacting texture/material tables...
Reduced 331 texinfos to 150
Reduced 34 texdatas to 25 (1106 bytes to 835)
Writing c:\program files (x86)\steam\steamapps\common\sourcesdk_content\hl2mp\mapsrc\test.bsp
Wrote ZIP buffer, estimated size 322717, actual size 320493
0 seconds elapsed



12 threads
reading c:\program files (x86)\steam\steamapps\common\sourcesdk_content\hl2mp\mapsrc\test.bsp
reading c:\program files (x86)\steam\steamapps\common\sourcesdk_content\hl2mp\mapsrc\test.prt
  56 portalclusters
 163 numportals
0...1...2...3...4...5...6...7...8...9...10Optimized: 63 visible clusters (2.13%)
Total clusters visible: 2953
Average clusters visible: 52
Building PAS...
Average clusters audible: 56
visdatasize:1242  compressed from 896
writing c:\program files (x86)\steam\steamapps\common\sourcesdk_content\hl2mp\mapsrc\test.bsp
0 seconds elapsed



[Reading texlights from 'lights.rad']
[45 texlights parsed from 'lights.rad']

Loading c:\program files (x86)\steam\steamapps\common\sourcesdk_content\hl2mp\mapsrc\test.bsp
940 faces
37034 square feet [5332968.00 square inches]
0 Displacements
0 Square Feet [0.00 Square Inches]
940 patches before subdivision
52050 patches after subdivision
6 direct lights
0...1...2...3...4...5...6...7...8...9...100...1...2...3...4...5...6...7...8...9...10transfers 5651491, max 604
transfer lists:  43.1 megs
0...1...2...3...4...5...6...7...8...9...10	Bounce #1 added RGB(6838, 6395, 4561)
0...1...2...3...4...5...6...7...8...9...10	Bounce #2 added RGB(6157, 5338, 3422)
Build Patch/Sample Hash Table(s).....Done<0.0112 sec>
0...1...2...3...4...5...6...7...8...9...10FinalLightFace Done
0 of 0 (0% of) surface lights went in leaf ambient cubes.
0...1...2...3...4...5...6...7...8...9...10Writing leaf ambient...done
Ready to Finish

Object names       Objects/Maxobjs  Memory / Maxmem  Fullness 
------------       ---------------  ---------------  -------- 
models                  40/1024         1920/49152    ( 3.9%) 
brushes                113/8192         1356/98304    ( 1.4%) 
brushsides             811/65536        6488/524288   ( 1.2%) 
planes                1012/65536       20240/1310720  ( 1.5%) 
vertexes              1349/65536       16188/786432   ( 2.1%) 
nodes                  521/65536       16672/2097152  ( 0.8%) 
texinfos               150/12288       10800/884736   ( 1.2%) 
texdata                 25/2048          800/65536    ( 1.2%) 
dispinfos                0/0               0/0        ( 0.0%) 
disp_verts               0/0               0/0        ( 0.0%) 
disp_tris                0/0               0/0        ( 0.0%) 
disp_lmsamples           0/0               0/0        ( 0.0%) 
faces                  940/65536       52640/3670016  ( 1.4%) 
hdr faces                0/65536           0/3670016  ( 0.0%) 
origfaces              440/65536       24640/3670016  ( 0.7%) 
leaves                 562/65536       17984/2097152  ( 0.9%) 
leaffaces             1249/65536        2498/131072   ( 1.9%) 
leafbrushes            141/65536         282/131072   ( 0.2%) 
areas                    2/256            16/2048     ( 0.8%) 
surfedges             6047/512000      24188/2048000  ( 1.2%) 
edges                 3201/256000      12804/1024000  ( 1.3%) 
LDR worldlights          6/8192          528/720896   ( 0.1%) 
HDR worldlights          0/8192            0/720896   ( 0.0%) 
leafwaterdata            1/32768          12/393216   ( 0.0%) 
waterstrips             30/32768         300/327680   ( 0.1%) 
waterverts               0/65536           0/786432   ( 0.0%) 
waterindices           420/65536         840/131072   ( 0.6%) 
cubemapsamples           2/1024           32/16384    ( 0.2%) 
overlays                 0/512             0/180224   ( 0.0%) 
LDR lightdata         [variable]    10448492/0        ( 0.0%) 
HDR lightdata         [variable]           0/0        ( 0.0%) 
visdata               [variable]        1242/16777216 ( 0.0%) 
entdata               [variable]       39813/393216   (10.1%) 
LDR ambient table      562/65536        2248/262144   ( 0.9%) 
HDR ambient table      562/65536        2248/262144   ( 0.9%) 
LDR leaf ambient       767/65536       21476/1835008  ( 1.2%) 
HDR leaf ambient       562/65536       15736/1835008  ( 0.9%) 
occluders                0/0               0/0        ( 0.0%) 
occluder polygons        0/0               0/0        ( 0.0%) 
occluder vert ind        0/0               0/0        ( 0.0%) 
detail props          [variable]           1/12       ( 8.3%) 
static props          [variable]           1/418      ( 0.2%) 
pakfile               [variable]      320493/0        ( 0.0%) 
physics               [variable]       56254/4194304  ( 1.3%) 
physics terrain       [variable]           2/1048576  ( 0.0%) 

Level flags = 0

Total triangle count: 2359
Writing c:\program files (x86)\steam\steamapps\common\sourcesdk_content\hl2mp\mapsrc\test.bsp
3 seconds elapsed



materialPath: C:\Program Files (x86)\Steam\steamapps\common\Half-Life 2 Deathmatch\hl2mp\materials
Loading c:\program files (x86)\steam\steamapps\common\sourcesdk_content\hl2mp\mapsrc\test.vmf
ConVarRef mat_reduceparticles doesn't point to an existing ConVar
Could not locate 'GameData' key in c:\program files (x86)\steam\steamapps\common\half-life 2 deathmatch\hl2mp\gameinfo.txt
Patching WVT material: maps/test/dev/dev_blendmeasure_wvt_patch
fixing up env_cubemap materials on brush sides...
0...1...2...3...4...5...6...7...8...9...100...1...2...3...4...5...6...7...8...9...10Processing areas...done (0)
Building Faces...done (0)
Chop Details...done (0)
Find Visible Detail Sides...done (0)
Merging details...done (0)
FixTjuncs...
PruneNodes...
WriteBSP...
done (0)
writing c:\program files (x86)\steam\steamapps\common\sourcesdk_content\hl2mp\mapsrc\test.prt...Building visibility clusters...
done (0)
Creating default LDR cubemaps for env_cubemap using skybox materials:
   skybox/sky_day01_01*.vmt
 ! Run buildcubemaps in the engine to get the correct cube maps.
Creating default HDR cubemaps for env_cubemap using skybox materials:
   skybox/sky_day01_01*.vmt
 ! Run buildcubemaps in the engine to get the correct cube maps.
Finding displacement neighbors...
Finding lightmap sample positions...
Displacement Alpha : 0...1...2...3...4...5...6...7...8...9...10
Building Physics collision data...
done (0) (56805 bytes)
Placing detail props : 0...1...2...3...4...5...6...7...8...9...10
Compacting texture/material tables...
Reduced 337 texinfos to 150
Reduced 34 texdatas to 25 (1106 bytes to 835)
Writing c:\program files (x86)\steam\steamapps\common\sourcesdk_content\hl2mp\mapsrc\test.bsp
Wrote ZIP buffer, estimated size 322717, actual size 320493
0 seconds elapsed



12 threads
reading c:\program files (x86)\steam\steamapps\common\sourcesdk_content\hl2mp\mapsrc\test.bsp
reading c:\program files (x86)\steam\steamapps\common\sourcesdk_content\hl2mp\mapsrc\test.prt
  56 portalclusters
 163 numportals
0...1...2...3...4...5...6...7...8...9...10Optimized: 63 visible clusters (2.13%)
Total clusters visible: 2953
Average clusters visible: 52
Building PAS...
Average clusters audible: 56
visdatasize:1242  compressed from 896
writing c:\program files (x86)\steam\steamapps\common\sourcesdk_content\hl2mp\mapsrc\test.bsp
0 seconds elapsed



[Reading texlights from 'lights.rad']
[45 texlights parsed from 'lights.rad']

Loading c:\program files (x86)\steam\steamapps\common\sourcesdk_content\hl2mp\mapsrc\test.bsp
940 faces
37093 square feet [5341486.00 square inches]
0 Displacements
0 Square Feet [0.00 Square Inches]
940 patches before subdivision
52042 patches after subdivision
6 direct lights
0...1...2...3...4...5...6...7...8...9...100...1...2...3...4...5...6...7...8...9...10transfers 5650798, max 604
transfer lists:  43.1 megs
0...1...2...3...4...5...6...7...8...9...10	Bounce #1 added RGB(6836, 6393, 4560)
0...1...2...3...4...5...6...7...8...9...10	Bounce #2 added RGB(6156, 5337, 3422)
Build Patch/Sample Hash Table(s).....Done<0.0129 sec>
0...1...2...3...4...5...6...7...8...9...10FinalLightFace Done
0 of 0 (0% of) surface lights went in leaf ambient cubes.
0...1...2...3...4...5...6...7...8...9...10Writing leaf ambient...done
Ready to Finish

Object names       Objects/Maxobjs  Memory / Maxmem  Fullness 
------------       ---------------  ---------------  -------- 
models                  41/1024         1968/49152    ( 4.0%) 
brushes                114/8192         1368/98304    ( 1.4%) 
brushsides             817/65536        6536/524288   ( 1.2%) 
planes                1024/65536       20480/1310720  ( 1.6%) 
vertexes              1357/65536       16284/786432   ( 2.1%) 
nodes                  527/65536       16864/2097152  ( 0.8%) 
texinfos               150/12288       10800/884736   ( 1.2%) 
texdata                 25/2048          800/65536    ( 1.2%) 
dispinfos                0/0               0/0        ( 0.0%) 
disp_verts               0/0               0/0        ( 0.0%) 
disp_tris                0/0               0/0        ( 0.0%) 
disp_lmsamples           0/0               0/0        ( 0.0%) 
faces                  940/65536       52640/3670016  ( 1.4%) 
hdr faces                0/65536           0/3670016  ( 0.0%) 
origfaces              440/65536       24640/3670016  ( 0.7%) 
leaves                 569/65536       18208/2097152  ( 0.9%) 
leaffaces             1249/65536        2498/131072   ( 1.9%) 
leafbrushes            142/65536         284/131072   ( 0.2%) 
areas                    2/256            16/2048     ( 0.8%) 
surfedges             6047/512000      24188/2048000  ( 1.2%) 
edges                 3201/256000      12804/1024000  ( 1.3%) 
LDR worldlights          6/8192          528/720896   ( 0.1%) 
HDR worldlights          0/8192            0/720896   ( 0.0%) 
leafwaterdata            1/32768          12/393216   ( 0.0%) 
waterstrips             30/32768         300/327680   ( 0.1%) 
waterverts               0/65536           0/786432   ( 0.0%) 
waterindices           420/65536         840/131072   ( 0.6%) 
cubemapsamples           2/1024           32/16384    ( 0.2%) 
overlays                 0/512             0/180224   ( 0.0%) 
LDR lightdata         [variable]    10447876/0        ( 0.0%) 
HDR lightdata         [variable]           0/0        ( 0.0%) 
visdata               [variable]        1242/16777216 ( 0.0%) 
entdata               [variable]       40449/393216   (10.3%) 
LDR ambient table      569/65536        2276/262144   ( 0.9%) 
HDR ambient table      569/65536        2276/262144   ( 0.9%) 
LDR leaf ambient       774/65536       21672/1835008  ( 1.2%) 
HDR leaf ambient       569/65536       15932/1835008  ( 0.9%) 
occluders                0/0               0/0        ( 0.0%) 
occluder polygons        0/0               0/0        ( 0.0%) 
occluder vert ind        0/0               0/0        ( 0.0%) 
detail props          [variable]           1/12       ( 8.3%) 
static props          [variable]           1/418      ( 0.2%) 
pakfile               [variable]      320493/0        ( 0.0%) 
physics               [variable]       56805/4194304  ( 1.4%) 
physics terrain       [variable]           2/1048576  ( 0.0%) 

Level flags = 0

Total triangle count: 2359
Writing c:\program files (x86)\steam\steamapps\common\sourcesdk_content\hl2mp\mapsrc\test.bsp
3 seconds elapsed



materialPath: C:\Program Files (x86)\Steam\steamapps\common\Half-Life 2 Deathmatch\hl2mp\materials
Loading c:\program files (x86)\steam\steamapps\common\sourcesdk_content\hl2mp\mapsrc\test.vmf
ConVarRef mat_reduceparticles doesn't point to an existing ConVar
Could not locate 'GameData' key in c:\program files (x86)\steam\steamapps\common\half-life 2 deathmatch\hl2mp\gameinfo.txt
Patching WVT material: maps/test/dev/dev_blendmeasure_wvt_patch
fixing up env_cubemap materials on brush sides...
0...1...2...3...4...5...6...7...8...9...100...1...2...3...4...5...6...7...8...9...10Processing areas...done (0)
Building Faces...done (0)
Chop Details...done (0)
Find Visible Detail Sides...done (0)
Merging details...done (0)
FixTjuncs...
PruneNodes...
WriteBSP...
done (0)
writing c:\program files (x86)\steam\steamapps\common\sourcesdk_content\hl2mp\mapsrc\test.prt...Building visibility clusters...
done (0)
Creating default LDR cubemaps for env_cubemap using skybox materials:
   skybox/sky_day01_01*.vmt
 ! Run buildcubemaps in the engine to get the correct cube maps.
Creating default HDR cubemaps for env_cubemap using skybox materials:
   skybox/sky_day01_01*.vmt
 ! Run buildcubemaps in the engine to get the correct cube maps.
Finding displacement neighbors...
Finding lightmap sample positions...
Displacement Alpha : 0...1...2...3...4...5...6...7...8...9...10
Building Physics collision data...
done (0) (57363 bytes)
Placing detail props : 0...1...2...3...4...5...6...7...8...9...10
Compacting texture/material tables...
Reduced 353 texinfos to 155
Reduced 36 texdatas to 27 (1182 bytes to 911)
Writing c:\program files (x86)\steam\steamapps\common\sourcesdk_content\hl2mp\mapsrc\test.bsp
Wrote ZIP buffer, estimated size 323184, actual size 320826
0 seconds elapsed



12 threads
reading c:\program files (x86)\steam\steamapps\common\sourcesdk_content\hl2mp\mapsrc\test.bsp
reading c:\program files (x86)\steam\steamapps\common\sourcesdk_content\hl2mp\mapsrc\test.prt
  56 portalclusters
 163 numportals
0...1...2...3...4...5...6...7...8...9...10Optimized: 63 visible clusters (2.13%)
Total clusters visible: 2953
Average clusters visible: 52
Building PAS...
Average clusters audible: 56
visdatasize:1242  compressed from 896
writing c:\program files (x86)\steam\steamapps\common\sourcesdk_content\hl2mp\mapsrc\test.bsp
0 seconds elapsed



[Reading texlights from 'lights.rad']
[45 texlights parsed from 'lights.rad']

Loading c:\program files (x86)\steam\steamapps\common\sourcesdk_content\hl2mp\mapsrc\test.bsp
946 faces
37114 square feet [5344434.00 square inches]
0 Displacements
0 Square Feet [0.00 Square Inches]
946 patches before subdivision
52052 patches after subdivision
6 direct lights
0...1...2...3...4...5...6...7...8...9...100...1...2...3...4...5...6...7...8...9...10transfers 5685556, max 606
transfer lists:  43.4 megs
0...1...2...3...4...5...6...7...8...9...10	Bounce #1 added RGB(6845, 6401, 4566)
0...1...2...3...4...5...6...7...8...9...10	Bounce #2 added RGB(6158, 5339, 3423)
Build Patch/Sample Hash Table(s).....Done<0.0134 sec>
0...1...2...3...4...5...6...7...8...9...10FinalLightFace Done
0 of 0 (0% of) surface lights went in leaf ambient cubes.
0...1...2...3...4...5...6...7...8...9...10Writing leaf ambient...done
Ready to Finish

Object names       Objects/Maxobjs  Memory / Maxmem  Fullness 
------------       ---------------  ---------------  -------- 
models                  42/1024         2016/49152    ( 4.1%) 
brushes                115/8192         1380/98304    ( 1.4%) 
brushsides             823/65536        6584/524288   ( 1.3%) 
planes                1032/65536       20640/1310720  ( 1.6%) 
vertexes              1365/65536       16380/786432   ( 2.1%) 
nodes                  533/65536       17056/2097152  ( 0.8%) 
texinfos               155/12288       11160/884736   ( 1.3%) 
texdata                 27/2048          864/65536    ( 1.3%) 
dispinfos                0/0               0/0        ( 0.0%) 
disp_verts               0/0               0/0        ( 0.0%) 
disp_tris                0/0               0/0        ( 0.0%) 
disp_lmsamples           0/0               0/0        ( 0.0%) 
faces                  946/65536       52976/3670016  ( 1.4%) 
hdr faces                0/65536           0/3670016  ( 0.0%) 
origfaces              446/65536       24976/3670016  ( 0.7%) 
leaves                 576/65536       18432/2097152  ( 0.9%) 
leaffaces             1255/65536        2510/131072   ( 1.9%) 
leafbrushes            143/65536         286/131072   ( 0.2%) 
areas                    2/256            16/2048     ( 0.8%) 
surfedges             6095/512000      24380/2048000  ( 1.2%) 
edges                 3235/256000      12940/1024000  ( 1.3%) 
LDR worldlights          6/8192          528/720896   ( 0.1%) 
HDR worldlights          0/8192            0/720896   ( 0.0%) 
leafwaterdata            1/32768          12/393216   ( 0.0%) 
waterstrips             30/32768         300/327680   ( 0.1%) 
waterverts               0/65536           0/786432   ( 0.0%) 
waterindices           420/65536         840/131072   ( 0.6%) 
cubemapsamples           2/1024           32/16384    ( 0.2%) 
overlays                 0/512             0/180224   ( 0.0%) 
LDR lightdata         [variable]    10448816/0        ( 0.0%) 
HDR lightdata         [variable]           0/0        ( 0.0%) 
visdata               [variable]        1242/16777216 ( 0.0%) 
entdata               [variable]       41073/393216   (10.4%) 
LDR ambient table      576/65536        2304/262144   ( 0.9%) 
HDR ambient table      576/65536        2304/262144   ( 0.9%) 
LDR leaf ambient       780/65536       21840/1835008  ( 1.2%) 
HDR leaf ambient       576/65536       16128/1835008  ( 0.9%) 
occluders                0/0               0/0        ( 0.0%) 
occluder polygons        0/0               0/0        ( 0.0%) 
occluder vert ind        0/0               0/0        ( 0.0%) 
detail props          [variable]           1/12       ( 8.3%) 
static props          [variable]           1/418      ( 0.2%) 
pakfile               [variable]      320826/0        ( 0.0%) 
physics               [variable]       57363/4194304  ( 1.4%) 
physics terrain       [variable]           2/1048576  ( 0.0%) 

Level flags = 0

Total triangle count: 2371
Writing c:\program files (x86)\steam\steamapps\common\sourcesdk_content\hl2mp\mapsrc\test.bsp
3 seconds elapsed



materialPath: C:\Program Files (x86)\Steam\steamapps\common\Half-Life 2 Deathmatch\hl2mp\materials
Loading c:\program files (x86)\steam\steamapps\common\sourcesdk_content\hl2mp\mapsrc\test.vmf
ConVarRef mat_reduceparticles doesn't point to an existing ConVar
Could not locate 'GameData' key in c:\program files (x86)\steam\steamapps\common\half-life 2 deathmatch\hl2mp\gameinfo.txt
Patching WVT material: maps/test/dev/dev_blendmeasure_wvt_patch
fixing up env_cubemap materials on brush sides...
0...1...2...3...4...5...6...7...8...9...100...1...2...3...4...5...6...7...8...9...10Processing areas...done (0)
Building Faces...done (0)
Chop Details...done (0)
Find Visible Detail Sides...done (0)
Merging details...done (0)
FixTjuncs...
PruneNodes...
WriteBSP...
done (0)
writing c:\program files (x86)\steam\steamapps\common\sourcesdk_content\hl2mp\mapsrc\test.prt...Building visibility clusters...
done (0)
Creating default LDR cubemaps for env_cubemap using skybox materials:
   skybox/sky_day01_01*.vmt
 ! Run buildcubemaps in the engine to get the correct cube maps.
Creating default HDR cubemaps for env_cubemap using skybox materials:
   skybox/sky_day01_01*.vmt
 ! Run buildcubemaps in the engine to get the correct cube maps.
Finding displacement neighbors...
Finding lightmap sample positions...
Displacement Alpha : 0...1...2...3...4...5...6...7...8...9...10
Building Physics collision data...
done (0) (57364 bytes)
Placing detail props : 0...1...2...3...4...5...6...7...8...9...10
Compacting texture/material tables...
Reduced 353 texinfos to 155
Reduced 36 texdatas to 27 (1182 bytes to 911)
Writing c:\program files (x86)\steam\steamapps\common\sourcesdk_content\hl2mp\mapsrc\test.bsp
Wrote ZIP buffer, estimated size 323184, actual size 320826
0 seconds elapsed



12 threads
reading c:\program files (x86)\steam\steamapps\common\sourcesdk_content\hl2mp\mapsrc\test.bsp
reading c:\program files (x86)\steam\steamapps\common\sourcesdk_content\hl2mp\mapsrc\test.prt
  56 portalclusters
 163 numportals
0...1...2...3...4...5...6...7...8...9...10Optimized: 63 visible clusters (2.13%)
Total clusters visible: 2953
Average clusters visible: 52
Building PAS...
Average clusters audible: 56
visdatasize:1242  compressed from 896
writing c:\program files (x86)\steam\steamapps\common\sourcesdk_content\hl2mp\mapsrc\test.bsp
0 seconds elapsed



[Reading texlights from 'lights.rad']
[45 texlights parsed from 'lights.rad']

Loading c:\program files (x86)\steam\steamapps\common\sourcesdk_content\hl2mp\mapsrc\test.bsp
946 faces
37175 square feet [5353232.00 square inches]
0 Displacements
0 Square Feet [0.00 Square Inches]
946 patches before subdivision
52052 patches after subdivision
6 direct lights
0...1...2...3...4...5...6...7...8...9...100...1...2...3...4...5...6...7...8...9...10transfers 5685534, max 606
transfer lists:  43.4 megs
0...1...2...3...4...5...6...7...8...9...10	Bounce #1 added RGB(6845, 6401, 4566)
0...1...2...3...4...5...6...7...8...9...10	Bounce #2 added RGB(6158, 5339, 3423)
Build Patch/Sample Hash Table(s).....Done<0.0133 sec>
0...1...2...3...4...5...6...7...8...9...10FinalLightFace Done
0 of 0 (0% of) surface lights went in leaf ambient cubes.
0...1...2...3...4...5...6...7...8...9...10Writing leaf ambient...done
Ready to Finish

Object names       Objects/Maxobjs  Memory / Maxmem  Fullness 
------------       ---------------  ---------------  -------- 
models                  42/1024         2016/49152    ( 4.1%) 
brushes                115/8192         1380/98304    ( 1.4%) 
brushsides             823/65536        6584/524288   ( 1.3%) 
planes                1036/65536       20720/1310720  ( 1.6%) 
vertexes              1365/65536       16380/786432   ( 2.1%) 
nodes                  533/65536       17056/2097152  ( 0.8%) 
texinfos               155/12288       11160/884736   ( 1.3%) 
texdata                 27/2048          864/65536    ( 1.3%) 
dispinfos                0/0               0/0        ( 0.0%) 
disp_verts               0/0               0/0        ( 0.0%) 
disp_tris                0/0               0/0        ( 0.0%) 
disp_lmsamples           0/0               0/0        ( 0.0%) 
faces                  946/65536       52976/3670016  ( 1.4%) 
hdr faces                0/65536           0/3670016  ( 0.0%) 
origfaces              446/65536       24976/3670016  ( 0.7%) 
leaves                 576/65536       18432/2097152  ( 0.9%) 
leaffaces             1255/65536        2510/131072   ( 1.9%) 
leafbrushes            143/65536         286/131072   ( 0.2%) 
areas                    2/256            16/2048     ( 0.8%) 
surfedges             6095/512000      24380/2048000  ( 1.2%) 
edges                 3235/256000      12940/1024000  ( 1.3%) 
LDR worldlights          6/8192          528/720896   ( 0.1%) 
HDR worldlights          0/8192            0/720896   ( 0.0%) 
leafwaterdata            1/32768          12/393216   ( 0.0%) 
waterstrips             30/32768         300/327680   ( 0.1%) 
waterverts               0/65536           0/786432   ( 0.0%) 
waterindices           420/65536         840/131072   ( 0.6%) 
cubemapsamples           2/1024           32/16384    ( 0.2%) 
overlays                 0/512             0/180224   ( 0.0%) 
LDR lightdata         [variable]    10448816/0        ( 0.0%) 
HDR lightdata         [variable]           0/0        ( 0.0%) 
visdata               [variable]        1242/16777216 ( 0.0%) 
entdata               [variable]       41071/393216   (10.4%) 
LDR ambient table      576/65536        2304/262144   ( 0.9%) 
HDR ambient table      576/65536        2304/262144   ( 0.9%) 
LDR leaf ambient       790/65536       22120/1835008  ( 1.2%) 
HDR leaf ambient       576/65536       16128/1835008  ( 0.9%) 
occluders                0/0               0/0        ( 0.0%) 
occluder polygons        0/0               0/0        ( 0.0%) 
occluder vert ind        0/0               0/0        ( 0.0%) 
detail props          [variable]           1/12       ( 8.3%) 
static props          [variable]           1/418      ( 0.2%) 
pakfile               [variable]      320826/0        ( 0.0%) 
physics               [variable]       57364/4194304  ( 1.4%) 
physics terrain       [variable]           2/1048576  ( 0.0%) 

Level flags = 0

Total triangle count: 2371
Writing c:\program files (x86)\steam\steamapps\common\sourcesdk_content\hl2mp\mapsrc\test.bsp
3 seconds elapsed



materialPath: C:\Program Files (x86)\Steam\steamapps\common\Half-Life 2 Deathmatch\hl2mp\materials
Loading c:\program files (x86)\steam\steamapps\common\sourcesdk_content\hl2mp\mapsrc\test.vmf
ConVarRef mat_reduceparticles doesn't point to an existing ConVar
Could not locate 'GameData' key in c:\program files (x86)\steam\steamapps\common\half-life 2 deathmatch\hl2mp\gameinfo.txt
Patching WVT material: maps/test/dev/dev_blendmeasure_wvt_patch
fixing up env_cubemap materials on brush sides...
0...1...2...3...4...5...6...7...8...9...100...1...2...3...4...5...6...7...8...9...10Processing areas...done (0)
Building Faces...done (0)
Chop Details...done (0)
Find Visible Detail Sides...done (0)
Merging details...done (0)
FixTjuncs...
PruneNodes...
WriteBSP...
done (0)
writing c:\program files (x86)\steam\steamapps\common\sourcesdk_content\hl2mp\mapsrc\test.prt...Building visibility clusters...
done (0)
Creating default LDR cubemaps for env_cubemap using skybox materials:
   skybox/sky_day01_01*.vmt
 ! Run buildcubemaps in the engine to get the correct cube maps.
Creating default HDR cubemaps for env_cubemap using skybox materials:
   skybox/sky_day01_01*.vmt
 ! Run buildcubemaps in the engine to get the correct cube maps.
Finding displacement neighbors...
Finding lightmap sample positions...
Displacement Alpha : 0...1...2...3...4...5...6...7...8...9...10
Building Physics collision data...
done (0) (57364 bytes)
Placing detail props : 0...1...2...3...4...5...6...7...8...9...10
Compacting texture/material tables...
Reduced 353 texinfos to 155
Reduced 36 texdatas to 27 (1182 bytes to 911)
Writing c:\program files (x86)\steam\steamapps\common\sourcesdk_content\hl2mp\mapsrc\test.bsp
Wrote ZIP buffer, estimated size 323184, actual size 320826
0 seconds elapsed



12 threads
reading c:\program files (x86)\steam\steamapps\common\sourcesdk_content\hl2mp\mapsrc\test.bsp
reading c:\program files (x86)\steam\steamapps\common\sourcesdk_content\hl2mp\mapsrc\test.prt
  56 portalclusters
 163 numportals
0...1...2...3...4...5...6...7...8...9...10Optimized: 63 visible clusters (2.13%)
Total clusters visible: 2953
Average clusters visible: 52
Building PAS...
Average clusters audible: 56
visdatasize:1242  compressed from 896
writing c:\program files (x86)\steam\steamapps\common\sourcesdk_content\hl2mp\mapsrc\test.bsp
0 seconds elapsed



[Reading texlights from 'lights.rad']
[45 texlights parsed from 'lights.rad']

Loading c:\program files (x86)\steam\steamapps\common\sourcesdk_content\hl2mp\mapsrc\test.bsp
946 faces
37175 square feet [5353232.00 square inches]
0 Displacements
0 Square Feet [0.00 Square Inches]
946 patches before subdivision
52052 patches after subdivision
6 direct lights
0...1...2...3...4...5...6...7...8...9...100...1...2...3...4...5...6...7...8...9...10transfers 5685534, max 606
transfer lists:  43.4 megs
0...1...2...3...4...5...6...7...8...9...10	Bounce #1 added RGB(6845, 6401, 4566)
0...1...2...3...4...5...6...7...8...9...10	Bounce #2 added RGB(6158, 5339, 3423)
Build Patch/Sample Hash Table(s).....Done<0.0133 sec>
0...1...2...3...4...5...6...7...8...9...10FinalLightFace Done
0 of 0 (0% of) surface lights went in leaf ambient cubes.
0...1...2...3...4...5...6...7...8...9...10Writing leaf ambient...done
Ready to Finish

Object names       Objects/Maxobjs  Memory / Maxmem  Fullness 
------------       ---------------  ---------------  -------- 
models                  42/1024         2016/49152    ( 4.1%) 
brushes                115/8192         1380/98304    ( 1.4%) 
brushsides             823/65536        6584/524288   ( 1.3%) 
planes                1036/65536       20720/1310720  ( 1.6%) 
vertexes              1365/65536       16380/786432   ( 2.1%) 
nodes                  533/65536       17056/2097152  ( 0.8%) 
texinfos               155/12288       11160/884736   ( 1.3%) 
texdata                 27/2048          864/65536    ( 1.3%) 
dispinfos                0/0               0/0        ( 0.0%) 
disp_verts               0/0               0/0        ( 0.0%) 
disp_tris                0/0               0/0        ( 0.0%) 
disp_lmsamples           0/0               0/0        ( 0.0%) 
faces                  946/65536       52976/3670016  ( 1.4%) 
hdr faces                0/65536           0/3670016  ( 0.0%) 
origfaces              446/65536       24976/3670016  ( 0.7%) 
leaves                 576/65536       18432/2097152  ( 0.9%) 
leaffaces             1255/65536        2510/131072   ( 1.9%) 
leafbrushes            143/65536         286/131072   ( 0.2%) 
areas                    2/256            16/2048     ( 0.8%) 
surfedges             6095/512000      24380/2048000  ( 1.2%) 
edges                 3235/256000      12940/1024000  ( 1.3%) 
LDR worldlights          6/8192          528/720896   ( 0.1%) 
HDR worldlights          0/8192            0/720896   ( 0.0%) 
leafwaterdata            1/32768          12/393216   ( 0.0%) 
waterstrips             30/32768         300/327680   ( 0.1%) 
waterverts               0/65536           0/786432   ( 0.0%) 
waterindices           420/65536         840/131072   ( 0.6%) 
cubemapsamples           2/1024           32/16384    ( 0.2%) 
overlays                 0/512             0/180224   ( 0.0%) 
LDR lightdata         [variable]    10448816/0        ( 0.0%) 
HDR lightdata         [variable]           0/0        ( 0.0%) 
visdata               [variable]        1242/16777216 ( 0.0%) 
entdata               [variable]       41071/393216   (10.4%) 
LDR ambient table      576/65536        2304/262144   ( 0.9%) 
HDR ambient table      576/65536        2304/262144   ( 0.9%) 
LDR leaf ambient       790/65536       22120/1835008  ( 1.2%) 
HDR leaf ambient       576/65536       16128/1835008  ( 0.9%) 
occluders                0/0               0/0        ( 0.0%) 
occluder polygons        0/0               0/0        ( 0.0%) 
occluder vert ind        0/0               0/0        ( 0.0%) 
detail props          [variable]           1/12       ( 8.3%) 
static props          [variable]           1/418      ( 0.2%) 
pakfile               [variable]      320826/0        ( 0.0%) 
physics               [variable]       57364/4194304  ( 1.4%) 
physics terrain       [variable]           2/1048576  ( 0.0%) 

Level flags = 0

Total triangle count: 2371
Writing c:\program files (x86)\steam\steamapps\common\sourcesdk_content\hl2mp\mapsrc\test.bsp
3 seconds elapsed



materialPath: C:\Program Files (x86)\Steam\steamapps\common\Half-Life 2 Deathmatch\hl2mp\materials
Loading c:\program files (x86)\steam\steamapps\common\sourcesdk_content\hl2mp\mapsrc\test.vmf
ConVarRef mat_reduceparticles doesn't point to an existing ConVar
Could not locate 'GameData' key in c:\program files (x86)\steam\steamapps\common\half-life 2 deathmatch\hl2mp\gameinfo.txt
Patching WVT material: maps/test/dev/dev_blendmeasure_wvt_patch
fixing up env_cubemap materials on brush sides...
0...1...2...3...4...5...6...7...8...9...100...1...2...3...4...5...6...7...8...9...10Processing areas...done (0)
Building Faces...done (0)
Chop Details...done (0)
Find Visible Detail Sides...done (0)
Merging details...done (0)
FixTjuncs...
PruneNodes...
WriteBSP...
done (0)
writing c:\program files (x86)\steam\steamapps\common\sourcesdk_content\hl2mp\mapsrc\test.prt...Building visibility clusters...
done (0)
Creating default LDR cubemaps for env_cubemap using skybox materials:
   skybox/sky_day01_01*.vmt
 ! Run buildcubemaps in the engine to get the correct cube maps.
Creating default HDR cubemaps for env_cubemap using skybox materials:
   skybox/sky_day01_01*.vmt
 ! Run buildcubemaps in the engine to get the correct cube maps.
Finding displacement neighbors...
Finding lightmap sample positions...
Displacement Alpha : 0...1...2...3...4...5...6...7...8...9...10
Building Physics collision data...
done (0) (56811 bytes)
Placing detail props : 0...1...2...3...4...5...6...7...8...9...10
Compacting texture/material tables...
Reduced 347 texinfos to 152
Reduced 36 texdatas to 27 (1182 bytes to 911)
Writing c:\program files (x86)\steam\steamapps\common\sourcesdk_content\hl2mp\mapsrc\test.bsp
Wrote ZIP buffer, estimated size 323184, actual size 320826
0 seconds elapsed



12 threads
reading c:\program files (x86)\steam\steamapps\common\sourcesdk_content\hl2mp\mapsrc\test.bsp
reading c:\program files (x86)\steam\steamapps\common\sourcesdk_content\hl2mp\mapsrc\test.prt
  56 portalclusters
 163 numportals
0...1...2...3...4...5...6...7...8...9...10Optimized: 63 visible clusters (2.13%)
Total clusters visible: 2953
Average clusters visible: 52
Building PAS...
Average clusters audible: 56
visdatasize:1242  compressed from 896
writing c:\program files (x86)\steam\steamapps\common\sourcesdk_content\hl2mp\mapsrc\test.bsp
0 seconds elapsed



[Reading texlights from 'lights.rad']
[45 texlights parsed from 'lights.rad']

Loading c:\program files (x86)\steam\steamapps\common\sourcesdk_content\hl2mp\mapsrc\test.bsp
940 faces
37052 square feet [5335572.00 square inches]
0 Displacements
0 Square Feet [0.00 Square Inches]
940 patches before subdivision
52046 patches after subdivision
6 direct lights
0...1...2...3...4...5...6...7...8...9...100...1...2...3...4...5...6...7...8...9...10transfers 5684191, max 606
transfer lists:  43.4 megs
0...1...2...3...4...5...6...7...8...9...10	Bounce #1 added RGB(6837, 6394, 4561)
0...1...2...3...4...5...6...7...8...9...10	Bounce #2 added RGB(6157, 5338, 3422)
Build Patch/Sample Hash Table(s).....Done<0.0133 sec>
0...1...2...3...4...5...6...7...8...9...10FinalLightFace Done
0 of 0 (0% of) surface lights went in leaf ambient cubes.
0...1...2...3...4...5...6...7...8...9...10Writing leaf ambient...done
Ready to Finish

Object names       Objects/Maxobjs  Memory / Maxmem  Fullness 
------------       ---------------  ---------------  -------- 
models                  41/1024         1968/49152    ( 4.0%) 
brushes                114/8192         1368/98304    ( 1.4%) 
brushsides             817/65536        6536/524288   ( 1.2%) 
planes                1018/65536       20360/1310720  ( 1.6%) 
vertexes              1357/65536       16284/786432   ( 2.1%) 
nodes                  527/65536       16864/2097152  ( 0.8%) 
texinfos               152/12288       10944/884736   ( 1.2%) 
texdata                 27/2048          864/65536    ( 1.3%) 
dispinfos                0/0               0/0        ( 0.0%) 
disp_verts               0/0               0/0        ( 0.0%) 
disp_tris                0/0               0/0        ( 0.0%) 
disp_lmsamples           0/0               0/0        ( 0.0%) 
faces                  940/65536       52640/3670016  ( 1.4%) 
hdr faces                0/65536           0/3670016  ( 0.0%) 
origfaces              440/65536       24640/3670016  ( 0.7%) 
leaves                 569/65536       18208/2097152  ( 0.9%) 
leaffaces             1249/65536        2498/131072   ( 1.9%) 
leafbrushes            142/65536         284/131072   ( 0.2%) 
areas                    2/256            16/2048     ( 0.8%) 
surfedges             6047/512000      24188/2048000  ( 1.2%) 
edges                 3211/256000      12844/1024000  ( 1.3%) 
LDR worldlights          6/8192          528/720896   ( 0.1%) 
HDR worldlights          0/8192            0/720896   ( 0.0%) 
leafwaterdata            1/32768          12/393216   ( 0.0%) 
waterstrips             30/32768         300/327680   ( 0.1%) 
waterverts               0/65536           0/786432   ( 0.0%) 
waterindices           420/65536         840/131072   ( 0.6%) 
cubemapsamples           2/1024           32/16384    ( 0.2%) 
overlays                 0/512             0/180224   ( 0.0%) 
LDR lightdata         [variable]    10448816/0        ( 0.0%) 
HDR lightdata         [variable]           0/0        ( 0.0%) 
visdata               [variable]        1242/16777216 ( 0.0%) 
entdata               [variable]       40876/393216   (10.4%) 
LDR ambient table      569/65536        2276/262144   ( 0.9%) 
HDR ambient table      569/65536        2276/262144   ( 0.9%) 
LDR leaf ambient       774/65536       21672/1835008  ( 1.2%) 
HDR leaf ambient       569/65536       15932/1835008  ( 0.9%) 
occluders                0/0               0/0        ( 0.0%) 
occluder polygons        0/0               0/0        ( 0.0%) 
occluder vert ind        0/0               0/0        ( 0.0%) 
detail props          [variable]           1/12       ( 8.3%) 
static props          [variable]           1/418      ( 0.2%) 
pakfile               [variable]      320826/0        ( 0.0%) 
physics               [variable]       56811/4194304  ( 1.4%) 
physics terrain       [variable]           2/1048576  ( 0.0%) 

Level flags = 0

Total triangle count: 2359
Writing c:\program files (x86)\steam\steamapps\common\sourcesdk_content\hl2mp\mapsrc\test.bsp
3 seconds elapsed



materialPath: C:\Program Files (x86)\Steam\steamapps\common\Half-Life 2 Deathmatch\hl2mp\materials
Loading c:\program files (x86)\steam\steamapps\common\sourcesdk_content\hl2mp\mapsrc\test.vmf
ConVarRef mat_reduceparticles doesn't point to an existing ConVar
Could not locate 'GameData' key in c:\program files (x86)\steam\steamapps\common\half-life 2 deathmatch\hl2mp\gameinfo.txt
Patching WVT material: maps/test/dev/dev_blendmeasure_wvt_patch
fixing up env_cubemap materials on brush sides...
0...1...2...3...4...5...6...7...8...9...100...1...2...3...4...5...6...7...8...9...10Processing areas...done (0)
Building Faces...done (0)
Chop Details...done (0)
Find Visible Detail Sides...done (0)
Merging details...done (0)
FixTjuncs...
PruneNodes...
WriteBSP...
done (0)
writing c:\program files (x86)\steam\steamapps\common\sourcesdk_content\hl2mp\mapsrc\test.prt...Building visibility clusters...
done (0)
Creating default LDR cubemaps for env_cubemap using skybox materials:
   skybox/sky_day01_01*.vmt
 ! Run buildcubemaps in the engine to get the correct cube maps.
Creating default HDR cubemaps for env_cubemap using skybox materials:
   skybox/sky_day01_01*.vmt
 ! Run buildcubemaps in the engine to get the correct cube maps.
Finding displacement neighbors...
Finding lightmap sample positions...
Displacement Alpha : 0...1...2...3...4...5...6...7...8...9...10
Building Physics collision data...
done (0) (56811 bytes)
Placing detail props : 0...1...2...3...4...5...6...7...8...9...10
Compacting texture/material tables...
Reduced 347 texinfos to 152
Reduced 36 texdatas to 27 (1182 bytes to 911)
Writing c:\program files (x86)\steam\steamapps\common\sourcesdk_content\hl2mp\mapsrc\test.bsp
Wrote ZIP buffer, estimated size 323184, actual size 320826
0 seconds elapsed



12 threads
reading c:\program files (x86)\steam\steamapps\common\sourcesdk_content\hl2mp\mapsrc\test.bsp
reading c:\program files (x86)\steam\steamapps\common\sourcesdk_content\hl2mp\mapsrc\test.prt
  56 portalclusters
 174 numportals
0...1...2...3...4...5...6...7...8...9...10Optimized: 63 visible clusters (2.13%)
Total clusters visible: 2951
Average clusters visible: 52
Building PAS...
Average clusters audible: 56
visdatasize:1242  compressed from 896
writing c:\program files (x86)\steam\steamapps\common\sourcesdk_content\hl2mp\mapsrc\test.bsp
0 seconds elapsed



[Reading texlights from 'lights.rad']
[45 texlights parsed from 'lights.rad']

Loading c:\program files (x86)\steam\steamapps\common\sourcesdk_content\hl2mp\mapsrc\test.bsp
939 faces
37196 square feet [5356252.00 square inches]
0 Displacements
0 Square Feet [0.00 Square Inches]
939 patches before subdivision
52075 patches after subdivision
6 direct lights
0...1...2...3...4...5...6...7...8...9...100...1...2...3...4...5...6...7...8...9...10transfers 5598665, max 598
transfer lists:  42.7 megs
0...1...2...3...4...5...6...7...8...9...10	Bounce #1 added RGB(6738, 6300, 4493)
0...1...2...3...4...5...6...7...8...9...10	Bounce #2 added RGB(6086, 5272, 3379)
Build Patch/Sample Hash Table(s).....Done<0.0133 sec>
0...1...2...3...4...5...6...7...8...9...10FinalLightFace Done
0 of 0 (0% of) surface lights went in leaf ambient cubes.
0...1...2...3...4...5...6...7...8...9...10Writing leaf ambient...done
Ready to Finish

Object names       Objects/Maxobjs  Memory / Maxmem  Fullness 
------------       ---------------  ---------------  -------- 
models                  41/1024         1968/49152    ( 4.0%) 
brushes                114/8192         1368/98304    ( 1.4%) 
brushsides             817/65536        6536/524288   ( 1.2%) 
planes                1016/65536       20320/1310720  ( 1.6%) 
vertexes              1362/65536       16344/786432   ( 2.1%) 
nodes                  528/65536       16896/2097152  ( 0.8%) 
texinfos               152/12288       10944/884736   ( 1.2%) 
texdata                 27/2048          864/65536    ( 1.3%) 
dispinfos                0/0               0/0        ( 0.0%) 
disp_verts               0/0               0/0        ( 0.0%) 
disp_tris                0/0               0/0        ( 0.0%) 
disp_lmsamples           0/0               0/0        ( 0.0%) 
faces                  939/65536       52584/3670016  ( 1.4%) 
hdr faces                0/65536           0/3670016  ( 0.0%) 
origfaces              440/65536       24640/3670016  ( 0.7%) 
leaves                 570/65536       18240/2097152  ( 0.9%) 
leaffaces             1220/65536        2440/131072   ( 1.9%) 
leafbrushes            143/65536         286/131072   ( 0.2%) 
areas                    2/256            16/2048     ( 0.8%) 
surfedges             6055/512000      24220/2048000  ( 1.2%) 
edges                 3215/256000      12860/1024000  ( 1.3%) 
LDR worldlights          6/8192          528/720896   ( 0.1%) 
HDR worldlights          0/8192            0/720896   ( 0.0%) 
leafwaterdata            1/32768          12/393216   ( 0.0%) 
waterstrips             30/32768         300/327680   ( 0.1%) 
waterverts               0/65536           0/786432   ( 0.0%) 
waterindices           417/65536         834/131072   ( 0.6%) 
cubemapsamples           2/1024           32/16384    ( 0.2%) 
overlays                 0/512             0/180224   ( 0.0%) 
LDR lightdata         [variable]    10450288/0        ( 0.0%) 
HDR lightdata         [variable]           0/0        ( 0.0%) 
visdata               [variable]        1242/16777216 ( 0.0%) 
entdata               [variable]       40876/393216   (10.4%) 
LDR ambient table      570/65536        2280/262144   ( 0.9%) 
HDR ambient table      570/65536        2280/262144   ( 0.9%) 
LDR leaf ambient       787/65536       22036/1835008  ( 1.2%) 
HDR leaf ambient       570/65536       15960/1835008  ( 0.9%) 
occluders                0/0               0/0        ( 0.0%) 
occluder polygons        0/0               0/0        ( 0.0%) 
occluder vert ind        0/0               0/0        ( 0.0%) 
detail props          [variable]           1/12       ( 8.3%) 
static props          [variable]           1/418      ( 0.2%) 
pakfile               [variable]      320826/0        ( 0.0%) 
physics               [variable]       56811/4194304  ( 1.4%) 
physics terrain       [variable]           2/1048576  ( 0.0%) 

Level flags = 0

Total triangle count: 2369
Writing c:\program files (x86)\steam\steamapps\common\sourcesdk_content\hl2mp\mapsrc\test.bsp
3 seconds elapsed



materialPath: C:\Program Files (x86)\Steam\steamapps\common\Half-Life 2 Deathmatch\hl2mp\materials
Loading c:\program files (x86)\steam\steamapps\common\sourcesdk_content\hl2mp\mapsrc\test.vmf
ConVarRef mat_reduceparticles doesn't point to an existing ConVar
Could not locate 'GameData' key in c:\program files (x86)\steam\steamapps\common\half-life 2 deathmatch\hl2mp\gameinfo.txt
Patching WVT material: maps/test/dev/dev_blendmeasure_wvt_patch
fixing up env_cubemap materials on brush sides...
0...1...2...3...4...5...6...7...8...9...100...1...2...3...4...5...6...7...8...9...10Processing areas...done (0)
Building Faces...done (0)
Chop Details...done (0)
Find Visible Detail Sides...done (0)
Merging details...done (0)
FixTjuncs...
PruneNodes...
WriteBSP...
done (0)
writing c:\program files (x86)\steam\steamapps\common\sourcesdk_content\hl2mp\mapsrc\test.prt...Building visibility clusters...
done (0)
Creating default LDR cubemaps for env_cubemap using skybox materials:
   skybox/sky_day01_01*.vmt
 ! Run buildcubemaps in the engine to get the correct cube maps.
Creating default HDR cubemaps for env_cubemap using skybox materials:
   skybox/sky_day01_01*.vmt
 ! Run buildcubemaps in the engine to get the correct cube maps.
Finding displacement neighbors...
Finding lightmap sample positions...
Displacement Alpha : 0...1...2...3...4...5...6...7...8...9...10
Building Physics collision data...
done (0) (56811 bytes)
Placing detail props : 0...1...2...3...4...5...6...7...8...9...10
Compacting texture/material tables...
Reduced 347 texinfos to 152
Reduced 36 texdatas to 27 (1182 bytes to 911)
Writing c:\program files (x86)\steam\steamapps\common\sourcesdk_content\hl2mp\mapsrc\test.bsp
Wrote ZIP buffer, estimated size 323184, actual size 320826
0 seconds elapsed



12 threads
reading c:\program files (x86)\steam\steamapps\common\sourcesdk_content\hl2mp\mapsrc\test.bsp
reading c:\program files (x86)\steam\steamapps\common\sourcesdk_content\hl2mp\mapsrc\test.prt
  56 portalclusters
 174 numportals
0...1...2...3...4...5...6...7...8...9...10Optimized: 63 visible clusters (2.13%)
Total clusters visible: 2951
Average clusters visible: 52
Building PAS...
Average clusters audible: 56
visdatasize:1242  compressed from 896
writing c:\program files (x86)\steam\steamapps\common\sourcesdk_content\hl2mp\mapsrc\test.bsp
0 seconds elapsed



[Reading texlights from 'lights.rad']
[45 texlights parsed from 'lights.rad']

Loading c:\program files (x86)\steam\steamapps\common\sourcesdk_content\hl2mp\mapsrc\test.bsp
939 faces
37196 square feet [5356252.00 square inches]
0 Displacements
0 Square Feet [0.00 Square Inches]
939 patches before subdivision
52075 patches after subdivision
6 direct lights
0...1...2...3...4...5...6...7...8...9...100...1...2...3...4...5...6...7...8...9...10transfers 5598665, max 598
transfer lists:  42.7 megs
0...1...2...3...4...5...6...7...8...9...10	Bounce #1 added RGB(6738, 6300, 4493)
0...1...2...3...4...5...6...7...8...9...10	Bounce #2 added RGB(6086, 5272, 3379)
Build Patch/Sample Hash Table(s).....Done<0.0126 sec>
0...1...2...3...4...5...6...7...8...9...10FinalLightFace Done
0 of 0 (0% of) surface lights went in leaf ambient cubes.
0...1...2...3...4...5...6...7...8...9...10Writing leaf ambient...done
Ready to Finish

Object names       Objects/Maxobjs  Memory / Maxmem  Fullness 
------------       ---------------  ---------------  -------- 
models                  41/1024         1968/49152    ( 4.0%) 
brushes                114/8192         1368/98304    ( 1.4%) 
brushsides             817/65536        6536/524288   ( 1.2%) 
planes                1016/65536       20320/1310720  ( 1.6%) 
vertexes              1362/65536       16344/786432   ( 2.1%) 
nodes                  528/65536       16896/2097152  ( 0.8%) 
texinfos               152/12288       10944/884736   ( 1.2%) 
texdata                 27/2048          864/65536    ( 1.3%) 
dispinfos                0/0               0/0        ( 0.0%) 
disp_verts               0/0               0/0        ( 0.0%) 
disp_tris                0/0               0/0        ( 0.0%) 
disp_lmsamples           0/0               0/0        ( 0.0%) 
faces                  939/65536       52584/3670016  ( 1.4%) 
hdr faces                0/65536           0/3670016  ( 0.0%) 
origfaces              440/65536       24640/3670016  ( 0.7%) 
leaves                 570/65536       18240/2097152  ( 0.9%) 
leaffaces             1220/65536        2440/131072   ( 1.9%) 
leafbrushes            143/65536         286/131072   ( 0.2%) 
areas                    2/256            16/2048     ( 0.8%) 
surfedges             6055/512000      24220/2048000  ( 1.2%) 
edges                 3215/256000      12860/1024000  ( 1.3%) 
LDR worldlights          6/8192          528/720896   ( 0.1%) 
HDR worldlights          0/8192            0/720896   ( 0.0%) 
leafwaterdata            1/32768          12/393216   ( 0.0%) 
waterstrips             30/32768         300/327680   ( 0.1%) 
waterverts               0/65536           0/786432   ( 0.0%) 
waterindices           417/65536         834/131072   ( 0.6%) 
cubemapsamples           2/1024           32/16384    ( 0.2%) 
overlays                 0/512             0/180224   ( 0.0%) 
LDR lightdata         [variable]    10450288/0        ( 0.0%) 
HDR lightdata         [variable]           0/0        ( 0.0%) 
visdata               [variable]        1242/16777216 ( 0.0%) 
entdata               [variable]       40876/393216   (10.4%) 
LDR ambient table      570/65536        2280/262144   ( 0.9%) 
HDR ambient table      570/65536        2280/262144   ( 0.9%) 
LDR leaf ambient       787/65536       22036/1835008  ( 1.2%) 
HDR leaf ambient       570/65536       15960/1835008  ( 0.9%) 
occluders                0/0               0/0        ( 0.0%) 
occluder polygons        0/0               0/0        ( 0.0%) 
occluder vert ind        0/0               0/0        ( 0.0%) 
detail props          [variable]           1/12       ( 8.3%) 
static props          [variable]           1/418      ( 0.2%) 
pakfile               [variable]      320826/0        ( 0.0%) 
physics               [variable]       56811/4194304  ( 1.4%) 
physics terrain       [variable]           2/1048576  ( 0.0%) 

Level flags = 0

Total triangle count: 2369
Writing c:\program files (x86)\steam\steamapps\common\sourcesdk_content\hl2mp\mapsrc\test.bsp
3 seconds elapsed



materialPath: C:\Program Files (x86)\Steam\steamapps\common\Half-Life 2 Deathmatch\hl2mp\materials
Loading c:\program files (x86)\steam\steamapps\common\sourcesdk_content\hl2mp\mapsrc\test.vmf
ConVarRef mat_reduceparticles doesn't point to an existing ConVar
Could not locate 'GameData' key in c:\program files (x86)\steam\steamapps\common\half-life 2 deathmatch\hl2mp\gameinfo.txt
Patching WVT material: maps/test/dev/dev_blendmeasure_wvt_patch
fixing up env_cubemap materials on brush sides...
0...1...2...3...4...5...6...7...8...9...100...1...2...3...4...5...6...7...8...9...10Processing areas...done (0)
Building Faces...done (0)
Chop Details...done (0)
Find Visible Detail Sides...done (0)
Merging details...done (0)
FixTjuncs...
PruneNodes...
WriteBSP...
done (0)
writing c:\program files (x86)\steam\steamapps\common\sourcesdk_content\hl2mp\mapsrc\test.prt...Building visibility clusters...
done (0)
Creating default LDR cubemaps for env_cubemap using skybox materials:
   skybox/sky_day01_01*.vmt
 ! Run buildcubemaps in the engine to get the correct cube maps.
Creating default HDR cubemaps for env_cubemap using skybox materials:
   skybox/sky_day01_01*.vmt
 ! Run buildcubemaps in the engine to get the correct cube maps.
Finding displacement neighbors...
Finding lightmap sample positions...
Displacement Alpha : 0...1...2...3...4...5...6...7...8...9...10
Building Physics collision data...
done (0) (56811 bytes)
Placing detail props : 0...1...2...3...4...5...6...7...8...9...10
Compacting texture/material tables...
Reduced 347 texinfos to 152
Reduced 36 texdatas to 27 (1182 bytes to 911)
Writing c:\program files (x86)\steam\steamapps\common\sourcesdk_content\hl2mp\mapsrc\test.bsp
Wrote ZIP buffer, estimated size 323184, actual size 320826
0 seconds elapsed



12 threads
reading c:\program files (x86)\steam\steamapps\common\sourcesdk_content\hl2mp\mapsrc\test.bsp
reading c:\program files (x86)\steam\steamapps\common\sourcesdk_content\hl2mp\mapsrc\test.prt
  56 portalclusters
 174 numportals
0...1...2...3...4...5...6...7...8...9...10Optimized: 63 visible clusters (2.13%)
Total clusters visible: 2951
Average clusters visible: 52
Building PAS...
Average clusters audible: 56
visdatasize:1242  compressed from 896
writing c:\program files (x86)\steam\steamapps\common\sourcesdk_content\hl2mp\mapsrc\test.bsp
0 seconds elapsed



[Reading texlights from 'lights.rad']
[45 texlights parsed from 'lights.rad']

Loading c:\program files (x86)\steam\steamapps\common\sourcesdk_content\hl2mp\mapsrc\test.bsp
939 faces
37196 square feet [5356252.00 square inches]
0 Displacements
0 Square Feet [0.00 Square Inches]
939 patches before subdivision
52075 patches after subdivision
6 direct lights
0...1...2...3...4...5...6...7...8...9...100...1...2...3...4...5...6...7...8...9...10transfers 5598665, max 598
transfer lists:  42.7 megs
0...1...2...3...4...5...6...7...8...9...10	Bounce #1 added RGB(6738, 6300, 4493)
0...1...2...3...4...5...6...7...8...9...10	Bounce #2 added RGB(6086, 5272, 3379)
Build Patch/Sample Hash Table(s).....Done<0.0134 sec>
0...1...2...3...4...5...6...7...8...9...10FinalLightFace Done
0 of 0 (0% of) surface lights went in leaf ambient cubes.
0...1...2...3...4...5...6...7...8...9...10Writing leaf ambient...done
Ready to Finish

Object names       Objects/Maxobjs  Memory / Maxmem  Fullness 
------------       ---------------  ---------------  -------- 
models                  41/1024         1968/49152    ( 4.0%) 
brushes                114/8192         1368/98304    ( 1.4%) 
brushsides             817/65536        6536/524288   ( 1.2%) 
planes                1016/65536       20320/1310720  ( 1.6%) 
vertexes              1362/65536       16344/786432   ( 2.1%) 
nodes                  528/65536       16896/2097152  ( 0.8%) 
texinfos               152/12288       10944/884736   ( 1.2%) 
texdata                 27/2048          864/65536    ( 1.3%) 
dispinfos                0/0               0/0        ( 0.0%) 
disp_verts               0/0               0/0        ( 0.0%) 
disp_tris                0/0               0/0        ( 0.0%) 
disp_lmsamples           0/0               0/0        ( 0.0%) 
faces                  939/65536       52584/3670016  ( 1.4%) 
hdr faces                0/65536           0/3670016  ( 0.0%) 
origfaces              440/65536       24640/3670016  ( 0.7%) 
leaves                 570/65536       18240/2097152  ( 0.9%) 
leaffaces             1220/65536        2440/131072   ( 1.9%) 
leafbrushes            143/65536         286/131072   ( 0.2%) 
areas                    2/256            16/2048     ( 0.8%) 
surfedges             6055/512000      24220/2048000  ( 1.2%) 
edges                 3215/256000      12860/1024000  ( 1.3%) 
LDR worldlights          6/8192          528/720896   ( 0.1%) 
HDR worldlights          0/8192            0/720896   ( 0.0%) 
leafwaterdata            1/32768          12/393216   ( 0.0%) 
waterstrips             30/32768         300/327680   ( 0.1%) 
waterverts               0/65536           0/786432   ( 0.0%) 
waterindices           417/65536         834/131072   ( 0.6%) 
cubemapsamples           2/1024           32/16384    ( 0.2%) 
overlays                 0/512             0/180224   ( 0.0%) 
LDR lightdata         [variable]    10450288/0        ( 0.0%) 
HDR lightdata         [variable]           0/0        ( 0.0%) 
visdata               [variable]        1242/16777216 ( 0.0%) 
entdata               [variable]       40876/393216   (10.4%) 
LDR ambient table      570/65536        2280/262144   ( 0.9%) 
HDR ambient table      570/65536        2280/262144   ( 0.9%) 
LDR leaf ambient       787/65536       22036/1835008  ( 1.2%) 
HDR leaf ambient       570/65536       15960/1835008  ( 0.9%) 
occluders                0/0               0/0        ( 0.0%) 
occluder polygons        0/0               0/0        ( 0.0%) 
occluder vert ind        0/0               0/0        ( 0.0%) 
detail props          [variable]           1/12       ( 8.3%) 
static props          [variable]           1/418      ( 0.2%) 
pakfile               [variable]      320826/0        ( 0.0%) 
physics               [variable]       56811/4194304  ( 1.4%) 
physics terrain       [variable]           2/1048576  ( 0.0%) 

Level flags = 0

Total triangle count: 2369
Writing c:\program files (x86)\steam\steamapps\common\sourcesdk_content\hl2mp\mapsrc\test.bsp
3 seconds elapsed



materialPath: C:\Program Files (x86)\Steam\steamapps\common\Half-Life 2 Deathmatch\hl2mp\materials
Loading c:\program files (x86)\steam\steamapps\common\sourcesdk_content\hl2mp\mapsrc\test.vmf
ConVarRef mat_reduceparticles doesn't point to an existing ConVar
Could not locate 'GameData' key in c:\program files (x86)\steam\steamapps\common\half-life 2 deathmatch\hl2mp\gameinfo.txt
Patching WVT material: maps/test/dev/dev_blendmeasure_wvt_patch
fixing up env_cubemap materials on brush sides...
0...1...2...3...4...5...6...7...8...9...100...1...2...3...4...5...6...7...8...9...10Processing areas...done (0)
Building Faces...done (0)
Chop Details...done (0)
Find Visible Detail Sides...done (0)
Merging details...done (0)
FixTjuncs...
PruneNodes...
WriteBSP...
done (0)
writing c:\program files (x86)\steam\steamapps\common\sourcesdk_content\hl2mp\mapsrc\test.prt...Building visibility clusters...
done (0)
Creating default LDR cubemaps for env_cubemap using skybox materials:
   skybox/sky_day01_01*.vmt
 ! Run buildcubemaps in the engine to get the correct cube maps.
Creating default HDR cubemaps for env_cubemap using skybox materials:
   skybox/sky_day01_01*.vmt
 ! Run buildcubemaps in the engine to get the correct cube maps.
Finding displacement neighbors...
Finding lightmap sample positions...
Displacement Alpha : 0...1...2...3...4...5...6...7...8...9...10
Building Physics collision data...
done (0) (56811 bytes)
Placing detail props : 0...1...2...3...4...5...6...7...8...9...10
Compacting texture/material tables...
Reduced 347 texinfos to 152
Reduced 36 texdatas to 27 (1182 bytes to 911)
Writing c:\program files (x86)\steam\steamapps\common\sourcesdk_content\hl2mp\mapsrc\test.bsp
Wrote ZIP buffer, estimated size 323184, actual size 320826
0 seconds elapsed



12 threads
reading c:\program files (x86)\steam\steamapps\common\sourcesdk_content\hl2mp\mapsrc\test.bsp
reading c:\program files (x86)\steam\steamapps\common\sourcesdk_content\hl2mp\mapsrc\test.prt
  56 portalclusters
 174 numportals
0...1...2...3...4...5...6...7...8...9...10Optimized: 63 visible clusters (2.13%)
Total clusters visible: 2951
Average clusters visible: 52
Building PAS...
Average clusters audible: 56
visdatasize:1242  compressed from 896
writing c:\program files (x86)\steam\steamapps\common\sourcesdk_content\hl2mp\mapsrc\test.bsp
0 seconds elapsed



[Reading texlights from 'lights.rad']
[45 texlights parsed from 'lights.rad']

Loading c:\program files (x86)\steam\steamapps\common\sourcesdk_content\hl2mp\mapsrc\test.bsp
939 faces
37196 square feet [5356252.00 square inches]
0 Displacements
0 Square Feet [0.00 Square Inches]
939 patches before subdivision
52075 patches after subdivision
6 direct lights
0...1...2...3...4...5...6...7...8...9...100...1...2...3...4...5...6...7...8...9...10transfers 5598665, max 598
transfer lists:  42.7 megs
0...1...2...3...4...5...6...7...8...9...10	Bounce #1 added RGB(6738, 6300, 4493)
0...1...2...3...4...5...6...7...8...9...10	Bounce #2 added RGB(6086, 5272, 3379)
Build Patch/Sample Hash Table(s).....Done<0.0134 sec>
0...1...2...3...4...5...6...7...8...9...10FinalLightFace Done
0 of 0 (0% of) surface lights went in leaf ambient cubes.
0...1...2...3...4...5...6...7...8...9...10Writing leaf ambient...done
Ready to Finish

Object names       Objects/Maxobjs  Memory / Maxmem  Fullness 
------------       ---------------  ---------------  -------- 
models                  41/1024         1968/49152    ( 4.0%) 
brushes                114/8192         1368/98304    ( 1.4%) 
brushsides             817/65536        6536/524288   ( 1.2%) 
planes                1016/65536       20320/1310720  ( 1.6%) 
vertexes              1362/65536       16344/786432   ( 2.1%) 
nodes                  528/65536       16896/2097152  ( 0.8%) 
texinfos               152/12288       10944/884736   ( 1.2%) 
texdata                 27/2048          864/65536    ( 1.3%) 
dispinfos                0/0               0/0        ( 0.0%) 
disp_verts               0/0               0/0        ( 0.0%) 
disp_tris                0/0               0/0        ( 0.0%) 
disp_lmsamples           0/0               0/0        ( 0.0%) 
faces                  939/65536       52584/3670016  ( 1.4%) 
hdr faces                0/65536           0/3670016  ( 0.0%) 
origfaces              440/65536       24640/3670016  ( 0.7%) 
leaves                 570/65536       18240/2097152  ( 0.9%) 
leaffaces             1220/65536        2440/131072   ( 1.9%) 
leafbrushes            143/65536         286/131072   ( 0.2%) 
areas                    2/256            16/2048     ( 0.8%) 
surfedges             6055/512000      24220/2048000  ( 1.2%) 
edges                 3215/256000      12860/1024000  ( 1.3%) 
LDR worldlights          6/8192          528/720896   ( 0.1%) 
HDR worldlights          0/8192            0/720896   ( 0.0%) 
leafwaterdata            1/32768          12/393216   ( 0.0%) 
waterstrips             30/32768         300/327680   ( 0.1%) 
waterverts               0/65536           0/786432   ( 0.0%) 
waterindices           417/65536         834/131072   ( 0.6%) 
cubemapsamples           2/1024           32/16384    ( 0.2%) 
overlays                 0/512             0/180224   ( 0.0%) 
LDR lightdata         [variable]    10450288/0        ( 0.0%) 
HDR lightdata         [variable]           0/0        ( 0.0%) 
visdata               [variable]        1242/16777216 ( 0.0%) 
entdata               [variable]       40876/393216   (10.4%) 
LDR ambient table      570/65536        2280/262144   ( 0.9%) 
HDR ambient table      570/65536        2280/262144   ( 0.9%) 
LDR leaf ambient       787/65536       22036/1835008  ( 1.2%) 
HDR leaf ambient       570/65536       15960/1835008  ( 0.9%) 
occluders                0/0               0/0        ( 0.0%) 
occluder polygons        0/0               0/0        ( 0.0%) 
occluder vert ind        0/0               0/0        ( 0.0%) 
detail props          [variable]           1/12       ( 8.3%) 
static props          [variable]           1/418      ( 0.2%) 
pakfile               [variable]      320826/0        ( 0.0%) 
physics               [variable]       56811/4194304  ( 1.4%) 
physics terrain       [variable]           2/1048576  ( 0.0%) 

Level flags = 0

Total triangle count: 2369
Writing c:\program files (x86)\steam\steamapps\common\sourcesdk_content\hl2mp\mapsrc\test.bsp
3 seconds elapsed



materialPath: C:\Program Files (x86)\Steam\steamapps\common\Half-Life 2 Deathmatch\hl2mp\materials
Loading c:\program files (x86)\steam\steamapps\common\sourcesdk_content\hl2mp\mapsrc\test.vmf
ConVarRef mat_reduceparticles doesn't point to an existing ConVar
Could not locate 'GameData' key in c:\program files (x86)\steam\steamapps\common\half-life 2 deathmatch\hl2mp\gameinfo.txt
Patching WVT material: maps/test/dev/dev_blendmeasure_wvt_patch
fixing up env_cubemap materials on brush sides...
0...1...2...3...4...5...6...7...8...9...100...1...2...3...4...5...6...7...8...9...10Processing areas...done (0)
Building Faces...done (0)
Chop Details...done (0)
Find Visible Detail Sides...done (0)
Merging details...done (0)
FixTjuncs...
PruneNodes...
WriteBSP...
done (0)
writing c:\program files (x86)\steam\steamapps\common\sourcesdk_content\hl2mp\mapsrc\test.prt...Building visibility clusters...
done (0)
Creating default LDR cubemaps for env_cubemap using skybox materials:
   skybox/sky_day01_01*.vmt
 ! Run buildcubemaps in the engine to get the correct cube maps.
Creating default HDR cubemaps for env_cubemap using skybox materials:
   skybox/sky_day01_01*.vmt
 ! Run buildcubemaps in the engine to get the correct cube maps.
Finding displacement neighbors...
Finding lightmap sample positions...
Displacement Alpha : 0...1...2...3...4...5...6...7...8...9...10
Building Physics collision data...
done (0) (56811 bytes)
Placing detail props : 0...1...2...3...4...5...6...7...8...9...10
Compacting texture/material tables...
Reduced 347 texinfos to 152
Reduced 36 texdatas to 27 (1182 bytes to 911)
Writing c:\program files (x86)\steam\steamapps\common\sourcesdk_content\hl2mp\mapsrc\test.bsp
Wrote ZIP buffer, estimated size 323184, actual size 320826
0 seconds elapsed



12 threads
reading c:\program files (x86)\steam\steamapps\common\sourcesdk_content\hl2mp\mapsrc\test.bsp
reading c:\program files (x86)\steam\steamapps\common\sourcesdk_content\hl2mp\mapsrc\test.prt
  56 portalclusters
 174 numportals
0...1...2...3...4...5...6...7...8...9...10Optimized: 63 visible clusters (2.13%)
Total clusters visible: 2951
Average clusters visible: 52
Building PAS...
Average clusters audible: 56
visdatasize:1242  compressed from 896
writing c:\program files (x86)\steam\steamapps\common\sourcesdk_content\hl2mp\mapsrc\test.bsp
0 seconds elapsed



[Reading texlights from 'lights.rad']
[45 texlights parsed from 'lights.rad']

Loading c:\program files (x86)\steam\steamapps\common\sourcesdk_content\hl2mp\mapsrc\test.bsp
939 faces
37196 square feet [5356252.00 square inches]
0 Displacements
0 Square Feet [0.00 Square Inches]
939 patches before subdivision
52075 patches after subdivision
6 direct lights
0...1...2...3...4...5...6...7...8...9...100...1...2...3...4...5...6...7...8...9...10transfers 5598665, max 598
transfer lists:  42.7 megs
0...1...2...3...4...5...6...7...8...9...10	Bounce #1 added RGB(6738, 6300, 4493)
0...1...2...3...4...5...6...7...8...9...10	Bounce #2 added RGB(6086, 5272, 3379)
Build Patch/Sample Hash Table(s).....Done<0.0134 sec>
0...1...2...3...4...5...6...7...8...9...10FinalLightFace Done
0 of 0 (0% of) surface lights went in leaf ambient cubes.
0...1...2...3...4...5...6...7...8...9...10Writing leaf ambient...done
Ready to Finish

Object names       Objects/Maxobjs  Memory / Maxmem  Fullness 
------------       ---------------  ---------------  -------- 
models                  41/1024         1968/49152    ( 4.0%) 
brushes                114/8192         1368/98304    ( 1.4%) 
brushsides             817/65536        6536/524288   ( 1.2%) 
planes                1016/65536       20320/1310720  ( 1.6%) 
vertexes              1362/65536       16344/786432   ( 2.1%) 
nodes                  528/65536       16896/2097152  ( 0.8%) 
texinfos               152/12288       10944/884736   ( 1.2%) 
texdata                 27/2048          864/65536    ( 1.3%) 
dispinfos                0/0               0/0        ( 0.0%) 
disp_verts               0/0               0/0        ( 0.0%) 
disp_tris                0/0               0/0        ( 0.0%) 
disp_lmsamples           0/0               0/0        ( 0.0%) 
faces                  939/65536       52584/3670016  ( 1.4%) 
hdr faces                0/65536           0/3670016  ( 0.0%) 
origfaces              440/65536       24640/3670016  ( 0.7%) 
leaves                 570/65536       18240/2097152  ( 0.9%) 
leaffaces             1220/65536        2440/131072   ( 1.9%) 
leafbrushes            143/65536         286/131072   ( 0.2%) 
areas                    2/256            16/2048     ( 0.8%) 
surfedges             6055/512000      24220/2048000  ( 1.2%) 
edges                 3215/256000      12860/1024000  ( 1.3%) 
LDR worldlights          6/8192          528/720896   ( 0.1%) 
HDR worldlights          0/8192            0/720896   ( 0.0%) 
leafwaterdata            1/32768          12/393216   ( 0.0%) 
waterstrips             30/32768         300/327680   ( 0.1%) 
waterverts               0/65536           0/786432   ( 0.0%) 
waterindices           417/65536         834/131072   ( 0.6%) 
cubemapsamples           2/1024           32/16384    ( 0.2%) 
overlays                 0/512             0/180224   ( 0.0%) 
LDR lightdata         [variable]    10450288/0        ( 0.0%) 
HDR lightdata         [variable]           0/0        ( 0.0%) 
visdata               [variable]        1242/16777216 ( 0.0%) 
entdata               [variable]       40876/393216   (10.4%) 
LDR ambient table      570/65536        2280/262144   ( 0.9%) 
HDR ambient table      570/65536        2280/262144   ( 0.9%) 
LDR leaf ambient       787/65536       22036/1835008  ( 1.2%) 
HDR leaf ambient       570/65536       15960/1835008  ( 0.9%) 
occluders                0/0               0/0        ( 0.0%) 
occluder polygons        0/0               0/0        ( 0.0%) 
occluder vert ind        0/0               0/0        ( 0.0%) 
detail props          [variable]           1/12       ( 8.3%) 
static props          [variable]           1/418      ( 0.2%) 
pakfile               [variable]      320826/0        ( 0.0%) 
physics               [variable]       56811/4194304  ( 1.4%) 
physics terrain       [variable]           2/1048576  ( 0.0%) 

Level flags = 0

Total triangle count: 2369
Writing c:\program files (x86)\steam\steamapps\common\sourcesdk_content\hl2mp\mapsrc\test.bsp
3 seconds elapsed



materialPath: C:\Program Files (x86)\Steam\steamapps\common\Half-Life 2 Deathmatch\hl2mp\materials
Loading c:\program files (x86)\steam\steamapps\common\sourcesdk_content\hl2mp\mapsrc\test.vmf
ConVarRef mat_reduceparticles doesn't point to an existing ConVar
Could not locate 'GameData' key in c:\program files (x86)\steam\steamapps\common\half-life 2 deathmatch\hl2mp\gameinfo.txt
Patching WVT material: maps/test/dev/dev_blendmeasure_wvt_patch
fixing up env_cubemap materials on brush sides...
0...1...2...3...4...5...6...7...8...9...100...1...2...3...4...5...6...7...8...9...10Processing areas...done (0)
Building Faces...done (0)
Chop Details...done (0)
Find Visible Detail Sides...done (0)
Merging details...done (0)
FixTjuncs...
PruneNodes...
WriteBSP...
done (0)
writing c:\program files (x86)\steam\steamapps\common\sourcesdk_content\hl2mp\mapsrc\test.prt...Building visibility clusters...
done (0)
Creating default LDR cubemaps for env_cubemap using skybox materials:
   skybox/sky_day01_01*.vmt
 ! Run buildcubemaps in the engine to get the correct cube maps.
Creating default HDR cubemaps for env_cubemap using skybox materials:
   skybox/sky_day01_01*.vmt
 ! Run buildcubemaps in the engine to get the correct cube maps.
Finding displacement neighbors...
Finding lightmap sample positions...
Displacement Alpha : 0...1...2...3...4...5...6...7...8...9...10
Building Physics collision data...
done (0) (56811 bytes)
Placing detail props : 0...1...2...3...4...5...6...7...8...9...10
Compacting texture/material tables...
Reduced 347 texinfos to 152
Reduced 36 texdatas to 27 (1182 bytes to 911)
Writing c:\program files (x86)\steam\steamapps\common\sourcesdk_content\hl2mp\mapsrc\test.bsp
Wrote ZIP buffer, estimated size 323184, actual size 320826
0 seconds elapsed



12 threads
reading c:\program files (x86)\steam\steamapps\common\sourcesdk_content\hl2mp\mapsrc\test.bsp
reading c:\program files (x86)\steam\steamapps\common\sourcesdk_content\hl2mp\mapsrc\test.prt
  56 portalclusters
 174 numportals
0...1...2...3...4...5...6...7...8...9...10Optimized: 63 visible clusters (2.13%)
Total clusters visible: 2951
Average clusters visible: 52
Building PAS...
Average clusters audible: 56
visdatasize:1242  compressed from 896
writing c:\program files (x86)\steam\steamapps\common\sourcesdk_content\hl2mp\mapsrc\test.bsp
0 seconds elapsed



[Reading texlights from 'lights.rad']
[45 texlights parsed from 'lights.rad']

Loading c:\program files (x86)\steam\steamapps\common\sourcesdk_content\hl2mp\mapsrc\test.bsp
939 faces
37196 square feet [5356252.00 square inches]
0 Displacements
0 Square Feet [0.00 Square Inches]
939 patches before subdivision
52075 patches after subdivision
6 direct lights
0...1...2...3...4...5...6...7...8...9...100...1...2...3...4...5...6...7...8...9...10transfers 5598665, max 598
transfer lists:  42.7 megs
0...1...2...3...4...5...6...7...8...9...10	Bounce #1 added RGB(6738, 6300, 4493)
0...1...2...3...4...5...6...7...8...9...10	Bounce #2 added RGB(6086, 5272, 3379)
Build Patch/Sample Hash Table(s).....Done<0.0134 sec>
0...1...2...3...4...5...6...7...8...9...10FinalLightFace Done
0 of 0 (0% of) surface lights went in leaf ambient cubes.
0...1...2...3...4...5...6...7...8...9...10Writing leaf ambient...done
Ready to Finish

Object names       Objects/Maxobjs  Memory / Maxmem  Fullness 
------------       ---------------  ---------------  -------- 
models                  41/1024         1968/49152    ( 4.0%) 
brushes                114/8192         1368/98304    ( 1.4%) 
brushsides             817/65536        6536/524288   ( 1.2%) 
planes                1016/65536       20320/1310720  ( 1.6%) 
vertexes              1362/65536       16344/786432   ( 2.1%) 
nodes                  528/65536       16896/2097152  ( 0.8%) 
texinfos               152/12288       10944/884736   ( 1.2%) 
texdata                 27/2048          864/65536    ( 1.3%) 
dispinfos                0/0               0/0        ( 0.0%) 
disp_verts               0/0               0/0        ( 0.0%) 
disp_tris                0/0               0/0        ( 0.0%) 
disp_lmsamples           0/0               0/0        ( 0.0%) 
faces                  939/65536       52584/3670016  ( 1.4%) 
hdr faces                0/65536           0/3670016  ( 0.0%) 
origfaces              440/65536       24640/3670016  ( 0.7%) 
leaves                 570/65536       18240/2097152  ( 0.9%) 
leaffaces             1220/65536        2440/131072   ( 1.9%) 
leafbrushes            143/65536         286/131072   ( 0.2%) 
areas                    2/256            16/2048     ( 0.8%) 
surfedges             6055/512000      24220/2048000  ( 1.2%) 
edges                 3215/256000      12860/1024000  ( 1.3%) 
LDR worldlights          6/8192          528/720896   ( 0.1%) 
HDR worldlights          0/8192            0/720896   ( 0.0%) 
leafwaterdata            1/32768          12/393216   ( 0.0%) 
waterstrips             30/32768         300/327680   ( 0.1%) 
waterverts               0/65536           0/786432   ( 0.0%) 
waterindices           417/65536         834/131072   ( 0.6%) 
cubemapsamples           2/1024           32/16384    ( 0.2%) 
overlays                 0/512             0/180224   ( 0.0%) 
LDR lightdata         [variable]    10450288/0        ( 0.0%) 
HDR lightdata         [variable]           0/0        ( 0.0%) 
visdata               [variable]        1242/16777216 ( 0.0%) 
entdata               [variable]       40919/393216   (10.4%) 
LDR ambient table      570/65536        2280/262144   ( 0.9%) 
HDR ambient table      570/65536        2280/262144   ( 0.9%) 
LDR leaf ambient       787/65536       22036/1835008  ( 1.2%) 
HDR leaf ambient       570/65536       15960/1835008  ( 0.9%) 
occluders                0/0               0/0        ( 0.0%) 
occluder polygons        0/0               0/0        ( 0.0%) 
occluder vert ind        0/0               0/0        ( 0.0%) 
detail props          [variable]           1/12       ( 8.3%) 
static props          [variable]           1/418      ( 0.2%) 
pakfile               [variable]      320826/0        ( 0.0%) 
physics               [variable]       56811/4194304  ( 1.4%) 
physics terrain       [variable]           2/1048576  ( 0.0%) 

Level flags = 0

Total triangle count: 2369
Writing c:\program files (x86)\steam\steamapps\common\sourcesdk_content\hl2mp\mapsrc\test.bsp
3 seconds elapsed



materialPath: C:\Program Files (x86)\Steam\steamapps\common\Half-Life 2 Deathmatch\hl2mp\materials
Loading c:\program files (x86)\steam\steamapps\common\sourcesdk_content\hl2mp\mapsrc\test.vmf
ConVarRef mat_reduceparticles doesn't point to an existing ConVar
Could not locate 'GameData' key in c:\program files (x86)\steam\steamapps\common\half-life 2 deathmatch\hl2mp\gameinfo.txt
Patching WVT material: maps/test/dev/dev_blendmeasure_wvt_patch
fixing up env_cubemap materials on brush sides...
0...1...2...3...4...5...6...7...8...9...100...1...2...3...4...5...6...7...8...9...10Processing areas...done (0)
Building Faces...done (0)
Chop Details...done (0)
Find Visible Detail Sides...done (0)
Merging details...done (0)
FixTjuncs...
PruneNodes...
WriteBSP...
done (0)
writing c:\program files (x86)\steam\steamapps\common\sourcesdk_content\hl2mp\mapsrc\test.prt...Building visibility clusters...
done (0)
Creating default LDR cubemaps for env_cubemap using skybox materials:
   skybox/sky_day01_01*.vmt
 ! Run buildcubemaps in the engine to get the correct cube maps.
Creating default HDR cubemaps for env_cubemap using skybox materials:
   skybox/sky_day01_01*.vmt
 ! Run buildcubemaps in the engine to get the correct cube maps.
Finding displacement neighbors...
Finding lightmap sample positions...
Displacement Alpha : 0...1...2...3...4...5...6...7...8...9...10
Building Physics collision data...
done (0) (56811 bytes)
Placing detail props : 0...1...2...3...4...5...6...7...8...9...10
Compacting texture/material tables...
Reduced 347 texinfos to 152
Reduced 36 texdatas to 27 (1182 bytes to 911)
Writing c:\program files (x86)\steam\steamapps\common\sourcesdk_content\hl2mp\mapsrc\test.bsp
Wrote ZIP buffer, estimated size 323184, actual size 320826
0 seconds elapsed



12 threads
reading c:\program files (x86)\steam\steamapps\common\sourcesdk_content\hl2mp\mapsrc\test.bsp
reading c:\program files (x86)\steam\steamapps\common\sourcesdk_content\hl2mp\mapsrc\test.prt
  56 portalclusters
 174 numportals
0...1...2...3...4...5...6...7...8...9...10Optimized: 63 visible clusters (2.13%)
Total clusters visible: 2951
Average clusters visible: 52
Building PAS...
Average clusters audible: 56
visdatasize:1242  compressed from 896
writing c:\program files (x86)\steam\steamapps\common\sourcesdk_content\hl2mp\mapsrc\test.bsp
0 seconds elapsed



[Reading texlights from 'lights.rad']
[45 texlights parsed from 'lights.rad']

Loading c:\program files (x86)\steam\steamapps\common\sourcesdk_content\hl2mp\mapsrc\test.bsp
939 faces
37196 square feet [5356252.00 square inches]
0 Displacements
0 Square Feet [0.00 Square Inches]
939 patches before subdivision
52075 patches after subdivision
6 direct lights
0...1...2...3...4...5...6...7...8...9...100...1...2...3...4...5...6...7...8...9...10transfers 5598665, max 598
transfer lists:  42.7 megs
0...1...2...3...4...5...6...7...8...9...10	Bounce #1 added RGB(6738, 6300, 4493)
0...1...2...3...4...5...6...7...8...9...10	Bounce #2 added RGB(6086, 5272, 3379)
Build Patch/Sample Hash Table(s).....Done<0.0133 sec>
0...1...2...3...4...5...6...7...8...9...10FinalLightFace Done
0 of 0 (0% of) surface lights went in leaf ambient cubes.
0...1...2...3...4...5...6...7...8...9...10Writing leaf ambient...done
Ready to Finish

Object names       Objects/Maxobjs  Memory / Maxmem  Fullness 
------------       ---------------  ---------------  -------- 
models                  41/1024         1968/49152    ( 4.0%) 
brushes                114/8192         1368/98304    ( 1.4%) 
brushsides             817/65536        6536/524288   ( 1.2%) 
planes                1016/65536       20320/1310720  ( 1.6%) 
vertexes              1362/65536       16344/786432   ( 2.1%) 
nodes                  528/65536       16896/2097152  ( 0.8%) 
texinfos               152/12288       10944/884736   ( 1.2%) 
texdata                 27/2048          864/65536    ( 1.3%) 
dispinfos                0/0               0/0        ( 0.0%) 
disp_verts               0/0               0/0        ( 0.0%) 
disp_tris                0/0               0/0        ( 0.0%) 
disp_lmsamples           0/0               0/0        ( 0.0%) 
faces                  939/65536       52584/3670016  ( 1.4%) 
hdr faces                0/65536           0/3670016  ( 0.0%) 
origfaces              440/65536       24640/3670016  ( 0.7%) 
leaves                 570/65536       18240/2097152  ( 0.9%) 
leaffaces             1220/65536        2440/131072   ( 1.9%) 
leafbrushes            143/65536         286/131072   ( 0.2%) 
areas                    2/256            16/2048     ( 0.8%) 
surfedges             6055/512000      24220/2048000  ( 1.2%) 
edges                 3215/256000      12860/1024000  ( 1.3%) 
LDR worldlights          6/8192          528/720896   ( 0.1%) 
HDR worldlights          0/8192            0/720896   ( 0.0%) 
leafwaterdata            1/32768          12/393216   ( 0.0%) 
waterstrips             30/32768         300/327680   ( 0.1%) 
waterverts               0/65536           0/786432   ( 0.0%) 
waterindices           417/65536         834/131072   ( 0.6%) 
cubemapsamples           2/1024           32/16384    ( 0.2%) 
overlays                 0/512             0/180224   ( 0.0%) 
LDR lightdata         [variable]    10450288/0        ( 0.0%) 
HDR lightdata         [variable]           0/0        ( 0.0%) 
visdata               [variable]        1242/16777216 ( 0.0%) 
entdata               [variable]       40929/393216   (10.4%) 
LDR ambient table      570/65536        2280/262144   ( 0.9%) 
HDR ambient table      570/65536        2280/262144   ( 0.9%) 
LDR leaf ambient       787/65536       22036/1835008  ( 1.2%) 
HDR leaf ambient       570/65536       15960/1835008  ( 0.9%) 
occluders                0/0               0/0        ( 0.0%) 
occluder polygons        0/0               0/0        ( 0.0%) 
occluder vert ind        0/0               0/0        ( 0.0%) 
detail props          [variable]           1/12       ( 8.3%) 
static props          [variable]           1/418      ( 0.2%) 
pakfile               [variable]      320826/0        ( 0.0%) 
physics               [variable]       56811/4194304  ( 1.4%) 
physics terrain       [variable]           2/1048576  ( 0.0%) 

Level flags = 0

Total triangle count: 2369
Writing c:\program files (x86)\steam\steamapps\common\sourcesdk_content\hl2mp\mapsrc\test.bsp
3 seconds elapsed



materialPath: C:\Program Files (x86)\Steam\steamapps\common\Half-Life 2 Deathmatch\hl2mp\materials
Loading c:\program files (x86)\steam\steamapps\common\sourcesdk_content\hl2mp\mapsrc\test.vmf
ConVarRef mat_reduceparticles doesn't point to an existing ConVar
Could not locate 'GameData' key in c:\program files (x86)\steam\steamapps\common\half-life 2 deathmatch\hl2mp\gameinfo.txt
Patching WVT material: maps/test/dev/dev_blendmeasure_wvt_patch
fixing up env_cubemap materials on brush sides...
0...1...2...3...4...5...6...7...8...9...100...1...2...3...4...5...6...7...8...9...10Processing areas...done (0)
Building Faces...done (0)
Chop Details...done (0)
Find Visible Detail Sides...done (0)
Merging details...done (0)
FixTjuncs...
PruneNodes...
WriteBSP...
done (0)
writing c:\program files (x86)\steam\steamapps\common\sourcesdk_content\hl2mp\mapsrc\test.prt...Building visibility clusters...
done (0)
Creating default LDR cubemaps for env_cubemap using skybox materials:
   skybox/sky_day01_01*.vmt
 ! Run buildcubemaps in the engine to get the correct cube maps.
Creating default HDR cubemaps for env_cubemap using skybox materials:
   skybox/sky_day01_01*.vmt
 ! Run buildcubemaps in the engine to get the correct cube maps.
Finding displacement neighbors...
Finding lightmap sample positions...
Displacement Alpha : 0...1...2...3...4...5...6...7...8...9...10
Building Physics collision data...
done (0) (57215 bytes)
Placing detail props : 0...1...2...3...4...5...6...7...8...9...10
Compacting texture/material tables...
Reduced 354 texinfos to 156
Reduced 39 texdatas to 29 (1295 bytes to 1001)
Writing c:\program files (x86)\steam\steamapps\common\sourcesdk_content\hl2mp\mapsrc\test.bsp
Wrote ZIP buffer, estimated size 324088, actual size 321462
0 seconds elapsed



12 threads
reading c:\program files (x86)\steam\steamapps\common\sourcesdk_content\hl2mp\mapsrc\test.bsp
reading c:\program files (x86)\steam\steamapps\common\sourcesdk_content\hl2mp\mapsrc\test.prt
  62 portalclusters
 199 numportals
0...1...2...3...4...5...6...7...8...9...10Optimized: 63 visible clusters (1.72%)
Total clusters visible: 3663
Average clusters visible: 59
Building PAS...
Average clusters audible: 62
visdatasize:1498  compressed from 992
writing c:\program files (x86)\steam\steamapps\common\sourcesdk_content\hl2mp\mapsrc\test.bsp
0 seconds elapsed



[Reading texlights from 'lights.rad']
[45 texlights parsed from 'lights.rad']

Loading c:\program files (x86)\steam\steamapps\common\sourcesdk_content\hl2mp\mapsrc\test.bsp
955 faces
37442 square feet [5391769.00 square inches]
0 Displacements
0 Square Feet [0.00 Square Inches]
955 patches before subdivision
52399 patches after subdivision
6 direct lights
0...1...2...3...4...5...6...7...8...9...100...1...2...3...4...5...6...7...8...9...10transfers 5728909, max 612
transfer lists:  43.7 megs
0...1...2...3...4...5...6...7...8...9...10	Bounce #1 added RGB(6788, 6348, 4527)
0...1...2...3...4...5...6...7...8...9...10	Bounce #2 added RGB(6122, 5310, 3404)
Build Patch/Sample Hash Table(s).....Done<0.0109 sec>
0...1...2...3...4...5...6...7...8...9...10FinalLightFace Done
0 of 0 (0% of) surface lights went in leaf ambient cubes.
0...1...2...3...4...5...6...7...8...9...10Writing leaf ambient...done
Ready to Finish

Object names       Objects/Maxobjs  Memory / Maxmem  Fullness 
------------       ---------------  ---------------  -------- 
models                  41/1024         1968/49152    ( 4.0%) 
brushes                115/8192         1380/98304    ( 1.4%) 
brushsides             823/65536        6584/524288   ( 1.3%) 
planes                1022/65536       20440/1310720  ( 1.6%) 
vertexes              1394/65536       16728/786432   ( 2.1%) 
nodes                  534/65536       17088/2097152  ( 0.8%) 
texinfos               156/12288       11232/884736   ( 1.3%) 
texdata                 29/2048          928/65536    ( 1.4%) 
dispinfos                0/0               0/0        ( 0.0%) 
disp_verts               0/0               0/0        ( 0.0%) 
disp_tris                0/0               0/0        ( 0.0%) 
disp_lmsamples           0/0               0/0        ( 0.0%) 
faces                  955/65536       53480/3670016  ( 1.5%) 
hdr faces                0/65536           0/3670016  ( 0.0%) 
origfaces              445/65536       24920/3670016  ( 0.7%) 
leaves                 576/65536       18432/2097152  ( 0.9%) 
leaffaces             1281/65536        2562/131072   ( 2.0%) 
leafbrushes            144/65536         288/131072   ( 0.2%) 
areas                    2/256            16/2048     ( 0.8%) 
surfedges             6175/512000      24700/2048000  ( 1.2%) 
edges                 3280/256000      13120/1024000  ( 1.3%) 
LDR worldlights          6/8192          528/720896   ( 0.1%) 
HDR worldlights          0/8192            0/720896   ( 0.0%) 
leafwaterdata            1/32768          12/393216   ( 0.0%) 
waterstrips             33/32768         330/327680   ( 0.1%) 
waterverts               0/65536           0/786432   ( 0.0%) 
waterindices           456/65536         912/131072   ( 0.7%) 
cubemapsamples           2/1024           32/16384    ( 0.2%) 
overlays                 0/512             0/180224   ( 0.0%) 
LDR lightdata         [variable]    10466612/0        ( 0.0%) 
HDR lightdata         [variable]           0/0        ( 0.0%) 
visdata               [variable]        1498/16777216 ( 0.0%) 
entdata               [variable]       40878/393216   (10.4%) 
LDR ambient table      576/65536        2304/262144   ( 0.9%) 
HDR ambient table      576/65536        2304/262144   ( 0.9%) 
LDR leaf ambient       864/65536       24192/1835008  ( 1.3%) 
HDR leaf ambient       576/65536       16128/1835008  ( 0.9%) 
occluders                0/0               0/0        ( 0.0%) 
occluder polygons        0/0               0/0        ( 0.0%) 
occluder vert ind        0/0               0/0        ( 0.0%) 
detail props          [variable]           1/12       ( 8.3%) 
static props          [variable]           1/420      ( 0.2%) 
pakfile               [variable]      321462/0        ( 0.0%) 
physics               [variable]       57215/4194304  ( 1.4%) 
physics terrain       [variable]           2/1048576  ( 0.0%) 

Level flags = 0

Total triangle count: 2437
Writing c:\program files (x86)\steam\steamapps\common\sourcesdk_content\hl2mp\mapsrc\test.bsp
3 seconds elapsed



materialPath: C:\Program Files (x86)\Steam\steamapps\common\Half-Life 2 Deathmatch\hl2mp\materials
Loading c:\program files (x86)\steam\steamapps\common\sourcesdk_content\hl2mp\mapsrc\test.vmf
ConVarRef mat_reduceparticles doesn't point to an existing ConVar
Could not locate 'GameData' key in c:\program files (x86)\steam\steamapps\common\half-life 2 deathmatch\hl2mp\gameinfo.txt
Patching WVT material: maps/test/dev/dev_blendmeasure_wvt_patch
fixing up env_cubemap materials on brush sides...
0...1...2...3...4...5...6...7...8...9...100...1...2...3...4...5...6...7...8...9...10Processing areas...done (0)
Building Faces...done (0)
Chop Details...done (0)
Find Visible Detail Sides...done (0)
Merging details...done (0)
FixTjuncs...
PruneNodes...
WriteBSP...
done (0)
writing c:\program files (x86)\steam\steamapps\common\sourcesdk_content\hl2mp\mapsrc\test.prt...Building visibility clusters...
done (0)
Creating default LDR cubemaps for env_cubemap using skybox materials:
   skybox/sky_day01_01*.vmt
 ! Run buildcubemaps in the engine to get the correct cube maps.
Creating default HDR cubemaps for env_cubemap using skybox materials:
   skybox/sky_day01_01*.vmt
 ! Run buildcubemaps in the engine to get the correct cube maps.
Finding displacement neighbors...
Finding lightmap sample positions...
Displacement Alpha : 0...1...2...3...4...5...6...7...8...9...10
Building Physics collision data...
done (0) (56811 bytes)
Placing detail props : 0...1...2...3...4...5...6...7...8...9...10
Compacting texture/material tables...
Reduced 347 texinfos to 152
Reduced 36 texdatas to 27 (1182 bytes to 911)
Writing c:\program files (x86)\steam\steamapps\common\sourcesdk_content\hl2mp\mapsrc\test.bsp
Wrote ZIP buffer, estimated size 323184, actual size 320826
0 seconds elapsed



12 threads
reading c:\program files (x86)\steam\steamapps\common\sourcesdk_content\hl2mp\mapsrc\test.bsp
reading c:\program files (x86)\steam\steamapps\common\sourcesdk_content\hl2mp\mapsrc\test.prt
  56 portalclusters
 174 numportals
0...1...2...3...4...5...6...7...8...9...10Optimized: 63 visible clusters (2.13%)
Total clusters visible: 2951
Average clusters visible: 52
Building PAS...
Average clusters audible: 56
visdatasize:1242  compressed from 896
writing c:\program files (x86)\steam\steamapps\common\sourcesdk_content\hl2mp\mapsrc\test.bsp
0 seconds elapsed



[Reading texlights from 'lights.rad']
[45 texlights parsed from 'lights.rad']

Loading c:\program files (x86)\steam\steamapps\common\sourcesdk_content\hl2mp\mapsrc\test.bsp
939 faces
37196 square feet [5356252.00 square inches]
0 Displacements
0 Square Feet [0.00 Square Inches]
939 patches before subdivision
52075 patches after subdivision
6 direct lights
0...1...2...3...4...5...6...7...8...9...100...1...2...3...4...5...6...7...8...9...10transfers 5598665, max 598
transfer lists:  42.7 megs
0...1...2...3...4...5...6...7...8...9...10	Bounce #1 added RGB(6738, 6300, 4493)
0...1...2...3...4...5...6...7...8...9...10	Bounce #2 added RGB(6086, 5272, 3379)
Build Patch/Sample Hash Table(s).....Done<0.0109 sec>
0...1...2...3...4...5...6...7...8...9...10FinalLightFace Done
0 of 0 (0% of) surface lights went in leaf ambient cubes.
0...1...2...3...4...5...6...7...8...9...10Writing leaf ambient...done
Ready to Finish

Object names       Objects/Maxobjs  Memory / Maxmem  Fullness 
------------       ---------------  ---------------  -------- 
models                  41/1024         1968/49152    ( 4.0%) 
brushes                114/8192         1368/98304    ( 1.4%) 
brushsides             817/65536        6536/524288   ( 1.2%) 
planes                1016/65536       20320/1310720  ( 1.6%) 
vertexes              1362/65536       16344/786432   ( 2.1%) 
nodes                  528/65536       16896/2097152  ( 0.8%) 
texinfos               152/12288       10944/884736   ( 1.2%) 
texdata                 27/2048          864/65536    ( 1.3%) 
dispinfos                0/0               0/0        ( 0.0%) 
disp_verts               0/0               0/0        ( 0.0%) 
disp_tris                0/0               0/0        ( 0.0%) 
disp_lmsamples           0/0               0/0        ( 0.0%) 
faces                  939/65536       52584/3670016  ( 1.4%) 
hdr faces                0/65536           0/3670016  ( 0.0%) 
origfaces              440/65536       24640/3670016  ( 0.7%) 
leaves                 570/65536       18240/2097152  ( 0.9%) 
leaffaces             1220/65536        2440/131072   ( 1.9%) 
leafbrushes            143/65536         286/131072   ( 0.2%) 
areas                    2/256            16/2048     ( 0.8%) 
surfedges             6055/512000      24220/2048000  ( 1.2%) 
edges                 3215/256000      12860/1024000  ( 1.3%) 
LDR worldlights          6/8192          528/720896   ( 0.1%) 
HDR worldlights          0/8192            0/720896   ( 0.0%) 
leafwaterdata            1/32768          12/393216   ( 0.0%) 
waterstrips             30/32768         300/327680   ( 0.1%) 
waterverts               0/65536           0/786432   ( 0.0%) 
waterindices           417/65536         834/131072   ( 0.6%) 
cubemapsamples           2/1024           32/16384    ( 0.2%) 
overlays                 0/512             0/180224   ( 0.0%) 
LDR lightdata         [variable]    10450288/0        ( 0.0%) 
HDR lightdata         [variable]           0/0        ( 0.0%) 
visdata               [variable]        1242/16777216 ( 0.0%) 
entdata               [variable]       40878/393216   (10.4%) 
LDR ambient table      570/65536        2280/262144   ( 0.9%) 
HDR ambient table      570/65536        2280/262144   ( 0.9%) 
LDR leaf ambient       787/65536       22036/1835008  ( 1.2%) 
HDR leaf ambient       570/65536       15960/1835008  ( 0.9%) 
occluders                0/0               0/0        ( 0.0%) 
occluder polygons        0/0               0/0        ( 0.0%) 
occluder vert ind        0/0               0/0        ( 0.0%) 
detail props          [variable]           1/12       ( 8.3%) 
static props          [variable]           1/418      ( 0.2%) 
pakfile               [variable]      320826/0        ( 0.0%) 
physics               [variable]       56811/4194304  ( 1.4%) 
physics terrain       [variable]           2/1048576  ( 0.0%) 

Level flags = 0

Total triangle count: 2369
Writing c:\program files (x86)\steam\steamapps\common\sourcesdk_content\hl2mp\mapsrc\test.bsp
3 seconds elapsed



materialPath: C:\Program Files (x86)\Steam\steamapps\common\Half-Life 2 Deathmatch\hl2mp\materials
Loading c:\program files (x86)\steam\steamapps\common\sourcesdk_content\hl2mp\mapsrc\test.vmf
ConVarRef mat_reduceparticles doesn't point to an existing ConVar
Could not locate 'GameData' key in c:\program files (x86)\steam\steamapps\common\half-life 2 deathmatch\hl2mp\gameinfo.txt
Patching WVT material: maps/test/dev/dev_blendmeasure_wvt_patch
fixing up env_cubemap materials on brush sides...
0...1...2...3...4...5...6...7...8...9...100...1...2...3...4...5...6...7...8...9...10Processing areas...done (0)
Building Faces...done (0)
Chop Details...done (0)
Find Visible Detail Sides...done (0)
Merging details...done (0)
FixTjuncs...
PruneNodes...
WriteBSP...
done (0)
writing c:\program files (x86)\steam\steamapps\common\sourcesdk_content\hl2mp\mapsrc\test.prt...Building visibility clusters...
done (0)
Creating default LDR cubemaps for env_cubemap using skybox materials:
   skybox/sky_day01_01*.vmt
 ! Run buildcubemaps in the engine to get the correct cube maps.
Creating default HDR cubemaps for env_cubemap using skybox materials:
   skybox/sky_day01_01*.vmt
 ! Run buildcubemaps in the engine to get the correct cube maps.
Finding displacement neighbors...
Finding lightmap sample positions...
Displacement Alpha : 0...1...2...3...4...5...6...7...8...9...10
Building Physics collision data...
done (0) (56811 bytes)
Placing detail props : 0...1...2...3...4...5...6...7...8...9...10
Compacting texture/material tables...
Reduced 347 texinfos to 152
Reduced 36 texdatas to 27 (1182 bytes to 911)
Writing c:\program files (x86)\steam\steamapps\common\sourcesdk_content\hl2mp\mapsrc\test.bsp
Wrote ZIP buffer, estimated size 323184, actual size 320826
0 seconds elapsed



12 threads
reading c:\program files (x86)\steam\steamapps\common\sourcesdk_content\hl2mp\mapsrc\test.bsp
reading c:\program files (x86)\steam\steamapps\common\sourcesdk_content\hl2mp\mapsrc\test.prt
  56 portalclusters
 174 numportals
0...1...2...3...4...5...6...7...8...9...10Optimized: 63 visible clusters (2.13%)
Total clusters visible: 2951
Average clusters visible: 52
Building PAS...
Average clusters audible: 56
visdatasize:1242  compressed from 896
writing c:\program files (x86)\steam\steamapps\common\sourcesdk_content\hl2mp\mapsrc\test.bsp
0 seconds elapsed



[Reading texlights from 'lights.rad']
[45 texlights parsed from 'lights.rad']

Loading c:\program files (x86)\steam\steamapps\common\sourcesdk_content\hl2mp\mapsrc\test.bsp
939 faces
37196 square feet [5356252.00 square inches]
0 Displacements
0 Square Feet [0.00 Square Inches]
939 patches before subdivision
52075 patches after subdivision
6 direct lights
0...1...2...3...4...5...6...7...8...9...100...1...2...3...4...5...6...7...8...9...10transfers 5598665, max 598
transfer lists:  42.7 megs
0...1...2...3...4...5...6...7...8...9...10	Bounce #1 added RGB(6738, 6300, 4493)
0...1...2...3...4...5...6...7...8...9...10	Bounce #2 added RGB(6086, 5272, 3379)
Build Patch/Sample Hash Table(s).....Done<0.0109 sec>
0...1...2...3...4...5...6...7...8...9...10FinalLightFace Done
0 of 0 (0% of) surface lights went in leaf ambient cubes.
0...1...2...3...4...5...6...7...8...9...10Writing leaf ambient...done
Ready to Finish

Object names       Objects/Maxobjs  Memory / Maxmem  Fullness 
------------       ---------------  ---------------  -------- 
models                  41/1024         1968/49152    ( 4.0%) 
brushes                114/8192         1368/98304    ( 1.4%) 
brushsides             817/65536        6536/524288   ( 1.2%) 
planes                1016/65536       20320/1310720  ( 1.6%) 
vertexes              1362/65536       16344/786432   ( 2.1%) 
nodes                  528/65536       16896/2097152  ( 0.8%) 
texinfos               152/12288       10944/884736   ( 1.2%) 
texdata                 27/2048          864/65536    ( 1.3%) 
dispinfos                0/0               0/0        ( 0.0%) 
disp_verts               0/0               0/0        ( 0.0%) 
disp_tris                0/0               0/0        ( 0.0%) 
disp_lmsamples           0/0               0/0        ( 0.0%) 
faces                  939/65536       52584/3670016  ( 1.4%) 
hdr faces                0/65536           0/3670016  ( 0.0%) 
origfaces              440/65536       24640/3670016  ( 0.7%) 
leaves                 570/65536       18240/2097152  ( 0.9%) 
leaffaces             1220/65536        2440/131072   ( 1.9%) 
leafbrushes            143/65536         286/131072   ( 0.2%) 
areas                    2/256            16/2048     ( 0.8%) 
surfedges             6055/512000      24220/2048000  ( 1.2%) 
edges                 3215/256000      12860/1024000  ( 1.3%) 
LDR worldlights          6/8192          528/720896   ( 0.1%) 
HDR worldlights          0/8192            0/720896   ( 0.0%) 
leafwaterdata            1/32768          12/393216   ( 0.0%) 
waterstrips             30/32768         300/327680   ( 0.1%) 
waterverts               0/65536           0/786432   ( 0.0%) 
waterindices           417/65536         834/131072   ( 0.6%) 
cubemapsamples           2/1024           32/16384    ( 0.2%) 
overlays                 0/512             0/180224   ( 0.0%) 
LDR lightdata         [variable]    10450288/0        ( 0.0%) 
HDR lightdata         [variable]           0/0        ( 0.0%) 
visdata               [variable]        1242/16777216 ( 0.0%) 
entdata               [variable]       40980/393216   (10.4%) 
LDR ambient table      570/65536        2280/262144   ( 0.9%) 
HDR ambient table      570/65536        2280/262144   ( 0.9%) 
LDR leaf ambient       787/65536       22036/1835008  ( 1.2%) 
HDR leaf ambient       570/65536       15960/1835008  ( 0.9%) 
occluders                0/0               0/0        ( 0.0%) 
occluder polygons        0/0               0/0        ( 0.0%) 
occluder vert ind        0/0               0/0        ( 0.0%) 
detail props          [variable]           1/12       ( 8.3%) 
static props          [variable]           1/418      ( 0.2%) 
pakfile               [variable]      320826/0        ( 0.0%) 
physics               [variable]       56811/4194304  ( 1.4%) 
physics terrain       [variable]           2/1048576  ( 0.0%) 

Level flags = 0

Total triangle count: 2369
Writing c:\program files (x86)\steam\steamapps\common\sourcesdk_content\hl2mp\mapsrc\test.bsp
3 seconds elapsed



materialPath: C:\Program Files (x86)\Steam\steamapps\common\Half-Life 2 Deathmatch\hl2mp\materials
Loading c:\program files (x86)\steam\steamapps\common\sourcesdk_content\hl2mp\mapsrc\test.vmf
ConVarRef mat_reduceparticles doesn't point to an existing ConVar
Could not locate 'GameData' key in c:\program files (x86)\steam\steamapps\common\half-life 2 deathmatch\hl2mp\gameinfo.txt
Patching WVT material: maps/test/dev/dev_blendmeasure_wvt_patch
fixing up env_cubemap materials on brush sides...
0...1...2...3...4...5...6...7...8...9...100...1...2...3...4...5...6...7...8...9...10Processing areas...done (0)
Building Faces...done (0)
Chop Details...done (0)
Find Visible Detail Sides...done (0)
Merging details...done (0)
FixTjuncs...
PruneNodes...
WriteBSP...
done (0)
writing c:\program files (x86)\steam\steamapps\common\sourcesdk_content\hl2mp\mapsrc\test.prt...Building visibility clusters...
done (0)
Creating default LDR cubemaps for env_cubemap using skybox materials:
   skybox/sky_day01_01*.vmt
 ! Run buildcubemaps in the engine to get the correct cube maps.
Creating default HDR cubemaps for env_cubemap using skybox materials:
   skybox/sky_day01_01*.vmt
 ! Run buildcubemaps in the engine to get the correct cube maps.
Finding displacement neighbors...
Finding lightmap sample positions...
Displacement Alpha : 0...1...2...3...4...5...6...7...8...9...10
Building Physics collision data...
done (0) (56811 bytes)
Placing detail props : 0...1...2...3...4...5...6...7...8...9...10
Compacting texture/material tables...
Reduced 347 texinfos to 152
Reduced 36 texdatas to 27 (1182 bytes to 911)
Writing c:\program files (x86)\steam\steamapps\common\sourcesdk_content\hl2mp\mapsrc\test.bsp
Wrote ZIP buffer, estimated size 323184, actual size 320826
0 seconds elapsed



12 threads
reading c:\program files (x86)\steam\steamapps\common\sourcesdk_content\hl2mp\mapsrc\test.bsp
reading c:\program files (x86)\steam\steamapps\common\sourcesdk_content\hl2mp\mapsrc\test.prt
  56 portalclusters
 174 numportals
0...1...2...3...4...5...6...7...8...9...10Optimized: 63 visible clusters (2.13%)
Total clusters visible: 2951
Average clusters visible: 52
Building PAS...
Average clusters audible: 56
visdatasize:1242  compressed from 896
writing c:\program files (x86)\steam\steamapps\common\sourcesdk_content\hl2mp\mapsrc\test.bsp
0 seconds elapsed



[Reading texlights from 'lights.rad']
[45 texlights parsed from 'lights.rad']

Loading c:\program files (x86)\steam\steamapps\common\sourcesdk_content\hl2mp\mapsrc\test.bsp
939 faces
37196 square feet [5356252.00 square inches]
0 Displacements
0 Square Feet [0.00 Square Inches]
939 patches before subdivision
52075 patches after subdivision
6 direct lights
0...1...2...3...4...5...6...7...8...9...100...1...2...3...4...5...6...7...8...9...10transfers 5598665, max 598
transfer lists:  42.7 megs
0...1...2...3...4...5...6...7...8...9...10	Bounce #1 added RGB(6738, 6300, 4493)
0...1...2...3...4...5...6...7...8...9...10	Bounce #2 added RGB(6086, 5272, 3379)
Build Patch/Sample Hash Table(s).....Done<0.0135 sec>
0...1...2...3...4...5...6...7...8...9...10FinalLightFace Done
0 of 0 (0% of) surface lights went in leaf ambient cubes.
0...1...2...3...4...5...6...7...8...9...10Writing leaf ambient...done
Ready to Finish

Object names       Objects/Maxobjs  Memory / Maxmem  Fullness 
------------       ---------------  ---------------  -------- 
models                  41/1024         1968/49152    ( 4.0%) 
brushes                114/8192         1368/98304    ( 1.4%) 
brushsides             817/65536        6536/524288   ( 1.2%) 
planes                1016/65536       20320/1310720  ( 1.6%) 
vertexes              1362/65536       16344/786432   ( 2.1%) 
nodes                  528/65536       16896/2097152  ( 0.8%) 
texinfos               152/12288       10944/884736   ( 1.2%) 
texdata                 27/2048          864/65536    ( 1.3%) 
dispinfos                0/0               0/0        ( 0.0%) 
disp_verts               0/0               0/0        ( 0.0%) 
disp_tris                0/0               0/0        ( 0.0%) 
disp_lmsamples           0/0               0/0        ( 0.0%) 
faces                  939/65536       52584/3670016  ( 1.4%) 
hdr faces                0/65536           0/3670016  ( 0.0%) 
origfaces              440/65536       24640/3670016  ( 0.7%) 
leaves                 570/65536       18240/2097152  ( 0.9%) 
leaffaces             1220/65536        2440/131072   ( 1.9%) 
leafbrushes            143/65536         286/131072   ( 0.2%) 
areas                    2/256            16/2048     ( 0.8%) 
surfedges             6055/512000      24220/2048000  ( 1.2%) 
edges                 3215/256000      12860/1024000  ( 1.3%) 
LDR worldlights          6/8192          528/720896   ( 0.1%) 
HDR worldlights          0/8192            0/720896   ( 0.0%) 
leafwaterdata            1/32768          12/393216   ( 0.0%) 
waterstrips             30/32768         300/327680   ( 0.1%) 
waterverts               0/65536           0/786432   ( 0.0%) 
waterindices           417/65536         834/131072   ( 0.6%) 
cubemapsamples           2/1024           32/16384    ( 0.2%) 
overlays                 0/512             0/180224   ( 0.0%) 
LDR lightdata         [variable]    10450288/0        ( 0.0%) 
HDR lightdata         [variable]           0/0        ( 0.0%) 
visdata               [variable]        1242/16777216 ( 0.0%) 
entdata               [variable]       40980/393216   (10.4%) 
LDR ambient table      570/65536        2280/262144   ( 0.9%) 
HDR ambient table      570/65536        2280/262144   ( 0.9%) 
LDR leaf ambient       787/65536       22036/1835008  ( 1.2%) 
HDR leaf ambient       570/65536       15960/1835008  ( 0.9%) 
occluders                0/0               0/0        ( 0.0%) 
occluder polygons        0/0               0/0        ( 0.0%) 
occluder vert ind        0/0               0/0        ( 0.0%) 
detail props          [variable]           1/12       ( 8.3%) 
static props          [variable]           1/418      ( 0.2%) 
pakfile               [variable]      320826/0        ( 0.0%) 
physics               [variable]       56811/4194304  ( 1.4%) 
physics terrain       [variable]           2/1048576  ( 0.0%) 

Level flags = 0

Total triangle count: 2369
Writing c:\program files (x86)\steam\steamapps\common\sourcesdk_content\hl2mp\mapsrc\test.bsp
3 seconds elapsed



materialPath: C:\Program Files (x86)\Steam\steamapps\common\Half-Life 2 Deathmatch\hl2mp\materials
Loading c:\program files (x86)\steam\steamapps\common\sourcesdk_content\hl2mp\mapsrc\test.vmf
ConVarRef mat_reduceparticles doesn't point to an existing ConVar
Could not locate 'GameData' key in c:\program files (x86)\steam\steamapps\common\half-life 2 deathmatch\hl2mp\gameinfo.txt
Patching WVT material: maps/test/dev/dev_blendmeasure_wvt_patch
fixing up env_cubemap materials on brush sides...
0...1...2...3...4...5...6...7...8...9...100...1...2...3...4...5...6...7...8...9...10Processing areas...done (0)
Building Faces...done (0)
Chop Details...done (0)
Find Visible Detail Sides...done (0)
Merging details...done (0)
FixTjuncs...
PruneNodes...
WriteBSP...
done (0)
writing c:\program files (x86)\steam\steamapps\common\sourcesdk_content\hl2mp\mapsrc\test.prt...Building visibility clusters...
done (0)
Creating default LDR cubemaps for env_cubemap using skybox materials:
   skybox/sky_day01_01*.vmt
 ! Run buildcubemaps in the engine to get the correct cube maps.
Creating default HDR cubemaps for env_cubemap using skybox materials:
   skybox/sky_day01_01*.vmt
 ! Run buildcubemaps in the engine to get the correct cube maps.
Finding displacement neighbors...
Finding lightmap sample positions...
Displacement Alpha : 0...1...2...3...4...5...6...7...8...9...10
Building Physics collision data...
done (0) (56811 bytes)
Placing detail props : 0...1...2...3...4...5...6...7...8...9...10
Compacting texture/material tables...
Reduced 347 texinfos to 152
Reduced 36 texdatas to 27 (1182 bytes to 911)
Writing c:\program files (x86)\steam\steamapps\common\sourcesdk_content\hl2mp\mapsrc\test.bsp
Wrote ZIP buffer, estimated size 323184, actual size 320826
0 seconds elapsed



12 threads
reading c:\program files (x86)\steam\steamapps\common\sourcesdk_content\hl2mp\mapsrc\test.bsp
reading c:\program files (x86)\steam\steamapps\common\sourcesdk_content\hl2mp\mapsrc\test.prt
  56 portalclusters
 174 numportals
0...1...2...3...4...5...6...7...8...9...10Optimized: 63 visible clusters (2.13%)
Total clusters visible: 2951
Average clusters visible: 52
Building PAS...
Average clusters audible: 56
visdatasize:1242  compressed from 896
writing c:\program files (x86)\steam\steamapps\common\sourcesdk_content\hl2mp\mapsrc\test.bsp
0 seconds elapsed



[Reading texlights from 'lights.rad']
[45 texlights parsed from 'lights.rad']

Loading c:\program files (x86)\steam\steamapps\common\sourcesdk_content\hl2mp\mapsrc\test.bsp
939 faces
37196 square feet [5356252.00 square inches]
0 Displacements
0 Square Feet [0.00 Square Inches]
939 patches before subdivision
52075 patches after subdivision
7 direct lights
0...1...2...3...4...5...6...7...8...9...100...1...2...3...4...5...6...7...8...9...10transfers 5598665, max 598
transfer lists:  42.7 megs
0...1...2...3...4...5...6...7...8...9...10	Bounce #1 added RGB(28512, 27853, 24226)
0...1...2...3...4...5...6...7...8...9...10	Bounce #2 added RGB(10624, 9591, 7002)
Build Patch/Sample Hash Table(s).....Done<0.0109 sec>
0...1...2...3...4...5...6...7...8...9...10FinalLightFace Done
0 of 0 (0% of) surface lights went in leaf ambient cubes.
0...1...2...3...4...5...6...7...8...9...10Writing leaf ambient...done
Ready to Finish

Object names       Objects/Maxobjs  Memory / Maxmem  Fullness 
------------       ---------------  ---------------  -------- 
models                  41/1024         1968/49152    ( 4.0%) 
brushes                114/8192         1368/98304    ( 1.4%) 
brushsides             817/65536        6536/524288   ( 1.2%) 
planes                1016/65536       20320/1310720  ( 1.6%) 
vertexes              1362/65536       16344/786432   ( 2.1%) 
nodes                  528/65536       16896/2097152  ( 0.8%) 
texinfos               152/12288       10944/884736   ( 1.2%) 
texdata                 27/2048          864/65536    ( 1.3%) 
dispinfos                0/0               0/0        ( 0.0%) 
disp_verts               0/0               0/0        ( 0.0%) 
disp_tris                0/0               0/0        ( 0.0%) 
disp_lmsamples           0/0               0/0        ( 0.0%) 
faces                  939/65536       52584/3670016  ( 1.4%) 
hdr faces                0/65536           0/3670016  ( 0.0%) 
origfaces              440/65536       24640/3670016  ( 0.7%) 
leaves                 570/65536       18240/2097152  ( 0.9%) 
leaffaces             1220/65536        2440/131072   ( 1.9%) 
leafbrushes            143/65536         286/131072   ( 0.2%) 
areas                    2/256            16/2048     ( 0.8%) 
surfedges             6055/512000      24220/2048000  ( 1.2%) 
edges                 3215/256000      12860/1024000  ( 1.3%) 
LDR worldlights          7/8192          616/720896   ( 0.1%) 
HDR worldlights          0/8192            0/720896   ( 0.0%) 
leafwaterdata            1/32768          12/393216   ( 0.0%) 
waterstrips             30/32768         300/327680   ( 0.1%) 
waterverts               0/65536           0/786432   ( 0.0%) 
waterindices           417/65536         834/131072   ( 0.6%) 
cubemapsamples           2/1024           32/16384    ( 0.2%) 
overlays                 0/512             0/180224   ( 0.0%) 
LDR lightdata         [variable]    10450288/0        ( 0.0%) 
HDR lightdata         [variable]           0/0        ( 0.0%) 
visdata               [variable]        1242/16777216 ( 0.0%) 
entdata               [variable]       41160/393216   (10.5%) 
LDR ambient table      570/65536        2280/262144   ( 0.9%) 
HDR ambient table      570/65536        2280/262144   ( 0.9%) 
LDR leaf ambient       876/65536       24528/1835008  ( 1.3%) 
HDR leaf ambient       570/65536       15960/1835008  ( 0.9%) 
occluders                0/0               0/0        ( 0.0%) 
occluder polygons        0/0               0/0        ( 0.0%) 
occluder vert ind        0/0               0/0        ( 0.0%) 
detail props          [variable]           1/12       ( 8.3%) 
static props          [variable]           1/418      ( 0.2%) 
pakfile               [variable]      320826/0        ( 0.0%) 
physics               [variable]       56811/4194304  ( 1.4%) 
physics terrain       [variable]           2/1048576  ( 0.0%) 

Level flags = 0

Total triangle count: 2369
Writing c:\program files (x86)\steam\steamapps\common\sourcesdk_content\hl2mp\mapsrc\test.bsp
3 seconds elapsed



materialPath: C:\Program Files (x86)\Steam\steamapps\common\Half-Life 2 Deathmatch\hl2mp\materials
Loading c:\program files (x86)\steam\steamapps\common\sourcesdk_content\hl2mp\mapsrc\test.vmf
ConVarRef mat_reduceparticles doesn't point to an existing ConVar
Could not locate 'GameData' key in c:\program files (x86)\steam\steamapps\common\half-life 2 deathmatch\hl2mp\gameinfo.txt
Patching WVT material: maps/test/dev/dev_blendmeasure_wvt_patch
fixing up env_cubemap materials on brush sides...
0...1...2...3...4...5...6...7...8...9...100...1...2...3...4...5...6...7...8...9...10Processing areas...done (0)
Building Faces...done (0)
Chop Details...done (0)
Find Visible Detail Sides...done (0)
Merging details...done (0)
FixTjuncs...
PruneNodes...
WriteBSP...
done (0)
writing c:\program files (x86)\steam\steamapps\common\sourcesdk_content\hl2mp\mapsrc\test.prt...Building visibility clusters...
done (0)
Creating default LDR cubemaps for env_cubemap using skybox materials:
   skybox/sky_day01_01*.vmt
 ! Run buildcubemaps in the engine to get the correct cube maps.
Creating default HDR cubemaps for env_cubemap using skybox materials:
   skybox/sky_day01_01*.vmt
 ! Run buildcubemaps in the engine to get the correct cube maps.
Finding displacement neighbors...
Finding lightmap sample positions...
Displacement Alpha : 0...1...2...3...4...5...6...7...8...9...10
Building Physics collision data...
done (0) (56814 bytes)
Placing detail props : 0...1...2...3...4...5...6...7...8...9...10
Compacting texture/material tables...
Reduced 362 texinfos to 161
Reduced 36 texdatas to 27 (1182 bytes to 911)
Writing c:\program files (x86)\steam\steamapps\common\sourcesdk_content\hl2mp\mapsrc\test.bsp
Wrote ZIP buffer, estimated size 323184, actual size 320826
0 seconds elapsed



12 threads
reading c:\program files (x86)\steam\steamapps\common\sourcesdk_content\hl2mp\mapsrc\test.bsp
reading c:\program files (x86)\steam\steamapps\common\sourcesdk_content\hl2mp\mapsrc\test.prt
  53 portalclusters
 163 numportals
0...1...2...3...4...5...6...7...8...9...10Optimized: 63 visible clusters (2.39%)
Total clusters visible: 2634
Average clusters visible: 49
Building PAS...
Average clusters audible: 53
visdatasize:1176  compressed from 848
writing c:\program files (x86)\steam\steamapps\common\sourcesdk_content\hl2mp\mapsrc\test.bsp
0 seconds elapsed



[Reading texlights from 'lights.rad']
[45 texlights parsed from 'lights.rad']

Loading c:\program files (x86)\steam\steamapps\common\sourcesdk_content\hl2mp\mapsrc\test.bsp
946 faces
37742 square feet [5434945.00 square inches]
0 Displacements
0 Square Feet [0.00 Square Inches]
946 patches before subdivision
52228 patches after subdivision
7 direct lights
0...1...2...3...4...5...6...7...8...9...100...1...2...3...4...5...6...7...8...9...10transfers 5702168, max 600
transfer lists:  43.5 megs
0...1...2...3...4...5...6...7...8...9...10	Bounce #1 added RGB(26087, 25389, 21896)
0...1...2...3...4...5...6...7...8...9...10	Bounce #2 added RGB(10849, 9824, 7197)
Build Patch/Sample Hash Table(s).....Done<0.0110 sec>
0...1...2...3...4...5...6...7...8...9...10FinalLightFace Done
0 of 0 (0% of) surface lights went in leaf ambient cubes.
0...1...2...3...4...5...6...7...8...9...10Writing leaf ambient...done
Ready to Finish

Object names       Objects/Maxobjs  Memory / Maxmem  Fullness 
------------       ---------------  ---------------  -------- 
models                  41/1024         1968/49152    ( 4.0%) 
brushes                114/8192         1368/98304    ( 1.4%) 
brushsides             817/65536        6536/524288   ( 1.2%) 
planes                1020/65536       20400/1310720  ( 1.6%) 
vertexes              1362/65536       16344/786432   ( 2.1%) 
nodes                  525/65536       16800/2097152  ( 0.8%) 
texinfos               161/12288       11592/884736   ( 1.3%) 
texdata                 27/2048          864/65536    ( 1.3%) 
dispinfos                0/0               0/0        ( 0.0%) 
disp_verts               0/0               0/0        ( 0.0%) 
disp_tris                0/0               0/0        ( 0.0%) 
disp_lmsamples           0/0               0/0        ( 0.0%) 
faces                  946/65536       52976/3670016  ( 1.4%) 
hdr faces                0/65536           0/3670016  ( 0.0%) 
origfaces              447/65536       25032/3670016  ( 0.7%) 
leaves                 567/65536       18144/2097152  ( 0.9%) 
leaffaces             1223/65536        2446/131072   ( 1.9%) 
leafbrushes            144/65536         288/131072   ( 0.2%) 
areas                    2/256            16/2048     ( 0.8%) 
surfedges             6113/512000      24452/2048000  ( 1.2%) 
edges                 3245/256000      12980/1024000  ( 1.3%) 
LDR worldlights          7/8192          616/720896   ( 0.1%) 
HDR worldlights          0/8192            0/720896   ( 0.0%) 
leafwaterdata            1/32768          12/393216   ( 0.0%) 
waterstrips             31/32768         310/327680   ( 0.1%) 
waterverts               0/65536           0/786432   ( 0.0%) 
waterindices           429/65536         858/131072   ( 0.7%) 
cubemapsamples           2/1024           32/16384    ( 0.2%) 
overlays                 0/512             0/180224   ( 0.0%) 
LDR lightdata         [variable]    10458108/0        ( 0.0%) 
HDR lightdata         [variable]           0/0        ( 0.0%) 
visdata               [variable]        1176/16777216 ( 0.0%) 
entdata               [variable]       41803/393216   (10.6%) 
LDR ambient table      567/65536        2268/262144   ( 0.9%) 
HDR ambient table      567/65536        2268/262144   ( 0.9%) 
LDR leaf ambient       937/65536       26236/1835008  ( 1.4%) 
HDR leaf ambient       567/65536       15876/1835008  ( 0.9%) 
occluders                0/0               0/0        ( 0.0%) 
occluder polygons        0/0               0/0        ( 0.0%) 
occluder vert ind        0/0               0/0        ( 0.0%) 
detail props          [variable]           1/12       ( 8.3%) 
static props          [variable]           1/620      ( 0.2%) 
pakfile               [variable]      320826/0        ( 0.0%) 
physics               [variable]       56814/4194304  ( 1.4%) 
physics terrain       [variable]           2/1048576  ( 0.0%) 

Level flags = 0

Total triangle count: 2385
Writing c:\program files (x86)\steam\steamapps\common\sourcesdk_content\hl2mp\mapsrc\test.bsp
3 seconds elapsed



materialPath: C:\Program Files (x86)\Steam\steamapps\common\Half-Life 2 Deathmatch\hl2mp\materials
Loading c:\program files (x86)\steam\steamapps\common\sourcesdk_content\hl2mp\mapsrc\test.vmf
ConVarRef mat_reduceparticles doesn't point to an existing ConVar
Could not locate 'GameData' key in c:\program files (x86)\steam\steamapps\common\half-life 2 deathmatch\hl2mp\gameinfo.txt
Patching WVT material: maps/test/dev/dev_blendmeasure_wvt_patch
fixing up env_cubemap materials on brush sides...
0...1...2...3...4...5...6...7...8...9...100...1...2...3...4...5...6...7...8...9...10Processing areas...done (0)
Building Faces...done (0)
Chop Details...done (0)
Find Visible Detail Sides...done (0)
Merging details...done (0)
FixTjuncs...
PruneNodes...
WriteBSP...
done (0)
writing c:\program files (x86)\steam\steamapps\common\sourcesdk_content\hl2mp\mapsrc\test.prt...Building visibility clusters...
done (0)
Creating default LDR cubemaps for env_cubemap using skybox materials:
   skybox/sky_day01_01*.vmt
 ! Run buildcubemaps in the engine to get the correct cube maps.
Creating default HDR cubemaps for env_cubemap using skybox materials:
   skybox/sky_day01_01*.vmt
 ! Run buildcubemaps in the engine to get the correct cube maps.
Finding displacement neighbors...
Finding lightmap sample positions...
Displacement Alpha : 0...1...2...3...4...5...6...7...8...9...10
Building Physics collision data...
done (0) (56814 bytes)
Placing detail props : 0...1...2...3...4...5...6...7...8...9...10
Compacting texture/material tables...
Reduced 362 texinfos to 161
Reduced 36 texdatas to 27 (1182 bytes to 911)
Writing c:\program files (x86)\steam\steamapps\common\sourcesdk_content\hl2mp\mapsrc\test.bsp
Wrote ZIP buffer, estimated size 323184, actual size 320826
0 seconds elapsed



12 threads
reading c:\program files (x86)\steam\steamapps\common\sourcesdk_content\hl2mp\mapsrc\test.bsp
reading c:\program files (x86)\steam\steamapps\common\sourcesdk_content\hl2mp\mapsrc\test.prt
  53 portalclusters
 163 numportals
0...1...2...3...4...5...6...7...8...9...10Optimized: 63 visible clusters (2.39%)
Total clusters visible: 2634
Average clusters visible: 49
Building PAS...
Average clusters audible: 53
visdatasize:1176  compressed from 848
writing c:\program files (x86)\steam\steamapps\common\sourcesdk_content\hl2mp\mapsrc\test.bsp
0 seconds elapsed



[Reading texlights from 'lights.rad']
[45 texlights parsed from 'lights.rad']

Loading c:\program files (x86)\steam\steamapps\common\sourcesdk_content\hl2mp\mapsrc\test.bsp
946 faces
37742 square feet [5434945.00 square inches]
0 Displacements
0 Square Feet [0.00 Square Inches]
946 patches before subdivision
52228 patches after subdivision
7 direct lights
0...1...2...3...4...5...6...7...8...9...100...1...2...3...4...5...6...7...8...9...10transfers 5701273, max 600
transfer lists:  43.5 megs
0...1...2...3...4...5...6...7...8...9...10	Bounce #1 added RGB(26076, 25379, 21888)
0...1...2...3...4...5...6...7...8...9...10	Bounce #2 added RGB(10849, 9823, 7196)
Build Patch/Sample Hash Table(s).....Done<0.0133 sec>
0...1...2...3...4...5...6...7...8...9...10FinalLightFace Done
0 of 0 (0% of) surface lights went in leaf ambient cubes.
0...1...2...3...4...5...6...7...8...9...10Writing leaf ambient...done
Ready to Finish

Object names       Objects/Maxobjs  Memory / Maxmem  Fullness 
------------       ---------------  ---------------  -------- 
models                  41/1024         1968/49152    ( 4.0%) 
brushes                114/8192         1368/98304    ( 1.4%) 
brushsides             817/65536        6536/524288   ( 1.2%) 
planes                1022/65536       20440/1310720  ( 1.6%) 
vertexes              1362/65536       16344/786432   ( 2.1%) 
nodes                  525/65536       16800/2097152  ( 0.8%) 
texinfos               161/12288       11592/884736   ( 1.3%) 
texdata                 27/2048          864/65536    ( 1.3%) 
dispinfos                0/0               0/0        ( 0.0%) 
disp_verts               0/0               0/0        ( 0.0%) 
disp_tris                0/0               0/0        ( 0.0%) 
disp_lmsamples           0/0               0/0        ( 0.0%) 
faces                  946/65536       52976/3670016  ( 1.4%) 
hdr faces                0/65536           0/3670016  ( 0.0%) 
origfaces              447/65536       25032/3670016  ( 0.7%) 
leaves                 567/65536       18144/2097152  ( 0.9%) 
leaffaces             1223/65536        2446/131072   ( 1.9%) 
leafbrushes            144/65536         288/131072   ( 0.2%) 
areas                    2/256            16/2048     ( 0.8%) 
surfedges             6113/512000      24452/2048000  ( 1.2%) 
edges                 3245/256000      12980/1024000  ( 1.3%) 
LDR worldlights          7/8192          616/720896   ( 0.1%) 
HDR worldlights          0/8192            0/720896   ( 0.0%) 
leafwaterdata            1/32768          12/393216   ( 0.0%) 
waterstrips             31/32768         310/327680   ( 0.1%) 
waterverts               0/65536           0/786432   ( 0.0%) 
waterindices           429/65536         858/131072   ( 0.7%) 
cubemapsamples           2/1024           32/16384    ( 0.2%) 
overlays                 0/512             0/180224   ( 0.0%) 
LDR lightdata         [variable]    10457320/0        ( 0.0%) 
HDR lightdata         [variable]           0/0        ( 0.0%) 
visdata               [variable]        1176/16777216 ( 0.0%) 
entdata               [variable]       41803/393216   (10.6%) 
LDR ambient table      567/65536        2268/262144   ( 0.9%) 
HDR ambient table      567/65536        2268/262144   ( 0.9%) 
LDR leaf ambient       938/65536       26264/1835008  ( 1.4%) 
HDR leaf ambient       567/65536       15876/1835008  ( 0.9%) 
occluders                0/0               0/0        ( 0.0%) 
occluder polygons        0/0               0/0        ( 0.0%) 
occluder vert ind        0/0               0/0        ( 0.0%) 
detail props          [variable]           1/12       ( 8.3%) 
static props          [variable]           1/620      ( 0.2%) 
pakfile               [variable]      320826/0        ( 0.0%) 
physics               [variable]       56814/4194304  ( 1.4%) 
physics terrain       [variable]           2/1048576  ( 0.0%) 

Level flags = 0

Total triangle count: 2385
Writing c:\program files (x86)\steam\steamapps\common\sourcesdk_content\hl2mp\mapsrc\test.bsp
3 seconds elapsed



materialPath: C:\Program Files (x86)\Steam\steamapps\common\Half-Life 2 Deathmatch\hl2mp\materials
Loading c:\program files (x86)\steam\steamapps\common\sourcesdk_content\hl2mp\mapsrc\test.vmf
ConVarRef mat_reduceparticles doesn't point to an existing ConVar
Could not locate 'GameData' key in c:\program files (x86)\steam\steamapps\common\half-life 2 deathmatch\hl2mp\gameinfo.txt
Patching WVT material: maps/test/dev/dev_blendmeasure_wvt_patch
fixing up env_cubemap materials on brush sides...
0...1...2...3...4...5...6...7...8...9...100...1...2...3...4...5...6...7...8...9...10Processing areas...done (0)
Building Faces...done (0)
Chop Details...done (0)
Find Visible Detail Sides...done (0)
Merging details...done (0)
FixTjuncs...
PruneNodes...
WriteBSP...
done (0)
writing c:\program files (x86)\steam\steamapps\common\sourcesdk_content\hl2mp\mapsrc\test.prt...Building visibility clusters...
done (0)
Creating default LDR cubemaps for env_cubemap using skybox materials:
   skybox/sky_day01_01*.vmt
 ! Run buildcubemaps in the engine to get the correct cube maps.
Creating default HDR cubemaps for env_cubemap using skybox materials:
   skybox/sky_day01_01*.vmt
 ! Run buildcubemaps in the engine to get the correct cube maps.
Finding displacement neighbors...
Finding lightmap sample positions...
Displacement Alpha : 0...1...2...3...4...5...6...7...8...9...10
Building Physics collision data...
done (0) (56814 bytes)
Placing detail props : 0...1...2...3...4...5...6...7...8...9...10
Compacting texture/material tables...
Reduced 362 texinfos to 161
Reduced 36 texdatas to 27 (1182 bytes to 911)
Writing c:\program files (x86)\steam\steamapps\common\sourcesdk_content\hl2mp\mapsrc\test.bsp
Wrote ZIP buffer, estimated size 323184, actual size 320826
0 seconds elapsed



12 threads
reading c:\program files (x86)\steam\steamapps\common\sourcesdk_content\hl2mp\mapsrc\test.bsp
reading c:\program files (x86)\steam\steamapps\common\sourcesdk_content\hl2mp\mapsrc\test.prt
  53 portalclusters
 163 numportals
0...1...2...3...4...5...6...7...8...9...10Optimized: 63 visible clusters (2.39%)
Total clusters visible: 2634
Average clusters visible: 49
Building PAS...
Average clusters audible: 53
visdatasize:1176  compressed from 848
writing c:\program files (x86)\steam\steamapps\common\sourcesdk_content\hl2mp\mapsrc\test.bsp
0 seconds elapsed



[Reading texlights from 'lights.rad']
[45 texlights parsed from 'lights.rad']

Loading c:\program files (x86)\steam\steamapps\common\sourcesdk_content\hl2mp\mapsrc\test.bsp
946 faces
37742 square feet [5434945.00 square inches]
0 Displacements
0 Square Feet [0.00 Square Inches]
946 patches before subdivision
52228 patches after subdivision
7 direct lights
0...1...2...3...4...5...6...7...8...9...100...1...2...3...4...5...6...7...8...9...10transfers 5701102, max 600
transfer lists:  43.5 megs
0...1...2...3...4...5...6...7...8...9...10	Bounce #1 added RGB(26459, 25779, 22297)
0...1...2...3...4...5...6...7...8...9...10	Bounce #2 added RGB(10719, 9686, 7077)
Build Patch/Sample Hash Table(s).....Done<0.0124 sec>
0...1...2...3...4...5...6...7...8...9...10FinalLightFace Done
0 of 0 (0% of) surface lights went in leaf ambient cubes.
0...1...2...3...4...5...6...7...8...9...10Writing leaf ambient...done
Ready to Finish

Object names       Objects/Maxobjs  Memory / Maxmem  Fullness 
------------       ---------------  ---------------  -------- 
models                  41/1024         1968/49152    ( 4.0%) 
brushes                114/8192         1368/98304    ( 1.4%) 
brushsides             817/65536        6536/524288   ( 1.2%) 
planes                1022/65536       20440/1310720  ( 1.6%) 
vertexes              1362/65536       16344/786432   ( 2.1%) 
nodes                  525/65536       16800/2097152  ( 0.8%) 
texinfos               161/12288       11592/884736   ( 1.3%) 
texdata                 27/2048          864/65536    ( 1.3%) 
dispinfos                0/0               0/0        ( 0.0%) 
disp_verts               0/0               0/0        ( 0.0%) 
disp_tris                0/0               0/0        ( 0.0%) 
disp_lmsamples           0/0               0/0        ( 0.0%) 
faces                  946/65536       52976/3670016  ( 1.4%) 
hdr faces                0/65536           0/3670016  ( 0.0%) 
origfaces              447/65536       25032/3670016  ( 0.7%) 
leaves                 567/65536       18144/2097152  ( 0.9%) 
leaffaces             1223/65536        2446/131072   ( 1.9%) 
leafbrushes            144/65536         288/131072   ( 0.2%) 
areas                    2/256            16/2048     ( 0.8%) 
surfedges             6113/512000      24452/2048000  ( 1.2%) 
edges                 3245/256000      12980/1024000  ( 1.3%) 
LDR worldlights          7/8192          616/720896   ( 0.1%) 
HDR worldlights          0/8192            0/720896   ( 0.0%) 
leafwaterdata            1/32768          12/393216   ( 0.0%) 
waterstrips             31/32768         310/327680   ( 0.1%) 
waterverts               0/65536           0/786432   ( 0.0%) 
waterindices           429/65536         858/131072   ( 0.7%) 
cubemapsamples           2/1024           32/16384    ( 0.2%) 
overlays                 0/512             0/180224   ( 0.0%) 
LDR lightdata         [variable]    10457320/0        ( 0.0%) 
HDR lightdata         [variable]           0/0        ( 0.0%) 
visdata               [variable]        1176/16777216 ( 0.0%) 
entdata               [variable]       41803/393216   (10.6%) 
LDR ambient table      567/65536        2268/262144   ( 0.9%) 
HDR ambient table      567/65536        2268/262144   ( 0.9%) 
LDR leaf ambient       944/65536       26432/1835008  ( 1.4%) 
HDR leaf ambient       567/65536       15876/1835008  ( 0.9%) 
occluders                0/0               0/0        ( 0.0%) 
occluder polygons        0/0               0/0        ( 0.0%) 
occluder vert ind        0/0               0/0        ( 0.0%) 
detail props          [variable]           1/12       ( 8.3%) 
static props          [variable]           1/620      ( 0.2%) 
pakfile               [variable]      320826/0        ( 0.0%) 
physics               [variable]       56814/4194304  ( 1.4%) 
physics terrain       [variable]           2/1048576  ( 0.0%) 

Level flags = 0

Total triangle count: 2385
Writing c:\program files (x86)\steam\steamapps\common\sourcesdk_content\hl2mp\mapsrc\test.bsp
3 seconds elapsed



materialPath: C:\Program Files (x86)\Steam\steamapps\common\Half-Life 2 Deathmatch\hl2mp\materials
Loading c:\program files (x86)\steam\steamapps\common\sourcesdk_content\hl2mp\mapsrc\test.vmf
ConVarRef mat_reduceparticles doesn't point to an existing ConVar
Could not locate 'GameData' key in c:\program files (x86)\steam\steamapps\common\half-life 2 deathmatch\hl2mp\gameinfo.txt
Patching WVT material: maps/test/dev/dev_blendmeasure_wvt_patch
fixing up env_cubemap materials on brush sides...
0...1...2...3...4...5...6...7...8...9...100...1...2...3...4...5...6...7...8...9...10Processing areas...done (0)
Building Faces...done (0)
Chop Details...done (0)
Find Visible Detail Sides...done (0)
Merging details...done (0)
FixTjuncs...
PruneNodes...
WriteBSP...
done (0)
writing c:\program files (x86)\steam\steamapps\common\sourcesdk_content\hl2mp\mapsrc\test.prt...Building visibility clusters...
done (0)
Creating default LDR cubemaps for env_cubemap using skybox materials:
   skybox/sky_day01_01*.vmt
 ! Run buildcubemaps in the engine to get the correct cube maps.
Creating default HDR cubemaps for env_cubemap using skybox materials:
   skybox/sky_day01_01*.vmt
 ! Run buildcubemaps in the engine to get the correct cube maps.
Finding displacement neighbors...
Finding lightmap sample positions...
Displacement Alpha : 0...1...2...3...4...5...6...7...8...9...10
Building Physics collision data...
done (0) (56814 bytes)
Placing detail props : 0...1...2...3...4...5...6...7...8...9...10
Compacting texture/material tables...
Reduced 362 texinfos to 161
Reduced 36 texdatas to 27 (1182 bytes to 911)
Writing c:\program files (x86)\steam\steamapps\common\sourcesdk_content\hl2mp\mapsrc\test.bsp
Wrote ZIP buffer, estimated size 323184, actual size 320826
0 seconds elapsed



12 threads
reading c:\program files (x86)\steam\steamapps\common\sourcesdk_content\hl2mp\mapsrc\test.bsp
reading c:\program files (x86)\steam\steamapps\common\sourcesdk_content\hl2mp\mapsrc\test.prt
  53 portalclusters
 163 numportals
0...1...2...3...4...5...6...7...8...9...10Optimized: 63 visible clusters (2.39%)
Total clusters visible: 2634
Average clusters visible: 49
Building PAS...
Average clusters audible: 53
visdatasize:1176  compressed from 848
writing c:\program files (x86)\steam\steamapps\common\sourcesdk_content\hl2mp\mapsrc\test.bsp
0 seconds elapsed



[Reading texlights from 'lights.rad']
[45 texlights parsed from 'lights.rad']

Loading c:\program files (x86)\steam\steamapps\common\sourcesdk_content\hl2mp\mapsrc\test.bsp
946 faces
37742 square feet [5434945.00 square inches]
0 Displacements
0 Square Feet [0.00 Square Inches]
946 patches before subdivision
52228 patches after subdivision
7 direct lights
0...1...2...3...4...5...6...7...8...9...100...1...2...3...4...5...6...7...8...9...10transfers 5701102, max 600
transfer lists:  43.5 megs
0...1...2...3...4...5...6...7...8...9...10	Bounce #1 added RGB(26459, 25779, 22297)
0...1...2...3...4...5...6...7...8...9...10	Bounce #2 added RGB(10719, 9686, 7077)
Build Patch/Sample Hash Table(s).....Done<0.0132 sec>
0...1...2...3...4...5...6...7...8...9...10FinalLightFace Done
0 of 0 (0% of) surface lights went in leaf ambient cubes.
0...1...2...3...4...5...6...7...8...9...10Writing leaf ambient...done
Ready to Finish

Object names       Objects/Maxobjs  Memory / Maxmem  Fullness 
------------       ---------------  ---------------  -------- 
models                  41/1024         1968/49152    ( 4.0%) 
brushes                114/8192         1368/98304    ( 1.4%) 
brushsides             817/65536        6536/524288   ( 1.2%) 
planes                1022/65536       20440/1310720  ( 1.6%) 
vertexes              1362/65536       16344/786432   ( 2.1%) 
nodes                  525/65536       16800/2097152  ( 0.8%) 
texinfos               161/12288       11592/884736   ( 1.3%) 
texdata                 27/2048          864/65536    ( 1.3%) 
dispinfos                0/0               0/0        ( 0.0%) 
disp_verts               0/0               0/0        ( 0.0%) 
disp_tris                0/0               0/0        ( 0.0%) 
disp_lmsamples           0/0               0/0        ( 0.0%) 
faces                  946/65536       52976/3670016  ( 1.4%) 
hdr faces                0/65536           0/3670016  ( 0.0%) 
origfaces              447/65536       25032/3670016  ( 0.7%) 
leaves                 567/65536       18144/2097152  ( 0.9%) 
leaffaces             1223/65536        2446/131072   ( 1.9%) 
leafbrushes            144/65536         288/131072   ( 0.2%) 
areas                    2/256            16/2048     ( 0.8%) 
surfedges             6113/512000      24452/2048000  ( 1.2%) 
edges                 3245/256000      12980/1024000  ( 1.3%) 
LDR worldlights          7/8192          616/720896   ( 0.1%) 
HDR worldlights          0/8192            0/720896   ( 0.0%) 
leafwaterdata            1/32768          12/393216   ( 0.0%) 
waterstrips             31/32768         310/327680   ( 0.1%) 
waterverts               0/65536           0/786432   ( 0.0%) 
waterindices           429/65536         858/131072   ( 0.7%) 
cubemapsamples           2/1024           32/16384    ( 0.2%) 
overlays                 0/512             0/180224   ( 0.0%) 
LDR lightdata         [variable]    10457320/0        ( 0.0%) 
HDR lightdata         [variable]           0/0        ( 0.0%) 
visdata               [variable]        1176/16777216 ( 0.0%) 
entdata               [variable]       41803/393216   (10.6%) 
LDR ambient table      567/65536        2268/262144   ( 0.9%) 
HDR ambient table      567/65536        2268/262144   ( 0.9%) 
LDR leaf ambient       944/65536       26432/1835008  ( 1.4%) 
HDR leaf ambient       567/65536       15876/1835008  ( 0.9%) 
occluders                0/0               0/0        ( 0.0%) 
occluder polygons        0/0               0/0        ( 0.0%) 
occluder vert ind        0/0               0/0        ( 0.0%) 
detail props          [variable]           1/12       ( 8.3%) 
static props          [variable]           1/620      ( 0.2%) 
pakfile               [variable]      320826/0        ( 0.0%) 
physics               [variable]       56814/4194304  ( 1.4%) 
physics terrain       [variable]           2/1048576  ( 0.0%) 

Level flags = 0

Total triangle count: 2385
Writing c:\program files (x86)\steam\steamapps\common\sourcesdk_content\hl2mp\mapsrc\test.bsp
3 seconds elapsed



materialPath: C:\Program Files (x86)\Steam\steamapps\common\Half-Life 2 Deathmatch\hl2mp\materials
Loading c:\program files (x86)\steam\steamapps\common\sourcesdk_content\hl2mp\mapsrc\test.vmf
ConVarRef mat_reduceparticles doesn't point to an existing ConVar
Could not locate 'GameData' key in c:\program files (x86)\steam\steamapps\common\half-life 2 deathmatch\hl2mp\gameinfo.txt
Patching WVT material: maps/test/dev/dev_blendmeasure_wvt_patch
fixing up env_cubemap materials on brush sides...
0...1...2...3...4...5...6...7...8...9...100...1...2...3...4...5...6...7...8...9...10Processing areas...done (0)
Building Faces...done (0)
Chop Details...done (0)
Find Visible Detail Sides...done (0)
Merging details...done (0)
FixTjuncs...
PruneNodes...
WriteBSP...
done (0)
writing c:\program files (x86)\steam\steamapps\common\sourcesdk_content\hl2mp\mapsrc\test.prt...Building visibility clusters...
done (0)
Creating default LDR cubemaps for env_cubemap using skybox materials:
   skybox/sky_day01_01*.vmt
 ! Run buildcubemaps in the engine to get the correct cube maps.
Creating default HDR cubemaps for env_cubemap using skybox materials:
   skybox/sky_day01_01*.vmt
 ! Run buildcubemaps in the engine to get the correct cube maps.
Finding displacement neighbors...
Finding lightmap sample positions...
Displacement Alpha : 0...1...2...3...4...5...6...7...8...9...10
Building Physics collision data...
done (0) (56814 bytes)
Placing detail props : 0...1...2...3...4...5...6...7...8...9...10
Compacting texture/material tables...
Reduced 362 texinfos to 161
Reduced 36 texdatas to 27 (1182 bytes to 911)
Writing c:\program files (x86)\steam\steamapps\common\sourcesdk_content\hl2mp\mapsrc\test.bsp
Wrote ZIP buffer, estimated size 323184, actual size 320826
0 seconds elapsed



12 threads
reading c:\program files (x86)\steam\steamapps\common\sourcesdk_content\hl2mp\mapsrc\test.bsp
reading c:\program files (x86)\steam\steamapps\common\sourcesdk_content\hl2mp\mapsrc\test.prt
  53 portalclusters
 163 numportals
0...1...2...3...4...5...6...7...8...9...10Optimized: 63 visible clusters (2.39%)
Total clusters visible: 2634
Average clusters visible: 49
Building PAS...
Average clusters audible: 53
visdatasize:1176  compressed from 848
writing c:\program files (x86)\steam\steamapps\common\sourcesdk_content\hl2mp\mapsrc\test.bsp
0 seconds elapsed



[Reading texlights from 'lights.rad']
[45 texlights parsed from 'lights.rad']

Loading c:\program files (x86)\steam\steamapps\common\sourcesdk_content\hl2mp\mapsrc\test.bsp
946 faces
37742 square feet [5434945.00 square inches]
0 Displacements
0 Square Feet [0.00 Square Inches]
946 patches before subdivision
52228 patches after subdivision
7 direct lights
0...1...2...3...4...5...6...7...8...9...100...1...2...3...4...5...6...7...8...9...10transfers 5701102, max 600
transfer lists:  43.5 megs
0...1...2...3...4...5...6...7...8...9...10	Bounce #1 added RGB(26459, 25779, 22297)
0...1...2...3...4...5...6...7...8...9...10	Bounce #2 added RGB(10719, 9686, 7077)
Build Patch/Sample Hash Table(s).....Done<0.0109 sec>
0...1...2...3...4...5...6...7...8...9...10FinalLightFace Done
0 of 0 (0% of) surface lights went in leaf ambient cubes.
0...1...2...3...4...5...6...7...8...9...10Writing leaf ambient...done
Ready to Finish

Object names       Objects/Maxobjs  Memory / Maxmem  Fullness 
------------       ---------------  ---------------  -------- 
models                  41/1024         1968/49152    ( 4.0%) 
brushes                114/8192         1368/98304    ( 1.4%) 
brushsides             817/65536        6536/524288   ( 1.2%) 
planes                1022/65536       20440/1310720  ( 1.6%) 
vertexes              1362/65536       16344/786432   ( 2.1%) 
nodes                  525/65536       16800/2097152  ( 0.8%) 
texinfos               161/12288       11592/884736   ( 1.3%) 
texdata                 27/2048          864/65536    ( 1.3%) 
dispinfos                0/0               0/0        ( 0.0%) 
disp_verts               0/0               0/0        ( 0.0%) 
disp_tris                0/0               0/0        ( 0.0%) 
disp_lmsamples           0/0               0/0        ( 0.0%) 
faces                  946/65536       52976/3670016  ( 1.4%) 
hdr faces                0/65536           0/3670016  ( 0.0%) 
origfaces              447/65536       25032/3670016  ( 0.7%) 
leaves                 567/65536       18144/2097152  ( 0.9%) 
leaffaces             1223/65536        2446/131072   ( 1.9%) 
leafbrushes            144/65536         288/131072   ( 0.2%) 
areas                    2/256            16/2048     ( 0.8%) 
surfedges             6113/512000      24452/2048000  ( 1.2%) 
edges                 3245/256000      12980/1024000  ( 1.3%) 
LDR worldlights          7/8192          616/720896   ( 0.1%) 
HDR worldlights          0/8192            0/720896   ( 0.0%) 
leafwaterdata            1/32768          12/393216   ( 0.0%) 
waterstrips             31/32768         310/327680   ( 0.1%) 
waterverts               0/65536           0/786432   ( 0.0%) 
waterindices           429/65536         858/131072   ( 0.7%) 
cubemapsamples           2/1024           32/16384    ( 0.2%) 
overlays                 0/512             0/180224   ( 0.0%) 
LDR lightdata         [variable]    10457320/0        ( 0.0%) 
HDR lightdata         [variable]           0/0        ( 0.0%) 
visdata               [variable]        1176/16777216 ( 0.0%) 
entdata               [variable]       41804/393216   (10.6%) 
LDR ambient table      567/65536        2268/262144   ( 0.9%) 
HDR ambient table      567/65536        2268/262144   ( 0.9%) 
LDR leaf ambient       944/65536       26432/1835008  ( 1.4%) 
HDR leaf ambient       567/65536       15876/1835008  ( 0.9%) 
occluders                0/0               0/0        ( 0.0%) 
occluder polygons        0/0               0/0        ( 0.0%) 
occluder vert ind        0/0               0/0        ( 0.0%) 
detail props          [variable]           1/12       ( 8.3%) 
static props          [variable]           1/620      ( 0.2%) 
pakfile               [variable]      320826/0        ( 0.0%) 
physics               [variable]       56814/4194304  ( 1.4%) 
physics terrain       [variable]           2/1048576  ( 0.0%) 

Level flags = 0

Total triangle count: 2385
Writing c:\program files (x86)\steam\steamapps\common\sourcesdk_content\hl2mp\mapsrc\test.bsp
3 seconds elapsed



materialPath: C:\Program Files (x86)\Steam\steamapps\common\Half-Life 2 Deathmatch\hl2mp\materials
Loading c:\program files (x86)\steam\steamapps\common\sourcesdk_content\hl2mp\mapsrc\test.vmf
ConVarRef mat_reduceparticles doesn't point to an existing ConVar
Could not locate 'GameData' key in c:\program files (x86)\steam\steamapps\common\half-life 2 deathmatch\hl2mp\gameinfo.txt
Patching WVT material: maps/test/dev/dev_blendmeasure_wvt_patch
fixing up env_cubemap materials on brush sides...
0...1...2...3...4...5...6...7...8...9...100...1...2...3...4...5...6...7...8...9...10Processing areas...done (0)
Building Faces...done (0)
Chop Details...done (0)
Find Visible Detail Sides...done (0)
Merging details...done (0)
FixTjuncs...
PruneNodes...
WriteBSP...
done (0)
writing c:\program files (x86)\steam\steamapps\common\sourcesdk_content\hl2mp\mapsrc\test.prt...Building visibility clusters...
done (0)
Creating default LDR cubemaps for env_cubemap using skybox materials:
   skybox/sky_day01_01*.vmt
 ! Run buildcubemaps in the engine to get the correct cube maps.
Creating default HDR cubemaps for env_cubemap using skybox materials:
   skybox/sky_day01_01*.vmt
 ! Run buildcubemaps in the engine to get the correct cube maps.
Finding displacement neighbors...
Finding lightmap sample positions...
Displacement Alpha : 0...1...2...3...4...5...6...7...8...9...10
Building Physics collision data...
done (0) (56814 bytes)
Placing detail props : 0...1...2...3...4...5...6...7...8...9...10
Compacting texture/material tables...
Reduced 362 texinfos to 161
Reduced 36 texdatas to 27 (1182 bytes to 911)
Writing c:\program files (x86)\steam\steamapps\common\sourcesdk_content\hl2mp\mapsrc\test.bsp
Wrote ZIP buffer, estimated size 323184, actual size 320826
0 seconds elapsed



12 threads
reading c:\program files (x86)\steam\steamapps\common\sourcesdk_content\hl2mp\mapsrc\test.bsp
reading c:\program files (x86)\steam\steamapps\common\sourcesdk_content\hl2mp\mapsrc\test.prt
  53 portalclusters
 163 numportals
0...1...2...3...4...5...6...7...8...9...10Optimized: 63 visible clusters (2.39%)
Total clusters visible: 2634
Average clusters visible: 49
Building PAS...
Average clusters audible: 53
visdatasize:1176  compressed from 848
writing c:\program files (x86)\steam\steamapps\common\sourcesdk_content\hl2mp\mapsrc\test.bsp
0 seconds elapsed



[Reading texlights from 'lights.rad']
[45 texlights parsed from 'lights.rad']

Loading c:\program files (x86)\steam\steamapps\common\sourcesdk_content\hl2mp\mapsrc\test.bsp
946 faces
37742 square feet [5434945.00 square inches]
0 Displacements
0 Square Feet [0.00 Square Inches]
946 patches before subdivision
52228 patches after subdivision
7 direct lights
0...1...2...3...4...5...6...7...8...9...100...1...2...3...4...5...6...7...8...9...10transfers 5701102, max 600
transfer lists:  43.5 megs
0...1...2...3...4...5...6...7...8...9...10	Bounce #1 added RGB(26459, 25779, 22297)
0...1...2...3...4...5...6...7...8...9...10	Bounce #2 added RGB(10719, 9686, 7077)
Build Patch/Sample Hash Table(s).....Done<0.0133 sec>
0...1...2...3...4...5...6...7...8...9...10FinalLightFace Done
0 of 0 (0% of) surface lights went in leaf ambient cubes.
0...1...2...3...4...5...6...7...8...9...10Writing leaf ambient...done
Ready to Finish

Object names       Objects/Maxobjs  Memory / Maxmem  Fullness 
------------       ---------------  ---------------  -------- 
models                  41/1024         1968/49152    ( 4.0%) 
brushes                114/8192         1368/98304    ( 1.4%) 
brushsides             817/65536        6536/524288   ( 1.2%) 
planes                1022/65536       20440/1310720  ( 1.6%) 
vertexes              1362/65536       16344/786432   ( 2.1%) 
nodes                  525/65536       16800/2097152  ( 0.8%) 
texinfos               161/12288       11592/884736   ( 1.3%) 
texdata                 27/2048          864/65536    ( 1.3%) 
dispinfos                0/0               0/0        ( 0.0%) 
disp_verts               0/0               0/0        ( 0.0%) 
disp_tris                0/0               0/0        ( 0.0%) 
disp_lmsamples           0/0               0/0        ( 0.0%) 
faces                  946/65536       52976/3670016  ( 1.4%) 
hdr faces                0/65536           0/3670016  ( 0.0%) 
origfaces              447/65536       25032/3670016  ( 0.7%) 
leaves                 567/65536       18144/2097152  ( 0.9%) 
leaffaces             1223/65536        2446/131072   ( 1.9%) 
leafbrushes            144/65536         288/131072   ( 0.2%) 
areas                    2/256            16/2048     ( 0.8%) 
surfedges             6113/512000      24452/2048000  ( 1.2%) 
edges                 3245/256000      12980/1024000  ( 1.3%) 
LDR worldlights          7/8192          616/720896   ( 0.1%) 
HDR worldlights          0/8192            0/720896   ( 0.0%) 
leafwaterdata            1/32768          12/393216   ( 0.0%) 
waterstrips             31/32768         310/327680   ( 0.1%) 
waterverts               0/65536           0/786432   ( 0.0%) 
waterindices           429/65536         858/131072   ( 0.7%) 
cubemapsamples           2/1024           32/16384    ( 0.2%) 
overlays                 0/512             0/180224   ( 0.0%) 
LDR lightdata         [variable]    10457320/0        ( 0.0%) 
HDR lightdata         [variable]           0/0        ( 0.0%) 
visdata               [variable]        1176/16777216 ( 0.0%) 
entdata               [variable]       41803/393216   (10.6%) 
LDR ambient table      567/65536        2268/262144   ( 0.9%) 
HDR ambient table      567/65536        2268/262144   ( 0.9%) 
LDR leaf ambient       944/65536       26432/1835008  ( 1.4%) 
HDR leaf ambient       567/65536       15876/1835008  ( 0.9%) 
occluders                0/0               0/0        ( 0.0%) 
occluder polygons        0/0               0/0        ( 0.0%) 
occluder vert ind        0/0               0/0        ( 0.0%) 
detail props          [variable]           1/12       ( 8.3%) 
static props          [variable]           1/620      ( 0.2%) 
pakfile               [variable]      320826/0        ( 0.0%) 
physics               [variable]       56814/4194304  ( 1.4%) 
physics terrain       [variable]           2/1048576  ( 0.0%) 

Level flags = 0

Total triangle count: 2385
Writing c:\program files (x86)\steam\steamapps\common\sourcesdk_content\hl2mp\mapsrc\test.bsp
3 seconds elapsed



materialPath: C:\Program Files (x86)\Steam\steamapps\common\Half-Life 2 Deathmatch\hl2mp\materials
Loading c:\program files (x86)\steam\steamapps\common\sourcesdk_content\hl2mp\mapsrc\test.vmf
ConVarRef mat_reduceparticles doesn't point to an existing ConVar
Could not locate 'GameData' key in c:\program files (x86)\steam\steamapps\common\half-life 2 deathmatch\hl2mp\gameinfo.txt
Patching WVT material: maps/test/dev/dev_blendmeasure_wvt_patch
fixing up env_cubemap materials on brush sides...
0...1...2...3...4...5...6...7...8...9...100...1...2...3...4...5...6...7...8...9...10Processing areas...done (0)
Building Faces...done (0)
Chop Details...done (0)
Find Visible Detail Sides...done (0)
Merging details...done (0)
FixTjuncs...
PruneNodes...
WriteBSP...
done (0)
writing c:\program files (x86)\steam\steamapps\common\sourcesdk_content\hl2mp\mapsrc\test.prt...Building visibility clusters...
done (0)
Creating default LDR cubemaps for env_cubemap using skybox materials:
   skybox/sky_day01_01*.vmt
 ! Run buildcubemaps in the engine to get the correct cube maps.
Creating default HDR cubemaps for env_cubemap using skybox materials:
   skybox/sky_day01_01*.vmt
 ! Run buildcubemaps in the engine to get the correct cube maps.
Finding displacement neighbors...
Finding lightmap sample positions...
Displacement Alpha : 0...1...2...3...4...5...6...7...8...9...10
Building Physics collision data...
done (0) (56814 bytes)
Placing detail props : 0...1...2...3...4...5...6...7...8...9...10
Compacting texture/material tables...
Reduced 362 texinfos to 161
Reduced 36 texdatas to 27 (1182 bytes to 911)
Writing c:\program files (x86)\steam\steamapps\common\sourcesdk_content\hl2mp\mapsrc\test.bsp
Wrote ZIP buffer, estimated size 323184, actual size 320826
0 seconds elapsed



12 threads
reading c:\program files (x86)\steam\steamapps\common\sourcesdk_content\hl2mp\mapsrc\test.bsp
reading c:\program files (x86)\steam\steamapps\common\sourcesdk_content\hl2mp\mapsrc\test.prt
  53 portalclusters
 163 numportals
0...1...2...3...4...5...6...7...8...9...10Optimized: 63 visible clusters (2.39%)
Total clusters visible: 2634
Average clusters visible: 49
Building PAS...
Average clusters audible: 53
visdatasize:1176  compressed from 848
writing c:\program files (x86)\steam\steamapps\common\sourcesdk_content\hl2mp\mapsrc\test.bsp
0 seconds elapsed



[Reading texlights from 'lights.rad']
[45 texlights parsed from 'lights.rad']

Loading c:\program files (x86)\steam\steamapps\common\sourcesdk_content\hl2mp\mapsrc\test.bsp
946 faces
37742 square feet [5434945.00 square inches]
0 Displacements
0 Square Feet [0.00 Square Inches]
946 patches before subdivision
52228 patches after subdivision
7 direct lights
0...1...2...3...4...5...6...7...8...9...100...1...2...3...4...5...6...7...8...9...10transfers 5701102, max 600
transfer lists:  43.5 megs
0...1...2...3...4...5...6...7...8...9...10	Bounce #1 added RGB(26459, 25779, 22297)
0...1...2...3...4...5...6...7...8...9...10	Bounce #2 added RGB(10719, 9686, 7077)
Build Patch/Sample Hash Table(s).....Done<0.0108 sec>
0...1...2...3...4...5...6...7...8...9...10FinalLightFace Done
0 of 0 (0% of) surface lights went in leaf ambient cubes.
0...1...2...3...4...5...6...7...8...9...10Writing leaf ambient...done
Ready to Finish

Object names       Objects/Maxobjs  Memory / Maxmem  Fullness 
------------       ---------------  ---------------  -------- 
models                  41/1024         1968/49152    ( 4.0%) 
brushes                114/8192         1368/98304    ( 1.4%) 
brushsides             817/65536        6536/524288   ( 1.2%) 
planes                1022/65536       20440/1310720  ( 1.6%) 
vertexes              1362/65536       16344/786432   ( 2.1%) 
nodes                  525/65536       16800/2097152  ( 0.8%) 
texinfos               161/12288       11592/884736   ( 1.3%) 
texdata                 27/2048          864/65536    ( 1.3%) 
dispinfos                0/0               0/0        ( 0.0%) 
disp_verts               0/0               0/0        ( 0.0%) 
disp_tris                0/0               0/0        ( 0.0%) 
disp_lmsamples           0/0               0/0        ( 0.0%) 
faces                  946/65536       52976/3670016  ( 1.4%) 
hdr faces                0/65536           0/3670016  ( 0.0%) 
origfaces              447/65536       25032/3670016  ( 0.7%) 
leaves                 567/65536       18144/2097152  ( 0.9%) 
leaffaces             1223/65536        2446/131072   ( 1.9%) 
leafbrushes            144/65536         288/131072   ( 0.2%) 
areas                    2/256            16/2048     ( 0.8%) 
surfedges             6113/512000      24452/2048000  ( 1.2%) 
edges                 3245/256000      12980/1024000  ( 1.3%) 
LDR worldlights          7/8192          616/720896   ( 0.1%) 
HDR worldlights          0/8192            0/720896   ( 0.0%) 
leafwaterdata            1/32768          12/393216   ( 0.0%) 
waterstrips             31/32768         310/327680   ( 0.1%) 
waterverts               0/65536           0/786432   ( 0.0%) 
waterindices           429/65536         858/131072   ( 0.7%) 
cubemapsamples           2/1024           32/16384    ( 0.2%) 
overlays                 0/512             0/180224   ( 0.0%) 
LDR lightdata         [variable]    10457320/0        ( 0.0%) 
HDR lightdata         [variable]           0/0        ( 0.0%) 
visdata               [variable]        1176/16777216 ( 0.0%) 
entdata               [variable]       41803/393216   (10.6%) 
LDR ambient table      567/65536        2268/262144   ( 0.9%) 
HDR ambient table      567/65536        2268/262144   ( 0.9%) 
LDR leaf ambient       944/65536       26432/1835008  ( 1.4%) 
HDR leaf ambient       567/65536       15876/1835008  ( 0.9%) 
occluders                0/0               0/0        ( 0.0%) 
occluder polygons        0/0               0/0        ( 0.0%) 
occluder vert ind        0/0               0/0        ( 0.0%) 
detail props          [variable]           1/12       ( 8.3%) 
static props          [variable]           1/620      ( 0.2%) 
pakfile               [variable]      320826/0        ( 0.0%) 
physics               [variable]       56814/4194304  ( 1.4%) 
physics terrain       [variable]           2/1048576  ( 0.0%) 

Level flags = 0

Total triangle count: 2385
Writing c:\program files (x86)\steam\steamapps\common\sourcesdk_content\hl2mp\mapsrc\test.bsp
3 seconds elapsed



materialPath: C:\Program Files (x86)\Steam\steamapps\common\Half-Life 2 Deathmatch\hl2mp\materials
Loading c:\program files (x86)\steam\steamapps\common\sourcesdk_content\hl2mp\mapsrc\test.vmf
ConVarRef mat_reduceparticles doesn't point to an existing ConVar
Could not locate 'GameData' key in c:\program files (x86)\steam\steamapps\common\half-life 2 deathmatch\hl2mp\gameinfo.txt
Patching WVT material: maps/test/dev/dev_blendmeasure_wvt_patch
fixing up env_cubemap materials on brush sides...
0...1...2...3...4...5...6...7...8...9...100...1...2...3...4...5...6...7...8...9...10Processing areas...done (0)
Building Faces...done (0)
Chop Details...done (0)
Find Visible Detail Sides...done (0)
Merging details...done (0)
FixTjuncs...
PruneNodes...
WriteBSP...
done (0)
writing c:\program files (x86)\steam\steamapps\common\sourcesdk_content\hl2mp\mapsrc\test.prt...Building visibility clusters...
done (0)
Creating default LDR cubemaps for env_cubemap using skybox materials:
   skybox/sky_day01_01*.vmt
 ! Run buildcubemaps in the engine to get the correct cube maps.
Creating default HDR cubemaps for env_cubemap using skybox materials:
   skybox/sky_day01_01*.vmt
 ! Run buildcubemaps in the engine to get the correct cube maps.
Finding displacement neighbors...
Finding lightmap sample positions...
Displacement Alpha : 0...1...2...3...4...5...6...7...8...9...10
Building Physics collision data...
done (0) (56814 bytes)
Placing detail props : 0...1...2...3...4...5...6...7...8...9...10
Compacting texture/material tables...
Reduced 362 texinfos to 161
Reduced 36 texdatas to 27 (1182 bytes to 911)
Writing c:\program files (x86)\steam\steamapps\common\sourcesdk_content\hl2mp\mapsrc\test.bsp
Wrote ZIP buffer, estimated size 323184, actual size 320826
0 seconds elapsed



12 threads
reading c:\program files (x86)\steam\steamapps\common\sourcesdk_content\hl2mp\mapsrc\test.bsp
reading c:\program files (x86)\steam\steamapps\common\sourcesdk_content\hl2mp\mapsrc\test.prt
  53 portalclusters
 163 numportals
0...1...2...3...4...5...6...7...8...9...10Optimized: 63 visible clusters (2.39%)
Total clusters visible: 2634
Average clusters visible: 49
Building PAS...
Average clusters audible: 53
visdatasize:1176  compressed from 848
writing c:\program files (x86)\steam\steamapps\common\sourcesdk_content\hl2mp\mapsrc\test.bsp
0 seconds elapsed



[Reading texlights from 'lights.rad']
[45 texlights parsed from 'lights.rad']

Loading c:\program files (x86)\steam\steamapps\common\sourcesdk_content\hl2mp\mapsrc\test.bsp
946 faces
37742 square feet [5434945.00 square inches]
0 Displacements
0 Square Feet [0.00 Square Inches]
946 patches before subdivision
52228 patches after subdivision
7 direct lights
0...1...2...3...4...5...6...7...8...9...100...1...2...3...4...5...6...7...8...9...10transfers 5701102, max 600
transfer lists:  43.5 megs
0...1...2...3...4...5...6...7...8...9...10	Bounce #1 added RGB(26459, 25779, 22297)
0...1...2...3...4...5...6...7...8...9...10	Bounce #2 added RGB(10719, 9686, 7077)
Build Patch/Sample Hash Table(s).....Done<0.0133 sec>
0...1...2...3...4...5...6...7...8...9...10FinalLightFace Done
0 of 0 (0% of) surface lights went in leaf ambient cubes.
0...1...2...3...4...5...6...7...8...9...10Writing leaf ambient...done
Ready to Finish

Object names       Objects/Maxobjs  Memory / Maxmem  Fullness 
------------       ---------------  ---------------  -------- 
models                  41/1024         1968/49152    ( 4.0%) 
brushes                114/8192         1368/98304    ( 1.4%) 
brushsides             817/65536        6536/524288   ( 1.2%) 
planes                1022/65536       20440/1310720  ( 1.6%) 
vertexes              1362/65536       16344/786432   ( 2.1%) 
nodes                  525/65536       16800/2097152  ( 0.8%) 
texinfos               161/12288       11592/884736   ( 1.3%) 
texdata                 27/2048          864/65536    ( 1.3%) 
dispinfos                0/0               0/0        ( 0.0%) 
disp_verts               0/0               0/0        ( 0.0%) 
disp_tris                0/0               0/0        ( 0.0%) 
disp_lmsamples           0/0               0/0        ( 0.0%) 
faces                  946/65536       52976/3670016  ( 1.4%) 
hdr faces                0/65536           0/3670016  ( 0.0%) 
origfaces              447/65536       25032/3670016  ( 0.7%) 
leaves                 567/65536       18144/2097152  ( 0.9%) 
leaffaces             1223/65536        2446/131072   ( 1.9%) 
leafbrushes            144/65536         288/131072   ( 0.2%) 
areas                    2/256            16/2048     ( 0.8%) 
surfedges             6113/512000      24452/2048000  ( 1.2%) 
edges                 3245/256000      12980/1024000  ( 1.3%) 
LDR worldlights          7/8192          616/720896   ( 0.1%) 
HDR worldlights          0/8192            0/720896   ( 0.0%) 
leafwaterdata            1/32768          12/393216   ( 0.0%) 
waterstrips             31/32768         310/327680   ( 0.1%) 
waterverts               0/65536           0/786432   ( 0.0%) 
waterindices           429/65536         858/131072   ( 0.7%) 
cubemapsamples           2/1024           32/16384    ( 0.2%) 
overlays                 0/512             0/180224   ( 0.0%) 
LDR lightdata         [variable]    10457320/0        ( 0.0%) 
HDR lightdata         [variable]           0/0        ( 0.0%) 
visdata               [variable]        1176/16777216 ( 0.0%) 
entdata               [variable]       41860/393216   (10.6%) 
LDR ambient table      567/65536        2268/262144   ( 0.9%) 
HDR ambient table      567/65536        2268/262144   ( 0.9%) 
LDR leaf ambient       944/65536       26432/1835008  ( 1.4%) 
HDR leaf ambient       567/65536       15876/1835008  ( 0.9%) 
occluders                0/0               0/0        ( 0.0%) 
occluder polygons        0/0               0/0        ( 0.0%) 
occluder vert ind        0/0               0/0        ( 0.0%) 
detail props          [variable]           1/12       ( 8.3%) 
static props          [variable]           1/620      ( 0.2%) 
pakfile               [variable]      320826/0        ( 0.0%) 
physics               [variable]       56814/4194304  ( 1.4%) 
physics terrain       [variable]           2/1048576  ( 0.0%) 

Level flags = 0

Total triangle count: 2385
Writing c:\program files (x86)\steam\steamapps\common\sourcesdk_content\hl2mp\mapsrc\test.bsp
3 seconds elapsed



materialPath: C:\Program Files (x86)\Steam\steamapps\common\Half-Life 2 Deathmatch\hl2mp\materials
Loading c:\program files (x86)\steam\steamapps\common\sourcesdk_content\hl2mp\mapsrc\test.vmf
ConVarRef mat_reduceparticles doesn't point to an existing ConVar
Could not locate 'GameData' key in c:\program files (x86)\steam\steamapps\common\half-life 2 deathmatch\hl2mp\gameinfo.txt
Patching WVT material: maps/test/dev/dev_blendmeasure_wvt_patch
fixing up env_cubemap materials on brush sides...
0...1...2...3...4...5...6...7...8...9...100...1...2...3...4...5...6...7...8...9...10Processing areas...done (0)
Building Faces...done (0)
Chop Details...done (0)
Find Visible Detail Sides...done (0)
Merging details...done (0)
FixTjuncs...
PruneNodes...
WriteBSP...
done (0)
writing c:\program files (x86)\steam\steamapps\common\sourcesdk_content\hl2mp\mapsrc\test.prt...Building visibility clusters...
done (0)
Creating default LDR cubemaps for env_cubemap using skybox materials:
   skybox/sky_day01_01*.vmt
 ! Run buildcubemaps in the engine to get the correct cube maps.
Creating default HDR cubemaps for env_cubemap using skybox materials:
   skybox/sky_day01_01*.vmt
 ! Run buildcubemaps in the engine to get the correct cube maps.
Finding displacement neighbors...
Finding lightmap sample positions...
Displacement Alpha : 0...1...2...3...4...5...6...7...8...9...10
Building Physics collision data...
done (0) (56814 bytes)
Placing detail props : 0...1...2...3...4...5...6...7...8...9...10
Compacting texture/material tables...
Reduced 362 texinfos to 161
Reduced 36 texdatas to 27 (1182 bytes to 911)
Writing c:\program files (x86)\steam\steamapps\common\sourcesdk_content\hl2mp\mapsrc\test.bsp
Wrote ZIP buffer, estimated size 323184, actual size 320826
0 seconds elapsed



12 threads
reading c:\program files (x86)\steam\steamapps\common\sourcesdk_content\hl2mp\mapsrc\test.bsp
reading c:\program files (x86)\steam\steamapps\common\sourcesdk_content\hl2mp\mapsrc\test.prt
  53 portalclusters
 163 numportals
0...1...2...3...4...5...6...7...8...9...10Optimized: 63 visible clusters (2.39%)
Total clusters visible: 2634
Average clusters visible: 49
Building PAS...
Average clusters audible: 53
visdatasize:1176  compressed from 848
writing c:\program files (x86)\steam\steamapps\common\sourcesdk_content\hl2mp\mapsrc\test.bsp
0 seconds elapsed



[Reading texlights from 'lights.rad']
[45 texlights parsed from 'lights.rad']

Loading c:\program files (x86)\steam\steamapps\common\sourcesdk_content\hl2mp\mapsrc\test.bsp
946 faces
37742 square feet [5434945.00 square inches]
0 Displacements
0 Square Feet [0.00 Square Inches]
946 patches before subdivision
52228 patches after subdivision
7 direct lights
0...1...2...3...4...5...6...7...8...9...100...1...2...3...4...5...6...7...8...9...10transfers 5701102, max 600
transfer lists:  43.5 megs
0...1...2...3...4...5...6...7...8...9...10	Bounce #1 added RGB(26459, 25779, 22297)
0...1...2...3...4...5...6...7...8...9...10	Bounce #2 added RGB(10719, 9686, 7077)
Build Patch/Sample Hash Table(s).....Done<0.0133 sec>
0...1...2...3...4...5...6...7...8...9...10FinalLightFace Done
0 of 0 (0% of) surface lights went in leaf ambient cubes.
0...1...2...3...4...5...6...7...8...9...10Writing leaf ambient...done
Ready to Finish

Object names       Objects/Maxobjs  Memory / Maxmem  Fullness 
------------       ---------------  ---------------  -------- 
models                  41/1024         1968/49152    ( 4.0%) 
brushes                114/8192         1368/98304    ( 1.4%) 
brushsides             817/65536        6536/524288   ( 1.2%) 
planes                1022/65536       20440/1310720  ( 1.6%) 
vertexes              1362/65536       16344/786432   ( 2.1%) 
nodes                  525/65536       16800/2097152  ( 0.8%) 
texinfos               161/12288       11592/884736   ( 1.3%) 
texdata                 27/2048          864/65536    ( 1.3%) 
dispinfos                0/0               0/0        ( 0.0%) 
disp_verts               0/0               0/0        ( 0.0%) 
disp_tris                0/0               0/0        ( 0.0%) 
disp_lmsamples           0/0               0/0        ( 0.0%) 
faces                  946/65536       52976/3670016  ( 1.4%) 
hdr faces                0/65536           0/3670016  ( 0.0%) 
origfaces              447/65536       25032/3670016  ( 0.7%) 
leaves                 567/65536       18144/2097152  ( 0.9%) 
leaffaces             1223/65536        2446/131072   ( 1.9%) 
leafbrushes            144/65536         288/131072   ( 0.2%) 
areas                    2/256            16/2048     ( 0.8%) 
surfedges             6113/512000      24452/2048000  ( 1.2%) 
edges                 3245/256000      12980/1024000  ( 1.3%) 
LDR worldlights          7/8192          616/720896   ( 0.1%) 
HDR worldlights          0/8192            0/720896   ( 0.0%) 
leafwaterdata            1/32768          12/393216   ( 0.0%) 
waterstrips             31/32768         310/327680   ( 0.1%) 
waterverts               0/65536           0/786432   ( 0.0%) 
waterindices           429/65536         858/131072   ( 0.7%) 
cubemapsamples           2/1024           32/16384    ( 0.2%) 
overlays                 0/512             0/180224   ( 0.0%) 
LDR lightdata         [variable]    10457320/0        ( 0.0%) 
HDR lightdata         [variable]           0/0        ( 0.0%) 
visdata               [variable]        1176/16777216 ( 0.0%) 
entdata               [variable]       41858/393216   (10.6%) 
LDR ambient table      567/65536        2268/262144   ( 0.9%) 
HDR ambient table      567/65536        2268/262144   ( 0.9%) 
LDR leaf ambient       944/65536       26432/1835008  ( 1.4%) 
HDR leaf ambient       567/65536       15876/1835008  ( 0.9%) 
occluders                0/0               0/0        ( 0.0%) 
occluder polygons        0/0               0/0        ( 0.0%) 
occluder vert ind        0/0               0/0        ( 0.0%) 
detail props          [variable]           1/12       ( 8.3%) 
static props          [variable]           1/620      ( 0.2%) 
pakfile               [variable]      320826/0        ( 0.0%) 
physics               [variable]       56814/4194304  ( 1.4%) 
physics terrain       [variable]           2/1048576  ( 0.0%) 

Level flags = 0

Total triangle count: 2385
Writing c:\program files (x86)\steam\steamapps\common\sourcesdk_content\hl2mp\mapsrc\test.bsp
3 seconds elapsed



materialPath: C:\Program Files (x86)\Steam\steamapps\common\Half-Life 2 Deathmatch\hl2mp\materials
Loading c:\program files (x86)\steam\steamapps\common\sourcesdk_content\hl2mp\mapsrc\test.vmf
ConVarRef mat_reduceparticles doesn't point to an existing ConVar
Could not locate 'GameData' key in c:\program files (x86)\steam\steamapps\common\half-life 2 deathmatch\hl2mp\gameinfo.txt
Patching WVT material: maps/test/dev/dev_blendmeasure_wvt_patch
fixing up env_cubemap materials on brush sides...
0...1...2...3...4...5...6...7...8...9...100...1...2...3...4...5...6...7...8...9...10Processing areas...done (0)
Building Faces...done (0)
Chop Details...done (0)
Find Visible Detail Sides...done (0)
Merging details...done (0)
FixTjuncs...
PruneNodes...
WriteBSP...
done (0)
writing c:\program files (x86)\steam\steamapps\common\sourcesdk_content\hl2mp\mapsrc\test.prt...Building visibility clusters...
done (0)
Creating default LDR cubemaps for env_cubemap using skybox materials:
   skybox/sky_day01_01*.vmt
 ! Run buildcubemaps in the engine to get the correct cube maps.
Creating default HDR cubemaps for env_cubemap using skybox materials:
   skybox/sky_day01_01*.vmt
 ! Run buildcubemaps in the engine to get the correct cube maps.
Finding displacement neighbors...
Finding lightmap sample positions...
Displacement Alpha : 0...1...2...3...4...5...6...7...8...9...10
Building Physics collision data...
done (0) (56813 bytes)
Placing detail props : 0...1...2...3...4...5...6...7...8...9...10
Compacting texture/material tables...
Reduced 360 texinfos to 159
Reduced 36 texdatas to 27 (1182 bytes to 911)
Writing c:\program files (x86)\steam\steamapps\common\sourcesdk_content\hl2mp\mapsrc\test.bsp
Wrote ZIP buffer, estimated size 323184, actual size 320826
0 seconds elapsed



12 threads
reading c:\program files (x86)\steam\steamapps\common\sourcesdk_content\hl2mp\mapsrc\test.bsp
reading c:\program files (x86)\steam\steamapps\common\sourcesdk_content\hl2mp\mapsrc\test.prt
  59 portalclusters
 183 numportals
0...1...2...3...4...5...6...7...8...9...10Optimized: 63 visible clusters (1.91%)
Total clusters visible: 3306
Average clusters visible: 56
Building PAS...
Average clusters audible: 59
visdatasize:1426  compressed from 944
writing c:\program files (x86)\steam\steamapps\common\sourcesdk_content\hl2mp\mapsrc\test.bsp
0 seconds elapsed



[Reading texlights from 'lights.rad']
[45 texlights parsed from 'lights.rad']

Loading c:\program files (x86)\steam\steamapps\common\sourcesdk_content\hl2mp\mapsrc\test.bsp
951 faces
37415 square feet [5387842.00 square inches]
0 Displacements
0 Square Feet [0.00 Square Inches]
951 patches before subdivision
52159 patches after subdivision
7 direct lights
0...1...2...3...4...5...6...7...8...9...100...1...2...3...4...5...6...7...8...9...10transfers 5730286, max 606
transfer lists:  43.7 megs
0...1...2...3...4...5...6...7...8...9...10	Bounce #1 added RGB(26309, 25610, 22079)
0...1...2...3...4...5...6...7...8...9...10	Bounce #2 added RGB(10794, 9760, 7138)
Build Patch/Sample Hash Table(s).....Done<0.0134 sec>
0...1...2...3...4...5...6...7...8...9...10FinalLightFace Done
0 of 0 (0% of) surface lights went in leaf ambient cubes.
0...1...2...3...4...5...6...7...8...9...10Writing leaf ambient...done
Ready to Finish

Object names       Objects/Maxobjs  Memory / Maxmem  Fullness 
------------       ---------------  ---------------  -------- 
models                  41/1024         1968/49152    ( 4.0%) 
brushes                114/8192         1368/98304    ( 1.4%) 
brushsides             817/65536        6536/524288   ( 1.2%) 
planes                1024/65536       20480/1310720  ( 1.6%) 
vertexes              1368/65536       16416/786432   ( 2.1%) 
nodes                  533/65536       17056/2097152  ( 0.8%) 
texinfos               159/12288       11448/884736   ( 1.3%) 
texdata                 27/2048          864/65536    ( 1.3%) 
dispinfos                0/0               0/0        ( 0.0%) 
disp_verts               0/0               0/0        ( 0.0%) 
disp_tris                0/0               0/0        ( 0.0%) 
disp_lmsamples           0/0               0/0        ( 0.0%) 
faces                  951/65536       53256/3670016  ( 1.5%) 
hdr faces                0/65536           0/3670016  ( 0.0%) 
origfaces              448/65536       25088/3670016  ( 0.7%) 
leaves                 575/65536       18400/2097152  ( 0.9%) 
leaffaces             1522/65536        3044/131072   ( 2.3%) 
leafbrushes            145/65536         290/131072   ( 0.2%) 
areas                    2/256            16/2048     ( 0.8%) 
surfedges             6139/512000      24556/2048000  ( 1.2%) 
edges                 3257/256000      13028/1024000  ( 1.3%) 
LDR worldlights          7/8192          616/720896   ( 0.1%) 
HDR worldlights          0/8192            0/720896   ( 0.0%) 
leafwaterdata            1/32768          12/393216   ( 0.0%) 
waterstrips             30/32768         300/327680   ( 0.1%) 
waterverts               0/65536           0/786432   ( 0.0%) 
waterindices           417/65536         834/131072   ( 0.6%) 
cubemapsamples           2/1024           32/16384    ( 0.2%) 
overlays                 0/512             0/180224   ( 0.0%) 
LDR lightdata         [variable]    10454908/0        ( 0.0%) 
HDR lightdata         [variable]           0/0        ( 0.0%) 
visdata               [variable]        1426/16777216 ( 0.0%) 
entdata               [variable]       41595/393216   (10.6%) 
LDR ambient table      575/65536        2300/262144   ( 0.9%) 
HDR ambient table      575/65536        2300/262144   ( 0.9%) 
LDR leaf ambient       837/65536       23436/1835008  ( 1.3%) 
HDR leaf ambient       575/65536       16100/1835008  ( 0.9%) 
occluders                0/0               0/0        ( 0.0%) 
occluder polygons        0/0               0/0        ( 0.0%) 
occluder vert ind        0/0               0/0        ( 0.0%) 
detail props          [variable]           1/12       ( 8.3%) 
static props          [variable]           1/620      ( 0.2%) 
pakfile               [variable]      320826/0        ( 0.0%) 
physics               [variable]       56813/4194304  ( 1.4%) 
physics terrain       [variable]           2/1048576  ( 0.0%) 

Level flags = 0

Total triangle count: 2397
Writing c:\program files (x86)\steam\steamapps\common\sourcesdk_content\hl2mp\mapsrc\test.bsp
3 seconds elapsed



materialPath: C:\Program Files (x86)\Steam\steamapps\common\Half-Life 2 Deathmatch\hl2mp\materials
Loading c:\program files (x86)\steam\steamapps\common\sourcesdk_content\hl2mp\mapsrc\test.vmf
ConVarRef mat_reduceparticles doesn't point to an existing ConVar
Could not locate 'GameData' key in c:\program files (x86)\steam\steamapps\common\half-life 2 deathmatch\hl2mp\gameinfo.txt
Patching WVT material: maps/test/dev/dev_blendmeasure_wvt_patch
fixing up env_cubemap materials on brush sides...
0...1...2...3...4...5...6...7...8...9...100...1...2...3...4...5...6...7...8...9...10Processing areas...done (0)
Building Faces...done (0)
Chop Details...done (0)
Find Visible Detail Sides...done (0)
Merging details...done (0)
FixTjuncs...
PruneNodes...
WriteBSP...
done (0)
writing c:\program files (x86)\steam\steamapps\common\sourcesdk_content\hl2mp\mapsrc\test.prt...Building visibility clusters...
done (0)
Creating default LDR cubemaps for env_cubemap using skybox materials:
   skybox/sky_day01_01*.vmt
 ! Run buildcubemaps in the engine to get the correct cube maps.
Creating default HDR cubemaps for env_cubemap using skybox materials:
   skybox/sky_day01_01*.vmt
 ! Run buildcubemaps in the engine to get the correct cube maps.
Finding displacement neighbors...
Finding lightmap sample positions...
Displacement Alpha : 0...1...2...3...4...5...6...7...8...9...10
Building Physics collision data...
done (0) (57205 bytes)
Placing detail props : 0...1...2...3...4...5...6...7...8...9...10
Compacting texture/material tables...
Reduced 360 texinfos to 159
Reduced 36 texdatas to 27 (1182 bytes to 911)
Writing c:\program files (x86)\steam\steamapps\common\sourcesdk_content\hl2mp\mapsrc\test.bsp
Wrote ZIP buffer, estimated size 323184, actual size 320826
0 seconds elapsed



12 threads
reading c:\program files (x86)\steam\steamapps\common\sourcesdk_content\hl2mp\mapsrc\test.bsp
reading c:\program files (x86)\steam\steamapps\common\sourcesdk_content\hl2mp\mapsrc\test.prt
  64 portalclusters
 178 numportals
0...1...2...3...4...5...6...7...8...9...10Optimized: 63 visible clusters (1.61%)
Total clusters visible: 3917
Average clusters visible: 61
Building PAS...
Average clusters audible: 64
visdatasize:1546  compressed from 1024
writing c:\program files (x86)\steam\steamapps\common\sourcesdk_content\hl2mp\mapsrc\test.bsp
0 seconds elapsed



[Reading texlights from 'lights.rad']
[45 texlights parsed from 'lights.rad']

Loading c:\program files (x86)\steam\steamapps\common\sourcesdk_content\hl2mp\mapsrc\test.bsp
960 faces
37412 square feet [5387382.00 square inches]
0 Displacements
0 Square Feet [0.00 Square Inches]
960 patches before subdivision
52198 patches after subdivision
7 direct lights
0...1...2...3...4...5...6...7...8...9...100...1...2...3...4...5...6...7...8...9...10transfers 5801005, max 611
transfer lists:  44.3 megs
0...1...2...3...4...5...6...7...8...9...10	Bounce #1 added RGB(26336, 25637, 22105)
0...1...2...3...4...5...6...7...8...9...10	Bounce #2 added RGB(10800, 9766, 7143)
Build Patch/Sample Hash Table(s).....Done<0.0136 sec>
0...1...2...3...4...5...6...7...8...9...10FinalLightFace Done
0 of 0 (0% of) surface lights went in leaf ambient cubes.
0...1...2...3...4...5...6...7...8...9...10Writing leaf ambient...done
Ready to Finish

Object names       Objects/Maxobjs  Memory / Maxmem  Fullness 
------------       ---------------  ---------------  -------- 
models                  41/1024         1968/49152    ( 4.0%) 
brushes                115/8192         1380/98304    ( 1.4%) 
brushsides             823/65536        6584/524288   ( 1.3%) 
planes                1024/65536       20480/1310720  ( 1.6%) 
vertexes              1375/65536       16500/786432   ( 2.1%) 
nodes                  540/65536       17280/2097152  ( 0.8%) 
texinfos               159/12288       11448/884736   ( 1.3%) 
texdata                 27/2048          864/65536    ( 1.3%) 
dispinfos                0/0               0/0        ( 0.0%) 
disp_verts               0/0               0/0        ( 0.0%) 
disp_tris                0/0               0/0        ( 0.0%) 
disp_lmsamples           0/0               0/0        ( 0.0%) 
faces                  960/65536       53760/3670016  ( 1.5%) 
hdr faces                0/65536           0/3670016  ( 0.0%) 
origfaces              450/65536       25200/3670016  ( 0.7%) 
leaves                 582/65536       18624/2097152  ( 0.9%) 
leaffaces             1725/65536        3450/131072   ( 2.6%) 
leafbrushes            147/65536         294/131072   ( 0.2%) 
areas                    2/256            16/2048     ( 0.8%) 
surfedges             6179/512000      24716/2048000  ( 1.2%) 
edges                 3285/256000      13140/1024000  ( 1.3%) 
LDR worldlights          7/8192          616/720896   ( 0.1%) 
HDR worldlights          0/8192            0/720896   ( 0.0%) 
leafwaterdata            1/32768          12/393216   ( 0.0%) 
waterstrips             31/32768         310/327680   ( 0.1%) 
waterverts               0/65536           0/786432   ( 0.0%) 
waterindices           435/65536         870/131072   ( 0.7%) 
cubemapsamples           2/1024           32/16384    ( 0.2%) 
overlays                 0/512             0/180224   ( 0.0%) 
LDR lightdata         [variable]    10454868/0        ( 0.0%) 
HDR lightdata         [variable]           0/0        ( 0.0%) 
visdata               [variable]        1546/16777216 ( 0.0%) 
entdata               [variable]       41596/393216   (10.6%) 
LDR ambient table      582/65536        2328/262144   ( 0.9%) 
HDR ambient table      582/65536        2328/262144   ( 0.9%) 
LDR leaf ambient       817/65536       22876/1835008  ( 1.2%) 
HDR leaf ambient       582/65536       16296/1835008  ( 0.9%) 
occluders                0/0               0/0        ( 0.0%) 
occluder polygons        0/0               0/0        ( 0.0%) 
occluder vert ind        0/0               0/0        ( 0.0%) 
detail props          [variable]           1/12       ( 8.3%) 
static props          [variable]           1/620      ( 0.2%) 
pakfile               [variable]      320826/0        ( 0.0%) 
physics               [variable]       57205/4194304  ( 1.4%) 
physics terrain       [variable]           2/1048576  ( 0.0%) 

Level flags = 0

Total triangle count: 2411
Writing c:\program files (x86)\steam\steamapps\common\sourcesdk_content\hl2mp\mapsrc\test.bsp
3 seconds elapsed



materialPath: C:\Program Files (x86)\Steam\steamapps\common\Half-Life 2 Deathmatch\hl2mp\materials
Loading c:\program files (x86)\steam\steamapps\common\sourcesdk_content\hl2mp\mapsrc\test.vmf
ConVarRef mat_reduceparticles doesn't point to an existing ConVar
Could not locate 'GameData' key in c:\program files (x86)\steam\steamapps\common\half-life 2 deathmatch\hl2mp\gameinfo.txt
Patching WVT material: maps/test/dev/dev_blendmeasure_wvt_patch
fixing up env_cubemap materials on brush sides...
0...1...2...3...4...5...6...7...8...9...100...1...2...3...4...5...6...7...8...9...10Processing areas...done (0)
Building Faces...done (0)
Chop Details...done (0)
Find Visible Detail Sides...done (0)
Merging details...done (0)
FixTjuncs...
PruneNodes...
WriteBSP...
done (0)
writing c:\program files (x86)\steam\steamapps\common\sourcesdk_content\hl2mp\mapsrc\test.prt...Building visibility clusters...
done (0)
Creating default LDR cubemaps for env_cubemap using skybox materials:
   skybox/sky_day01_01*.vmt
 ! Run buildcubemaps in the engine to get the correct cube maps.
Creating default HDR cubemaps for env_cubemap using skybox materials:
   skybox/sky_day01_01*.vmt
 ! Run buildcubemaps in the engine to get the correct cube maps.
Finding displacement neighbors...
Finding lightmap sample positions...
Displacement Alpha : 0...1...2...3...4...5...6...7...8...9...10
Building Physics collision data...
done (0) (57205 bytes)
Placing detail props : 0...1...2...3...4...5...6...7...8...9...10
Compacting texture/material tables...
Reduced 362 texinfos to 160
Reduced 36 texdatas to 27 (1182 bytes to 911)
Writing c:\program files (x86)\steam\steamapps\common\sourcesdk_content\hl2mp\mapsrc\test.bsp
Wrote ZIP buffer, estimated size 323184, actual size 320826
0 seconds elapsed



12 threads
reading c:\program files (x86)\steam\steamapps\common\sourcesdk_content\hl2mp\mapsrc\test.bsp
reading c:\program files (x86)\steam\steamapps\common\sourcesdk_content\hl2mp\mapsrc\test.prt
  64 portalclusters
 178 numportals
0...1...2...3...4...5...6...7...8...9...10Optimized: 63 visible clusters (1.61%)
Total clusters visible: 3917
Average clusters visible: 61
Building PAS...
Average clusters audible: 64
visdatasize:1546  compressed from 1024
writing c:\program files (x86)\steam\steamapps\common\sourcesdk_content\hl2mp\mapsrc\test.bsp
0 seconds elapsed



[Reading texlights from 'lights.rad']
[45 texlights parsed from 'lights.rad']

Loading c:\program files (x86)\steam\steamapps\common\sourcesdk_content\hl2mp\mapsrc\test.bsp
961 faces
37413 square feet [5387582.00 square inches]
0 Displacements
0 Square Feet [0.00 Square Inches]
961 patches before subdivision
52199 patches after subdivision
7 direct lights
0...1...2...3...4...5...6...7...8...9...100...1...2...3...4...5...6...7...8...9...10transfers 5812309, max 611
transfer lists:  44.3 megs
0...1...2...3...4...5...6...7...8...9...10	Bounce #1 added RGB(26338, 25639, 22107)
0...1...2...3...4...5...6...7...8...9...10	Bounce #2 added RGB(10800, 9766, 7143)
Build Patch/Sample Hash Table(s).....Done<0.0133 sec>
0...1...2...3...4...5...6...7...8...9...10FinalLightFace Done
0 of 0 (0% of) surface lights went in leaf ambient cubes.
0...1...2...3...4...5...6...7...8...9...10Writing leaf ambient...done
Ready to Finish

Object names       Objects/Maxobjs  Memory / Maxmem  Fullness 
------------       ---------------  ---------------  -------- 
models                  41/1024         1968/49152    ( 4.0%) 
brushes                115/8192         1380/98304    ( 1.4%) 
brushsides             823/65536        6584/524288   ( 1.3%) 
planes                1024/65536       20480/1310720  ( 1.6%) 
vertexes              1375/65536       16500/786432   ( 2.1%) 
nodes                  540/65536       17280/2097152  ( 0.8%) 
texinfos               160/12288       11520/884736   ( 1.3%) 
texdata                 27/2048          864/65536    ( 1.3%) 
dispinfos                0/0               0/0        ( 0.0%) 
disp_verts               0/0               0/0        ( 0.0%) 
disp_tris                0/0               0/0        ( 0.0%) 
disp_lmsamples           0/0               0/0        ( 0.0%) 
faces                  961/65536       53816/3670016  ( 1.5%) 
hdr faces                0/65536           0/3670016  ( 0.0%) 
origfaces              451/65536       25256/3670016  ( 0.7%) 
leaves                 582/65536       18624/2097152  ( 0.9%) 
leaffaces             1726/65536        3452/131072   ( 2.6%) 
leafbrushes            147/65536         294/131072   ( 0.2%) 
areas                    2/256            16/2048     ( 0.8%) 
surfedges             6187/512000      24748/2048000  ( 1.2%) 
edges                 3287/256000      13148/1024000  ( 1.3%) 
LDR worldlights          7/8192          616/720896   ( 0.1%) 
HDR worldlights          0/8192            0/720896   ( 0.0%) 
leafwaterdata            1/32768          12/393216   ( 0.0%) 
waterstrips             31/32768         310/327680   ( 0.1%) 
waterverts               0/65536           0/786432   ( 0.0%) 
waterindices           435/65536         870/131072   ( 0.7%) 
cubemapsamples           2/1024           32/16384    ( 0.2%) 
overlays                 0/512             0/180224   ( 0.0%) 
LDR lightdata         [variable]    10454956/0        ( 0.0%) 
HDR lightdata         [variable]           0/0        ( 0.0%) 
visdata               [variable]        1546/16777216 ( 0.0%) 
entdata               [variable]       41650/393216   (10.6%) 
LDR ambient table      582/65536        2328/262144   ( 0.9%) 
HDR ambient table      582/65536        2328/262144   ( 0.9%) 
LDR leaf ambient       817/65536       22876/1835008  ( 1.2%) 
HDR leaf ambient       582/65536       16296/1835008  ( 0.9%) 
occluders                0/0               0/0        ( 0.0%) 
occluder polygons        0/0               0/0        ( 0.0%) 
occluder vert ind        0/0               0/0        ( 0.0%) 
detail props          [variable]           1/12       ( 8.3%) 
static props          [variable]           1/620      ( 0.2%) 
pakfile               [variable]      320826/0        ( 0.0%) 
physics               [variable]       57205/4194304  ( 1.4%) 
physics terrain       [variable]           2/1048576  ( 0.0%) 

Level flags = 0

Total triangle count: 2413
Writing c:\program files (x86)\steam\steamapps\common\sourcesdk_content\hl2mp\mapsrc\test.bsp
3 seconds elapsed



materialPath: C:\Program Files (x86)\Steam\steamapps\common\Half-Life 2 Deathmatch\hl2mp\materials
Loading c:\program files (x86)\steam\steamapps\common\sourcesdk_content\hl2mp\mapsrc\test.vmf
ConVarRef mat_reduceparticles doesn't point to an existing ConVar
Could not locate 'GameData' key in c:\program files (x86)\steam\steamapps\common\half-life 2 deathmatch\hl2mp\gameinfo.txt
Patching WVT material: maps/test/dev/dev_blendmeasure_wvt_patch
fixing up env_cubemap materials on brush sides...
0...1...2...3...4...5...6...7...8...9...100...1...2...3...4...5...6...7...8...9...10Processing areas...done (0)
Building Faces...done (0)
Chop Details...done (0)
Find Visible Detail Sides...done (0)
Merging details...done (0)
FixTjuncs...
PruneNodes...
WriteBSP...
done (0)
writing c:\program files (x86)\steam\steamapps\common\sourcesdk_content\hl2mp\mapsrc\test.prt...Building visibility clusters...
done (0)
Creating default LDR cubemaps for env_cubemap using skybox materials:
   skybox/sky_day01_01*.vmt
 ! Run buildcubemaps in the engine to get the correct cube maps.
Creating default HDR cubemaps for env_cubemap using skybox materials:
   skybox/sky_day01_01*.vmt
 ! Run buildcubemaps in the engine to get the correct cube maps.
Finding displacement neighbors...
Finding lightmap sample positions...
Displacement Alpha : 0...1...2...3...4...5...6...7...8...9...10
Building Physics collision data...
done (0) (57205 bytes)
Placing detail props : 0...1...2...3...4...5...6...7...8...9...10
Compacting texture/material tables...
Reduced 362 texinfos to 160
Reduced 36 texdatas to 27 (1182 bytes to 911)
Writing c:\program files (x86)\steam\steamapps\common\sourcesdk_content\hl2mp\mapsrc\test.bsp
Wrote ZIP buffer, estimated size 323184, actual size 320826
0 seconds elapsed



12 threads
reading c:\program files (x86)\steam\steamapps\common\sourcesdk_content\hl2mp\mapsrc\test.bsp
reading c:\program files (x86)\steam\steamapps\common\sourcesdk_content\hl2mp\mapsrc\test.prt
  64 portalclusters
 178 numportals
0...1...2...3...4...5...6...7...8...9...10Optimized: 63 visible clusters (1.61%)
Total clusters visible: 3917
Average clusters visible: 61
Building PAS...
Average clusters audible: 64
visdatasize:1546  compressed from 1024
writing c:\program files (x86)\steam\steamapps\common\sourcesdk_content\hl2mp\mapsrc\test.bsp
0 seconds elapsed



[Reading texlights from 'lights.rad']
[45 texlights parsed from 'lights.rad']

Loading c:\program files (x86)\steam\steamapps\common\sourcesdk_content\hl2mp\mapsrc\test.bsp
961 faces
37413 square feet [5387582.00 square inches]
0 Displacements
0 Square Feet [0.00 Square Inches]
961 patches before subdivision
52199 patches after subdivision
7 direct lights
0...1...2...3...4...5...6...7...8...9...100...1...2...3...4...5...6...7...8...9...10transfers 5812309, max 611
transfer lists:  44.3 megs
0...1...2...3...4...5...6...7...8...9...10	Bounce #1 added RGB(26338, 25639, 22107)
0...1...2...3...4...5...6...7...8...9...10	Bounce #2 added RGB(10800, 9766, 7143)
Build Patch/Sample Hash Table(s).....Done<0.0134 sec>
0...1...2...3...4...5...6...7...8...9...10FinalLightFace Done
0 of 0 (0% of) surface lights went in leaf ambient cubes.
0...1...2...3...4...5...6...7...8...9...10Writing leaf ambient...done
Ready to Finish

Object names       Objects/Maxobjs  Memory / Maxmem  Fullness 
------------       ---------------  ---------------  -------- 
models                  41/1024         1968/49152    ( 4.0%) 
brushes                115/8192         1380/98304    ( 1.4%) 
brushsides             823/65536        6584/524288   ( 1.3%) 
planes                1024/65536       20480/1310720  ( 1.6%) 
vertexes              1375/65536       16500/786432   ( 2.1%) 
nodes                  540/65536       17280/2097152  ( 0.8%) 
texinfos               160/12288       11520/884736   ( 1.3%) 
texdata                 27/2048          864/65536    ( 1.3%) 
dispinfos                0/0               0/0        ( 0.0%) 
disp_verts               0/0               0/0        ( 0.0%) 
disp_tris                0/0               0/0        ( 0.0%) 
disp_lmsamples           0/0               0/0        ( 0.0%) 
faces                  961/65536       53816/3670016  ( 1.5%) 
hdr faces                0/65536           0/3670016  ( 0.0%) 
origfaces              451/65536       25256/3670016  ( 0.7%) 
leaves                 582/65536       18624/2097152  ( 0.9%) 
leaffaces             1726/65536        3452/131072   ( 2.6%) 
leafbrushes            147/65536         294/131072   ( 0.2%) 
areas                    2/256            16/2048     ( 0.8%) 
surfedges             6187/512000      24748/2048000  ( 1.2%) 
edges                 3287/256000      13148/1024000  ( 1.3%) 
LDR worldlights          7/8192          616/720896   ( 0.1%) 
HDR worldlights          0/8192            0/720896   ( 0.0%) 
leafwaterdata            1/32768          12/393216   ( 0.0%) 
waterstrips             31/32768         310/327680   ( 0.1%) 
waterverts               0/65536           0/786432   ( 0.0%) 
waterindices           435/65536         870/131072   ( 0.7%) 
cubemapsamples           2/1024           32/16384    ( 0.2%) 
overlays                 0/512             0/180224   ( 0.0%) 
LDR lightdata         [variable]    10454956/0        ( 0.0%) 
HDR lightdata         [variable]           0/0        ( 0.0%) 
visdata               [variable]        1546/16777216 ( 0.0%) 
entdata               [variable]       41650/393216   (10.6%) 
LDR ambient table      582/65536        2328/262144   ( 0.9%) 
HDR ambient table      582/65536        2328/262144   ( 0.9%) 
LDR leaf ambient       817/65536       22876/1835008  ( 1.2%) 
HDR leaf ambient       582/65536       16296/1835008  ( 0.9%) 
occluders                0/0               0/0        ( 0.0%) 
occluder polygons        0/0               0/0        ( 0.0%) 
occluder vert ind        0/0               0/0        ( 0.0%) 
detail props          [variable]           1/12       ( 8.3%) 
static props          [variable]           1/620      ( 0.2%) 
pakfile               [variable]      320826/0        ( 0.0%) 
physics               [variable]       57205/4194304  ( 1.4%) 
physics terrain       [variable]           2/1048576  ( 0.0%) 

Level flags = 0

Total triangle count: 2413
Writing c:\program files (x86)\steam\steamapps\common\sourcesdk_content\hl2mp\mapsrc\test.bsp
3 seconds elapsed



materialPath: C:\Program Files (x86)\Steam\steamapps\common\Half-Life 2 Deathmatch\hl2mp\materials
Loading c:\program files (x86)\steam\steamapps\common\sourcesdk_content\hl2mp\mapsrc\test.vmf
ConVarRef mat_reduceparticles doesn't point to an existing ConVar
Could not locate 'GameData' key in c:\program files (x86)\steam\steamapps\common\half-life 2 deathmatch\hl2mp\gameinfo.txt
Patching WVT material: maps/test/dev/dev_blendmeasure_wvt_patch
fixing up env_cubemap materials on brush sides...
0...1...2...3...4...5...6...7...8...9...100...1...2...3...4...5...6...7...8...9...10Processing areas...done (0)
Building Faces...done (0)
Chop Details...done (0)
Find Visible Detail Sides...done (0)
Merging details...done (0)
FixTjuncs...
PruneNodes...
WriteBSP...
done (0)
writing c:\program files (x86)\steam\steamapps\common\sourcesdk_content\hl2mp\mapsrc\test.prt...Building visibility clusters...
done (0)
Creating default LDR cubemaps for env_cubemap using skybox materials:
   skybox/sky_day01_01*.vmt
 ! Run buildcubemaps in the engine to get the correct cube maps.
Creating default HDR cubemaps for env_cubemap using skybox materials:
   skybox/sky_day01_01*.vmt
 ! Run buildcubemaps in the engine to get the correct cube maps.
Finding displacement neighbors...
Finding lightmap sample positions...
Displacement Alpha : 0...1...2...3...4...5...6...7...8...9...10
Building Physics collision data...
done (0) (57205 bytes)
Placing detail props : 0...1...2...3...4...5...6...7...8...9...10
Compacting texture/material tables...
Reduced 362 texinfos to 160
Reduced 36 texdatas to 27 (1182 bytes to 911)
Writing c:\program files (x86)\steam\steamapps\common\sourcesdk_content\hl2mp\mapsrc\test.bsp
Wrote ZIP buffer, estimated size 323184, actual size 320826
0 seconds elapsed



12 threads
reading c:\program files (x86)\steam\steamapps\common\sourcesdk_content\hl2mp\mapsrc\test.bsp
reading c:\program files (x86)\steam\steamapps\common\sourcesdk_content\hl2mp\mapsrc\test.prt
  64 portalclusters
 178 numportals
0...1...2...3...4...5...6...7...8...9...10Optimized: 63 visible clusters (1.61%)
Total clusters visible: 3917
Average clusters visible: 61
Building PAS...
Average clusters audible: 64
visdatasize:1546  compressed from 1024
writing c:\program files (x86)\steam\steamapps\common\sourcesdk_content\hl2mp\mapsrc\test.bsp
0 seconds elapsed



[Reading texlights from 'lights.rad']
[45 texlights parsed from 'lights.rad']

Loading c:\program files (x86)\steam\steamapps\common\sourcesdk_content\hl2mp\mapsrc\test.bsp
961 faces
37413 square feet [5387582.00 square inches]
0 Displacements
0 Square Feet [0.00 Square Inches]
961 patches before subdivision
52199 patches after subdivision
7 direct lights
0...1...2...3...4...5...6...7...8...9...100...1...2...3...4...5...6...7...8...9...10transfers 5812309, max 611
transfer lists:  44.3 megs
0...1...2...3...4...5...6...7...8...9...10	Bounce #1 added RGB(26338, 25639, 22107)
0...1...2...3...4...5...6...7...8...9...10	Bounce #2 added RGB(10800, 9766, 7143)
Build Patch/Sample Hash Table(s).....Done<0.0134 sec>
0...1...2...3...4...5...6...7...8...9...10FinalLightFace Done
0 of 0 (0% of) surface lights went in leaf ambient cubes.
0...1...2...3...4...5...6...7...8...9...10Writing leaf ambient...done
Ready to Finish

Object names       Objects/Maxobjs  Memory / Maxmem  Fullness 
------------       ---------------  ---------------  -------- 
models                  41/1024         1968/49152    ( 4.0%) 
brushes                115/8192         1380/98304    ( 1.4%) 
brushsides             823/65536        6584/524288   ( 1.3%) 
planes                1024/65536       20480/1310720  ( 1.6%) 
vertexes              1375/65536       16500/786432   ( 2.1%) 
nodes                  540/65536       17280/2097152  ( 0.8%) 
texinfos               160/12288       11520/884736   ( 1.3%) 
texdata                 27/2048          864/65536    ( 1.3%) 
dispinfos                0/0               0/0        ( 0.0%) 
disp_verts               0/0               0/0        ( 0.0%) 
disp_tris                0/0               0/0        ( 0.0%) 
disp_lmsamples           0/0               0/0        ( 0.0%) 
faces                  961/65536       53816/3670016  ( 1.5%) 
hdr faces                0/65536           0/3670016  ( 0.0%) 
origfaces              451/65536       25256/3670016  ( 0.7%) 
leaves                 582/65536       18624/2097152  ( 0.9%) 
leaffaces             1726/65536        3452/131072   ( 2.6%) 
leafbrushes            147/65536         294/131072   ( 0.2%) 
areas                    2/256            16/2048     ( 0.8%) 
surfedges             6187/512000      24748/2048000  ( 1.2%) 
edges                 3287/256000      13148/1024000  ( 1.3%) 
LDR worldlights          7/8192          616/720896   ( 0.1%) 
HDR worldlights          0/8192            0/720896   ( 0.0%) 
leafwaterdata            1/32768          12/393216   ( 0.0%) 
waterstrips             31/32768         310/327680   ( 0.1%) 
waterverts               0/65536           0/786432   ( 0.0%) 
waterindices           435/65536         870/131072   ( 0.7%) 
cubemapsamples           2/1024           32/16384    ( 0.2%) 
overlays                 0/512             0/180224   ( 0.0%) 
LDR lightdata         [variable]    10454956/0        ( 0.0%) 
HDR lightdata         [variable]           0/0        ( 0.0%) 
visdata               [variable]        1546/16777216 ( 0.0%) 
entdata               [variable]       41652/393216   (10.6%) 
LDR ambient table      582/65536        2328/262144   ( 0.9%) 
HDR ambient table      582/65536        2328/262144   ( 0.9%) 
LDR leaf ambient       817/65536       22876/1835008  ( 1.2%) 
HDR leaf ambient       582/65536       16296/1835008  ( 0.9%) 
occluders                0/0               0/0        ( 0.0%) 
occluder polygons        0/0               0/0        ( 0.0%) 
occluder vert ind        0/0               0/0        ( 0.0%) 
detail props          [variable]           1/12       ( 8.3%) 
static props          [variable]           1/620      ( 0.2%) 
pakfile               [variable]      320826/0        ( 0.0%) 
physics               [variable]       57205/4194304  ( 1.4%) 
physics terrain       [variable]           2/1048576  ( 0.0%) 

Level flags = 0

Total triangle count: 2413
Writing c:\program files (x86)\steam\steamapps\common\sourcesdk_content\hl2mp\mapsrc\test.bsp
3 seconds elapsed



materialPath: C:\Program Files (x86)\Steam\steamapps\common\Half-Life 2 Deathmatch\hl2mp\materials
Loading c:\program files (x86)\steam\steamapps\common\sourcesdk_content\hl2mp\mapsrc\test.vmf
ConVarRef mat_reduceparticles doesn't point to an existing ConVar
Could not locate 'GameData' key in c:\program files (x86)\steam\steamapps\common\half-life 2 deathmatch\hl2mp\gameinfo.txt
Patching WVT material: maps/test/dev/dev_blendmeasure_wvt_patch
fixing up env_cubemap materials on brush sides...
0...1...2...3...4...5...6...7...8...9...100...1...2...3...4...5...6...7...8...9...10Processing areas...done (0)
Building Faces...done (0)
Chop Details...done (0)
Find Visible Detail Sides...done (0)
Merging details...done (0)
FixTjuncs...
PruneNodes...
WriteBSP...
done (0)
writing c:\program files (x86)\steam\steamapps\common\sourcesdk_content\hl2mp\mapsrc\test.prt...Building visibility clusters...
done (0)
Creating default LDR cubemaps for env_cubemap using skybox materials:
   skybox/sky_day01_01*.vmt
 ! Run buildcubemaps in the engine to get the correct cube maps.
Creating default HDR cubemaps for env_cubemap using skybox materials:
   skybox/sky_day01_01*.vmt
 ! Run buildcubemaps in the engine to get the correct cube maps.
Finding displacement neighbors...
Finding lightmap sample positions...
Displacement Alpha : 0...1...2...3...4...5...6...7...8...9...10
Building Physics collision data...
done (0) (57205 bytes)
Placing detail props : 0...1...2...3...4...5...6...7...8...9...10
Compacting texture/material tables...
Reduced 362 texinfos to 160
Reduced 36 texdatas to 27 (1182 bytes to 911)
Writing c:\program files (x86)\steam\steamapps\common\sourcesdk_content\hl2mp\mapsrc\test.bsp
Wrote ZIP buffer, estimated size 323184, actual size 320826
0 seconds elapsed



12 threads
reading c:\program files (x86)\steam\steamapps\common\sourcesdk_content\hl2mp\mapsrc\test.bsp
reading c:\program files (x86)\steam\steamapps\common\sourcesdk_content\hl2mp\mapsrc\test.prt
  64 portalclusters
 178 numportals
0...1...2...3...4...5...6...7...8...9...10Optimized: 63 visible clusters (1.61%)
Total clusters visible: 3917
Average clusters visible: 61
Building PAS...
Average clusters audible: 64
visdatasize:1546  compressed from 1024
writing c:\program files (x86)\steam\steamapps\common\sourcesdk_content\hl2mp\mapsrc\test.bsp
0 seconds elapsed



[Reading texlights from 'lights.rad']
[45 texlights parsed from 'lights.rad']

Loading c:\program files (x86)\steam\steamapps\common\sourcesdk_content\hl2mp\mapsrc\test.bsp
961 faces
37413 square feet [5387582.00 square inches]
0 Displacements
0 Square Feet [0.00 Square Inches]
961 patches before subdivision
52199 patches after subdivision
7 direct lights
0...1...2...3...4...5...6...7...8...9...100...1...2...3...4...5...6...7...8...9...10transfers 5812309, max 611
transfer lists:  44.3 megs
0...1...2...3...4...5...6...7...8...9...10	Bounce #1 added RGB(26338, 25639, 22107)
0...1...2...3...4...5...6...7...8...9...10	Bounce #2 added RGB(10800, 9766, 7143)
Build Patch/Sample Hash Table(s).....Done<0.0110 sec>
0...1...2...3...4...5...6...7...8...9...10FinalLightFace Done
0 of 0 (0% of) surface lights went in leaf ambient cubes.
0...1...2...3...4...5...6...7...8...9...10Writing leaf ambient...done
Ready to Finish

Object names       Objects/Maxobjs  Memory / Maxmem  Fullness 
------------       ---------------  ---------------  -------- 
models                  41/1024         1968/49152    ( 4.0%) 
brushes                115/8192         1380/98304    ( 1.4%) 
brushsides             823/65536        6584/524288   ( 1.3%) 
planes                1024/65536       20480/1310720  ( 1.6%) 
vertexes              1375/65536       16500/786432   ( 2.1%) 
nodes                  540/65536       17280/2097152  ( 0.8%) 
texinfos               160/12288       11520/884736   ( 1.3%) 
texdata                 27/2048          864/65536    ( 1.3%) 
dispinfos                0/0               0/0        ( 0.0%) 
disp_verts               0/0               0/0        ( 0.0%) 
disp_tris                0/0               0/0        ( 0.0%) 
disp_lmsamples           0/0               0/0        ( 0.0%) 
faces                  961/65536       53816/3670016  ( 1.5%) 
hdr faces                0/65536           0/3670016  ( 0.0%) 
origfaces              451/65536       25256/3670016  ( 0.7%) 
leaves                 582/65536       18624/2097152  ( 0.9%) 
leaffaces             1726/65536        3452/131072   ( 2.6%) 
leafbrushes            147/65536         294/131072   ( 0.2%) 
areas                    2/256            16/2048     ( 0.8%) 
surfedges             6187/512000      24748/2048000  ( 1.2%) 
edges                 3287/256000      13148/1024000  ( 1.3%) 
LDR worldlights          7/8192          616/720896   ( 0.1%) 
HDR worldlights          0/8192            0/720896   ( 0.0%) 
leafwaterdata            1/32768          12/393216   ( 0.0%) 
waterstrips             31/32768         310/327680   ( 0.1%) 
waterverts               0/65536           0/786432   ( 0.0%) 
waterindices           435/65536         870/131072   ( 0.7%) 
cubemapsamples           2/1024           32/16384    ( 0.2%) 
overlays                 0/512             0/180224   ( 0.0%) 
LDR lightdata         [variable]    10454956/0        ( 0.0%) 
HDR lightdata         [variable]           0/0        ( 0.0%) 
visdata               [variable]        1546/16777216 ( 0.0%) 
entdata               [variable]       41651/393216   (10.6%) 
LDR ambient table      582/65536        2328/262144   ( 0.9%) 
HDR ambient table      582/65536        2328/262144   ( 0.9%) 
LDR leaf ambient       817/65536       22876/1835008  ( 1.2%) 
HDR leaf ambient       582/65536       16296/1835008  ( 0.9%) 
occluders                0/0               0/0        ( 0.0%) 
occluder polygons        0/0               0/0        ( 0.0%) 
occluder vert ind        0/0               0/0        ( 0.0%) 
detail props          [variable]           1/12       ( 8.3%) 
static props          [variable]           1/620      ( 0.2%) 
pakfile               [variable]      320826/0        ( 0.0%) 
physics               [variable]       57205/4194304  ( 1.4%) 
physics terrain       [variable]           2/1048576  ( 0.0%) 

Level flags = 0

Total triangle count: 2413
Writing c:\program files (x86)\steam\steamapps\common\sourcesdk_content\hl2mp\mapsrc\test.bsp
3 seconds elapsed



materialPath: C:\Program Files (x86)\Steam\steamapps\common\Half-Life 2 Deathmatch\hl2mp\materials
Loading c:\program files (x86)\steam\steamapps\common\sourcesdk_content\hl2mp\mapsrc\test.vmf
ConVarRef mat_reduceparticles doesn't point to an existing ConVar
Could not locate 'GameData' key in c:\program files (x86)\steam\steamapps\common\half-life 2 deathmatch\hl2mp\gameinfo.txt
Patching WVT material: maps/test/dev/dev_blendmeasure_wvt_patch
fixing up env_cubemap materials on brush sides...
0...1...2...3...4...5...6...7...8...9...100...1...2...3...4...5...6...7...8...9...10Processing areas...done (0)
Building Faces...done (0)
Chop Details...done (0)
Find Visible Detail Sides...done (0)
Merging details...done (0)
FixTjuncs...
PruneNodes...
WriteBSP...
done (0)
writing c:\program files (x86)\steam\steamapps\common\sourcesdk_content\hl2mp\mapsrc\test.prt...Building visibility clusters...
done (0)
Creating default LDR cubemaps for env_cubemap using skybox materials:
   skybox/sky_day01_01*.vmt
 ! Run buildcubemaps in the engine to get the correct cube maps.
Creating default HDR cubemaps for env_cubemap using skybox materials:
   skybox/sky_day01_01*.vmt
 ! Run buildcubemaps in the engine to get the correct cube maps.
Finding displacement neighbors...
Finding lightmap sample positions...
Displacement Alpha : 0...1...2...3...4...5...6...7...8...9...10
Building Physics collision data...
done (0) (57205 bytes)
Placing detail props : 0...1...2...3...4...5...6...7...8...9...10
Compacting texture/material tables...
Reduced 362 texinfos to 160
Reduced 36 texdatas to 27 (1182 bytes to 911)
Writing c:\program files (x86)\steam\steamapps\common\sourcesdk_content\hl2mp\mapsrc\test.bsp
Wrote ZIP buffer, estimated size 323184, actual size 320826
0 seconds elapsed



12 threads
reading c:\program files (x86)\steam\steamapps\common\sourcesdk_content\hl2mp\mapsrc\test.bsp
reading c:\program files (x86)\steam\steamapps\common\sourcesdk_content\hl2mp\mapsrc\test.prt
  64 portalclusters
 178 numportals
0...1...2...3...4...5...6...7...8...9...10Optimized: 63 visible clusters (1.61%)
Total clusters visible: 3917
Average clusters visible: 61
Building PAS...
Average clusters audible: 64
visdatasize:1546  compressed from 1024
writing c:\program files (x86)\steam\steamapps\common\sourcesdk_content\hl2mp\mapsrc\test.bsp
0 seconds elapsed



[Reading texlights from 'lights.rad']
[45 texlights parsed from 'lights.rad']

Loading c:\program files (x86)\steam\steamapps\common\sourcesdk_content\hl2mp\mapsrc\test.bsp
961 faces
37413 square feet [5387582.00 square inches]
0 Displacements
0 Square Feet [0.00 Square Inches]
961 patches before subdivision
52199 patches after subdivision
7 direct lights
0...1...2...3...4...5...6...7...8...9...100...1...2...3...4...5...6...7...8...9...10transfers 5812309, max 611
transfer lists:  44.3 megs
0...1...2...3...4...5...6...7...8...9...10	Bounce #1 added RGB(26338, 25639, 22107)
0...1...2...3...4...5...6...7...8...9...10	Bounce #2 added RGB(10800, 9766, 7143)
Build Patch/Sample Hash Table(s).....Done<0.0135 sec>
0...1...2...3...4...5...6...7...8...9...10FinalLightFace Done
0 of 0 (0% of) surface lights went in leaf ambient cubes.
0...1...2...3...4...5...6...7...8...9...10Writing leaf ambient...done
Ready to Finish

Object names       Objects/Maxobjs  Memory / Maxmem  Fullness 
------------       ---------------  ---------------  -------- 
models                  41/1024         1968/49152    ( 4.0%) 
brushes                115/8192         1380/98304    ( 1.4%) 
brushsides             823/65536        6584/524288   ( 1.3%) 
planes                1024/65536       20480/1310720  ( 1.6%) 
vertexes              1375/65536       16500/786432   ( 2.1%) 
nodes                  540/65536       17280/2097152  ( 0.8%) 
texinfos               160/12288       11520/884736   ( 1.3%) 
texdata                 27/2048          864/65536    ( 1.3%) 
dispinfos                0/0               0/0        ( 0.0%) 
disp_verts               0/0               0/0        ( 0.0%) 
disp_tris                0/0               0/0        ( 0.0%) 
disp_lmsamples           0/0               0/0        ( 0.0%) 
faces                  961/65536       53816/3670016  ( 1.5%) 
hdr faces                0/65536           0/3670016  ( 0.0%) 
origfaces              451/65536       25256/3670016  ( 0.7%) 
leaves                 582/65536       18624/2097152  ( 0.9%) 
leaffaces             1726/65536        3452/131072   ( 2.6%) 
leafbrushes            147/65536         294/131072   ( 0.2%) 
areas                    2/256            16/2048     ( 0.8%) 
surfedges             6187/512000      24748/2048000  ( 1.2%) 
edges                 3287/256000      13148/1024000  ( 1.3%) 
LDR worldlights          7/8192          616/720896   ( 0.1%) 
HDR worldlights          0/8192            0/720896   ( 0.0%) 
leafwaterdata            1/32768          12/393216   ( 0.0%) 
waterstrips             31/32768         310/327680   ( 0.1%) 
waterverts               0/65536           0/786432   ( 0.0%) 
waterindices           435/65536         870/131072   ( 0.7%) 
cubemapsamples           2/1024           32/16384    ( 0.2%) 
overlays                 0/512             0/180224   ( 0.0%) 
LDR lightdata         [variable]    10454956/0        ( 0.0%) 
HDR lightdata         [variable]           0/0        ( 0.0%) 
visdata               [variable]        1546/16777216 ( 0.0%) 
entdata               [variable]       41694/393216   (10.6%) 
LDR ambient table      582/65536        2328/262144   ( 0.9%) 
HDR ambient table      582/65536        2328/262144   ( 0.9%) 
LDR leaf ambient       817/65536       22876/1835008  ( 1.2%) 
HDR leaf ambient       582/65536       16296/1835008  ( 0.9%) 
occluders                0/0               0/0        ( 0.0%) 
occluder polygons        0/0               0/0        ( 0.0%) 
occluder vert ind        0/0               0/0        ( 0.0%) 
detail props          [variable]           1/12       ( 8.3%) 
static props          [variable]           1/620      ( 0.2%) 
pakfile               [variable]      320826/0        ( 0.0%) 
physics               [variable]       57205/4194304  ( 1.4%) 
physics terrain       [variable]           2/1048576  ( 0.0%) 

Level flags = 0

Total triangle count: 2413
Writing c:\program files (x86)\steam\steamapps\common\sourcesdk_content\hl2mp\mapsrc\test.bsp
3 seconds elapsed



materialPath: C:\Program Files (x86)\Steam\steamapps\common\Half-Life 2 Deathmatch\hl2mp\materials
Loading c:\program files (x86)\steam\steamapps\common\sourcesdk_content\hl2mp\mapsrc\test.vmf
ConVarRef mat_reduceparticles doesn't point to an existing ConVar
Could not locate 'GameData' key in c:\program files (x86)\steam\steamapps\common\half-life 2 deathmatch\hl2mp\gameinfo.txt
Patching WVT material: maps/test/dev/dev_blendmeasure_wvt_patch
fixing up env_cubemap materials on brush sides...
0...1...2...3...4...5...6...7...8...9...100...1...2...3...4...5...6...7...8...9...10Processing areas...done (0)
Building Faces...done (0)
Chop Details...done (0)
Find Visible Detail Sides...done (0)
Merging details...done (0)
FixTjuncs...
PruneNodes...
WriteBSP...
done (0)
writing c:\program files (x86)\steam\steamapps\common\sourcesdk_content\hl2mp\mapsrc\test.prt...Building visibility clusters...
done (0)
Creating default LDR cubemaps for env_cubemap using skybox materials:
   skybox/sky_day01_01*.vmt
 ! Run buildcubemaps in the engine to get the correct cube maps.
Creating default HDR cubemaps for env_cubemap using skybox materials:
   skybox/sky_day01_01*.vmt
 ! Run buildcubemaps in the engine to get the correct cube maps.
Finding displacement neighbors...
Finding lightmap sample positions...
Displacement Alpha : 0...1...2...3...4...5...6...7...8...9...10
Building Physics collision data...
done (0) (57205 bytes)
Placing detail props : 0...1...2...3...4...5...6...7...8...9...10
Compacting texture/material tables...
Reduced 362 texinfos to 160
Reduced 36 texdatas to 27 (1182 bytes to 911)
Writing c:\program files (x86)\steam\steamapps\common\sourcesdk_content\hl2mp\mapsrc\test.bsp
Wrote ZIP buffer, estimated size 323184, actual size 320826
0 seconds elapsed



12 threads
reading c:\program files (x86)\steam\steamapps\common\sourcesdk_content\hl2mp\mapsrc\test.bsp
reading c:\program files (x86)\steam\steamapps\common\sourcesdk_content\hl2mp\mapsrc\test.prt
  64 portalclusters
 178 numportals
0...1...2...3...4...5...6...7...8...9...10Optimized: 63 visible clusters (1.61%)
Total clusters visible: 3917
Average clusters visible: 61
Building PAS...
Average clusters audible: 64
visdatasize:1546  compressed from 1024
writing c:\program files (x86)\steam\steamapps\common\sourcesdk_content\hl2mp\mapsrc\test.bsp
0 seconds elapsed



[Reading texlights from 'lights.rad']
[45 texlights parsed from 'lights.rad']

Loading c:\program files (x86)\steam\steamapps\common\sourcesdk_content\hl2mp\mapsrc\test.bsp
961 faces
37413 square feet [5387582.00 square inches]
0 Displacements
0 Square Feet [0.00 Square Inches]
961 patches before subdivision
52199 patches after subdivision
7 direct lights
0...1...2...3...4...5...6...7...8...9...100...1...2...3...4...5...6...7...8...9...10transfers 5812309, max 611
transfer lists:  44.3 megs
0...1...2...3...4...5...6...7...8...9...10	Bounce #1 added RGB(26338, 25639, 22107)
0...1...2...3...4...5...6...7...8...9...10	Bounce #2 added RGB(10800, 9766, 7143)
Build Patch/Sample Hash Table(s).....Done<0.0135 sec>
0...1...2...3...4...5...6...7...8...9...10FinalLightFace Done
0 of 0 (0% of) surface lights went in leaf ambient cubes.
0...1...2...3...4...5...6...7...8...9...10Writing leaf ambient...done
Ready to Finish

Object names       Objects/Maxobjs  Memory / Maxmem  Fullness 
------------       ---------------  ---------------  -------- 
models                  41/1024         1968/49152    ( 4.0%) 
brushes                115/8192         1380/98304    ( 1.4%) 
brushsides             823/65536        6584/524288   ( 1.3%) 
planes                1024/65536       20480/1310720  ( 1.6%) 
vertexes              1375/65536       16500/786432   ( 2.1%) 
nodes                  540/65536       17280/2097152  ( 0.8%) 
texinfos               160/12288       11520/884736   ( 1.3%) 
texdata                 27/2048          864/65536    ( 1.3%) 
dispinfos                0/0               0/0        ( 0.0%) 
disp_verts               0/0               0/0        ( 0.0%) 
disp_tris                0/0               0/0        ( 0.0%) 
disp_lmsamples           0/0               0/0        ( 0.0%) 
faces                  961/65536       53816/3670016  ( 1.5%) 
hdr faces                0/65536           0/3670016  ( 0.0%) 
origfaces              451/65536       25256/3670016  ( 0.7%) 
leaves                 582/65536       18624/2097152  ( 0.9%) 
leaffaces             1726/65536        3452/131072   ( 2.6%) 
leafbrushes            147/65536         294/131072   ( 0.2%) 
areas                    2/256            16/2048     ( 0.8%) 
surfedges             6187/512000      24748/2048000  ( 1.2%) 
edges                 3287/256000      13148/1024000  ( 1.3%) 
LDR worldlights          7/8192          616/720896   ( 0.1%) 
HDR worldlights          0/8192            0/720896   ( 0.0%) 
leafwaterdata            1/32768          12/393216   ( 0.0%) 
waterstrips             31/32768         310/327680   ( 0.1%) 
waterverts               0/65536           0/786432   ( 0.0%) 
waterindices           435/65536         870/131072   ( 0.7%) 
cubemapsamples           2/1024           32/16384    ( 0.2%) 
overlays                 0/512             0/180224   ( 0.0%) 
LDR lightdata         [variable]    10454956/0        ( 0.0%) 
HDR lightdata         [variable]           0/0        ( 0.0%) 
visdata               [variable]        1546/16777216 ( 0.0%) 
entdata               [variable]       41987/393216   (10.7%) 
LDR ambient table      582/65536        2328/262144   ( 0.9%) 
HDR ambient table      582/65536        2328/262144   ( 0.9%) 
LDR leaf ambient       817/65536       22876/1835008  ( 1.2%) 
HDR leaf ambient       582/65536       16296/1835008  ( 0.9%) 
occluders                0/0               0/0        ( 0.0%) 
occluder polygons        0/0               0/0        ( 0.0%) 
occluder vert ind        0/0               0/0        ( 0.0%) 
detail props          [variable]           1/12       ( 8.3%) 
static props          [variable]           1/620      ( 0.2%) 
pakfile               [variable]      320826/0        ( 0.0%) 
physics               [variable]       57205/4194304  ( 1.4%) 
physics terrain       [variable]           2/1048576  ( 0.0%) 

Level flags = 0

Total triangle count: 2413
Writing c:\program files (x86)\steam\steamapps\common\sourcesdk_content\hl2mp\mapsrc\test.bsp
3 seconds elapsed



materialPath: C:\Program Files (x86)\Steam\steamapps\common\Half-Life 2 Deathmatch\hl2mp\materials
Loading c:\program files (x86)\steam\steamapps\common\sourcesdk_content\hl2mp\mapsrc\test.vmf
ConVarRef mat_reduceparticles doesn't point to an existing ConVar
Could not locate 'GameData' key in c:\program files (x86)\steam\steamapps\common\half-life 2 deathmatch\hl2mp\gameinfo.txt
Patching WVT material: maps/test/dev/dev_blendmeasure_wvt_patch
fixing up env_cubemap materials on brush sides...
0...1...2...3...4...5...6...7...8...9...100...1...2...3...4...5...6...7...8...9...10Processing areas...done (0)
Building Faces...done (0)
Chop Details...done (0)
Find Visible Detail Sides...done (0)
Merging details...done (0)
FixTjuncs...
PruneNodes...
WriteBSP...
done (0)
writing c:\program files (x86)\steam\steamapps\common\sourcesdk_content\hl2mp\mapsrc\test.prt...Building visibility clusters...
done (0)
Creating default LDR cubemaps for env_cubemap using skybox materials:
   skybox/sky_day01_01*.vmt
 ! Run buildcubemaps in the engine to get the correct cube maps.
Creating default HDR cubemaps for env_cubemap using skybox materials:
   skybox/sky_day01_01*.vmt
 ! Run buildcubemaps in the engine to get the correct cube maps.
Finding displacement neighbors...
Finding lightmap sample positions...
Displacement Alpha : 0...1...2...3...4...5...6...7...8...9...10
Building Physics collision data...
done (0) (57205 bytes)
Placing detail props : 0...1...2...3...4...5...6...7...8...9...10
Compacting texture/material tables...
Reduced 362 texinfos to 160
Reduced 36 texdatas to 27 (1182 bytes to 911)
Writing c:\program files (x86)\steam\steamapps\common\sourcesdk_content\hl2mp\mapsrc\test.bsp
Wrote ZIP buffer, estimated size 323184, actual size 320826
0 seconds elapsed



12 threads
reading c:\program files (x86)\steam\steamapps\common\sourcesdk_content\hl2mp\mapsrc\test.bsp
reading c:\program files (x86)\steam\steamapps\common\sourcesdk_content\hl2mp\mapsrc\test.prt
  64 portalclusters
 178 numportals
0...1...2...3...4...5...6...7...8...9...10Optimized: 63 visible clusters (1.61%)
Total clusters visible: 3917
Average clusters visible: 61
Building PAS...
Average clusters audible: 64
visdatasize:1546  compressed from 1024
writing c:\program files (x86)\steam\steamapps\common\sourcesdk_content\hl2mp\mapsrc\test.bsp
0 seconds elapsed



[Reading texlights from 'lights.rad']
[45 texlights parsed from 'lights.rad']

Loading c:\program files (x86)\steam\steamapps\common\sourcesdk_content\hl2mp\mapsrc\test.bsp
961 faces
37413 square feet [5387582.00 square inches]
0 Displacements
0 Square Feet [0.00 Square Inches]
961 patches before subdivision
52199 patches after subdivision
7 direct lights
0...1...2...3...4...5...6...7...8...9...100...1...2...3...4...5...6...7...8...9...10transfers 5801191, max 611
transfer lists:  44.3 megs
0...1...2...3...4...5...6...7...8...9...10	Bounce #1 added RGB(26325, 25626, 22096)
0...1...2...3...4...5...6...7...8...9...10	Bounce #2 added RGB(10782, 9749, 7130)
Build Patch/Sample Hash Table(s).....Done<0.0109 sec>
0...1...2...3...4...5...6...7...8...9...10FinalLightFace Done
0 of 0 (0% of) surface lights went in leaf ambient cubes.
0...1...2...3...4...5...6...7...8...9...10Writing leaf ambient...done
Ready to Finish

Object names       Objects/Maxobjs  Memory / Maxmem  Fullness 
------------       ---------------  ---------------  -------- 
models                  41/1024         1968/49152    ( 4.0%) 
brushes                115/8192         1380/98304    ( 1.4%) 
brushsides             823/65536        6584/524288   ( 1.3%) 
planes                1024/65536       20480/1310720  ( 1.6%) 
vertexes              1375/65536       16500/786432   ( 2.1%) 
nodes                  540/65536       17280/2097152  ( 0.8%) 
texinfos               160/12288       11520/884736   ( 1.3%) 
texdata                 27/2048          864/65536    ( 1.3%) 
dispinfos                0/0               0/0        ( 0.0%) 
disp_verts               0/0               0/0        ( 0.0%) 
disp_tris                0/0               0/0        ( 0.0%) 
disp_lmsamples           0/0               0/0        ( 0.0%) 
faces                  961/65536       53816/3670016  ( 1.5%) 
hdr faces                0/65536           0/3670016  ( 0.0%) 
origfaces              451/65536       25256/3670016  ( 0.7%) 
leaves                 582/65536       18624/2097152  ( 0.9%) 
leaffaces             1726/65536        3452/131072   ( 2.6%) 
leafbrushes            147/65536         294/131072   ( 0.2%) 
areas                    2/256            16/2048     ( 0.8%) 
surfedges             6187/512000      24748/2048000  ( 1.2%) 
edges                 3287/256000      13148/1024000  ( 1.3%) 
LDR worldlights          7/8192          616/720896   ( 0.1%) 
HDR worldlights          0/8192            0/720896   ( 0.0%) 
leafwaterdata            1/32768          12/393216   ( 0.0%) 
waterstrips             31/32768         310/327680   ( 0.1%) 
waterverts               0/65536           0/786432   ( 0.0%) 
waterindices           435/65536         870/131072   ( 0.7%) 
cubemapsamples           2/1024           32/16384    ( 0.2%) 
overlays                 0/512             0/180224   ( 0.0%) 
LDR lightdata         [variable]    10454956/0        ( 0.0%) 
HDR lightdata         [variable]           0/0        ( 0.0%) 
visdata               [variable]        1546/16777216 ( 0.0%) 
entdata               [variable]       42252/393216   (10.7%) 
LDR ambient table      582/65536        2328/262144   ( 0.9%) 
HDR ambient table      582/65536        2328/262144   ( 0.9%) 
LDR leaf ambient       818/65536       22904/1835008  ( 1.2%) 
HDR leaf ambient       582/65536       16296/1835008  ( 0.9%) 
occluders                0/0               0/0        ( 0.0%) 
occluder polygons        0/0               0/0        ( 0.0%) 
occluder vert ind        0/0               0/0        ( 0.0%) 
detail props          [variable]           1/12       ( 8.3%) 
static props          [variable]           1/828      ( 0.1%) 
pakfile               [variable]      320826/0        ( 0.0%) 
physics               [variable]       57205/4194304  ( 1.4%) 
physics terrain       [variable]           2/1048576  ( 0.0%) 

Level flags = 0

Total triangle count: 2413
Writing c:\program files (x86)\steam\steamapps\common\sourcesdk_content\hl2mp\mapsrc\test.bsp
3 seconds elapsed



materialPath: C:\Program Files (x86)\Steam\steamapps\common\Half-Life 2 Deathmatch\hl2mp\materials
Loading c:\program files (x86)\steam\steamapps\common\sourcesdk_content\hl2mp\mapsrc\test.vmf
ConVarRef mat_reduceparticles doesn't point to an existing ConVar
Could not locate 'GameData' key in c:\program files (x86)\steam\steamapps\common\half-life 2 deathmatch\hl2mp\gameinfo.txt
Patching WVT material: maps/test/dev/dev_blendmeasure_wvt_patch
fixing up env_cubemap materials on brush sides...
0...1...2...3...4...5...6...7...8...9...100...1...2...3...4...5...6...7...8...9...10Processing areas...done (0)
Building Faces...done (0)
Chop Details...done (0)
Find Visible Detail Sides...done (0)
Merging details...done (0)
FixTjuncs...
PruneNodes...
WriteBSP...
done (0)
writing c:\program files (x86)\steam\steamapps\common\sourcesdk_content\hl2mp\mapsrc\test.prt...Building visibility clusters...
done (0)
Creating default LDR cubemaps for env_cubemap using skybox materials:
   skybox/sky_day01_01*.vmt
 ! Run buildcubemaps in the engine to get the correct cube maps.
Creating default HDR cubemaps for env_cubemap using skybox materials:
   skybox/sky_day01_01*.vmt
 ! Run buildcubemaps in the engine to get the correct cube maps.
Finding displacement neighbors...
Finding lightmap sample positions...
Displacement Alpha : 0...1...2...3...4...5...6...7...8...9...10
Building Physics collision data...
done (0) (58145 bytes)
Placing detail props : 0...1...2...3...4...5...6...7...8...9...10
Compacting texture/material tables...
Reduced 371 texinfos to 160
Reduced 36 texdatas to 27 (1182 bytes to 911)
Writing c:\program files (x86)\steam\steamapps\common\sourcesdk_content\hl2mp\mapsrc\test.bsp
Wrote ZIP buffer, estimated size 323184, actual size 320826
0 seconds elapsed



12 threads
reading c:\program files (x86)\steam\steamapps\common\sourcesdk_content\hl2mp\mapsrc\test.bsp
reading c:\program files (x86)\steam\steamapps\common\sourcesdk_content\hl2mp\mapsrc\test.prt
  70 portalclusters
 203 numportals
0...1...2...3...4...5...6...7...8...9...100...1...2...3...4...5...6...7...8...9...10Optimized: 0 visible clusters (0.00%)
Total clusters visible: 4464
Average clusters visible: 63
Building PAS...
Average clusters audible: 70
visdatasize:1844  compressed from 2240
writing c:\program files (x86)\steam\steamapps\common\sourcesdk_content\hl2mp\mapsrc\test.bsp
0 seconds elapsed



[Reading texlights from 'lights.rad']
[45 texlights parsed from 'lights.rad']

[Reading texlights from 'lights_models.rad']
[0 texlights parsed from 'lights_models.rad']

Loading c:\program files (x86)\steam\steamapps\common\sourcesdk_content\hl2mp\mapsrc\test.bsp
Loaded alpha texture materials\Models\props_c17\fence_alpha.vtf
945 faces
37413 square feet [5387582.00 square inches]
0 Displacements
0 Square Feet [0.00 Square Inches]
945 patches before subdivision
52539 patches after subdivision
7 direct lights
0...1...2...3...4...5...6...7...8...9...100...1...2...3...4...5...6...7...8...9...10transfers 5804614, max 603
transfer lists:  44.3 megs
0...1...2...3...4...5...6...7...8...9...10	Bounce #1 added RGB(26574, 25939, 22404)
0...1...2...3...4...5...6...7...8...9...10	Bounce #2 added RGB(10854, 9860, 7227)
0...1...2...3...4...5...6...7...8...9...10	Bounce #3 added RGB(2391, 2100, 1442)
0...1...2...3...4...5...6...7...8...9...10	Bounce #4 added RGB(676, 559, 348)
0...1...2...3...4...5...6...7...8...9...10	Bounce #5 added RGB(174, 137, 78)
0...1...2...3...4...5...6...7...8...9...10	Bounce #6 added RGB(47, 35, 18)
0...1...2...3...4...5...6...7...8...9...10	Bounce #7 added RGB(13, 9, 4)
0...1...2...3...4...5...6...7...8...9...10	Bounce #8 added RGB(3, 2, 1)
0...1...2...3...4...5...6...7...8...9...10	Bounce #9 added RGB(1, 1, 0)
Build Patch/Sample Hash Table(s).....Done<0.0137 sec>
0...1...2...3...4...5...6...7...8...9...10FinalLightFace Done
0 of 0 (0% of) surface lights went in leaf ambient cubes.
0...1...2...3...4...5...6...7...8...9...10Writing leaf ambient...done
Computing static prop lighting : 00...1...2...3...4...5...6...7...8...9...10
Ready to Finish

Object names       Objects/Maxobjs  Memory / Maxmem  Fullness 
------------       ---------------  ---------------  -------- 
models                  42/1024         2016/49152    ( 4.1%) 
brushes                117/8192         1404/98304    ( 1.4%) 
brushsides             835/65536        6680/524288   ( 1.3%) 
planes                1038/65536       20760/1310720  ( 1.6%) 
vertexes              1373/65536       16476/786432   ( 2.1%) 
nodes                  552/65536       17664/2097152  ( 0.8%) 
texinfos               160/12288       11520/884736   ( 1.3%) 
texdata                 27/2048          864/65536    ( 1.3%) 
dispinfos                0/0               0/0        ( 0.0%) 
disp_verts               0/0               0/0        ( 0.0%) 
disp_tris                0/0               0/0        ( 0.0%) 
disp_lmsamples           0/0               0/0        ( 0.0%) 
faces                  945/65536       52920/3670016  ( 1.4%) 
hdr faces              945/65536       52920/3670016  ( 1.4%) 
origfaces              451/65536       25256/3670016  ( 0.7%) 
leaves                 595/65536       19040/2097152  ( 0.9%) 
leaffaces             1931/65536        3862/131072   ( 2.9%) 
leafbrushes            149/65536         298/131072   ( 0.2%) 
areas                    2/256            16/2048     ( 0.8%) 
surfedges             6119/512000      24476/2048000  ( 1.2%) 
edges                 3253/256000      13012/1024000  ( 1.3%) 
LDR worldlights          0/8192            0/720896   ( 0.0%) 
HDR worldlights          7/8192          616/720896   ( 0.1%) 
leafwaterdata            1/32768          12/393216   ( 0.0%) 
waterstrips             30/32768         300/327680   ( 0.1%) 
waterverts               0/65536           0/786432   ( 0.0%) 
waterindices           423/65536         846/131072   ( 0.6%) 
cubemapsamples           2/1024           32/16384    ( 0.2%) 
overlays                 0/512             0/180224   ( 0.0%) 
LDR lightdata         [variable]           0/0        ( 0.0%) 
HDR lightdata         [variable]    10453616/0        ( 0.0%) 
visdata               [variable]        1844/16777216 ( 0.0%) 
entdata               [variable]       44021/393216   (11.2%) 
LDR ambient table      595/65536        2380/262144   ( 0.9%) 
HDR ambient table      595/65536        2380/262144   ( 0.9%) 
LDR leaf ambient       595/65536       16660/1835008  ( 0.9%) 
HDR leaf ambient       847/65536       23716/1835008  ( 1.3%) 
occluders                0/0               0/0        ( 0.0%) 
occluder polygons        0/0               0/0        ( 0.0%) 
occluder vert ind        0/0               0/0        ( 0.0%) 
detail props          [variable]           1/12       ( 8.3%) 
static props          [variable]           1/828      ( 0.1%) 
pakfile               [variable]      344266/0        ( 0.0%) 
physics               [variable]       58145/4194304  ( 1.4%) 
physics terrain       [variable]           2/1048576  ( 0.0%) 

Level flags = 2

Total triangle count: 2377
Writing c:\program files (x86)\steam\steamapps\common\sourcesdk_content\hl2mp\mapsrc\test.bsp
42 seconds elapsed



materialPath: C:\Program Files (x86)\Steam\steamapps\common\Half-Life 2 Deathmatch\hl2mp\materials
Loading c:\program files (x86)\steam\steamapps\common\sourcesdk_content\hl2mp\mapsrc\test.vmf
ConVarRef mat_reduceparticles doesn't point to an existing ConVar
Could not locate 'GameData' key in c:\program files (x86)\steam\steamapps\common\half-life 2 deathmatch\hl2mp\gameinfo.txt
Patching WVT material: maps/test/dev/dev_blendmeasure_wvt_patch
fixing up env_cubemap materials on brush sides...
0...1...2...3...4...5...6...7...8...9...100...1...2...3...4...5...6...7...8...9...10Processing areas...done (0)
Building Faces...done (0)
Chop Details...done (0)
Find Visible Detail Sides...done (0)
Merging details...done (0)
FixTjuncs...
PruneNodes...
WriteBSP...
done (0)
writing c:\program files (x86)\steam\steamapps\common\sourcesdk_content\hl2mp\mapsrc\test.prt...Building visibility clusters...
done (0)
Creating default LDR cubemaps for env_cubemap using skybox materials:
   skybox/sky_day01_01*.vmt
 ! Run buildcubemaps in the engine to get the correct cube maps.
Creating default HDR cubemaps for env_cubemap using skybox materials:
   skybox/sky_day01_01*.vmt
 ! Run buildcubemaps in the engine to get the correct cube maps.
Finding displacement neighbors...
Finding lightmap sample positions...
Displacement Alpha : 0...1...2...3...4...5...6...7...8...9...10
Building Physics collision data...
done (0) (60761 bytes)
Placing detail props : 0...1...2...3...4...5...6...7...8...9...10
Compacting texture/material tables...
Reduced 395 texinfos to 160
Reduced 36 texdatas to 27 (1182 bytes to 911)
Writing c:\program files (x86)\steam\steamapps\common\sourcesdk_content\hl2mp\mapsrc\test.bsp
Wrote ZIP buffer, estimated size 323184, actual size 320826
0 seconds elapsed



12 threads
reading c:\program files (x86)\steam\steamapps\common\sourcesdk_content\hl2mp\mapsrc\test.bsp
reading c:\program files (x86)\steam\steamapps\common\sourcesdk_content\hl2mp\mapsrc\test.prt
  70 portalclusters
 203 numportals
0...1...2...3...4...5...6...7...8...9...10Optimized: 87 visible clusters (1.87%)
Total clusters visible: 4663
Average clusters visible: 66
Building PAS...
Average clusters audible: 70
visdatasize:1831  compressed from 2240
writing c:\program files (x86)\steam\steamapps\common\sourcesdk_content\hl2mp\mapsrc\test.bsp
0 seconds elapsed



[Reading texlights from 'lights.rad']
[45 texlights parsed from 'lights.rad']

Loading c:\program files (x86)\steam\steamapps\common\sourcesdk_content\hl2mp\mapsrc\test.bsp
945 faces
37413 square feet [5387582.00 square inches]
0 Displacements
0 Square Feet [0.00 Square Inches]
945 patches before subdivision
52539 patches after subdivision
7 direct lights
0...1...2...3...4...5...6...7...8...9...100...1...2...3...4...5...6...7...8...9...10transfers 5796702, max 601
transfer lists:  44.2 megs
0...1...2...3...4...5...6...7...8...9...10	Bounce #1 added RGB(26563, 25917, 22377)
0...1...2...3...4...5...6...7...8...9...10	Bounce #2 added RGB(10820, 9821, 7196)
Build Patch/Sample Hash Table(s).....Done<0.0110 sec>
0...1...2...3...4...5...6...7...8...9...10FinalLightFace Done
0 of 0 (0% of) surface lights went in leaf ambient cubes.
0...1...2...3...4...5...6...7...8...9...10Writing leaf ambient...done
Ready to Finish

Object names       Objects/Maxobjs  Memory / Maxmem  Fullness 
------------       ---------------  ---------------  -------- 
models                  42/1024         2016/49152    ( 4.1%) 
brushes                122/8192         1464/98304    ( 1.5%) 
brushsides             867/65536        6936/524288   ( 1.3%) 
planes                1074/65536       21480/1310720  ( 1.6%) 
vertexes              1411/65536       16932/786432   ( 2.2%) 
nodes                  573/65536       18336/2097152  ( 0.9%) 
texinfos               160/12288       11520/884736   ( 1.3%) 
texdata                 27/2048          864/65536    ( 1.3%) 
dispinfos                0/0               0/0        ( 0.0%) 
disp_verts               0/0               0/0        ( 0.0%) 
disp_tris                0/0               0/0        ( 0.0%) 
disp_lmsamples           0/0               0/0        ( 0.0%) 
faces                  945/65536       52920/3670016  ( 1.4%) 
hdr faces                0/65536           0/3670016  ( 0.0%) 
origfaces              451/65536       25256/3670016  ( 0.7%) 
leaves                 616/65536       19712/2097152  ( 0.9%) 
leaffaces             2067/65536        4134/131072   ( 3.2%) 
leafbrushes            154/65536         308/131072   ( 0.2%) 
areas                    2/256            16/2048     ( 0.8%) 
surfedges             6119/512000      24476/2048000  ( 1.2%) 
edges                 3253/256000      13012/1024000  ( 1.3%) 
LDR worldlights          7/8192          616/720896   ( 0.1%) 
HDR worldlights          0/8192            0/720896   ( 0.0%) 
leafwaterdata            1/32768          12/393216   ( 0.0%) 
waterstrips             30/32768         300/327680   ( 0.1%) 
waterverts               0/65536           0/786432   ( 0.0%) 
waterindices           423/65536         846/131072   ( 0.6%) 
cubemapsamples           2/1024           32/16384    ( 0.2%) 
overlays                 0/512             0/180224   ( 0.0%) 
LDR lightdata         [variable]    10440300/0        ( 0.0%) 
HDR lightdata         [variable]           0/0        ( 0.0%) 
visdata               [variable]        1831/16777216 ( 0.0%) 
entdata               [variable]       44022/393216   (11.2%) 
LDR ambient table      616/65536        2464/262144   ( 0.9%) 
HDR ambient table      616/65536        2464/262144   ( 0.9%) 
LDR leaf ambient       881/65536       24668/1835008  ( 1.3%) 
HDR leaf ambient       616/65536       17248/1835008  ( 0.9%) 
occluders                0/0               0/0        ( 0.0%) 
occluder polygons        0/0               0/0        ( 0.0%) 
occluder vert ind        0/0               0/0        ( 0.0%) 
detail props          [variable]           1/12       ( 8.3%) 
static props          [variable]           1/828      ( 0.1%) 
pakfile               [variable]      320826/0        ( 0.0%) 
physics               [variable]       60761/4194304  ( 1.4%) 
physics terrain       [variable]           2/1048576  ( 0.0%) 

Level flags = 0

Total triangle count: 2377
Writing c:\program files (x86)\steam\steamapps\common\sourcesdk_content\hl2mp\mapsrc\test.bsp
5 seconds elapsed



materialPath: C:\Program Files (x86)\Steam\steamapps\common\Half-Life 2 Deathmatch\hl2mp\materials
Loading c:\program files (x86)\steam\steamapps\common\sourcesdk_content\hl2mp\mapsrc\test.vmf
ConVarRef mat_reduceparticles doesn't point to an existing ConVar
Could not locate 'GameData' key in c:\program files (x86)\steam\steamapps\common\half-life 2 deathmatch\hl2mp\gameinfo.txt
Patching WVT material: maps/test/dev/dev_blendmeasure_wvt_patch
fixing up env_cubemap materials on brush sides...
0...1...2...3...4...5...6...7...8...9...100...1...2...3...4...5...6...7...8...9...10Processing areas...done (0)
Building Faces...done (0)
Chop Details...done (0)
Find Visible Detail Sides...done (0)
Merging details...done (0)
FixTjuncs...
PruneNodes...
WriteBSP...
done (0)
writing c:\program files (x86)\steam\steamapps\common\sourcesdk_content\hl2mp\mapsrc\test.prt...Building visibility clusters...
done (0)
Creating default LDR cubemaps for env_cubemap using skybox materials:
   skybox/sky_day01_01*.vmt
 ! Run buildcubemaps in the engine to get the correct cube maps.
Creating default HDR cubemaps for env_cubemap using skybox materials:
   skybox/sky_day01_01*.vmt
 ! Run buildcubemaps in the engine to get the correct cube maps.
Finding displacement neighbors...
Finding lightmap sample positions...
Displacement Alpha : 0...1...2...3...4...5...6...7...8...9...10
Building Physics collision data...
done (0) (60761 bytes)
Placing detail props : 0...1...2...3...4...5...6...7...8...9...10
Compacting texture/material tables...
Reduced 395 texinfos to 160
Reduced 36 texdatas to 27 (1182 bytes to 911)
Writing c:\program files (x86)\steam\steamapps\common\sourcesdk_content\hl2mp\mapsrc\test.bsp
Wrote ZIP buffer, estimated size 323184, actual size 320826
0 seconds elapsed



12 threads
reading c:\program files (x86)\steam\steamapps\common\sourcesdk_content\hl2mp\mapsrc\test.bsp
reading c:\program files (x86)\steam\steamapps\common\sourcesdk_content\hl2mp\mapsrc\test.prt
  70 portalclusters
 203 numportals
0...1...2...3...4...5...6...7...8...9...10Optimized: 87 visible clusters (1.87%)
Total clusters visible: 4663
Average clusters visible: 66
Building PAS...
Average clusters audible: 70
visdatasize:1831  compressed from 2240
writing c:\program files (x86)\steam\steamapps\common\sourcesdk_content\hl2mp\mapsrc\test.bsp
0 seconds elapsed



[Reading texlights from 'lights.rad']
[45 texlights parsed from 'lights.rad']

Loading c:\program files (x86)\steam\steamapps\common\sourcesdk_content\hl2mp\mapsrc\test.bsp
945 faces
37413 square feet [5387582.00 square inches]
0 Displacements
0 Square Feet [0.00 Square Inches]
945 patches before subdivision
52539 patches after subdivision
7 direct lights
0...1...2...3...4...5...6...7...8...9...100...1...2...3...4...5...6...7...8...9...10transfers 5796702, max 601
transfer lists:  44.2 megs
0...1...2...3...4...5...6...7...8...9...10	Bounce #1 added RGB(26563, 25917, 22377)
0...1...2...3...4...5...6...7...8...9...10	Bounce #2 added RGB(10820, 9821, 7196)
Build Patch/Sample Hash Table(s).....Done<0.0136 sec>
0...1...2...3...4...5...6...7...8...9...10FinalLightFace Done
0 of 0 (0% of) surface lights went in leaf ambient cubes.
0...1...2...3...4...5...6...7...8...9...10Writing leaf ambient...done
Ready to Finish

Object names       Objects/Maxobjs  Memory / Maxmem  Fullness 
------------       ---------------  ---------------  -------- 
models                  42/1024         2016/49152    ( 4.1%) 
brushes                122/8192         1464/98304    ( 1.5%) 
brushsides             867/65536        6936/524288   ( 1.3%) 
planes                1074/65536       21480/1310720  ( 1.6%) 
vertexes              1411/65536       16932/786432   ( 2.2%) 
nodes                  573/65536       18336/2097152  ( 0.9%) 
texinfos               160/12288       11520/884736   ( 1.3%) 
texdata                 27/2048          864/65536    ( 1.3%) 
dispinfos                0/0               0/0        ( 0.0%) 
disp_verts               0/0               0/0        ( 0.0%) 
disp_tris                0/0               0/0        ( 0.0%) 
disp_lmsamples           0/0               0/0        ( 0.0%) 
faces                  945/65536       52920/3670016  ( 1.4%) 
hdr faces                0/65536           0/3670016  ( 0.0%) 
origfaces              451/65536       25256/3670016  ( 0.7%) 
leaves                 616/65536       19712/2097152  ( 0.9%) 
leaffaces             2067/65536        4134/131072   ( 3.2%) 
leafbrushes            154/65536         308/131072   ( 0.2%) 
areas                    2/256            16/2048     ( 0.8%) 
surfedges             6119/512000      24476/2048000  ( 1.2%) 
edges                 3253/256000      13012/1024000  ( 1.3%) 
LDR worldlights          7/8192          616/720896   ( 0.1%) 
HDR worldlights          0/8192            0/720896   ( 0.0%) 
leafwaterdata            1/32768          12/393216   ( 0.0%) 
waterstrips             30/32768         300/327680   ( 0.1%) 
waterverts               0/65536           0/786432   ( 0.0%) 
waterindices           423/65536         846/131072   ( 0.6%) 
cubemapsamples           2/1024           32/16384    ( 0.2%) 
overlays                 0/512             0/180224   ( 0.0%) 
LDR lightdata         [variable]    10440300/0        ( 0.0%) 
HDR lightdata         [variable]           0/0        ( 0.0%) 
visdata               [variable]        1831/16777216 ( 0.0%) 
entdata               [variable]       44022/393216   (11.2%) 
LDR ambient table      616/65536        2464/262144   ( 0.9%) 
HDR ambient table      616/65536        2464/262144   ( 0.9%) 
LDR leaf ambient       881/65536       24668/1835008  ( 1.3%) 
HDR leaf ambient       616/65536       17248/1835008  ( 0.9%) 
occluders                0/0               0/0        ( 0.0%) 
occluder polygons        0/0               0/0        ( 0.0%) 
occluder vert ind        0/0               0/0        ( 0.0%) 
detail props          [variable]           1/12       ( 8.3%) 
static props          [variable]           1/828      ( 0.1%) 
pakfile               [variable]      320826/0        ( 0.0%) 
physics               [variable]       60761/4194304  ( 1.4%) 
physics terrain       [variable]           2/1048576  ( 0.0%) 

Level flags = 0

Total triangle count: 2377
Writing c:\program files (x86)\steam\steamapps\common\sourcesdk_content\hl2mp\mapsrc\test.bsp
3 seconds elapsed



materialPath: C:\Program Files (x86)\Steam\steamapps\common\Half-Life 2 Deathmatch\hl2mp\materials
Loading c:\program files (x86)\steam\steamapps\common\sourcesdk_content\hl2mp\mapsrc\test.vmf
ConVarRef mat_reduceparticles doesn't point to an existing ConVar
Could not locate 'GameData' key in c:\program files (x86)\steam\steamapps\common\half-life 2 deathmatch\hl2mp\gameinfo.txt
Patching WVT material: maps/test/dev/dev_blendmeasure_wvt_patch
fixing up env_cubemap materials on brush sides...
0...1...2...3...4...5...6...7...8...9...100...1...2...3...4...5...6...7...8...9...10Processing areas...done (0)
Building Faces...done (0)
Chop Details...done (0)
Find Visible Detail Sides...done (0)
Merging details...done (0)
FixTjuncs...
PruneNodes...
WriteBSP...
done (0)
writing c:\program files (x86)\steam\steamapps\common\sourcesdk_content\hl2mp\mapsrc\test.prt...Building visibility clusters...
done (0)
Creating default LDR cubemaps for env_cubemap using skybox materials:
   skybox/sky_day01_01*.vmt
 ! Run buildcubemaps in the engine to get the correct cube maps.
Creating default HDR cubemaps for env_cubemap using skybox materials:
   skybox/sky_day01_01*.vmt
 ! Run buildcubemaps in the engine to get the correct cube maps.
Finding displacement neighbors...
Finding lightmap sample positions...
Displacement Alpha : 0...1...2...3...4...5...6...7...8...9...10
Building Physics collision data...
done (0) (61307 bytes)
Placing detail props : 0...1...2...3...4...5...6...7...8...9...10
Compacting texture/material tables...
Reduced 401 texinfos to 160
Reduced 36 texdatas to 27 (1182 bytes to 911)
Writing c:\program files (x86)\steam\steamapps\common\sourcesdk_content\hl2mp\mapsrc\test.bsp
Wrote ZIP buffer, estimated size 323184, actual size 320826
0 seconds elapsed



12 threads
reading c:\program files (x86)\steam\steamapps\common\sourcesdk_content\hl2mp\mapsrc\test.bsp
reading c:\program files (x86)\steam\steamapps\common\sourcesdk_content\hl2mp\mapsrc\test.prt
  70 portalclusters
 203 numportals
0...1...2...3...4...5...6...7...8...9...10Optimized: 87 visible clusters (1.87%)
Total clusters visible: 4663
Average clusters visible: 66
Building PAS...
Average clusters audible: 70
visdatasize:1831  compressed from 2240
writing c:\program files (x86)\steam\steamapps\common\sourcesdk_content\hl2mp\mapsrc\test.bsp
0 seconds elapsed



[Reading texlights from 'lights.rad']
[45 texlights parsed from 'lights.rad']

Loading c:\program files (x86)\steam\steamapps\common\sourcesdk_content\hl2mp\mapsrc\test.bsp
945 faces
37413 square feet [5387582.00 square inches]
0 Displacements
0 Square Feet [0.00 Square Inches]
945 patches before subdivision
52539 patches after subdivision
7 direct lights
0...1...2...3...4...5...6...7...8...9...100...1...2...3...4...5...6...7...8...9...10transfers 5796702, max 601
transfer lists:  44.2 megs
0...1...2...3...4...5...6...7...8...9...10	Bounce #1 added RGB(26563, 25917, 22377)
0...1...2...3...4...5...6...7...8...9...10	Bounce #2 added RGB(10820, 9821, 7196)
Build Patch/Sample Hash Table(s).....Done<0.0135 sec>
0...1...2...3...4...5...6...7...8...9...10FinalLightFace Done
0 of 0 (0% of) surface lights went in leaf ambient cubes.
0...1...2...3...4...5...6...7...8...9...10Writing leaf ambient...done
Ready to Finish

Object names       Objects/Maxobjs  Memory / Maxmem  Fullness 
------------       ---------------  ---------------  -------- 
models                  43/1024         2064/49152    ( 4.2%) 
brushes                123/8192         1476/98304    ( 1.5%) 
brushsides             873/65536        6984/524288   ( 1.3%) 
planes                1084/65536       21680/1310720  ( 1.7%) 
vertexes              1419/65536       17028/786432   ( 2.2%) 
nodes                  579/65536       18528/2097152  ( 0.9%) 
texinfos               160/12288       11520/884736   ( 1.3%) 
texdata                 27/2048          864/65536    ( 1.3%) 
dispinfos                0/0               0/0        ( 0.0%) 
disp_verts               0/0               0/0        ( 0.0%) 
disp_tris                0/0               0/0        ( 0.0%) 
disp_lmsamples           0/0               0/0        ( 0.0%) 
faces                  945/65536       52920/3670016  ( 1.4%) 
hdr faces                0/65536           0/3670016  ( 0.0%) 
origfaces              451/65536       25256/3670016  ( 0.7%) 
leaves                 623/65536       19936/2097152  ( 1.0%) 
leaffaces             2067/65536        4134/131072   ( 3.2%) 
leafbrushes            155/65536         310/131072   ( 0.2%) 
areas                    2/256            16/2048     ( 0.8%) 
surfedges             6119/512000      24476/2048000  ( 1.2%) 
edges                 3253/256000      13012/1024000  ( 1.3%) 
LDR worldlights          7/8192          616/720896   ( 0.1%) 
HDR worldlights          0/8192            0/720896   ( 0.0%) 
leafwaterdata            1/32768          12/393216   ( 0.0%) 
waterstrips             30/32768         300/327680   ( 0.1%) 
waterverts               0/65536           0/786432   ( 0.0%) 
waterindices           423/65536         846/131072   ( 0.6%) 
cubemapsamples           2/1024           32/16384    ( 0.2%) 
overlays                 0/512             0/180224   ( 0.0%) 
LDR lightdata         [variable]    10440300/0        ( 0.0%) 
HDR lightdata         [variable]           0/0        ( 0.0%) 
visdata               [variable]        1831/16777216 ( 0.0%) 
entdata               [variable]       46106/393216   (11.7%) 
LDR ambient table      623/65536        2492/262144   ( 1.0%) 
HDR ambient table      623/65536        2492/262144   ( 1.0%) 
LDR leaf ambient       888/65536       24864/1835008  ( 1.4%) 
HDR leaf ambient       623/65536       17444/1835008  ( 1.0%) 
occluders                0/0               0/0        ( 0.0%) 
occluder polygons        0/0               0/0        ( 0.0%) 
occluder vert ind        0/0               0/0        ( 0.0%) 
detail props          [variable]           1/12       ( 8.3%) 
static props          [variable]           1/828      ( 0.1%) 
pakfile               [variable]      320826/0        ( 0.0%) 
physics               [variable]       61307/4194304  ( 1.5%) 
physics terrain       [variable]           2/1048576  ( 0.0%) 

Level flags = 0

Total triangle count: 2377
Writing c:\program files (x86)\steam\steamapps\common\sourcesdk_content\hl2mp\mapsrc\test.bsp
3 seconds elapsed



materialPath: C:\Program Files (x86)\Steam\steamapps\common\Half-Life 2 Deathmatch\hl2mp\materials
Loading c:\program files (x86)\steam\steamapps\common\sourcesdk_content\hl2mp\mapsrc\test.vmf
ConVarRef mat_reduceparticles doesn't point to an existing ConVar
Could not locate 'GameData' key in c:\program files (x86)\steam\steamapps\common\half-life 2 deathmatch\hl2mp\gameinfo.txt
Patching WVT material: maps/test/dev/dev_blendmeasure_wvt_patch
fixing up env_cubemap materials on brush sides...
0...1...2...3...4...5...6...7...8...9...100...1...2...3...4...5...6...7...8...9...10Processing areas...done (0)
Building Faces...done (0)
Chop Details...done (0)
Find Visible Detail Sides...done (0)
Merging details...done (0)
FixTjuncs...
PruneNodes...
WriteBSP...
done (0)
writing c:\program files (x86)\steam\steamapps\common\sourcesdk_content\hl2mp\mapsrc\test.prt...Building visibility clusters...
done (0)
Creating default LDR cubemaps for env_cubemap using skybox materials:
   skybox/sky_day01_01*.vmt
 ! Run buildcubemaps in the engine to get the correct cube maps.
Creating default HDR cubemaps for env_cubemap using skybox materials:
   skybox/sky_day01_01*.vmt
 ! Run buildcubemaps in the engine to get the correct cube maps.
Finding displacement neighbors...
Finding lightmap sample positions...
Displacement Alpha : 0...1...2...3...4...5...6...7...8...9...10
Building Physics collision data...
done (0) (61307 bytes)
Placing detail props : 0...1...2...3...4...5...6...7...8...9...10
Compacting texture/material tables...
Reduced 401 texinfos to 160
Reduced 36 texdatas to 27 (1182 bytes to 911)
Writing c:\program files (x86)\steam\steamapps\common\sourcesdk_content\hl2mp\mapsrc\test.bsp
Wrote ZIP buffer, estimated size 323184, actual size 320826
0 seconds elapsed



12 threads
reading c:\program files (x86)\steam\steamapps\common\sourcesdk_content\hl2mp\mapsrc\test.bsp
reading c:\program files (x86)\steam\steamapps\common\sourcesdk_content\hl2mp\mapsrc\test.prt
  70 portalclusters
 203 numportals
0...1...2...3...4...5...6...7...8...9...10Optimized: 87 visible clusters (1.87%)
Total clusters visible: 4663
Average clusters visible: 66
Building PAS...
Average clusters audible: 70
visdatasize:1831  compressed from 2240
writing c:\program files (x86)\steam\steamapps\common\sourcesdk_content\hl2mp\mapsrc\test.bsp
0 seconds elapsed



[Reading texlights from 'lights.rad']
[45 texlights parsed from 'lights.rad']

Loading c:\program files (x86)\steam\steamapps\common\sourcesdk_content\hl2mp\mapsrc\test.bsp
945 faces
37413 square feet [5387582.00 square inches]
0 Displacements
0 Square Feet [0.00 Square Inches]
945 patches before subdivision
52539 patches after subdivision
7 direct lights
0...1...2...3...4...5...6...7...8...9...100...1...2...3...4...5...6...7...8...9...10transfers 5796702, max 601
transfer lists:  44.2 megs
0...1...2...3...4...5...6...7...8...9...10	Bounce #1 added RGB(26563, 25917, 22377)
0...1...2...3...4...5...6...7...8...9...10	Bounce #2 added RGB(10820, 9821, 7196)
Build Patch/Sample Hash Table(s).....Done<0.0134 sec>
0...1...2...3...4...5...6...7...8...9...10FinalLightFace Done
0 of 0 (0% of) surface lights went in leaf ambient cubes.
0...1...2...3...4...5...6...7...8...9...10Writing leaf ambient...done
Ready to Finish

Object names       Objects/Maxobjs  Memory / Maxmem  Fullness 
------------       ---------------  ---------------  -------- 
models                  43/1024         2064/49152    ( 4.2%) 
brushes                123/8192         1476/98304    ( 1.5%) 
brushsides             873/65536        6984/524288   ( 1.3%) 
planes                1084/65536       21680/1310720  ( 1.7%) 
vertexes              1419/65536       17028/786432   ( 2.2%) 
nodes                  579/65536       18528/2097152  ( 0.9%) 
texinfos               160/12288       11520/884736   ( 1.3%) 
texdata                 27/2048          864/65536    ( 1.3%) 
dispinfos                0/0               0/0        ( 0.0%) 
disp_verts               0/0               0/0        ( 0.0%) 
disp_tris                0/0               0/0        ( 0.0%) 
disp_lmsamples           0/0               0/0        ( 0.0%) 
faces                  945/65536       52920/3670016  ( 1.4%) 
hdr faces                0/65536           0/3670016  ( 0.0%) 
origfaces              451/65536       25256/3670016  ( 0.7%) 
leaves                 623/65536       19936/2097152  ( 1.0%) 
leaffaces             2067/65536        4134/131072   ( 3.2%) 
leafbrushes            155/65536         310/131072   ( 0.2%) 
areas                    2/256            16/2048     ( 0.8%) 
surfedges             6119/512000      24476/2048000  ( 1.2%) 
edges                 3253/256000      13012/1024000  ( 1.3%) 
LDR worldlights          7/8192          616/720896   ( 0.1%) 
HDR worldlights          0/8192            0/720896   ( 0.0%) 
leafwaterdata            1/32768          12/393216   ( 0.0%) 
waterstrips             30/32768         300/327680   ( 0.1%) 
waterverts               0/65536           0/786432   ( 0.0%) 
waterindices           423/65536         846/131072   ( 0.6%) 
cubemapsamples           2/1024           32/16384    ( 0.2%) 
overlays                 0/512             0/180224   ( 0.0%) 
LDR lightdata         [variable]    10440300/0        ( 0.0%) 
HDR lightdata         [variable]           0/0        ( 0.0%) 
visdata               [variable]        1831/16777216 ( 0.0%) 
entdata               [variable]       46356/393216   (11.8%) 
LDR ambient table      623/65536        2492/262144   ( 1.0%) 
HDR ambient table      623/65536        2492/262144   ( 1.0%) 
LDR leaf ambient       888/65536       24864/1835008  ( 1.4%) 
HDR leaf ambient       623/65536       17444/1835008  ( 1.0%) 
occluders                0/0               0/0        ( 0.0%) 
occluder polygons        0/0               0/0        ( 0.0%) 
occluder vert ind        0/0               0/0        ( 0.0%) 
detail props          [variable]           1/12       ( 8.3%) 
static props          [variable]           1/828      ( 0.1%) 
pakfile               [variable]      320826/0        ( 0.0%) 
physics               [variable]       61307/4194304  ( 1.5%) 
physics terrain       [variable]           2/1048576  ( 0.0%) 

Level flags = 0

Total triangle count: 2377
Writing c:\program files (x86)\steam\steamapps\common\sourcesdk_content\hl2mp\mapsrc\test.bsp
3 seconds elapsed



materialPath: C:\Program Files (x86)\Steam\steamapps\common\Half-Life 2 Deathmatch\hl2mp\materials
Loading c:\program files (x86)\steam\steamapps\common\sourcesdk_content\hl2mp\mapsrc\test.vmf
ConVarRef mat_reduceparticles doesn't point to an existing ConVar
Could not locate 'GameData' key in c:\program files (x86)\steam\steamapps\common\half-life 2 deathmatch\hl2mp\gameinfo.txt
Patching WVT material: maps/test/dev/dev_blendmeasure_wvt_patch
fixing up env_cubemap materials on brush sides...
0...1...2...3...4...5...6...7...8...9...100...1...2...3...4...5...6...7...8...9...10Processing areas...done (0)
Building Faces...done (0)
Chop Details...done (0)
Find Visible Detail Sides...done (0)
Merging details...done (0)
FixTjuncs...
PruneNodes...
WriteBSP...
done (0)
writing c:\program files (x86)\steam\steamapps\common\sourcesdk_content\hl2mp\mapsrc\test.prt...Building visibility clusters...
done (0)
Creating default LDR cubemaps for env_cubemap using skybox materials:
   skybox/sky_day01_01*.vmt
 ! Run buildcubemaps in the engine to get the correct cube maps.
Creating default HDR cubemaps for env_cubemap using skybox materials:
   skybox/sky_day01_01*.vmt
 ! Run buildcubemaps in the engine to get the correct cube maps.
Finding displacement neighbors...
Finding lightmap sample positions...
Displacement Alpha : 0...1...2...3...4...5...6...7...8...9...10
Building Physics collision data...
done (0) (61307 bytes)
Placing detail props : 0...1...2...3...4...5...6...7...8...9...10
Compacting texture/material tables...
Reduced 401 texinfos to 160
Reduced 36 texdatas to 27 (1182 bytes to 911)
Writing c:\program files (x86)\steam\steamapps\common\sourcesdk_content\hl2mp\mapsrc\test.bsp
Wrote ZIP buffer, estimated size 323184, actual size 320826
0 seconds elapsed



12 threads
reading c:\program files (x86)\steam\steamapps\common\sourcesdk_content\hl2mp\mapsrc\test.bsp
reading c:\program files (x86)\steam\steamapps\common\sourcesdk_content\hl2mp\mapsrc\test.prt
  70 portalclusters
 203 numportals
0...1...2...3...4...5...6...7...8...9...10Optimized: 87 visible clusters (1.87%)
Total clusters visible: 4663
Average clusters visible: 66
Building PAS...
Average clusters audible: 70
visdatasize:1831  compressed from 2240
writing c:\program files (x86)\steam\steamapps\common\sourcesdk_content\hl2mp\mapsrc\test.bsp
0 seconds elapsed



[Reading texlights from 'lights.rad']
[45 texlights parsed from 'lights.rad']

Loading c:\program files (x86)\steam\steamapps\common\sourcesdk_content\hl2mp\mapsrc\test.bsp
945 faces
37413 square feet [5387582.00 square inches]
0 Displacements
0 Square Feet [0.00 Square Inches]
945 patches before subdivision
52539 patches after subdivision
7 direct lights
0...1...2...3...4...5...6...7...8...9...100...1...2...3...4...5...6...7...8...9...10transfers 5796702, max 601
transfer lists:  44.2 megs
0...1...2...3...4...5...6...7...8...9...10	Bounce #1 added RGB(26563, 25917, 22377)
0...1...2...3...4...5...6...7...8...9...10	Bounce #2 added RGB(10820, 9821, 7196)
Build Patch/Sample Hash Table(s).....Done<0.0134 sec>
0...1...2...3...4...5...6...7...8...9...10FinalLightFace Done
0 of 0 (0% of) surface lights went in leaf ambient cubes.
0...1...2...3...4...5...6...7...8...9...10Writing leaf ambient...done
Ready to Finish

Object names       Objects/Maxobjs  Memory / Maxmem  Fullness 
------------       ---------------  ---------------  -------- 
models                  43/1024         2064/49152    ( 4.2%) 
brushes                123/8192         1476/98304    ( 1.5%) 
brushsides             873/65536        6984/524288   ( 1.3%) 
planes                1084/65536       21680/1310720  ( 1.7%) 
vertexes              1419/65536       17028/786432   ( 2.2%) 
nodes                  579/65536       18528/2097152  ( 0.9%) 
texinfos               160/12288       11520/884736   ( 1.3%) 
texdata                 27/2048          864/65536    ( 1.3%) 
dispinfos                0/0               0/0        ( 0.0%) 
disp_verts               0/0               0/0        ( 0.0%) 
disp_tris                0/0               0/0        ( 0.0%) 
disp_lmsamples           0/0               0/0        ( 0.0%) 
faces                  945/65536       52920/3670016  ( 1.4%) 
hdr faces                0/65536           0/3670016  ( 0.0%) 
origfaces              451/65536       25256/3670016  ( 0.7%) 
leaves                 623/65536       19936/2097152  ( 1.0%) 
leaffaces             2067/65536        4134/131072   ( 3.2%) 
leafbrushes            155/65536         310/131072   ( 0.2%) 
areas                    2/256            16/2048     ( 0.8%) 
surfedges             6119/512000      24476/2048000  ( 1.2%) 
edges                 3253/256000      13012/1024000  ( 1.3%) 
LDR worldlights          7/8192          616/720896   ( 0.1%) 
HDR worldlights          0/8192            0/720896   ( 0.0%) 
leafwaterdata            1/32768          12/393216   ( 0.0%) 
waterstrips             30/32768         300/327680   ( 0.1%) 
waterverts               0/65536           0/786432   ( 0.0%) 
waterindices           423/65536         846/131072   ( 0.6%) 
cubemapsamples           2/1024           32/16384    ( 0.2%) 
overlays                 0/512             0/180224   ( 0.0%) 
LDR lightdata         [variable]    10440300/0        ( 0.0%) 
HDR lightdata         [variable]           0/0        ( 0.0%) 
visdata               [variable]        1831/16777216 ( 0.0%) 
entdata               [variable]       46348/393216   (11.8%) 
LDR ambient table      623/65536        2492/262144   ( 1.0%) 
HDR ambient table      623/65536        2492/262144   ( 1.0%) 
LDR leaf ambient       888/65536       24864/1835008  ( 1.4%) 
HDR leaf ambient       623/65536       17444/1835008  ( 1.0%) 
occluders                0/0               0/0        ( 0.0%) 
occluder polygons        0/0               0/0        ( 0.0%) 
occluder vert ind        0/0               0/0        ( 0.0%) 
detail props          [variable]           1/12       ( 8.3%) 
static props          [variable]           1/828      ( 0.1%) 
pakfile               [variable]      320826/0        ( 0.0%) 
physics               [variable]       61307/4194304  ( 1.5%) 
physics terrain       [variable]           2/1048576  ( 0.0%) 

Level flags = 0

Total triangle count: 2377
Writing c:\program files (x86)\steam\steamapps\common\sourcesdk_content\hl2mp\mapsrc\test.bsp
3 seconds elapsed



materialPath: C:\Program Files (x86)\Steam\steamapps\common\Half-Life 2 Deathmatch\hl2mp\materials
Loading c:\program files (x86)\steam\steamapps\common\sourcesdk_content\hl2mp\mapsrc\test.vmf
ConVarRef mat_reduceparticles doesn't point to an existing ConVar
Could not locate 'GameData' key in c:\program files (x86)\steam\steamapps\common\half-life 2 deathmatch\hl2mp\gameinfo.txt
Patching WVT material: maps/test/dev/dev_blendmeasure_wvt_patch
fixing up env_cubemap materials on brush sides...
0...1...2...3...4...5...6...7...8...9...100...1...2...3...4...5...6...7...8...9...10Processing areas...done (0)
Building Faces...done (0)
Chop Details...done (0)
Find Visible Detail Sides...done (0)
Merging details...done (0)
FixTjuncs...
PruneNodes...
WriteBSP...
done (0)
writing c:\program files (x86)\steam\steamapps\common\sourcesdk_content\hl2mp\mapsrc\test.prt...Building visibility clusters...
done (0)
Creating default LDR cubemaps for env_cubemap using skybox materials:
   skybox/sky_day01_01*.vmt
 ! Run buildcubemaps in the engine to get the correct cube maps.
Creating default HDR cubemaps for env_cubemap using skybox materials:
   skybox/sky_day01_01*.vmt
 ! Run buildcubemaps in the engine to get the correct cube maps.
Finding displacement neighbors...
Finding lightmap sample positions...
Displacement Alpha : 0...1...2...3...4...5...6...7...8...9...10
Building Physics collision data...
done (0) (61307 bytes)
Placing detail props : 0...1...2...3...4...5...6...7...8...9...10
Compacting texture/material tables...
Reduced 401 texinfos to 160
Reduced 36 texdatas to 27 (1182 bytes to 911)
Writing c:\program files (x86)\steam\steamapps\common\sourcesdk_content\hl2mp\mapsrc\test.bsp
Wrote ZIP buffer, estimated size 323184, actual size 320826
0 seconds elapsed



12 threads
reading c:\program files (x86)\steam\steamapps\common\sourcesdk_content\hl2mp\mapsrc\test.bsp
reading c:\program files (x86)\steam\steamapps\common\sourcesdk_content\hl2mp\mapsrc\test.prt
  70 portalclusters
 203 numportals
0...1...2...3...4...5...6...7...8...9...10Optimized: 87 visible clusters (1.87%)
Total clusters visible: 4663
Average clusters visible: 66
Building PAS...
Average clusters audible: 70
visdatasize:1831  compressed from 2240
writing c:\program files (x86)\steam\steamapps\common\sourcesdk_content\hl2mp\mapsrc\test.bsp
0 seconds elapsed



[Reading texlights from 'lights.rad']
[45 texlights parsed from 'lights.rad']

Loading c:\program files (x86)\steam\steamapps\common\sourcesdk_content\hl2mp\mapsrc\test.bsp
945 faces
37413 square feet [5387582.00 square inches]
0 Displacements
0 Square Feet [0.00 Square Inches]
945 patches before subdivision
52539 patches after subdivision
7 direct lights
0...1...2...3...4...5...6...7...8...9...100...1...2...3...4...5...6...7...8...9...10transfers 5796702, max 601
transfer lists:  44.2 megs
0...1...2...3...4...5...6...7...8...9...10	Bounce #1 added RGB(26563, 25917, 22377)
0...1...2...3...4...5...6...7...8...9...10	Bounce #2 added RGB(10820, 9821, 7196)
Build Patch/Sample Hash Table(s).....Done<0.0134 sec>
0...1...2...3...4...5...6...7...8...9...10FinalLightFace Done
0 of 0 (0% of) surface lights went in leaf ambient cubes.
0...1...2...3...4...5...6...7...8...9...10Writing leaf ambient...done
Ready to Finish

Object names       Objects/Maxobjs  Memory / Maxmem  Fullness 
------------       ---------------  ---------------  -------- 
models                  43/1024         2064/49152    ( 4.2%) 
brushes                123/8192         1476/98304    ( 1.5%) 
brushsides             873/65536        6984/524288   ( 1.3%) 
planes                1084/65536       21680/1310720  ( 1.7%) 
vertexes              1419/65536       17028/786432   ( 2.2%) 
nodes                  579/65536       18528/2097152  ( 0.9%) 
texinfos               160/12288       11520/884736   ( 1.3%) 
texdata                 27/2048          864/65536    ( 1.3%) 
dispinfos                0/0               0/0        ( 0.0%) 
disp_verts               0/0               0/0        ( 0.0%) 
disp_tris                0/0               0/0        ( 0.0%) 
disp_lmsamples           0/0               0/0        ( 0.0%) 
faces                  945/65536       52920/3670016  ( 1.4%) 
hdr faces                0/65536           0/3670016  ( 0.0%) 
origfaces              451/65536       25256/3670016  ( 0.7%) 
leaves                 623/65536       19936/2097152  ( 1.0%) 
leaffaces             2067/65536        4134/131072   ( 3.2%) 
leafbrushes            155/65536         310/131072   ( 0.2%) 
areas                    2/256            16/2048     ( 0.8%) 
surfedges             6119/512000      24476/2048000  ( 1.2%) 
edges                 3253/256000      13012/1024000  ( 1.3%) 
LDR worldlights          7/8192          616/720896   ( 0.1%) 
HDR worldlights          0/8192            0/720896   ( 0.0%) 
leafwaterdata            1/32768          12/393216   ( 0.0%) 
waterstrips             30/32768         300/327680   ( 0.1%) 
waterverts               0/65536           0/786432   ( 0.0%) 
waterindices           423/65536         846/131072   ( 0.6%) 
cubemapsamples           2/1024           32/16384    ( 0.2%) 
overlays                 0/512             0/180224   ( 0.0%) 
LDR lightdata         [variable]    10440300/0        ( 0.0%) 
HDR lightdata         [variable]           0/0        ( 0.0%) 
visdata               [variable]        1831/16777216 ( 0.0%) 
entdata               [variable]       46352/393216   (11.8%) 
LDR ambient table      623/65536        2492/262144   ( 1.0%) 
HDR ambient table      623/65536        2492/262144   ( 1.0%) 
LDR leaf ambient       888/65536       24864/1835008  ( 1.4%) 
HDR leaf ambient       623/65536       17444/1835008  ( 1.0%) 
occluders                0/0               0/0        ( 0.0%) 
occluder polygons        0/0               0/0        ( 0.0%) 
occluder vert ind        0/0               0/0        ( 0.0%) 
detail props          [variable]           1/12       ( 8.3%) 
static props          [variable]           1/828      ( 0.1%) 
pakfile               [variable]      320826/0        ( 0.0%) 
physics               [variable]       61307/4194304  ( 1.5%) 
physics terrain       [variable]           2/1048576  ( 0.0%) 

Level flags = 0

Total triangle count: 2377
Writing c:\program files (x86)\steam\steamapps\common\sourcesdk_content\hl2mp\mapsrc\test.bsp
3 seconds elapsed



materialPath: C:\Program Files (x86)\Steam\steamapps\common\Half-Life 2 Deathmatch\hl2mp\materials
Loading c:\program files (x86)\steam\steamapps\common\sourcesdk_content\hl2mp\mapsrc\test.vmf
ConVarRef mat_reduceparticles doesn't point to an existing ConVar
Could not locate 'GameData' key in c:\program files (x86)\steam\steamapps\common\half-life 2 deathmatch\hl2mp\gameinfo.txt
Patching WVT material: maps/test/dev/dev_blendmeasure_wvt_patch
fixing up env_cubemap materials on brush sides...
0...1...2...3...4...5...6...7...8...9...100...1...2...3...4...5...6...7...8...9...10Processing areas...done (0)
Building Faces...done (0)
Chop Details...done (0)
Find Visible Detail Sides...done (0)
Merging details...done (0)
FixTjuncs...
PruneNodes...
WriteBSP...
done (0)
writing c:\program files (x86)\steam\steamapps\common\sourcesdk_content\hl2mp\mapsrc\test.prt...Building visibility clusters...
done (0)
Creating default LDR cubemaps for env_cubemap using skybox materials:
   skybox/sky_day01_01*.vmt
 ! Run buildcubemaps in the engine to get the correct cube maps.
Creating default HDR cubemaps for env_cubemap using skybox materials:
   skybox/sky_day01_01*.vmt
 ! Run buildcubemaps in the engine to get the correct cube maps.
Finding displacement neighbors...
Finding lightmap sample positions...
Displacement Alpha : 0...1...2...3...4...5...6...7...8...9...10
Building Physics collision data...
done (0) (61307 bytes)
Placing detail props : 0...1...2...3...4...5...6...7...8...9...10
Compacting texture/material tables...
Reduced 401 texinfos to 160
Reduced 36 texdatas to 27 (1182 bytes to 911)
Writing c:\program files (x86)\steam\steamapps\common\sourcesdk_content\hl2mp\mapsrc\test.bsp
Wrote ZIP buffer, estimated size 323184, actual size 320826
0 seconds elapsed



12 threads
reading c:\program files (x86)\steam\steamapps\common\sourcesdk_content\hl2mp\mapsrc\test.bsp
reading c:\program files (x86)\steam\steamapps\common\sourcesdk_content\hl2mp\mapsrc\test.prt
  70 portalclusters
 203 numportals
0...1...2...3...4...5...6...7...8...9...10Optimized: 87 visible clusters (1.87%)
Total clusters visible: 4663
Average clusters visible: 66
Building PAS...
Average clusters audible: 70
visdatasize:1831  compressed from 2240
writing c:\program files (x86)\steam\steamapps\common\sourcesdk_content\hl2mp\mapsrc\test.bsp
0 seconds elapsed



[Reading texlights from 'lights.rad']
[45 texlights parsed from 'lights.rad']

Loading c:\program files (x86)\steam\steamapps\common\sourcesdk_content\hl2mp\mapsrc\test.bsp
945 faces
37413 square feet [5387582.00 square inches]
0 Displacements
0 Square Feet [0.00 Square Inches]
945 patches before subdivision
52539 patches after subdivision
7 direct lights
0...1...2...3...4...5...6...7...8...9...100...1...2...3...4...5...6...7...8...9...10transfers 5796702, max 601
transfer lists:  44.2 megs
0...1...2...3...4...5...6...7...8...9...10	Bounce #1 added RGB(26563, 25917, 22377)
0...1...2...3...4...5...6...7...8...9...10	Bounce #2 added RGB(10820, 9821, 7196)
Build Patch/Sample Hash Table(s).....Done<0.0133 sec>
0...1...2...3...4...5...6...7...8...9...10FinalLightFace Done
0 of 0 (0% of) surface lights went in leaf ambient cubes.
0...1...2...3...4...5...6...7...8...9...10Writing leaf ambient...done
Ready to Finish

Object names       Objects/Maxobjs  Memory / Maxmem  Fullness 
------------       ---------------  ---------------  -------- 
models                  43/1024         2064/49152    ( 4.2%) 
brushes                123/8192         1476/98304    ( 1.5%) 
brushsides             873/65536        6984/524288   ( 1.3%) 
planes                1084/65536       21680/1310720  ( 1.7%) 
vertexes              1419/65536       17028/786432   ( 2.2%) 
nodes                  579/65536       18528/2097152  ( 0.9%) 
texinfos               160/12288       11520/884736   ( 1.3%) 
texdata                 27/2048          864/65536    ( 1.3%) 
dispinfos                0/0               0/0        ( 0.0%) 
disp_verts               0/0               0/0        ( 0.0%) 
disp_tris                0/0               0/0        ( 0.0%) 
disp_lmsamples           0/0               0/0        ( 0.0%) 
faces                  945/65536       52920/3670016  ( 1.4%) 
hdr faces                0/65536           0/3670016  ( 0.0%) 
origfaces              451/65536       25256/3670016  ( 0.7%) 
leaves                 623/65536       19936/2097152  ( 1.0%) 
leaffaces             2067/65536        4134/131072   ( 3.2%) 
leafbrushes            155/65536         310/131072   ( 0.2%) 
areas                    2/256            16/2048     ( 0.8%) 
surfedges             6119/512000      24476/2048000  ( 1.2%) 
edges                 3253/256000      13012/1024000  ( 1.3%) 
LDR worldlights          7/8192          616/720896   ( 0.1%) 
HDR worldlights          0/8192            0/720896   ( 0.0%) 
leafwaterdata            1/32768          12/393216   ( 0.0%) 
waterstrips             30/32768         300/327680   ( 0.1%) 
waterverts               0/65536           0/786432   ( 0.0%) 
waterindices           423/65536         846/131072   ( 0.6%) 
cubemapsamples           2/1024           32/16384    ( 0.2%) 
overlays                 0/512             0/180224   ( 0.0%) 
LDR lightdata         [variable]    10440300/0        ( 0.0%) 
HDR lightdata         [variable]           0/0        ( 0.0%) 
visdata               [variable]        1831/16777216 ( 0.0%) 
entdata               [variable]       46296/393216   (11.8%) 
LDR ambient table      623/65536        2492/262144   ( 1.0%) 
HDR ambient table      623/65536        2492/262144   ( 1.0%) 
LDR leaf ambient       888/65536       24864/1835008  ( 1.4%) 
HDR leaf ambient       623/65536       17444/1835008  ( 1.0%) 
occluders                0/0               0/0        ( 0.0%) 
occluder polygons        0/0               0/0        ( 0.0%) 
occluder vert ind        0/0               0/0        ( 0.0%) 
detail props          [variable]           1/12       ( 8.3%) 
static props          [variable]           1/828      ( 0.1%) 
pakfile               [variable]      320826/0        ( 0.0%) 
physics               [variable]       61307/4194304  ( 1.5%) 
physics terrain       [variable]           2/1048576  ( 0.0%) 

Level flags = 0

Total triangle count: 2377
Writing c:\program files (x86)\steam\steamapps\common\sourcesdk_content\hl2mp\mapsrc\test.bsp
3 seconds elapsed



materialPath: C:\Program Files (x86)\Steam\steamapps\common\Half-Life 2 Deathmatch\hl2mp\materials
Loading c:\program files (x86)\steam\steamapps\common\sourcesdk_content\hl2mp\mapsrc\test.vmf
ConVarRef mat_reduceparticles doesn't point to an existing ConVar
Could not locate 'GameData' key in c:\program files (x86)\steam\steamapps\common\half-life 2 deathmatch\hl2mp\gameinfo.txt
Patching WVT material: maps/test/dev/dev_blendmeasure_wvt_patch
fixing up env_cubemap materials on brush sides...
0...1...2...3...4...5...6...7...8...9...100...1...2...3...4...5...6...7...8...9...10Processing areas...done (0)
Building Faces...done (0)
Chop Details...done (0)
Find Visible Detail Sides...done (0)
Merging details...done (0)
FixTjuncs...
PruneNodes...
WriteBSP...
done (0)
writing c:\program files (x86)\steam\steamapps\common\sourcesdk_content\hl2mp\mapsrc\test.prt...Building visibility clusters...
done (0)
Creating default LDR cubemaps for env_cubemap using skybox materials:
   skybox/sky_day01_01*.vmt
 ! Run buildcubemaps in the engine to get the correct cube maps.
Creating default HDR cubemaps for env_cubemap using skybox materials:
   skybox/sky_day01_01*.vmt
 ! Run buildcubemaps in the engine to get the correct cube maps.
Finding displacement neighbors...
Finding lightmap sample positions...
Displacement Alpha : 0...1...2...3...4...5...6...7...8...9...10
Building Physics collision data...
done (0) (61307 bytes)
Placing detail props : 0...1...2...3...4...5...6...7...8...9...10
Compacting texture/material tables...
Reduced 401 texinfos to 160
Reduced 36 texdatas to 27 (1182 bytes to 911)
Writing c:\program files (x86)\steam\steamapps\common\sourcesdk_content\hl2mp\mapsrc\test.bsp
Wrote ZIP buffer, estimated size 323184, actual size 320826
0 seconds elapsed



12 threads
reading c:\program files (x86)\steam\steamapps\common\sourcesdk_content\hl2mp\mapsrc\test.bsp
reading c:\program files (x86)\steam\steamapps\common\sourcesdk_content\hl2mp\mapsrc\test.prt
  70 portalclusters
 203 numportals
0...1...2...3...4...5...6...7...8...9...10Optimized: 87 visible clusters (1.87%)
Total clusters visible: 4663
Average clusters visible: 66
Building PAS...
Average clusters audible: 70
visdatasize:1831  compressed from 2240
writing c:\program files (x86)\steam\steamapps\common\sourcesdk_content\hl2mp\mapsrc\test.bsp
0 seconds elapsed



[Reading texlights from 'lights.rad']
[45 texlights parsed from 'lights.rad']

Loading c:\program files (x86)\steam\steamapps\common\sourcesdk_content\hl2mp\mapsrc\test.bsp
945 faces
37413 square feet [5387582.00 square inches]
0 Displacements
0 Square Feet [0.00 Square Inches]
945 patches before subdivision
52539 patches after subdivision
7 direct lights
0...1...2...3...4...5...6...7...8...9...100...1...2...3...4...5...6...7...8...9...10transfers 5796702, max 601
transfer lists:  44.2 megs
0...1...2...3...4...5...6...7...8...9...10	Bounce #1 added RGB(26563, 25917, 22377)
0...1...2...3...4...5...6...7...8...9...10	Bounce #2 added RGB(10820, 9821, 7196)
Build Patch/Sample Hash Table(s).....Done<0.0110 sec>
0...1...2...3...4...5...6...7...8...9...10FinalLightFace Done
0 of 0 (0% of) surface lights went in leaf ambient cubes.
0...1...2...3...4...5...6...7...8...9...10Writing leaf ambient...done
Ready to Finish

Object names       Objects/Maxobjs  Memory / Maxmem  Fullness 
------------       ---------------  ---------------  -------- 
models                  43/1024         2064/49152    ( 4.2%) 
brushes                123/8192         1476/98304    ( 1.5%) 
brushsides             873/65536        6984/524288   ( 1.3%) 
planes                1084/65536       21680/1310720  ( 1.7%) 
vertexes              1419/65536       17028/786432   ( 2.2%) 
nodes                  579/65536       18528/2097152  ( 0.9%) 
texinfos               160/12288       11520/884736   ( 1.3%) 
texdata                 27/2048          864/65536    ( 1.3%) 
dispinfos                0/0               0/0        ( 0.0%) 
disp_verts               0/0               0/0        ( 0.0%) 
disp_tris                0/0               0/0        ( 0.0%) 
disp_lmsamples           0/0               0/0        ( 0.0%) 
faces                  945/65536       52920/3670016  ( 1.4%) 
hdr faces                0/65536           0/3670016  ( 0.0%) 
origfaces              451/65536       25256/3670016  ( 0.7%) 
leaves                 623/65536       19936/2097152  ( 1.0%) 
leaffaces             2067/65536        4134/131072   ( 3.2%) 
leafbrushes            155/65536         310/131072   ( 0.2%) 
areas                    2/256            16/2048     ( 0.8%) 
surfedges             6119/512000      24476/2048000  ( 1.2%) 
edges                 3253/256000      13012/1024000  ( 1.3%) 
LDR worldlights          7/8192          616/720896   ( 0.1%) 
HDR worldlights          0/8192            0/720896   ( 0.0%) 
leafwaterdata            1/32768          12/393216   ( 0.0%) 
waterstrips             30/32768         300/327680   ( 0.1%) 
waterverts               0/65536           0/786432   ( 0.0%) 
waterindices           423/65536         846/131072   ( 0.6%) 
cubemapsamples           2/1024           32/16384    ( 0.2%) 
overlays                 0/512             0/180224   ( 0.0%) 
LDR lightdata         [variable]    10440300/0        ( 0.0%) 
HDR lightdata         [variable]           0/0        ( 0.0%) 
visdata               [variable]        1831/16777216 ( 0.0%) 
entdata               [variable]       46299/393216   (11.8%) 
LDR ambient table      623/65536        2492/262144   ( 1.0%) 
HDR ambient table      623/65536        2492/262144   ( 1.0%) 
LDR leaf ambient       888/65536       24864/1835008  ( 1.4%) 
HDR leaf ambient       623/65536       17444/1835008  ( 1.0%) 
occluders                0/0               0/0        ( 0.0%) 
occluder polygons        0/0               0/0        ( 0.0%) 
occluder vert ind        0/0               0/0        ( 0.0%) 
detail props          [variable]           1/12       ( 8.3%) 
static props          [variable]           1/828      ( 0.1%) 
pakfile               [variable]      320826/0        ( 0.0%) 
physics               [variable]       61307/4194304  ( 1.5%) 
physics terrain       [variable]           2/1048576  ( 0.0%) 

Level flags = 0

Total triangle count: 2377
Writing c:\program files (x86)\steam\steamapps\common\sourcesdk_content\hl2mp\mapsrc\test.bsp
3 seconds elapsed



materialPath: C:\Program Files (x86)\Steam\steamapps\common\Half-Life 2 Deathmatch\hl2mp\materials
Loading c:\program files (x86)\steam\steamapps\common\sourcesdk_content\hl2mp\mapsrc\test.vmf
ConVarRef mat_reduceparticles doesn't point to an existing ConVar
Could not locate 'GameData' key in c:\program files (x86)\steam\steamapps\common\half-life 2 deathmatch\hl2mp\gameinfo.txt
Patching WVT material: maps/test/dev/dev_blendmeasure_wvt_patch
fixing up env_cubemap materials on brush sides...
0...1...2...3...4...5...6...7...8...9...100...1...2...3...4...5...6...7...8...9...10Processing areas...done (0)
Building Faces...done (0)
Chop Details...done (0)
Find Visible Detail Sides...done (0)
Merging details...done (0)
FixTjuncs...
PruneNodes...
WriteBSP...
done (0)
writing c:\program files (x86)\steam\steamapps\common\sourcesdk_content\hl2mp\mapsrc\test.prt...Building visibility clusters...
done (0)
Creating default LDR cubemaps for env_cubemap using skybox materials:
   skybox/sky_day01_01*.vmt
 ! Run buildcubemaps in the engine to get the correct cube maps.
Creating default HDR cubemaps for env_cubemap using skybox materials:
   skybox/sky_day01_01*.vmt
 ! Run buildcubemaps in the engine to get the correct cube maps.
Finding displacement neighbors...
Finding lightmap sample positions...
Displacement Alpha : 0...1...2...3...4...5...6...7...8...9...10
Building Physics collision data...
done (0) (61307 bytes)
Placing detail props : 0...1...2...3...4...5...6...7...8...9...10
Compacting texture/material tables...
Reduced 401 texinfos to 160
Reduced 36 texdatas to 27 (1182 bytes to 911)
Writing c:\program files (x86)\steam\steamapps\common\sourcesdk_content\hl2mp\mapsrc\test.bsp
Wrote ZIP buffer, estimated size 323184, actual size 320826
0 seconds elapsed



12 threads
reading c:\program files (x86)\steam\steamapps\common\sourcesdk_content\hl2mp\mapsrc\test.bsp
reading c:\program files (x86)\steam\steamapps\common\sourcesdk_content\hl2mp\mapsrc\test.prt
  70 portalclusters
 203 numportals
0...1...2...3...4...5...6...7...8...9...10Optimized: 87 visible clusters (1.87%)
Total clusters visible: 4663
Average clusters visible: 66
Building PAS...
Average clusters audible: 70
visdatasize:1831  compressed from 2240
writing c:\program files (x86)\steam\steamapps\common\sourcesdk_content\hl2mp\mapsrc\test.bsp
0 seconds elapsed



[Reading texlights from 'lights.rad']
[45 texlights parsed from 'lights.rad']

Loading c:\program files (x86)\steam\steamapps\common\sourcesdk_content\hl2mp\mapsrc\test.bsp
945 faces
37413 square feet [5387582.00 square inches]
0 Displacements
0 Square Feet [0.00 Square Inches]
945 patches before subdivision
52539 patches after subdivision
7 direct lights
0...1...2...3...4...5...6...7...8...9...100...1...2...3...4...5...6...7...8...9...10transfers 5796702, max 601
transfer lists:  44.2 megs
0...1...2...3...4...5...6...7...8...9...10	Bounce #1 added RGB(26563, 25917, 22377)
0...1...2...3...4...5...6...7...8...9...10	Bounce #2 added RGB(10820, 9821, 7196)
Build Patch/Sample Hash Table(s).....Done<0.0110 sec>
0...1...2...3...4...5...6...7...8...9...10FinalLightFace Done
0 of 0 (0% of) surface lights went in leaf ambient cubes.
0...1...2...3...4...5...6...7...8...9...10Writing leaf ambient...done
Ready to Finish

Object names       Objects/Maxobjs  Memory / Maxmem  Fullness 
------------       ---------------  ---------------  -------- 
models                  43/1024         2064/49152    ( 4.2%) 
brushes                123/8192         1476/98304    ( 1.5%) 
brushsides             873/65536        6984/524288   ( 1.3%) 
planes                1084/65536       21680/1310720  ( 1.7%) 
vertexes              1419/65536       17028/786432   ( 2.2%) 
nodes                  579/65536       18528/2097152  ( 0.9%) 
texinfos               160/12288       11520/884736   ( 1.3%) 
texdata                 27/2048          864/65536    ( 1.3%) 
dispinfos                0/0               0/0        ( 0.0%) 
disp_verts               0/0               0/0        ( 0.0%) 
disp_tris                0/0               0/0        ( 0.0%) 
disp_lmsamples           0/0               0/0        ( 0.0%) 
faces                  945/65536       52920/3670016  ( 1.4%) 
hdr faces                0/65536           0/3670016  ( 0.0%) 
origfaces              451/65536       25256/3670016  ( 0.7%) 
leaves                 623/65536       19936/2097152  ( 1.0%) 
leaffaces             2067/65536        4134/131072   ( 3.2%) 
leafbrushes            155/65536         310/131072   ( 0.2%) 
areas                    2/256            16/2048     ( 0.8%) 
surfedges             6119/512000      24476/2048000  ( 1.2%) 
edges                 3253/256000      13012/1024000  ( 1.3%) 
LDR worldlights          7/8192          616/720896   ( 0.1%) 
HDR worldlights          0/8192            0/720896   ( 0.0%) 
leafwaterdata            1/32768          12/393216   ( 0.0%) 
waterstrips             30/32768         300/327680   ( 0.1%) 
waterverts               0/65536           0/786432   ( 0.0%) 
waterindices           423/65536         846/131072   ( 0.6%) 
cubemapsamples           2/1024           32/16384    ( 0.2%) 
overlays                 0/512             0/180224   ( 0.0%) 
LDR lightdata         [variable]    10440300/0        ( 0.0%) 
HDR lightdata         [variable]           0/0        ( 0.0%) 
visdata               [variable]        1831/16777216 ( 0.0%) 
entdata               [variable]       46346/393216   (11.8%) 
LDR ambient table      623/65536        2492/262144   ( 1.0%) 
HDR ambient table      623/65536        2492/262144   ( 1.0%) 
LDR leaf ambient       888/65536       24864/1835008  ( 1.4%) 
HDR leaf ambient       623/65536       17444/1835008  ( 1.0%) 
occluders                0/0               0/0        ( 0.0%) 
occluder polygons        0/0               0/0        ( 0.0%) 
occluder vert ind        0/0               0/0        ( 0.0%) 
detail props          [variable]           1/12       ( 8.3%) 
static props          [variable]           1/828      ( 0.1%) 
pakfile               [variable]      320826/0        ( 0.0%) 
physics               [variable]       61307/4194304  ( 1.5%) 
physics terrain       [variable]           2/1048576  ( 0.0%) 

Level flags = 0

Total triangle count: 2377
Writing c:\program files (x86)\steam\steamapps\common\sourcesdk_content\hl2mp\mapsrc\test.bsp
3 seconds elapsed



materialPath: C:\Program Files (x86)\Steam\steamapps\common\Half-Life 2 Deathmatch\hl2mp\materials
Loading c:\program files (x86)\steam\steamapps\common\sourcesdk_content\hl2mp\mapsrc\test.vmf
ConVarRef mat_reduceparticles doesn't point to an existing ConVar
Could not locate 'GameData' key in c:\program files (x86)\steam\steamapps\common\half-life 2 deathmatch\hl2mp\gameinfo.txt
Patching WVT material: maps/test/dev/dev_blendmeasure_wvt_patch
fixing up env_cubemap materials on brush sides...
0...1...2...3...4...5...6...7...8...9...100...1...2...3...4...5...6...7...8...9...10Processing areas...done (0)
Building Faces...done (0)
Chop Details...done (0)
Find Visible Detail Sides...done (0)
Merging details...done (0)
FixTjuncs...
PruneNodes...
WriteBSP...
done (0)
writing c:\program files (x86)\steam\steamapps\common\sourcesdk_content\hl2mp\mapsrc\test.prt...Building visibility clusters...
done (0)
Creating default LDR cubemaps for env_cubemap using skybox materials:
   skybox/sky_day01_01*.vmt
 ! Run buildcubemaps in the engine to get the correct cube maps.
Creating default HDR cubemaps for env_cubemap using skybox materials:
   skybox/sky_day01_01*.vmt
 ! Run buildcubemaps in the engine to get the correct cube maps.
Finding displacement neighbors...
Finding lightmap sample positions...
Displacement Alpha : 0...1...2...3...4...5...6...7...8...9...10
Building Physics collision data...
done (0) (61305 bytes)
Placing detail props : 0...1...2...3...4...5...6...7...8...9...10
Compacting texture/material tables...
Reduced 401 texinfos to 163
Reduced 36 texdatas to 27 (1182 bytes to 911)
Writing c:\program files (x86)\steam\steamapps\common\sourcesdk_content\hl2mp\mapsrc\test.bsp
Wrote ZIP buffer, estimated size 323184, actual size 320826
0 seconds elapsed



12 threads
reading c:\program files (x86)\steam\steamapps\common\sourcesdk_content\hl2mp\mapsrc\test.bsp
reading c:\program files (x86)\steam\steamapps\common\sourcesdk_content\hl2mp\mapsrc\test.prt
  70 portalclusters
 203 numportals
0...1...2...3...4...5...6...7...8...9...10Optimized: 87 visible clusters (1.87%)
Total clusters visible: 4663
Average clusters visible: 66
Building PAS...
Average clusters audible: 70
visdatasize:1831  compressed from 2240
writing c:\program files (x86)\steam\steamapps\common\sourcesdk_content\hl2mp\mapsrc\test.bsp
0 seconds elapsed



[Reading texlights from 'lights.rad']
[45 texlights parsed from 'lights.rad']

Loading c:\program files (x86)\steam\steamapps\common\sourcesdk_content\hl2mp\mapsrc\test.bsp
951 faces
37416 square feet [5387998.00 square inches]
0 Displacements
0 Square Feet [0.00 Square Inches]
951 patches before subdivision
52545 patches after subdivision
7 direct lights
0...1...2...3...4...5...6...7...8...9...100...1...2...3...4...5...6...7...8...9...10transfers 5798596, max 601
transfer lists:  44.2 megs
0...1...2...3...4...5...6...7...8...9...10	Bounce #1 added RGB(26581, 25933, 22390)
0...1...2...3...4...5...6...7...8...9...10	Bounce #2 added RGB(10822, 9823, 7197)
Build Patch/Sample Hash Table(s).....Done<0.0134 sec>
0...1...2...3...4...5...6...7...8...9...10FinalLightFace Done
0 of 0 (0% of) surface lights went in leaf ambient cubes.
0...1...2...3...4...5...6...7...8...9...10Writing leaf ambient...done
Ready to Finish

Object names       Objects/Maxobjs  Memory / Maxmem  Fullness 
------------       ---------------  ---------------  -------- 
models                  43/1024         2064/49152    ( 4.2%) 
brushes                123/8192         1476/98304    ( 1.5%) 
brushsides             873/65536        6984/524288   ( 1.3%) 
planes                1084/65536       21680/1310720  ( 1.7%) 
vertexes              1419/65536       17028/786432   ( 2.2%) 
nodes                  579/65536       18528/2097152  ( 0.9%) 
texinfos               163/12288       11736/884736   ( 1.3%) 
texdata                 27/2048          864/65536    ( 1.3%) 
dispinfos                0/0               0/0        ( 0.0%) 
disp_verts               0/0               0/0        ( 0.0%) 
disp_tris                0/0               0/0        ( 0.0%) 
disp_lmsamples           0/0               0/0        ( 0.0%) 
faces                  951/65536       53256/3670016  ( 1.5%) 
hdr faces                0/65536           0/3670016  ( 0.0%) 
origfaces              457/65536       25592/3670016  ( 0.7%) 
leaves                 623/65536       19936/2097152  ( 1.0%) 
leaffaces             2073/65536        4146/131072   ( 3.2%) 
leafbrushes            155/65536         310/131072   ( 0.2%) 
areas                    2/256            16/2048     ( 0.8%) 
surfedges             6167/512000      24668/2048000  ( 1.2%) 
edges                 3277/256000      13108/1024000  ( 1.3%) 
LDR worldlights          7/8192          616/720896   ( 0.1%) 
HDR worldlights          0/8192            0/720896   ( 0.0%) 
leafwaterdata            1/32768          12/393216   ( 0.0%) 
waterstrips             30/32768         300/327680   ( 0.1%) 
waterverts               0/65536           0/786432   ( 0.0%) 
waterindices           423/65536         846/131072   ( 0.6%) 
cubemapsamples           2/1024           32/16384    ( 0.2%) 
overlays                 0/512             0/180224   ( 0.0%) 
LDR lightdata         [variable]    10440708/0        ( 0.0%) 
HDR lightdata         [variable]           0/0        ( 0.0%) 
visdata               [variable]        1831/16777216 ( 0.0%) 
entdata               [variable]       46316/393216   (11.8%) 
LDR ambient table      623/65536        2492/262144   ( 1.0%) 
HDR ambient table      623/65536        2492/262144   ( 1.0%) 
LDR leaf ambient       887/65536       24836/1835008  ( 1.4%) 
HDR leaf ambient       623/65536       17444/1835008  ( 1.0%) 
occluders                0/0               0/0        ( 0.0%) 
occluder polygons        0/0               0/0        ( 0.0%) 
occluder vert ind        0/0               0/0        ( 0.0%) 
detail props          [variable]           1/12       ( 8.3%) 
static props          [variable]           1/828      ( 0.1%) 
pakfile               [variable]      320826/0        ( 0.0%) 
physics               [variable]       61305/4194304  ( 1.5%) 
physics terrain       [variable]           2/1048576  ( 0.0%) 

Level flags = 0

Total triangle count: 2389
Writing c:\program files (x86)\steam\steamapps\common\sourcesdk_content\hl2mp\mapsrc\test.bsp
3 seconds elapsed



materialPath: C:\Program Files (x86)\Steam\steamapps\common\Half-Life 2 Deathmatch\hl2mp\materials
Loading c:\program files (x86)\steam\steamapps\common\sourcesdk_content\hl2mp\mapsrc\test.vmf
ConVarRef mat_reduceparticles doesn't point to an existing ConVar
Could not locate 'GameData' key in c:\program files (x86)\steam\steamapps\common\half-life 2 deathmatch\hl2mp\gameinfo.txt
Patching WVT material: maps/test/dev/dev_blendmeasure_wvt_patch
fixing up env_cubemap materials on brush sides...
0...1...2...3...4...5...6...7...8...9...100...1...2...3...4...5...6...7...8...9...10Processing areas...done (0)
Building Faces...done (0)
Chop Details...done (0)
Find Visible Detail Sides...done (0)
Merging details...done (0)
FixTjuncs...
PruneNodes...
WriteBSP...
done (0)
writing c:\program files (x86)\steam\steamapps\common\sourcesdk_content\hl2mp\mapsrc\test.prt...Building visibility clusters...
done (0)
Creating default LDR cubemaps for env_cubemap using skybox materials:
   skybox/sky_day01_01*.vmt
 ! Run buildcubemaps in the engine to get the correct cube maps.
Creating default HDR cubemaps for env_cubemap using skybox materials:
   skybox/sky_day01_01*.vmt
 ! Run buildcubemaps in the engine to get the correct cube maps.
Finding displacement neighbors...
Finding lightmap sample positions...
Displacement Alpha : 0...1...2...3...4...5...6...7...8...9...10
Building Physics collision data...
done (0) (61305 bytes)
Placing detail props : 0...1...2...3...4...5...6...7...8...9...10
Compacting texture/material tables...
Reduced 401 texinfos to 163
Reduced 36 texdatas to 27 (1182 bytes to 911)
Writing c:\program files (x86)\steam\steamapps\common\sourcesdk_content\hl2mp\mapsrc\test.bsp
Wrote ZIP buffer, estimated size 323184, actual size 320826
0 seconds elapsed



12 threads
reading c:\program files (x86)\steam\steamapps\common\sourcesdk_content\hl2mp\mapsrc\test.bsp
reading c:\program files (x86)\steam\steamapps\common\sourcesdk_content\hl2mp\mapsrc\test.prt
  70 portalclusters
 203 numportals
0...1...2...3...4...5...6...7...8...9...10Optimized: 87 visible clusters (1.87%)
Total clusters visible: 4663
Average clusters visible: 66
Building PAS...
Average clusters audible: 70
visdatasize:1831  compressed from 2240
writing c:\program files (x86)\steam\steamapps\common\sourcesdk_content\hl2mp\mapsrc\test.bsp
0 seconds elapsed



[Reading texlights from 'lights.rad']
[45 texlights parsed from 'lights.rad']

Loading c:\program files (x86)\steam\steamapps\common\sourcesdk_content\hl2mp\mapsrc\test.bsp
951 faces
37416 square feet [5387998.00 square inches]
0 Displacements
0 Square Feet [0.00 Square Inches]
951 patches before subdivision
52545 patches after subdivision
7 direct lights
0...1...2...3...4...5...6...7...8...9...100...1...2...3...4...5...6...7...8...9...10transfers 5798596, max 601
transfer lists:  44.2 megs
0...1...2...3...4...5...6...7...8...9...10	Bounce #1 added RGB(26581, 25933, 22390)
0...1...2...3...4...5...6...7...8...9...10	Bounce #2 added RGB(10822, 9823, 7197)
Build Patch/Sample Hash Table(s).....Done<0.0134 sec>
0...1...2...3...4...5...6...7...8...9...10FinalLightFace Done
0 of 0 (0% of) surface lights went in leaf ambient cubes.
0...1...2...3...4...5...6...7...8...9...10Writing leaf ambient...done
Ready to Finish

Object names       Objects/Maxobjs  Memory / Maxmem  Fullness 
------------       ---------------  ---------------  -------- 
models                  43/1024         2064/49152    ( 4.2%) 
brushes                123/8192         1476/98304    ( 1.5%) 
brushsides             873/65536        6984/524288   ( 1.3%) 
planes                1084/65536       21680/1310720  ( 1.7%) 
vertexes              1419/65536       17028/786432   ( 2.2%) 
nodes                  579/65536       18528/2097152  ( 0.9%) 
texinfos               163/12288       11736/884736   ( 1.3%) 
texdata                 27/2048          864/65536    ( 1.3%) 
dispinfos                0/0               0/0        ( 0.0%) 
disp_verts               0/0               0/0        ( 0.0%) 
disp_tris                0/0               0/0        ( 0.0%) 
disp_lmsamples           0/0               0/0        ( 0.0%) 
faces                  951/65536       53256/3670016  ( 1.5%) 
hdr faces                0/65536           0/3670016  ( 0.0%) 
origfaces              457/65536       25592/3670016  ( 0.7%) 
leaves                 623/65536       19936/2097152  ( 1.0%) 
leaffaces             2073/65536        4146/131072   ( 3.2%) 
leafbrushes            155/65536         310/131072   ( 0.2%) 
areas                    2/256            16/2048     ( 0.8%) 
surfedges             6167/512000      24668/2048000  ( 1.2%) 
edges                 3277/256000      13108/1024000  ( 1.3%) 
LDR worldlights          7/8192          616/720896   ( 0.1%) 
HDR worldlights          0/8192            0/720896   ( 0.0%) 
leafwaterdata            1/32768          12/393216   ( 0.0%) 
waterstrips             30/32768         300/327680   ( 0.1%) 
waterverts               0/65536           0/786432   ( 0.0%) 
waterindices           423/65536         846/131072   ( 0.6%) 
cubemapsamples           2/1024           32/16384    ( 0.2%) 
overlays                 0/512             0/180224   ( 0.0%) 
LDR lightdata         [variable]    10440708/0        ( 0.0%) 
HDR lightdata         [variable]           0/0        ( 0.0%) 
visdata               [variable]        1831/16777216 ( 0.0%) 
entdata               [variable]       46352/393216   (11.8%) 
LDR ambient table      623/65536        2492/262144   ( 1.0%) 
HDR ambient table      623/65536        2492/262144   ( 1.0%) 
LDR leaf ambient       887/65536       24836/1835008  ( 1.4%) 
HDR leaf ambient       623/65536       17444/1835008  ( 1.0%) 
occluders                0/0               0/0        ( 0.0%) 
occluder polygons        0/0               0/0        ( 0.0%) 
occluder vert ind        0/0               0/0        ( 0.0%) 
detail props          [variable]           1/12       ( 8.3%) 
static props          [variable]           1/828      ( 0.1%) 
pakfile               [variable]      320826/0        ( 0.0%) 
physics               [variable]       61305/4194304  ( 1.5%) 
physics terrain       [variable]           2/1048576  ( 0.0%) 

Level flags = 0

Total triangle count: 2389
Writing c:\program files (x86)\steam\steamapps\common\sourcesdk_content\hl2mp\mapsrc\test.bsp
3 seconds elapsed



materialPath: C:\Program Files (x86)\Steam\steamapps\common\Half-Life 2 Deathmatch\hl2mp\materials
Loading c:\program files (x86)\steam\steamapps\common\sourcesdk_content\hl2mp\mapsrc\test.vmf
ConVarRef mat_reduceparticles doesn't point to an existing ConVar
Could not locate 'GameData' key in c:\program files (x86)\steam\steamapps\common\half-life 2 deathmatch\hl2mp\gameinfo.txt
Patching WVT material: maps/test/dev/dev_blendmeasure_wvt_patch
fixing up env_cubemap materials on brush sides...
0...1...2...3...4...5...6...7...8...9...100...1...2...3...4...5...6...7...8...9...10Processing areas...done (0)
Building Faces...done (0)
Chop Details...done (0)
Find Visible Detail Sides...done (0)
Merging details...done (0)
FixTjuncs...
PruneNodes...
WriteBSP...
done (0)
writing c:\program files (x86)\steam\steamapps\common\sourcesdk_content\hl2mp\mapsrc\test.prt...Building visibility clusters...
done (0)
Creating default LDR cubemaps for env_cubemap using skybox materials:
   skybox/sky_day01_01*.vmt
 ! Run buildcubemaps in the engine to get the correct cube maps.
Creating default HDR cubemaps for env_cubemap using skybox materials:
   skybox/sky_day01_01*.vmt
 ! Run buildcubemaps in the engine to get the correct cube maps.
Finding displacement neighbors...
Finding lightmap sample positions...
Displacement Alpha : 0...1...2...3...4...5...6...7...8...9...10
Building Physics collision data...
done (0) (61305 bytes)
Placing detail props : 0...1...2...3...4...5...6...7...8...9...10
Compacting texture/material tables...
Reduced 401 texinfos to 163
Reduced 36 texdatas to 27 (1182 bytes to 911)
Writing c:\program files (x86)\steam\steamapps\common\sourcesdk_content\hl2mp\mapsrc\test.bsp
Wrote ZIP buffer, estimated size 323184, actual size 320826
0 seconds elapsed



12 threads
reading c:\program files (x86)\steam\steamapps\common\sourcesdk_content\hl2mp\mapsrc\test.bsp
reading c:\program files (x86)\steam\steamapps\common\sourcesdk_content\hl2mp\mapsrc\test.prt
  70 portalclusters
 203 numportals
0...1...2...3...4...5...6...7...8...9...10Optimized: 87 visible clusters (1.87%)
Total clusters visible: 4663
Average clusters visible: 66
Building PAS...
Average clusters audible: 70
visdatasize:1831  compressed from 2240
writing c:\program files (x86)\steam\steamapps\common\sourcesdk_content\hl2mp\mapsrc\test.bsp
0 seconds elapsed



[Reading texlights from 'lights.rad']
[45 texlights parsed from 'lights.rad']

Loading c:\program files (x86)\steam\steamapps\common\sourcesdk_content\hl2mp\mapsrc\test.bsp
951 faces
37416 square feet [5387998.00 square inches]
0 Displacements
0 Square Feet [0.00 Square Inches]
951 patches before subdivision
52545 patches after subdivision
7 direct lights
0...1...2...3...4...5...6...7...8...9...100...1...2...3...4...5...6...7...8...9...10transfers 5798596, max 601
transfer lists:  44.2 megs
0...1...2...3...4...5...6...7...8...9...10	Bounce #1 added RGB(26581, 25933, 22390)
0...1...2...3...4...5...6...7...8...9...10	Bounce #2 added RGB(10822, 9823, 7197)
Build Patch/Sample Hash Table(s).....Done<0.0109 sec>
0...1...2...3...4...5...6...7...8...9...10FinalLightFace Done
0 of 0 (0% of) surface lights went in leaf ambient cubes.
0...1...2...3...4...5...6...7...8...9...10Writing leaf ambient...done
Ready to Finish

Object names       Objects/Maxobjs  Memory / Maxmem  Fullness 
------------       ---------------  ---------------  -------- 
models                  43/1024         2064/49152    ( 4.2%) 
brushes                123/8192         1476/98304    ( 1.5%) 
brushsides             873/65536        6984/524288   ( 1.3%) 
planes                1084/65536       21680/1310720  ( 1.7%) 
vertexes              1419/65536       17028/786432   ( 2.2%) 
nodes                  579/65536       18528/2097152  ( 0.9%) 
texinfos               163/12288       11736/884736   ( 1.3%) 
texdata                 27/2048          864/65536    ( 1.3%) 
dispinfos                0/0               0/0        ( 0.0%) 
disp_verts               0/0               0/0        ( 0.0%) 
disp_tris                0/0               0/0        ( 0.0%) 
disp_lmsamples           0/0               0/0        ( 0.0%) 
faces                  951/65536       53256/3670016  ( 1.5%) 
hdr faces                0/65536           0/3670016  ( 0.0%) 
origfaces              457/65536       25592/3670016  ( 0.7%) 
leaves                 623/65536       19936/2097152  ( 1.0%) 
leaffaces             2073/65536        4146/131072   ( 3.2%) 
leafbrushes            155/65536         310/131072   ( 0.2%) 
areas                    2/256            16/2048     ( 0.8%) 
surfedges             6167/512000      24668/2048000  ( 1.2%) 
edges                 3277/256000      13108/1024000  ( 1.3%) 
LDR worldlights          7/8192          616/720896   ( 0.1%) 
HDR worldlights          0/8192            0/720896   ( 0.0%) 
leafwaterdata            1/32768          12/393216   ( 0.0%) 
waterstrips             30/32768         300/327680   ( 0.1%) 
waterverts               0/65536           0/786432   ( 0.0%) 
waterindices           423/65536         846/131072   ( 0.6%) 
cubemapsamples           2/1024           32/16384    ( 0.2%) 
overlays                 0/512             0/180224   ( 0.0%) 
LDR lightdata         [variable]    10440708/0        ( 0.0%) 
HDR lightdata         [variable]           0/0        ( 0.0%) 
visdata               [variable]        1831/16777216 ( 0.0%) 
entdata               [variable]       46345/393216   (11.8%) 
LDR ambient table      623/65536        2492/262144   ( 1.0%) 
HDR ambient table      623/65536        2492/262144   ( 1.0%) 
LDR leaf ambient       887/65536       24836/1835008  ( 1.4%) 
HDR leaf ambient       623/65536       17444/1835008  ( 1.0%) 
occluders                0/0               0/0        ( 0.0%) 
occluder polygons        0/0               0/0        ( 0.0%) 
occluder vert ind        0/0               0/0        ( 0.0%) 
detail props          [variable]           1/12       ( 8.3%) 
static props          [variable]           1/828      ( 0.1%) 
pakfile               [variable]      320826/0        ( 0.0%) 
physics               [variable]       61305/4194304  ( 1.5%) 
physics terrain       [variable]           2/1048576  ( 0.0%) 

Level flags = 0

Total triangle count: 2389
Writing c:\program files (x86)\steam\steamapps\common\sourcesdk_content\hl2mp\mapsrc\test.bsp
4 seconds elapsed



materialPath: C:\Program Files (x86)\Steam\steamapps\common\Half-Life 2 Deathmatch\hl2mp\materials
Loading c:\program files (x86)\steam\steamapps\common\sourcesdk_content\hl2mp\mapsrc\test.vmf
ConVarRef mat_reduceparticles doesn't point to an existing ConVar
Could not locate 'GameData' key in c:\program files (x86)\steam\steamapps\common\half-life 2 deathmatch\hl2mp\gameinfo.txt
Patching WVT material: maps/test/dev/dev_blendmeasure_wvt_patch
fixing up env_cubemap materials on brush sides...
0...1...2...3...4...5...6...7...8...9...100...1...2...3...4...5...6...7...8...9...10Processing areas...done (0)
Building Faces...done (0)
Chop Details...done (0)
Find Visible Detail Sides...done (0)
Merging details...done (0)
FixTjuncs...
PruneNodes...
WriteBSP...
done (0)
writing c:\program files (x86)\steam\steamapps\common\sourcesdk_content\hl2mp\mapsrc\test.prt...Building visibility clusters...
done (0)
Creating default LDR cubemaps for env_cubemap using skybox materials:
   skybox/sky_day01_01*.vmt
 ! Run buildcubemaps in the engine to get the correct cube maps.
Creating default HDR cubemaps for env_cubemap using skybox materials:
   skybox/sky_day01_01*.vmt
 ! Run buildcubemaps in the engine to get the correct cube maps.
Finding displacement neighbors...
Finding lightmap sample positions...
Displacement Alpha : 0...1...2...3...4...5...6...7...8...9...10
Building Physics collision data...
done (0) (61305 bytes)
Placing detail props : 0...1...2...3...4...5...6...7...8...9...10
Compacting texture/material tables...
Reduced 401 texinfos to 163
Reduced 36 texdatas to 27 (1182 bytes to 911)
Writing c:\program files (x86)\steam\steamapps\common\sourcesdk_content\hl2mp\mapsrc\test.bsp
Wrote ZIP buffer, estimated size 323184, actual size 320826
0 seconds elapsed



12 threads
reading c:\program files (x86)\steam\steamapps\common\sourcesdk_content\hl2mp\mapsrc\test.bsp
reading c:\program files (x86)\steam\steamapps\common\sourcesdk_content\hl2mp\mapsrc\test.prt
  70 portalclusters
 203 numportals
0...1...2...3...4...5...6...7...8...9...10Optimized: 87 visible clusters (1.87%)
Total clusters visible: 4663
Average clusters visible: 66
Building PAS...
Average clusters audible: 70
visdatasize:1831  compressed from 2240
writing c:\program files (x86)\steam\steamapps\common\sourcesdk_content\hl2mp\mapsrc\test.bsp
0 seconds elapsed



[Reading texlights from 'lights.rad']
[45 texlights parsed from 'lights.rad']

Loading c:\program files (x86)\steam\steamapps\common\sourcesdk_content\hl2mp\mapsrc\test.bsp
951 faces
37416 square feet [5387998.00 square inches]
0 Displacements
0 Square Feet [0.00 Square Inches]
951 patches before subdivision
52545 patches after subdivision
7 direct lights
0...1...2...3...4...5...6...7...8...9...100...1...2...3...4...5...6...7...8...9...10transfers 5798596, max 601
transfer lists:  44.2 megs
0...1...2...3...4...5...6...7...8...9...10	Bounce #1 added RGB(26581, 25933, 22390)
0...1...2...3...4...5...6...7...8...9...10	Bounce #2 added RGB(10822, 9823, 7197)
Build Patch/Sample Hash Table(s).....Done<0.0136 sec>
0...1...2...3...4...5...6...7...8...9...10FinalLightFace Done
0 of 0 (0% of) surface lights went in leaf ambient cubes.
0...1...2...3...4...5...6...7...8...9...10Writing leaf ambient...done
Ready to Finish

Object names       Objects/Maxobjs  Memory / Maxmem  Fullness 
------------       ---------------  ---------------  -------- 
models                  43/1024         2064/49152    ( 4.2%) 
brushes                123/8192         1476/98304    ( 1.5%) 
brushsides             873/65536        6984/524288   ( 1.3%) 
planes                1084/65536       21680/1310720  ( 1.7%) 
vertexes              1419/65536       17028/786432   ( 2.2%) 
nodes                  579/65536       18528/2097152  ( 0.9%) 
texinfos               163/12288       11736/884736   ( 1.3%) 
texdata                 27/2048          864/65536    ( 1.3%) 
dispinfos                0/0               0/0        ( 0.0%) 
disp_verts               0/0               0/0        ( 0.0%) 
disp_tris                0/0               0/0        ( 0.0%) 
disp_lmsamples           0/0               0/0        ( 0.0%) 
faces                  951/65536       53256/3670016  ( 1.5%) 
hdr faces                0/65536           0/3670016  ( 0.0%) 
origfaces              457/65536       25592/3670016  ( 0.7%) 
leaves                 623/65536       19936/2097152  ( 1.0%) 
leaffaces             2073/65536        4146/131072   ( 3.2%) 
leafbrushes            155/65536         310/131072   ( 0.2%) 
areas                    2/256            16/2048     ( 0.8%) 
surfedges             6167/512000      24668/2048000  ( 1.2%) 
edges                 3277/256000      13108/1024000  ( 1.3%) 
LDR worldlights          7/8192          616/720896   ( 0.1%) 
HDR worldlights          0/8192            0/720896   ( 0.0%) 
leafwaterdata            1/32768          12/393216   ( 0.0%) 
waterstrips             30/32768         300/327680   ( 0.1%) 
waterverts               0/65536           0/786432   ( 0.0%) 
waterindices           423/65536         846/131072   ( 0.6%) 
cubemapsamples           2/1024           32/16384    ( 0.2%) 
overlays                 0/512             0/180224   ( 0.0%) 
LDR lightdata         [variable]    10440708/0        ( 0.0%) 
HDR lightdata         [variable]           0/0        ( 0.0%) 
visdata               [variable]        1831/16777216 ( 0.0%) 
entdata               [variable]       46345/393216   (11.8%) 
LDR ambient table      623/65536        2492/262144   ( 1.0%) 
HDR ambient table      623/65536        2492/262144   ( 1.0%) 
LDR leaf ambient       887/65536       24836/1835008  ( 1.4%) 
HDR leaf ambient       623/65536       17444/1835008  ( 1.0%) 
occluders                0/0               0/0        ( 0.0%) 
occluder polygons        0/0               0/0        ( 0.0%) 
occluder vert ind        0/0               0/0        ( 0.0%) 
detail props          [variable]           1/12       ( 8.3%) 
static props          [variable]           1/828      ( 0.1%) 
pakfile               [variable]      320826/0        ( 0.0%) 
physics               [variable]       61305/4194304  ( 1.5%) 
physics terrain       [variable]           2/1048576  ( 0.0%) 

Level flags = 0

Total triangle count: 2389
Writing c:\program files (x86)\steam\steamapps\common\sourcesdk_content\hl2mp\mapsrc\test.bsp
3 seconds elapsed



materialPath: C:\Program Files (x86)\Steam\steamapps\common\Half-Life 2 Deathmatch\hl2mp\materials
Loading c:\program files (x86)\steam\steamapps\common\sourcesdk_content\hl2mp\mapsrc\test.vmf
ConVarRef mat_reduceparticles doesn't point to an existing ConVar
Could not locate 'GameData' key in c:\program files (x86)\steam\steamapps\common\half-life 2 deathmatch\hl2mp\gameinfo.txt
Patching WVT material: maps/test/dev/dev_blendmeasure_wvt_patch
fixing up env_cubemap materials on brush sides...
0...1...2...3...4...5...6...7...8...9...100...1...2...3...4...5...6...7...8...9...10Processing areas...done (0)
Building Faces...done (0)
Chop Details...done (0)
Find Visible Detail Sides...done (0)
Merging details...done (0)
FixTjuncs...
PruneNodes...
WriteBSP...
done (0)
writing c:\program files (x86)\steam\steamapps\common\sourcesdk_content\hl2mp\mapsrc\test.prt...Building visibility clusters...
done (0)
Creating default LDR cubemaps for env_cubemap using skybox materials:
   skybox/sky_day01_01*.vmt
 ! Run buildcubemaps in the engine to get the correct cube maps.
Creating default HDR cubemaps for env_cubemap using skybox materials:
   skybox/sky_day01_01*.vmt
 ! Run buildcubemaps in the engine to get the correct cube maps.
Finding displacement neighbors...
Finding lightmap sample positions...
Displacement Alpha : 0...1...2...3...4...5...6...7...8...9...10
Building Physics collision data...
done (0) (61305 bytes)
Placing detail props : 0...1...2...3...4...5...6...7...8...9...10
Compacting texture/material tables...
Reduced 401 texinfos to 163
Reduced 36 texdatas to 27 (1182 bytes to 911)
Writing c:\program files (x86)\steam\steamapps\common\sourcesdk_content\hl2mp\mapsrc\test.bsp
Wrote ZIP buffer, estimated size 323184, actual size 320826
0 seconds elapsed



12 threads
reading c:\program files (x86)\steam\steamapps\common\sourcesdk_content\hl2mp\mapsrc\test.bsp
reading c:\program files (x86)\steam\steamapps\common\sourcesdk_content\hl2mp\mapsrc\test.prt
  70 portalclusters
 203 numportals
0...1...2...3...4...5...6...7...8...9...10Optimized: 87 visible clusters (1.87%)
Total clusters visible: 4663
Average clusters visible: 66
Building PAS...
Average clusters audible: 70
visdatasize:1831  compressed from 2240
writing c:\program files (x86)\steam\steamapps\common\sourcesdk_content\hl2mp\mapsrc\test.bsp
0 seconds elapsed



[Reading texlights from 'lights.rad']
[45 texlights parsed from 'lights.rad']

Loading c:\program files (x86)\steam\steamapps\common\sourcesdk_content\hl2mp\mapsrc\test.bsp
951 faces
37416 square feet [5387998.00 square inches]
0 Displacements
0 Square Feet [0.00 Square Inches]
951 patches before subdivision
52545 patches after subdivision
7 direct lights
0...1...2...3...4...5...6...7...8...9...100...1...2...3...4...5...6...7...8...9...10transfers 5798596, max 601
transfer lists:  44.2 megs
0...1...2...3...4...5...6...7...8...9...10	Bounce #1 added RGB(26581, 25933, 22390)
0...1...2...3...4...5...6...7...8...9...10	Bounce #2 added RGB(10822, 9823, 7197)
Build Patch/Sample Hash Table(s).....Done<0.0133 sec>
0...1...2...3...4...5...6...7...8...9...10FinalLightFace Done
0 of 0 (0% of) surface lights went in leaf ambient cubes.
0...1...2...3...4...5...6...7...8...9...10Writing leaf ambient...done
Ready to Finish

Object names       Objects/Maxobjs  Memory / Maxmem  Fullness 
------------       ---------------  ---------------  -------- 
models                  43/1024         2064/49152    ( 4.2%) 
brushes                123/8192         1476/98304    ( 1.5%) 
brushsides             873/65536        6984/524288   ( 1.3%) 
planes                1084/65536       21680/1310720  ( 1.7%) 
vertexes              1419/65536       17028/786432   ( 2.2%) 
nodes                  579/65536       18528/2097152  ( 0.9%) 
texinfos               163/12288       11736/884736   ( 1.3%) 
texdata                 27/2048          864/65536    ( 1.3%) 
dispinfos                0/0               0/0        ( 0.0%) 
disp_verts               0/0               0/0        ( 0.0%) 
disp_tris                0/0               0/0        ( 0.0%) 
disp_lmsamples           0/0               0/0        ( 0.0%) 
faces                  951/65536       53256/3670016  ( 1.5%) 
hdr faces                0/65536           0/3670016  ( 0.0%) 
origfaces              457/65536       25592/3670016  ( 0.7%) 
leaves                 623/65536       19936/2097152  ( 1.0%) 
leaffaces             2073/65536        4146/131072   ( 3.2%) 
leafbrushes            155/65536         310/131072   ( 0.2%) 
areas                    2/256            16/2048     ( 0.8%) 
surfedges             6167/512000      24668/2048000  ( 1.2%) 
edges                 3277/256000      13108/1024000  ( 1.3%) 
LDR worldlights          7/8192          616/720896   ( 0.1%) 
HDR worldlights          0/8192            0/720896   ( 0.0%) 
leafwaterdata            1/32768          12/393216   ( 0.0%) 
waterstrips             30/32768         300/327680   ( 0.1%) 
waterverts               0/65536           0/786432   ( 0.0%) 
waterindices           423/65536         846/131072   ( 0.6%) 
cubemapsamples           2/1024           32/16384    ( 0.2%) 
overlays                 0/512             0/180224   ( 0.0%) 
LDR lightdata         [variable]    10440708/0        ( 0.0%) 
HDR lightdata         [variable]           0/0        ( 0.0%) 
visdata               [variable]        1831/16777216 ( 0.0%) 
entdata               [variable]       46347/393216   (11.8%) 
LDR ambient table      623/65536        2492/262144   ( 1.0%) 
HDR ambient table      623/65536        2492/262144   ( 1.0%) 
LDR leaf ambient       887/65536       24836/1835008  ( 1.4%) 
HDR leaf ambient       623/65536       17444/1835008  ( 1.0%) 
occluders                0/0               0/0        ( 0.0%) 
occluder polygons        0/0               0/0        ( 0.0%) 
occluder vert ind        0/0               0/0        ( 0.0%) 
detail props          [variable]           1/12       ( 8.3%) 
static props          [variable]           1/828      ( 0.1%) 
pakfile               [variable]      320826/0        ( 0.0%) 
physics               [variable]       61305/4194304  ( 1.5%) 
physics terrain       [variable]           2/1048576  ( 0.0%) 

Level flags = 0

Total triangle count: 2389
Writing c:\program files (x86)\steam\steamapps\common\sourcesdk_content\hl2mp\mapsrc\test.bsp
3 seconds elapsed



materialPath: C:\Program Files (x86)\Steam\steamapps\common\Half-Life 2 Deathmatch\hl2mp\materials
Loading c:\program files (x86)\steam\steamapps\common\sourcesdk_content\hl2mp\mapsrc\test.vmf
ConVarRef mat_reduceparticles doesn't point to an existing ConVar
Could not locate 'GameData' key in c:\program files (x86)\steam\steamapps\common\half-life 2 deathmatch\hl2mp\gameinfo.txt
Patching WVT material: maps/test/dev/dev_blendmeasure_wvt_patch
fixing up env_cubemap materials on brush sides...
0...1...2...3...4...5...6...7...8...9...100...1...2...3...4...5...6...7...8...9...10Processing areas...done (0)
Building Faces...done (0)
Chop Details...done (0)
Find Visible Detail Sides...done (0)
Merging details...done (0)
FixTjuncs...
PruneNodes...
WriteBSP...
done (0)
writing c:\program files (x86)\steam\steamapps\common\sourcesdk_content\hl2mp\mapsrc\test.prt...Building visibility clusters...
done (0)
Creating default LDR cubemaps for env_cubemap using skybox materials:
   skybox/sky_day01_01*.vmt
 ! Run buildcubemaps in the engine to get the correct cube maps.
Creating default HDR cubemaps for env_cubemap using skybox materials:
   skybox/sky_day01_01*.vmt
 ! Run buildcubemaps in the engine to get the correct cube maps.
Finding displacement neighbors...
Finding lightmap sample positions...
Displacement Alpha : 0...1...2...3...4...5...6...7...8...9...10
Building Physics collision data...
done (0) (61307 bytes)
Placing detail props : 0...1...2...3...4...5...6...7...8...9...10
Compacting texture/material tables...
Reduced 401 texinfos to 160
Reduced 36 texdatas to 27 (1182 bytes to 911)
Writing c:\program files (x86)\steam\steamapps\common\sourcesdk_content\hl2mp\mapsrc\test.bsp
Wrote ZIP buffer, estimated size 323184, actual size 320826
0 seconds elapsed



12 threads
reading c:\program files (x86)\steam\steamapps\common\sourcesdk_content\hl2mp\mapsrc\test.bsp
reading c:\program files (x86)\steam\steamapps\common\sourcesdk_content\hl2mp\mapsrc\test.prt
  70 portalclusters
 203 numportals
0...1...2...3...4...5...6...7...8...9...10Optimized: 87 visible clusters (1.87%)
Total clusters visible: 4663
Average clusters visible: 66
Building PAS...
Average clusters audible: 70
visdatasize:1831  compressed from 2240
writing c:\program files (x86)\steam\steamapps\common\sourcesdk_content\hl2mp\mapsrc\test.bsp
0 seconds elapsed



[Reading texlights from 'lights.rad']
[45 texlights parsed from 'lights.rad']

Loading c:\program files (x86)\steam\steamapps\common\sourcesdk_content\hl2mp\mapsrc\test.bsp
945 faces
37413 square feet [5387582.00 square inches]
0 Displacements
0 Square Feet [0.00 Square Inches]
945 patches before subdivision
52539 patches after subdivision
7 direct lights
0...1...2...3...4...5...6...7...8...9...100...1...2...3...4...5...6...7...8...9...10transfers 5796702, max 601
transfer lists:  44.2 megs
0...1...2...3...4...5...6...7...8...9...10	Bounce #1 added RGB(26563, 25917, 22377)
0...1...2...3...4...5...6...7...8...9...10	Bounce #2 added RGB(10820, 9821, 7196)
Build Patch/Sample Hash Table(s).....Done<0.0109 sec>
0...1...2...3...4...5...6...7...8...9...10FinalLightFace Done
0 of 0 (0% of) surface lights went in leaf ambient cubes.
0...1...2...3...4...5...6...7...8...9...10Writing leaf ambient...done
Ready to Finish

Object names       Objects/Maxobjs  Memory / Maxmem  Fullness 
------------       ---------------  ---------------  -------- 
models                  43/1024         2064/49152    ( 4.2%) 
brushes                123/8192         1476/98304    ( 1.5%) 
brushsides             873/65536        6984/524288   ( 1.3%) 
planes                1084/65536       21680/1310720  ( 1.7%) 
vertexes              1419/65536       17028/786432   ( 2.2%) 
nodes                  579/65536       18528/2097152  ( 0.9%) 
texinfos               160/12288       11520/884736   ( 1.3%) 
texdata                 27/2048          864/65536    ( 1.3%) 
dispinfos                0/0               0/0        ( 0.0%) 
disp_verts               0/0               0/0        ( 0.0%) 
disp_tris                0/0               0/0        ( 0.0%) 
disp_lmsamples           0/0               0/0        ( 0.0%) 
faces                  945/65536       52920/3670016  ( 1.4%) 
hdr faces                0/65536           0/3670016  ( 0.0%) 
origfaces              451/65536       25256/3670016  ( 0.7%) 
leaves                 623/65536       19936/2097152  ( 1.0%) 
leaffaces             2067/65536        4134/131072   ( 3.2%) 
leafbrushes            155/65536         310/131072   ( 0.2%) 
areas                    2/256            16/2048     ( 0.8%) 
surfedges             6119/512000      24476/2048000  ( 1.2%) 
edges                 3253/256000      13012/1024000  ( 1.3%) 
LDR worldlights          7/8192          616/720896   ( 0.1%) 
HDR worldlights          0/8192            0/720896   ( 0.0%) 
leafwaterdata            1/32768          12/393216   ( 0.0%) 
waterstrips             30/32768         300/327680   ( 0.1%) 
waterverts               0/65536           0/786432   ( 0.0%) 
waterindices           423/65536         846/131072   ( 0.6%) 
cubemapsamples           2/1024           32/16384    ( 0.2%) 
overlays                 0/512             0/180224   ( 0.0%) 
LDR lightdata         [variable]    10440300/0        ( 0.0%) 
HDR lightdata         [variable]           0/0        ( 0.0%) 
visdata               [variable]        1831/16777216 ( 0.0%) 
entdata               [variable]       46347/393216   (11.8%) 
LDR ambient table      623/65536        2492/262144   ( 1.0%) 
HDR ambient table      623/65536        2492/262144   ( 1.0%) 
LDR leaf ambient       888/65536       24864/1835008  ( 1.4%) 
HDR leaf ambient       623/65536       17444/1835008  ( 1.0%) 
occluders                0/0               0/0        ( 0.0%) 
occluder polygons        0/0               0/0        ( 0.0%) 
occluder vert ind        0/0               0/0        ( 0.0%) 
detail props          [variable]           1/12       ( 8.3%) 
static props          [variable]           1/828      ( 0.1%) 
pakfile               [variable]      320826/0        ( 0.0%) 
physics               [variable]       61307/4194304  ( 1.5%) 
physics terrain       [variable]           2/1048576  ( 0.0%) 

Level flags = 0

Total triangle count: 2377
Writing c:\program files (x86)\steam\steamapps\common\sourcesdk_content\hl2mp\mapsrc\test.bsp
3 seconds elapsed



materialPath: C:\Program Files (x86)\Steam\steamapps\common\Half-Life 2 Deathmatch\hl2mp\materials
Loading c:\program files (x86)\steam\steamapps\common\sourcesdk_content\hl2mp\mapsrc\test.vmf
ConVarRef mat_reduceparticles doesn't point to an existing ConVar
Could not locate 'GameData' key in c:\program files (x86)\steam\steamapps\common\half-life 2 deathmatch\hl2mp\gameinfo.txt
Patching WVT material: maps/test/dev/dev_blendmeasure_wvt_patch
fixing up env_cubemap materials on brush sides...
0...1...2...3...4...5...6...7...8...9...100...1...2...3...4...5...6...7...8...9...10Processing areas...done (0)
Building Faces...done (0)
Chop Details...done (0)
Find Visible Detail Sides...done (0)
Merging details...done (0)
FixTjuncs...
PruneNodes...
WriteBSP...
done (0)
writing c:\program files (x86)\steam\steamapps\common\sourcesdk_content\hl2mp\mapsrc\test.prt...Building visibility clusters...
done (0)
Creating default LDR cubemaps for env_cubemap using skybox materials:
   skybox/sky_day01_01*.vmt
 ! Run buildcubemaps in the engine to get the correct cube maps.
Creating default HDR cubemaps for env_cubemap using skybox materials:
   skybox/sky_day01_01*.vmt
 ! Run buildcubemaps in the engine to get the correct cube maps.
Finding displacement neighbors...
Finding lightmap sample positions...
Displacement Alpha : 0...1...2...3...4...5...6...7...8...9...10
Building Physics collision data...
done (0) (61307 bytes)
Placing detail props : 0...1...2...3...4...5...6...7...8...9...10
Compacting texture/material tables...
Reduced 401 texinfos to 160
Reduced 36 texdatas to 27 (1182 bytes to 911)
Writing c:\program files (x86)\steam\steamapps\common\sourcesdk_content\hl2mp\mapsrc\test.bsp
Wrote ZIP buffer, estimated size 323184, actual size 320826
0 seconds elapsed



12 threads
reading c:\program files (x86)\steam\steamapps\common\sourcesdk_content\hl2mp\mapsrc\test.bsp
reading c:\program files (x86)\steam\steamapps\common\sourcesdk_content\hl2mp\mapsrc\test.prt
  70 portalclusters
 203 numportals
0...1...2...3...4...5...6...7...8...9...10Optimized: 87 visible clusters (1.87%)
Total clusters visible: 4663
Average clusters visible: 66
Building PAS...
Average clusters audible: 70
visdatasize:1831  compressed from 2240
writing c:\program files (x86)\steam\steamapps\common\sourcesdk_content\hl2mp\mapsrc\test.bsp
0 seconds elapsed



[Reading texlights from 'lights.rad']
[45 texlights parsed from 'lights.rad']

Loading c:\program files (x86)\steam\steamapps\common\sourcesdk_content\hl2mp\mapsrc\test.bsp
945 faces
37413 square feet [5387582.00 square inches]
0 Displacements
0 Square Feet [0.00 Square Inches]
945 patches before subdivision
52539 patches after subdivision
7 direct lights
0...1...2...3...4...5...6...7...8...9...100...1...2...3...4...5...6...7...8...9...10transfers 5796702, max 601
transfer lists:  44.2 megs
0...1...2...3...4...5...6...7...8...9...10	Bounce #1 added RGB(26563, 25917, 22377)
0...1...2...3...4...5...6...7...8...9...10	Bounce #2 added RGB(10820, 9821, 7196)
Build Patch/Sample Hash Table(s).....Done<0.0134 sec>
0...1...2...3...4...5...6...7...8...9...10FinalLightFace Done
0 of 0 (0% of) surface lights went in leaf ambient cubes.
0...1...2...3...4...5...6...7...8...9...10Writing leaf ambient...done
Ready to Finish

Object names       Objects/Maxobjs  Memory / Maxmem  Fullness 
------------       ---------------  ---------------  -------- 
models                  43/1024         2064/49152    ( 4.2%) 
brushes                123/8192         1476/98304    ( 1.5%) 
brushsides             873/65536        6984/524288   ( 1.3%) 
planes                1084/65536       21680/1310720  ( 1.7%) 
vertexes              1419/65536       17028/786432   ( 2.2%) 
nodes                  579/65536       18528/2097152  ( 0.9%) 
texinfos               160/12288       11520/884736   ( 1.3%) 
texdata                 27/2048          864/65536    ( 1.3%) 
dispinfos                0/0               0/0        ( 0.0%) 
disp_verts               0/0               0/0        ( 0.0%) 
disp_tris                0/0               0/0        ( 0.0%) 
disp_lmsamples           0/0               0/0        ( 0.0%) 
faces                  945/65536       52920/3670016  ( 1.4%) 
hdr faces                0/65536           0/3670016  ( 0.0%) 
origfaces              451/65536       25256/3670016  ( 0.7%) 
leaves                 623/65536       19936/2097152  ( 1.0%) 
leaffaces             2067/65536        4134/131072   ( 3.2%) 
leafbrushes            155/65536         310/131072   ( 0.2%) 
areas                    2/256            16/2048     ( 0.8%) 
surfedges             6119/512000      24476/2048000  ( 1.2%) 
edges                 3253/256000      13012/1024000  ( 1.3%) 
LDR worldlights          7/8192          616/720896   ( 0.1%) 
HDR worldlights          0/8192            0/720896   ( 0.0%) 
leafwaterdata            1/32768          12/393216   ( 0.0%) 
waterstrips             30/32768         300/327680   ( 0.1%) 
waterverts               0/65536           0/786432   ( 0.0%) 
waterindices           423/65536         846/131072   ( 0.6%) 
cubemapsamples           2/1024           32/16384    ( 0.2%) 
overlays                 0/512             0/180224   ( 0.0%) 
LDR lightdata         [variable]    10440300/0        ( 0.0%) 
HDR lightdata         [variable]           0/0        ( 0.0%) 
visdata               [variable]        1831/16777216 ( 0.0%) 
entdata               [variable]       46309/393216   (11.8%) 
LDR ambient table      623/65536        2492/262144   ( 1.0%) 
HDR ambient table      623/65536        2492/262144   ( 1.0%) 
LDR leaf ambient       888/65536       24864/1835008  ( 1.4%) 
HDR leaf ambient       623/65536       17444/1835008  ( 1.0%) 
occluders                0/0               0/0        ( 0.0%) 
occluder polygons        0/0               0/0        ( 0.0%) 
occluder vert ind        0/0               0/0        ( 0.0%) 
detail props          [variable]           1/12       ( 8.3%) 
static props          [variable]           1/828      ( 0.1%) 
pakfile               [variable]      320826/0        ( 0.0%) 
physics               [variable]       61307/4194304  ( 1.5%) 
physics terrain       [variable]           2/1048576  ( 0.0%) 

Level flags = 0

Total triangle count: 2377
Writing c:\program files (x86)\steam\steamapps\common\sourcesdk_content\hl2mp\mapsrc\test.bsp
3 seconds elapsed



materialPath: C:\Program Files (x86)\Steam\steamapps\common\Half-Life 2 Deathmatch\hl2mp\materials
Loading c:\program files (x86)\steam\steamapps\common\sourcesdk_content\hl2mp\mapsrc\test.vmf
ConVarRef mat_reduceparticles doesn't point to an existing ConVar
Could not locate 'GameData' key in c:\program files (x86)\steam\steamapps\common\half-life 2 deathmatch\hl2mp\gameinfo.txt
Patching WVT material: maps/test/dev/dev_blendmeasure_wvt_patch
fixing up env_cubemap materials on brush sides...
0...1...2...3...4...5...6...7...8...9...100...1...2...3...4...5...6...7...8...9...10Processing areas...done (0)
Building Faces...done (0)
Chop Details...done (0)
Find Visible Detail Sides...done (0)
Merging details...done (0)
FixTjuncs...
PruneNodes...
WriteBSP...
done (0)
writing c:\program files (x86)\steam\steamapps\common\sourcesdk_content\hl2mp\mapsrc\test.prt...Building visibility clusters...
done (0)
Creating default LDR cubemaps for env_cubemap using skybox materials:
   skybox/sky_day01_01*.vmt
 ! Run buildcubemaps in the engine to get the correct cube maps.
Creating default HDR cubemaps for env_cubemap using skybox materials:
   skybox/sky_day01_01*.vmt
 ! Run buildcubemaps in the engine to get the correct cube maps.
Finding displacement neighbors...
Finding lightmap sample positions...
Displacement Alpha : 0...1...2...3...4...5...6...7...8...9...10
Building Physics collision data...
done (0) (61307 bytes)
Placing detail props : 0...1...2...3...4...5...6...7...8...9...10
Compacting texture/material tables...
Reduced 401 texinfos to 160
Reduced 36 texdatas to 27 (1182 bytes to 911)
Writing c:\program files (x86)\steam\steamapps\common\sourcesdk_content\hl2mp\mapsrc\test.bsp
Wrote ZIP buffer, estimated size 323184, actual size 320826
0 seconds elapsed



12 threads
reading c:\program files (x86)\steam\steamapps\common\sourcesdk_content\hl2mp\mapsrc\test.bsp
reading c:\program files (x86)\steam\steamapps\common\sourcesdk_content\hl2mp\mapsrc\test.prt
  70 portalclusters
 203 numportals
0...1...2...3...4...5...6...7...8...9...10Optimized: 87 visible clusters (1.87%)
Total clusters visible: 4663
Average clusters visible: 66
Building PAS...
Average clusters audible: 70
visdatasize:1831  compressed from 2240
writing c:\program files (x86)\steam\steamapps\common\sourcesdk_content\hl2mp\mapsrc\test.bsp
0 seconds elapsed



[Reading texlights from 'lights.rad']
[45 texlights parsed from 'lights.rad']

Loading c:\program files (x86)\steam\steamapps\common\sourcesdk_content\hl2mp\mapsrc\test.bsp
945 faces
37413 square feet [5387582.00 square inches]
0 Displacements
0 Square Feet [0.00 Square Inches]
945 patches before subdivision
52539 patches after subdivision
7 direct lights
0...1...2...3...4...5...6...7...8...9...100...1...2...3...4...5...6...7...8...9...10transfers 5796702, max 601
transfer lists:  44.2 megs
0...1...2...3...4...5...6...7...8...9...10	Bounce #1 added RGB(26563, 25917, 22377)
0...1...2...3...4...5...6...7...8...9...10	Bounce #2 added RGB(10820, 9821, 7196)
Build Patch/Sample Hash Table(s).....Done<0.0134 sec>
0...1...2...3...4...5...6...7...8...9...10FinalLightFace Done
0 of 0 (0% of) surface lights went in leaf ambient cubes.
0...1...2...3...4...5...6...7...8...9...10Writing leaf ambient...done
Ready to Finish

Object names       Objects/Maxobjs  Memory / Maxmem  Fullness 
------------       ---------------  ---------------  -------- 
models                  43/1024         2064/49152    ( 4.2%) 
brushes                123/8192         1476/98304    ( 1.5%) 
brushsides             873/65536        6984/524288   ( 1.3%) 
planes                1084/65536       21680/1310720  ( 1.7%) 
vertexes              1419/65536       17028/786432   ( 2.2%) 
nodes                  579/65536       18528/2097152  ( 0.9%) 
texinfos               160/12288       11520/884736   ( 1.3%) 
texdata                 27/2048          864/65536    ( 1.3%) 
dispinfos                0/0               0/0        ( 0.0%) 
disp_verts               0/0               0/0        ( 0.0%) 
disp_tris                0/0               0/0        ( 0.0%) 
disp_lmsamples           0/0               0/0        ( 0.0%) 
faces                  945/65536       52920/3670016  ( 1.4%) 
hdr faces                0/65536           0/3670016  ( 0.0%) 
origfaces              451/65536       25256/3670016  ( 0.7%) 
leaves                 623/65536       19936/2097152  ( 1.0%) 
leaffaces             2067/65536        4134/131072   ( 3.2%) 
leafbrushes            155/65536         310/131072   ( 0.2%) 
areas                    2/256            16/2048     ( 0.8%) 
surfedges             6119/512000      24476/2048000  ( 1.2%) 
edges                 3253/256000      13012/1024000  ( 1.3%) 
LDR worldlights          7/8192          616/720896   ( 0.1%) 
HDR worldlights          0/8192            0/720896   ( 0.0%) 
leafwaterdata            1/32768          12/393216   ( 0.0%) 
waterstrips             30/32768         300/327680   ( 0.1%) 
waterverts               0/65536           0/786432   ( 0.0%) 
waterindices           423/65536         846/131072   ( 0.6%) 
cubemapsamples           2/1024           32/16384    ( 0.2%) 
overlays                 0/512             0/180224   ( 0.0%) 
LDR lightdata         [variable]    10440300/0        ( 0.0%) 
HDR lightdata         [variable]           0/0        ( 0.0%) 
visdata               [variable]        1831/16777216 ( 0.0%) 
entdata               [variable]       46306/393216   (11.8%) 
LDR ambient table      623/65536        2492/262144   ( 1.0%) 
HDR ambient table      623/65536        2492/262144   ( 1.0%) 
LDR leaf ambient       888/65536       24864/1835008  ( 1.4%) 
HDR leaf ambient       623/65536       17444/1835008  ( 1.0%) 
occluders                0/0               0/0        ( 0.0%) 
occluder polygons        0/0               0/0        ( 0.0%) 
occluder vert ind        0/0               0/0        ( 0.0%) 
detail props          [variable]           1/12       ( 8.3%) 
static props          [variable]           1/828      ( 0.1%) 
pakfile               [variable]      320826/0        ( 0.0%) 
physics               [variable]       61307/4194304  ( 1.5%) 
physics terrain       [variable]           2/1048576  ( 0.0%) 

Level flags = 0

Total triangle count: 2377
Writing c:\program files (x86)\steam\steamapps\common\sourcesdk_content\hl2mp\mapsrc\test.bsp
3 seconds elapsed



materialPath: C:\Program Files (x86)\Steam\steamapps\common\Half-Life 2 Deathmatch\hl2mp\materials
Loading c:\program files (x86)\steam\steamapps\common\sourcesdk_content\hl2mp\mapsrc\test.vmf
ConVarRef mat_reduceparticles doesn't point to an existing ConVar
Could not locate 'GameData' key in c:\program files (x86)\steam\steamapps\common\half-life 2 deathmatch\hl2mp\gameinfo.txt
Patching WVT material: maps/test/dev/dev_blendmeasure_wvt_patch
fixing up env_cubemap materials on brush sides...
0...1...2...3...4...5...6...7...8...9...100...1...2...3...4...5...6...7...8...9...10Processing areas...done (0)
Building Faces...done (0)
Chop Details...done (0)
Find Visible Detail Sides...done (0)
Merging details...done (0)
FixTjuncs...
PruneNodes...
WriteBSP...
done (0)
writing c:\program files (x86)\steam\steamapps\common\sourcesdk_content\hl2mp\mapsrc\test.prt...Building visibility clusters...
done (0)
Creating default LDR cubemaps for env_cubemap using skybox materials:
   skybox/sky_day01_01*.vmt
 ! Run buildcubemaps in the engine to get the correct cube maps.
Creating default HDR cubemaps for env_cubemap using skybox materials:
   skybox/sky_day01_01*.vmt
 ! Run buildcubemaps in the engine to get the correct cube maps.
Finding displacement neighbors...
Finding lightmap sample positions...
Displacement Alpha : 0...1...2...3...4...5...6...7...8...9...10
Building Physics collision data...
done (0) (61307 bytes)
Placing detail props : 0...1...2...3...4...5...6...7...8...9...10
Compacting texture/material tables...
Reduced 401 texinfos to 160
Reduced 36 texdatas to 27 (1182 bytes to 911)
Writing c:\program files (x86)\steam\steamapps\common\sourcesdk_content\hl2mp\mapsrc\test.bsp
Wrote ZIP buffer, estimated size 323184, actual size 320826
0 seconds elapsed



12 threads
reading c:\program files (x86)\steam\steamapps\common\sourcesdk_content\hl2mp\mapsrc\test.bsp
reading c:\program files (x86)\steam\steamapps\common\sourcesdk_content\hl2mp\mapsrc\test.prt
  70 portalclusters
 203 numportals
0...1...2...3...4...5...6...7...8...9...10Optimized: 87 visible clusters (1.87%)
Total clusters visible: 4663
Average clusters visible: 66
Building PAS...
Average clusters audible: 70
visdatasize:1831  compressed from 2240
writing c:\program files (x86)\steam\steamapps\common\sourcesdk_content\hl2mp\mapsrc\test.bsp
0 seconds elapsed



[Reading texlights from 'lights.rad']
[45 texlights parsed from 'lights.rad']

Loading c:\program files (x86)\steam\steamapps\common\sourcesdk_content\hl2mp\mapsrc\test.bsp
945 faces
37413 square feet [5387582.00 square inches]
0 Displacements
0 Square Feet [0.00 Square Inches]
945 patches before subdivision
52539 patches after subdivision
7 direct lights
0...1...2...3...4...5...6...7...8...9...100...1...2...3...4...5...6...7...8...9...10transfers 5796702, max 601
transfer lists:  44.2 megs
0...1...2...3...4...5...6...7...8...9...10	Bounce #1 added RGB(26563, 25917, 22377)
0...1...2...3...4...5...6...7...8...9...10	Bounce #2 added RGB(10820, 9821, 7196)
Build Patch/Sample Hash Table(s).....Done<0.0134 sec>
0...1...2...3...4...5...6...7...8...9...10FinalLightFace Done
0 of 0 (0% of) surface lights went in leaf ambient cubes.
0...1...2...3...4...5...6...7...8...9...10Writing leaf ambient...done
Ready to Finish

Object names       Objects/Maxobjs  Memory / Maxmem  Fullness 
------------       ---------------  ---------------  -------- 
models                  43/1024         2064/49152    ( 4.2%) 
brushes                123/8192         1476/98304    ( 1.5%) 
brushsides             873/65536        6984/524288   ( 1.3%) 
planes                1084/65536       21680/1310720  ( 1.7%) 
vertexes              1419/65536       17028/786432   ( 2.2%) 
nodes                  579/65536       18528/2097152  ( 0.9%) 
texinfos               160/12288       11520/884736   ( 1.3%) 
texdata                 27/2048          864/65536    ( 1.3%) 
dispinfos                0/0               0/0        ( 0.0%) 
disp_verts               0/0               0/0        ( 0.0%) 
disp_tris                0/0               0/0        ( 0.0%) 
disp_lmsamples           0/0               0/0        ( 0.0%) 
faces                  945/65536       52920/3670016  ( 1.4%) 
hdr faces                0/65536           0/3670016  ( 0.0%) 
origfaces              451/65536       25256/3670016  ( 0.7%) 
leaves                 623/65536       19936/2097152  ( 1.0%) 
leaffaces             2067/65536        4134/131072   ( 3.2%) 
leafbrushes            155/65536         310/131072   ( 0.2%) 
areas                    2/256            16/2048     ( 0.8%) 
surfedges             6119/512000      24476/2048000  ( 1.2%) 
edges                 3253/256000      13012/1024000  ( 1.3%) 
LDR worldlights          7/8192          616/720896   ( 0.1%) 
HDR worldlights          0/8192            0/720896   ( 0.0%) 
leafwaterdata            1/32768          12/393216   ( 0.0%) 
waterstrips             30/32768         300/327680   ( 0.1%) 
waterverts               0/65536           0/786432   ( 0.0%) 
waterindices           423/65536         846/131072   ( 0.6%) 
cubemapsamples           2/1024           32/16384    ( 0.2%) 
overlays                 0/512             0/180224   ( 0.0%) 
LDR lightdata         [variable]    10440300/0        ( 0.0%) 
HDR lightdata         [variable]           0/0        ( 0.0%) 
visdata               [variable]        1831/16777216 ( 0.0%) 
entdata               [variable]       46305/393216   (11.8%) 
LDR ambient table      623/65536        2492/262144   ( 1.0%) 
HDR ambient table      623/65536        2492/262144   ( 1.0%) 
LDR leaf ambient       888/65536       24864/1835008  ( 1.4%) 
HDR leaf ambient       623/65536       17444/1835008  ( 1.0%) 
occluders                0/0               0/0        ( 0.0%) 
occluder polygons        0/0               0/0        ( 0.0%) 
occluder vert ind        0/0               0/0        ( 0.0%) 
detail props          [variable]           1/12       ( 8.3%) 
static props          [variable]           1/828      ( 0.1%) 
pakfile               [variable]      320826/0        ( 0.0%) 
physics               [variable]       61307/4194304  ( 1.5%) 
physics terrain       [variable]           2/1048576  ( 0.0%) 

Level flags = 0

Total triangle count: 2377
Writing c:\program files (x86)\steam\steamapps\common\sourcesdk_content\hl2mp\mapsrc\test.bsp
3 seconds elapsed



materialPath: C:\Program Files (x86)\Steam\steamapps\common\Half-Life 2 Deathmatch\hl2mp\materials
Loading c:\program files (x86)\steam\steamapps\common\sourcesdk_content\hl2mp\mapsrc\test.vmf
ConVarRef mat_reduceparticles doesn't point to an existing ConVar
Could not locate 'GameData' key in c:\program files (x86)\steam\steamapps\common\half-life 2 deathmatch\hl2mp\gameinfo.txt
Patching WVT material: maps/test/dev/dev_blendmeasure_wvt_patch
fixing up env_cubemap materials on brush sides...
0...1...2...3...4...5...6...7...8...9...100...1...2...3...4...5...6...7...8...9...10Processing areas...done (0)
Building Faces...done (0)
Chop Details...done (0)
Find Visible Detail Sides...done (0)
Merging details...done (0)
FixTjuncs...
PruneNodes...
WriteBSP...
done (0)
writing c:\program files (x86)\steam\steamapps\common\sourcesdk_content\hl2mp\mapsrc\test.prt...Building visibility clusters...
done (0)
Creating default LDR cubemaps for env_cubemap using skybox materials:
   skybox/sky_day01_01*.vmt
 ! Run buildcubemaps in the engine to get the correct cube maps.
Creating default HDR cubemaps for env_cubemap using skybox materials:
   skybox/sky_day01_01*.vmt
 ! Run buildcubemaps in the engine to get the correct cube maps.
Finding displacement neighbors...
Finding lightmap sample positions...
Displacement Alpha : 0...1...2...3...4...5...6...7...8...9...10
Building Physics collision data...
done (0) (61307 bytes)
Placing detail props : 0...1...2...3...4...5...6...7...8...9...10
Compacting texture/material tables...
Reduced 401 texinfos to 160
Reduced 36 texdatas to 27 (1182 bytes to 911)
Writing c:\program files (x86)\steam\steamapps\common\sourcesdk_content\hl2mp\mapsrc\test.bsp
Wrote ZIP buffer, estimated size 323184, actual size 320826
0 seconds elapsed



12 threads
reading c:\program files (x86)\steam\steamapps\common\sourcesdk_content\hl2mp\mapsrc\test.bsp
reading c:\program files (x86)\steam\steamapps\common\sourcesdk_content\hl2mp\mapsrc\test.prt
  70 portalclusters
 203 numportals
0...1...2...3...4...5...6...7...8...9...10Optimized: 87 visible clusters (1.87%)
Total clusters visible: 4663
Average clusters visible: 66
Building PAS...
Average clusters audible: 70
visdatasize:1831  compressed from 2240
writing c:\program files (x86)\steam\steamapps\common\sourcesdk_content\hl2mp\mapsrc\test.bsp
0 seconds elapsed



[Reading texlights from 'lights.rad']
[45 texlights parsed from 'lights.rad']

Loading c:\program files (x86)\steam\steamapps\common\sourcesdk_content\hl2mp\mapsrc\test.bsp
945 faces
37413 square feet [5387582.00 square inches]
0 Displacements
0 Square Feet [0.00 Square Inches]
945 patches before subdivision
52539 patches after subdivision
7 direct lights
0...1...2...3...4...5...6...7...8...9...100...1...2...3...4...5...6...7...8...9...10transfers 5796702, max 601
transfer lists:  44.2 megs
0...1...2...3...4...5...6...7...8...9...10	Bounce #1 added RGB(26563, 25917, 22377)
0...1...2...3...4...5...6...7...8...9...10	Bounce #2 added RGB(10820, 9821, 7196)
Build Patch/Sample Hash Table(s).....Done<0.0135 sec>
0...1...2...3...4...5...6...7...8...9...10FinalLightFace Done
0 of 0 (0% of) surface lights went in leaf ambient cubes.
0...1...2...3...4...5...6...7...8...9...10Writing leaf ambient...done
Ready to Finish

Object names       Objects/Maxobjs  Memory / Maxmem  Fullness 
------------       ---------------  ---------------  -------- 
models                  43/1024         2064/49152    ( 4.2%) 
brushes                123/8192         1476/98304    ( 1.5%) 
brushsides             873/65536        6984/524288   ( 1.3%) 
planes                1084/65536       21680/1310720  ( 1.7%) 
vertexes              1419/65536       17028/786432   ( 2.2%) 
nodes                  579/65536       18528/2097152  ( 0.9%) 
texinfos               160/12288       11520/884736   ( 1.3%) 
texdata                 27/2048          864/65536    ( 1.3%) 
dispinfos                0/0               0/0        ( 0.0%) 
disp_verts               0/0               0/0        ( 0.0%) 
disp_tris                0/0               0/0        ( 0.0%) 
disp_lmsamples           0/0               0/0        ( 0.0%) 
faces                  945/65536       52920/3670016  ( 1.4%) 
hdr faces                0/65536           0/3670016  ( 0.0%) 
origfaces              451/65536       25256/3670016  ( 0.7%) 
leaves                 623/65536       19936/2097152  ( 1.0%) 
leaffaces             2067/65536        4134/131072   ( 3.2%) 
leafbrushes            155/65536         310/131072   ( 0.2%) 
areas                    2/256            16/2048     ( 0.8%) 
surfedges             6119/512000      24476/2048000  ( 1.2%) 
edges                 3253/256000      13012/1024000  ( 1.3%) 
LDR worldlights          7/8192          616/720896   ( 0.1%) 
HDR worldlights          0/8192            0/720896   ( 0.0%) 
leafwaterdata            1/32768          12/393216   ( 0.0%) 
waterstrips             30/32768         300/327680   ( 0.1%) 
waterverts               0/65536           0/786432   ( 0.0%) 
waterindices           423/65536         846/131072   ( 0.6%) 
cubemapsamples           2/1024           32/16384    ( 0.2%) 
overlays                 0/512             0/180224   ( 0.0%) 
LDR lightdata         [variable]    10440300/0        ( 0.0%) 
HDR lightdata         [variable]           0/0        ( 0.0%) 
visdata               [variable]        1831/16777216 ( 0.0%) 
entdata               [variable]       46304/393216   (11.8%) 
LDR ambient table      623/65536        2492/262144   ( 1.0%) 
HDR ambient table      623/65536        2492/262144   ( 1.0%) 
LDR leaf ambient       888/65536       24864/1835008  ( 1.4%) 
HDR leaf ambient       623/65536       17444/1835008  ( 1.0%) 
occluders                0/0               0/0        ( 0.0%) 
occluder polygons        0/0               0/0        ( 0.0%) 
occluder vert ind        0/0               0/0        ( 0.0%) 
detail props          [variable]           1/12       ( 8.3%) 
static props          [variable]           1/828      ( 0.1%) 
pakfile               [variable]      320826/0        ( 0.0%) 
physics               [variable]       61307/4194304  ( 1.5%) 
physics terrain       [variable]           2/1048576  ( 0.0%) 

Level flags = 0

Total triangle count: 2377
Writing c:\program files (x86)\steam\steamapps\common\sourcesdk_content\hl2mp\mapsrc\test.bsp
3 seconds elapsed



materialPath: C:\Program Files (x86)\Steam\steamapps\common\Half-Life 2 Deathmatch\hl2mp\materials
Loading c:\program files (x86)\steam\steamapps\common\sourcesdk_content\hl2mp\mapsrc\test.vmf
ConVarRef mat_reduceparticles doesn't point to an existing ConVar
Could not locate 'GameData' key in c:\program files (x86)\steam\steamapps\common\half-life 2 deathmatch\hl2mp\gameinfo.txt
Patching WVT material: maps/test/dev/dev_blendmeasure_wvt_patch
fixing up env_cubemap materials on brush sides...
0...1...2...3...4...5...6...7...8...9...100...1...2...3...4...5...6...7...8...9...10Processing areas...done (0)
Building Faces...done (0)
Chop Details...done (0)
Find Visible Detail Sides...done (0)
Merging details...done (0)
FixTjuncs...
PruneNodes...
WriteBSP...
done (0)
writing c:\program files (x86)\steam\steamapps\common\sourcesdk_content\hl2mp\mapsrc\test.prt...Building visibility clusters...
done (0)
Creating default LDR cubemaps for env_cubemap using skybox materials:
   skybox/sky_day01_01*.vmt
 ! Run buildcubemaps in the engine to get the correct cube maps.
Creating default HDR cubemaps for env_cubemap using skybox materials:
   skybox/sky_day01_01*.vmt
 ! Run buildcubemaps in the engine to get the correct cube maps.
Finding displacement neighbors...
Finding lightmap sample positions...
Displacement Alpha : 0...1...2...3...4...5...6...7...8...9...10
Building Physics collision data...
done (0) (61307 bytes)
Placing detail props : 0...1...2...3...4...5...6...7...8...9...10
Compacting texture/material tables...
Reduced 401 texinfos to 160
Reduced 36 texdatas to 27 (1182 bytes to 911)
Writing c:\program files (x86)\steam\steamapps\common\sourcesdk_content\hl2mp\mapsrc\test.bsp
Wrote ZIP buffer, estimated size 323184, actual size 320826
0 seconds elapsed



12 threads
reading c:\program files (x86)\steam\steamapps\common\sourcesdk_content\hl2mp\mapsrc\test.bsp
reading c:\program files (x86)\steam\steamapps\common\sourcesdk_content\hl2mp\mapsrc\test.prt
  70 portalclusters
 203 numportals
0...1...2...3...4...5...6...7...8...9...10Optimized: 87 visible clusters (1.87%)
Total clusters visible: 4663
Average clusters visible: 66
Building PAS...
Average clusters audible: 70
visdatasize:1831  compressed from 2240
writing c:\program files (x86)\steam\steamapps\common\sourcesdk_content\hl2mp\mapsrc\test.bsp
0 seconds elapsed



[Reading texlights from 'lights.rad']
[45 texlights parsed from 'lights.rad']

Loading c:\program files (x86)\steam\steamapps\common\sourcesdk_content\hl2mp\mapsrc\test.bsp
945 faces
37413 square feet [5387582.00 square inches]
0 Displacements
0 Square Feet [0.00 Square Inches]
945 patches before subdivision
52539 patches after subdivision
7 direct lights
0...1...2...3...4...5...6...7...8...9...100...1...2...3...4...5...6...7...8...9...10transfers 5796702, max 601
transfer lists:  44.2 megs
0...1...2...3...4...5...6...7...8...9...10	Bounce #1 added RGB(26563, 25917, 22377)
0...1...2...3...4...5...6...7...8...9...10	Bounce #2 added RGB(10820, 9821, 7196)
Build Patch/Sample Hash Table(s).....Done<0.0134 sec>
0...1...2...3...4...5...6...7...8...9...10FinalLightFace Done
0 of 0 (0% of) surface lights went in leaf ambient cubes.
0...1...2...3...4...5...6...7...8...9...10Writing leaf ambient...done
Ready to Finish

Object names       Objects/Maxobjs  Memory / Maxmem  Fullness 
------------       ---------------  ---------------  -------- 
models                  43/1024         2064/49152    ( 4.2%) 
brushes                123/8192         1476/98304    ( 1.5%) 
brushsides             873/65536        6984/524288   ( 1.3%) 
planes                1084/65536       21680/1310720  ( 1.7%) 
vertexes              1419/65536       17028/786432   ( 2.2%) 
nodes                  579/65536       18528/2097152  ( 0.9%) 
texinfos               160/12288       11520/884736   ( 1.3%) 
texdata                 27/2048          864/65536    ( 1.3%) 
dispinfos                0/0               0/0        ( 0.0%) 
disp_verts               0/0               0/0        ( 0.0%) 
disp_tris                0/0               0/0        ( 0.0%) 
disp_lmsamples           0/0               0/0        ( 0.0%) 
faces                  945/65536       52920/3670016  ( 1.4%) 
hdr faces                0/65536           0/3670016  ( 0.0%) 
origfaces              451/65536       25256/3670016  ( 0.7%) 
leaves                 623/65536       19936/2097152  ( 1.0%) 
leaffaces             2067/65536        4134/131072   ( 3.2%) 
leafbrushes            155/65536         310/131072   ( 0.2%) 
areas                    2/256            16/2048     ( 0.8%) 
surfedges             6119/512000      24476/2048000  ( 1.2%) 
edges                 3253/256000      13012/1024000  ( 1.3%) 
LDR worldlights          7/8192          616/720896   ( 0.1%) 
HDR worldlights          0/8192            0/720896   ( 0.0%) 
leafwaterdata            1/32768          12/393216   ( 0.0%) 
waterstrips             30/32768         300/327680   ( 0.1%) 
waterverts               0/65536           0/786432   ( 0.0%) 
waterindices           423/65536         846/131072   ( 0.6%) 
cubemapsamples           2/1024           32/16384    ( 0.2%) 
overlays                 0/512             0/180224   ( 0.0%) 
LDR lightdata         [variable]    10440300/0        ( 0.0%) 
HDR lightdata         [variable]           0/0        ( 0.0%) 
visdata               [variable]        1831/16777216 ( 0.0%) 
entdata               [variable]       46304/393216   (11.8%) 
LDR ambient table      623/65536        2492/262144   ( 1.0%) 
HDR ambient table      623/65536        2492/262144   ( 1.0%) 
LDR leaf ambient       888/65536       24864/1835008  ( 1.4%) 
HDR leaf ambient       623/65536       17444/1835008  ( 1.0%) 
occluders                0/0               0/0        ( 0.0%) 
occluder polygons        0/0               0/0        ( 0.0%) 
occluder vert ind        0/0               0/0        ( 0.0%) 
detail props          [variable]           1/12       ( 8.3%) 
static props          [variable]           1/828      ( 0.1%) 
pakfile               [variable]      320826/0        ( 0.0%) 
physics               [variable]       61307/4194304  ( 1.5%) 
physics terrain       [variable]           2/1048576  ( 0.0%) 

Level flags = 0

Total triangle count: 2377
Writing c:\program files (x86)\steam\steamapps\common\sourcesdk_content\hl2mp\mapsrc\test.bsp
3 seconds elapsed



materialPath: C:\Program Files (x86)\Steam\steamapps\common\Half-Life 2 Deathmatch\hl2mp\materials
Loading c:\program files (x86)\steam\steamapps\common\sourcesdk_content\hl2mp\mapsrc\test.vmf
ConVarRef mat_reduceparticles doesn't point to an existing ConVar
Could not locate 'GameData' key in c:\program files (x86)\steam\steamapps\common\half-life 2 deathmatch\hl2mp\gameinfo.txt
Patching WVT material: maps/test/dev/dev_blendmeasure_wvt_patch
fixing up env_cubemap materials on brush sides...
0...1...2...3...4...5...6...7...8...9...100...1...2...3...4...5...6...7...8...9...10Processing areas...done (0)
Building Faces...done (0)
Chop Details...done (0)
Find Visible Detail Sides...done (0)
Merging details...done (0)
FixTjuncs...
PruneNodes...
WriteBSP...
done (0)
writing c:\program files (x86)\steam\steamapps\common\sourcesdk_content\hl2mp\mapsrc\test.prt...Building visibility clusters...
done (0)
Creating default LDR cubemaps for env_cubemap using skybox materials:
   skybox/sky_day01_01*.vmt
 ! Run buildcubemaps in the engine to get the correct cube maps.
Creating default HDR cubemaps for env_cubemap using skybox materials:
   skybox/sky_day01_01*.vmt
 ! Run buildcubemaps in the engine to get the correct cube maps.
Finding displacement neighbors...
Finding lightmap sample positions...
Displacement Alpha : 0...1...2...3...4...5...6...7...8...9...10
Building Physics collision data...
done (0) (61307 bytes)
Placing detail props : 0...1...2...3...4...5...6...7...8...9...10
Compacting texture/material tables...
Reduced 401 texinfos to 160
Reduced 36 texdatas to 27 (1182 bytes to 911)
Writing c:\program files (x86)\steam\steamapps\common\sourcesdk_content\hl2mp\mapsrc\test.bsp
Wrote ZIP buffer, estimated size 323184, actual size 320826
0 seconds elapsed



12 threads
reading c:\program files (x86)\steam\steamapps\common\sourcesdk_content\hl2mp\mapsrc\test.bsp
reading c:\program files (x86)\steam\steamapps\common\sourcesdk_content\hl2mp\mapsrc\test.prt
  70 portalclusters
 203 numportals
0...1...2...3...4...5...6...7...8...9...10Optimized: 87 visible clusters (1.87%)
Total clusters visible: 4663
Average clusters visible: 66
Building PAS...
Average clusters audible: 70
visdatasize:1831  compressed from 2240
writing c:\program files (x86)\steam\steamapps\common\sourcesdk_content\hl2mp\mapsrc\test.bsp
0 seconds elapsed



[Reading texlights from 'lights.rad']
[45 texlights parsed from 'lights.rad']

Loading c:\program files (x86)\steam\steamapps\common\sourcesdk_content\hl2mp\mapsrc\test.bsp
945 faces
37413 square feet [5387582.00 square inches]
0 Displacements
0 Square Feet [0.00 Square Inches]
945 patches before subdivision
52539 patches after subdivision
7 direct lights
0...1...2...3...4...5...6...7...8...9...100...1...2...3...4...5...6...7...8...9...10transfers 5796702, max 601
transfer lists:  44.2 megs
0...1...2...3...4...5...6...7...8...9...10	Bounce #1 added RGB(26563, 25917, 22377)
0...1...2...3...4...5...6...7...8...9...10	Bounce #2 added RGB(10820, 9821, 7196)
Build Patch/Sample Hash Table(s).....Done<0.0133 sec>
0...1...2...3...4...5...6...7...8...9...10FinalLightFace Done
0 of 0 (0% of) surface lights went in leaf ambient cubes.
0...1...2...3...4...5...6...7...8...9...10Writing leaf ambient...done
Ready to Finish

Object names       Objects/Maxobjs  Memory / Maxmem  Fullness 
------------       ---------------  ---------------  -------- 
models                  43/1024         2064/49152    ( 4.2%) 
brushes                123/8192         1476/98304    ( 1.5%) 
brushsides             873/65536        6984/524288   ( 1.3%) 
planes                1084/65536       21680/1310720  ( 1.7%) 
vertexes              1419/65536       17028/786432   ( 2.2%) 
nodes                  579/65536       18528/2097152  ( 0.9%) 
texinfos               160/12288       11520/884736   ( 1.3%) 
texdata                 27/2048          864/65536    ( 1.3%) 
dispinfos                0/0               0/0        ( 0.0%) 
disp_verts               0/0               0/0        ( 0.0%) 
disp_tris                0/0               0/0        ( 0.0%) 
disp_lmsamples           0/0               0/0        ( 0.0%) 
faces                  945/65536       52920/3670016  ( 1.4%) 
hdr faces                0/65536           0/3670016  ( 0.0%) 
origfaces              451/65536       25256/3670016  ( 0.7%) 
leaves                 623/65536       19936/2097152  ( 1.0%) 
leaffaces             2067/65536        4134/131072   ( 3.2%) 
leafbrushes            155/65536         310/131072   ( 0.2%) 
areas                    2/256            16/2048     ( 0.8%) 
surfedges             6119/512000      24476/2048000  ( 1.2%) 
edges                 3253/256000      13012/1024000  ( 1.3%) 
LDR worldlights          7/8192          616/720896   ( 0.1%) 
HDR worldlights          0/8192            0/720896   ( 0.0%) 
leafwaterdata            1/32768          12/393216   ( 0.0%) 
waterstrips             30/32768         300/327680   ( 0.1%) 
waterverts               0/65536           0/786432   ( 0.0%) 
waterindices           423/65536         846/131072   ( 0.6%) 
cubemapsamples           2/1024           32/16384    ( 0.2%) 
overlays                 0/512             0/180224   ( 0.0%) 
LDR lightdata         [variable]    10440300/0        ( 0.0%) 
HDR lightdata         [variable]           0/0        ( 0.0%) 
visdata               [variable]        1831/16777216 ( 0.0%) 
entdata               [variable]       46304/393216   (11.8%) 
LDR ambient table      623/65536        2492/262144   ( 1.0%) 
HDR ambient table      623/65536        2492/262144   ( 1.0%) 
LDR leaf ambient       888/65536       24864/1835008  ( 1.4%) 
HDR leaf ambient       623/65536       17444/1835008  ( 1.0%) 
occluders                0/0               0/0        ( 0.0%) 
occluder polygons        0/0               0/0        ( 0.0%) 
occluder vert ind        0/0               0/0        ( 0.0%) 
detail props          [variable]           1/12       ( 8.3%) 
static props          [variable]           1/828      ( 0.1%) 
pakfile               [variable]      320826/0        ( 0.0%) 
physics               [variable]       61307/4194304  ( 1.5%) 
physics terrain       [variable]           2/1048576  ( 0.0%) 

Level flags = 0

Total triangle count: 2377
Writing c:\program files (x86)\steam\steamapps\common\sourcesdk_content\hl2mp\mapsrc\test.bsp
3 seconds elapsed



materialPath: C:\Program Files (x86)\Steam\steamapps\common\Half-Life 2 Deathmatch\hl2mp\materials
Loading c:\program files (x86)\steam\steamapps\common\sourcesdk_content\hl2mp\mapsrc\test.vmf
ConVarRef mat_reduceparticles doesn't point to an existing ConVar
Could not locate 'GameData' key in c:\program files (x86)\steam\steamapps\common\half-life 2 deathmatch\hl2mp\gameinfo.txt
Patching WVT material: maps/test/dev/dev_blendmeasure_wvt_patch
fixing up env_cubemap materials on brush sides...
0...1...2...3...4...5...6...7...8...9...100...1...2...3...4...5...6...7...8...9...10Processing areas...done (0)
Building Faces...done (0)
Chop Details...done (0)
Find Visible Detail Sides...done (0)
Merging details...done (0)
FixTjuncs...
PruneNodes...
WriteBSP...
done (0)
writing c:\program files (x86)\steam\steamapps\common\sourcesdk_content\hl2mp\mapsrc\test.prt...Building visibility clusters...
done (0)
Creating default LDR cubemaps for env_cubemap using skybox materials:
   skybox/sky_day01_01*.vmt
 ! Run buildcubemaps in the engine to get the correct cube maps.
Creating default HDR cubemaps for env_cubemap using skybox materials:
   skybox/sky_day01_01*.vmt
 ! Run buildcubemaps in the engine to get the correct cube maps.
Finding displacement neighbors...
Finding lightmap sample positions...
Displacement Alpha : 0...1...2...3...4...5...6...7...8...9...10
Building Physics collision data...
done (0) (61307 bytes)
Placing detail props : 0...1...2...3...4...5...6...7...8...9...10
Compacting texture/material tables...
Reduced 401 texinfos to 160
Reduced 36 texdatas to 27 (1182 bytes to 911)
Writing c:\program files (x86)\steam\steamapps\common\sourcesdk_content\hl2mp\mapsrc\test.bsp
Wrote ZIP buffer, estimated size 323184, actual size 320826
0 seconds elapsed



12 threads
reading c:\program files (x86)\steam\steamapps\common\sourcesdk_content\hl2mp\mapsrc\test.bsp
reading c:\program files (x86)\steam\steamapps\common\sourcesdk_content\hl2mp\mapsrc\test.prt
  70 portalclusters
 203 numportals
0...1...2...3...4...5...6...7...8...9...10Optimized: 87 visible clusters (1.87%)
Total clusters visible: 4663
Average clusters visible: 66
Building PAS...
Average clusters audible: 70
visdatasize:1831  compressed from 2240
writing c:\program files (x86)\steam\steamapps\common\sourcesdk_content\hl2mp\mapsrc\test.bsp
0 seconds elapsed



[Reading texlights from 'lights.rad']
[45 texlights parsed from 'lights.rad']

Loading c:\program files (x86)\steam\steamapps\common\sourcesdk_content\hl2mp\mapsrc\test.bsp
945 faces
37413 square feet [5387582.00 square inches]
0 Displacements
0 Square Feet [0.00 Square Inches]
945 patches before subdivision
52539 patches after subdivision
7 direct lights
0...1...2...3...4...5...6...7...8...9...100...1...2...3...4...5...6...7...8...9...10transfers 5796702, max 601
transfer lists:  44.2 megs
0...1...2...3...4...5...6...7...8...9...10	Bounce #1 added RGB(26563, 25917, 22377)
0...1...2...3...4...5...6...7...8...9...10	Bounce #2 added RGB(10820, 9821, 7196)
Build Patch/Sample Hash Table(s).....Done<0.0134 sec>
0...1...2...3...4...5...6...7...8...9...10FinalLightFace Done
0 of 0 (0% of) surface lights went in leaf ambient cubes.
0...1...2...3...4...5...6...7...8...9...10Writing leaf ambient...done
Ready to Finish

Object names       Objects/Maxobjs  Memory / Maxmem  Fullness 
------------       ---------------  ---------------  -------- 
models                  43/1024         2064/49152    ( 4.2%) 
brushes                123/8192         1476/98304    ( 1.5%) 
brushsides             873/65536        6984/524288   ( 1.3%) 
planes                1084/65536       21680/1310720  ( 1.7%) 
vertexes              1419/65536       17028/786432   ( 2.2%) 
nodes                  579/65536       18528/2097152  ( 0.9%) 
texinfos               160/12288       11520/884736   ( 1.3%) 
texdata                 27/2048          864/65536    ( 1.3%) 
dispinfos                0/0               0/0        ( 0.0%) 
disp_verts               0/0               0/0        ( 0.0%) 
disp_tris                0/0               0/0        ( 0.0%) 
disp_lmsamples           0/0               0/0        ( 0.0%) 
faces                  945/65536       52920/3670016  ( 1.4%) 
hdr faces                0/65536           0/3670016  ( 0.0%) 
origfaces              451/65536       25256/3670016  ( 0.7%) 
leaves                 623/65536       19936/2097152  ( 1.0%) 
leaffaces             2067/65536        4134/131072   ( 3.2%) 
leafbrushes            155/65536         310/131072   ( 0.2%) 
areas                    2/256            16/2048     ( 0.8%) 
surfedges             6119/512000      24476/2048000  ( 1.2%) 
edges                 3253/256000      13012/1024000  ( 1.3%) 
LDR worldlights          7/8192          616/720896   ( 0.1%) 
HDR worldlights          0/8192            0/720896   ( 0.0%) 
leafwaterdata            1/32768          12/393216   ( 0.0%) 
waterstrips             30/32768         300/327680   ( 0.1%) 
waterverts               0/65536           0/786432   ( 0.0%) 
waterindices           423/65536         846/131072   ( 0.6%) 
cubemapsamples           2/1024           32/16384    ( 0.2%) 
overlays                 0/512             0/180224   ( 0.0%) 
LDR lightdata         [variable]    10440300/0        ( 0.0%) 
HDR lightdata         [variable]           0/0        ( 0.0%) 
visdata               [variable]        1831/16777216 ( 0.0%) 
entdata               [variable]       46248/393216   (11.8%) 
LDR ambient table      623/65536        2492/262144   ( 1.0%) 
HDR ambient table      623/65536        2492/262144   ( 1.0%) 
LDR leaf ambient       888/65536       24864/1835008  ( 1.4%) 
HDR leaf ambient       623/65536       17444/1835008  ( 1.0%) 
occluders                0/0               0/0        ( 0.0%) 
occluder polygons        0/0               0/0        ( 0.0%) 
occluder vert ind        0/0               0/0        ( 0.0%) 
detail props          [variable]           1/12       ( 8.3%) 
static props          [variable]           1/828      ( 0.1%) 
pakfile               [variable]      320826/0        ( 0.0%) 
physics               [variable]       61307/4194304  ( 1.5%) 
physics terrain       [variable]           2/1048576  ( 0.0%) 

Level flags = 0

Total triangle count: 2377
Writing c:\program files (x86)\steam\steamapps\common\sourcesdk_content\hl2mp\mapsrc\test.bsp
3 seconds elapsed



materialPath: C:\Program Files (x86)\Steam\steamapps\common\Half-Life 2 Deathmatch\hl2mp\materials
Loading c:\program files (x86)\steam\steamapps\common\sourcesdk_content\hl2mp\mapsrc\test.vmf
ConVarRef mat_reduceparticles doesn't point to an existing ConVar
Could not locate 'GameData' key in c:\program files (x86)\steam\steamapps\common\half-life 2 deathmatch\hl2mp\gameinfo.txt
Patching WVT material: maps/test/dev/dev_blendmeasure_wvt_patch
fixing up env_cubemap materials on brush sides...
0...1...2...3...4...5...6...7...8...9...100...1...2...3...4...5...6...7...8...9...10Processing areas...done (0)
Building Faces...done (0)
Chop Details...done (0)
Find Visible Detail Sides...done (0)
Merging details...done (0)
FixTjuncs...
PruneNodes...
WriteBSP...
done (0)
writing c:\program files (x86)\steam\steamapps\common\sourcesdk_content\hl2mp\mapsrc\test.prt...Building visibility clusters...
done (0)
Creating default LDR cubemaps for env_cubemap using skybox materials:
   skybox/sky_day01_01*.vmt
 ! Run buildcubemaps in the engine to get the correct cube maps.
Creating default HDR cubemaps for env_cubemap using skybox materials:
   skybox/sky_day01_01*.vmt
 ! Run buildcubemaps in the engine to get the correct cube maps.
Finding displacement neighbors...
Finding lightmap sample positions...
Displacement Alpha : 0...1...2...3...4...5...6...7...8...9...10
Building Physics collision data...
done (0) (61307 bytes)
Placing detail props : 0...1...2...3...4...5...6...7...8...9...10
Compacting texture/material tables...
Reduced 401 texinfos to 160
Reduced 36 texdatas to 27 (1182 bytes to 911)
Writing c:\program files (x86)\steam\steamapps\common\sourcesdk_content\hl2mp\mapsrc\test.bsp
Wrote ZIP buffer, estimated size 323184, actual size 320826
0 seconds elapsed



12 threads
reading c:\program files (x86)\steam\steamapps\common\sourcesdk_content\hl2mp\mapsrc\test.bsp
reading c:\program files (x86)\steam\steamapps\common\sourcesdk_content\hl2mp\mapsrc\test.prt
  70 portalclusters
 203 numportals
0...1...2...3...4...5...6...7...8...9...10Optimized: 87 visible clusters (1.87%)
Total clusters visible: 4663
Average clusters visible: 66
Building PAS...
Average clusters audible: 70
visdatasize:1831  compressed from 2240
writing c:\program files (x86)\steam\steamapps\common\sourcesdk_content\hl2mp\mapsrc\test.bsp
0 seconds elapsed



[Reading texlights from 'lights.rad']
[45 texlights parsed from 'lights.rad']

Loading c:\program files (x86)\steam\steamapps\common\sourcesdk_content\hl2mp\mapsrc\test.bsp
945 faces
37413 square feet [5387582.00 square inches]
0 Displacements
0 Square Feet [0.00 Square Inches]
945 patches before subdivision
52539 patches after subdivision
7 direct lights
0...1...2...3...4...5...6...7...8...9...100...1...2...3...4...5...6...7...8...9...10transfers 5796702, max 601
transfer lists:  44.2 megs
0...1...2...3...4...5...6...7...8...9...10	Bounce #1 added RGB(26563, 25917, 22377)
0...1...2...3...4...5...6...7...8...9...10	Bounce #2 added RGB(10820, 9821, 7196)
Build Patch/Sample Hash Table(s).....Done<0.0134 sec>
0...1...2...3...4...5...6...7...8...9...10FinalLightFace Done
0 of 0 (0% of) surface lights went in leaf ambient cubes.
0...1...2...3...4...5...6...7...8...9...10Writing leaf ambient...done
Ready to Finish

Object names       Objects/Maxobjs  Memory / Maxmem  Fullness 
------------       ---------------  ---------------  -------- 
models                  43/1024         2064/49152    ( 4.2%) 
brushes                123/8192         1476/98304    ( 1.5%) 
brushsides             873/65536        6984/524288   ( 1.3%) 
planes                1084/65536       21680/1310720  ( 1.7%) 
vertexes              1419/65536       17028/786432   ( 2.2%) 
nodes                  579/65536       18528/2097152  ( 0.9%) 
texinfos               160/12288       11520/884736   ( 1.3%) 
texdata                 27/2048          864/65536    ( 1.3%) 
dispinfos                0/0               0/0        ( 0.0%) 
disp_verts               0/0               0/0        ( 0.0%) 
disp_tris                0/0               0/0        ( 0.0%) 
disp_lmsamples           0/0               0/0        ( 0.0%) 
faces                  945/65536       52920/3670016  ( 1.4%) 
hdr faces                0/65536           0/3670016  ( 0.0%) 
origfaces              451/65536       25256/3670016  ( 0.7%) 
leaves                 623/65536       19936/2097152  ( 1.0%) 
leaffaces             2067/65536        4134/131072   ( 3.2%) 
leafbrushes            155/65536         310/131072   ( 0.2%) 
areas                    2/256            16/2048     ( 0.8%) 
surfedges             6119/512000      24476/2048000  ( 1.2%) 
edges                 3253/256000      13012/1024000  ( 1.3%) 
LDR worldlights          7/8192          616/720896   ( 0.1%) 
HDR worldlights          0/8192            0/720896   ( 0.0%) 
leafwaterdata            1/32768          12/393216   ( 0.0%) 
waterstrips             30/32768         300/327680   ( 0.1%) 
waterverts               0/65536           0/786432   ( 0.0%) 
waterindices           423/65536         846/131072   ( 0.6%) 
cubemapsamples           2/1024           32/16384    ( 0.2%) 
overlays                 0/512             0/180224   ( 0.0%) 
LDR lightdata         [variable]    10440300/0        ( 0.0%) 
HDR lightdata         [variable]           0/0        ( 0.0%) 
visdata               [variable]        1831/16777216 ( 0.0%) 
entdata               [variable]       46248/393216   (11.8%) 
LDR ambient table      623/65536        2492/262144   ( 1.0%) 
HDR ambient table      623/65536        2492/262144   ( 1.0%) 
LDR leaf ambient       888/65536       24864/1835008  ( 1.4%) 
HDR leaf ambient       623/65536       17444/1835008  ( 1.0%) 
occluders                0/0               0/0        ( 0.0%) 
occluder polygons        0/0               0/0        ( 0.0%) 
occluder vert ind        0/0               0/0        ( 0.0%) 
detail props          [variable]           1/12       ( 8.3%) 
static props          [variable]           1/828      ( 0.1%) 
pakfile               [variable]      320826/0        ( 0.0%) 
physics               [variable]       61307/4194304  ( 1.5%) 
physics terrain       [variable]           2/1048576  ( 0.0%) 

Level flags = 0

Total triangle count: 2377
Writing c:\program files (x86)\steam\steamapps\common\sourcesdk_content\hl2mp\mapsrc\test.bsp
3 seconds elapsed



materialPath: C:\Program Files (x86)\Steam\steamapps\common\Half-Life 2 Deathmatch\hl2mp\materials
Loading c:\program files (x86)\steam\steamapps\common\sourcesdk_content\hl2mp\mapsrc\test.vmf
ConVarRef mat_reduceparticles doesn't point to an existing ConVar
Could not locate 'GameData' key in c:\program files (x86)\steam\steamapps\common\half-life 2 deathmatch\hl2mp\gameinfo.txt
Patching WVT material: maps/test/dev/dev_blendmeasure_wvt_patch
fixing up env_cubemap materials on brush sides...
0...1...2...3...4...5...6...7...8...9...100...1...2...3...4...5...6...7...8...9...10Processing areas...done (0)
Building Faces...done (0)
Chop Details...done (0)
Find Visible Detail Sides...done (0)
Merging details...done (0)
FixTjuncs...
PruneNodes...
WriteBSP...
done (0)
writing c:\program files (x86)\steam\steamapps\common\sourcesdk_content\hl2mp\mapsrc\test.prt...Building visibility clusters...
done (0)
Creating default LDR cubemaps for env_cubemap using skybox materials:
   skybox/sky_day01_01*.vmt
 ! Run buildcubemaps in the engine to get the correct cube maps.
Creating default HDR cubemaps for env_cubemap using skybox materials:
   skybox/sky_day01_01*.vmt
 ! Run buildcubemaps in the engine to get the correct cube maps.
Finding displacement neighbors...
Finding lightmap sample positions...
Displacement Alpha : 0...1...2...3...4...5...6...7...8...9...10
Building Physics collision data...
done (0) (61307 bytes)
Placing detail props : 0...1...2...3...4...5...6...7...8...9...10
Compacting texture/material tables...
Reduced 401 texinfos to 160
Reduced 36 texdatas to 27 (1182 bytes to 911)
Writing c:\program files (x86)\steam\steamapps\common\sourcesdk_content\hl2mp\mapsrc\test.bsp
Wrote ZIP buffer, estimated size 323184, actual size 320826
0 seconds elapsed



12 threads
reading c:\program files (x86)\steam\steamapps\common\sourcesdk_content\hl2mp\mapsrc\test.bsp
reading c:\program files (x86)\steam\steamapps\common\sourcesdk_content\hl2mp\mapsrc\test.prt
  70 portalclusters
 203 numportals
0...1...2...3...4...5...6...7...8...9...10Optimized: 87 visible clusters (1.87%)
Total clusters visible: 4663
Average clusters visible: 66
Building PAS...
Average clusters audible: 70
visdatasize:1831  compressed from 2240
writing c:\program files (x86)\steam\steamapps\common\sourcesdk_content\hl2mp\mapsrc\test.bsp
0 seconds elapsed



[Reading texlights from 'lights.rad']
[45 texlights parsed from 'lights.rad']

Loading c:\program files (x86)\steam\steamapps\common\sourcesdk_content\hl2mp\mapsrc\test.bsp
945 faces
37413 square feet [5387582.00 square inches]
0 Displacements
0 Square Feet [0.00 Square Inches]
945 patches before subdivision
52539 patches after subdivision
7 direct lights
0...1...2...3...4...5...6...7...8...9...100...1...2...3...4...5...6...7...8...9...10transfers 5796702, max 601
transfer lists:  44.2 megs
0...1...2...3...4...5...6...7...8...9...10	Bounce #1 added RGB(26563, 25917, 22377)
0...1...2...3...4...5...6...7...8...9...10	Bounce #2 added RGB(10820, 9821, 7196)
Build Patch/Sample Hash Table(s).....Done<0.0135 sec>
0...1...2...3...4...5...6...7...8...9...10FinalLightFace Done
0 of 0 (0% of) surface lights went in leaf ambient cubes.
0...1...2...3...4...5...6...7...8...9...10Writing leaf ambient...done
Ready to Finish

Object names       Objects/Maxobjs  Memory / Maxmem  Fullness 
------------       ---------------  ---------------  -------- 
models                  43/1024         2064/49152    ( 4.2%) 
brushes                123/8192         1476/98304    ( 1.5%) 
brushsides             873/65536        6984/524288   ( 1.3%) 
planes                1084/65536       21680/1310720  ( 1.7%) 
vertexes              1419/65536       17028/786432   ( 2.2%) 
nodes                  579/65536       18528/2097152  ( 0.9%) 
texinfos               160/12288       11520/884736   ( 1.3%) 
texdata                 27/2048          864/65536    ( 1.3%) 
dispinfos                0/0               0/0        ( 0.0%) 
disp_verts               0/0               0/0        ( 0.0%) 
disp_tris                0/0               0/0        ( 0.0%) 
disp_lmsamples           0/0               0/0        ( 0.0%) 
faces                  945/65536       52920/3670016  ( 1.4%) 
hdr faces                0/65536           0/3670016  ( 0.0%) 
origfaces              451/65536       25256/3670016  ( 0.7%) 
leaves                 623/65536       19936/2097152  ( 1.0%) 
leaffaces             2067/65536        4134/131072   ( 3.2%) 
leafbrushes            155/65536         310/131072   ( 0.2%) 
areas                    2/256            16/2048     ( 0.8%) 
surfedges             6119/512000      24476/2048000  ( 1.2%) 
edges                 3253/256000      13012/1024000  ( 1.3%) 
LDR worldlights          7/8192          616/720896   ( 0.1%) 
HDR worldlights          0/8192            0/720896   ( 0.0%) 
leafwaterdata            1/32768          12/393216   ( 0.0%) 
waterstrips             30/32768         300/327680   ( 0.1%) 
waterverts               0/65536           0/786432   ( 0.0%) 
waterindices           423/65536         846/131072   ( 0.6%) 
cubemapsamples           2/1024           32/16384    ( 0.2%) 
overlays                 0/512             0/180224   ( 0.0%) 
LDR lightdata         [variable]    10440300/0        ( 0.0%) 
HDR lightdata         [variable]           0/0        ( 0.0%) 
visdata               [variable]        1831/16777216 ( 0.0%) 
entdata               [variable]       46823/393216   (11.9%) 
LDR ambient table      623/65536        2492/262144   ( 1.0%) 
HDR ambient table      623/65536        2492/262144   ( 1.0%) 
LDR leaf ambient       888/65536       24864/1835008  ( 1.4%) 
HDR leaf ambient       623/65536       17444/1835008  ( 1.0%) 
occluders                0/0               0/0        ( 0.0%) 
occluder polygons        0/0               0/0        ( 0.0%) 
occluder vert ind        0/0               0/0        ( 0.0%) 
detail props          [variable]           1/12       ( 8.3%) 
static props          [variable]           1/828      ( 0.1%) 
pakfile               [variable]      320826/0        ( 0.0%) 
physics               [variable]       61307/4194304  ( 1.5%) 
physics terrain       [variable]           2/1048576  ( 0.0%) 

Level flags = 0

Total triangle count: 2377
Writing c:\program files (x86)\steam\steamapps\common\sourcesdk_content\hl2mp\mapsrc\test.bsp
3 seconds elapsed



materialPath: C:\Program Files (x86)\Steam\steamapps\common\Half-Life 2 Deathmatch\hl2mp\materials
Loading c:\program files (x86)\steam\steamapps\common\sourcesdk_content\hl2mp\mapsrc\test.vmf
ConVarRef mat_reduceparticles doesn't point to an existing ConVar
Could not locate 'GameData' key in c:\program files (x86)\steam\steamapps\common\half-life 2 deathmatch\hl2mp\gameinfo.txt
Patching WVT material: maps/test/dev/dev_blendmeasure_wvt_patch
fixing up env_cubemap materials on brush sides...
0...1...2...3...4...5...6...7...8...9...100...1...2...3...4...5...6...7...8...9...10Processing areas...done (0)
Building Faces...done (0)
Chop Details...done (0)
Find Visible Detail Sides...done (0)
Merging details...done (0)
FixTjuncs...
PruneNodes...
WriteBSP...
done (0)
writing c:\program files (x86)\steam\steamapps\common\sourcesdk_content\hl2mp\mapsrc\test.prt...Building visibility clusters...
done (0)
Creating default LDR cubemaps for env_cubemap using skybox materials:
   skybox/sky_day01_01*.vmt
 ! Run buildcubemaps in the engine to get the correct cube maps.
Creating default HDR cubemaps for env_cubemap using skybox materials:
   skybox/sky_day01_01*.vmt
 ! Run buildcubemaps in the engine to get the correct cube maps.
Finding displacement neighbors...
Finding lightmap sample positions...
Displacement Alpha : 0...1...2...3...4...5...6...7...8...9...10
Building Physics collision data...
done (0) (61307 bytes)
Placing detail props : 0...1...2...3...4...5...6...7...8...9...10
Compacting texture/material tables...
Reduced 401 texinfos to 160
Reduced 36 texdatas to 27 (1182 bytes to 911)
Writing c:\program files (x86)\steam\steamapps\common\sourcesdk_content\hl2mp\mapsrc\test.bsp
Wrote ZIP buffer, estimated size 323184, actual size 320826
0 seconds elapsed



12 threads
reading c:\program files (x86)\steam\steamapps\common\sourcesdk_content\hl2mp\mapsrc\test.bsp
reading c:\program files (x86)\steam\steamapps\common\sourcesdk_content\hl2mp\mapsrc\test.prt
  70 portalclusters
 203 numportals
0...1...2...3...4...5...6...7...8...9...10Optimized: 87 visible clusters (1.87%)
Total clusters visible: 4663
Average clusters visible: 66
Building PAS...
Average clusters audible: 70
visdatasize:1831  compressed from 2240
writing c:\program files (x86)\steam\steamapps\common\sourcesdk_content\hl2mp\mapsrc\test.bsp
0 seconds elapsed



[Reading texlights from 'lights.rad']
[45 texlights parsed from 'lights.rad']

Loading c:\program files (x86)\steam\steamapps\common\sourcesdk_content\hl2mp\mapsrc\test.bsp
945 faces
37413 square feet [5387582.00 square inches]
0 Displacements
0 Square Feet [0.00 Square Inches]
945 patches before subdivision
52539 patches after subdivision
7 direct lights
0...1...2...3...4...5...6...7...8...9...100...1...2...3...4...5...6...7...8...9...10transfers 5796702, max 601
transfer lists:  44.2 megs
0...1...2...3...4...5...6...7...8...9...10	Bounce #1 added RGB(26563, 25917, 22377)
0...1...2...3...4...5...6...7...8...9...10	Bounce #2 added RGB(10820, 9821, 7196)
Build Patch/Sample Hash Table(s).....Done<0.0110 sec>
0...1...2...3...4...5...6...7...8...9...10FinalLightFace Done
0 of 0 (0% of) surface lights went in leaf ambient cubes.
0...1...2...3...4...5...6...7...8...9...10Writing leaf ambient...done
Ready to Finish

Object names       Objects/Maxobjs  Memory / Maxmem  Fullness 
------------       ---------------  ---------------  -------- 
models                  43/1024         2064/49152    ( 4.2%) 
brushes                123/8192         1476/98304    ( 1.5%) 
brushsides             873/65536        6984/524288   ( 1.3%) 
planes                1084/65536       21680/1310720  ( 1.7%) 
vertexes              1419/65536       17028/786432   ( 2.2%) 
nodes                  579/65536       18528/2097152  ( 0.9%) 
texinfos               160/12288       11520/884736   ( 1.3%) 
texdata                 27/2048          864/65536    ( 1.3%) 
dispinfos                0/0               0/0        ( 0.0%) 
disp_verts               0/0               0/0        ( 0.0%) 
disp_tris                0/0               0/0        ( 0.0%) 
disp_lmsamples           0/0               0/0        ( 0.0%) 
faces                  945/65536       52920/3670016  ( 1.4%) 
hdr faces                0/65536           0/3670016  ( 0.0%) 
origfaces              451/65536       25256/3670016  ( 0.7%) 
leaves                 623/65536       19936/2097152  ( 1.0%) 
leaffaces             2067/65536        4134/131072   ( 3.2%) 
leafbrushes            155/65536         310/131072   ( 0.2%) 
areas                    2/256            16/2048     ( 0.8%) 
surfedges             6119/512000      24476/2048000  ( 1.2%) 
edges                 3253/256000      13012/1024000  ( 1.3%) 
LDR worldlights          7/8192          616/720896   ( 0.1%) 
HDR worldlights          0/8192            0/720896   ( 0.0%) 
leafwaterdata            1/32768          12/393216   ( 0.0%) 
waterstrips             30/32768         300/327680   ( 0.1%) 
waterverts               0/65536           0/786432   ( 0.0%) 
waterindices           423/65536         846/131072   ( 0.6%) 
cubemapsamples           2/1024           32/16384    ( 0.2%) 
overlays                 0/512             0/180224   ( 0.0%) 
LDR lightdata         [variable]    10440300/0        ( 0.0%) 
HDR lightdata         [variable]           0/0        ( 0.0%) 
visdata               [variable]        1831/16777216 ( 0.0%) 
entdata               [variable]       46936/393216   (11.9%) 
LDR ambient table      623/65536        2492/262144   ( 1.0%) 
HDR ambient table      623/65536        2492/262144   ( 1.0%) 
LDR leaf ambient       888/65536       24864/1835008  ( 1.4%) 
HDR leaf ambient       623/65536       17444/1835008  ( 1.0%) 
occluders                0/0               0/0        ( 0.0%) 
occluder polygons        0/0               0/0        ( 0.0%) 
occluder vert ind        0/0               0/0        ( 0.0%) 
detail props          [variable]           1/12       ( 8.3%) 
static props          [variable]           1/828      ( 0.1%) 
pakfile               [variable]      320826/0        ( 0.0%) 
physics               [variable]       61307/4194304  ( 1.5%) 
physics terrain       [variable]           2/1048576  ( 0.0%) 

Level flags = 0

Total triangle count: 2377
Writing c:\program files (x86)\steam\steamapps\common\sourcesdk_content\hl2mp\mapsrc\test.bsp
3 seconds elapsed



materialPath: C:\Program Files (x86)\Steam\steamapps\common\Half-Life 2 Deathmatch\hl2mp\materials
Loading c:\program files (x86)\steam\steamapps\common\sourcesdk_content\hl2mp\mapsrc\test.vmf
ConVarRef mat_reduceparticles doesn't point to an existing ConVar
Could not locate 'GameData' key in c:\program files (x86)\steam\steamapps\common\half-life 2 deathmatch\hl2mp\gameinfo.txt
Patching WVT material: maps/test/dev/dev_blendmeasure_wvt_patch
fixing up env_cubemap materials on brush sides...
0...1...2...3...4...5...6...7...8...9...100...1...2...3...4...5...6...7...8...9...10Processing areas...done (0)
Building Faces...done (0)
Chop Details...done (0)
Find Visible Detail Sides...done (0)
Merging details...done (0)
FixTjuncs...
PruneNodes...
WriteBSP...
done (0)
writing c:\program files (x86)\steam\steamapps\common\sourcesdk_content\hl2mp\mapsrc\test.prt...Building visibility clusters...
done (0)
Creating default LDR cubemaps for env_cubemap using skybox materials:
   skybox/sky_day01_01*.vmt
 ! Run buildcubemaps in the engine to get the correct cube maps.
Creating default HDR cubemaps for env_cubemap using skybox materials:
   skybox/sky_day01_01*.vmt
 ! Run buildcubemaps in the engine to get the correct cube maps.
Finding displacement neighbors...
Finding lightmap sample positions...
Displacement Alpha : 0...1...2...3...4...5...6...7...8...9...10
Building Physics collision data...
done (0) (61307 bytes)
Placing detail props : 0...1...2...3...4...5...6...7...8...9...10
Compacting texture/material tables...
Reduced 401 texinfos to 160
Reduced 36 texdatas to 27 (1182 bytes to 911)
Writing c:\program files (x86)\steam\steamapps\common\sourcesdk_content\hl2mp\mapsrc\test.bsp
Wrote ZIP buffer, estimated size 323184, actual size 320826
0 seconds elapsed



12 threads
reading c:\program files (x86)\steam\steamapps\common\sourcesdk_content\hl2mp\mapsrc\test.bsp
reading c:\program files (x86)\steam\steamapps\common\sourcesdk_content\hl2mp\mapsrc\test.prt
  70 portalclusters
 203 numportals
0...1...2...3...4...5...6...7...8...9...10Optimized: 87 visible clusters (1.87%)
Total clusters visible: 4663
Average clusters visible: 66
Building PAS...
Average clusters audible: 70
visdatasize:1831  compressed from 2240
writing c:\program files (x86)\steam\steamapps\common\sourcesdk_content\hl2mp\mapsrc\test.bsp
0 seconds elapsed



[Reading texlights from 'lights.rad']
[45 texlights parsed from 'lights.rad']

Loading c:\program files (x86)\steam\steamapps\common\sourcesdk_content\hl2mp\mapsrc\test.bsp
945 faces
37413 square feet [5387582.00 square inches]
0 Displacements
0 Square Feet [0.00 Square Inches]
945 patches before subdivision
52539 patches after subdivision
7 direct lights
0...1...2...3...4...5...6...7...8...9...100...1...2...3...4...5...6...7...8...9...10transfers 5796702, max 601
transfer lists:  44.2 megs
0...1...2...3...4...5...6...7...8...9...10	Bounce #1 added RGB(26563, 25917, 22377)
0...1...2...3...4...5...6...7...8...9...10	Bounce #2 added RGB(10820, 9821, 7196)
Build Patch/Sample Hash Table(s).....Done<0.0134 sec>
0...1...2...3...4...5...6...7...8...9...10FinalLightFace Done
0 of 0 (0% of) surface lights went in leaf ambient cubes.
0...1...2...3...4...5...6...7...8...9...10Writing leaf ambient...done
Ready to Finish

Object names       Objects/Maxobjs  Memory / Maxmem  Fullness 
------------       ---------------  ---------------  -------- 
models                  43/1024         2064/49152    ( 4.2%) 
brushes                123/8192         1476/98304    ( 1.5%) 
brushsides             873/65536        6984/524288   ( 1.3%) 
planes                1084/65536       21680/1310720  ( 1.7%) 
vertexes              1419/65536       17028/786432   ( 2.2%) 
nodes                  579/65536       18528/2097152  ( 0.9%) 
texinfos               160/12288       11520/884736   ( 1.3%) 
texdata                 27/2048          864/65536    ( 1.3%) 
dispinfos                0/0               0/0        ( 0.0%) 
disp_verts               0/0               0/0        ( 0.0%) 
disp_tris                0/0               0/0        ( 0.0%) 
disp_lmsamples           0/0               0/0        ( 0.0%) 
faces                  945/65536       52920/3670016  ( 1.4%) 
hdr faces                0/65536           0/3670016  ( 0.0%) 
origfaces              451/65536       25256/3670016  ( 0.7%) 
leaves                 623/65536       19936/2097152  ( 1.0%) 
leaffaces             2067/65536        4134/131072   ( 3.2%) 
leafbrushes            155/65536         310/131072   ( 0.2%) 
areas                    2/256            16/2048     ( 0.8%) 
surfedges             6119/512000      24476/2048000  ( 1.2%) 
edges                 3253/256000      13012/1024000  ( 1.3%) 
LDR worldlights          7/8192          616/720896   ( 0.1%) 
HDR worldlights          0/8192            0/720896   ( 0.0%) 
leafwaterdata            1/32768          12/393216   ( 0.0%) 
waterstrips             30/32768         300/327680   ( 0.1%) 
waterverts               0/65536           0/786432   ( 0.0%) 
waterindices           423/65536         846/131072   ( 0.6%) 
cubemapsamples           2/1024           32/16384    ( 0.2%) 
overlays                 0/512             0/180224   ( 0.0%) 
LDR lightdata         [variable]    10440300/0        ( 0.0%) 
HDR lightdata         [variable]           0/0        ( 0.0%) 
visdata               [variable]        1831/16777216 ( 0.0%) 
entdata               [variable]       46937/393216   (11.9%) 
LDR ambient table      623/65536        2492/262144   ( 1.0%) 
HDR ambient table      623/65536        2492/262144   ( 1.0%) 
LDR leaf ambient       888/65536       24864/1835008  ( 1.4%) 
HDR leaf ambient       623/65536       17444/1835008  ( 1.0%) 
occluders                0/0               0/0        ( 0.0%) 
occluder polygons        0/0               0/0        ( 0.0%) 
occluder vert ind        0/0               0/0        ( 0.0%) 
detail props          [variable]           1/12       ( 8.3%) 
static props          [variable]           1/828      ( 0.1%) 
pakfile               [variable]      320826/0        ( 0.0%) 
physics               [variable]       61307/4194304  ( 1.5%) 
physics terrain       [variable]           2/1048576  ( 0.0%) 

Level flags = 0

Total triangle count: 2377
Writing c:\program files (x86)\steam\steamapps\common\sourcesdk_content\hl2mp\mapsrc\test.bsp
3 seconds elapsed



materialPath: C:\Program Files (x86)\Steam\steamapps\common\Half-Life 2 Deathmatch\hl2mp\materials
Loading c:\program files (x86)\steam\steamapps\common\sourcesdk_content\hl2mp\mapsrc\test.vmf
ConVarRef mat_reduceparticles doesn't point to an existing ConVar
Could not locate 'GameData' key in c:\program files (x86)\steam\steamapps\common\half-life 2 deathmatch\hl2mp\gameinfo.txt
Patching WVT material: maps/test/dev/dev_blendmeasure_wvt_patch
fixing up env_cubemap materials on brush sides...
0...1...2...3...4...5...6...7...8...9...100...1...2...3...4...5...6...7...8...9...10Processing areas...done (0)
Building Faces...done (0)
Chop Details...done (0)
Find Visible Detail Sides...done (0)
Merging details...done (0)
FixTjuncs...
PruneNodes...
WriteBSP...
done (0)
writing c:\program files (x86)\steam\steamapps\common\sourcesdk_content\hl2mp\mapsrc\test.prt...Building visibility clusters...
done (0)
Creating default LDR cubemaps for env_cubemap using skybox materials:
   skybox/sky_day01_01*.vmt
 ! Run buildcubemaps in the engine to get the correct cube maps.
Creating default HDR cubemaps for env_cubemap using skybox materials:
   skybox/sky_day01_01*.vmt
 ! Run buildcubemaps in the engine to get the correct cube maps.
Finding displacement neighbors...
Finding lightmap sample positions...
Displacement Alpha : 0...1...2...3...4...5...6...7...8...9...10
Building Physics collision data...
done (0) (61307 bytes)
Placing detail props : 0...1...2...3...4...5...6...7...8...9...10
Compacting texture/material tables...
Reduced 401 texinfos to 160
Reduced 36 texdatas to 27 (1182 bytes to 911)
Writing c:\program files (x86)\steam\steamapps\common\sourcesdk_content\hl2mp\mapsrc\test.bsp
Wrote ZIP buffer, estimated size 323184, actual size 320826
0 seconds elapsed



12 threads
reading c:\program files (x86)\steam\steamapps\common\sourcesdk_content\hl2mp\mapsrc\test.bsp
reading c:\program files (x86)\steam\steamapps\common\sourcesdk_content\hl2mp\mapsrc\test.prt
  70 portalclusters
 203 numportals
0...1...2...3...4...5...6...7...8...9...10Optimized: 87 visible clusters (1.87%)
Total clusters visible: 4663
Average clusters visible: 66
Building PAS...
Average clusters audible: 70
visdatasize:1831  compressed from 2240
writing c:\program files (x86)\steam\steamapps\common\sourcesdk_content\hl2mp\mapsrc\test.bsp
0 seconds elapsed



[Reading texlights from 'lights.rad']
[45 texlights parsed from 'lights.rad']

Loading c:\program files (x86)\steam\steamapps\common\sourcesdk_content\hl2mp\mapsrc\test.bsp
945 faces
37413 square feet [5387582.00 square inches]
0 Displacements
0 Square Feet [0.00 Square Inches]
945 patches before subdivision
52539 patches after subdivision
7 direct lights
0...1...2...3...4...5...6...7...8...9...100...1...2...3...4...5...6...7...8...9...10transfers 5796702, max 601
transfer lists:  44.2 megs
0...1...2...3...4...5...6...7...8...9...10	Bounce #1 added RGB(26563, 25917, 22377)
0...1...2...3...4...5...6...7...8...9...10	Bounce #2 added RGB(10820, 9821, 7196)
Build Patch/Sample Hash Table(s).....Done<0.0109 sec>
0...1...2...3...4...5...6...7...8...9...10FinalLightFace Done
0 of 0 (0% of) surface lights went in leaf ambient cubes.
0...1...2...3...4...5...6...7...8...9...10Writing leaf ambient...done
Ready to Finish

Object names       Objects/Maxobjs  Memory / Maxmem  Fullness 
------------       ---------------  ---------------  -------- 
models                  43/1024         2064/49152    ( 4.2%) 
brushes                123/8192         1476/98304    ( 1.5%) 
brushsides             873/65536        6984/524288   ( 1.3%) 
planes                1084/65536       21680/1310720  ( 1.7%) 
vertexes              1419/65536       17028/786432   ( 2.2%) 
nodes                  579/65536       18528/2097152  ( 0.9%) 
texinfos               160/12288       11520/884736   ( 1.3%) 
texdata                 27/2048          864/65536    ( 1.3%) 
dispinfos                0/0               0/0        ( 0.0%) 
disp_verts               0/0               0/0        ( 0.0%) 
disp_tris                0/0               0/0        ( 0.0%) 
disp_lmsamples           0/0               0/0        ( 0.0%) 
faces                  945/65536       52920/3670016  ( 1.4%) 
hdr faces                0/65536           0/3670016  ( 0.0%) 
origfaces              451/65536       25256/3670016  ( 0.7%) 
leaves                 623/65536       19936/2097152  ( 1.0%) 
leaffaces             2067/65536        4134/131072   ( 3.2%) 
leafbrushes            155/65536         310/131072   ( 0.2%) 
areas                    2/256            16/2048     ( 0.8%) 
surfedges             6119/512000      24476/2048000  ( 1.2%) 
edges                 3253/256000      13012/1024000  ( 1.3%) 
LDR worldlights          7/8192          616/720896   ( 0.1%) 
HDR worldlights          0/8192            0/720896   ( 0.0%) 
leafwaterdata            1/32768          12/393216   ( 0.0%) 
waterstrips             30/32768         300/327680   ( 0.1%) 
waterverts               0/65536           0/786432   ( 0.0%) 
waterindices           423/65536         846/131072   ( 0.6%) 
cubemapsamples           2/1024           32/16384    ( 0.2%) 
overlays                 0/512             0/180224   ( 0.0%) 
LDR lightdata         [variable]    10440300/0        ( 0.0%) 
HDR lightdata         [variable]           0/0        ( 0.0%) 
visdata               [variable]        1831/16777216 ( 0.0%) 
entdata               [variable]       46648/393216   (11.9%) 
LDR ambient table      623/65536        2492/262144   ( 1.0%) 
HDR ambient table      623/65536        2492/262144   ( 1.0%) 
LDR leaf ambient       888/65536       24864/1835008  ( 1.4%) 
HDR leaf ambient       623/65536       17444/1835008  ( 1.0%) 
occluders                0/0               0/0        ( 0.0%) 
occluder polygons        0/0               0/0        ( 0.0%) 
occluder vert ind        0/0               0/0        ( 0.0%) 
detail props          [variable]           1/12       ( 8.3%) 
static props          [variable]           1/828      ( 0.1%) 
pakfile               [variable]      320826/0        ( 0.0%) 
physics               [variable]       61307/4194304  ( 1.5%) 
physics terrain       [variable]           2/1048576  ( 0.0%) 

Level flags = 0

Total triangle count: 2377
Writing c:\program files (x86)\steam\steamapps\common\sourcesdk_content\hl2mp\mapsrc\test.bsp
3 seconds elapsed



materialPath: C:\Program Files (x86)\Steam\steamapps\common\Half-Life 2 Deathmatch\hl2mp\materials
Loading c:\program files (x86)\steam\steamapps\common\sourcesdk_content\hl2mp\mapsrc\test.vmf
ConVarRef mat_reduceparticles doesn't point to an existing ConVar
Could not locate 'GameData' key in c:\program files (x86)\steam\steamapps\common\half-life 2 deathmatch\hl2mp\gameinfo.txt
Patching WVT material: maps/test/dev/dev_blendmeasure_wvt_patch
fixing up env_cubemap materials on brush sides...
0...1...2...3...4...5...6...7...8...9...100...1...2...3...4...5...6...7...8...9...10Processing areas...done (0)
Building Faces...done (0)
Chop Details...done (0)
Find Visible Detail Sides...done (0)
Merging details...done (0)
FixTjuncs...
PruneNodes...
WriteBSP...
done (0)
writing c:\program files (x86)\steam\steamapps\common\sourcesdk_content\hl2mp\mapsrc\test.prt...Building visibility clusters...
done (0)
Creating default LDR cubemaps for env_cubemap using skybox materials:
   skybox/sky_day01_01*.vmt
 ! Run buildcubemaps in the engine to get the correct cube maps.
Creating default HDR cubemaps for env_cubemap using skybox materials:
   skybox/sky_day01_01*.vmt
 ! Run buildcubemaps in the engine to get the correct cube maps.
Finding displacement neighbors...
Finding lightmap sample positions...
Displacement Alpha : 0...1...2...3...4...5...6...7...8...9...10
Building Physics collision data...
done (0) (61307 bytes)
Placing detail props : 0...1...2...3...4...5...6...7...8...9...10
Compacting texture/material tables...
Reduced 401 texinfos to 160
Reduced 36 texdatas to 27 (1182 bytes to 911)
Writing c:\program files (x86)\steam\steamapps\common\sourcesdk_content\hl2mp\mapsrc\test.bsp
Wrote ZIP buffer, estimated size 323184, actual size 320826
0 seconds elapsed



12 threads
reading c:\program files (x86)\steam\steamapps\common\sourcesdk_content\hl2mp\mapsrc\test.bsp
reading c:\program files (x86)\steam\steamapps\common\sourcesdk_content\hl2mp\mapsrc\test.prt
  70 portalclusters
 203 numportals
0...1...2...3...4...5...6...7...8...9...10Optimized: 87 visible clusters (1.87%)
Total clusters visible: 4663
Average clusters visible: 66
Building PAS...
Average clusters audible: 70
visdatasize:1831  compressed from 2240
writing c:\program files (x86)\steam\steamapps\common\sourcesdk_content\hl2mp\mapsrc\test.bsp
0 seconds elapsed



[Reading texlights from 'lights.rad']
[45 texlights parsed from 'lights.rad']

Loading c:\program files (x86)\steam\steamapps\common\sourcesdk_content\hl2mp\mapsrc\test.bsp
945 faces
37413 square feet [5387582.00 square inches]
0 Displacements
0 Square Feet [0.00 Square Inches]
945 patches before subdivision
52539 patches after subdivision
7 direct lights
0...1...2...3...4...5...6...7...8...9...100...1...2...3...4...5...6...7...8...9...10transfers 5796702, max 601
transfer lists:  44.2 megs
0...1...2...3...4...5...6...7...8...9...10	Bounce #1 added RGB(26563, 25917, 22377)
0...1...2...3...4...5...6...7...8...9...10	Bounce #2 added RGB(10820, 9821, 7196)
Build Patch/Sample Hash Table(s).....Done<0.0150 sec>
0...1...2...3...4...5...6...7...8...9...10FinalLightFace Done
0 of 0 (0% of) surface lights went in leaf ambient cubes.
0...1...2...3...4...5...6...7...8...9...10Writing leaf ambient...done
Ready to Finish

Object names       Objects/Maxobjs  Memory / Maxmem  Fullness 
------------       ---------------  ---------------  -------- 
models                  43/1024         2064/49152    ( 4.2%) 
brushes                123/8192         1476/98304    ( 1.5%) 
brushsides             873/65536        6984/524288   ( 1.3%) 
planes                1084/65536       21680/1310720  ( 1.7%) 
vertexes              1419/65536       17028/786432   ( 2.2%) 
nodes                  579/65536       18528/2097152  ( 0.9%) 
texinfos               160/12288       11520/884736   ( 1.3%) 
texdata                 27/2048          864/65536    ( 1.3%) 
dispinfos                0/0               0/0        ( 0.0%) 
disp_verts               0/0               0/0        ( 0.0%) 
disp_tris                0/0               0/0        ( 0.0%) 
disp_lmsamples           0/0               0/0        ( 0.0%) 
faces                  945/65536       52920/3670016  ( 1.4%) 
hdr faces                0/65536           0/3670016  ( 0.0%) 
origfaces              451/65536       25256/3670016  ( 0.7%) 
leaves                 623/65536       19936/2097152  ( 1.0%) 
leaffaces             2067/65536        4134/131072   ( 3.2%) 
leafbrushes            155/65536         310/131072   ( 0.2%) 
areas                    2/256            16/2048     ( 0.8%) 
surfedges             6119/512000      24476/2048000  ( 1.2%) 
edges                 3253/256000      13012/1024000  ( 1.3%) 
LDR worldlights          7/8192          616/720896   ( 0.1%) 
HDR worldlights          0/8192            0/720896   ( 0.0%) 
leafwaterdata            1/32768          12/393216   ( 0.0%) 
waterstrips             30/32768         300/327680   ( 0.1%) 
waterverts               0/65536           0/786432   ( 0.0%) 
waterindices           423/65536         846/131072   ( 0.6%) 
cubemapsamples           2/1024           32/16384    ( 0.2%) 
overlays                 0/512             0/180224   ( 0.0%) 
LDR lightdata         [variable]    10440300/0        ( 0.0%) 
HDR lightdata         [variable]           0/0        ( 0.0%) 
visdata               [variable]        1831/16777216 ( 0.0%) 
entdata               [variable]       46638/393216   (11.9%) 
LDR ambient table      623/65536        2492/262144   ( 1.0%) 
HDR ambient table      623/65536        2492/262144   ( 1.0%) 
LDR leaf ambient       888/65536       24864/1835008  ( 1.4%) 
HDR leaf ambient       623/65536       17444/1835008  ( 1.0%) 
occluders                0/0               0/0        ( 0.0%) 
occluder polygons        0/0               0/0        ( 0.0%) 
occluder vert ind        0/0               0/0        ( 0.0%) 
detail props          [variable]           1/12       ( 8.3%) 
static props          [variable]           1/828      ( 0.1%) 
pakfile               [variable]      320826/0        ( 0.0%) 
physics               [variable]       61307/4194304  ( 1.5%) 
physics terrain       [variable]           2/1048576  ( 0.0%) 

Level flags = 0

Total triangle count: 2377
Writing c:\program files (x86)\steam\steamapps\common\sourcesdk_content\hl2mp\mapsrc\test.bsp
3 seconds elapsed



materialPath: C:\Program Files (x86)\Steam\steamapps\common\Half-Life 2 Deathmatch\hl2mp\materials
Loading c:\program files (x86)\steam\steamapps\common\sourcesdk_content\hl2mp\mapsrc\test.vmf
ConVarRef mat_reduceparticles doesn't point to an existing ConVar
Could not locate 'GameData' key in c:\program files (x86)\steam\steamapps\common\half-life 2 deathmatch\hl2mp\gameinfo.txt
Patching WVT material: maps/test/dev/dev_blendmeasure_wvt_patch
fixing up env_cubemap materials on brush sides...
0...1...2...3...4...5...6...7...8...9...100...1...2...3...4...5...6...7...8...9...10Processing areas...done (0)
Building Faces...done (0)
Chop Details...done (0)
Find Visible Detail Sides...done (0)
Merging details...done (0)
FixTjuncs...
PruneNodes...
WriteBSP...
done (0)
writing c:\program files (x86)\steam\steamapps\common\sourcesdk_content\hl2mp\mapsrc\test.prt...Building visibility clusters...
done (0)
Creating default LDR cubemaps for env_cubemap using skybox materials:
   skybox/sky_day01_01*.vmt
 ! Run buildcubemaps in the engine to get the correct cube maps.
Creating default HDR cubemaps for env_cubemap using skybox materials:
   skybox/sky_day01_01*.vmt
 ! Run buildcubemaps in the engine to get the correct cube maps.
Finding displacement neighbors...
Finding lightmap sample positions...
Displacement Alpha : 0...1...2...3...4...5...6...7...8...9...10
Building Physics collision data...
done (0) (61307 bytes)
Placing detail props : 0...1...2...3...4...5...6...7...8...9...10
Compacting texture/material tables...
Reduced 401 texinfos to 160
Reduced 36 texdatas to 27 (1182 bytes to 911)
Writing c:\program files (x86)\steam\steamapps\common\sourcesdk_content\hl2mp\mapsrc\test.bsp
Wrote ZIP buffer, estimated size 323184, actual size 320826
0 seconds elapsed



12 threads
reading c:\program files (x86)\steam\steamapps\common\sourcesdk_content\hl2mp\mapsrc\test.bsp
reading c:\program files (x86)\steam\steamapps\common\sourcesdk_content\hl2mp\mapsrc\test.prt
  70 portalclusters
 203 numportals
0...1...2...3...4...5...6...7...8...9...10Optimized: 87 visible clusters (1.87%)
Total clusters visible: 4663
Average clusters visible: 66
Building PAS...
Average clusters audible: 70
visdatasize:1831  compressed from 2240
writing c:\program files (x86)\steam\steamapps\common\sourcesdk_content\hl2mp\mapsrc\test.bsp
0 seconds elapsed



[Reading texlights from 'lights.rad']
[45 texlights parsed from 'lights.rad']

Loading c:\program files (x86)\steam\steamapps\common\sourcesdk_content\hl2mp\mapsrc\test.bsp
945 faces
37413 square feet [5387582.00 square inches]
0 Displacements
0 Square Feet [0.00 Square Inches]
945 patches before subdivision
52539 patches after subdivision
7 direct lights
0...1...2...3...4...5...6...7...8...9...100...1...2...3...4...5...6...7...8...9...10transfers 5796702, max 601
transfer lists:  44.2 megs
0...1...2...3...4...5...6...7...8...9...10	Bounce #1 added RGB(26563, 25917, 22377)
0...1...2...3...4...5...6...7...8...9...10	Bounce #2 added RGB(10820, 9821, 7196)
Build Patch/Sample Hash Table(s).....Done<0.0134 sec>
0...1...2...3...4...5...6...7...8...9...10FinalLightFace Done
0 of 0 (0% of) surface lights went in leaf ambient cubes.
0...1...2...3...4...5...6...7...8...9...10Writing leaf ambient...done
Ready to Finish

Object names       Objects/Maxobjs  Memory / Maxmem  Fullness 
------------       ---------------  ---------------  -------- 
models                  43/1024         2064/49152    ( 4.2%) 
brushes                123/8192         1476/98304    ( 1.5%) 
brushsides             873/65536        6984/524288   ( 1.3%) 
planes                1084/65536       21680/1310720  ( 1.7%) 
vertexes              1419/65536       17028/786432   ( 2.2%) 
nodes                  579/65536       18528/2097152  ( 0.9%) 
texinfos               160/12288       11520/884736   ( 1.3%) 
texdata                 27/2048          864/65536    ( 1.3%) 
dispinfos                0/0               0/0        ( 0.0%) 
disp_verts               0/0               0/0        ( 0.0%) 
disp_tris                0/0               0/0        ( 0.0%) 
disp_lmsamples           0/0               0/0        ( 0.0%) 
faces                  945/65536       52920/3670016  ( 1.4%) 
hdr faces                0/65536           0/3670016  ( 0.0%) 
origfaces              451/65536       25256/3670016  ( 0.7%) 
leaves                 623/65536       19936/2097152  ( 1.0%) 
leaffaces             2067/65536        4134/131072   ( 3.2%) 
leafbrushes            155/65536         310/131072   ( 0.2%) 
areas                    2/256            16/2048     ( 0.8%) 
surfedges             6119/512000      24476/2048000  ( 1.2%) 
edges                 3253/256000      13012/1024000  ( 1.3%) 
LDR worldlights          7/8192          616/720896   ( 0.1%) 
HDR worldlights          0/8192            0/720896   ( 0.0%) 
leafwaterdata            1/32768          12/393216   ( 0.0%) 
waterstrips             30/32768         300/327680   ( 0.1%) 
waterverts               0/65536           0/786432   ( 0.0%) 
waterindices           423/65536         846/131072   ( 0.6%) 
cubemapsamples           2/1024           32/16384    ( 0.2%) 
overlays                 0/512             0/180224   ( 0.0%) 
LDR lightdata         [variable]    10440300/0        ( 0.0%) 
HDR lightdata         [variable]           0/0        ( 0.0%) 
visdata               [variable]        1831/16777216 ( 0.0%) 
entdata               [variable]       46638/393216   (11.9%) 
LDR ambient table      623/65536        2492/262144   ( 1.0%) 
HDR ambient table      623/65536        2492/262144   ( 1.0%) 
LDR leaf ambient       888/65536       24864/1835008  ( 1.4%) 
HDR leaf ambient       623/65536       17444/1835008  ( 1.0%) 
occluders                0/0               0/0        ( 0.0%) 
occluder polygons        0/0               0/0        ( 0.0%) 
occluder vert ind        0/0               0/0        ( 0.0%) 
detail props          [variable]           1/12       ( 8.3%) 
static props          [variable]           1/828      ( 0.1%) 
pakfile               [variable]      320826/0        ( 0.0%) 
physics               [variable]       61307/4194304  ( 1.5%) 
physics terrain       [variable]           2/1048576  ( 0.0%) 

Level flags = 0

Total triangle count: 2377
Writing c:\program files (x86)\steam\steamapps\common\sourcesdk_content\hl2mp\mapsrc\test.bsp
3 seconds elapsed



materialPath: C:\Program Files (x86)\Steam\steamapps\common\Half-Life 2 Deathmatch\hl2mp\materials
Loading c:\program files (x86)\steam\steamapps\common\sourcesdk_content\hl2mp\mapsrc\test.vmf
ConVarRef mat_reduceparticles doesn't point to an existing ConVar
Could not locate 'GameData' key in c:\program files (x86)\steam\steamapps\common\half-life 2 deathmatch\hl2mp\gameinfo.txt
Patching WVT material: maps/test/dev/dev_blendmeasure_wvt_patch
fixing up env_cubemap materials on brush sides...
0...1...2...3...4...5...6...7...8...9...100...1...2...3...4...5...6...7...8...9...10Processing areas...done (0)
Building Faces...done (0)
Chop Details...done (0)
Find Visible Detail Sides...done (0)
Merging details...done (0)
FixTjuncs...
PruneNodes...
WriteBSP...
done (0)
writing c:\program files (x86)\steam\steamapps\common\sourcesdk_content\hl2mp\mapsrc\test.prt...Building visibility clusters...
done (0)
Creating default LDR cubemaps for env_cubemap using skybox materials:
   skybox/sky_day01_01*.vmt
 ! Run buildcubemaps in the engine to get the correct cube maps.
Creating default HDR cubemaps for env_cubemap using skybox materials:
   skybox/sky_day01_01*.vmt
 ! Run buildcubemaps in the engine to get the correct cube maps.
Finding displacement neighbors...
Finding lightmap sample positions...
Displacement Alpha : 0...1...2...3...4...5...6...7...8...9...10
Building Physics collision data...
done (0) (61307 bytes)
Placing detail props : 0...1...2...3...4...5...6...7...8...9...10
Compacting texture/material tables...
Reduced 401 texinfos to 160
Reduced 36 texdatas to 27 (1182 bytes to 911)
Writing c:\program files (x86)\steam\steamapps\common\sourcesdk_content\hl2mp\mapsrc\test.bsp
Wrote ZIP buffer, estimated size 323184, actual size 320826
0 seconds elapsed



12 threads
reading c:\program files (x86)\steam\steamapps\common\sourcesdk_content\hl2mp\mapsrc\test.bsp
reading c:\program files (x86)\steam\steamapps\common\sourcesdk_content\hl2mp\mapsrc\test.prt
  70 portalclusters
 203 numportals
0...1...2...3...4...5...6...7...8...9...10Optimized: 87 visible clusters (1.87%)
Total clusters visible: 4663
Average clusters visible: 66
Building PAS...
Average clusters audible: 70
visdatasize:1831  compressed from 2240
writing c:\program files (x86)\steam\steamapps\common\sourcesdk_content\hl2mp\mapsrc\test.bsp
0 seconds elapsed



[Reading texlights from 'lights.rad']
[45 texlights parsed from 'lights.rad']

Loading c:\program files (x86)\steam\steamapps\common\sourcesdk_content\hl2mp\mapsrc\test.bsp
945 faces
37413 square feet [5387582.00 square inches]
0 Displacements
0 Square Feet [0.00 Square Inches]
945 patches before subdivision
52539 patches after subdivision
7 direct lights
0...1...2...3...4...5...6...7...8...9...100...1...2...3...4...5...6...7...8...9...10transfers 5796702, max 601
transfer lists:  44.2 megs
0...1...2...3...4...5...6...7...8...9...10	Bounce #1 added RGB(26563, 25917, 22377)
0...1...2...3...4...5...6...7...8...9...10	Bounce #2 added RGB(10820, 9821, 7196)
Build Patch/Sample Hash Table(s).....Done<0.0134 sec>
0...1...2...3...4...5...6...7...8...9...10FinalLightFace Done
0 of 0 (0% of) surface lights went in leaf ambient cubes.
0...1...2...3...4...5...6...7...8...9...10Writing leaf ambient...done
Ready to Finish

Object names       Objects/Maxobjs  Memory / Maxmem  Fullness 
------------       ---------------  ---------------  -------- 
models                  43/1024         2064/49152    ( 4.2%) 
brushes                123/8192         1476/98304    ( 1.5%) 
brushsides             873/65536        6984/524288   ( 1.3%) 
planes                1084/65536       21680/1310720  ( 1.7%) 
vertexes              1419/65536       17028/786432   ( 2.2%) 
nodes                  579/65536       18528/2097152  ( 0.9%) 
texinfos               160/12288       11520/884736   ( 1.3%) 
texdata                 27/2048          864/65536    ( 1.3%) 
dispinfos                0/0               0/0        ( 0.0%) 
disp_verts               0/0               0/0        ( 0.0%) 
disp_tris                0/0               0/0        ( 0.0%) 
disp_lmsamples           0/0               0/0        ( 0.0%) 
faces                  945/65536       52920/3670016  ( 1.4%) 
hdr faces                0/65536           0/3670016  ( 0.0%) 
origfaces              451/65536       25256/3670016  ( 0.7%) 
leaves                 623/65536       19936/2097152  ( 1.0%) 
leaffaces             2067/65536        4134/131072   ( 3.2%) 
leafbrushes            155/65536         310/131072   ( 0.2%) 
areas                    2/256            16/2048     ( 0.8%) 
surfedges             6119/512000      24476/2048000  ( 1.2%) 
edges                 3253/256000      13012/1024000  ( 1.3%) 
LDR worldlights          7/8192          616/720896   ( 0.1%) 
HDR worldlights          0/8192            0/720896   ( 0.0%) 
leafwaterdata            1/32768          12/393216   ( 0.0%) 
waterstrips             30/32768         300/327680   ( 0.1%) 
waterverts               0/65536           0/786432   ( 0.0%) 
waterindices           423/65536         846/131072   ( 0.6%) 
cubemapsamples           2/1024           32/16384    ( 0.2%) 
overlays                 0/512             0/180224   ( 0.0%) 
LDR lightdata         [variable]    10440300/0        ( 0.0%) 
HDR lightdata         [variable]           0/0        ( 0.0%) 
visdata               [variable]        1831/16777216 ( 0.0%) 
entdata               [variable]       46642/393216   (11.9%) 
LDR ambient table      623/65536        2492/262144   ( 1.0%) 
HDR ambient table      623/65536        2492/262144   ( 1.0%) 
LDR leaf ambient       888/65536       24864/1835008  ( 1.4%) 
HDR leaf ambient       623/65536       17444/1835008  ( 1.0%) 
occluders                0/0               0/0        ( 0.0%) 
occluder polygons        0/0               0/0        ( 0.0%) 
occluder vert ind        0/0               0/0        ( 0.0%) 
detail props          [variable]           1/12       ( 8.3%) 
static props          [variable]           1/828      ( 0.1%) 
pakfile               [variable]      320826/0        ( 0.0%) 
physics               [variable]       61307/4194304  ( 1.5%) 
physics terrain       [variable]           2/1048576  ( 0.0%) 

Level flags = 0

Total triangle count: 2377
Writing c:\program files (x86)\steam\steamapps\common\sourcesdk_content\hl2mp\mapsrc\test.bsp
3 seconds elapsed



materialPath: C:\Program Files (x86)\Steam\steamapps\common\Half-Life 2 Deathmatch\hl2mp\materials
Loading c:\program files (x86)\steam\steamapps\common\sourcesdk_content\hl2mp\mapsrc\test.vmf
ConVarRef mat_reduceparticles doesn't point to an existing ConVar
Could not locate 'GameData' key in c:\program files (x86)\steam\steamapps\common\half-life 2 deathmatch\hl2mp\gameinfo.txt
Patching WVT material: maps/test/dev/dev_blendmeasure_wvt_patch
fixing up env_cubemap materials on brush sides...
0...1...2...3...4...5...6...7...8...9...100...1...2...3...4...5...6...7...8...9...10Processing areas...done (0)
Building Faces...done (0)
Chop Details...done (0)
Find Visible Detail Sides...done (0)
Merging details...done (0)
FixTjuncs...
PruneNodes...
WriteBSP...
done (0)
writing c:\program files (x86)\steam\steamapps\common\sourcesdk_content\hl2mp\mapsrc\test.prt...Building visibility clusters...
done (0)
Creating default LDR cubemaps for env_cubemap using skybox materials:
   skybox/sky_day01_01*.vmt
 ! Run buildcubemaps in the engine to get the correct cube maps.
Creating default HDR cubemaps for env_cubemap using skybox materials:
   skybox/sky_day01_01*.vmt
 ! Run buildcubemaps in the engine to get the correct cube maps.
Finding displacement neighbors...
Finding lightmap sample positions...
Displacement Alpha : 0...1...2...3...4...5...6...7...8...9...10
Building Physics collision data...
done (0) (61307 bytes)
Placing detail props : 0...1...2...3...4...5...6...7...8...9...10
Compacting texture/material tables...
Reduced 401 texinfos to 160
Reduced 36 texdatas to 27 (1182 bytes to 911)
Writing c:\program files (x86)\steam\steamapps\common\sourcesdk_content\hl2mp\mapsrc\test.bsp
Wrote ZIP buffer, estimated size 323184, actual size 320826
0 seconds elapsed



12 threads
reading c:\program files (x86)\steam\steamapps\common\sourcesdk_content\hl2mp\mapsrc\test.bsp
reading c:\program files (x86)\steam\steamapps\common\sourcesdk_content\hl2mp\mapsrc\test.prt
  70 portalclusters
 203 numportals
0...1...2...3...4...5...6...7...8...9...10Optimized: 87 visible clusters (1.87%)
Total clusters visible: 4663
Average clusters visible: 66
Building PAS...
Average clusters audible: 70
visdatasize:1831  compressed from 2240
writing c:\program files (x86)\steam\steamapps\common\sourcesdk_content\hl2mp\mapsrc\test.bsp
0 seconds elapsed



[Reading texlights from 'lights.rad']
[45 texlights parsed from 'lights.rad']

Loading c:\program files (x86)\steam\steamapps\common\sourcesdk_content\hl2mp\mapsrc\test.bsp
945 faces
37413 square feet [5387582.00 square inches]
0 Displacements
0 Square Feet [0.00 Square Inches]
945 patches before subdivision
52539 patches after subdivision
7 direct lights
0...1...2...3...4...5...6...7...8...9...100...1...2...3...4...5...6...7...8...9...10transfers 5796702, max 601
transfer lists:  44.2 megs
0...1...2...3...4...5...6...7...8...9...10	Bounce #1 added RGB(26563, 25917, 22377)
0...1...2...3...4...5...6...7...8...9...10	Bounce #2 added RGB(10820, 9821, 7196)
Build Patch/Sample Hash Table(s).....Done<0.0141 sec>
0...1...2...3...4...5...6...7...8...9...10FinalLightFace Done
0 of 0 (0% of) surface lights went in leaf ambient cubes.
0...1...2...3...4...5...6...7...8...9...10Writing leaf ambient...done
Ready to Finish

Object names       Objects/Maxobjs  Memory / Maxmem  Fullness 
------------       ---------------  ---------------  -------- 
models                  43/1024         2064/49152    ( 4.2%) 
brushes                123/8192         1476/98304    ( 1.5%) 
brushsides             873/65536        6984/524288   ( 1.3%) 
planes                1084/65536       21680/1310720  ( 1.7%) 
vertexes              1419/65536       17028/786432   ( 2.2%) 
nodes                  579/65536       18528/2097152  ( 0.9%) 
texinfos               160/12288       11520/884736   ( 1.3%) 
texdata                 27/2048          864/65536    ( 1.3%) 
dispinfos                0/0               0/0        ( 0.0%) 
disp_verts               0/0               0/0        ( 0.0%) 
disp_tris                0/0               0/0        ( 0.0%) 
disp_lmsamples           0/0               0/0        ( 0.0%) 
faces                  945/65536       52920/3670016  ( 1.4%) 
hdr faces                0/65536           0/3670016  ( 0.0%) 
origfaces              451/65536       25256/3670016  ( 0.7%) 
leaves                 623/65536       19936/2097152  ( 1.0%) 
leaffaces             2067/65536        4134/131072   ( 3.2%) 
leafbrushes            155/65536         310/131072   ( 0.2%) 
areas                    2/256            16/2048     ( 0.8%) 
surfedges             6119/512000      24476/2048000  ( 1.2%) 
edges                 3253/256000      13012/1024000  ( 1.3%) 
LDR worldlights          7/8192          616/720896   ( 0.1%) 
HDR worldlights          0/8192            0/720896   ( 0.0%) 
leafwaterdata            1/32768          12/393216   ( 0.0%) 
waterstrips             30/32768         300/327680   ( 0.1%) 
waterverts               0/65536           0/786432   ( 0.0%) 
waterindices           423/65536         846/131072   ( 0.6%) 
cubemapsamples           2/1024           32/16384    ( 0.2%) 
overlays                 0/512             0/180224   ( 0.0%) 
LDR lightdata         [variable]    10440300/0        ( 0.0%) 
HDR lightdata         [variable]           0/0        ( 0.0%) 
visdata               [variable]        1831/16777216 ( 0.0%) 
entdata               [variable]       46644/393216   (11.9%) 
LDR ambient table      623/65536        2492/262144   ( 1.0%) 
HDR ambient table      623/65536        2492/262144   ( 1.0%) 
LDR leaf ambient       888/65536       24864/1835008  ( 1.4%) 
HDR leaf ambient       623/65536       17444/1835008  ( 1.0%) 
occluders                0/0               0/0        ( 0.0%) 
occluder polygons        0/0               0/0        ( 0.0%) 
occluder vert ind        0/0               0/0        ( 0.0%) 
detail props          [variable]           1/12       ( 8.3%) 
static props          [variable]           1/828      ( 0.1%) 
pakfile               [variable]      320826/0        ( 0.0%) 
physics               [variable]       61307/4194304  ( 1.5%) 
physics terrain       [variable]           2/1048576  ( 0.0%) 

Level flags = 0

Total triangle count: 2377
Writing c:\program files (x86)\steam\steamapps\common\sourcesdk_content\hl2mp\mapsrc\test.bsp
3 seconds elapsed



materialPath: C:\Program Files (x86)\Steam\steamapps\common\Half-Life 2 Deathmatch\hl2mp\materials
Loading c:\program files (x86)\steam\steamapps\common\sourcesdk_content\hl2mp\mapsrc\test.vmf
ConVarRef mat_reduceparticles doesn't point to an existing ConVar
Could not locate 'GameData' key in c:\program files (x86)\steam\steamapps\common\half-life 2 deathmatch\hl2mp\gameinfo.txt
Patching WVT material: maps/test/dev/dev_blendmeasure_wvt_patch
fixing up env_cubemap materials on brush sides...
0...1...2...3...4...5...6...7...8...9...100...1...2...3...4...5...6...7...8...9...10Processing areas...done (0)
Building Faces...done (0)
Chop Details...done (0)
Find Visible Detail Sides...done (0)
Merging details...done (0)
FixTjuncs...
PruneNodes...
WriteBSP...
done (0)
writing c:\program files (x86)\steam\steamapps\common\sourcesdk_content\hl2mp\mapsrc\test.prt...Building visibility clusters...
done (0)
Creating default LDR cubemaps for env_cubemap using skybox materials:
   skybox/sky_day01_01*.vmt
 ! Run buildcubemaps in the engine to get the correct cube maps.
Creating default HDR cubemaps for env_cubemap using skybox materials:
   skybox/sky_day01_01*.vmt
 ! Run buildcubemaps in the engine to get the correct cube maps.
Finding displacement neighbors...
Finding lightmap sample positions...
Displacement Alpha : 0...1...2...3...4...5...6...7...8...9...10
Building Physics collision data...
done (0) (61307 bytes)
Placing detail props : 0...1...2...3...4...5...6...7...8...9...10
Compacting texture/material tables...
Reduced 401 texinfos to 160
Reduced 36 texdatas to 27 (1182 bytes to 911)
Writing c:\program files (x86)\steam\steamapps\common\sourcesdk_content\hl2mp\mapsrc\test.bsp
Wrote ZIP buffer, estimated size 323184, actual size 320826
0 seconds elapsed



12 threads
reading c:\program files (x86)\steam\steamapps\common\sourcesdk_content\hl2mp\mapsrc\test.bsp
reading c:\program files (x86)\steam\steamapps\common\sourcesdk_content\hl2mp\mapsrc\test.prt
  70 portalclusters
 203 numportals
0...1...2...3...4...5...6...7...8...9...10Optimized: 87 visible clusters (1.87%)
Total clusters visible: 4663
Average clusters visible: 66
Building PAS...
Average clusters audible: 70
visdatasize:1831  compressed from 2240
writing c:\program files (x86)\steam\steamapps\common\sourcesdk_content\hl2mp\mapsrc\test.bsp
0 seconds elapsed



[Reading texlights from 'lights.rad']
[45 texlights parsed from 'lights.rad']

Loading c:\program files (x86)\steam\steamapps\common\sourcesdk_content\hl2mp\mapsrc\test.bsp
945 faces
37413 square feet [5387582.00 square inches]
0 Displacements
0 Square Feet [0.00 Square Inches]
945 patches before subdivision
52539 patches after subdivision
7 direct lights
0...1...2...3...4...5...6...7...8...9...100...1...2...3...4...5...6...7...8...9...10transfers 5796702, max 601
transfer lists:  44.2 megs
0...1...2...3...4...5...6...7...8...9...10	Bounce #1 added RGB(26563, 25917, 22377)
0...1...2...3...4...5...6...7...8...9...10	Bounce #2 added RGB(10820, 9821, 7196)
Build Patch/Sample Hash Table(s).....Done<0.0135 sec>
0...1...2...3...4...5...6...7...8...9...10FinalLightFace Done
0 of 0 (0% of) surface lights went in leaf ambient cubes.
0...1...2...3...4...5...6...7...8...9...10Writing leaf ambient...done
Ready to Finish

Object names       Objects/Maxobjs  Memory / Maxmem  Fullness 
------------       ---------------  ---------------  -------- 
models                  43/1024         2064/49152    ( 4.2%) 
brushes                123/8192         1476/98304    ( 1.5%) 
brushsides             873/65536        6984/524288   ( 1.3%) 
planes                1084/65536       21680/1310720  ( 1.7%) 
vertexes              1419/65536       17028/786432   ( 2.2%) 
nodes                  579/65536       18528/2097152  ( 0.9%) 
texinfos               160/12288       11520/884736   ( 1.3%) 
texdata                 27/2048          864/65536    ( 1.3%) 
dispinfos                0/0               0/0        ( 0.0%) 
disp_verts               0/0               0/0        ( 0.0%) 
disp_tris                0/0               0/0        ( 0.0%) 
disp_lmsamples           0/0               0/0        ( 0.0%) 
faces                  945/65536       52920/3670016  ( 1.4%) 
hdr faces                0/65536           0/3670016  ( 0.0%) 
origfaces              451/65536       25256/3670016  ( 0.7%) 
leaves                 623/65536       19936/2097152  ( 1.0%) 
leaffaces             2067/65536        4134/131072   ( 3.2%) 
leafbrushes            155/65536         310/131072   ( 0.2%) 
areas                    2/256            16/2048     ( 0.8%) 
surfedges             6119/512000      24476/2048000  ( 1.2%) 
edges                 3253/256000      13012/1024000  ( 1.3%) 
LDR worldlights          7/8192          616/720896   ( 0.1%) 
HDR worldlights          0/8192            0/720896   ( 0.0%) 
leafwaterdata            1/32768          12/393216   ( 0.0%) 
waterstrips             30/32768         300/327680   ( 0.1%) 
waterverts               0/65536           0/786432   ( 0.0%) 
waterindices           423/65536         846/131072   ( 0.6%) 
cubemapsamples           2/1024           32/16384    ( 0.2%) 
overlays                 0/512             0/180224   ( 0.0%) 
LDR lightdata         [variable]    10440300/0        ( 0.0%) 
HDR lightdata         [variable]           0/0        ( 0.0%) 
visdata               [variable]        1831/16777216 ( 0.0%) 
entdata               [variable]       46639/393216   (11.9%) 
LDR ambient table      623/65536        2492/262144   ( 1.0%) 
HDR ambient table      623/65536        2492/262144   ( 1.0%) 
LDR leaf ambient       888/65536       24864/1835008  ( 1.4%) 
HDR leaf ambient       623/65536       17444/1835008  ( 1.0%) 
occluders                0/0               0/0        ( 0.0%) 
occluder polygons        0/0               0/0        ( 0.0%) 
occluder vert ind        0/0               0/0        ( 0.0%) 
detail props          [variable]           1/12       ( 8.3%) 
static props          [variable]           1/828      ( 0.1%) 
pakfile               [variable]      320826/0        ( 0.0%) 
physics               [variable]       61307/4194304  ( 1.5%) 
physics terrain       [variable]           2/1048576  ( 0.0%) 

Level flags = 0

Total triangle count: 2377
Writing c:\program files (x86)\steam\steamapps\common\sourcesdk_content\hl2mp\mapsrc\test.bsp
3 seconds elapsed



materialPath: C:\Program Files (x86)\Steam\steamapps\common\Half-Life 2 Deathmatch\hl2mp\materials
Loading c:\program files (x86)\steam\steamapps\common\sourcesdk_content\hl2mp\mapsrc\test.vmf
ConVarRef mat_reduceparticles doesn't point to an existing ConVar
Could not locate 'GameData' key in c:\program files (x86)\steam\steamapps\common\half-life 2 deathmatch\hl2mp\gameinfo.txt
Patching WVT material: maps/test/dev/dev_blendmeasure_wvt_patch
fixing up env_cubemap materials on brush sides...
0...1...2...3...4...5...6...7...8...9...100...1...2...3...4...5...6...7...8...9...10Processing areas...done (0)
Building Faces...done (0)
Chop Details...done (0)
Find Visible Detail Sides...done (0)
Merging details...done (0)
FixTjuncs...
PruneNodes...
WriteBSP...
done (0)
writing c:\program files (x86)\steam\steamapps\common\sourcesdk_content\hl2mp\mapsrc\test.prt...Building visibility clusters...
done (0)
Creating default LDR cubemaps for env_cubemap using skybox materials:
   skybox/sky_day01_01*.vmt
 ! Run buildcubemaps in the engine to get the correct cube maps.
Creating default HDR cubemaps for env_cubemap using skybox materials:
   skybox/sky_day01_01*.vmt
 ! Run buildcubemaps in the engine to get the correct cube maps.
Finding displacement neighbors...
Finding lightmap sample positions...
Displacement Alpha : 0...1...2...3...4...5...6...7...8...9...10
Building Physics collision data...
done (0) (61307 bytes)
Placing detail props : 0...1...2...3...4...5...6...7...8...9...10
Compacting texture/material tables...
Reduced 401 texinfos to 160
Reduced 36 texdatas to 27 (1182 bytes to 911)
Writing c:\program files (x86)\steam\steamapps\common\sourcesdk_content\hl2mp\mapsrc\test.bsp
Wrote ZIP buffer, estimated size 323184, actual size 320826
0 seconds elapsed



12 threads
reading c:\program files (x86)\steam\steamapps\common\sourcesdk_content\hl2mp\mapsrc\test.bsp
reading c:\program files (x86)\steam\steamapps\common\sourcesdk_content\hl2mp\mapsrc\test.prt
  70 portalclusters
 203 numportals
0...1...2...3...4...5...6...7...8...9...10Optimized: 87 visible clusters (1.87%)
Total clusters visible: 4663
Average clusters visible: 66
Building PAS...
Average clusters audible: 70
visdatasize:1831  compressed from 2240
writing c:\program files (x86)\steam\steamapps\common\sourcesdk_content\hl2mp\mapsrc\test.bsp
0 seconds elapsed



[Reading texlights from 'lights.rad']
[45 texlights parsed from 'lights.rad']

Loading c:\program files (x86)\steam\steamapps\common\sourcesdk_content\hl2mp\mapsrc\test.bsp
945 faces
37413 square feet [5387582.00 square inches]
0 Displacements
0 Square Feet [0.00 Square Inches]
945 patches before subdivision
52539 patches after subdivision
7 direct lights
0...1...2...3...4...5...6...7...8...9...100...1...2...3...4...5...6...7...8...9...10transfers 5796702, max 601
transfer lists:  44.2 megs
0...1...2...3...4...5...6...7...8...9...10	Bounce #1 added RGB(26563, 25917, 22377)
0...1...2...3...4...5...6...7...8...9...10	Bounce #2 added RGB(10820, 9821, 7196)
Build Patch/Sample Hash Table(s).....Done<0.0135 sec>
0...1...2...3...4...5...6...7...8...9...10FinalLightFace Done
0 of 0 (0% of) surface lights went in leaf ambient cubes.
0...1...2...3...4...5...6...7...8...9...10Writing leaf ambient...done
Ready to Finish

Object names       Objects/Maxobjs  Memory / Maxmem  Fullness 
------------       ---------------  ---------------  -------- 
models                  43/1024         2064/49152    ( 4.2%) 
brushes                123/8192         1476/98304    ( 1.5%) 
brushsides             873/65536        6984/524288   ( 1.3%) 
planes                1084/65536       21680/1310720  ( 1.7%) 
vertexes              1419/65536       17028/786432   ( 2.2%) 
nodes                  579/65536       18528/2097152  ( 0.9%) 
texinfos               160/12288       11520/884736   ( 1.3%) 
texdata                 27/2048          864/65536    ( 1.3%) 
dispinfos                0/0               0/0        ( 0.0%) 
disp_verts               0/0               0/0        ( 0.0%) 
disp_tris                0/0               0/0        ( 0.0%) 
disp_lmsamples           0/0               0/0        ( 0.0%) 
faces                  945/65536       52920/3670016  ( 1.4%) 
hdr faces                0/65536           0/3670016  ( 0.0%) 
origfaces              451/65536       25256/3670016  ( 0.7%) 
leaves                 623/65536       19936/2097152  ( 1.0%) 
leaffaces             2067/65536        4134/131072   ( 3.2%) 
leafbrushes            155/65536         310/131072   ( 0.2%) 
areas                    2/256            16/2048     ( 0.8%) 
surfedges             6119/512000      24476/2048000  ( 1.2%) 
edges                 3253/256000      13012/1024000  ( 1.3%) 
LDR worldlights          7/8192          616/720896   ( 0.1%) 
HDR worldlights          0/8192            0/720896   ( 0.0%) 
leafwaterdata            1/32768          12/393216   ( 0.0%) 
waterstrips             30/32768         300/327680   ( 0.1%) 
waterverts               0/65536           0/786432   ( 0.0%) 
waterindices           423/65536         846/131072   ( 0.6%) 
cubemapsamples           2/1024           32/16384    ( 0.2%) 
overlays                 0/512             0/180224   ( 0.0%) 
LDR lightdata         [variable]    10440300/0        ( 0.0%) 
HDR lightdata         [variable]           0/0        ( 0.0%) 
visdata               [variable]        1831/16777216 ( 0.0%) 
entdata               [variable]       46722/393216   (11.9%) 
LDR ambient table      623/65536        2492/262144   ( 1.0%) 
HDR ambient table      623/65536        2492/262144   ( 1.0%) 
LDR leaf ambient       888/65536       24864/1835008  ( 1.4%) 
HDR leaf ambient       623/65536       17444/1835008  ( 1.0%) 
occluders                0/0               0/0        ( 0.0%) 
occluder polygons        0/0               0/0        ( 0.0%) 
occluder vert ind        0/0               0/0        ( 0.0%) 
detail props          [variable]           1/12       ( 8.3%) 
static props          [variable]           1/828      ( 0.1%) 
pakfile               [variable]      320826/0        ( 0.0%) 
physics               [variable]       61307/4194304  ( 1.5%) 
physics terrain       [variable]           2/1048576  ( 0.0%) 

Level flags = 0

Total triangle count: 2377
Writing c:\program files (x86)\steam\steamapps\common\sourcesdk_content\hl2mp\mapsrc\test.bsp
3 seconds elapsed



materialPath: C:\Program Files (x86)\Steam\steamapps\common\Half-Life 2 Deathmatch\hl2mp\materials
Loading c:\program files (x86)\steam\steamapps\common\sourcesdk_content\hl2mp\mapsrc\test.vmf
ConVarRef mat_reduceparticles doesn't point to an existing ConVar
Could not locate 'GameData' key in c:\program files (x86)\steam\steamapps\common\half-life 2 deathmatch\hl2mp\gameinfo.txt
Patching WVT material: maps/test/dev/dev_blendmeasure_wvt_patch
fixing up env_cubemap materials on brush sides...
0...1...2...3...4...5...6...7...8...9...100...1...2...3...4...5...6...7...8...9...10Processing areas...done (0)
Building Faces...done (0)
Chop Details...done (0)
Find Visible Detail Sides...done (0)
Merging details...done (0)
FixTjuncs...
PruneNodes...
WriteBSP...
done (0)
writing c:\program files (x86)\steam\steamapps\common\sourcesdk_content\hl2mp\mapsrc\test.prt...Building visibility clusters...
done (0)
Creating default LDR cubemaps for env_cubemap using skybox materials:
   skybox/sky_day01_01*.vmt
 ! Run buildcubemaps in the engine to get the correct cube maps.
Creating default HDR cubemaps for env_cubemap using skybox materials:
   skybox/sky_day01_01*.vmt
 ! Run buildcubemaps in the engine to get the correct cube maps.
Finding displacement neighbors...
Finding lightmap sample positions...
Displacement Alpha : 0...1...2...3...4...5...6...7...8...9...10
Building Physics collision data...
done (0) (61307 bytes)
Placing detail props : 0...1...2...3...4...5...6...7...8...9...10
Compacting texture/material tables...
Reduced 401 texinfos to 160
Reduced 36 texdatas to 27 (1182 bytes to 911)
Writing c:\program files (x86)\steam\steamapps\common\sourcesdk_content\hl2mp\mapsrc\test.bsp
Wrote ZIP buffer, estimated size 323184, actual size 320826
0 seconds elapsed



12 threads
reading c:\program files (x86)\steam\steamapps\common\sourcesdk_content\hl2mp\mapsrc\test.bsp
reading c:\program files (x86)\steam\steamapps\common\sourcesdk_content\hl2mp\mapsrc\test.prt
  70 portalclusters
 203 numportals
0...1...2...3...4...5...6...7...8...9...10Optimized: 87 visible clusters (1.87%)
Total clusters visible: 4663
Average clusters visible: 66
Building PAS...
Average clusters audible: 70
visdatasize:1831  compressed from 2240
writing c:\program files (x86)\steam\steamapps\common\sourcesdk_content\hl2mp\mapsrc\test.bsp
0 seconds elapsed



[Reading texlights from 'lights.rad']
[45 texlights parsed from 'lights.rad']

Loading c:\program files (x86)\steam\steamapps\common\sourcesdk_content\hl2mp\mapsrc\test.bsp
945 faces
37413 square feet [5387582.00 square inches]
0 Displacements
0 Square Feet [0.00 Square Inches]
945 patches before subdivision
52539 patches after subdivision
7 direct lights
0...1...2...3...4...5...6...7...8...9...100...1...2...3...4...5...6...7...8...9...10transfers 5796702, max 601
transfer lists:  44.2 megs
0...1...2...3...4...5...6...7...8...9...10	Bounce #1 added RGB(26563, 25917, 22377)
0...1...2...3...4...5...6...7...8...9...10	Bounce #2 added RGB(10820, 9821, 7196)
Build Patch/Sample Hash Table(s).....Done<0.0112 sec>
0...1...2...3...4...5...6...7...8...9...10FinalLightFace Done
0 of 0 (0% of) surface lights went in leaf ambient cubes.
0...1...2...3...4...5...6...7...8...9...10Writing leaf ambient...done
Ready to Finish

Object names       Objects/Maxobjs  Memory / Maxmem  Fullness 
------------       ---------------  ---------------  -------- 
models                  43/1024         2064/49152    ( 4.2%) 
brushes                123/8192         1476/98304    ( 1.5%) 
brushsides             873/65536        6984/524288   ( 1.3%) 
planes                1084/65536       21680/1310720  ( 1.7%) 
vertexes              1419/65536       17028/786432   ( 2.2%) 
nodes                  579/65536       18528/2097152  ( 0.9%) 
texinfos               160/12288       11520/884736   ( 1.3%) 
texdata                 27/2048          864/65536    ( 1.3%) 
dispinfos                0/0               0/0        ( 0.0%) 
disp_verts               0/0               0/0        ( 0.0%) 
disp_tris                0/0               0/0        ( 0.0%) 
disp_lmsamples           0/0               0/0        ( 0.0%) 
faces                  945/65536       52920/3670016  ( 1.4%) 
hdr faces                0/65536           0/3670016  ( 0.0%) 
origfaces              451/65536       25256/3670016  ( 0.7%) 
leaves                 623/65536       19936/2097152  ( 1.0%) 
leaffaces             2067/65536        4134/131072   ( 3.2%) 
leafbrushes            155/65536         310/131072   ( 0.2%) 
areas                    2/256            16/2048     ( 0.8%) 
surfedges             6119/512000      24476/2048000  ( 1.2%) 
edges                 3253/256000      13012/1024000  ( 1.3%) 
LDR worldlights          7/8192          616/720896   ( 0.1%) 
HDR worldlights          0/8192            0/720896   ( 0.0%) 
leafwaterdata            1/32768          12/393216   ( 0.0%) 
waterstrips             30/32768         300/327680   ( 0.1%) 
waterverts               0/65536           0/786432   ( 0.0%) 
waterindices           423/65536         846/131072   ( 0.6%) 
cubemapsamples           2/1024           32/16384    ( 0.2%) 
overlays                 0/512             0/180224   ( 0.0%) 
LDR lightdata         [variable]    10440300/0        ( 0.0%) 
HDR lightdata         [variable]           0/0        ( 0.0%) 
visdata               [variable]        1831/16777216 ( 0.0%) 
entdata               [variable]       46847/393216   (11.9%) 
LDR ambient table      623/65536        2492/262144   ( 1.0%) 
HDR ambient table      623/65536        2492/262144   ( 1.0%) 
LDR leaf ambient       888/65536       24864/1835008  ( 1.4%) 
HDR leaf ambient       623/65536       17444/1835008  ( 1.0%) 
occluders                0/0               0/0        ( 0.0%) 
occluder polygons        0/0               0/0        ( 0.0%) 
occluder vert ind        0/0               0/0        ( 0.0%) 
detail props          [variable]           1/12       ( 8.3%) 
static props          [variable]           1/828      ( 0.1%) 
pakfile               [variable]      320826/0        ( 0.0%) 
physics               [variable]       61307/4194304  ( 1.5%) 
physics terrain       [variable]           2/1048576  ( 0.0%) 

Level flags = 0

Total triangle count: 2377
Writing c:\program files (x86)\steam\steamapps\common\sourcesdk_content\hl2mp\mapsrc\test.bsp
3 seconds elapsed



materialPath: C:\Program Files (x86)\Steam\steamapps\common\Half-Life 2 Deathmatch\hl2mp\materials
Loading c:\program files (x86)\steam\steamapps\common\sourcesdk_content\hl2mp\mapsrc\test.vmf
ConVarRef mat_reduceparticles doesn't point to an existing ConVar
Could not locate 'GameData' key in c:\program files (x86)\steam\steamapps\common\half-life 2 deathmatch\hl2mp\gameinfo.txt
Patching WVT material: maps/test/dev/dev_blendmeasure_wvt_patch
fixing up env_cubemap materials on brush sides...
0...1...2...3...4...5...6...7...8...9...100...1...2...3...4...5...6...7...8...9...10Processing areas...done (0)
Building Faces...done (0)
Chop Details...done (0)
Find Visible Detail Sides...done (0)
Merging details...done (0)
FixTjuncs...
PruneNodes...
WriteBSP...
done (0)
writing c:\program files (x86)\steam\steamapps\common\sourcesdk_content\hl2mp\mapsrc\test.prt...Building visibility clusters...
done (0)
Creating default LDR cubemaps for env_cubemap using skybox materials:
   skybox/sky_day01_01*.vmt
 ! Run buildcubemaps in the engine to get the correct cube maps.
Creating default HDR cubemaps for env_cubemap using skybox materials:
   skybox/sky_day01_01*.vmt
 ! Run buildcubemaps in the engine to get the correct cube maps.
Finding displacement neighbors...
Finding lightmap sample positions...
Displacement Alpha : 0...1...2...3...4...5...6...7...8...9...10
Building Physics collision data...
done (0) (61307 bytes)
Placing detail props : 0...1...2...3...4...5...6...7...8...9...10
Compacting texture/material tables...
Reduced 401 texinfos to 160
Reduced 36 texdatas to 27 (1182 bytes to 911)
Writing c:\program files (x86)\steam\steamapps\common\sourcesdk_content\hl2mp\mapsrc\test.bsp
Wrote ZIP buffer, estimated size 323184, actual size 320826
0 seconds elapsed



12 threads
reading c:\program files (x86)\steam\steamapps\common\sourcesdk_content\hl2mp\mapsrc\test.bsp
reading c:\program files (x86)\steam\steamapps\common\sourcesdk_content\hl2mp\mapsrc\test.prt
  70 portalclusters
 203 numportals
0...1...2...3...4...5...6...7...8...9...10Optimized: 87 visible clusters (1.87%)
Total clusters visible: 4663
Average clusters visible: 66
Building PAS...
Average clusters audible: 70
visdatasize:1831  compressed from 2240
writing c:\program files (x86)\steam\steamapps\common\sourcesdk_content\hl2mp\mapsrc\test.bsp
0 seconds elapsed



[Reading texlights from 'lights.rad']
[45 texlights parsed from 'lights.rad']

Loading c:\program files (x86)\steam\steamapps\common\sourcesdk_content\hl2mp\mapsrc\test.bsp
945 faces
37413 square feet [5387582.00 square inches]
0 Displacements
0 Square Feet [0.00 Square Inches]
945 patches before subdivision
52539 patches after subdivision
7 direct lights
0...1...2...3...4...5...6...7...8...9...100...1...2...3...4...5...6...7...8...9...10transfers 5796702, max 601
transfer lists:  44.2 megs
0...1...2...3...4...5...6...7...8...9...10	Bounce #1 added RGB(26563, 25917, 22377)
0...1...2...3...4...5...6...7...8...9...10	Bounce #2 added RGB(10820, 9821, 7196)
Build Patch/Sample Hash Table(s).....Done<0.0119 sec>
0...1...2...3...4...5...6...7...8...9...10FinalLightFace Done
0 of 0 (0% of) surface lights went in leaf ambient cubes.
0...1...2...3...4...5...6...7...8...9...10Writing leaf ambient...done
Ready to Finish

Object names       Objects/Maxobjs  Memory / Maxmem  Fullness 
------------       ---------------  ---------------  -------- 
models                  43/1024         2064/49152    ( 4.2%) 
brushes                123/8192         1476/98304    ( 1.5%) 
brushsides             873/65536        6984/524288   ( 1.3%) 
planes                1084/65536       21680/1310720  ( 1.7%) 
vertexes              1419/65536       17028/786432   ( 2.2%) 
nodes                  579/65536       18528/2097152  ( 0.9%) 
texinfos               160/12288       11520/884736   ( 1.3%) 
texdata                 27/2048          864/65536    ( 1.3%) 
dispinfos                0/0               0/0        ( 0.0%) 
disp_verts               0/0               0/0        ( 0.0%) 
disp_tris                0/0               0/0        ( 0.0%) 
disp_lmsamples           0/0               0/0        ( 0.0%) 
faces                  945/65536       52920/3670016  ( 1.4%) 
hdr faces                0/65536           0/3670016  ( 0.0%) 
origfaces              451/65536       25256/3670016  ( 0.7%) 
leaves                 623/65536       19936/2097152  ( 1.0%) 
leaffaces             2067/65536        4134/131072   ( 3.2%) 
leafbrushes            155/65536         310/131072   ( 0.2%) 
areas                    2/256            16/2048     ( 0.8%) 
surfedges             6119/512000      24476/2048000  ( 1.2%) 
edges                 3253/256000      13012/1024000  ( 1.3%) 
LDR worldlights          7/8192          616/720896   ( 0.1%) 
HDR worldlights          0/8192            0/720896   ( 0.0%) 
leafwaterdata            1/32768          12/393216   ( 0.0%) 
waterstrips             30/32768         300/327680   ( 0.1%) 
waterverts               0/65536           0/786432   ( 0.0%) 
waterindices           423/65536         846/131072   ( 0.6%) 
cubemapsamples           2/1024           32/16384    ( 0.2%) 
overlays                 0/512             0/180224   ( 0.0%) 
LDR lightdata         [variable]    10440300/0        ( 0.0%) 
HDR lightdata         [variable]           0/0        ( 0.0%) 
visdata               [variable]        1831/16777216 ( 0.0%) 
entdata               [variable]       46763/393216   (11.9%) 
LDR ambient table      623/65536        2492/262144   ( 1.0%) 
HDR ambient table      623/65536        2492/262144   ( 1.0%) 
LDR leaf ambient       888/65536       24864/1835008  ( 1.4%) 
HDR leaf ambient       623/65536       17444/1835008  ( 1.0%) 
occluders                0/0               0/0        ( 0.0%) 
occluder polygons        0/0               0/0        ( 0.0%) 
occluder vert ind        0/0               0/0        ( 0.0%) 
detail props          [variable]           1/12       ( 8.3%) 
static props          [variable]           1/828      ( 0.1%) 
pakfile               [variable]      320826/0        ( 0.0%) 
physics               [variable]       61307/4194304  ( 1.5%) 
physics terrain       [variable]           2/1048576  ( 0.0%) 

Level flags = 0

Total triangle count: 2377
Writing c:\program files (x86)\steam\steamapps\common\sourcesdk_content\hl2mp\mapsrc\test.bsp
3 seconds elapsed



materialPath: C:\Program Files (x86)\Steam\steamapps\common\Half-Life 2 Deathmatch\hl2mp\materials
Loading c:\program files (x86)\steam\steamapps\common\sourcesdk_content\hl2mp\mapsrc\test.vmf
ConVarRef mat_reduceparticles doesn't point to an existing ConVar
Could not locate 'GameData' key in c:\program files (x86)\steam\steamapps\common\half-life 2 deathmatch\hl2mp\gameinfo.txt
Patching WVT material: maps/test/dev/dev_blendmeasure_wvt_patch
fixing up env_cubemap materials on brush sides...
0...1...2...3...4...5...6...7...8...9...100...1...2...3...4...5...6...7...8...9...10Processing areas...done (0)
Building Faces...done (0)
Chop Details...done (0)
Find Visible Detail Sides...done (0)
Merging details...done (0)
FixTjuncs...
PruneNodes...
WriteBSP...
done (0)
writing c:\program files (x86)\steam\steamapps\common\sourcesdk_content\hl2mp\mapsrc\test.prt...Building visibility clusters...
done (0)
Creating default LDR cubemaps for env_cubemap using skybox materials:
   skybox/sky_day01_01*.vmt
 ! Run buildcubemaps in the engine to get the correct cube maps.
Creating default HDR cubemaps for env_cubemap using skybox materials:
   skybox/sky_day01_01*.vmt
 ! Run buildcubemaps in the engine to get the correct cube maps.
Finding displacement neighbors...
Finding lightmap sample positions...
Displacement Alpha : 0...1...2...3...4...5...6...7...8...9...10
Building Physics collision data...
done (0) (60761 bytes)
Placing detail props : 0...1...2...3...4...5...6...7...8...9...10
Compacting texture/material tables...
Reduced 395 texinfos to 160
Reduced 36 texdatas to 27 (1182 bytes to 911)
Writing c:\program files (x86)\steam\steamapps\common\sourcesdk_content\hl2mp\mapsrc\test.bsp
Wrote ZIP buffer, estimated size 323184, actual size 320826
0 seconds elapsed



12 threads
reading c:\program files (x86)\steam\steamapps\common\sourcesdk_content\hl2mp\mapsrc\test.bsp
reading c:\program files (x86)\steam\steamapps\common\sourcesdk_content\hl2mp\mapsrc\test.prt
  70 portalclusters
 203 numportals
0...1...2...3...4...5...6...7...8...9...10Optimized: 87 visible clusters (1.87%)
Total clusters visible: 4663
Average clusters visible: 66
Building PAS...
Average clusters audible: 70
visdatasize:1831  compressed from 2240
writing c:\program files (x86)\steam\steamapps\common\sourcesdk_content\hl2mp\mapsrc\test.bsp
0 seconds elapsed



[Reading texlights from 'lights.rad']
[45 texlights parsed from 'lights.rad']

Loading c:\program files (x86)\steam\steamapps\common\sourcesdk_content\hl2mp\mapsrc\test.bsp
945 faces
37413 square feet [5387582.00 square inches]
0 Displacements
0 Square Feet [0.00 Square Inches]
945 patches before subdivision
52539 patches after subdivision
7 direct lights
0...1...2...3...4...5...6...7...8...9...100...1...2...3...4...5...6...7...8...9...10transfers 5796702, max 601
transfer lists:  44.2 megs
0...1...2...3...4...5...6...7...8...9...10	Bounce #1 added RGB(26563, 25917, 22377)
0...1...2...3...4...5...6...7...8...9...10	Bounce #2 added RGB(10820, 9821, 7196)
Build Patch/Sample Hash Table(s).....Done<0.0110 sec>
0...1...2...3...4...5...6...7...8...9...10FinalLightFace Done
0 of 0 (0% of) surface lights went in leaf ambient cubes.
0...1...2...3...4...5...6...7...8...9...10Writing leaf ambient...done
Ready to Finish

Object names       Objects/Maxobjs  Memory / Maxmem  Fullness 
------------       ---------------  ---------------  -------- 
models                  42/1024         2016/49152    ( 4.1%) 
brushes                122/8192         1464/98304    ( 1.5%) 
brushsides             867/65536        6936/524288   ( 1.3%) 
planes                1074/65536       21480/1310720  ( 1.6%) 
vertexes              1411/65536       16932/786432   ( 2.2%) 
nodes                  573/65536       18336/2097152  ( 0.9%) 
texinfos               160/12288       11520/884736   ( 1.3%) 
texdata                 27/2048          864/65536    ( 1.3%) 
dispinfos                0/0               0/0        ( 0.0%) 
disp_verts               0/0               0/0        ( 0.0%) 
disp_tris                0/0               0/0        ( 0.0%) 
disp_lmsamples           0/0               0/0        ( 0.0%) 
faces                  945/65536       52920/3670016  ( 1.4%) 
hdr faces                0/65536           0/3670016  ( 0.0%) 
origfaces              451/65536       25256/3670016  ( 0.7%) 
leaves                 616/65536       19712/2097152  ( 0.9%) 
leaffaces             2067/65536        4134/131072   ( 3.2%) 
leafbrushes            154/65536         308/131072   ( 0.2%) 
areas                    2/256            16/2048     ( 0.8%) 
surfedges             6119/512000      24476/2048000  ( 1.2%) 
edges                 3253/256000      13012/1024000  ( 1.3%) 
LDR worldlights          7/8192          616/720896   ( 0.1%) 
HDR worldlights          0/8192            0/720896   ( 0.0%) 
leafwaterdata            1/32768          12/393216   ( 0.0%) 
waterstrips             30/32768         300/327680   ( 0.1%) 
waterverts               0/65536           0/786432   ( 0.0%) 
waterindices           423/65536         846/131072   ( 0.6%) 
cubemapsamples           2/1024           32/16384    ( 0.2%) 
overlays                 0/512             0/180224   ( 0.0%) 
LDR lightdata         [variable]    10440300/0        ( 0.0%) 
HDR lightdata         [variable]           0/0        ( 0.0%) 
visdata               [variable]        1831/16777216 ( 0.0%) 
entdata               [variable]       46010/393216   (11.7%) 
LDR ambient table      616/65536        2464/262144   ( 0.9%) 
HDR ambient table      616/65536        2464/262144   ( 0.9%) 
LDR leaf ambient       881/65536       24668/1835008  ( 1.3%) 
HDR leaf ambient       616/65536       17248/1835008  ( 0.9%) 
occluders                0/0               0/0        ( 0.0%) 
occluder polygons        0/0               0/0        ( 0.0%) 
occluder vert ind        0/0               0/0        ( 0.0%) 
detail props          [variable]           1/12       ( 8.3%) 
static props          [variable]           1/828      ( 0.1%) 
pakfile               [variable]      320826/0        ( 0.0%) 
physics               [variable]       60761/4194304  ( 1.4%) 
physics terrain       [variable]           2/1048576  ( 0.0%) 

Level flags = 0

Total triangle count: 2377
Writing c:\program files (x86)\steam\steamapps\common\sourcesdk_content\hl2mp\mapsrc\test.bsp
3 seconds elapsed



materialPath: C:\Program Files (x86)\Steam\steamapps\common\Half-Life 2 Deathmatch\hl2mp\materials
Loading c:\program files (x86)\steam\steamapps\common\sourcesdk_content\hl2mp\mapsrc\test.vmf
ConVarRef mat_reduceparticles doesn't point to an existing ConVar
Could not locate 'GameData' key in c:\program files (x86)\steam\steamapps\common\half-life 2 deathmatch\hl2mp\gameinfo.txt
Patching WVT material: maps/test/dev/dev_blendmeasure_wvt_patch
fixing up env_cubemap materials on brush sides...
0...1...2...3...4...5...6...7...8...9...100...1...2...3...4...5...6...7...8...9...10Processing areas...done (0)
Building Faces...done (0)
Chop Details...done (0)
Find Visible Detail Sides...done (0)
Merging details...done (0)
FixTjuncs...
PruneNodes...
WriteBSP...
done (0)
writing c:\program files (x86)\steam\steamapps\common\sourcesdk_content\hl2mp\mapsrc\test.prt...Building visibility clusters...
done (0)
Creating default LDR cubemaps for env_cubemap using skybox materials:
   skybox/sky_day01_01*.vmt
 ! Run buildcubemaps in the engine to get the correct cube maps.
Creating default HDR cubemaps for env_cubemap using skybox materials:
   skybox/sky_day01_01*.vmt
 ! Run buildcubemaps in the engine to get the correct cube maps.
Finding displacement neighbors...
Finding lightmap sample positions...
Displacement Alpha : 0...1...2...3...4...5...6...7...8...9...10
Building Physics collision data...
done (0) (60761 bytes)
Placing detail props : 0...1...2...3...4...5...6...7...8...9...10
Compacting texture/material tables...
Reduced 395 texinfos to 160
Reduced 36 texdatas to 27 (1182 bytes to 911)
Writing c:\program files (x86)\steam\steamapps\common\sourcesdk_content\hl2mp\mapsrc\test.bsp
Wrote ZIP buffer, estimated size 323184, actual size 320826
0 seconds elapsed



12 threads
reading c:\program files (x86)\steam\steamapps\common\sourcesdk_content\hl2mp\mapsrc\test.bsp
reading c:\program files (x86)\steam\steamapps\common\sourcesdk_content\hl2mp\mapsrc\test.prt
  70 portalclusters
 203 numportals
0...1...2...3...4...5...6...7...8...9...10Optimized: 87 visible clusters (1.87%)
Total clusters visible: 4663
Average clusters visible: 66
Building PAS...
Average clusters audible: 70
visdatasize:1831  compressed from 2240
writing c:\program files (x86)\steam\steamapps\common\sourcesdk_content\hl2mp\mapsrc\test.bsp
0 seconds elapsed



[Reading texlights from 'lights.rad']
[45 texlights parsed from 'lights.rad']

Loading c:\program files (x86)\steam\steamapps\common\sourcesdk_content\hl2mp\mapsrc\test.bsp
945 faces
37413 square feet [5387582.00 square inches]
0 Displacements
0 Square Feet [0.00 Square Inches]
945 patches before subdivision
52539 patches after subdivision
7 direct lights
0...1...2...3...4...5...6...7...8...9...100...1...2...3...4...5...6...7...8...9...10transfers 5796702, max 601
transfer lists:  44.2 megs
0...1...2...3...4...5...6...7...8...9...10	Bounce #1 added RGB(26563, 25917, 22377)
0...1...2...3...4...5...6...7...8...9...10	Bounce #2 added RGB(10820, 9821, 7196)
Build Patch/Sample Hash Table(s).....Done<0.0110 sec>
0...1...2...3...4...5...6...7...8...9...10FinalLightFace Done
0 of 0 (0% of) surface lights went in leaf ambient cubes.
0...1...2...3...4...5...6...7...8...9...10Writing leaf ambient...done
Ready to Finish

Object names       Objects/Maxobjs  Memory / Maxmem  Fullness 
------------       ---------------  ---------------  -------- 
models                  42/1024         2016/49152    ( 4.1%) 
brushes                122/8192         1464/98304    ( 1.5%) 
brushsides             867/65536        6936/524288   ( 1.3%) 
planes                1074/65536       21480/1310720  ( 1.6%) 
vertexes              1411/65536       16932/786432   ( 2.2%) 
nodes                  573/65536       18336/2097152  ( 0.9%) 
texinfos               160/12288       11520/884736   ( 1.3%) 
texdata                 27/2048          864/65536    ( 1.3%) 
dispinfos                0/0               0/0        ( 0.0%) 
disp_verts               0/0               0/0        ( 0.0%) 
disp_tris                0/0               0/0        ( 0.0%) 
disp_lmsamples           0/0               0/0        ( 0.0%) 
faces                  945/65536       52920/3670016  ( 1.4%) 
hdr faces                0/65536           0/3670016  ( 0.0%) 
origfaces              451/65536       25256/3670016  ( 0.7%) 
leaves                 616/65536       19712/2097152  ( 0.9%) 
leaffaces             2067/65536        4134/131072   ( 3.2%) 
leafbrushes            154/65536         308/131072   ( 0.2%) 
areas                    2/256            16/2048     ( 0.8%) 
surfedges             6119/512000      24476/2048000  ( 1.2%) 
edges                 3253/256000      13012/1024000  ( 1.3%) 
LDR worldlights          7/8192          616/720896   ( 0.1%) 
HDR worldlights          0/8192            0/720896   ( 0.0%) 
leafwaterdata            1/32768          12/393216   ( 0.0%) 
waterstrips             30/32768         300/327680   ( 0.1%) 
waterverts               0/65536           0/786432   ( 0.0%) 
waterindices           423/65536         846/131072   ( 0.6%) 
cubemapsamples           2/1024           32/16384    ( 0.2%) 
overlays                 0/512             0/180224   ( 0.0%) 
LDR lightdata         [variable]    10440300/0        ( 0.0%) 
HDR lightdata         [variable]           0/0        ( 0.0%) 
visdata               [variable]        1831/16777216 ( 0.0%) 
entdata               [variable]       46048/393216   (11.7%) 
LDR ambient table      616/65536        2464/262144   ( 0.9%) 
HDR ambient table      616/65536        2464/262144   ( 0.9%) 
LDR leaf ambient       881/65536       24668/1835008  ( 1.3%) 
HDR leaf ambient       616/65536       17248/1835008  ( 0.9%) 
occluders                0/0               0/0        ( 0.0%) 
occluder polygons        0/0               0/0        ( 0.0%) 
occluder vert ind        0/0               0/0        ( 0.0%) 
detail props          [variable]           1/12       ( 8.3%) 
static props          [variable]           1/828      ( 0.1%) 
pakfile               [variable]      320826/0        ( 0.0%) 
physics               [variable]       60761/4194304  ( 1.4%) 
physics terrain       [variable]           2/1048576  ( 0.0%) 

Level flags = 0

Total triangle count: 2377
Writing c:\program files (x86)\steam\steamapps\common\sourcesdk_content\hl2mp\mapsrc\test.bsp
3 seconds elapsed



materialPath: C:\Program Files (x86)\Steam\steamapps\common\Half-Life 2 Deathmatch\hl2mp\materials
Loading c:\program files (x86)\steam\steamapps\common\sourcesdk_content\hl2mp\mapsrc\test.vmf
ConVarRef mat_reduceparticles doesn't point to an existing ConVar
Could not locate 'GameData' key in c:\program files (x86)\steam\steamapps\common\half-life 2 deathmatch\hl2mp\gameinfo.txt
Patching WVT material: maps/test/dev/dev_blendmeasure_wvt_patch
fixing up env_cubemap materials on brush sides...
0...1...2...3...4...5...6...7...8...9...100...1...2...3...4...5...6...7...8...9...10Processing areas...done (0)
Building Faces...done (0)
Chop Details...done (0)
Find Visible Detail Sides...done (0)
Merging details...done (0)
FixTjuncs...
PruneNodes...
WriteBSP...
done (0)
writing c:\program files (x86)\steam\steamapps\common\sourcesdk_content\hl2mp\mapsrc\test.prt...Building visibility clusters...
done (0)
Creating default LDR cubemaps for env_cubemap using skybox materials:
   skybox/sky_day01_01*.vmt
 ! Run buildcubemaps in the engine to get the correct cube maps.
Creating default HDR cubemaps for env_cubemap using skybox materials:
   skybox/sky_day01_01*.vmt
 ! Run buildcubemaps in the engine to get the correct cube maps.
Finding displacement neighbors...
Finding lightmap sample positions...
Displacement Alpha : 0...1...2...3...4...5...6...7...8...9...10
Building Physics collision data...
done (0) (60761 bytes)
Placing detail props : 0...1...2...3...4...5...6...7...8...9...10
Compacting texture/material tables...
Reduced 395 texinfos to 160
Reduced 36 texdatas to 27 (1182 bytes to 911)
Writing c:\program files (x86)\steam\steamapps\common\sourcesdk_content\hl2mp\mapsrc\test.bsp
Wrote ZIP buffer, estimated size 323184, actual size 320826
0 seconds elapsed



12 threads
reading c:\program files (x86)\steam\steamapps\common\sourcesdk_content\hl2mp\mapsrc\test.bsp
reading c:\program files (x86)\steam\steamapps\common\sourcesdk_content\hl2mp\mapsrc\test.prt
  70 portalclusters
 203 numportals
0...1...2...3...4...5...6...7...8...9...10Optimized: 87 visible clusters (1.87%)
Total clusters visible: 4663
Average clusters visible: 66
Building PAS...
Average clusters audible: 70
visdatasize:1831  compressed from 2240
writing c:\program files (x86)\steam\steamapps\common\sourcesdk_content\hl2mp\mapsrc\test.bsp
0 seconds elapsed



[Reading texlights from 'lights.rad']
[45 texlights parsed from 'lights.rad']

Loading c:\program files (x86)\steam\steamapps\common\sourcesdk_content\hl2mp\mapsrc\test.bsp
945 faces
37413 square feet [5387582.00 square inches]
0 Displacements
0 Square Feet [0.00 Square Inches]
945 patches before subdivision
52539 patches after subdivision
7 direct lights
0...1...2...3...4...5...6...7...8...9...100...1...2...3...4...5...6...7...8...9...10transfers 5796702, max 601
transfer lists:  44.2 megs
0...1...2...3...4...5...6...7...8...9...10	Bounce #1 added RGB(26563, 25917, 22377)
0...1...2...3...4...5...6...7...8...9...10	Bounce #2 added RGB(10820, 9821, 7196)
Build Patch/Sample Hash Table(s).....Done<0.0136 sec>
0...1...2...3...4...5...6...7...8...9...10FinalLightFace Done
0 of 0 (0% of) surface lights went in leaf ambient cubes.
0...1...2...3...4...5...6...7...8...9...10Writing leaf ambient...done
Ready to Finish

Object names       Objects/Maxobjs  Memory / Maxmem  Fullness 
------------       ---------------  ---------------  -------- 
models                  42/1024         2016/49152    ( 4.1%) 
brushes                122/8192         1464/98304    ( 1.5%) 
brushsides             867/65536        6936/524288   ( 1.3%) 
planes                1074/65536       21480/1310720  ( 1.6%) 
vertexes              1411/65536       16932/786432   ( 2.2%) 
nodes                  573/65536       18336/2097152  ( 0.9%) 
texinfos               160/12288       11520/884736   ( 1.3%) 
texdata                 27/2048          864/65536    ( 1.3%) 
dispinfos                0/0               0/0        ( 0.0%) 
disp_verts               0/0               0/0        ( 0.0%) 
disp_tris                0/0               0/0        ( 0.0%) 
disp_lmsamples           0/0               0/0        ( 0.0%) 
faces                  945/65536       52920/3670016  ( 1.4%) 
hdr faces                0/65536           0/3670016  ( 0.0%) 
origfaces              451/65536       25256/3670016  ( 0.7%) 
leaves                 616/65536       19712/2097152  ( 0.9%) 
leaffaces             2067/65536        4134/131072   ( 3.2%) 
leafbrushes            154/65536         308/131072   ( 0.2%) 
areas                    2/256            16/2048     ( 0.8%) 
surfedges             6119/512000      24476/2048000  ( 1.2%) 
edges                 3253/256000      13012/1024000  ( 1.3%) 
LDR worldlights          7/8192          616/720896   ( 0.1%) 
HDR worldlights          0/8192            0/720896   ( 0.0%) 
leafwaterdata            1/32768          12/393216   ( 0.0%) 
waterstrips             30/32768         300/327680   ( 0.1%) 
waterverts               0/65536           0/786432   ( 0.0%) 
waterindices           423/65536         846/131072   ( 0.6%) 
cubemapsamples           2/1024           32/16384    ( 0.2%) 
overlays                 0/512             0/180224   ( 0.0%) 
LDR lightdata         [variable]    10440300/0        ( 0.0%) 
HDR lightdata         [variable]           0/0        ( 0.0%) 
visdata               [variable]        1831/16777216 ( 0.0%) 
entdata               [variable]       46048/393216   (11.7%) 
LDR ambient table      616/65536        2464/262144   ( 0.9%) 
HDR ambient table      616/65536        2464/262144   ( 0.9%) 
LDR leaf ambient       881/65536       24668/1835008  ( 1.3%) 
HDR leaf ambient       616/65536       17248/1835008  ( 0.9%) 
occluders                0/0               0/0        ( 0.0%) 
occluder polygons        0/0               0/0        ( 0.0%) 
occluder vert ind        0/0               0/0        ( 0.0%) 
detail props          [variable]           1/12       ( 8.3%) 
static props          [variable]           1/828      ( 0.1%) 
pakfile               [variable]      320826/0        ( 0.0%) 
physics               [variable]       60761/4194304  ( 1.4%) 
physics terrain       [variable]           2/1048576  ( 0.0%) 

Level flags = 0

Total triangle count: 2377
Writing c:\program files (x86)\steam\steamapps\common\sourcesdk_content\hl2mp\mapsrc\test.bsp
3 seconds elapsed



materialPath: C:\Program Files (x86)\Steam\steamapps\common\Half-Life 2 Deathmatch\hl2mp\materials
Loading c:\program files (x86)\steam\steamapps\common\sourcesdk_content\hl2mp\mapsrc\test.vmf
ConVarRef mat_reduceparticles doesn't point to an existing ConVar
Could not locate 'GameData' key in c:\program files (x86)\steam\steamapps\common\half-life 2 deathmatch\hl2mp\gameinfo.txt
Patching WVT material: maps/test/dev/dev_blendmeasure_wvt_patch
fixing up env_cubemap materials on brush sides...
0...1...2...3...4...5...6...7...8...9...100...1...2...3...4...5...6...7...8...9...10Processing areas...done (0)
Building Faces...done (0)
Chop Details...done (0)
Find Visible Detail Sides...done (0)
Merging details...done (0)
FixTjuncs...
PruneNodes...
WriteBSP...
done (0)
writing c:\program files (x86)\steam\steamapps\common\sourcesdk_content\hl2mp\mapsrc\test.prt...Building visibility clusters...
done (0)
Creating default LDR cubemaps for env_cubemap using skybox materials:
   skybox/sky_day01_01*.vmt
 ! Run buildcubemaps in the engine to get the correct cube maps.
Creating default HDR cubemaps for env_cubemap using skybox materials:
   skybox/sky_day01_01*.vmt
 ! Run buildcubemaps in the engine to get the correct cube maps.
Finding displacement neighbors...
Finding lightmap sample positions...
Displacement Alpha : 0...1...2...3...4...5...6...7...8...9...10
Building Physics collision data...
done (0) (60761 bytes)
Placing detail props : 0...1...2...3...4...5...6...7...8...9...10
Compacting texture/material tables...
Reduced 395 texinfos to 160
Reduced 36 texdatas to 27 (1182 bytes to 911)
Writing c:\program files (x86)\steam\steamapps\common\sourcesdk_content\hl2mp\mapsrc\test.bsp
Wrote ZIP buffer, estimated size 323184, actual size 320826
0 seconds elapsed



12 threads
reading c:\program files (x86)\steam\steamapps\common\sourcesdk_content\hl2mp\mapsrc\test.bsp
reading c:\program files (x86)\steam\steamapps\common\sourcesdk_content\hl2mp\mapsrc\test.prt
  70 portalclusters
 203 numportals
0...1...2...3...4...5...6...7...8...9...10Optimized: 87 visible clusters (1.87%)
Total clusters visible: 4663
Average clusters visible: 66
Building PAS...
Average clusters audible: 70
visdatasize:1831  compressed from 2240
writing c:\program files (x86)\steam\steamapps\common\sourcesdk_content\hl2mp\mapsrc\test.bsp
0 seconds elapsed



[Reading texlights from 'lights.rad']
[45 texlights parsed from 'lights.rad']

Loading c:\program files (x86)\steam\steamapps\common\sourcesdk_content\hl2mp\mapsrc\test.bsp
945 faces
37413 square feet [5387582.00 square inches]
0 Displacements
0 Square Feet [0.00 Square Inches]
945 patches before subdivision
52539 patches after subdivision
7 direct lights
0...1...2...3...4...5...6...7...8...9...100...1...2...3...4...5...6...7...8...9...10transfers 5796702, max 601
transfer lists:  44.2 megs
0...1...2...3...4...5...6...7...8...9...10	Bounce #1 added RGB(26563, 25917, 22377)
0...1...2...3...4...5...6...7...8...9...10	Bounce #2 added RGB(10820, 9821, 7196)
Build Patch/Sample Hash Table(s).....Done<0.0110 sec>
0...1...2...3...4...5...6...7...8...9...10FinalLightFace Done
0 of 0 (0% of) surface lights went in leaf ambient cubes.
0...1...2...3...4...5...6...7...8...9...10Writing leaf ambient...done
Ready to Finish

Object names       Objects/Maxobjs  Memory / Maxmem  Fullness 
------------       ---------------  ---------------  -------- 
models                  42/1024         2016/49152    ( 4.1%) 
brushes                122/8192         1464/98304    ( 1.5%) 
brushsides             867/65536        6936/524288   ( 1.3%) 
planes                1074/65536       21480/1310720  ( 1.6%) 
vertexes              1411/65536       16932/786432   ( 2.2%) 
nodes                  573/65536       18336/2097152  ( 0.9%) 
texinfos               160/12288       11520/884736   ( 1.3%) 
texdata                 27/2048          864/65536    ( 1.3%) 
dispinfos                0/0               0/0        ( 0.0%) 
disp_verts               0/0               0/0        ( 0.0%) 
disp_tris                0/0               0/0        ( 0.0%) 
disp_lmsamples           0/0               0/0        ( 0.0%) 
faces                  945/65536       52920/3670016  ( 1.4%) 
hdr faces                0/65536           0/3670016  ( 0.0%) 
origfaces              451/65536       25256/3670016  ( 0.7%) 
leaves                 616/65536       19712/2097152  ( 0.9%) 
leaffaces             2067/65536        4134/131072   ( 3.2%) 
leafbrushes            154/65536         308/131072   ( 0.2%) 
areas                    2/256            16/2048     ( 0.8%) 
surfedges             6119/512000      24476/2048000  ( 1.2%) 
edges                 3253/256000      13012/1024000  ( 1.3%) 
LDR worldlights          7/8192          616/720896   ( 0.1%) 
HDR worldlights          0/8192            0/720896   ( 0.0%) 
leafwaterdata            1/32768          12/393216   ( 0.0%) 
waterstrips             30/32768         300/327680   ( 0.1%) 
waterverts               0/65536           0/786432   ( 0.0%) 
waterindices           423/65536         846/131072   ( 0.6%) 
cubemapsamples           2/1024           32/16384    ( 0.2%) 
overlays                 0/512             0/180224   ( 0.0%) 
LDR lightdata         [variable]    10440300/0        ( 0.0%) 
HDR lightdata         [variable]           0/0        ( 0.0%) 
visdata               [variable]        1831/16777216 ( 0.0%) 
entdata               [variable]       46048/393216   (11.7%) 
LDR ambient table      616/65536        2464/262144   ( 0.9%) 
HDR ambient table      616/65536        2464/262144   ( 0.9%) 
LDR leaf ambient       881/65536       24668/1835008  ( 1.3%) 
HDR leaf ambient       616/65536       17248/1835008  ( 0.9%) 
occluders                0/0               0/0        ( 0.0%) 
occluder polygons        0/0               0/0        ( 0.0%) 
occluder vert ind        0/0               0/0        ( 0.0%) 
detail props          [variable]           1/12       ( 8.3%) 
static props          [variable]           1/828      ( 0.1%) 
pakfile               [variable]      320826/0        ( 0.0%) 
physics               [variable]       60761/4194304  ( 1.4%) 
physics terrain       [variable]           2/1048576  ( 0.0%) 

Level flags = 0

Total triangle count: 2377
Writing c:\program files (x86)\steam\steamapps\common\sourcesdk_content\hl2mp\mapsrc\test.bsp
3 seconds elapsed



materialPath: C:\Program Files (x86)\Steam\steamapps\common\Half-Life 2 Deathmatch\hl2mp\materials
Loading c:\program files (x86)\steam\steamapps\common\sourcesdk_content\hl2mp\mapsrc\test.vmf
ConVarRef mat_reduceparticles doesn't point to an existing ConVar
Could not locate 'GameData' key in c:\program files (x86)\steam\steamapps\common\half-life 2 deathmatch\hl2mp\gameinfo.txt
Patching WVT material: maps/test/dev/dev_blendmeasure_wvt_patch
fixing up env_cubemap materials on brush sides...
0...1...2...3...4...5...6...7...8...9...100...1...2...3...4...5...6...7...8...9...10Processing areas...done (0)
Building Faces...done (0)
Chop Details...done (0)
Find Visible Detail Sides...done (0)
Merging details...done (0)
FixTjuncs...
PruneNodes...
WriteBSP...
done (0)
writing c:\program files (x86)\steam\steamapps\common\sourcesdk_content\hl2mp\mapsrc\test.prt...Building visibility clusters...
done (0)
Creating default LDR cubemaps for env_cubemap using skybox materials:
   skybox/sky_day01_01*.vmt
 ! Run buildcubemaps in the engine to get the correct cube maps.
Creating default HDR cubemaps for env_cubemap using skybox materials:
   skybox/sky_day01_01*.vmt
 ! Run buildcubemaps in the engine to get the correct cube maps.
Finding displacement neighbors...
Finding lightmap sample positions...
Displacement Alpha : 0...1...2...3...4...5...6...7...8...9...10
Building Physics collision data...
done (0) (60761 bytes)
Placing detail props : 0...1...2...3...4...5...6...7...8...9...10
Compacting texture/material tables...
Reduced 395 texinfos to 160
Reduced 36 texdatas to 27 (1182 bytes to 911)
Writing c:\program files (x86)\steam\steamapps\common\sourcesdk_content\hl2mp\mapsrc\test.bsp
Wrote ZIP buffer, estimated size 323184, actual size 320826
0 seconds elapsed



12 threads
reading c:\program files (x86)\steam\steamapps\common\sourcesdk_content\hl2mp\mapsrc\test.bsp
reading c:\program files (x86)\steam\steamapps\common\sourcesdk_content\hl2mp\mapsrc\test.prt
  70 portalclusters
 203 numportals
0...1...2...3...4...5...6...7...8...9...10Optimized: 87 visible clusters (1.87%)
Total clusters visible: 4663
Average clusters visible: 66
Building PAS...
Average clusters audible: 70
visdatasize:1831  compressed from 2240
writing c:\program files (x86)\steam\steamapps\common\sourcesdk_content\hl2mp\mapsrc\test.bsp
0 seconds elapsed



[Reading texlights from 'lights.rad']
[45 texlights parsed from 'lights.rad']

Loading c:\program files (x86)\steam\steamapps\common\sourcesdk_content\hl2mp\mapsrc\test.bsp
945 faces
37413 square feet [5387582.00 square inches]
0 Displacements
0 Square Feet [0.00 Square Inches]
945 patches before subdivision
52539 patches after subdivision
7 direct lights
0...1...2...3...4...5...6...7...8...9...100...1...2...3...4...5...6...7...8...9...10transfers 5796702, max 601
transfer lists:  44.2 megs
0...1...2...3...4...5...6...7...8...9...10	Bounce #1 added RGB(26563, 25917, 22377)
0...1...2...3...4...5...6...7...8...9...10	Bounce #2 added RGB(10820, 9821, 7196)
Build Patch/Sample Hash Table(s).....Done<0.0135 sec>
0...1...2...3...4...5...6...7...8...9...10FinalLightFace Done
0 of 0 (0% of) surface lights went in leaf ambient cubes.
0...1...2...3...4...5...6...7...8...9...10Writing leaf ambient...done
Ready to Finish

Object names       Objects/Maxobjs  Memory / Maxmem  Fullness 
------------       ---------------  ---------------  -------- 
models                  42/1024         2016/49152    ( 4.1%) 
brushes                122/8192         1464/98304    ( 1.5%) 
brushsides             867/65536        6936/524288   ( 1.3%) 
planes                1074/65536       21480/1310720  ( 1.6%) 
vertexes              1411/65536       16932/786432   ( 2.2%) 
nodes                  573/65536       18336/2097152  ( 0.9%) 
texinfos               160/12288       11520/884736   ( 1.3%) 
texdata                 27/2048          864/65536    ( 1.3%) 
dispinfos                0/0               0/0        ( 0.0%) 
disp_verts               0/0               0/0        ( 0.0%) 
disp_tris                0/0               0/0        ( 0.0%) 
disp_lmsamples           0/0               0/0        ( 0.0%) 
faces                  945/65536       52920/3670016  ( 1.4%) 
hdr faces                0/65536           0/3670016  ( 0.0%) 
origfaces              451/65536       25256/3670016  ( 0.7%) 
leaves                 616/65536       19712/2097152  ( 0.9%) 
leaffaces             2067/65536        4134/131072   ( 3.2%) 
leafbrushes            154/65536         308/131072   ( 0.2%) 
areas                    2/256            16/2048     ( 0.8%) 
surfedges             6119/512000      24476/2048000  ( 1.2%) 
edges                 3253/256000      13012/1024000  ( 1.3%) 
LDR worldlights          7/8192          616/720896   ( 0.1%) 
HDR worldlights          0/8192            0/720896   ( 0.0%) 
leafwaterdata            1/32768          12/393216   ( 0.0%) 
waterstrips             30/32768         300/327680   ( 0.1%) 
waterverts               0/65536           0/786432   ( 0.0%) 
waterindices           423/65536         846/131072   ( 0.6%) 
cubemapsamples           2/1024           32/16384    ( 0.2%) 
overlays                 0/512             0/180224   ( 0.0%) 
LDR lightdata         [variable]    10440300/0        ( 0.0%) 
HDR lightdata         [variable]           0/0        ( 0.0%) 
visdata               [variable]        1831/16777216 ( 0.0%) 
entdata               [variable]       46152/393216   (11.7%) 
LDR ambient table      616/65536        2464/262144   ( 0.9%) 
HDR ambient table      616/65536        2464/262144   ( 0.9%) 
LDR leaf ambient       881/65536       24668/1835008  ( 1.3%) 
HDR leaf ambient       616/65536       17248/1835008  ( 0.9%) 
occluders                0/0               0/0        ( 0.0%) 
occluder polygons        0/0               0/0        ( 0.0%) 
occluder vert ind        0/0               0/0        ( 0.0%) 
detail props          [variable]           1/12       ( 8.3%) 
static props          [variable]           1/828      ( 0.1%) 
pakfile               [variable]      320826/0        ( 0.0%) 
physics               [variable]       60761/4194304  ( 1.4%) 
physics terrain       [variable]           2/1048576  ( 0.0%) 

Level flags = 0

Total triangle count: 2377
Writing c:\program files (x86)\steam\steamapps\common\sourcesdk_content\hl2mp\mapsrc\test.bsp
3 seconds elapsed



materialPath: C:\Program Files (x86)\Steam\steamapps\common\Half-Life 2 Deathmatch\hl2mp\materials
Loading c:\program files (x86)\steam\steamapps\common\sourcesdk_content\hl2mp\mapsrc\test.vmf
ConVarRef mat_reduceparticles doesn't point to an existing ConVar
Could not locate 'GameData' key in c:\program files (x86)\steam\steamapps\common\half-life 2 deathmatch\hl2mp\gameinfo.txt
Patching WVT material: maps/test/dev/dev_blendmeasure_wvt_patch
fixing up env_cubemap materials on brush sides...
0...1...2...3...4...5...6...7...8...9...100...1...2...3...4...5...6...7...8...9...10Processing areas...done (0)
Building Faces...done (0)
Chop Details...done (0)
Find Visible Detail Sides...done (0)
Merging details...done (0)
FixTjuncs...
PruneNodes...
WriteBSP...
done (0)
writing c:\program files (x86)\steam\steamapps\common\sourcesdk_content\hl2mp\mapsrc\test.prt...Building visibility clusters...
done (0)
Creating default LDR cubemaps for env_cubemap using skybox materials:
   skybox/sky_day01_01*.vmt
 ! Run buildcubemaps in the engine to get the correct cube maps.
Creating default HDR cubemaps for env_cubemap using skybox materials:
   skybox/sky_day01_01*.vmt
 ! Run buildcubemaps in the engine to get the correct cube maps.
Finding displacement neighbors...
Finding lightmap sample positions...
Displacement Alpha : 0...1...2...3...4...5...6...7...8...9...10
Building Physics collision data...
done (0) (60761 bytes)
Placing detail props : 0...1...2...3...4...5...6...7...8...9...10
Compacting texture/material tables...
Reduced 395 texinfos to 160
Reduced 36 texdatas to 27 (1182 bytes to 911)
Writing c:\program files (x86)\steam\steamapps\common\sourcesdk_content\hl2mp\mapsrc\test.bsp
Wrote ZIP buffer, estimated size 323184, actual size 320826
0 seconds elapsed



12 threads
reading c:\program files (x86)\steam\steamapps\common\sourcesdk_content\hl2mp\mapsrc\test.bsp
reading c:\program files (x86)\steam\steamapps\common\sourcesdk_content\hl2mp\mapsrc\test.prt
  70 portalclusters
 203 numportals
0...1...2...3...4...5...6...7...8...9...10Optimized: 87 visible clusters (1.87%)
Total clusters visible: 4663
Average clusters visible: 66
Building PAS...
Average clusters audible: 70
visdatasize:1831  compressed from 2240
writing c:\program files (x86)\steam\steamapps\common\sourcesdk_content\hl2mp\mapsrc\test.bsp
0 seconds elapsed



[Reading texlights from 'lights.rad']
[45 texlights parsed from 'lights.rad']

Loading c:\program files (x86)\steam\steamapps\common\sourcesdk_content\hl2mp\mapsrc\test.bsp
945 faces
37413 square feet [5387582.00 square inches]
0 Displacements
0 Square Feet [0.00 Square Inches]
945 patches before subdivision
52539 patches after subdivision
7 direct lights
0...1...2...3...4...5...6...7...8...9...100...1...2...3...4...5...6...7...8...9...10transfers 5796702, max 601
transfer lists:  44.2 megs
0...1...2...3...4...5...6...7...8...9...10	Bounce #1 added RGB(26563, 25917, 22377)
0...1...2...3...4...5...6...7...8...9...10	Bounce #2 added RGB(10820, 9821, 7196)
Build Patch/Sample Hash Table(s).....Done<0.0109 sec>
0...1...2...3...4...5...6...7...8...9...10FinalLightFace Done
0 of 0 (0% of) surface lights went in leaf ambient cubes.
0...1...2...3...4...5...6...7...8...9...10Writing leaf ambient...done
Ready to Finish

Object names       Objects/Maxobjs  Memory / Maxmem  Fullness 
------------       ---------------  ---------------  -------- 
models                  42/1024         2016/49152    ( 4.1%) 
brushes                122/8192         1464/98304    ( 1.5%) 
brushsides             867/65536        6936/524288   ( 1.3%) 
planes                1074/65536       21480/1310720  ( 1.6%) 
vertexes              1411/65536       16932/786432   ( 2.2%) 
nodes                  573/65536       18336/2097152  ( 0.9%) 
texinfos               160/12288       11520/884736   ( 1.3%) 
texdata                 27/2048          864/65536    ( 1.3%) 
dispinfos                0/0               0/0        ( 0.0%) 
disp_verts               0/0               0/0        ( 0.0%) 
disp_tris                0/0               0/0        ( 0.0%) 
disp_lmsamples           0/0               0/0        ( 0.0%) 
faces                  945/65536       52920/3670016  ( 1.4%) 
hdr faces                0/65536           0/3670016  ( 0.0%) 
origfaces              451/65536       25256/3670016  ( 0.7%) 
leaves                 616/65536       19712/2097152  ( 0.9%) 
leaffaces             2067/65536        4134/131072   ( 3.2%) 
leafbrushes            154/65536         308/131072   ( 0.2%) 
areas                    2/256            16/2048     ( 0.8%) 
surfedges             6119/512000      24476/2048000  ( 1.2%) 
edges                 3253/256000      13012/1024000  ( 1.3%) 
LDR worldlights          7/8192          616/720896   ( 0.1%) 
HDR worldlights          0/8192            0/720896   ( 0.0%) 
leafwaterdata            1/32768          12/393216   ( 0.0%) 
waterstrips             30/32768         300/327680   ( 0.1%) 
waterverts               0/65536           0/786432   ( 0.0%) 
waterindices           423/65536         846/131072   ( 0.6%) 
cubemapsamples           2/1024           32/16384    ( 0.2%) 
overlays                 0/512             0/180224   ( 0.0%) 
LDR lightdata         [variable]    10440300/0        ( 0.0%) 
HDR lightdata         [variable]           0/0        ( 0.0%) 
visdata               [variable]        1831/16777216 ( 0.0%) 
entdata               [variable]       46151/393216   (11.7%) 
LDR ambient table      616/65536        2464/262144   ( 0.9%) 
HDR ambient table      616/65536        2464/262144   ( 0.9%) 
LDR leaf ambient       881/65536       24668/1835008  ( 1.3%) 
HDR leaf ambient       616/65536       17248/1835008  ( 0.9%) 
occluders                0/0               0/0        ( 0.0%) 
occluder polygons        0/0               0/0        ( 0.0%) 
occluder vert ind        0/0               0/0        ( 0.0%) 
detail props          [variable]           1/12       ( 8.3%) 
static props          [variable]           1/828      ( 0.1%) 
pakfile               [variable]      320826/0        ( 0.0%) 
physics               [variable]       60761/4194304  ( 1.4%) 
physics terrain       [variable]           2/1048576  ( 0.0%) 

Level flags = 0

Total triangle count: 2377
Writing c:\program files (x86)\steam\steamapps\common\sourcesdk_content\hl2mp\mapsrc\test.bsp
3 seconds elapsed



materialPath: C:\Program Files (x86)\Steam\steamapps\common\Half-Life 2 Deathmatch\hl2mp\materials
Loading c:\program files (x86)\steam\steamapps\common\sourcesdk_content\hl2mp\mapsrc\test.vmf
ConVarRef mat_reduceparticles doesn't point to an existing ConVar
Could not locate 'GameData' key in c:\program files (x86)\steam\steamapps\common\half-life 2 deathmatch\hl2mp\gameinfo.txt
Patching WVT material: maps/test/dev/dev_blendmeasure_wvt_patch
fixing up env_cubemap materials on brush sides...
0...1...2...3...4...5...6...7...8...9...100...1...2...3...4...5...6...7...8...9...10Processing areas...done (0)
Building Faces...done (0)
Chop Details...done (0)
Find Visible Detail Sides...done (0)
Merging details...done (0)
FixTjuncs...
PruneNodes...
WriteBSP...
done (0)
writing c:\program files (x86)\steam\steamapps\common\sourcesdk_content\hl2mp\mapsrc\test.prt...Building visibility clusters...
done (0)
Creating default LDR cubemaps for env_cubemap using skybox materials:
   skybox/sky_day01_01*.vmt
 ! Run buildcubemaps in the engine to get the correct cube maps.
Creating default HDR cubemaps for env_cubemap using skybox materials:
   skybox/sky_day01_01*.vmt
 ! Run buildcubemaps in the engine to get the correct cube maps.
Finding displacement neighbors...
Finding lightmap sample positions...
Displacement Alpha : 0...1...2...3...4...5...6...7...8...9...10
Building Physics collision data...
done (0) (60761 bytes)
Placing detail props : 0...1...2...3...4...5...6...7...8...9...10
Compacting texture/material tables...
Reduced 395 texinfos to 160
Reduced 36 texdatas to 27 (1182 bytes to 911)
Writing c:\program files (x86)\steam\steamapps\common\sourcesdk_content\hl2mp\mapsrc\test.bsp
Wrote ZIP buffer, estimated size 323184, actual size 320826
0 seconds elapsed



12 threads
reading c:\program files (x86)\steam\steamapps\common\sourcesdk_content\hl2mp\mapsrc\test.bsp
reading c:\program files (x86)\steam\steamapps\common\sourcesdk_content\hl2mp\mapsrc\test.prt
  70 portalclusters
 203 numportals
0...1...2...3...4...5...6...7...8...9...10Optimized: 87 visible clusters (1.87%)
Total clusters visible: 4663
Average clusters visible: 66
Building PAS...
Average clusters audible: 70
visdatasize:1831  compressed from 2240
writing c:\program files (x86)\steam\steamapps\common\sourcesdk_content\hl2mp\mapsrc\test.bsp
0 seconds elapsed



[Reading texlights from 'lights.rad']
[45 texlights parsed from 'lights.rad']

Loading c:\program files (x86)\steam\steamapps\common\sourcesdk_content\hl2mp\mapsrc\test.bsp
945 faces
37413 square feet [5387582.00 square inches]
0 Displacements
0 Square Feet [0.00 Square Inches]
945 patches before subdivision
52539 patches after subdivision
7 direct lights
0...1...2...3...4...5...6...7...8...9...100...1...2...3...4...5...6...7...8...9...10transfers 5796702, max 601
transfer lists:  44.2 megs
0...1...2...3...4...5...6...7...8...9...10	Bounce #1 added RGB(26563, 25917, 22377)
0...1...2...3...4...5...6...7...8...9...10	Bounce #2 added RGB(10820, 9821, 7196)
Build Patch/Sample Hash Table(s).....Done<0.0134 sec>
0...1...2...3...4...5...6...7...8...9...10FinalLightFace Done
0 of 0 (0% of) surface lights went in leaf ambient cubes.
0...1...2...3...4...5...6...7...8...9...10Writing leaf ambient...done
Ready to Finish

Object names       Objects/Maxobjs  Memory / Maxmem  Fullness 
------------       ---------------  ---------------  -------- 
models                  42/1024         2016/49152    ( 4.1%) 
brushes                122/8192         1464/98304    ( 1.5%) 
brushsides             867/65536        6936/524288   ( 1.3%) 
planes                1074/65536       21480/1310720  ( 1.6%) 
vertexes              1411/65536       16932/786432   ( 2.2%) 
nodes                  573/65536       18336/2097152  ( 0.9%) 
texinfos               160/12288       11520/884736   ( 1.3%) 
texdata                 27/2048          864/65536    ( 1.3%) 
dispinfos                0/0               0/0        ( 0.0%) 
disp_verts               0/0               0/0        ( 0.0%) 
disp_tris                0/0               0/0        ( 0.0%) 
disp_lmsamples           0/0               0/0        ( 0.0%) 
faces                  945/65536       52920/3670016  ( 1.4%) 
hdr faces                0/65536           0/3670016  ( 0.0%) 
origfaces              451/65536       25256/3670016  ( 0.7%) 
leaves                 616/65536       19712/2097152  ( 0.9%) 
leaffaces             2067/65536        4134/131072   ( 3.2%) 
leafbrushes            154/65536         308/131072   ( 0.2%) 
areas                    2/256            16/2048     ( 0.8%) 
surfedges             6119/512000      24476/2048000  ( 1.2%) 
edges                 3253/256000      13012/1024000  ( 1.3%) 
LDR worldlights          7/8192          616/720896   ( 0.1%) 
HDR worldlights          0/8192            0/720896   ( 0.0%) 
leafwaterdata            1/32768          12/393216   ( 0.0%) 
waterstrips             30/32768         300/327680   ( 0.1%) 
waterverts               0/65536           0/786432   ( 0.0%) 
waterindices           423/65536         846/131072   ( 0.6%) 
cubemapsamples           2/1024           32/16384    ( 0.2%) 
overlays                 0/512             0/180224   ( 0.0%) 
LDR lightdata         [variable]    10440300/0        ( 0.0%) 
HDR lightdata         [variable]           0/0        ( 0.0%) 
visdata               [variable]        1831/16777216 ( 0.0%) 
entdata               [variable]       46153/393216   (11.7%) 
LDR ambient table      616/65536        2464/262144   ( 0.9%) 
HDR ambient table      616/65536        2464/262144   ( 0.9%) 
LDR leaf ambient       881/65536       24668/1835008  ( 1.3%) 
HDR leaf ambient       616/65536       17248/1835008  ( 0.9%) 
occluders                0/0               0/0        ( 0.0%) 
occluder polygons        0/0               0/0        ( 0.0%) 
occluder vert ind        0/0               0/0        ( 0.0%) 
detail props          [variable]           1/12       ( 8.3%) 
static props          [variable]           1/828      ( 0.1%) 
pakfile               [variable]      320826/0        ( 0.0%) 
physics               [variable]       60761/4194304  ( 1.4%) 
physics terrain       [variable]           2/1048576  ( 0.0%) 

Level flags = 0

Total triangle count: 2377
Writing c:\program files (x86)\steam\steamapps\common\sourcesdk_content\hl2mp\mapsrc\test.bsp
3 seconds elapsed



materialPath: C:\Program Files (x86)\Steam\steamapps\common\Half-Life 2 Deathmatch\hl2mp\materials
Loading c:\program files (x86)\steam\steamapps\common\sourcesdk_content\hl2mp\mapsrc\test.vmf
ConVarRef mat_reduceparticles doesn't point to an existing ConVar
Could not locate 'GameData' key in c:\program files (x86)\steam\steamapps\common\half-life 2 deathmatch\hl2mp\gameinfo.txt
Patching WVT material: maps/test/dev/dev_blendmeasure_wvt_patch
fixing up env_cubemap materials on brush sides...
0...1...2...3...4...5...6...7...8...9...100...1...2...3...4...5...6...7...8...9...10Processing areas...done (0)
Building Faces...done (0)
Chop Details...done (0)
Find Visible Detail Sides...done (0)
Merging details...done (0)
FixTjuncs...
PruneNodes...
WriteBSP...
done (0)
writing c:\program files (x86)\steam\steamapps\common\sourcesdk_content\hl2mp\mapsrc\test.prt...Building visibility clusters...
done (0)
Creating default LDR cubemaps for env_cubemap using skybox materials:
   skybox/sky_day01_01*.vmt
 ! Run buildcubemaps in the engine to get the correct cube maps.
Creating default HDR cubemaps for env_cubemap using skybox materials:
   skybox/sky_day01_01*.vmt
 ! Run buildcubemaps in the engine to get the correct cube maps.
Finding displacement neighbors...
Finding lightmap sample positions...
Displacement Alpha : 0...1...2...3...4...5...6...7...8...9...10
Building Physics collision data...
done (0) (60761 bytes)
Placing detail props : 0...1...2...3...4...5...6...7...8...9...10
Compacting texture/material tables...
Reduced 395 texinfos to 160
Reduced 36 texdatas to 27 (1182 bytes to 911)
Writing c:\program files (x86)\steam\steamapps\common\sourcesdk_content\hl2mp\mapsrc\test.bsp
Wrote ZIP buffer, estimated size 323184, actual size 320826
0 seconds elapsed



12 threads
reading c:\program files (x86)\steam\steamapps\common\sourcesdk_content\hl2mp\mapsrc\test.bsp
reading c:\program files (x86)\steam\steamapps\common\sourcesdk_content\hl2mp\mapsrc\test.prt
  70 portalclusters
 203 numportals
0...1...2...3...4...5...6...7...8...9...10Optimized: 87 visible clusters (1.87%)
Total clusters visible: 4663
Average clusters visible: 66
Building PAS...
Average clusters audible: 70
visdatasize:1831  compressed from 2240
writing c:\program files (x86)\steam\steamapps\common\sourcesdk_content\hl2mp\mapsrc\test.bsp
0 seconds elapsed



[Reading texlights from 'lights.rad']
[45 texlights parsed from 'lights.rad']

Loading c:\program files (x86)\steam\steamapps\common\sourcesdk_content\hl2mp\mapsrc\test.bsp
945 faces
37413 square feet [5387582.00 square inches]
0 Displacements
0 Square Feet [0.00 Square Inches]
945 patches before subdivision
52539 patches after subdivision
7 direct lights
0...1...2...3...4...5...6...7...8...9...100...1...2...3...4...5...6...7...8...9...10transfers 5796702, max 601
transfer lists:  44.2 megs
0...1...2...3...4...5...6...7...8...9...10	Bounce #1 added RGB(26563, 25917, 22377)
0...1...2...3...4...5...6...7...8...9...10	Bounce #2 added RGB(10820, 9821, 7196)
Build Patch/Sample Hash Table(s).....Done<0.0137 sec>
0...1...2...3...4...5...6...7...8...9...10FinalLightFace Done
0 of 0 (0% of) surface lights went in leaf ambient cubes.
0...1...2...3...4...5...6...7...8...9...10Writing leaf ambient...done
Ready to Finish

Object names       Objects/Maxobjs  Memory / Maxmem  Fullness 
------------       ---------------  ---------------  -------- 
models                  42/1024         2016/49152    ( 4.1%) 
brushes                122/8192         1464/98304    ( 1.5%) 
brushsides             867/65536        6936/524288   ( 1.3%) 
planes                1090/65536       21800/1310720  ( 1.7%) 
vertexes              1411/65536       16932/786432   ( 2.2%) 
nodes                  573/65536       18336/2097152  ( 0.9%) 
texinfos               160/12288       11520/884736   ( 1.3%) 
texdata                 27/2048          864/65536    ( 1.3%) 
dispinfos                0/0               0/0        ( 0.0%) 
disp_verts               0/0               0/0        ( 0.0%) 
disp_tris                0/0               0/0        ( 0.0%) 
disp_lmsamples           0/0               0/0        ( 0.0%) 
faces                  945/65536       52920/3670016  ( 1.4%) 
hdr faces                0/65536           0/3670016  ( 0.0%) 
origfaces              451/65536       25256/3670016  ( 0.7%) 
leaves                 616/65536       19712/2097152  ( 0.9%) 
leaffaces             2067/65536        4134/131072   ( 3.2%) 
leafbrushes            154/65536         308/131072   ( 0.2%) 
areas                    2/256            16/2048     ( 0.8%) 
surfedges             6119/512000      24476/2048000  ( 1.2%) 
edges                 3253/256000      13012/1024000  ( 1.3%) 
LDR worldlights          7/8192          616/720896   ( 0.1%) 
HDR worldlights          0/8192            0/720896   ( 0.0%) 
leafwaterdata            1/32768          12/393216   ( 0.0%) 
waterstrips             30/32768         300/327680   ( 0.1%) 
waterverts               0/65536           0/786432   ( 0.0%) 
waterindices           423/65536         846/131072   ( 0.6%) 
cubemapsamples           2/1024           32/16384    ( 0.2%) 
overlays                 0/512             0/180224   ( 0.0%) 
LDR lightdata         [variable]    10440300/0        ( 0.0%) 
HDR lightdata         [variable]           0/0        ( 0.0%) 
visdata               [variable]        1831/16777216 ( 0.0%) 
entdata               [variable]       46156/393216   (11.7%) 
LDR ambient table      616/65536        2464/262144   ( 0.9%) 
HDR ambient table      616/65536        2464/262144   ( 0.9%) 
LDR leaf ambient       881/65536       24668/1835008  ( 1.3%) 
HDR leaf ambient       616/65536       17248/1835008  ( 0.9%) 
occluders                0/0               0/0        ( 0.0%) 
occluder polygons        0/0               0/0        ( 0.0%) 
occluder vert ind        0/0               0/0        ( 0.0%) 
detail props          [variable]           1/12       ( 8.3%) 
static props          [variable]           1/828      ( 0.1%) 
pakfile               [variable]      320826/0        ( 0.0%) 
physics               [variable]       60761/4194304  ( 1.4%) 
physics terrain       [variable]           2/1048576  ( 0.0%) 

Level flags = 0

Total triangle count: 2377
Writing c:\program files (x86)\steam\steamapps\common\sourcesdk_content\hl2mp\mapsrc\test.bsp
3 seconds elapsed



materialPath: C:\Program Files (x86)\Steam\steamapps\common\Half-Life 2 Deathmatch\hl2mp\materials
Loading c:\program files (x86)\steam\steamapps\common\sourcesdk_content\hl2mp\mapsrc\test.vmf
ConVarRef mat_reduceparticles doesn't point to an existing ConVar
Could not locate 'GameData' key in c:\program files (x86)\steam\steamapps\common\half-life 2 deathmatch\hl2mp\gameinfo.txt
Patching WVT material: maps/test/dev/dev_blendmeasure_wvt_patch
fixing up env_cubemap materials on brush sides...
0...1...2...3...4...5...6...7...8...9...100...1...2...3...4...5...6...7...8...9...10Processing areas...done (0)
Building Faces...done (0)
Chop Details...done (0)
Find Visible Detail Sides...done (0)
Merging details...done (0)
FixTjuncs...
PruneNodes...
WriteBSP...
done (0)
writing c:\program files (x86)\steam\steamapps\common\sourcesdk_content\hl2mp\mapsrc\test.prt...Building visibility clusters...
done (0)
Creating default LDR cubemaps for env_cubemap using skybox materials:
   skybox/sky_day01_01*.vmt
 ! Run buildcubemaps in the engine to get the correct cube maps.
Creating default HDR cubemaps for env_cubemap using skybox materials:
   skybox/sky_day01_01*.vmt
 ! Run buildcubemaps in the engine to get the correct cube maps.
Finding displacement neighbors...
Finding lightmap sample positions...
Displacement Alpha : 0...1...2...3...4...5...6...7...8...9...10
Building Physics collision data...
done (0) (60762 bytes)
Placing detail props : 0...1...2...3...4...5...6...7...8...9...10
Compacting texture/material tables...
Reduced 395 texinfos to 160
Reduced 36 texdatas to 27 (1182 bytes to 911)
Writing c:\program files (x86)\steam\steamapps\common\sourcesdk_content\hl2mp\mapsrc\test.bsp
Wrote ZIP buffer, estimated size 323184, actual size 320826
0 seconds elapsed



12 threads
reading c:\program files (x86)\steam\steamapps\common\sourcesdk_content\hl2mp\mapsrc\test.bsp
reading c:\program files (x86)\steam\steamapps\common\sourcesdk_content\hl2mp\mapsrc\test.prt
  70 portalclusters
 203 numportals
0...1...2...3...4...5...6...7...8...9...10Optimized: 87 visible clusters (1.87%)
Total clusters visible: 4663
Average clusters visible: 66
Building PAS...
Average clusters audible: 70
visdatasize:1831  compressed from 2240
writing c:\program files (x86)\steam\steamapps\common\sourcesdk_content\hl2mp\mapsrc\test.bsp
0 seconds elapsed



[Reading texlights from 'lights.rad']
[45 texlights parsed from 'lights.rad']

Loading c:\program files (x86)\steam\steamapps\common\sourcesdk_content\hl2mp\mapsrc\test.bsp
945 faces
37413 square feet [5387582.00 square inches]
0 Displacements
0 Square Feet [0.00 Square Inches]
945 patches before subdivision
52539 patches after subdivision
7 direct lights
0...1...2...3...4...5...6...7...8...9...100...1...2...3...4...5...6...7...8...9...10transfers 5796702, max 601
transfer lists:  44.2 megs
0...1...2...3...4...5...6...7...8...9...10	Bounce #1 added RGB(26563, 25917, 22377)
0...1...2...3...4...5...6...7...8...9...10	Bounce #2 added RGB(10820, 9821, 7196)
Build Patch/Sample Hash Table(s).....Done<0.0133 sec>
0...1...2...3...4...5...6...7...8...9...10FinalLightFace Done
0 of 0 (0% of) surface lights went in leaf ambient cubes.
0...1...2...3...4...5...6...7...8...9...10Writing leaf ambient...done
Ready to Finish

Object names       Objects/Maxobjs  Memory / Maxmem  Fullness 
------------       ---------------  ---------------  -------- 
models                  42/1024         2016/49152    ( 4.1%) 
brushes                122/8192         1464/98304    ( 1.5%) 
brushsides             867/65536        6936/524288   ( 1.3%) 
planes                1074/65536       21480/1310720  ( 1.6%) 
vertexes              1411/65536       16932/786432   ( 2.2%) 
nodes                  573/65536       18336/2097152  ( 0.9%) 
texinfos               160/12288       11520/884736   ( 1.3%) 
texdata                 27/2048          864/65536    ( 1.3%) 
dispinfos                0/0               0/0        ( 0.0%) 
disp_verts               0/0               0/0        ( 0.0%) 
disp_tris                0/0               0/0        ( 0.0%) 
disp_lmsamples           0/0               0/0        ( 0.0%) 
faces                  945/65536       52920/3670016  ( 1.4%) 
hdr faces                0/65536           0/3670016  ( 0.0%) 
origfaces              451/65536       25256/3670016  ( 0.7%) 
leaves                 616/65536       19712/2097152  ( 0.9%) 
leaffaces             2067/65536        4134/131072   ( 3.2%) 
leafbrushes            154/65536         308/131072   ( 0.2%) 
areas                    2/256            16/2048     ( 0.8%) 
surfedges             6119/512000      24476/2048000  ( 1.2%) 
edges                 3253/256000      13012/1024000  ( 1.3%) 
LDR worldlights          7/8192          616/720896   ( 0.1%) 
HDR worldlights          0/8192            0/720896   ( 0.0%) 
leafwaterdata            1/32768          12/393216   ( 0.0%) 
waterstrips             30/32768         300/327680   ( 0.1%) 
waterverts               0/65536           0/786432   ( 0.0%) 
waterindices           423/65536         846/131072   ( 0.6%) 
cubemapsamples           2/1024           32/16384    ( 0.2%) 
overlays                 0/512             0/180224   ( 0.0%) 
LDR lightdata         [variable]    10440300/0        ( 0.0%) 
HDR lightdata         [variable]           0/0        ( 0.0%) 
visdata               [variable]        1831/16777216 ( 0.0%) 
entdata               [variable]       46153/393216   (11.7%) 
LDR ambient table      616/65536        2464/262144   ( 0.9%) 
HDR ambient table      616/65536        2464/262144   ( 0.9%) 
LDR leaf ambient       883/65536       24724/1835008  ( 1.3%) 
HDR leaf ambient       616/65536       17248/1835008  ( 0.9%) 
occluders                0/0               0/0        ( 0.0%) 
occluder polygons        0/0               0/0        ( 0.0%) 
occluder vert ind        0/0               0/0        ( 0.0%) 
detail props          [variable]           1/12       ( 8.3%) 
static props          [variable]           1/828      ( 0.1%) 
pakfile               [variable]      320826/0        ( 0.0%) 
physics               [variable]       60762/4194304  ( 1.4%) 
physics terrain       [variable]           2/1048576  ( 0.0%) 

Level flags = 0

Total triangle count: 2377
Writing c:\program files (x86)\steam\steamapps\common\sourcesdk_content\hl2mp\mapsrc\test.bsp
3 seconds elapsed



materialPath: C:\Program Files (x86)\Steam\steamapps\common\Half-Life 2 Deathmatch\hl2mp\materials
Loading c:\program files (x86)\steam\steamapps\common\sourcesdk_content\hl2mp\mapsrc\test.vmf
ConVarRef mat_reduceparticles doesn't point to an existing ConVar
Could not locate 'GameData' key in c:\program files (x86)\steam\steamapps\common\half-life 2 deathmatch\hl2mp\gameinfo.txt
Patching WVT material: maps/test/dev/dev_blendmeasure_wvt_patch
fixing up env_cubemap materials on brush sides...
0...1...2...3...4...5...6...7...8...9...100...1...2...3...4...5...6...7...8...9...10Processing areas...done (0)
Building Faces...done (0)
Chop Details...done (0)
Find Visible Detail Sides...done (0)
Merging details...done (0)
FixTjuncs...
PruneNodes...
WriteBSP...
done (0)
writing c:\program files (x86)\steam\steamapps\common\sourcesdk_content\hl2mp\mapsrc\test.prt...Building visibility clusters...
done (0)
Creating default LDR cubemaps for env_cubemap using skybox materials:
   skybox/sky_day01_01*.vmt
 ! Run buildcubemaps in the engine to get the correct cube maps.
Creating default HDR cubemaps for env_cubemap using skybox materials:
   skybox/sky_day01_01*.vmt
 ! Run buildcubemaps in the engine to get the correct cube maps.
Finding displacement neighbors...
Finding lightmap sample positions...
Displacement Alpha : 0...1...2...3...4...5...6...7...8...9...10
Building Physics collision data...
done (0) (61308 bytes)
Placing detail props : 0...1...2...3...4...5...6...7...8...9...10
Compacting texture/material tables...
Reduced 401 texinfos to 160
Reduced 36 texdatas to 27 (1182 bytes to 911)
Writing c:\program files (x86)\steam\steamapps\common\sourcesdk_content\hl2mp\mapsrc\test.bsp
Wrote ZIP buffer, estimated size 323184, actual size 320826
0 seconds elapsed



12 threads
reading c:\program files (x86)\steam\steamapps\common\sourcesdk_content\hl2mp\mapsrc\test.bsp
reading c:\program files (x86)\steam\steamapps\common\sourcesdk_content\hl2mp\mapsrc\test.prt
  70 portalclusters
 203 numportals
0...1...2...3...4...5...6...7...8...9...10Optimized: 87 visible clusters (1.87%)
Total clusters visible: 4663
Average clusters visible: 66
Building PAS...
Average clusters audible: 70
visdatasize:1831  compressed from 2240
writing c:\program files (x86)\steam\steamapps\common\sourcesdk_content\hl2mp\mapsrc\test.bsp
0 seconds elapsed



[Reading texlights from 'lights.rad']
[45 texlights parsed from 'lights.rad']

Loading c:\program files (x86)\steam\steamapps\common\sourcesdk_content\hl2mp\mapsrc\test.bsp
945 faces
37413 square feet [5387582.00 square inches]
0 Displacements
0 Square Feet [0.00 Square Inches]
945 patches before subdivision
52539 patches after subdivision
7 direct lights
0...1...2...3...4...5...6...7...8...9...100...1...2...3...4...5...6...7...8...9...10transfers 5796702, max 601
transfer lists:  44.2 megs
0...1...2...3...4...5...6...7...8...9...10	Bounce #1 added RGB(26563, 25917, 22377)
0...1...2...3...4...5...6...7...8...9...10	Bounce #2 added RGB(10820, 9821, 7196)
Build Patch/Sample Hash Table(s).....Done<0.0110 sec>
0...1...2...3...4...5...6...7...8...9...10FinalLightFace Done
0 of 0 (0% of) surface lights went in leaf ambient cubes.
0...1...2...3...4...5...6...7...8...9...10Writing leaf ambient...done
Ready to Finish

Object names       Objects/Maxobjs  Memory / Maxmem  Fullness 
------------       ---------------  ---------------  -------- 
models                  43/1024         2064/49152    ( 4.2%) 
brushes                123/8192         1476/98304    ( 1.5%) 
brushsides             873/65536        6984/524288   ( 1.3%) 
planes                1084/65536       21680/1310720  ( 1.7%) 
vertexes              1419/65536       17028/786432   ( 2.2%) 
nodes                  579/65536       18528/2097152  ( 0.9%) 
texinfos               160/12288       11520/884736   ( 1.3%) 
texdata                 27/2048          864/65536    ( 1.3%) 
dispinfos                0/0               0/0        ( 0.0%) 
disp_verts               0/0               0/0        ( 0.0%) 
disp_tris                0/0               0/0        ( 0.0%) 
disp_lmsamples           0/0               0/0        ( 0.0%) 
faces                  945/65536       52920/3670016  ( 1.4%) 
hdr faces                0/65536           0/3670016  ( 0.0%) 
origfaces              451/65536       25256/3670016  ( 0.7%) 
leaves                 623/65536       19936/2097152  ( 1.0%) 
leaffaces             2067/65536        4134/131072   ( 3.2%) 
leafbrushes            155/65536         310/131072   ( 0.2%) 
areas                    2/256            16/2048     ( 0.8%) 
surfedges             6119/512000      24476/2048000  ( 1.2%) 
edges                 3253/256000      13012/1024000  ( 1.3%) 
LDR worldlights          7/8192          616/720896   ( 0.1%) 
HDR worldlights          0/8192            0/720896   ( 0.0%) 
leafwaterdata            1/32768          12/393216   ( 0.0%) 
waterstrips             30/32768         300/327680   ( 0.1%) 
waterverts               0/65536           0/786432   ( 0.0%) 
waterindices           423/65536         846/131072   ( 0.6%) 
cubemapsamples           2/1024           32/16384    ( 0.2%) 
overlays                 0/512             0/180224   ( 0.0%) 
LDR lightdata         [variable]    10440300/0        ( 0.0%) 
HDR lightdata         [variable]           0/0        ( 0.0%) 
visdata               [variable]        1831/16777216 ( 0.0%) 
entdata               [variable]       46618/393216   (11.9%) 
LDR ambient table      623/65536        2492/262144   ( 1.0%) 
HDR ambient table      623/65536        2492/262144   ( 1.0%) 
LDR leaf ambient       888/65536       24864/1835008  ( 1.4%) 
HDR leaf ambient       623/65536       17444/1835008  ( 1.0%) 
occluders                0/0               0/0        ( 0.0%) 
occluder polygons        0/0               0/0        ( 0.0%) 
occluder vert ind        0/0               0/0        ( 0.0%) 
detail props          [variable]           1/12       ( 8.3%) 
static props          [variable]           1/828      ( 0.1%) 
pakfile               [variable]      320826/0        ( 0.0%) 
physics               [variable]       61308/4194304  ( 1.5%) 
physics terrain       [variable]           2/1048576  ( 0.0%) 

Level flags = 0

Total triangle count: 2377
Writing c:\program files (x86)\steam\steamapps\common\sourcesdk_content\hl2mp\mapsrc\test.bsp
3 seconds elapsed



materialPath: C:\Program Files (x86)\Steam\steamapps\common\Half-Life 2 Deathmatch\hl2mp\materials
Loading c:\program files (x86)\steam\steamapps\common\sourcesdk_content\hl2mp\mapsrc\test.vmf
ConVarRef mat_reduceparticles doesn't point to an existing ConVar
Could not locate 'GameData' key in c:\program files (x86)\steam\steamapps\common\half-life 2 deathmatch\hl2mp\gameinfo.txt
Patching WVT material: maps/test/dev/dev_blendmeasure_wvt_patch
fixing up env_cubemap materials on brush sides...
0...1...2...3...4...5...6...7...8...9...100...1...2...3...4...5...6...7...8...9...10Processing areas...done (0)
Building Faces...done (0)
Chop Details...done (0)
Find Visible Detail Sides...done (0)
Merging details...done (0)
FixTjuncs...
PruneNodes...
WriteBSP...
done (0)
writing c:\program files (x86)\steam\steamapps\common\sourcesdk_content\hl2mp\mapsrc\test.prt...Building visibility clusters...
done (0)
Creating default LDR cubemaps for env_cubemap using skybox materials:
   skybox/sky_day01_01*.vmt
 ! Run buildcubemaps in the engine to get the correct cube maps.
Creating default HDR cubemaps for env_cubemap using skybox materials:
   skybox/sky_day01_01*.vmt
 ! Run buildcubemaps in the engine to get the correct cube maps.
Finding displacement neighbors...
Finding lightmap sample positions...
Displacement Alpha : 0...1...2...3...4...5...6...7...8...9...10
Building Physics collision data...
done (0) (60762 bytes)
Placing detail props : 0...1...2...3...4...5...6...7...8...9...10
Compacting texture/material tables...
Reduced 395 texinfos to 160
Reduced 36 texdatas to 27 (1182 bytes to 911)
Writing c:\program files (x86)\steam\steamapps\common\sourcesdk_content\hl2mp\mapsrc\test.bsp
Wrote ZIP buffer, estimated size 323184, actual size 320826
0 seconds elapsed



12 threads
reading c:\program files (x86)\steam\steamapps\common\sourcesdk_content\hl2mp\mapsrc\test.bsp
reading c:\program files (x86)\steam\steamapps\common\sourcesdk_content\hl2mp\mapsrc\test.prt
  70 portalclusters
 203 numportals
0...1...2...3...4...5...6...7...8...9...10Optimized: 87 visible clusters (1.87%)
Total clusters visible: 4663
Average clusters visible: 66
Building PAS...
Average clusters audible: 70
visdatasize:1831  compressed from 2240
writing c:\program files (x86)\steam\steamapps\common\sourcesdk_content\hl2mp\mapsrc\test.bsp
0 seconds elapsed



[Reading texlights from 'lights.rad']
[45 texlights parsed from 'lights.rad']

Loading c:\program files (x86)\steam\steamapps\common\sourcesdk_content\hl2mp\mapsrc\test.bsp
945 faces
37413 square feet [5387582.00 square inches]
0 Displacements
0 Square Feet [0.00 Square Inches]
945 patches before subdivision
52539 patches after subdivision
7 direct lights
0...1...2...3...4...5...6...7...8...9...100...1...2...3...4...5...6...7...8...9...10transfers 5796702, max 601
transfer lists:  44.2 megs
0...1...2...3...4...5...6...7...8...9...10	Bounce #1 added RGB(26563, 25917, 22377)
0...1...2...3...4...5...6...7...8...9...10	Bounce #2 added RGB(10820, 9821, 7196)
Build Patch/Sample Hash Table(s).....Done<0.0109 sec>
0...1...2...3...4...5...6...7...8...9...10FinalLightFace Done
0 of 0 (0% of) surface lights went in leaf ambient cubes.
0...1...2...3...4...5...6...7...8...9...10Writing leaf ambient...done
Ready to Finish

Object names       Objects/Maxobjs  Memory / Maxmem  Fullness 
------------       ---------------  ---------------  -------- 
models                  42/1024         2016/49152    ( 4.1%) 
brushes                122/8192         1464/98304    ( 1.5%) 
brushsides             867/65536        6936/524288   ( 1.3%) 
planes                1076/65536       21520/1310720  ( 1.6%) 
vertexes              1411/65536       16932/786432   ( 2.2%) 
nodes                  573/65536       18336/2097152  ( 0.9%) 
texinfos               160/12288       11520/884736   ( 1.3%) 
texdata                 27/2048          864/65536    ( 1.3%) 
dispinfos                0/0               0/0        ( 0.0%) 
disp_verts               0/0               0/0        ( 0.0%) 
disp_tris                0/0               0/0        ( 0.0%) 
disp_lmsamples           0/0               0/0        ( 0.0%) 
faces                  945/65536       52920/3670016  ( 1.4%) 
hdr faces                0/65536           0/3670016  ( 0.0%) 
origfaces              451/65536       25256/3670016  ( 0.7%) 
leaves                 616/65536       19712/2097152  ( 0.9%) 
leaffaces             2067/65536        4134/131072   ( 3.2%) 
leafbrushes            154/65536         308/131072   ( 0.2%) 
areas                    2/256            16/2048     ( 0.8%) 
surfedges             6119/512000      24476/2048000  ( 1.2%) 
edges                 3253/256000      13012/1024000  ( 1.3%) 
LDR worldlights          7/8192          616/720896   ( 0.1%) 
HDR worldlights          0/8192            0/720896   ( 0.0%) 
leafwaterdata            1/32768          12/393216   ( 0.0%) 
waterstrips             30/32768         300/327680   ( 0.1%) 
waterverts               0/65536           0/786432   ( 0.0%) 
waterindices           423/65536         846/131072   ( 0.6%) 
cubemapsamples           2/1024           32/16384    ( 0.2%) 
overlays                 0/512             0/180224   ( 0.0%) 
LDR lightdata         [variable]    10440300/0        ( 0.0%) 
HDR lightdata         [variable]           0/0        ( 0.0%) 
visdata               [variable]        1831/16777216 ( 0.0%) 
entdata               [variable]       46153/393216   (11.7%) 
LDR ambient table      616/65536        2464/262144   ( 0.9%) 
HDR ambient table      616/65536        2464/262144   ( 0.9%) 
LDR leaf ambient       881/65536       24668/1835008  ( 1.3%) 
HDR leaf ambient       616/65536       17248/1835008  ( 0.9%) 
occluders                0/0               0/0        ( 0.0%) 
occluder polygons        0/0               0/0        ( 0.0%) 
occluder vert ind        0/0               0/0        ( 0.0%) 
detail props          [variable]           1/12       ( 8.3%) 
static props          [variable]           1/828      ( 0.1%) 
pakfile               [variable]      320826/0        ( 0.0%) 
physics               [variable]       60762/4194304  ( 1.4%) 
physics terrain       [variable]           2/1048576  ( 0.0%) 

Level flags = 0

Total triangle count: 2377
Writing c:\program files (x86)\steam\steamapps\common\sourcesdk_content\hl2mp\mapsrc\test.bsp
3 seconds elapsed



materialPath: C:\Program Files (x86)\Steam\steamapps\common\Half-Life 2 Deathmatch\hl2mp\materials
Loading c:\program files (x86)\steam\steamapps\common\sourcesdk_content\hl2mp\mapsrc\test.vmf
ConVarRef mat_reduceparticles doesn't point to an existing ConVar
Could not locate 'GameData' key in c:\program files (x86)\steam\steamapps\common\half-life 2 deathmatch\hl2mp\gameinfo.txt
Patching WVT material: maps/test/dev/dev_blendmeasure_wvt_patch
fixing up env_cubemap materials on brush sides...
0...1...2...3...4...5...6...7...8...9...100...1...2...3...4...5...6...7...8...9...10Processing areas...done (0)
Building Faces...done (0)
Chop Details...done (0)
Find Visible Detail Sides...done (0)
Merging details...done (0)
FixTjuncs...
PruneNodes...
WriteBSP...
done (0)
writing c:\program files (x86)\steam\steamapps\common\sourcesdk_content\hl2mp\mapsrc\test.prt...Building visibility clusters...
done (0)
Creating default LDR cubemaps for env_cubemap using skybox materials:
   skybox/sky_day01_01*.vmt
 ! Run buildcubemaps in the engine to get the correct cube maps.
Creating default HDR cubemaps for env_cubemap using skybox materials:
   skybox/sky_day01_01*.vmt
 ! Run buildcubemaps in the engine to get the correct cube maps.
Finding displacement neighbors...
Finding lightmap sample positions...
Displacement Alpha : 0...1...2...3...4...5...6...7...8...9...10
Building Physics collision data...
done (0) (63926 bytes)
Placing detail props : 0...1...2...3...4...5...6...7...8...9...10
Compacting texture/material tables...
Reduced 395 texinfos to 160
Reduced 36 texdatas to 27 (1182 bytes to 911)
Writing c:\program files (x86)\steam\steamapps\common\sourcesdk_content\hl2mp\mapsrc\test.bsp
Wrote ZIP buffer, estimated size 323184, actual size 320826
0 seconds elapsed



12 threads
reading c:\program files (x86)\steam\steamapps\common\sourcesdk_content\hl2mp\mapsrc\test.bsp
reading c:\program files (x86)\steam\steamapps\common\sourcesdk_content\hl2mp\mapsrc\test.prt
  70 portalclusters
 203 numportals
0...1...2...3...4...5...6...7...8...9...10Optimized: 87 visible clusters (1.87%)
Total clusters visible: 4663
Average clusters visible: 66
Building PAS...
Average clusters audible: 70
visdatasize:1831  compressed from 2240
writing c:\program files (x86)\steam\steamapps\common\sourcesdk_content\hl2mp\mapsrc\test.bsp
0 seconds elapsed



[Reading texlights from 'lights.rad']
[45 texlights parsed from 'lights.rad']

Loading c:\program files (x86)\steam\steamapps\common\sourcesdk_content\hl2mp\mapsrc\test.bsp
945 faces
37413 square feet [5387582.00 square inches]
0 Displacements
0 Square Feet [0.00 Square Inches]
945 patches before subdivision
52539 patches after subdivision
7 direct lights
0...1...2...3...4...5...6...7...8...9...100...1...2...3...4...5...6...7...8...9...10transfers 5796702, max 601
transfer lists:  44.2 megs
0...1...2...3...4...5...6...7...8...9...10	Bounce #1 added RGB(26563, 25917, 22377)
0...1...2...3...4...5...6...7...8...9...10	Bounce #2 added RGB(10820, 9821, 7196)
Build Patch/Sample Hash Table(s).....Done<0.0131 sec>
0...1...2...3...4...5...6...7...8...9...10FinalLightFace Done
0 of 0 (0% of) surface lights went in leaf ambient cubes.
0...1...2...3...4...5...6...7...8...9...10Writing leaf ambient...done
Ready to Finish

Object names       Objects/Maxobjs  Memory / Maxmem  Fullness 
------------       ---------------  ---------------  -------- 
models                  43/1024         2064/49152    ( 4.2%) 
brushes                128/8192         1536/98304    ( 1.6%) 
brushsides             905/65536        7240/524288   ( 1.4%) 
planes                1078/65536       21560/1310720  ( 1.6%) 
vertexes              1457/65536       17484/786432   ( 2.2%) 
nodes                  600/65536       19200/2097152  ( 0.9%) 
texinfos               160/12288       11520/884736   ( 1.3%) 
texdata                 27/2048          864/65536    ( 1.3%) 
dispinfos                0/0               0/0        ( 0.0%) 
disp_verts               0/0               0/0        ( 0.0%) 
disp_tris                0/0               0/0        ( 0.0%) 
disp_lmsamples           0/0               0/0        ( 0.0%) 
faces                  945/65536       52920/3670016  ( 1.4%) 
hdr faces                0/65536           0/3670016  ( 0.0%) 
origfaces              451/65536       25256/3670016  ( 0.7%) 
leaves                 644/65536       20608/2097152  ( 1.0%) 
leaffaces             2067/65536        4134/131072   ( 3.2%) 
leafbrushes            160/65536         320/131072   ( 0.2%) 
areas                    2/256            16/2048     ( 0.8%) 
surfedges             6119/512000      24476/2048000  ( 1.2%) 
edges                 3253/256000      13012/1024000  ( 1.3%) 
LDR worldlights          7/8192          616/720896   ( 0.1%) 
HDR worldlights          0/8192            0/720896   ( 0.0%) 
leafwaterdata            1/32768          12/393216   ( 0.0%) 
waterstrips             30/32768         300/327680   ( 0.1%) 
waterverts               0/65536           0/786432   ( 0.0%) 
waterindices           423/65536         846/131072   ( 0.6%) 
cubemapsamples           2/1024           32/16384    ( 0.2%) 
overlays                 0/512             0/180224   ( 0.0%) 
LDR lightdata         [variable]    10440300/0        ( 0.0%) 
HDR lightdata         [variable]           0/0        ( 0.0%) 
visdata               [variable]        1831/16777216 ( 0.0%) 
entdata               [variable]       47025/393216   (12.0%) 
LDR ambient table      644/65536        2576/262144   ( 1.0%) 
HDR ambient table      644/65536        2576/262144   ( 1.0%) 
LDR leaf ambient       923/65536       25844/1835008  ( 1.4%) 
HDR leaf ambient       644/65536       18032/1835008  ( 1.0%) 
occluders                0/0               0/0        ( 0.0%) 
occluder polygons        0/0               0/0        ( 0.0%) 
occluder vert ind        0/0               0/0        ( 0.0%) 
detail props          [variable]           1/12       ( 8.3%) 
static props          [variable]           1/828      ( 0.1%) 
pakfile               [variable]      320826/0        ( 0.0%) 
physics               [variable]       63926/4194304  ( 1.5%) 
physics terrain       [variable]           2/1048576  ( 0.0%) 

Level flags = 0

Total triangle count: 2377
Writing c:\program files (x86)\steam\steamapps\common\sourcesdk_content\hl2mp\mapsrc\test.bsp
3 seconds elapsed



materialPath: C:\Program Files (x86)\Steam\steamapps\common\Half-Life 2 Deathmatch\hl2mp\materials
Loading c:\program files (x86)\steam\steamapps\common\sourcesdk_content\hl2mp\mapsrc\test.vmf
ConVarRef mat_reduceparticles doesn't point to an existing ConVar
Could not locate 'GameData' key in c:\program files (x86)\steam\steamapps\common\half-life 2 deathmatch\hl2mp\gameinfo.txt
Patching WVT material: maps/test/dev/dev_blendmeasure_wvt_patch
fixing up env_cubemap materials on brush sides...
0...1...2...3...4...5...6...7...8...9...100...1...2...3...4...5...6...7...8...9...10Processing areas...done (0)
Building Faces...done (0)
Chop Details...done (0)
Find Visible Detail Sides...done (0)
Merging details...done (0)
FixTjuncs...
PruneNodes...
WriteBSP...
done (0)
writing c:\program files (x86)\steam\steamapps\common\sourcesdk_content\hl2mp\mapsrc\test.prt...Building visibility clusters...
done (0)
Creating default LDR cubemaps for env_cubemap using skybox materials:
   skybox/sky_day01_01*.vmt
 ! Run buildcubemaps in the engine to get the correct cube maps.
Creating default HDR cubemaps for env_cubemap using skybox materials:
   skybox/sky_day01_01*.vmt
 ! Run buildcubemaps in the engine to get the correct cube maps.
Finding displacement neighbors...
Finding lightmap sample positions...
Displacement Alpha : 0...1...2...3...4...5...6...7...8...9...10
Building Physics collision data...
done (0) (63926 bytes)
Placing detail props : 0...1...2...3...4...5...6...7...8...9...10
Compacting texture/material tables...
Reduced 405 texinfos to 160
Reduced 36 texdatas to 27 (1182 bytes to 911)
Writing c:\program files (x86)\steam\steamapps\common\sourcesdk_content\hl2mp\mapsrc\test.bsp
Wrote ZIP buffer, estimated size 323184, actual size 320826
0 seconds elapsed



12 threads
reading c:\program files (x86)\steam\steamapps\common\sourcesdk_content\hl2mp\mapsrc\test.bsp
reading c:\program files (x86)\steam\steamapps\common\sourcesdk_content\hl2mp\mapsrc\test.prt
  70 portalclusters
 203 numportals
0...1...2...3...4...5...6...7...8...9...10Optimized: 87 visible clusters (1.87%)
Total clusters visible: 4663
Average clusters visible: 66
Building PAS...
Average clusters audible: 70
visdatasize:1831  compressed from 2240
writing c:\program files (x86)\steam\steamapps\common\sourcesdk_content\hl2mp\mapsrc\test.bsp
0 seconds elapsed



[Reading texlights from 'lights.rad']
[45 texlights parsed from 'lights.rad']

Loading c:\program files (x86)\steam\steamapps\common\sourcesdk_content\hl2mp\mapsrc\test.bsp
945 faces
37413 square feet [5387582.00 square inches]
0 Displacements
0 Square Feet [0.00 Square Inches]
945 patches before subdivision
52539 patches after subdivision
7 direct lights
0...1...2...3...4...5...6...7...8...9...100...1...2...3...4...5...6...7...8...9...10transfers 5796702, max 601
transfer lists:  44.2 megs
0...1...2...3...4...5...6...7...8...9...10	Bounce #1 added RGB(26563, 25917, 22377)
0...1...2...3...4...5...6...7...8...9...10	Bounce #2 added RGB(10820, 9821, 7196)
Build Patch/Sample Hash Table(s).....Done<0.0109 sec>
0...1...2...3...4...5...6...7...8...9...10FinalLightFace Done
0 of 0 (0% of) surface lights went in leaf ambient cubes.
0...1...2...3...4...5...6...7...8...9...10Writing leaf ambient...done
Ready to Finish

Object names       Objects/Maxobjs  Memory / Maxmem  Fullness 
------------       ---------------  ---------------  -------- 
models                  43/1024         2064/49152    ( 4.2%) 
brushes                128/8192         1536/98304    ( 1.6%) 
brushsides             905/65536        7240/524288   ( 1.4%) 
planes                1086/65536       21720/1310720  ( 1.7%) 
vertexes              1457/65536       17484/786432   ( 2.2%) 
nodes                  600/65536       19200/2097152  ( 0.9%) 
texinfos               160/12288       11520/884736   ( 1.3%) 
texdata                 27/2048          864/65536    ( 1.3%) 
dispinfos                0/0               0/0        ( 0.0%) 
disp_verts               0/0               0/0        ( 0.0%) 
disp_tris                0/0               0/0        ( 0.0%) 
disp_lmsamples           0/0               0/0        ( 0.0%) 
faces                  945/65536       52920/3670016  ( 1.4%) 
hdr faces                0/65536           0/3670016  ( 0.0%) 
origfaces              451/65536       25256/3670016  ( 0.7%) 
leaves                 644/65536       20608/2097152  ( 1.0%) 
leaffaces             2067/65536        4134/131072   ( 3.2%) 
leafbrushes            160/65536         320/131072   ( 0.2%) 
areas                    2/256            16/2048     ( 0.8%) 
surfedges             6119/512000      24476/2048000  ( 1.2%) 
edges                 3253/256000      13012/1024000  ( 1.3%) 
LDR worldlights          7/8192          616/720896   ( 0.1%) 
HDR worldlights          0/8192            0/720896   ( 0.0%) 
leafwaterdata            1/32768          12/393216   ( 0.0%) 
waterstrips             30/32768         300/327680   ( 0.1%) 
waterverts               0/65536           0/786432   ( 0.0%) 
waterindices           423/65536         846/131072   ( 0.6%) 
cubemapsamples           2/1024           32/16384    ( 0.2%) 
overlays                 0/512             0/180224   ( 0.0%) 
LDR lightdata         [variable]    10440300/0        ( 0.0%) 
HDR lightdata         [variable]           0/0        ( 0.0%) 
visdata               [variable]        1831/16777216 ( 0.0%) 
entdata               [variable]       47025/393216   (12.0%) 
LDR ambient table      644/65536        2576/262144   ( 1.0%) 
HDR ambient table      644/65536        2576/262144   ( 1.0%) 
LDR leaf ambient       923/65536       25844/1835008  ( 1.4%) 
HDR leaf ambient       644/65536       18032/1835008  ( 1.0%) 
occluders                0/0               0/0        ( 0.0%) 
occluder polygons        0/0               0/0        ( 0.0%) 
occluder vert ind        0/0               0/0        ( 0.0%) 
detail props          [variable]           1/12       ( 8.3%) 
static props          [variable]           1/828      ( 0.1%) 
pakfile               [variable]      320826/0        ( 0.0%) 
physics               [variable]       63926/4194304  ( 1.5%) 
physics terrain       [variable]           2/1048576  ( 0.0%) 

Level flags = 0

Total triangle count: 2377
Writing c:\program files (x86)\steam\steamapps\common\sourcesdk_content\hl2mp\mapsrc\test.bsp
3 seconds elapsed



materialPath: C:\Program Files (x86)\Steam\steamapps\common\Half-Life 2 Deathmatch\hl2mp\materials
Loading c:\program files (x86)\steam\steamapps\common\sourcesdk_content\hl2mp\mapsrc\test.vmf
ConVarRef mat_reduceparticles doesn't point to an existing ConVar
Could not locate 'GameData' key in c:\program files (x86)\steam\steamapps\common\half-life 2 deathmatch\hl2mp\gameinfo.txt
Patching WVT material: maps/test/dev/dev_blendmeasure_wvt_patch
fixing up env_cubemap materials on brush sides...
0...1...2...3...4...5...6...7...8...9...100...1...2...3...4...5...6...7...8...9...10Processing areas...done (0)
Building Faces...done (0)
Chop Details...done (0)
Find Visible Detail Sides...done (0)
Merging details...done (0)
FixTjuncs...
PruneNodes...
WriteBSP...
done (0)
writing c:\program files (x86)\steam\steamapps\common\sourcesdk_content\hl2mp\mapsrc\test.prt...Building visibility clusters...
done (0)
Creating default LDR cubemaps for env_cubemap using skybox materials:
   skybox/sky_day01_01*.vmt
 ! Run buildcubemaps in the engine to get the correct cube maps.
Creating default HDR cubemaps for env_cubemap using skybox materials:
   skybox/sky_day01_01*.vmt
 ! Run buildcubemaps in the engine to get the correct cube maps.
Finding displacement neighbors...
Finding lightmap sample positions...
Displacement Alpha : 0...1...2...3...4...5...6...7...8...9...10
Building Physics collision data...
done (0) (63926 bytes)
Placing detail props : 0...1...2...3...4...5...6...7...8...9...10
Compacting texture/material tables...
Reduced 414 texinfos to 160
Reduced 36 texdatas to 27 (1182 bytes to 911)
Writing c:\program files (x86)\steam\steamapps\common\sourcesdk_content\hl2mp\mapsrc\test.bsp
Wrote ZIP buffer, estimated size 323184, actual size 320826
0 seconds elapsed



12 threads
reading c:\program files (x86)\steam\steamapps\common\sourcesdk_content\hl2mp\mapsrc\test.bsp
reading c:\program files (x86)\steam\steamapps\common\sourcesdk_content\hl2mp\mapsrc\test.prt
  70 portalclusters
 203 numportals
0...1...2...3...4...5...6...7...8...9...10Optimized: 87 visible clusters (1.87%)
Total clusters visible: 4663
Average clusters visible: 66
Building PAS...
Average clusters audible: 70
visdatasize:1831  compressed from 2240
writing c:\program files (x86)\steam\steamapps\common\sourcesdk_content\hl2mp\mapsrc\test.bsp
0 seconds elapsed



[Reading texlights from 'lights.rad']
[45 texlights parsed from 'lights.rad']

Loading c:\program files (x86)\steam\steamapps\common\sourcesdk_content\hl2mp\mapsrc\test.bsp
945 faces
37413 square feet [5387582.00 square inches]
0 Displacements
0 Square Feet [0.00 Square Inches]
945 patches before subdivision
52539 patches after subdivision
7 direct lights
0...1...2...3...4...5...6...7...8...9...100...1...2...3...4...5...6...7...8...9...10transfers 5796702, max 601
transfer lists:  44.2 megs
0...1...2...3...4...5...6...7...8...9...10	Bounce #1 added RGB(26563, 25917, 22377)
0...1...2...3...4...5...6...7...8...9...10	Bounce #2 added RGB(10820, 9821, 7196)
Build Patch/Sample Hash Table(s).....Done<0.0110 sec>
0...1...2...3...4...5...6...7...8...9...10FinalLightFace Done
0 of 0 (0% of) surface lights went in leaf ambient cubes.
0...1...2...3...4...5...6...7...8...9...10Writing leaf ambient...done
Ready to Finish

Object names       Objects/Maxobjs  Memory / Maxmem  Fullness 
------------       ---------------  ---------------  -------- 
models                  43/1024         2064/49152    ( 4.2%) 
brushes                128/8192         1536/98304    ( 1.6%) 
brushsides             905/65536        7240/524288   ( 1.4%) 
planes                1084/65536       21680/1310720  ( 1.7%) 
vertexes              1457/65536       17484/786432   ( 2.2%) 
nodes                  600/65536       19200/2097152  ( 0.9%) 
texinfos               160/12288       11520/884736   ( 1.3%) 
texdata                 27/2048          864/65536    ( 1.3%) 
dispinfos                0/0               0/0        ( 0.0%) 
disp_verts               0/0               0/0        ( 0.0%) 
disp_tris                0/0               0/0        ( 0.0%) 
disp_lmsamples           0/0               0/0        ( 0.0%) 
faces                  945/65536       52920/3670016  ( 1.4%) 
hdr faces                0/65536           0/3670016  ( 0.0%) 
origfaces              451/65536       25256/3670016  ( 0.7%) 
leaves                 644/65536       20608/2097152  ( 1.0%) 
leaffaces             2067/65536        4134/131072   ( 3.2%) 
leafbrushes            160/65536         320/131072   ( 0.2%) 
areas                    2/256            16/2048     ( 0.8%) 
surfedges             6119/512000      24476/2048000  ( 1.2%) 
edges                 3253/256000      13012/1024000  ( 1.3%) 
LDR worldlights          7/8192          616/720896   ( 0.1%) 
HDR worldlights          0/8192            0/720896   ( 0.0%) 
leafwaterdata            1/32768          12/393216   ( 0.0%) 
waterstrips             30/32768         300/327680   ( 0.1%) 
waterverts               0/65536           0/786432   ( 0.0%) 
waterindices           423/65536         846/131072   ( 0.6%) 
cubemapsamples           2/1024           32/16384    ( 0.2%) 
overlays                 0/512             0/180224   ( 0.0%) 
LDR lightdata         [variable]    10440300/0        ( 0.0%) 
HDR lightdata         [variable]           0/0        ( 0.0%) 
visdata               [variable]        1831/16777216 ( 0.0%) 
entdata               [variable]       47025/393216   (12.0%) 
LDR ambient table      644/65536        2576/262144   ( 1.0%) 
HDR ambient table      644/65536        2576/262144   ( 1.0%) 
LDR leaf ambient       923/65536       25844/1835008  ( 1.4%) 
HDR leaf ambient       644/65536       18032/1835008  ( 1.0%) 
occluders                0/0               0/0        ( 0.0%) 
occluder polygons        0/0               0/0        ( 0.0%) 
occluder vert ind        0/0               0/0        ( 0.0%) 
detail props          [variable]           1/12       ( 8.3%) 
static props          [variable]           1/828      ( 0.1%) 
pakfile               [variable]      320826/0        ( 0.0%) 
physics               [variable]       63926/4194304  ( 1.5%) 
physics terrain       [variable]           2/1048576  ( 0.0%) 

Level flags = 0

Total triangle count: 2377
Writing c:\program files (x86)\steam\steamapps\common\sourcesdk_content\hl2mp\mapsrc\test.bsp
3 seconds elapsed



materialPath: C:\Program Files (x86)\Steam\steamapps\common\Half-Life 2 Deathmatch\hl2mp\materials
Loading c:\program files (x86)\steam\steamapps\common\sourcesdk_content\hl2mp\mapsrc\test.vmf
ConVarRef mat_reduceparticles doesn't point to an existing ConVar
Could not locate 'GameData' key in c:\program files (x86)\steam\steamapps\common\half-life 2 deathmatch\hl2mp\gameinfo.txt
Patching WVT material: maps/test/dev/dev_blendmeasure_wvt_patch
fixing up env_cubemap materials on brush sides...
0...1...2...3...4...5...6...7...8...9...100...1...2...3...4...5...6...7...8...9...10Processing areas...done (0)
Building Faces...done (0)
Chop Details...done (0)
Find Visible Detail Sides...done (0)
Merging details...done (0)
FixTjuncs...
PruneNodes...
WriteBSP...
done (0)
writing c:\program files (x86)\steam\steamapps\common\sourcesdk_content\hl2mp\mapsrc\test.prt...Building visibility clusters...
done (0)
Creating default LDR cubemaps for env_cubemap using skybox materials:
   skybox/sky_day01_01*.vmt
 ! Run buildcubemaps in the engine to get the correct cube maps.
Creating default HDR cubemaps for env_cubemap using skybox materials:
   skybox/sky_day01_01*.vmt
 ! Run buildcubemaps in the engine to get the correct cube maps.
Finding displacement neighbors...
Finding lightmap sample positions...
Displacement Alpha : 0...1...2...3...4...5...6...7...8...9...10
Building Physics collision data...
done (0) (63924 bytes)
Placing detail props : 0...1...2...3...4...5...6...7...8...9...10
Compacting texture/material tables...
Reduced 425 texinfos to 175
Reduced 36 texdatas to 27 (1182 bytes to 911)
Writing c:\program files (x86)\steam\steamapps\common\sourcesdk_content\hl2mp\mapsrc\test.bsp
Wrote ZIP buffer, estimated size 323184, actual size 320826
0 seconds elapsed



12 threads
reading c:\program files (x86)\steam\steamapps\common\sourcesdk_content\hl2mp\mapsrc\test.bsp
reading c:\program files (x86)\steam\steamapps\common\sourcesdk_content\hl2mp\mapsrc\test.prt
  70 portalclusters
 203 numportals
0...1...2...3...4...5...6...7...8...9...10Optimized: 87 visible clusters (1.87%)
Total clusters visible: 4663
Average clusters visible: 66
Building PAS...
Average clusters audible: 70
visdatasize:1831  compressed from 2240
writing c:\program files (x86)\steam\steamapps\common\sourcesdk_content\hl2mp\mapsrc\test.bsp
0 seconds elapsed



[Reading texlights from 'lights.rad']
[45 texlights parsed from 'lights.rad']

Loading c:\program files (x86)\steam\steamapps\common\sourcesdk_content\hl2mp\mapsrc\test.bsp
981 faces
37425 square feet [5389314.00 square inches]
0 Displacements
0 Square Feet [0.00 Square Inches]
981 patches before subdivision
52575 patches after subdivision
7 direct lights
0...1...2...3...4...5...6...7...8...9...100...1...2...3...4...5...6...7...8...9...10transfers 5808232, max 601
transfer lists:  44.3 megs
0...1...2...3...4...5...6...7...8...9...10	Bounce #1 added RGB(26664, 26013, 22454)
0...1...2...3...4...5...6...7...8...9...10	Bounce #2 added RGB(10834, 9834, 7206)
Build Patch/Sample Hash Table(s).....Done<0.0135 sec>
0...1...2...3...4...5...6...7...8...9...10FinalLightFace Done
0 of 0 (0% of) surface lights went in leaf ambient cubes.
0...1...2...3...4...5...6...7...8...9...10Writing leaf ambient...done
Ready to Finish

Object names       Objects/Maxobjs  Memory / Maxmem  Fullness 
------------       ---------------  ---------------  -------- 
models                  43/1024         2064/49152    ( 4.2%) 
brushes                128/8192         1536/98304    ( 1.6%) 
brushsides             905/65536        7240/524288   ( 1.4%) 
planes                1084/65536       21680/1310720  ( 1.7%) 
vertexes              1457/65536       17484/786432   ( 2.2%) 
nodes                  600/65536       19200/2097152  ( 0.9%) 
texinfos               175/12288       12600/884736   ( 1.4%) 
texdata                 27/2048          864/65536    ( 1.3%) 
dispinfos                0/0               0/0        ( 0.0%) 
disp_verts               0/0               0/0        ( 0.0%) 
disp_tris                0/0               0/0        ( 0.0%) 
disp_lmsamples           0/0               0/0        ( 0.0%) 
faces                  981/65536       54936/3670016  ( 1.5%) 
hdr faces                0/65536           0/3670016  ( 0.0%) 
origfaces              487/65536       27272/3670016  ( 0.7%) 
leaves                 644/65536       20608/2097152  ( 1.0%) 
leaffaces             2110/65536        4220/131072   ( 3.2%) 
leafbrushes            160/65536         320/131072   ( 0.2%) 
areas                    2/256            16/2048     ( 0.8%) 
surfedges             6407/512000      25628/2048000  ( 1.3%) 
edges                 3397/256000      13588/1024000  ( 1.3%) 
LDR worldlights          7/8192          616/720896   ( 0.1%) 
HDR worldlights          0/8192            0/720896   ( 0.0%) 
leafwaterdata            1/32768          12/393216   ( 0.0%) 
waterstrips             30/32768         300/327680   ( 0.1%) 
waterverts               0/65536           0/786432   ( 0.0%) 
waterindices           423/65536         846/131072   ( 0.6%) 
cubemapsamples           2/1024           32/16384    ( 0.2%) 
overlays                 0/512             0/180224   ( 0.0%) 
LDR lightdata         [variable]    10441776/0        ( 0.0%) 
HDR lightdata         [variable]           0/0        ( 0.0%) 
visdata               [variable]        1831/16777216 ( 0.0%) 
entdata               [variable]       46989/393216   (11.9%) 
LDR ambient table      644/65536        2576/262144   ( 1.0%) 
HDR ambient table      644/65536        2576/262144   ( 1.0%) 
LDR leaf ambient       917/65536       25676/1835008  ( 1.4%) 
HDR leaf ambient       644/65536       18032/1835008  ( 1.0%) 
occluders                0/0               0/0        ( 0.0%) 
occluder polygons        0/0               0/0        ( 0.0%) 
occluder vert ind        0/0               0/0        ( 0.0%) 
detail props          [variable]           1/12       ( 8.3%) 
static props          [variable]           1/828      ( 0.1%) 
pakfile               [variable]      320826/0        ( 0.0%) 
physics               [variable]       63924/4194304  ( 1.5%) 
physics terrain       [variable]           2/1048576  ( 0.0%) 

Level flags = 0

Total triangle count: 2449
Writing c:\program files (x86)\steam\steamapps\common\sourcesdk_content\hl2mp\mapsrc\test.bsp
3 seconds elapsed



materialPath: C:\Program Files (x86)\Steam\steamapps\common\Half-Life 2 Deathmatch\hl2mp\materials
Loading c:\program files (x86)\steam\steamapps\common\sourcesdk_content\hl2mp\mapsrc\test.vmf
ConVarRef mat_reduceparticles doesn't point to an existing ConVar
Could not locate 'GameData' key in c:\program files (x86)\steam\steamapps\common\half-life 2 deathmatch\hl2mp\gameinfo.txt
Patching WVT material: maps/test/dev/dev_blendmeasure_wvt_patch
fixing up env_cubemap materials on brush sides...
0...1...2...3...4...5...6...7...8...9...100...1...2...3...4...5...6...7...8...9...10Processing areas...done (0)
Building Faces...done (0)
Chop Details...done (0)
Find Visible Detail Sides...done (0)
Merging details...done (0)
FixTjuncs...
PruneNodes...
WriteBSP...
done (0)
writing c:\program files (x86)\steam\steamapps\common\sourcesdk_content\hl2mp\mapsrc\test.prt...Building visibility clusters...
done (0)
Creating default LDR cubemaps for env_cubemap using skybox materials:
   skybox/sky_day01_01*.vmt
 ! Run buildcubemaps in the engine to get the correct cube maps.
Creating default HDR cubemaps for env_cubemap using skybox materials:
   skybox/sky_day01_01*.vmt
 ! Run buildcubemaps in the engine to get the correct cube maps.
Finding displacement neighbors...
Finding lightmap sample positions...
Displacement Alpha : 0...1...2...3...4...5...6...7...8...9...10
Building Physics collision data...
done (0) (63924 bytes)
Placing detail props : 0...1...2...3...4...5...6...7...8...9...10
Compacting texture/material tables...
Reduced 425 texinfos to 175
Reduced 36 texdatas to 27 (1182 bytes to 911)
Writing c:\program files (x86)\steam\steamapps\common\sourcesdk_content\hl2mp\mapsrc\test.bsp
Wrote ZIP buffer, estimated size 323184, actual size 320826
0 seconds elapsed



12 threads
reading c:\program files (x86)\steam\steamapps\common\sourcesdk_content\hl2mp\mapsrc\test.bsp
reading c:\program files (x86)\steam\steamapps\common\sourcesdk_content\hl2mp\mapsrc\test.prt
  70 portalclusters
 203 numportals
0...1...2...3...4...5...6...7...8...9...10Optimized: 87 visible clusters (1.87%)
Total clusters visible: 4663
Average clusters visible: 66
Building PAS...
Average clusters audible: 70
visdatasize:1831  compressed from 2240
writing c:\program files (x86)\steam\steamapps\common\sourcesdk_content\hl2mp\mapsrc\test.bsp
0 seconds elapsed



[Reading texlights from 'lights.rad']
[45 texlights parsed from 'lights.rad']

Loading c:\program files (x86)\steam\steamapps\common\sourcesdk_content\hl2mp\mapsrc\test.bsp
981 faces
37425 square feet [5389314.00 square inches]
0 Displacements
0 Square Feet [0.00 Square Inches]
981 patches before subdivision
52575 patches after subdivision
7 direct lights
0...1...2...3...4...5...6...7...8...9...100...1...2...3...4...5...6...7...8...9...10transfers 5808232, max 601
transfer lists:  44.3 megs
0...1...2...3...4...5...6...7...8...9...10	Bounce #1 added RGB(26664, 26013, 22454)
0...1...2...3...4...5...6...7...8...9...10	Bounce #2 added RGB(10834, 9834, 7206)
Build Patch/Sample Hash Table(s).....Done<0.0110 sec>
0...1...2...3...4...5...6...7...8...9...10FinalLightFace Done
0 of 0 (0% of) surface lights went in leaf ambient cubes.
0...1...2...3...4...5...6...7...8...9...10Writing leaf ambient...done
Ready to Finish

Object names       Objects/Maxobjs  Memory / Maxmem  Fullness 
------------       ---------------  ---------------  -------- 
models                  43/1024         2064/49152    ( 4.2%) 
brushes                128/8192         1536/98304    ( 1.6%) 
brushsides             905/65536        7240/524288   ( 1.4%) 
planes                1084/65536       21680/1310720  ( 1.7%) 
vertexes              1457/65536       17484/786432   ( 2.2%) 
nodes                  600/65536       19200/2097152  ( 0.9%) 
texinfos               175/12288       12600/884736   ( 1.4%) 
texdata                 27/2048          864/65536    ( 1.3%) 
dispinfos                0/0               0/0        ( 0.0%) 
disp_verts               0/0               0/0        ( 0.0%) 
disp_tris                0/0               0/0        ( 0.0%) 
disp_lmsamples           0/0               0/0        ( 0.0%) 
faces                  981/65536       54936/3670016  ( 1.5%) 
hdr faces                0/65536           0/3670016  ( 0.0%) 
origfaces              487/65536       27272/3670016  ( 0.7%) 
leaves                 644/65536       20608/2097152  ( 1.0%) 
leaffaces             2110/65536        4220/131072   ( 3.2%) 
leafbrushes            160/65536         320/131072   ( 0.2%) 
areas                    2/256            16/2048     ( 0.8%) 
surfedges             6407/512000      25628/2048000  ( 1.3%) 
edges                 3397/256000      13588/1024000  ( 1.3%) 
LDR worldlights          7/8192          616/720896   ( 0.1%) 
HDR worldlights          0/8192            0/720896   ( 0.0%) 
leafwaterdata            1/32768          12/393216   ( 0.0%) 
waterstrips             30/32768         300/327680   ( 0.1%) 
waterverts               0/65536           0/786432   ( 0.0%) 
waterindices           423/65536         846/131072   ( 0.6%) 
cubemapsamples           2/1024           32/16384    ( 0.2%) 
overlays                 0/512             0/180224   ( 0.0%) 
LDR lightdata         [variable]    10441776/0        ( 0.0%) 
HDR lightdata         [variable]           0/0        ( 0.0%) 
visdata               [variable]        1831/16777216 ( 0.0%) 
entdata               [variable]       47167/393216   (12.0%) 
LDR ambient table      644/65536        2576/262144   ( 1.0%) 
HDR ambient table      644/65536        2576/262144   ( 1.0%) 
LDR leaf ambient       917/65536       25676/1835008  ( 1.4%) 
HDR leaf ambient       644/65536       18032/1835008  ( 1.0%) 
occluders                0/0               0/0        ( 0.0%) 
occluder polygons        0/0               0/0        ( 0.0%) 
occluder vert ind        0/0               0/0        ( 0.0%) 
detail props          [variable]           1/12       ( 8.3%) 
static props          [variable]           1/828      ( 0.1%) 
pakfile               [variable]      320826/0        ( 0.0%) 
physics               [variable]       63924/4194304  ( 1.5%) 
physics terrain       [variable]           2/1048576  ( 0.0%) 

Level flags = 0

Total triangle count: 2449
Writing c:\program files (x86)\steam\steamapps\common\sourcesdk_content\hl2mp\mapsrc\test.bsp
3 seconds elapsed



materialPath: C:\Program Files (x86)\Steam\steamapps\common\Half-Life 2 Deathmatch\hl2mp\materials
Loading c:\program files (x86)\steam\steamapps\common\sourcesdk_content\hl2mp\mapsrc\test.vmf
ConVarRef mat_reduceparticles doesn't point to an existing ConVar
Could not locate 'GameData' key in c:\program files (x86)\steam\steamapps\common\half-life 2 deathmatch\hl2mp\gameinfo.txt
Patching WVT material: maps/test/dev/dev_blendmeasure_wvt_patch
fixing up env_cubemap materials on brush sides...
0...1...2...3...4...5...6...7...8...9...100...1...2...3...4...5...6...7...8...9...10Processing areas...done (0)
Building Faces...done (0)
Chop Details...done (0)
Find Visible Detail Sides...done (0)
Merging details...done (0)
FixTjuncs...
PruneNodes...
WriteBSP...
done (0)
writing c:\program files (x86)\steam\steamapps\common\sourcesdk_content\hl2mp\mapsrc\test.prt...Building visibility clusters...
done (0)
Creating default LDR cubemaps for env_cubemap using skybox materials:
   skybox/sky_day01_01*.vmt
 ! Run buildcubemaps in the engine to get the correct cube maps.
Creating default HDR cubemaps for env_cubemap using skybox materials:
   skybox/sky_day01_01*.vmt
 ! Run buildcubemaps in the engine to get the correct cube maps.
Finding displacement neighbors...
Finding lightmap sample positions...
Displacement Alpha : 0...1...2...3...4...5...6...7...8...9...10
Building Physics collision data...
done (0) (63924 bytes)
Placing detail props : 0...1...2...3...4...5...6...7...8...9...10
Compacting texture/material tables...
Reduced 425 texinfos to 175
Reduced 36 texdatas to 27 (1182 bytes to 911)
Writing c:\program files (x86)\steam\steamapps\common\sourcesdk_content\hl2mp\mapsrc\test.bsp
Wrote ZIP buffer, estimated size 323184, actual size 320826
0 seconds elapsed



12 threads
reading c:\program files (x86)\steam\steamapps\common\sourcesdk_content\hl2mp\mapsrc\test.bsp
reading c:\program files (x86)\steam\steamapps\common\sourcesdk_content\hl2mp\mapsrc\test.prt
  70 portalclusters
 203 numportals
0...1...2...3...4...5...6...7...8...9...10Optimized: 87 visible clusters (1.87%)
Total clusters visible: 4663
Average clusters visible: 66
Building PAS...
Average clusters audible: 70
visdatasize:1831  compressed from 2240
writing c:\program files (x86)\steam\steamapps\common\sourcesdk_content\hl2mp\mapsrc\test.bsp
0 seconds elapsed



[Reading texlights from 'lights.rad']
[45 texlights parsed from 'lights.rad']

Loading c:\program files (x86)\steam\steamapps\common\sourcesdk_content\hl2mp\mapsrc\test.bsp
981 faces
37425 square feet [5389314.00 square inches]
0 Displacements
0 Square Feet [0.00 Square Inches]
981 patches before subdivision
52575 patches after subdivision
7 direct lights
0...1...2...3...4...5...6...7...8...9...100...1...2...3...4...5...6...7...8...9...10transfers 5808232, max 601
transfer lists:  44.3 megs
0...1...2...3...4...5...6...7...8...9...10	Bounce #1 added RGB(26664, 26013, 22454)
0...1...2...3...4...5...6...7...8...9...10	Bounce #2 added RGB(10834, 9834, 7206)
Build Patch/Sample Hash Table(s).....Done<0.0109 sec>
0...1...2...3...4...5...6...7...8...9...10FinalLightFace Done
0 of 0 (0% of) surface lights went in leaf ambient cubes.
0...1...2...3...4...5...6...7...8...9...10Writing leaf ambient...done
Ready to Finish

Object names       Objects/Maxobjs  Memory / Maxmem  Fullness 
------------       ---------------  ---------------  -------- 
models                  43/1024         2064/49152    ( 4.2%) 
brushes                128/8192         1536/98304    ( 1.6%) 
brushsides             905/65536        7240/524288   ( 1.4%) 
planes                1084/65536       21680/1310720  ( 1.7%) 
vertexes              1457/65536       17484/786432   ( 2.2%) 
nodes                  600/65536       19200/2097152  ( 0.9%) 
texinfos               175/12288       12600/884736   ( 1.4%) 
texdata                 27/2048          864/65536    ( 1.3%) 
dispinfos                0/0               0/0        ( 0.0%) 
disp_verts               0/0               0/0        ( 0.0%) 
disp_tris                0/0               0/0        ( 0.0%) 
disp_lmsamples           0/0               0/0        ( 0.0%) 
faces                  981/65536       54936/3670016  ( 1.5%) 
hdr faces                0/65536           0/3670016  ( 0.0%) 
origfaces              487/65536       27272/3670016  ( 0.7%) 
leaves                 644/65536       20608/2097152  ( 1.0%) 
leaffaces             2110/65536        4220/131072   ( 3.2%) 
leafbrushes            160/65536         320/131072   ( 0.2%) 
areas                    2/256            16/2048     ( 0.8%) 
surfedges             6407/512000      25628/2048000  ( 1.3%) 
edges                 3397/256000      13588/1024000  ( 1.3%) 
LDR worldlights          7/8192          616/720896   ( 0.1%) 
HDR worldlights          0/8192            0/720896   ( 0.0%) 
leafwaterdata            1/32768          12/393216   ( 0.0%) 
waterstrips             30/32768         300/327680   ( 0.1%) 
waterverts               0/65536           0/786432   ( 0.0%) 
waterindices           423/65536         846/131072   ( 0.6%) 
cubemapsamples           2/1024           32/16384    ( 0.2%) 
overlays                 0/512             0/180224   ( 0.0%) 
LDR lightdata         [variable]    10441776/0        ( 0.0%) 
HDR lightdata         [variable]           0/0        ( 0.0%) 
visdata               [variable]        1831/16777216 ( 0.0%) 
entdata               [variable]       47333/393216   (12.0%) 
LDR ambient table      644/65536        2576/262144   ( 1.0%) 
HDR ambient table      644/65536        2576/262144   ( 1.0%) 
LDR leaf ambient       917/65536       25676/1835008  ( 1.4%) 
HDR leaf ambient       644/65536       18032/1835008  ( 1.0%) 
occluders                0/0               0/0        ( 0.0%) 
occluder polygons        0/0               0/0        ( 0.0%) 
occluder vert ind        0/0               0/0        ( 0.0%) 
detail props          [variable]           1/12       ( 8.3%) 
static props          [variable]           1/828      ( 0.1%) 
pakfile               [variable]      320826/0        ( 0.0%) 
physics               [variable]       63924/4194304  ( 1.5%) 
physics terrain       [variable]           2/1048576  ( 0.0%) 

Level flags = 0

Total triangle count: 2449
Writing c:\program files (x86)\steam\steamapps\common\sourcesdk_content\hl2mp\mapsrc\test.bsp
3 seconds elapsed



materialPath: C:\Program Files (x86)\Steam\steamapps\common\Half-Life 2 Deathmatch\hl2mp\materials
Loading c:\program files (x86)\steam\steamapps\common\sourcesdk_content\hl2mp\mapsrc\test.vmf
ConVarRef mat_reduceparticles doesn't point to an existing ConVar
Could not locate 'GameData' key in c:\program files (x86)\steam\steamapps\common\half-life 2 deathmatch\hl2mp\gameinfo.txt
Patching WVT material: maps/test/dev/dev_blendmeasure_wvt_patch
fixing up env_cubemap materials on brush sides...
0...1...2...3...4...5...6...7...8...9...100...1...2...3...4...5...6...7...8...9...10Processing areas...done (0)
Building Faces...done (0)
Chop Details...done (0)
Find Visible Detail Sides...done (0)
Merging details...done (0)
FixTjuncs...
PruneNodes...
WriteBSP...
done (0)
writing c:\program files (x86)\steam\steamapps\common\sourcesdk_content\hl2mp\mapsrc\test.prt...Building visibility clusters...
done (0)
Creating default LDR cubemaps for env_cubemap using skybox materials:
   skybox/sky_day01_01*.vmt
 ! Run buildcubemaps in the engine to get the correct cube maps.
Creating default HDR cubemaps for env_cubemap using skybox materials:
   skybox/sky_day01_01*.vmt
 ! Run buildcubemaps in the engine to get the correct cube maps.
Finding displacement neighbors...
Finding lightmap sample positions...
Displacement Alpha : 0...1...2...3...4...5...6...7...8...9...10
Building Physics collision data...
done (0) (63924 bytes)
Placing detail props : 0...1...2...3...4...5...6...7...8...9...10
Compacting texture/material tables...
Reduced 425 texinfos to 175
Reduced 36 texdatas to 27 (1182 bytes to 911)
Writing c:\program files (x86)\steam\steamapps\common\sourcesdk_content\hl2mp\mapsrc\test.bsp
Wrote ZIP buffer, estimated size 323184, actual size 320826
0 seconds elapsed



12 threads
reading c:\program files (x86)\steam\steamapps\common\sourcesdk_content\hl2mp\mapsrc\test.bsp
reading c:\program files (x86)\steam\steamapps\common\sourcesdk_content\hl2mp\mapsrc\test.prt
  70 portalclusters
 203 numportals
0...1...2...3...4...5...6...7...8...9...10Optimized: 87 visible clusters (1.87%)
Total clusters visible: 4663
Average clusters visible: 66
Building PAS...
Average clusters audible: 70
visdatasize:1831  compressed from 2240
writing c:\program files (x86)\steam\steamapps\common\sourcesdk_content\hl2mp\mapsrc\test.bsp
0 seconds elapsed



[Reading texlights from 'lights.rad']
[45 texlights parsed from 'lights.rad']

Loading c:\program files (x86)\steam\steamapps\common\sourcesdk_content\hl2mp\mapsrc\test.bsp
981 faces
37425 square feet [5389314.00 square inches]
0 Displacements
0 Square Feet [0.00 Square Inches]
981 patches before subdivision
52575 patches after subdivision
7 direct lights
0...1...2...3...4...5...6...7...8...9...100...1...2...3...4...5...6...7...8...9...10transfers 5808193, max 601
transfer lists:  44.3 megs
0...1...2...3...4...5...6...7...8...9...10	Bounce #1 added RGB(26670, 26018, 22460)
0...1...2...3...4...5...6...7...8...9...10	Bounce #2 added RGB(10834, 9834, 7206)
Build Patch/Sample Hash Table(s).....Done<0.0134 sec>
0...1...2...3...4...5...6...7...8...9...10FinalLightFace Done
0 of 0 (0% of) surface lights went in leaf ambient cubes.
0...1...2...3...4...5...6...7...8...9...10Writing leaf ambient...done
Ready to Finish

Object names       Objects/Maxobjs  Memory / Maxmem  Fullness 
------------       ---------------  ---------------  -------- 
models                  43/1024         2064/49152    ( 4.2%) 
brushes                128/8192         1536/98304    ( 1.6%) 
brushsides             905/65536        7240/524288   ( 1.4%) 
planes                1078/65536       21560/1310720  ( 1.6%) 
vertexes              1457/65536       17484/786432   ( 2.2%) 
nodes                  600/65536       19200/2097152  ( 0.9%) 
texinfos               175/12288       12600/884736   ( 1.4%) 
texdata                 27/2048          864/65536    ( 1.3%) 
dispinfos                0/0               0/0        ( 0.0%) 
disp_verts               0/0               0/0        ( 0.0%) 
disp_tris                0/0               0/0        ( 0.0%) 
disp_lmsamples           0/0               0/0        ( 0.0%) 
faces                  981/65536       54936/3670016  ( 1.5%) 
hdr faces                0/65536           0/3670016  ( 0.0%) 
origfaces              487/65536       27272/3670016  ( 0.7%) 
leaves                 644/65536       20608/2097152  ( 1.0%) 
leaffaces             2110/65536        4220/131072   ( 3.2%) 
leafbrushes            160/65536         320/131072   ( 0.2%) 
areas                    2/256            16/2048     ( 0.8%) 
surfedges             6407/512000      25628/2048000  ( 1.3%) 
edges                 3397/256000      13588/1024000  ( 1.3%) 
LDR worldlights          7/8192          616/720896   ( 0.1%) 
HDR worldlights          0/8192            0/720896   ( 0.0%) 
leafwaterdata            1/32768          12/393216   ( 0.0%) 
waterstrips             30/32768         300/327680   ( 0.1%) 
waterverts               0/65536           0/786432   ( 0.0%) 
waterindices           423/65536         846/131072   ( 0.6%) 
cubemapsamples           2/1024           32/16384    ( 0.2%) 
overlays                 0/512             0/180224   ( 0.0%) 
LDR lightdata         [variable]    10441776/0        ( 0.0%) 
HDR lightdata         [variable]           0/0        ( 0.0%) 
visdata               [variable]        1831/16777216 ( 0.0%) 
entdata               [variable]       47333/393216   (12.0%) 
LDR ambient table      644/65536        2576/262144   ( 1.0%) 
HDR ambient table      644/65536        2576/262144   ( 1.0%) 
LDR leaf ambient       917/65536       25676/1835008  ( 1.4%) 
HDR leaf ambient       644/65536       18032/1835008  ( 1.0%) 
occluders                0/0               0/0        ( 0.0%) 
occluder polygons        0/0               0/0        ( 0.0%) 
occluder vert ind        0/0               0/0        ( 0.0%) 
detail props          [variable]           1/12       ( 8.3%) 
static props          [variable]           1/828      ( 0.1%) 
pakfile               [variable]      320826/0        ( 0.0%) 
physics               [variable]       63924/4194304  ( 1.5%) 
physics terrain       [variable]           2/1048576  ( 0.0%) 

Level flags = 0

Total triangle count: 2449
Writing c:\program files (x86)\steam\steamapps\common\sourcesdk_content\hl2mp\mapsrc\test.bsp
3 seconds elapsed



materialPath: C:\Program Files (x86)\Steam\steamapps\common\Half-Life 2 Deathmatch\hl2mp\materials
Loading c:\program files (x86)\steam\steamapps\common\sourcesdk_content\hl2mp\mapsrc\test.vmf
ConVarRef mat_reduceparticles doesn't point to an existing ConVar
Could not locate 'GameData' key in c:\program files (x86)\steam\steamapps\common\half-life 2 deathmatch\hl2mp\gameinfo.txt
Patching WVT material: maps/test/dev/dev_blendmeasure_wvt_patch
fixing up env_cubemap materials on brush sides...
0...1...2...3...4...5...6...7...8...9...100...1...2...3...4...5...6...7...8...9...10Processing areas...done (0)
Building Faces...done (0)
Chop Details...done (0)
Find Visible Detail Sides...done (0)
Merging details...done (0)
FixTjuncs...
PruneNodes...
WriteBSP...
done (0)
writing c:\program files (x86)\steam\steamapps\common\sourcesdk_content\hl2mp\mapsrc\test.prt...Building visibility clusters...
done (0)
Creating default LDR cubemaps for env_cubemap using skybox materials:
   skybox/sky_day01_01*.vmt
 ! Run buildcubemaps in the engine to get the correct cube maps.
Creating default HDR cubemaps for env_cubemap using skybox materials:
   skybox/sky_day01_01*.vmt
 ! Run buildcubemaps in the engine to get the correct cube maps.
Finding displacement neighbors...
Finding lightmap sample positions...
Displacement Alpha : 0...1...2...3...4...5...6...7...8...9...10
Building Physics collision data...
done (0) (63924 bytes)
Placing detail props : 0...1...2...3...4...5...6...7...8...9...10
Compacting texture/material tables...
Reduced 425 texinfos to 175
Reduced 36 texdatas to 27 (1182 bytes to 911)
Writing c:\program files (x86)\steam\steamapps\common\sourcesdk_content\hl2mp\mapsrc\test.bsp
Wrote ZIP buffer, estimated size 323184, actual size 320826
0 seconds elapsed



12 threads
reading c:\program files (x86)\steam\steamapps\common\sourcesdk_content\hl2mp\mapsrc\test.bsp
reading c:\program files (x86)\steam\steamapps\common\sourcesdk_content\hl2mp\mapsrc\test.prt
  70 portalclusters
 203 numportals
0...1...2...3...4...5...6...7...8...9...10Optimized: 87 visible clusters (1.87%)
Total clusters visible: 4663
Average clusters visible: 66
Building PAS...
Average clusters audible: 70
visdatasize:1831  compressed from 2240
writing c:\program files (x86)\steam\steamapps\common\sourcesdk_content\hl2mp\mapsrc\test.bsp
0 seconds elapsed



[Reading texlights from 'lights.rad']
[45 texlights parsed from 'lights.rad']

Loading c:\program files (x86)\steam\steamapps\common\sourcesdk_content\hl2mp\mapsrc\test.bsp
981 faces
37425 square feet [5389314.00 square inches]
0 Displacements
0 Square Feet [0.00 Square Inches]
981 patches before subdivision
52575 patches after subdivision
7 direct lights
0...1...2...3...4...5...6...7...8...9...100...1...2...3...4...5...6...7...8...9...10transfers 5808232, max 601
transfer lists:  44.3 megs
0...1...2...3...4...5...6...7...8...9...10	Bounce #1 added RGB(26664, 26013, 22454)
0...1...2...3...4...5...6...7...8...9...10	Bounce #2 added RGB(10834, 9834, 7206)
Build Patch/Sample Hash Table(s).....Done<0.0134 sec>
0...1...2...3...4...5...6...7...8...9...10FinalLightFace Done
0 of 0 (0% of) surface lights went in leaf ambient cubes.
0...1...2...3...4...5...6...7...8...9...10Writing leaf ambient...done
Ready to Finish

Object names       Objects/Maxobjs  Memory / Maxmem  Fullness 
------------       ---------------  ---------------  -------- 
models                  43/1024         2064/49152    ( 4.2%) 
brushes                128/8192         1536/98304    ( 1.6%) 
brushsides             905/65536        7240/524288   ( 1.4%) 
planes                1084/65536       21680/1310720  ( 1.7%) 
vertexes              1457/65536       17484/786432   ( 2.2%) 
nodes                  600/65536       19200/2097152  ( 0.9%) 
texinfos               175/12288       12600/884736   ( 1.4%) 
texdata                 27/2048          864/65536    ( 1.3%) 
dispinfos                0/0               0/0        ( 0.0%) 
disp_verts               0/0               0/0        ( 0.0%) 
disp_tris                0/0               0/0        ( 0.0%) 
disp_lmsamples           0/0               0/0        ( 0.0%) 
faces                  981/65536       54936/3670016  ( 1.5%) 
hdr faces                0/65536           0/3670016  ( 0.0%) 
origfaces              487/65536       27272/3670016  ( 0.7%) 
leaves                 644/65536       20608/2097152  ( 1.0%) 
leaffaces             2110/65536        4220/131072   ( 3.2%) 
leafbrushes            160/65536         320/131072   ( 0.2%) 
areas                    2/256            16/2048     ( 0.8%) 
surfedges             6407/512000      25628/2048000  ( 1.3%) 
edges                 3397/256000      13588/1024000  ( 1.3%) 
LDR worldlights          7/8192          616/720896   ( 0.1%) 
HDR worldlights          0/8192            0/720896   ( 0.0%) 
leafwaterdata            1/32768          12/393216   ( 0.0%) 
waterstrips             30/32768         300/327680   ( 0.1%) 
waterverts               0/65536           0/786432   ( 0.0%) 
waterindices           423/65536         846/131072   ( 0.6%) 
cubemapsamples           2/1024           32/16384    ( 0.2%) 
overlays                 0/512             0/180224   ( 0.0%) 
LDR lightdata         [variable]    10441776/0        ( 0.0%) 
HDR lightdata         [variable]           0/0        ( 0.0%) 
visdata               [variable]        1831/16777216 ( 0.0%) 
entdata               [variable]       47334/393216   (12.0%) 
LDR ambient table      644/65536        2576/262144   ( 1.0%) 
HDR ambient table      644/65536        2576/262144   ( 1.0%) 
LDR leaf ambient       917/65536       25676/1835008  ( 1.4%) 
HDR leaf ambient       644/65536       18032/1835008  ( 1.0%) 
occluders                0/0               0/0        ( 0.0%) 
occluder polygons        0/0               0/0        ( 0.0%) 
occluder vert ind        0/0               0/0        ( 0.0%) 
detail props          [variable]           1/12       ( 8.3%) 
static props          [variable]           1/828      ( 0.1%) 
pakfile               [variable]      320826/0        ( 0.0%) 
physics               [variable]       63924/4194304  ( 1.5%) 
physics terrain       [variable]           2/1048576  ( 0.0%) 

Level flags = 0

Total triangle count: 2449
Writing c:\program files (x86)\steam\steamapps\common\sourcesdk_content\hl2mp\mapsrc\test.bsp
3 seconds elapsed



materialPath: C:\Program Files (x86)\Steam\steamapps\common\Half-Life 2 Deathmatch\hl2mp\materials
Loading c:\program files (x86)\steam\steamapps\common\sourcesdk_content\hl2mp\mapsrc\test.vmf
ConVarRef mat_reduceparticles doesn't point to an existing ConVar
Could not locate 'GameData' key in c:\program files (x86)\steam\steamapps\common\half-life 2 deathmatch\hl2mp\gameinfo.txt
Patching WVT material: maps/test/dev/dev_blendmeasure_wvt_patch
fixing up env_cubemap materials on brush sides...
0...1...2...3...4...5...6...7...8...9...100...1...2...3...4...5...6...7...8...9...10Processing areas...done (0)
Building Faces...done (0)
Chop Details...done (0)
Find Visible Detail Sides...done (0)
Merging details...done (0)
FixTjuncs...
PruneNodes...
WriteBSP...
done (0)
writing c:\program files (x86)\steam\steamapps\common\sourcesdk_content\hl2mp\mapsrc\test.prt...Building visibility clusters...
done (0)
Creating default LDR cubemaps for env_cubemap using skybox materials:
   skybox/sky_day01_01*.vmt
 ! Run buildcubemaps in the engine to get the correct cube maps.
Creating default HDR cubemaps for env_cubemap using skybox materials:
   skybox/sky_day01_01*.vmt
 ! Run buildcubemaps in the engine to get the correct cube maps.
Finding displacement neighbors...
Finding lightmap sample positions...
Displacement Alpha : 0...1...2...3...4...5...6...7...8...9...10
Building Physics collision data...
done (0) (60762 bytes)
Placing detail props : 0...1...2...3...4...5...6...7...8...9...10
Compacting texture/material tables...
Reduced 395 texinfos to 160
Reduced 36 texdatas to 27 (1182 bytes to 911)
Writing c:\program files (x86)\steam\steamapps\common\sourcesdk_content\hl2mp\mapsrc\test.bsp
Wrote ZIP buffer, estimated size 323184, actual size 320826
0 seconds elapsed



12 threads
reading c:\program files (x86)\steam\steamapps\common\sourcesdk_content\hl2mp\mapsrc\test.bsp
reading c:\program files (x86)\steam\steamapps\common\sourcesdk_content\hl2mp\mapsrc\test.prt
  70 portalclusters
 203 numportals
0...1...2...3...4...5...6...7...8...9...10Optimized: 87 visible clusters (1.87%)
Total clusters visible: 4663
Average clusters visible: 66
Building PAS...
Average clusters audible: 70
visdatasize:1831  compressed from 2240
writing c:\program files (x86)\steam\steamapps\common\sourcesdk_content\hl2mp\mapsrc\test.bsp
0 seconds elapsed



[Reading texlights from 'lights.rad']
[45 texlights parsed from 'lights.rad']

Loading c:\program files (x86)\steam\steamapps\common\sourcesdk_content\hl2mp\mapsrc\test.bsp
945 faces
37413 square feet [5387582.00 square inches]
0 Displacements
0 Square Feet [0.00 Square Inches]
945 patches before subdivision
52539 patches after subdivision
7 direct lights
0...1...2...3...4...5...6...7...8...9...100...1...2...3...4...5...6...7...8...9...10transfers 5796702, max 601
transfer lists:  44.2 megs
0...1...2...3...4...5...6...7...8...9...10	Bounce #1 added RGB(26563, 25917, 22377)
0...1...2...3...4...5...6...7...8...9...10	Bounce #2 added RGB(10820, 9821, 7196)
Build Patch/Sample Hash Table(s).....Done<0.0111 sec>
0...1...2...3...4...5...6...7...8...9...10FinalLightFace Done
0 of 0 (0% of) surface lights went in leaf ambient cubes.
0...1...2...3...4...5...6...7...8...9...10Writing leaf ambient...done
Ready to Finish

Object names       Objects/Maxobjs  Memory / Maxmem  Fullness 
------------       ---------------  ---------------  -------- 
models                  42/1024         2016/49152    ( 4.1%) 
brushes                122/8192         1464/98304    ( 1.5%) 
brushsides             867/65536        6936/524288   ( 1.3%) 
planes                1076/65536       21520/1310720  ( 1.6%) 
vertexes              1411/65536       16932/786432   ( 2.2%) 
nodes                  573/65536       18336/2097152  ( 0.9%) 
texinfos               160/12288       11520/884736   ( 1.3%) 
texdata                 27/2048          864/65536    ( 1.3%) 
dispinfos                0/0               0/0        ( 0.0%) 
disp_verts               0/0               0/0        ( 0.0%) 
disp_tris                0/0               0/0        ( 0.0%) 
disp_lmsamples           0/0               0/0        ( 0.0%) 
faces                  945/65536       52920/3670016  ( 1.4%) 
hdr faces                0/65536           0/3670016  ( 0.0%) 
origfaces              451/65536       25256/3670016  ( 0.7%) 
leaves                 616/65536       19712/2097152  ( 0.9%) 
leaffaces             2067/65536        4134/131072   ( 3.2%) 
leafbrushes            154/65536         308/131072   ( 0.2%) 
areas                    2/256            16/2048     ( 0.8%) 
surfedges             6119/512000      24476/2048000  ( 1.2%) 
edges                 3253/256000      13012/1024000  ( 1.3%) 
LDR worldlights          7/8192          616/720896   ( 0.1%) 
HDR worldlights          0/8192            0/720896   ( 0.0%) 
leafwaterdata            1/32768          12/393216   ( 0.0%) 
waterstrips             30/32768         300/327680   ( 0.1%) 
waterverts               0/65536           0/786432   ( 0.0%) 
waterindices           423/65536         846/131072   ( 0.6%) 
cubemapsamples           2/1024           32/16384    ( 0.2%) 
overlays                 0/512             0/180224   ( 0.0%) 
LDR lightdata         [variable]    10440300/0        ( 0.0%) 
HDR lightdata         [variable]           0/0        ( 0.0%) 
visdata               [variable]        1831/16777216 ( 0.0%) 
entdata               [variable]       46811/393216   (11.9%) 
LDR ambient table      616/65536        2464/262144   ( 0.9%) 
HDR ambient table      616/65536        2464/262144   ( 0.9%) 
LDR leaf ambient       881/65536       24668/1835008  ( 1.3%) 
HDR leaf ambient       616/65536       17248/1835008  ( 0.9%) 
occluders                0/0               0/0        ( 0.0%) 
occluder polygons        0/0               0/0        ( 0.0%) 
occluder vert ind        0/0               0/0        ( 0.0%) 
detail props          [variable]           1/12       ( 8.3%) 
static props          [variable]           1/828      ( 0.1%) 
pakfile               [variable]      320826/0        ( 0.0%) 
physics               [variable]       60762/4194304  ( 1.4%) 
physics terrain       [variable]           2/1048576  ( 0.0%) 

Level flags = 0

Total triangle count: 2377
Writing c:\program files (x86)\steam\steamapps\common\sourcesdk_content\hl2mp\mapsrc\test.bsp
3 seconds elapsed



materialPath: C:\Program Files (x86)\Steam\steamapps\common\Half-Life 2 Deathmatch\hl2mp\materials
Loading c:\program files (x86)\steam\steamapps\common\sourcesdk_content\hl2mp\mapsrc\test.vmf
ConVarRef mat_reduceparticles doesn't point to an existing ConVar
Could not locate 'GameData' key in c:\program files (x86)\steam\steamapps\common\half-life 2 deathmatch\hl2mp\gameinfo.txt
Patching WVT material: maps/test/dev/dev_blendmeasure_wvt_patch
fixing up env_cubemap materials on brush sides...
0...1...2...3...4...5...6...7...8...9...100...1...2...3...4...5...6...7...8...9...10Processing areas...done (0)
Building Faces...done (0)
Chop Details...done (0)
Find Visible Detail Sides...done (0)
Merging details...done (0)
FixTjuncs...
PruneNodes...
WriteBSP...
done (0)
writing c:\program files (x86)\steam\steamapps\common\sourcesdk_content\hl2mp\mapsrc\test.prt...Building visibility clusters...
done (0)
Creating default LDR cubemaps for env_cubemap using skybox materials:
   skybox/sky_day01_01*.vmt
 ! Run buildcubemaps in the engine to get the correct cube maps.
Creating default HDR cubemaps for env_cubemap using skybox materials:
   skybox/sky_day01_01*.vmt
 ! Run buildcubemaps in the engine to get the correct cube maps.
Finding displacement neighbors...
Finding lightmap sample positions...
Displacement Alpha : 0...1...2...3...4...5...6...7...8...9...10
Building Physics collision data...
done (0) (60762 bytes)
Placing detail props : 0...1...2...3...4...5...6...7...8...9...10
Compacting texture/material tables...
Reduced 395 texinfos to 160
Reduced 36 texdatas to 27 (1182 bytes to 911)
Writing c:\program files (x86)\steam\steamapps\common\sourcesdk_content\hl2mp\mapsrc\test.bsp
Wrote ZIP buffer, estimated size 323184, actual size 320826
0 seconds elapsed



12 threads
reading c:\program files (x86)\steam\steamapps\common\sourcesdk_content\hl2mp\mapsrc\test.bsp
reading c:\program files (x86)\steam\steamapps\common\sourcesdk_content\hl2mp\mapsrc\test.prt
  70 portalclusters
 203 numportals
0...1...2...3...4...5...6...7...8...9...10Optimized: 87 visible clusters (1.87%)
Total clusters visible: 4663
Average clusters visible: 66
Building PAS...
Average clusters audible: 70
visdatasize:1831  compressed from 2240
writing c:\program files (x86)\steam\steamapps\common\sourcesdk_content\hl2mp\mapsrc\test.bsp
0 seconds elapsed



[Reading texlights from 'lights.rad']
[45 texlights parsed from 'lights.rad']

Loading c:\program files (x86)\steam\steamapps\common\sourcesdk_content\hl2mp\mapsrc\test.bsp
945 faces
37413 square feet [5387582.00 square inches]
0 Displacements
0 Square Feet [0.00 Square Inches]
945 patches before subdivision
52539 patches after subdivision
7 direct lights
0...1...2...3...4...5...6...7...8...9...100...1...2...3...4...5...6...7...8...9...10transfers 5796702, max 601
transfer lists:  44.2 megs
0...1...2...3...4...5...6...7...8...9...10	Bounce #1 added RGB(26563, 25917, 22377)
0...1...2...3...4...5...6...7...8...9...10	Bounce #2 added RGB(10820, 9821, 7196)
Build Patch/Sample Hash Table(s).....Done<0.0134 sec>
0...1...2...3...4...5...6...7...8...9...10FinalLightFace Done
0 of 0 (0% of) surface lights went in leaf ambient cubes.
0...1...2...3...4...5...6...7...8...9...10Writing leaf ambient...done
Ready to Finish

Object names       Objects/Maxobjs  Memory / Maxmem  Fullness 
------------       ---------------  ---------------  -------- 
models                  42/1024         2016/49152    ( 4.1%) 
brushes                122/8192         1464/98304    ( 1.5%) 
brushsides             867/65536        6936/524288   ( 1.3%) 
planes                1076/65536       21520/1310720  ( 1.6%) 
vertexes              1411/65536       16932/786432   ( 2.2%) 
nodes                  573/65536       18336/2097152  ( 0.9%) 
texinfos               160/12288       11520/884736   ( 1.3%) 
texdata                 27/2048          864/65536    ( 1.3%) 
dispinfos                0/0               0/0        ( 0.0%) 
disp_verts               0/0               0/0        ( 0.0%) 
disp_tris                0/0               0/0        ( 0.0%) 
disp_lmsamples           0/0               0/0        ( 0.0%) 
faces                  945/65536       52920/3670016  ( 1.4%) 
hdr faces                0/65536           0/3670016  ( 0.0%) 
origfaces              451/65536       25256/3670016  ( 0.7%) 
leaves                 616/65536       19712/2097152  ( 0.9%) 
leaffaces             2067/65536        4134/131072   ( 3.2%) 
leafbrushes            154/65536         308/131072   ( 0.2%) 
areas                    2/256            16/2048     ( 0.8%) 
surfedges             6119/512000      24476/2048000  ( 1.2%) 
edges                 3253/256000      13012/1024000  ( 1.3%) 
LDR worldlights          7/8192          616/720896   ( 0.1%) 
HDR worldlights          0/8192            0/720896   ( 0.0%) 
leafwaterdata            1/32768          12/393216   ( 0.0%) 
waterstrips             30/32768         300/327680   ( 0.1%) 
waterverts               0/65536           0/786432   ( 0.0%) 
waterindices           423/65536         846/131072   ( 0.6%) 
cubemapsamples           2/1024           32/16384    ( 0.2%) 
overlays                 0/512             0/180224   ( 0.0%) 
LDR lightdata         [variable]    10440300/0        ( 0.0%) 
HDR lightdata         [variable]           0/0        ( 0.0%) 
visdata               [variable]        1831/16777216 ( 0.0%) 
entdata               [variable]       46748/393216   (11.9%) 
LDR ambient table      616/65536        2464/262144   ( 0.9%) 
HDR ambient table      616/65536        2464/262144   ( 0.9%) 
LDR leaf ambient       881/65536       24668/1835008  ( 1.3%) 
HDR leaf ambient       616/65536       17248/1835008  ( 0.9%) 
occluders                0/0               0/0        ( 0.0%) 
occluder polygons        0/0               0/0        ( 0.0%) 
occluder vert ind        0/0               0/0        ( 0.0%) 
detail props          [variable]           1/12       ( 8.3%) 
static props          [variable]           1/828      ( 0.1%) 
pakfile               [variable]      320826/0        ( 0.0%) 
physics               [variable]       60762/4194304  ( 1.4%) 
physics terrain       [variable]           2/1048576  ( 0.0%) 

Level flags = 0

Total triangle count: 2377
Writing c:\program files (x86)\steam\steamapps\common\sourcesdk_content\hl2mp\mapsrc\test.bsp
3 seconds elapsed



materialPath: C:\Program Files (x86)\Steam\steamapps\common\Half-Life 2 Deathmatch\hl2mp\materials
Loading c:\program files (x86)\steam\steamapps\common\sourcesdk_content\hl2mp\mapsrc\test.vmf
ConVarRef mat_reduceparticles doesn't point to an existing ConVar
Could not locate 'GameData' key in c:\program files (x86)\steam\steamapps\common\half-life 2 deathmatch\hl2mp\gameinfo.txt
Patching WVT material: maps/test/dev/dev_blendmeasure_wvt_patch
fixing up env_cubemap materials on brush sides...
0...1...2...3...4...5...6...7...8...9...100...1...2...3...4...5...6...7...8...9...10Processing areas...done (0)
Building Faces...done (0)
Chop Details...done (0)
Find Visible Detail Sides...done (0)
Merging details...done (0)
FixTjuncs...
PruneNodes...
WriteBSP...
done (0)
writing c:\program files (x86)\steam\steamapps\common\sourcesdk_content\hl2mp\mapsrc\test.prt...Building visibility clusters...
done (0)
Creating default LDR cubemaps for env_cubemap using skybox materials:
   skybox/sky_day01_01*.vmt
 ! Run buildcubemaps in the engine to get the correct cube maps.
Creating default HDR cubemaps for env_cubemap using skybox materials:
   skybox/sky_day01_01*.vmt
 ! Run buildcubemaps in the engine to get the correct cube maps.
Finding displacement neighbors...
Finding lightmap sample positions...
Displacement Alpha : 0...1...2...3...4...5...6...7...8...9...10
Building Physics collision data...
done (0) (63924 bytes)
Placing detail props : 0...1...2...3...4...5...6...7...8...9...10
Compacting texture/material tables...
Reduced 425 texinfos to 175
Reduced 36 texdatas to 27 (1182 bytes to 911)
Writing c:\program files (x86)\steam\steamapps\common\sourcesdk_content\hl2mp\mapsrc\test.bsp
Wrote ZIP buffer, estimated size 323184, actual size 320826
0 seconds elapsed



12 threads
reading c:\program files (x86)\steam\steamapps\common\sourcesdk_content\hl2mp\mapsrc\test.bsp
reading c:\program files (x86)\steam\steamapps\common\sourcesdk_content\hl2mp\mapsrc\test.prt
  70 portalclusters
 203 numportals
0...1...2...3...4...5...6...7...8...9...10Optimized: 87 visible clusters (1.87%)
Total clusters visible: 4663
Average clusters visible: 66
Building PAS...
Average clusters audible: 70
visdatasize:1831  compressed from 2240
writing c:\program files (x86)\steam\steamapps\common\sourcesdk_content\hl2mp\mapsrc\test.bsp
0 seconds elapsed



[Reading texlights from 'lights.rad']
[45 texlights parsed from 'lights.rad']

Loading c:\program files (x86)\steam\steamapps\common\sourcesdk_content\hl2mp\mapsrc\test.bsp
981 faces
37425 square feet [5389314.00 square inches]
0 Displacements
0 Square Feet [0.00 Square Inches]
981 patches before subdivision
52575 patches after subdivision
7 direct lights
0...1...2...3...4...5...6...7...8...9...100...1...2...3...4...5...6...7...8...9...10transfers 5808232, max 601
transfer lists:  44.3 megs
0...1...2...3...4...5...6...7...8...9...10	Bounce #1 added RGB(26664, 26013, 22454)
0...1...2...3...4...5...6...7...8...9...10	Bounce #2 added RGB(10834, 9834, 7206)
Build Patch/Sample Hash Table(s).....Done<0.0135 sec>
0...1...2...3...4...5...6...7...8...9...10FinalLightFace Done
0 of 0 (0% of) surface lights went in leaf ambient cubes.
0...1...2...3...4...5...6...7...8...9...10Writing leaf ambient...done
Ready to Finish

Object names       Objects/Maxobjs  Memory / Maxmem  Fullness 
------------       ---------------  ---------------  -------- 
models                  43/1024         2064/49152    ( 4.2%) 
brushes                128/8192         1536/98304    ( 1.6%) 
brushsides             905/65536        7240/524288   ( 1.4%) 
planes                1084/65536       21680/1310720  ( 1.7%) 
vertexes              1457/65536       17484/786432   ( 2.2%) 
nodes                  600/65536       19200/2097152  ( 0.9%) 
texinfos               175/12288       12600/884736   ( 1.4%) 
texdata                 27/2048          864/65536    ( 1.3%) 
dispinfos                0/0               0/0        ( 0.0%) 
disp_verts               0/0               0/0        ( 0.0%) 
disp_tris                0/0               0/0        ( 0.0%) 
disp_lmsamples           0/0               0/0        ( 0.0%) 
faces                  981/65536       54936/3670016  ( 1.5%) 
hdr faces                0/65536           0/3670016  ( 0.0%) 
origfaces              487/65536       27272/3670016  ( 0.7%) 
leaves                 644/65536       20608/2097152  ( 1.0%) 
leaffaces             2110/65536        4220/131072   ( 3.2%) 
leafbrushes            160/65536         320/131072   ( 0.2%) 
areas                    2/256            16/2048     ( 0.8%) 
surfedges             6407/512000      25628/2048000  ( 1.3%) 
edges                 3397/256000      13588/1024000  ( 1.3%) 
LDR worldlights          7/8192          616/720896   ( 0.1%) 
HDR worldlights          0/8192            0/720896   ( 0.0%) 
leafwaterdata            1/32768          12/393216   ( 0.0%) 
waterstrips             30/32768         300/327680   ( 0.1%) 
waterverts               0/65536           0/786432   ( 0.0%) 
waterindices           423/65536         846/131072   ( 0.6%) 
cubemapsamples           2/1024           32/16384    ( 0.2%) 
overlays                 0/512             0/180224   ( 0.0%) 
LDR lightdata         [variable]    10441776/0        ( 0.0%) 
HDR lightdata         [variable]           0/0        ( 0.0%) 
visdata               [variable]        1831/16777216 ( 0.0%) 
entdata               [variable]       47281/393216   (12.0%) 
LDR ambient table      644/65536        2576/262144   ( 1.0%) 
HDR ambient table      644/65536        2576/262144   ( 1.0%) 
LDR leaf ambient       917/65536       25676/1835008  ( 1.4%) 
HDR leaf ambient       644/65536       18032/1835008  ( 1.0%) 
occluders                0/0               0/0        ( 0.0%) 
occluder polygons        0/0               0/0        ( 0.0%) 
occluder vert ind        0/0               0/0        ( 0.0%) 
detail props          [variable]           1/12       ( 8.3%) 
static props          [variable]           1/828      ( 0.1%) 
pakfile               [variable]      320826/0        ( 0.0%) 
physics               [variable]       63924/4194304  ( 1.5%) 
physics terrain       [variable]           2/1048576  ( 0.0%) 

Level flags = 0

Total triangle count: 2449
Writing c:\program files (x86)\steam\steamapps\common\sourcesdk_content\hl2mp\mapsrc\test.bsp
3 seconds elapsed



materialPath: C:\Program Files (x86)\Steam\steamapps\common\Half-Life 2 Deathmatch\hl2mp\materials
Loading c:\program files (x86)\steam\steamapps\common\sourcesdk_content\hl2mp\mapsrc\test.vmf
ConVarRef mat_reduceparticles doesn't point to an existing ConVar
Could not locate 'GameData' key in c:\program files (x86)\steam\steamapps\common\half-life 2 deathmatch\hl2mp\gameinfo.txt
Patching WVT material: maps/test/dev/dev_blendmeasure_wvt_patch
fixing up env_cubemap materials on brush sides...
0...1...2...3...4...5...6...7...8...9...100...1...2...3...4...5...6...7...8...9...10Processing areas...done (0)
Building Faces...done (0)
Chop Details...done (0)
Find Visible Detail Sides...done (0)
Merging details...done (0)
FixTjuncs...
PruneNodes...
WriteBSP...
done (0)
writing c:\program files (x86)\steam\steamapps\common\sourcesdk_content\hl2mp\mapsrc\test.prt...Building visibility clusters...
done (0)
Creating default LDR cubemaps for env_cubemap using skybox materials:
   skybox/sky_day01_01*.vmt
 ! Run buildcubemaps in the engine to get the correct cube maps.
Creating default HDR cubemaps for env_cubemap using skybox materials:
   skybox/sky_day01_01*.vmt
 ! Run buildcubemaps in the engine to get the correct cube maps.
Finding displacement neighbors...
Finding lightmap sample positions...
Displacement Alpha : 0...1...2...3...4...5...6...7...8...9...10
Building Physics collision data...
done (0) (63924 bytes)
Placing detail props : 0...1...2...3...4...5...6...7...8...9...10
Compacting texture/material tables...
Reduced 425 texinfos to 175
Reduced 36 texdatas to 27 (1182 bytes to 911)
Writing c:\program files (x86)\steam\steamapps\common\sourcesdk_content\hl2mp\mapsrc\test.bsp
Wrote ZIP buffer, estimated size 323184, actual size 320826
0 seconds elapsed



12 threads
reading c:\program files (x86)\steam\steamapps\common\sourcesdk_content\hl2mp\mapsrc\test.bsp
reading c:\program files (x86)\steam\steamapps\common\sourcesdk_content\hl2mp\mapsrc\test.prt
  70 portalclusters
 203 numportals
0...1...2...3...4...5...6...7...8...9...10Optimized: 87 visible clusters (1.87%)
Total clusters visible: 4663
Average clusters visible: 66
Building PAS...
Average clusters audible: 70
visdatasize:1831  compressed from 2240
writing c:\program files (x86)\steam\steamapps\common\sourcesdk_content\hl2mp\mapsrc\test.bsp
0 seconds elapsed



[Reading texlights from 'lights.rad']
[45 texlights parsed from 'lights.rad']

Loading c:\program files (x86)\steam\steamapps\common\sourcesdk_content\hl2mp\mapsrc\test.bsp
981 faces
37425 square feet [5389314.00 square inches]
0 Displacements
0 Square Feet [0.00 Square Inches]
981 patches before subdivision
52575 patches after subdivision
7 direct lights
0...1...2...3...4...5...6...7...8...9...100...1...2...3...4...5...6...7...8...9...10transfers 5808232, max 601
transfer lists:  44.3 megs
0...1...2...3...4...5...6...7...8...9...10	Bounce #1 added RGB(26664, 26013, 22454)
0...1...2...3...4...5...6...7...8...9...10	Bounce #2 added RGB(10834, 9834, 7206)
Build Patch/Sample Hash Table(s).....Done<0.0135 sec>
0...1...2...3...4...5...6...7...8...9...10FinalLightFace Done
0 of 0 (0% of) surface lights went in leaf ambient cubes.
0...1...2...3...4...5...6...7...8...9...10Writing leaf ambient...done
Ready to Finish

Object names       Objects/Maxobjs  Memory / Maxmem  Fullness 
------------       ---------------  ---------------  -------- 
models                  43/1024         2064/49152    ( 4.2%) 
brushes                128/8192         1536/98304    ( 1.6%) 
brushsides             905/65536        7240/524288   ( 1.4%) 
planes                1084/65536       21680/1310720  ( 1.7%) 
vertexes              1457/65536       17484/786432   ( 2.2%) 
nodes                  600/65536       19200/2097152  ( 0.9%) 
texinfos               175/12288       12600/884736   ( 1.4%) 
texdata                 27/2048          864/65536    ( 1.3%) 
dispinfos                0/0               0/0        ( 0.0%) 
disp_verts               0/0               0/0        ( 0.0%) 
disp_tris                0/0               0/0        ( 0.0%) 
disp_lmsamples           0/0               0/0        ( 0.0%) 
faces                  981/65536       54936/3670016  ( 1.5%) 
hdr faces                0/65536           0/3670016  ( 0.0%) 
origfaces              487/65536       27272/3670016  ( 0.7%) 
leaves                 644/65536       20608/2097152  ( 1.0%) 
leaffaces             2110/65536        4220/131072   ( 3.2%) 
leafbrushes            160/65536         320/131072   ( 0.2%) 
areas                    2/256            16/2048     ( 0.8%) 
surfedges             6407/512000      25628/2048000  ( 1.3%) 
edges                 3397/256000      13588/1024000  ( 1.3%) 
LDR worldlights          7/8192          616/720896   ( 0.1%) 
HDR worldlights          0/8192            0/720896   ( 0.0%) 
leafwaterdata            1/32768          12/393216   ( 0.0%) 
waterstrips             30/32768         300/327680   ( 0.1%) 
waterverts               0/65536           0/786432   ( 0.0%) 
waterindices           423/65536         846/131072   ( 0.6%) 
cubemapsamples           2/1024           32/16384    ( 0.2%) 
overlays                 0/512             0/180224   ( 0.0%) 
LDR lightdata         [variable]    10441776/0        ( 0.0%) 
HDR lightdata         [variable]           0/0        ( 0.0%) 
visdata               [variable]        1831/16777216 ( 0.0%) 
entdata               [variable]       47274/393216   (12.0%) 
LDR ambient table      644/65536        2576/262144   ( 1.0%) 
HDR ambient table      644/65536        2576/262144   ( 1.0%) 
LDR leaf ambient       917/65536       25676/1835008  ( 1.4%) 
HDR leaf ambient       644/65536       18032/1835008  ( 1.0%) 
occluders                0/0               0/0        ( 0.0%) 
occluder polygons        0/0               0/0        ( 0.0%) 
occluder vert ind        0/0               0/0        ( 0.0%) 
detail props          [variable]           1/12       ( 8.3%) 
static props          [variable]           1/828      ( 0.1%) 
pakfile               [variable]      320826/0        ( 0.0%) 
physics               [variable]       63924/4194304  ( 1.5%) 
physics terrain       [variable]           2/1048576  ( 0.0%) 

Level flags = 0

Total triangle count: 2449
Writing c:\program files (x86)\steam\steamapps\common\sourcesdk_content\hl2mp\mapsrc\test.bsp
3 seconds elapsed



materialPath: C:\Program Files (x86)\Steam\steamapps\common\Half-Life 2 Deathmatch\hl2mp\materials
Loading c:\program files (x86)\steam\steamapps\common\sourcesdk_content\hl2mp\mapsrc\test.vmf
ConVarRef mat_reduceparticles doesn't point to an existing ConVar
Could not locate 'GameData' key in c:\program files (x86)\steam\steamapps\common\half-life 2 deathmatch\hl2mp\gameinfo.txt
Patching WVT material: maps/test/dev/dev_blendmeasure_wvt_patch
fixing up env_cubemap materials on brush sides...
0...1...2...3...4...5...6...7...8...9...100...1...2...3...4...5...6...7...8...9...10Processing areas...done (0)
Building Faces...done (0)
Chop Details...done (0)
Find Visible Detail Sides...done (0)
Merging details...done (0)
FixTjuncs...
PruneNodes...
WriteBSP...
done (0)
writing c:\program files (x86)\steam\steamapps\common\sourcesdk_content\hl2mp\mapsrc\test.prt...Building visibility clusters...
done (0)
Creating default LDR cubemaps for env_cubemap using skybox materials:
   skybox/sky_day01_01*.vmt
 ! Run buildcubemaps in the engine to get the correct cube maps.
Creating default HDR cubemaps for env_cubemap using skybox materials:
   skybox/sky_day01_01*.vmt
 ! Run buildcubemaps in the engine to get the correct cube maps.
Finding displacement neighbors...
Finding lightmap sample positions...
Displacement Alpha : 0...1...2...3...4...5...6...7...8...9...10
Building Physics collision data...
done (0) (63924 bytes)
Placing detail props : 0...1...2...3...4...5...6...7...8...9...10
Compacting texture/material tables...
Reduced 425 texinfos to 175
Reduced 36 texdatas to 27 (1182 bytes to 911)
Writing c:\program files (x86)\steam\steamapps\common\sourcesdk_content\hl2mp\mapsrc\test.bsp
Wrote ZIP buffer, estimated size 323184, actual size 320826
0 seconds elapsed



12 threads
reading c:\program files (x86)\steam\steamapps\common\sourcesdk_content\hl2mp\mapsrc\test.bsp
reading c:\program files (x86)\steam\steamapps\common\sourcesdk_content\hl2mp\mapsrc\test.prt
  70 portalclusters
 203 numportals
0...1...2...3...4...5...6...7...8...9...10Optimized: 87 visible clusters (1.87%)
Total clusters visible: 4663
Average clusters visible: 66
Building PAS...
Average clusters audible: 70
visdatasize:1831  compressed from 2240
writing c:\program files (x86)\steam\steamapps\common\sourcesdk_content\hl2mp\mapsrc\test.bsp
0 seconds elapsed



[Reading texlights from 'lights.rad']
[45 texlights parsed from 'lights.rad']

Loading c:\program files (x86)\steam\steamapps\common\sourcesdk_content\hl2mp\mapsrc\test.bsp
981 faces
37425 square feet [5389314.00 square inches]
0 Displacements
0 Square Feet [0.00 Square Inches]
981 patches before subdivision
52575 patches after subdivision
7 direct lights
0...1...2...3...4...5...6...7...8...9...100...1...2...3...4...5...6...7...8...9...10transfers 5808232, max 601
transfer lists:  44.3 megs
0...1...2...3...4...5...6...7...8...9...10	Bounce #1 added RGB(26664, 26013, 22454)
0...1...2...3...4...5...6...7...8...9...10	Bounce #2 added RGB(10834, 9834, 7206)
Build Patch/Sample Hash Table(s).....Done<0.0110 sec>
0...1...2...3...4...5...6...7...8...9...10FinalLightFace Done
0 of 0 (0% of) surface lights went in leaf ambient cubes.
0...1...2...3...4...5...6...7...8...9...10Writing leaf ambient...done
Ready to Finish

Object names       Objects/Maxobjs  Memory / Maxmem  Fullness 
------------       ---------------  ---------------  -------- 
models                  43/1024         2064/49152    ( 4.2%) 
brushes                128/8192         1536/98304    ( 1.6%) 
brushsides             905/65536        7240/524288   ( 1.4%) 
planes                1084/65536       21680/1310720  ( 1.7%) 
vertexes              1457/65536       17484/786432   ( 2.2%) 
nodes                  600/65536       19200/2097152  ( 0.9%) 
texinfos               175/12288       12600/884736   ( 1.4%) 
texdata                 27/2048          864/65536    ( 1.3%) 
dispinfos                0/0               0/0        ( 0.0%) 
disp_verts               0/0               0/0        ( 0.0%) 
disp_tris                0/0               0/0        ( 0.0%) 
disp_lmsamples           0/0               0/0        ( 0.0%) 
faces                  981/65536       54936/3670016  ( 1.5%) 
hdr faces                0/65536           0/3670016  ( 0.0%) 
origfaces              487/65536       27272/3670016  ( 0.7%) 
leaves                 644/65536       20608/2097152  ( 1.0%) 
leaffaces             2110/65536        4220/131072   ( 3.2%) 
leafbrushes            160/65536         320/131072   ( 0.2%) 
areas                    2/256            16/2048     ( 0.8%) 
surfedges             6407/512000      25628/2048000  ( 1.3%) 
edges                 3397/256000      13588/1024000  ( 1.3%) 
LDR worldlights          7/8192          616/720896   ( 0.1%) 
HDR worldlights          0/8192            0/720896   ( 0.0%) 
leafwaterdata            1/32768          12/393216   ( 0.0%) 
waterstrips             30/32768         300/327680   ( 0.1%) 
waterverts               0/65536           0/786432   ( 0.0%) 
waterindices           423/65536         846/131072   ( 0.6%) 
cubemapsamples           2/1024           32/16384    ( 0.2%) 
overlays                 0/512             0/180224   ( 0.0%) 
LDR lightdata         [variable]    10441776/0        ( 0.0%) 
HDR lightdata         [variable]           0/0        ( 0.0%) 
visdata               [variable]        1831/16777216 ( 0.0%) 
entdata               [variable]       47228/393216   (12.0%) 
LDR ambient table      644/65536        2576/262144   ( 1.0%) 
HDR ambient table      644/65536        2576/262144   ( 1.0%) 
LDR leaf ambient       917/65536       25676/1835008  ( 1.4%) 
HDR leaf ambient       644/65536       18032/1835008  ( 1.0%) 
occluders                0/0               0/0        ( 0.0%) 
occluder polygons        0/0               0/0        ( 0.0%) 
occluder vert ind        0/0               0/0        ( 0.0%) 
detail props          [variable]           1/12       ( 8.3%) 
static props          [variable]           1/828      ( 0.1%) 
pakfile               [variable]      320826/0        ( 0.0%) 
physics               [variable]       63924/4194304  ( 1.5%) 
physics terrain       [variable]           2/1048576  ( 0.0%) 

Level flags = 0

Total triangle count: 2449
Writing c:\program files (x86)\steam\steamapps\common\sourcesdk_content\hl2mp\mapsrc\test.bsp
3 seconds elapsed



materialPath: C:\Program Files (x86)\Steam\steamapps\common\Half-Life 2 Deathmatch\hl2mp\materials
Loading c:\program files (x86)\steam\steamapps\common\sourcesdk_content\hl2mp\mapsrc\test.vmf
ConVarRef mat_reduceparticles doesn't point to an existing ConVar
Could not locate 'GameData' key in c:\program files (x86)\steam\steamapps\common\half-life 2 deathmatch\hl2mp\gameinfo.txt
Patching WVT material: maps/test/dev/dev_blendmeasure_wvt_patch
fixing up env_cubemap materials on brush sides...
0...1...2...3...4...5...6...7...8...9...100...1...2...3...4...5...6...7...8...9...10Processing areas...done (0)
Building Faces...done (0)
Chop Details...done (0)
Find Visible Detail Sides...done (0)
Merging details...done (0)
FixTjuncs...
PruneNodes...
WriteBSP...
done (0)
writing c:\program files (x86)\steam\steamapps\common\sourcesdk_content\hl2mp\mapsrc\test.prt...Building visibility clusters...
done (0)
Creating default LDR cubemaps for env_cubemap using skybox materials:
   skybox/sky_day01_01*.vmt
 ! Run buildcubemaps in the engine to get the correct cube maps.
Creating default HDR cubemaps for env_cubemap using skybox materials:
   skybox/sky_day01_01*.vmt
 ! Run buildcubemaps in the engine to get the correct cube maps.
Finding displacement neighbors...
Finding lightmap sample positions...
Displacement Alpha : 0...1...2...3...4...5...6...7...8...9...10
Building Physics collision data...
done (0) (60761 bytes)
Placing detail props : 0...1...2...3...4...5...6...7...8...9...10
Compacting texture/material tables...
Reduced 395 texinfos to 160
Reduced 36 texdatas to 27 (1182 bytes to 911)
Writing c:\program files (x86)\steam\steamapps\common\sourcesdk_content\hl2mp\mapsrc\test.bsp
Wrote ZIP buffer, estimated size 323184, actual size 320826
0 seconds elapsed



12 threads
reading c:\program files (x86)\steam\steamapps\common\sourcesdk_content\hl2mp\mapsrc\test.bsp
reading c:\program files (x86)\steam\steamapps\common\sourcesdk_content\hl2mp\mapsrc\test.prt
  70 portalclusters
 203 numportals
0...1...2...3...4...5...6...7...8...9...10Optimized: 87 visible clusters (1.87%)
Total clusters visible: 4663
Average clusters visible: 66
Building PAS...
Average clusters audible: 70
visdatasize:1831  compressed from 2240
writing c:\program files (x86)\steam\steamapps\common\sourcesdk_content\hl2mp\mapsrc\test.bsp
0 seconds elapsed



[Reading texlights from 'lights.rad']
[45 texlights parsed from 'lights.rad']

Loading c:\program files (x86)\steam\steamapps\common\sourcesdk_content\hl2mp\mapsrc\test.bsp
945 faces
37413 square feet [5387582.00 square inches]
0 Displacements
0 Square Feet [0.00 Square Inches]
945 patches before subdivision
52539 patches after subdivision
7 direct lights
0...1...2...3...4...5...6...7...8...9...100...1...2...3...4...5...6...7...8...9...10transfers 5796702, max 601
transfer lists:  44.2 megs
0...1...2...3...4...5...6...7...8...9...10	Bounce #1 added RGB(26563, 25917, 22377)
0...1...2...3...4...5...6...7...8...9...10	Bounce #2 added RGB(10820, 9821, 7196)
Build Patch/Sample Hash Table(s).....Done<0.0134 sec>
0...1...2...3...4...5...6...7...8...9...10FinalLightFace Done
0 of 0 (0% of) surface lights went in leaf ambient cubes.
0...1...2...3...4...5...6...7...8...9...10Writing leaf ambient...done
Ready to Finish

Object names       Objects/Maxobjs  Memory / Maxmem  Fullness 
------------       ---------------  ---------------  -------- 
models                  42/1024         2016/49152    ( 4.1%) 
brushes                122/8192         1464/98304    ( 1.5%) 
brushsides             867/65536        6936/524288   ( 1.3%) 
planes                1066/65536       21320/1310720  ( 1.6%) 
vertexes              1411/65536       16932/786432   ( 2.2%) 
nodes                  573/65536       18336/2097152  ( 0.9%) 
texinfos               160/12288       11520/884736   ( 1.3%) 
texdata                 27/2048          864/65536    ( 1.3%) 
dispinfos                0/0               0/0        ( 0.0%) 
disp_verts               0/0               0/0        ( 0.0%) 
disp_tris                0/0               0/0        ( 0.0%) 
disp_lmsamples           0/0               0/0        ( 0.0%) 
faces                  945/65536       52920/3670016  ( 1.4%) 
hdr faces                0/65536           0/3670016  ( 0.0%) 
origfaces              451/65536       25256/3670016  ( 0.7%) 
leaves                 616/65536       19712/2097152  ( 0.9%) 
leaffaces             2067/65536        4134/131072   ( 3.2%) 
leafbrushes            154/65536         308/131072   ( 0.2%) 
areas                    2/256            16/2048     ( 0.8%) 
surfedges             6119/512000      24476/2048000  ( 1.2%) 
edges                 3253/256000      13012/1024000  ( 1.3%) 
LDR worldlights          7/8192          616/720896   ( 0.1%) 
HDR worldlights          0/8192            0/720896   ( 0.0%) 
leafwaterdata            1/32768          12/393216   ( 0.0%) 
waterstrips             30/32768         300/327680   ( 0.1%) 
waterverts               0/65536           0/786432   ( 0.0%) 
waterindices           423/65536         846/131072   ( 0.6%) 
cubemapsamples           2/1024           32/16384    ( 0.2%) 
overlays                 0/512             0/180224   ( 0.0%) 
LDR lightdata         [variable]    10440300/0        ( 0.0%) 
HDR lightdata         [variable]           0/0        ( 0.0%) 
visdata               [variable]        1831/16777216 ( 0.0%) 
entdata               [variable]       46187/393216   (11.7%) 
LDR ambient table      616/65536        2464/262144   ( 0.9%) 
HDR ambient table      616/65536        2464/262144   ( 0.9%) 
LDR leaf ambient       880/65536       24640/1835008  ( 1.3%) 
HDR leaf ambient       616/65536       17248/1835008  ( 0.9%) 
occluders                0/0               0/0        ( 0.0%) 
occluder polygons        0/0               0/0        ( 0.0%) 
occluder vert ind        0/0               0/0        ( 0.0%) 
detail props          [variable]           1/12       ( 8.3%) 
static props          [variable]           1/828      ( 0.1%) 
pakfile               [variable]      320826/0        ( 0.0%) 
physics               [variable]       60761/4194304  ( 1.4%) 
physics terrain       [variable]           2/1048576  ( 0.0%) 

Level flags = 0

Total triangle count: 2377
Writing c:\program files (x86)\steam\steamapps\common\sourcesdk_content\hl2mp\mapsrc\test.bsp
3 seconds elapsed



materialPath: C:\Program Files (x86)\Steam\steamapps\common\Half-Life 2 Deathmatch\hl2mp\materials
Loading c:\program files (x86)\steam\steamapps\common\sourcesdk_content\hl2mp\mapsrc\test.vmf
ConVarRef mat_reduceparticles doesn't point to an existing ConVar
Could not locate 'GameData' key in c:\program files (x86)\steam\steamapps\common\half-life 2 deathmatch\hl2mp\gameinfo.txt
Patching WVT material: maps/test/dev/dev_blendmeasure_wvt_patch
fixing up env_cubemap materials on brush sides...
0...1...2...3...4...5...6...7...8...9...100...1...2...3...4...5...6...7...8...9...10Processing areas...done (0)
Building Faces...done (0)
Chop Details...done (0)
Find Visible Detail Sides...done (0)
Merging details...done (0)
FixTjuncs...
PruneNodes...
WriteBSP...
done (0)
writing c:\program files (x86)\steam\steamapps\common\sourcesdk_content\hl2mp\mapsrc\test.prt...Building visibility clusters...
done (0)
Creating default LDR cubemaps for env_cubemap using skybox materials:
   skybox/sky_day01_01*.vmt
 ! Run buildcubemaps in the engine to get the correct cube maps.
Creating default HDR cubemaps for env_cubemap using skybox materials:
   skybox/sky_day01_01*.vmt
 ! Run buildcubemaps in the engine to get the correct cube maps.
Finding displacement neighbors...
Finding lightmap sample positions...
Displacement Alpha : 0...1...2...3...4...5...6...7...8...9...10
Building Physics collision data...
done (0) (60761 bytes)
Placing detail props : 0...1...2...3...4...5...6...7...8...9...10
Compacting texture/material tables...
Reduced 395 texinfos to 160
Reduced 36 texdatas to 27 (1182 bytes to 911)
Writing c:\program files (x86)\steam\steamapps\common\sourcesdk_content\hl2mp\mapsrc\test.bsp
Wrote ZIP buffer, estimated size 323184, actual size 320826
0 seconds elapsed



12 threads
reading c:\program files (x86)\steam\steamapps\common\sourcesdk_content\hl2mp\mapsrc\test.bsp
reading c:\program files (x86)\steam\steamapps\common\sourcesdk_content\hl2mp\mapsrc\test.prt
  70 portalclusters
 203 numportals
0...1...2...3...4...5...6...7...8...9...10Optimized: 87 visible clusters (1.87%)
Total clusters visible: 4663
Average clusters visible: 66
Building PAS...
Average clusters audible: 70
visdatasize:1831  compressed from 2240
writing c:\program files (x86)\steam\steamapps\common\sourcesdk_content\hl2mp\mapsrc\test.bsp
0 seconds elapsed



[Reading texlights from 'lights.rad']
[45 texlights parsed from 'lights.rad']

Loading c:\program files (x86)\steam\steamapps\common\sourcesdk_content\hl2mp\mapsrc\test.bsp
945 faces
37413 square feet [5387582.00 square inches]
0 Displacements
0 Square Feet [0.00 Square Inches]
945 patches before subdivision
52539 patches after subdivision
7 direct lights
0...1...2...3...4...5...6...7...8...9...100...1...2...3...4...5...6...7...8...9...10transfers 5796702, max 601
transfer lists:  44.2 megs
0...1...2...3...4...5...6...7...8...9...10	Bounce #1 added RGB(26563, 25917, 22377)
0...1...2...3...4...5...6...7...8...9...10	Bounce #2 added RGB(10820, 9821, 7196)
Build Patch/Sample Hash Table(s).....Done<0.0134 sec>
0...1...2...3...4...5...6...7...8...9...10FinalLightFace Done
0 of 0 (0% of) surface lights went in leaf ambient cubes.
0...1...2...3...4...5...6...7...8...9...10Writing leaf ambient...done
Ready to Finish

Object names       Objects/Maxobjs  Memory / Maxmem  Fullness 
------------       ---------------  ---------------  -------- 
models                  42/1024         2016/49152    ( 4.1%) 
brushes                122/8192         1464/98304    ( 1.5%) 
brushsides             867/65536        6936/524288   ( 1.3%) 
planes                1066/65536       21320/1310720  ( 1.6%) 
vertexes              1411/65536       16932/786432   ( 2.2%) 
nodes                  573/65536       18336/2097152  ( 0.9%) 
texinfos               160/12288       11520/884736   ( 1.3%) 
texdata                 27/2048          864/65536    ( 1.3%) 
dispinfos                0/0               0/0        ( 0.0%) 
disp_verts               0/0               0/0        ( 0.0%) 
disp_tris                0/0               0/0        ( 0.0%) 
disp_lmsamples           0/0               0/0        ( 0.0%) 
faces                  945/65536       52920/3670016  ( 1.4%) 
hdr faces                0/65536           0/3670016  ( 0.0%) 
origfaces              451/65536       25256/3670016  ( 0.7%) 
leaves                 616/65536       19712/2097152  ( 0.9%) 
leaffaces             2067/65536        4134/131072   ( 3.2%) 
leafbrushes            154/65536         308/131072   ( 0.2%) 
areas                    2/256            16/2048     ( 0.8%) 
surfedges             6119/512000      24476/2048000  ( 1.2%) 
edges                 3253/256000      13012/1024000  ( 1.3%) 
LDR worldlights          7/8192          616/720896   ( 0.1%) 
HDR worldlights          0/8192            0/720896   ( 0.0%) 
leafwaterdata            1/32768          12/393216   ( 0.0%) 
waterstrips             30/32768         300/327680   ( 0.1%) 
waterverts               0/65536           0/786432   ( 0.0%) 
waterindices           423/65536         846/131072   ( 0.6%) 
cubemapsamples           2/1024           32/16384    ( 0.2%) 
overlays                 0/512             0/180224   ( 0.0%) 
LDR lightdata         [variable]    10440300/0        ( 0.0%) 
HDR lightdata         [variable]           0/0        ( 0.0%) 
visdata               [variable]        1831/16777216 ( 0.0%) 
entdata               [variable]       46188/393216   (11.7%) 
LDR ambient table      616/65536        2464/262144   ( 0.9%) 
HDR ambient table      616/65536        2464/262144   ( 0.9%) 
LDR leaf ambient       880/65536       24640/1835008  ( 1.3%) 
HDR leaf ambient       616/65536       17248/1835008  ( 0.9%) 
occluders                0/0               0/0        ( 0.0%) 
occluder polygons        0/0               0/0        ( 0.0%) 
occluder vert ind        0/0               0/0        ( 0.0%) 
detail props          [variable]           1/12       ( 8.3%) 
static props          [variable]           1/828      ( 0.1%) 
pakfile               [variable]      320826/0        ( 0.0%) 
physics               [variable]       60761/4194304  ( 1.4%) 
physics terrain       [variable]           2/1048576  ( 0.0%) 

Level flags = 0

Total triangle count: 2377
Writing c:\program files (x86)\steam\steamapps\common\sourcesdk_content\hl2mp\mapsrc\test.bsp
3 seconds elapsed



materialPath: C:\Program Files (x86)\Steam\steamapps\common\Half-Life 2 Deathmatch\hl2mp\materials
Loading c:\program files (x86)\steam\steamapps\common\sourcesdk_content\hl2mp\mapsrc\test.vmf
ConVarRef mat_reduceparticles doesn't point to an existing ConVar
Could not locate 'GameData' key in c:\program files (x86)\steam\steamapps\common\half-life 2 deathmatch\hl2mp\gameinfo.txt
Patching WVT material: maps/test/dev/dev_blendmeasure_wvt_patch
fixing up env_cubemap materials on brush sides...
0...1...2...3...4...5...6...7...8...9...100...1...2...3...4...5...6...7...8...9...10Processing areas...done (0)
Building Faces...done (0)
Chop Details...done (0)
Find Visible Detail Sides...done (0)
Merging details...done (0)
FixTjuncs...
PruneNodes...
WriteBSP...
done (0)
writing c:\program files (x86)\steam\steamapps\common\sourcesdk_content\hl2mp\mapsrc\test.prt...Building visibility clusters...
done (0)
Creating default LDR cubemaps for env_cubemap using skybox materials:
   skybox/sky_day01_01*.vmt
 ! Run buildcubemaps in the engine to get the correct cube maps.
Creating default HDR cubemaps for env_cubemap using skybox materials:
   skybox/sky_day01_01*.vmt
 ! Run buildcubemaps in the engine to get the correct cube maps.
Finding displacement neighbors...
Finding lightmap sample positions...
Displacement Alpha : 0...1...2...3...4...5...6...7...8...9...10
Building Physics collision data...
done (0) (60762 bytes)
Placing detail props : 0...1...2...3...4...5...6...7...8...9...10
Compacting texture/material tables...
Reduced 395 texinfos to 160
Reduced 36 texdatas to 27 (1182 bytes to 911)
Writing c:\program files (x86)\steam\steamapps\common\sourcesdk_content\hl2mp\mapsrc\test.bsp
Wrote ZIP buffer, estimated size 323184, actual size 320826
0 seconds elapsed



12 threads
reading c:\program files (x86)\steam\steamapps\common\sourcesdk_content\hl2mp\mapsrc\test.bsp
reading c:\program files (x86)\steam\steamapps\common\sourcesdk_content\hl2mp\mapsrc\test.prt
  70 portalclusters
 203 numportals
0...1...2...3...4...5...6...7...8...9...10Optimized: 87 visible clusters (1.87%)
Total clusters visible: 4663
Average clusters visible: 66
Building PAS...
Average clusters audible: 70
visdatasize:1831  compressed from 2240
writing c:\program files (x86)\steam\steamapps\common\sourcesdk_content\hl2mp\mapsrc\test.bsp
0 seconds elapsed



[Reading texlights from 'lights.rad']
[45 texlights parsed from 'lights.rad']

Loading c:\program files (x86)\steam\steamapps\common\sourcesdk_content\hl2mp\mapsrc\test.bsp
945 faces
37413 square feet [5387582.00 square inches]
0 Displacements
0 Square Feet [0.00 Square Inches]
945 patches before subdivision
52539 patches after subdivision
7 direct lights
0...1...2...3...4...5...6...7...8...9...100...1...2...3...4...5...6...7...8...9...10transfers 5796702, max 601
transfer lists:  44.2 megs
0...1...2...3...4...5...6...7...8...9...10	Bounce #1 added RGB(26563, 25917, 22377)
0...1...2...3...4...5...6...7...8...9...10	Bounce #2 added RGB(10820, 9821, 7196)
Build Patch/Sample Hash Table(s).....Done<0.0134 sec>
0...1...2...3...4...5...6...7...8...9...10FinalLightFace Done
0 of 0 (0% of) surface lights went in leaf ambient cubes.
0...1...2...3...4...5...6...7...8...9...10Writing leaf ambient...done
Ready to Finish

Object names       Objects/Maxobjs  Memory / Maxmem  Fullness 
------------       ---------------  ---------------  -------- 
models                  42/1024         2016/49152    ( 4.1%) 
brushes                122/8192         1464/98304    ( 1.5%) 
brushsides             867/65536        6936/524288   ( 1.3%) 
planes                1066/65536       21320/1310720  ( 1.6%) 
vertexes              1411/65536       16932/786432   ( 2.2%) 
nodes                  573/65536       18336/2097152  ( 0.9%) 
texinfos               160/12288       11520/884736   ( 1.3%) 
texdata                 27/2048          864/65536    ( 1.3%) 
dispinfos                0/0               0/0        ( 0.0%) 
disp_verts               0/0               0/0        ( 0.0%) 
disp_tris                0/0               0/0        ( 0.0%) 
disp_lmsamples           0/0               0/0        ( 0.0%) 
faces                  945/65536       52920/3670016  ( 1.4%) 
hdr faces                0/65536           0/3670016  ( 0.0%) 
origfaces              451/65536       25256/3670016  ( 0.7%) 
leaves                 616/65536       19712/2097152  ( 0.9%) 
leaffaces             2067/65536        4134/131072   ( 3.2%) 
leafbrushes            154/65536         308/131072   ( 0.2%) 
areas                    2/256            16/2048     ( 0.8%) 
surfedges             6119/512000      24476/2048000  ( 1.2%) 
edges                 3253/256000      13012/1024000  ( 1.3%) 
LDR worldlights          7/8192          616/720896   ( 0.1%) 
HDR worldlights          0/8192            0/720896   ( 0.0%) 
leafwaterdata            1/32768          12/393216   ( 0.0%) 
waterstrips             30/32768         300/327680   ( 0.1%) 
waterverts               0/65536           0/786432   ( 0.0%) 
waterindices           423/65536         846/131072   ( 0.6%) 
cubemapsamples           2/1024           32/16384    ( 0.2%) 
overlays                 0/512             0/180224   ( 0.0%) 
LDR lightdata         [variable]    10440300/0        ( 0.0%) 
HDR lightdata         [variable]           0/0        ( 0.0%) 
visdata               [variable]        1831/16777216 ( 0.0%) 
entdata               [variable]       46152/393216   (11.7%) 
LDR ambient table      616/65536        2464/262144   ( 0.9%) 
HDR ambient table      616/65536        2464/262144   ( 0.9%) 
LDR leaf ambient       880/65536       24640/1835008  ( 1.3%) 
HDR leaf ambient       616/65536       17248/1835008  ( 0.9%) 
occluders                0/0               0/0        ( 0.0%) 
occluder polygons        0/0               0/0        ( 0.0%) 
occluder vert ind        0/0               0/0        ( 0.0%) 
detail props          [variable]           1/12       ( 8.3%) 
static props          [variable]           1/828      ( 0.1%) 
pakfile               [variable]      320826/0        ( 0.0%) 
physics               [variable]       60762/4194304  ( 1.4%) 
physics terrain       [variable]           2/1048576  ( 0.0%) 

Level flags = 0

Total triangle count: 2377
Writing c:\program files (x86)\steam\steamapps\common\sourcesdk_content\hl2mp\mapsrc\test.bsp
3 seconds elapsed



materialPath: C:\Program Files (x86)\Steam\steamapps\common\Half-Life 2 Deathmatch\hl2mp\materials
Loading c:\program files (x86)\steam\steamapps\common\sourcesdk_content\hl2mp\mapsrc\test.vmf
ConVarRef mat_reduceparticles doesn't point to an existing ConVar
Could not locate 'GameData' key in c:\program files (x86)\steam\steamapps\common\half-life 2 deathmatch\hl2mp\gameinfo.txt
Patching WVT material: maps/test/dev/dev_blendmeasure_wvt_patch
fixing up env_cubemap materials on brush sides...
0...1...2...3...4...5...6...7...8...9...100...1...2...3...4...5...6...7...8...9...10Processing areas...done (0)
Building Faces...done (0)
Chop Details...done (0)
Find Visible Detail Sides...done (0)
Merging details...done (0)
FixTjuncs...
PruneNodes...
WriteBSP...
done (0)
writing c:\program files (x86)\steam\steamapps\common\sourcesdk_content\hl2mp\mapsrc\test.prt...Building visibility clusters...
done (0)
Creating default LDR cubemaps for env_cubemap using skybox materials:
   skybox/sky_day01_01*.vmt
 ! Run buildcubemaps in the engine to get the correct cube maps.
Creating default HDR cubemaps for env_cubemap using skybox materials:
   skybox/sky_day01_01*.vmt
 ! Run buildcubemaps in the engine to get the correct cube maps.
Finding displacement neighbors...
Finding lightmap sample positions...
Displacement Alpha : 0...1...2...3...4...5...6...7...8...9...10
Building Physics collision data...
done (0) (61305 bytes)
Placing detail props : 0...1...2...3...4...5...6...7...8...9...10
Compacting texture/material tables...
Reduced 406 texinfos to 165
Reduced 36 texdatas to 27 (1182 bytes to 911)
Writing c:\program files (x86)\steam\steamapps\common\sourcesdk_content\hl2mp\mapsrc\test.bsp
Wrote ZIP buffer, estimated size 323184, actual size 320826
0 seconds elapsed



12 threads
reading c:\program files (x86)\steam\steamapps\common\sourcesdk_content\hl2mp\mapsrc\test.bsp
reading c:\program files (x86)\steam\steamapps\common\sourcesdk_content\hl2mp\mapsrc\test.prt
  70 portalclusters
 203 numportals
0...1...2...3...4...5...6...7...8...9...10Optimized: 87 visible clusters (1.87%)
Total clusters visible: 4663
Average clusters visible: 66
Building PAS...
Average clusters audible: 70
visdatasize:1831  compressed from 2240
writing c:\program files (x86)\steam\steamapps\common\sourcesdk_content\hl2mp\mapsrc\test.bsp
0 seconds elapsed



[Reading texlights from 'lights.rad']
[45 texlights parsed from 'lights.rad']

Loading c:\program files (x86)\steam\steamapps\common\sourcesdk_content\hl2mp\mapsrc\test.bsp
951 faces
37413 square feet [5387588.00 square inches]
0 Displacements
0 Square Feet [0.00 Square Inches]
951 patches before subdivision
52545 patches after subdivision
7 direct lights
0...1...2...3...4...5...6...7...8...9...100...1...2...3...4...5...6...7...8...9...10transfers 5798623, max 601
transfer lists:  44.2 megs
0...1...2...3...4...5...6...7...8...9...10	Bounce #1 added RGB(26581, 25933, 22390)
0...1...2...3...4...5...6...7...8...9...10	Bounce #2 added RGB(10822, 9823, 7197)
Build Patch/Sample Hash Table(s).....Done<0.0134 sec>
0...1...2...3...4...5...6...7...8...9...10FinalLightFace Done
0 of 0 (0% of) surface lights went in leaf ambient cubes.
0...1...2...3...4...5...6...7...8...9...10Writing leaf ambient...done
Ready to Finish

Object names       Objects/Maxobjs  Memory / Maxmem  Fullness 
------------       ---------------  ---------------  -------- 
models                  43/1024         2064/49152    ( 4.2%) 
brushes                123/8192         1476/98304    ( 1.5%) 
brushsides             873/65536        6984/524288   ( 1.3%) 
planes                1078/65536       21560/1310720  ( 1.6%) 
vertexes              1419/65536       17028/786432   ( 2.2%) 
nodes                  579/65536       18528/2097152  ( 0.9%) 
texinfos               165/12288       11880/884736   ( 1.3%) 
texdata                 27/2048          864/65536    ( 1.3%) 
dispinfos                0/0               0/0        ( 0.0%) 
disp_verts               0/0               0/0        ( 0.0%) 
disp_tris                0/0               0/0        ( 0.0%) 
disp_lmsamples           0/0               0/0        ( 0.0%) 
faces                  951/65536       53256/3670016  ( 1.5%) 
hdr faces                0/65536           0/3670016  ( 0.0%) 
origfaces              457/65536       25592/3670016  ( 0.7%) 
leaves                 623/65536       19936/2097152  ( 1.0%) 
leaffaces             2073/65536        4146/131072   ( 3.2%) 
leafbrushes            155/65536         310/131072   ( 0.2%) 
areas                    2/256            16/2048     ( 0.8%) 
surfedges             6167/512000      24668/2048000  ( 1.2%) 
edges                 3277/256000      13108/1024000  ( 1.3%) 
LDR worldlights          7/8192          616/720896   ( 0.1%) 
HDR worldlights          0/8192            0/720896   ( 0.0%) 
leafwaterdata            1/32768          12/393216   ( 0.0%) 
waterstrips             30/32768         300/327680   ( 0.1%) 
waterverts               0/65536           0/786432   ( 0.0%) 
waterindices           423/65536         846/131072   ( 0.6%) 
cubemapsamples           2/1024           32/16384    ( 0.2%) 
overlays                 0/512             0/180224   ( 0.0%) 
LDR lightdata         [variable]    10440912/0        ( 0.0%) 
HDR lightdata         [variable]           0/0        ( 0.0%) 
visdata               [variable]        1831/16777216 ( 0.0%) 
entdata               [variable]       47283/393216   (12.0%) 
LDR ambient table      623/65536        2492/262144   ( 1.0%) 
HDR ambient table      623/65536        2492/262144   ( 1.0%) 
LDR leaf ambient       886/65536       24808/1835008  ( 1.4%) 
HDR leaf ambient       623/65536       17444/1835008  ( 1.0%) 
occluders                0/0               0/0        ( 0.0%) 
occluder polygons        0/0               0/0        ( 0.0%) 
occluder vert ind        0/0               0/0        ( 0.0%) 
detail props          [variable]           1/12       ( 8.3%) 
static props          [variable]           1/828      ( 0.1%) 
pakfile               [variable]      320826/0        ( 0.0%) 
physics               [variable]       61305/4194304  ( 1.5%) 
physics terrain       [variable]           2/1048576  ( 0.0%) 

Level flags = 0

Total triangle count: 2389
Writing c:\program files (x86)\steam\steamapps\common\sourcesdk_content\hl2mp\mapsrc\test.bsp
3 seconds elapsed



materialPath: C:\Program Files (x86)\Steam\steamapps\common\Half-Life 2 Deathmatch\hl2mp\materials
Loading c:\program files (x86)\steam\steamapps\common\sourcesdk_content\hl2mp\mapsrc\test.vmf
ConVarRef mat_reduceparticles doesn't point to an existing ConVar
Could not locate 'GameData' key in c:\program files (x86)\steam\steamapps\common\half-life 2 deathmatch\hl2mp\gameinfo.txt
Patching WVT material: maps/test/dev/dev_blendmeasure_wvt_patch
fixing up env_cubemap materials on brush sides...
0...1...2...3...4...5...6...7...8...9...100...1...2...3...4...5...6...7...8...9...10Processing areas...done (0)
Building Faces...done (0)
Chop Details...done (0)
Find Visible Detail Sides...done (0)
Merging details...done (0)
FixTjuncs...
PruneNodes...
WriteBSP...
done (0)
writing c:\program files (x86)\steam\steamapps\common\sourcesdk_content\hl2mp\mapsrc\test.prt...Building visibility clusters...
done (0)
Creating default LDR cubemaps for env_cubemap using skybox materials:
   skybox/sky_day01_01*.vmt
 ! Run buildcubemaps in the engine to get the correct cube maps.
Creating default HDR cubemaps for env_cubemap using skybox materials:
   skybox/sky_day01_01*.vmt
 ! Run buildcubemaps in the engine to get the correct cube maps.
Finding displacement neighbors...
Finding lightmap sample positions...
Displacement Alpha : 0...1...2...3...4...5...6...7...8...9...10
Building Physics collision data...
done (0) (61305 bytes)
Placing detail props : 0...1...2...3...4...5...6...7...8...9...10
Compacting texture/material tables...
Reduced 406 texinfos to 165
Reduced 36 texdatas to 27 (1182 bytes to 911)
Writing c:\program files (x86)\steam\steamapps\common\sourcesdk_content\hl2mp\mapsrc\test.bsp
Wrote ZIP buffer, estimated size 323184, actual size 320826
0 seconds elapsed



12 threads
reading c:\program files (x86)\steam\steamapps\common\sourcesdk_content\hl2mp\mapsrc\test.bsp
reading c:\program files (x86)\steam\steamapps\common\sourcesdk_content\hl2mp\mapsrc\test.prt
  70 portalclusters
 203 numportals
0...1...2...3...4...5...6...7...8...9...10Optimized: 87 visible clusters (1.87%)
Total clusters visible: 4663
Average clusters visible: 66
Building PAS...
Average clusters audible: 70
visdatasize:1831  compressed from 2240
writing c:\program files (x86)\steam\steamapps\common\sourcesdk_content\hl2mp\mapsrc\test.bsp
0 seconds elapsed



[Reading texlights from 'lights.rad']
[45 texlights parsed from 'lights.rad']

Loading c:\program files (x86)\steam\steamapps\common\sourcesdk_content\hl2mp\mapsrc\test.bsp
951 faces
37413 square feet [5387588.00 square inches]
0 Displacements
0 Square Feet [0.00 Square Inches]
951 patches before subdivision
52545 patches after subdivision
7 direct lights
0...1...2...3...4...5...6...7...8...9...100...1...2...3...4...5...6...7...8...9...10transfers 5798623, max 601
transfer lists:  44.2 megs
0...1...2...3...4...5...6...7...8...9...10	Bounce #1 added RGB(26581, 25933, 22390)
0...1...2...3...4...5...6...7...8...9...10	Bounce #2 added RGB(10822, 9823, 7197)
Build Patch/Sample Hash Table(s).....Done<0.0118 sec>
0...1...2...3...4...5...6...7...8...9...10FinalLightFace Done
0 of 0 (0% of) surface lights went in leaf ambient cubes.
0...1...2...3...4...5...6...7...8...9...10Writing leaf ambient...done
Ready to Finish

Object names       Objects/Maxobjs  Memory / Maxmem  Fullness 
------------       ---------------  ---------------  -------- 
models                  43/1024         2064/49152    ( 4.2%) 
brushes                123/8192         1476/98304    ( 1.5%) 
brushsides             873/65536        6984/524288   ( 1.3%) 
planes                1078/65536       21560/1310720  ( 1.6%) 
vertexes              1419/65536       17028/786432   ( 2.2%) 
nodes                  579/65536       18528/2097152  ( 0.9%) 
texinfos               165/12288       11880/884736   ( 1.3%) 
texdata                 27/2048          864/65536    ( 1.3%) 
dispinfos                0/0               0/0        ( 0.0%) 
disp_verts               0/0               0/0        ( 0.0%) 
disp_tris                0/0               0/0        ( 0.0%) 
disp_lmsamples           0/0               0/0        ( 0.0%) 
faces                  951/65536       53256/3670016  ( 1.5%) 
hdr faces                0/65536           0/3670016  ( 0.0%) 
origfaces              457/65536       25592/3670016  ( 0.7%) 
leaves                 623/65536       19936/2097152  ( 1.0%) 
leaffaces             2073/65536        4146/131072   ( 3.2%) 
leafbrushes            155/65536         310/131072   ( 0.2%) 
areas                    2/256            16/2048     ( 0.8%) 
surfedges             6167/512000      24668/2048000  ( 1.2%) 
edges                 3277/256000      13108/1024000  ( 1.3%) 
LDR worldlights          7/8192          616/720896   ( 0.1%) 
HDR worldlights          0/8192            0/720896   ( 0.0%) 
leafwaterdata            1/32768          12/393216   ( 0.0%) 
waterstrips             30/32768         300/327680   ( 0.1%) 
waterverts               0/65536           0/786432   ( 0.0%) 
waterindices           423/65536         846/131072   ( 0.6%) 
cubemapsamples           2/1024           32/16384    ( 0.2%) 
overlays                 0/512             0/180224   ( 0.0%) 
LDR lightdata         [variable]    10440912/0        ( 0.0%) 
HDR lightdata         [variable]           0/0        ( 0.0%) 
visdata               [variable]        1831/16777216 ( 0.0%) 
entdata               [variable]       47226/393216   (12.0%) 
LDR ambient table      623/65536        2492/262144   ( 1.0%) 
HDR ambient table      623/65536        2492/262144   ( 1.0%) 
LDR leaf ambient       886/65536       24808/1835008  ( 1.4%) 
HDR leaf ambient       623/65536       17444/1835008  ( 1.0%) 
occluders                0/0               0/0        ( 0.0%) 
occluder polygons        0/0               0/0        ( 0.0%) 
occluder vert ind        0/0               0/0        ( 0.0%) 
detail props          [variable]           1/12       ( 8.3%) 
static props          [variable]           1/828      ( 0.1%) 
pakfile               [variable]      320826/0        ( 0.0%) 
physics               [variable]       61305/4194304  ( 1.5%) 
physics terrain       [variable]           2/1048576  ( 0.0%) 

Level flags = 0

Total triangle count: 2389
Writing c:\program files (x86)\steam\steamapps\common\sourcesdk_content\hl2mp\mapsrc\test.bsp
3 seconds elapsed



materialPath: C:\Program Files (x86)\Steam\steamapps\common\Half-Life 2 Deathmatch\hl2mp\materials
Loading c:\program files (x86)\steam\steamapps\common\sourcesdk_content\hl2mp\mapsrc\test.vmf
ConVarRef mat_reduceparticles doesn't point to an existing ConVar
Could not locate 'GameData' key in c:\program files (x86)\steam\steamapps\common\half-life 2 deathmatch\hl2mp\gameinfo.txt
Patching WVT material: maps/test/dev/dev_blendmeasure_wvt_patch
fixing up env_cubemap materials on brush sides...
0...1...2...3...4...5...6...7...8...9...100...1...2...3...4...5...6...7...8...9...10Processing areas...done (0)
Building Faces...done (0)
Chop Details...done (0)
Find Visible Detail Sides...done (0)
Merging details...done (0)
FixTjuncs...
PruneNodes...
WriteBSP...
done (0)
writing c:\program files (x86)\steam\steamapps\common\sourcesdk_content\hl2mp\mapsrc\test.prt...Building visibility clusters...
done (0)
Creating default LDR cubemaps for env_cubemap using skybox materials:
   skybox/sky_day01_01*.vmt
 ! Run buildcubemaps in the engine to get the correct cube maps.
Creating default HDR cubemaps for env_cubemap using skybox materials:
   skybox/sky_day01_01*.vmt
 ! Run buildcubemaps in the engine to get the correct cube maps.
Finding displacement neighbors...
Finding lightmap sample positions...
Displacement Alpha : 0...1...2...3...4...5...6...7...8...9...10
Building Physics collision data...
done (0) (61305 bytes)
Placing detail props : 0...1...2...3...4...5...6...7...8...9...10
Compacting texture/material tables...
Reduced 406 texinfos to 165
Reduced 36 texdatas to 27 (1182 bytes to 911)
Writing c:\program files (x86)\steam\steamapps\common\sourcesdk_content\hl2mp\mapsrc\test.bsp
Wrote ZIP buffer, estimated size 323184, actual size 320826
0 seconds elapsed



12 threads
reading c:\program files (x86)\steam\steamapps\common\sourcesdk_content\hl2mp\mapsrc\test.bsp
reading c:\program files (x86)\steam\steamapps\common\sourcesdk_content\hl2mp\mapsrc\test.prt
  70 portalclusters
 203 numportals
0...1...2...3...4...5...6...7...8...9...10Optimized: 87 visible clusters (1.87%)
Total clusters visible: 4663
Average clusters visible: 66
Building PAS...
Average clusters audible: 70
visdatasize:1831  compressed from 2240
writing c:\program files (x86)\steam\steamapps\common\sourcesdk_content\hl2mp\mapsrc\test.bsp
0 seconds elapsed



[Reading texlights from 'lights.rad']
[45 texlights parsed from 'lights.rad']

Loading c:\program files (x86)\steam\steamapps\common\sourcesdk_content\hl2mp\mapsrc\test.bsp
951 faces
37413 square feet [5387588.00 square inches]
0 Displacements
0 Square Feet [0.00 Square Inches]
951 patches before subdivision
52545 patches after subdivision
7 direct lights
0...1...2...3...4...5...6...7...8...9...100...1...2...3...4...5...6...7...8...9...10transfers 5798623, max 601
transfer lists:  44.2 megs
0...1...2...3...4...5...6...7...8...9...10	Bounce #1 added RGB(26581, 25933, 22390)
0...1...2...3...4...5...6...7...8...9...10	Bounce #2 added RGB(10822, 9823, 7197)
Build Patch/Sample Hash Table(s).....Done<0.0110 sec>
0...1...2...3...4...5...6...7...8...9...10FinalLightFace Done
0 of 0 (0% of) surface lights went in leaf ambient cubes.
0...1...2...3...4...5...6...7...8...9...10Writing leaf ambient...done
Ready to Finish

Object names       Objects/Maxobjs  Memory / Maxmem  Fullness 
------------       ---------------  ---------------  -------- 
models                  43/1024         2064/49152    ( 4.2%) 
brushes                123/8192         1476/98304    ( 1.5%) 
brushsides             873/65536        6984/524288   ( 1.3%) 
planes                1078/65536       21560/1310720  ( 1.6%) 
vertexes              1419/65536       17028/786432   ( 2.2%) 
nodes                  579/65536       18528/2097152  ( 0.9%) 
texinfos               165/12288       11880/884736   ( 1.3%) 
texdata                 27/2048          864/65536    ( 1.3%) 
dispinfos                0/0               0/0        ( 0.0%) 
disp_verts               0/0               0/0        ( 0.0%) 
disp_tris                0/0               0/0        ( 0.0%) 
disp_lmsamples           0/0               0/0        ( 0.0%) 
faces                  951/65536       53256/3670016  ( 1.5%) 
hdr faces                0/65536           0/3670016  ( 0.0%) 
origfaces              457/65536       25592/3670016  ( 0.7%) 
leaves                 623/65536       19936/2097152  ( 1.0%) 
leaffaces             2073/65536        4146/131072   ( 3.2%) 
leafbrushes            155/65536         310/131072   ( 0.2%) 
areas                    2/256            16/2048     ( 0.8%) 
surfedges             6167/512000      24668/2048000  ( 1.2%) 
edges                 3277/256000      13108/1024000  ( 1.3%) 
LDR worldlights          7/8192          616/720896   ( 0.1%) 
HDR worldlights          0/8192            0/720896   ( 0.0%) 
leafwaterdata            1/32768          12/393216   ( 0.0%) 
waterstrips             30/32768         300/327680   ( 0.1%) 
waterverts               0/65536           0/786432   ( 0.0%) 
waterindices           423/65536         846/131072   ( 0.6%) 
cubemapsamples           2/1024           32/16384    ( 0.2%) 
overlays                 0/512             0/180224   ( 0.0%) 
LDR lightdata         [variable]    10440912/0        ( 0.0%) 
HDR lightdata         [variable]           0/0        ( 0.0%) 
visdata               [variable]        1831/16777216 ( 0.0%) 
entdata               [variable]       47262/393216   (12.0%) 
LDR ambient table      623/65536        2492/262144   ( 1.0%) 
HDR ambient table      623/65536        2492/262144   ( 1.0%) 
LDR leaf ambient       886/65536       24808/1835008  ( 1.4%) 
HDR leaf ambient       623/65536       17444/1835008  ( 1.0%) 
occluders                0/0               0/0        ( 0.0%) 
occluder polygons        0/0               0/0        ( 0.0%) 
occluder vert ind        0/0               0/0        ( 0.0%) 
detail props          [variable]           1/12       ( 8.3%) 
static props          [variable]           1/828      ( 0.1%) 
pakfile               [variable]      320826/0        ( 0.0%) 
physics               [variable]       61305/4194304  ( 1.5%) 
physics terrain       [variable]           2/1048576  ( 0.0%) 

Level flags = 0

Total triangle count: 2389
Writing c:\program files (x86)\steam\steamapps\common\sourcesdk_content\hl2mp\mapsrc\test.bsp
3 seconds elapsed



materialPath: C:\Program Files (x86)\Steam\steamapps\common\Half-Life 2 Deathmatch\hl2mp\materials
Loading c:\program files (x86)\steam\steamapps\common\sourcesdk_content\hl2mp\mapsrc\test.vmf
ConVarRef mat_reduceparticles doesn't point to an existing ConVar
Could not locate 'GameData' key in c:\program files (x86)\steam\steamapps\common\half-life 2 deathmatch\hl2mp\gameinfo.txt
Patching WVT material: maps/test/dev/dev_blendmeasure_wvt_patch
fixing up env_cubemap materials on brush sides...
0...1...2...3...4...5...6...7...8...9...100...1...2...3...4...5...6...7...8...9...10Processing areas...done (0)
Building Faces...done (0)
Chop Details...done (0)
Find Visible Detail Sides...done (0)
Merging details...done (0)
FixTjuncs...
PruneNodes...
WriteBSP...
done (0)
writing c:\program files (x86)\steam\steamapps\common\sourcesdk_content\hl2mp\mapsrc\test.prt...Building visibility clusters...
done (0)
Creating default LDR cubemaps for env_cubemap using skybox materials:
   skybox/sky_day01_01*.vmt
 ! Run buildcubemaps in the engine to get the correct cube maps.
Creating default HDR cubemaps for env_cubemap using skybox materials:
   skybox/sky_day01_01*.vmt
 ! Run buildcubemaps in the engine to get the correct cube maps.
Finding displacement neighbors...
Finding lightmap sample positions...
Displacement Alpha : 0...1...2...3...4...5...6...7...8...9...10
Building Physics collision data...
done (0) (61305 bytes)
Placing detail props : 0...1...2...3...4...5...6...7...8...9...10
Compacting texture/material tables...
Reduced 406 texinfos to 165
Reduced 36 texdatas to 27 (1182 bytes to 911)
Writing c:\program files (x86)\steam\steamapps\common\sourcesdk_content\hl2mp\mapsrc\test.bsp
Wrote ZIP buffer, estimated size 323184, actual size 320826
0 seconds elapsed



12 threads
reading c:\program files (x86)\steam\steamapps\common\sourcesdk_content\hl2mp\mapsrc\test.bsp
reading c:\program files (x86)\steam\steamapps\common\sourcesdk_content\hl2mp\mapsrc\test.prt
  70 portalclusters
 203 numportals
0...1...2...3...4...5...6...7...8...9...10Optimized: 87 visible clusters (1.87%)
Total clusters visible: 4663
Average clusters visible: 66
Building PAS...
Average clusters audible: 70
visdatasize:1831  compressed from 2240
writing c:\program files (x86)\steam\steamapps\common\sourcesdk_content\hl2mp\mapsrc\test.bsp
0 seconds elapsed



[Reading texlights from 'lights.rad']
[45 texlights parsed from 'lights.rad']

Loading c:\program files (x86)\steam\steamapps\common\sourcesdk_content\hl2mp\mapsrc\test.bsp
951 faces
37413 square feet [5387588.00 square inches]
0 Displacements
0 Square Feet [0.00 Square Inches]
951 patches before subdivision
52545 patches after subdivision
7 direct lights
0...1...2...3...4...5...6...7...8...9...100...1...2...3...4...5...6...7...8...9...10transfers 5798623, max 601
transfer lists:  44.2 megs
0...1...2...3...4...5...6...7...8...9...10	Bounce #1 added RGB(26581, 25933, 22390)
0...1...2...3...4...5...6...7...8...9...10	Bounce #2 added RGB(10822, 9823, 7197)
Build Patch/Sample Hash Table(s).....Done<0.0133 sec>
0...1...2...3...4...5...6...7...8...9...10FinalLightFace Done
0 of 0 (0% of) surface lights went in leaf ambient cubes.
0...1...2...3...4...5...6...7...8...9...10Writing leaf ambient...done
Ready to Finish

Object names       Objects/Maxobjs  Memory / Maxmem  Fullness 
------------       ---------------  ---------------  -------- 
models                  43/1024         2064/49152    ( 4.2%) 
brushes                123/8192         1476/98304    ( 1.5%) 
brushsides             873/65536        6984/524288   ( 1.3%) 
planes                1078/65536       21560/1310720  ( 1.6%) 
vertexes              1419/65536       17028/786432   ( 2.2%) 
nodes                  579/65536       18528/2097152  ( 0.9%) 
texinfos               165/12288       11880/884736   ( 1.3%) 
texdata                 27/2048          864/65536    ( 1.3%) 
dispinfos                0/0               0/0        ( 0.0%) 
disp_verts               0/0               0/0        ( 0.0%) 
disp_tris                0/0               0/0        ( 0.0%) 
disp_lmsamples           0/0               0/0        ( 0.0%) 
faces                  951/65536       53256/3670016  ( 1.5%) 
hdr faces                0/65536           0/3670016  ( 0.0%) 
origfaces              457/65536       25592/3670016  ( 0.7%) 
leaves                 623/65536       19936/2097152  ( 1.0%) 
leaffaces             2073/65536        4146/131072   ( 3.2%) 
leafbrushes            155/65536         310/131072   ( 0.2%) 
areas                    2/256            16/2048     ( 0.8%) 
surfedges             6167/512000      24668/2048000  ( 1.2%) 
edges                 3277/256000      13108/1024000  ( 1.3%) 
LDR worldlights          7/8192          616/720896   ( 0.1%) 
HDR worldlights          0/8192            0/720896   ( 0.0%) 
leafwaterdata            1/32768          12/393216   ( 0.0%) 
waterstrips             30/32768         300/327680   ( 0.1%) 
waterverts               0/65536           0/786432   ( 0.0%) 
waterindices           423/65536         846/131072   ( 0.6%) 
cubemapsamples           2/1024           32/16384    ( 0.2%) 
overlays                 0/512             0/180224   ( 0.0%) 
LDR lightdata         [variable]    10440912/0        ( 0.0%) 
HDR lightdata         [variable]           0/0        ( 0.0%) 
visdata               [variable]        1831/16777216 ( 0.0%) 
entdata               [variable]       47433/393216   (12.1%) 
LDR ambient table      623/65536        2492/262144   ( 1.0%) 
HDR ambient table      623/65536        2492/262144   ( 1.0%) 
LDR leaf ambient       886/65536       24808/1835008  ( 1.4%) 
HDR leaf ambient       623/65536       17444/1835008  ( 1.0%) 
occluders                0/0               0/0        ( 0.0%) 
occluder polygons        0/0               0/0        ( 0.0%) 
occluder vert ind        0/0               0/0        ( 0.0%) 
detail props          [variable]           1/12       ( 8.3%) 
static props          [variable]           1/828      ( 0.1%) 
pakfile               [variable]      320826/0        ( 0.0%) 
physics               [variable]       61305/4194304  ( 1.5%) 
physics terrain       [variable]           2/1048576  ( 0.0%) 

Level flags = 0

Total triangle count: 2389
Writing c:\program files (x86)\steam\steamapps\common\sourcesdk_content\hl2mp\mapsrc\test.bsp
4 seconds elapsed



materialPath: C:\Program Files (x86)\Steam\steamapps\common\Half-Life 2 Deathmatch\hl2mp\materials
Loading c:\program files (x86)\steam\steamapps\common\sourcesdk_content\hl2mp\mapsrc\test.vmf
ConVarRef mat_reduceparticles doesn't point to an existing ConVar
Could not locate 'GameData' key in c:\program files (x86)\steam\steamapps\common\half-life 2 deathmatch\hl2mp\gameinfo.txt
Patching WVT material: maps/test/dev/dev_blendmeasure_wvt_patch
fixing up env_cubemap materials on brush sides...
0...1...2...3...4...5...6...7...8...9...100...1...2...3...4...5...6...7...8...9...10Processing areas...done (0)
Building Faces...done (0)
Chop Details...done (0)
Find Visible Detail Sides...done (0)
Merging details...done (0)
FixTjuncs...
PruneNodes...
WriteBSP...
done (0)
writing c:\program files (x86)\steam\steamapps\common\sourcesdk_content\hl2mp\mapsrc\test.prt...Building visibility clusters...
done (0)
Creating default LDR cubemaps for env_cubemap using skybox materials:
   skybox/sky_day01_01*.vmt
 ! Run buildcubemaps in the engine to get the correct cube maps.
Creating default HDR cubemaps for env_cubemap using skybox materials:
   skybox/sky_day01_01*.vmt
 ! Run buildcubemaps in the engine to get the correct cube maps.
Finding displacement neighbors...
Finding lightmap sample positions...
Displacement Alpha : 0...1...2...3...4...5...6...7...8...9...10
Building Physics collision data...
done (0) (61305 bytes)
Placing detail props : 0...1...2...3...4...5...6...7...8...9...10
Compacting texture/material tables...
Reduced 406 texinfos to 165
Reduced 36 texdatas to 27 (1182 bytes to 911)
Writing c:\program files (x86)\steam\steamapps\common\sourcesdk_content\hl2mp\mapsrc\test.bsp
Wrote ZIP buffer, estimated size 323184, actual size 320826
0 seconds elapsed



12 threads
reading c:\program files (x86)\steam\steamapps\common\sourcesdk_content\hl2mp\mapsrc\test.bsp
reading c:\program files (x86)\steam\steamapps\common\sourcesdk_content\hl2mp\mapsrc\test.prt
  70 portalclusters
 203 numportals
0...1...2...3...4...5...6...7...8...9...10Optimized: 87 visible clusters (1.87%)
Total clusters visible: 4663
Average clusters visible: 66
Building PAS...
Average clusters audible: 70
visdatasize:1831  compressed from 2240
writing c:\program files (x86)\steam\steamapps\common\sourcesdk_content\hl2mp\mapsrc\test.bsp
0 seconds elapsed



[Reading texlights from 'lights.rad']
[45 texlights parsed from 'lights.rad']

Loading c:\program files (x86)\steam\steamapps\common\sourcesdk_content\hl2mp\mapsrc\test.bsp
951 faces
37413 square feet [5387588.00 square inches]
0 Displacements
0 Square Feet [0.00 Square Inches]
951 patches before subdivision
52545 patches after subdivision
7 direct lights
0...1...2...3...4...5...6...7...8...9...100...1...2...3...4...5...6...7...8...9...10transfers 5798623, max 601
transfer lists:  44.2 megs
0...1...2...3...4...5...6...7...8...9...10	Bounce #1 added RGB(26581, 25933, 22390)
0...1...2...3...4...5...6...7...8...9...10	Bounce #2 added RGB(10822, 9823, 7197)
Build Patch/Sample Hash Table(s).....Done<0.0134 sec>
0...1...2...3...4...5...6...7...8...9...10FinalLightFace Done
0 of 0 (0% of) surface lights went in leaf ambient cubes.
0...1...2...3...4...5...6...7...8...9...10Writing leaf ambient...done
Ready to Finish

Object names       Objects/Maxobjs  Memory / Maxmem  Fullness 
------------       ---------------  ---------------  -------- 
models                  43/1024         2064/49152    ( 4.2%) 
brushes                123/8192         1476/98304    ( 1.5%) 
brushsides             873/65536        6984/524288   ( 1.3%) 
planes                1078/65536       21560/1310720  ( 1.6%) 
vertexes              1419/65536       17028/786432   ( 2.2%) 
nodes                  579/65536       18528/2097152  ( 0.9%) 
texinfos               165/12288       11880/884736   ( 1.3%) 
texdata                 27/2048          864/65536    ( 1.3%) 
dispinfos                0/0               0/0        ( 0.0%) 
disp_verts               0/0               0/0        ( 0.0%) 
disp_tris                0/0               0/0        ( 0.0%) 
disp_lmsamples           0/0               0/0        ( 0.0%) 
faces                  951/65536       53256/3670016  ( 1.5%) 
hdr faces                0/65536           0/3670016  ( 0.0%) 
origfaces              457/65536       25592/3670016  ( 0.7%) 
leaves                 623/65536       19936/2097152  ( 1.0%) 
leaffaces             2073/65536        4146/131072   ( 3.2%) 
leafbrushes            155/65536         310/131072   ( 0.2%) 
areas                    2/256            16/2048     ( 0.8%) 
surfedges             6167/512000      24668/2048000  ( 1.2%) 
edges                 3277/256000      13108/1024000  ( 1.3%) 
LDR worldlights          7/8192          616/720896   ( 0.1%) 
HDR worldlights          0/8192            0/720896   ( 0.0%) 
leafwaterdata            1/32768          12/393216   ( 0.0%) 
waterstrips             30/32768         300/327680   ( 0.1%) 
waterverts               0/65536           0/786432   ( 0.0%) 
waterindices           423/65536         846/131072   ( 0.6%) 
cubemapsamples           2/1024           32/16384    ( 0.2%) 
overlays                 0/512             0/180224   ( 0.0%) 
LDR lightdata         [variable]    10440912/0        ( 0.0%) 
HDR lightdata         [variable]           0/0        ( 0.0%) 
visdata               [variable]        1831/16777216 ( 0.0%) 
entdata               [variable]       47433/393216   (12.1%) 
LDR ambient table      623/65536        2492/262144   ( 1.0%) 
HDR ambient table      623/65536        2492/262144   ( 1.0%) 
LDR leaf ambient       886/65536       24808/1835008  ( 1.4%) 
HDR leaf ambient       623/65536       17444/1835008  ( 1.0%) 
occluders                0/0               0/0        ( 0.0%) 
occluder polygons        0/0               0/0        ( 0.0%) 
occluder vert ind        0/0               0/0        ( 0.0%) 
detail props          [variable]           1/12       ( 8.3%) 
static props          [variable]           1/828      ( 0.1%) 
pakfile               [variable]      320826/0        ( 0.0%) 
physics               [variable]       61305/4194304  ( 1.5%) 
physics terrain       [variable]           2/1048576  ( 0.0%) 

Level flags = 0

Total triangle count: 2389
Writing c:\program files (x86)\steam\steamapps\common\sourcesdk_content\hl2mp\mapsrc\test.bsp
3 seconds elapsed



materialPath: C:\Program Files (x86)\Steam\steamapps\common\Half-Life 2 Deathmatch\hl2mp\materials
Loading c:\program files (x86)\steam\steamapps\common\sourcesdk_content\hl2mp\mapsrc\test.vmf
ConVarRef mat_reduceparticles doesn't point to an existing ConVar
Could not locate 'GameData' key in c:\program files (x86)\steam\steamapps\common\half-life 2 deathmatch\hl2mp\gameinfo.txt
Patching WVT material: maps/test/dev/dev_blendmeasure_wvt_patch
fixing up env_cubemap materials on brush sides...
0...1...2...3...4...5...6...7...8...9...100...1...2...3...4...5...6...7...8...9...10Processing areas...done (0)
Building Faces...done (0)
Chop Details...done (0)
Find Visible Detail Sides...done (0)
Merging details...done (0)
FixTjuncs...
PruneNodes...
WriteBSP...
done (0)
writing c:\program files (x86)\steam\steamapps\common\sourcesdk_content\hl2mp\mapsrc\test.prt...Building visibility clusters...
done (0)
Creating default LDR cubemaps for env_cubemap using skybox materials:
   skybox/sky_day01_01*.vmt
 ! Run buildcubemaps in the engine to get the correct cube maps.
Creating default HDR cubemaps for env_cubemap using skybox materials:
   skybox/sky_day01_01*.vmt
 ! Run buildcubemaps in the engine to get the correct cube maps.
Finding displacement neighbors...
Finding lightmap sample positions...
Displacement Alpha : 0...1...2...3...4...5...6...7...8...9...10
Building Physics collision data...
done (0) (61305 bytes)
Placing detail props : 0...1...2...3...4...5...6...7...8...9...10
Compacting texture/material tables...
Reduced 406 texinfos to 165
Reduced 36 texdatas to 27 (1182 bytes to 911)
Writing c:\program files (x86)\steam\steamapps\common\sourcesdk_content\hl2mp\mapsrc\test.bsp
Wrote ZIP buffer, estimated size 323184, actual size 320826
0 seconds elapsed



12 threads
reading c:\program files (x86)\steam\steamapps\common\sourcesdk_content\hl2mp\mapsrc\test.bsp
reading c:\program files (x86)\steam\steamapps\common\sourcesdk_content\hl2mp\mapsrc\test.prt
  70 portalclusters
 203 numportals
0...1...2...3...4...5...6...7...8...9...10Optimized: 87 visible clusters (1.87%)
Total clusters visible: 4663
Average clusters visible: 66
Building PAS...
Average clusters audible: 70
visdatasize:1831  compressed from 2240
writing c:\program files (x86)\steam\steamapps\common\sourcesdk_content\hl2mp\mapsrc\test.bsp
0 seconds elapsed



[Reading texlights from 'lights.rad']
[45 texlights parsed from 'lights.rad']

Loading c:\program files (x86)\steam\steamapps\common\sourcesdk_content\hl2mp\mapsrc\test.bsp
951 faces
37413 square feet [5387588.00 square inches]
0 Displacements
0 Square Feet [0.00 Square Inches]
951 patches before subdivision
52545 patches after subdivision
7 direct lights
0...1...2...3...4...5...6...7...8...9...100...1...2...3...4...5...6...7...8...9...10transfers 5798629, max 601
transfer lists:  44.2 megs
0...1...2...3...4...5...6...7...8...9...10	Bounce #1 added RGB(26580, 25933, 22390)
0...1...2...3...4...5...6...7...8...9...10	Bounce #2 added RGB(10822, 9823, 7197)
Build Patch/Sample Hash Table(s).....Done<0.0109 sec>
0...1...2...3...4...5...6...7...8...9...10FinalLightFace Done
0 of 0 (0% of) surface lights went in leaf ambient cubes.
0...1...2...3...4...5...6...7...8...9...10Writing leaf ambient...done
Ready to Finish

Object names       Objects/Maxobjs  Memory / Maxmem  Fullness 
------------       ---------------  ---------------  -------- 
models                  43/1024         2064/49152    ( 4.2%) 
brushes                123/8192         1476/98304    ( 1.5%) 
brushsides             873/65536        6984/524288   ( 1.3%) 
planes                1078/65536       21560/1310720  ( 1.6%) 
vertexes              1419/65536       17028/786432   ( 2.2%) 
nodes                  579/65536       18528/2097152  ( 0.9%) 
texinfos               165/12288       11880/884736   ( 1.3%) 
texdata                 27/2048          864/65536    ( 1.3%) 
dispinfos                0/0               0/0        ( 0.0%) 
disp_verts               0/0               0/0        ( 0.0%) 
disp_tris                0/0               0/0        ( 0.0%) 
disp_lmsamples           0/0               0/0        ( 0.0%) 
faces                  951/65536       53256/3670016  ( 1.5%) 
hdr faces                0/65536           0/3670016  ( 0.0%) 
origfaces              457/65536       25592/3670016  ( 0.7%) 
leaves                 623/65536       19936/2097152  ( 1.0%) 
leaffaces             2073/65536        4146/131072   ( 3.2%) 
leafbrushes            155/65536         310/131072   ( 0.2%) 
areas                    2/256            16/2048     ( 0.8%) 
surfedges             6167/512000      24668/2048000  ( 1.2%) 
edges                 3277/256000      13108/1024000  ( 1.3%) 
LDR worldlights          7/8192          616/720896   ( 0.1%) 
HDR worldlights          0/8192            0/720896   ( 0.0%) 
leafwaterdata            1/32768          12/393216   ( 0.0%) 
waterstrips             30/32768         300/327680   ( 0.1%) 
waterverts               0/65536           0/786432   ( 0.0%) 
waterindices           423/65536         846/131072   ( 0.6%) 
cubemapsamples           2/1024           32/16384    ( 0.2%) 
overlays                 0/512             0/180224   ( 0.0%) 
LDR lightdata         [variable]    10440912/0        ( 0.0%) 
HDR lightdata         [variable]           0/0        ( 0.0%) 
visdata               [variable]        1831/16777216 ( 0.0%) 
entdata               [variable]       47433/393216   (12.1%) 
LDR ambient table      623/65536        2492/262144   ( 1.0%) 
HDR ambient table      623/65536        2492/262144   ( 1.0%) 
LDR leaf ambient       886/65536       24808/1835008  ( 1.4%) 
HDR leaf ambient       623/65536       17444/1835008  ( 1.0%) 
occluders                0/0               0/0        ( 0.0%) 
occluder polygons        0/0               0/0        ( 0.0%) 
occluder vert ind        0/0               0/0        ( 0.0%) 
detail props          [variable]           1/12       ( 8.3%) 
static props          [variable]           1/828      ( 0.1%) 
pakfile               [variable]      320826/0        ( 0.0%) 
physics               [variable]       61305/4194304  ( 1.5%) 
physics terrain       [variable]           2/1048576  ( 0.0%) 

Level flags = 0

Total triangle count: 2389
Writing c:\program files (x86)\steam\steamapps\common\sourcesdk_content\hl2mp\mapsrc\test.bsp
3 seconds elapsed



materialPath: C:\Program Files (x86)\Steam\steamapps\common\Half-Life 2 Deathmatch\hl2mp\materials
Loading c:\program files (x86)\steam\steamapps\common\sourcesdk_content\hl2mp\mapsrc\test.vmf
ConVarRef mat_reduceparticles doesn't point to an existing ConVar
Could not locate 'GameData' key in c:\program files (x86)\steam\steamapps\common\half-life 2 deathmatch\hl2mp\gameinfo.txt
Patching WVT material: maps/test/dev/dev_blendmeasure_wvt_patch
fixing up env_cubemap materials on brush sides...
0...1...2...3...4...5...6...7...8...9...100...1...2...3...4...5...6...7...8...9...10Processing areas...done (0)
Building Faces...done (0)
Chop Details...done (0)
Find Visible Detail Sides...done (0)
Merging details...done (0)
FixTjuncs...
PruneNodes...
WriteBSP...
done (0)
writing c:\program files (x86)\steam\steamapps\common\sourcesdk_content\hl2mp\mapsrc\test.prt...Building visibility clusters...
done (0)
Creating default LDR cubemaps for env_cubemap using skybox materials:
   skybox/sky_day01_01*.vmt
 ! Run buildcubemaps in the engine to get the correct cube maps.
Creating default HDR cubemaps for env_cubemap using skybox materials:
   skybox/sky_day01_01*.vmt
 ! Run buildcubemaps in the engine to get the correct cube maps.
Finding displacement neighbors...
Finding lightmap sample positions...
Displacement Alpha : 0...1...2...3...4...5...6...7...8...9...10
Building Physics collision data...
done (0) (61305 bytes)
Placing detail props : 0...1...2...3...4...5...6...7...8...9...10
Compacting texture/material tables...
Reduced 406 texinfos to 165
Reduced 36 texdatas to 27 (1182 bytes to 911)
Writing c:\program files (x86)\steam\steamapps\common\sourcesdk_content\hl2mp\mapsrc\test.bsp
Wrote ZIP buffer, estimated size 323184, actual size 320826
0 seconds elapsed



12 threads
reading c:\program files (x86)\steam\steamapps\common\sourcesdk_content\hl2mp\mapsrc\test.bsp
reading c:\program files (x86)\steam\steamapps\common\sourcesdk_content\hl2mp\mapsrc\test.prt
  70 portalclusters
 203 numportals
0...1...2...3...4...5...6...7...8...9...10Optimized: 87 visible clusters (1.87%)
Total clusters visible: 4663
Average clusters visible: 66
Building PAS...
Average clusters audible: 70
visdatasize:1831  compressed from 2240
writing c:\program files (x86)\steam\steamapps\common\sourcesdk_content\hl2mp\mapsrc\test.bsp
0 seconds elapsed



[Reading texlights from 'lights.rad']
[45 texlights parsed from 'lights.rad']

Loading c:\program files (x86)\steam\steamapps\common\sourcesdk_content\hl2mp\mapsrc\test.bsp
951 faces
37413 square feet [5387588.00 square inches]
0 Displacements
0 Square Feet [0.00 Square Inches]
951 patches before subdivision
52545 patches after subdivision
7 direct lights
0...1...2...3...4...5...6...7...8...9...100...1...2...3...4...5...6...7...8...9...10transfers 5798611, max 601
transfer lists:  44.2 megs
0...1...2...3...4...5...6...7...8...9...10	Bounce #1 added RGB(26578, 25931, 22388)
0...1...2...3...4...5...6...7...8...9...10	Bounce #2 added RGB(10822, 9823, 7197)
Build Patch/Sample Hash Table(s).....Done<0.0134 sec>
0...1...2...3...4...5...6...7...8...9...10FinalLightFace Done
0 of 0 (0% of) surface lights went in leaf ambient cubes.
0...1...2...3...4...5...6...7...8...9...10Writing leaf ambient...done
Ready to Finish

Object names       Objects/Maxobjs  Memory / Maxmem  Fullness 
------------       ---------------  ---------------  -------- 
models                  43/1024         2064/49152    ( 4.2%) 
brushes                123/8192         1476/98304    ( 1.5%) 
brushsides             873/65536        6984/524288   ( 1.3%) 
planes                1080/65536       21600/1310720  ( 1.6%) 
vertexes              1419/65536       17028/786432   ( 2.2%) 
nodes                  579/65536       18528/2097152  ( 0.9%) 
texinfos               165/12288       11880/884736   ( 1.3%) 
texdata                 27/2048          864/65536    ( 1.3%) 
dispinfos                0/0               0/0        ( 0.0%) 
disp_verts               0/0               0/0        ( 0.0%) 
disp_tris                0/0               0/0        ( 0.0%) 
disp_lmsamples           0/0               0/0        ( 0.0%) 
faces                  951/65536       53256/3670016  ( 1.5%) 
hdr faces                0/65536           0/3670016  ( 0.0%) 
origfaces              457/65536       25592/3670016  ( 0.7%) 
leaves                 623/65536       19936/2097152  ( 1.0%) 
leaffaces             2073/65536        4146/131072   ( 3.2%) 
leafbrushes            155/65536         310/131072   ( 0.2%) 
areas                    2/256            16/2048     ( 0.8%) 
surfedges             6167/512000      24668/2048000  ( 1.2%) 
edges                 3277/256000      13108/1024000  ( 1.3%) 
LDR worldlights          7/8192          616/720896   ( 0.1%) 
HDR worldlights          0/8192            0/720896   ( 0.0%) 
leafwaterdata            1/32768          12/393216   ( 0.0%) 
waterstrips             30/32768         300/327680   ( 0.1%) 
waterverts               0/65536           0/786432   ( 0.0%) 
waterindices           423/65536         846/131072   ( 0.6%) 
cubemapsamples           2/1024           32/16384    ( 0.2%) 
overlays                 0/512             0/180224   ( 0.0%) 
LDR lightdata         [variable]    10440912/0        ( 0.0%) 
HDR lightdata         [variable]           0/0        ( 0.0%) 
visdata               [variable]        1831/16777216 ( 0.0%) 
entdata               [variable]       47433/393216   (12.1%) 
LDR ambient table      623/65536        2492/262144   ( 1.0%) 
HDR ambient table      623/65536        2492/262144   ( 1.0%) 
LDR leaf ambient       886/65536       24808/1835008  ( 1.4%) 
HDR leaf ambient       623/65536       17444/1835008  ( 1.0%) 
occluders                0/0               0/0        ( 0.0%) 
occluder polygons        0/0               0/0        ( 0.0%) 
occluder vert ind        0/0               0/0        ( 0.0%) 
detail props          [variable]           1/12       ( 8.3%) 
static props          [variable]           1/828      ( 0.1%) 
pakfile               [variable]      320826/0        ( 0.0%) 
physics               [variable]       61305/4194304  ( 1.5%) 
physics terrain       [variable]           2/1048576  ( 0.0%) 

Level flags = 0

Total triangle count: 2389
Writing c:\program files (x86)\steam\steamapps\common\sourcesdk_content\hl2mp\mapsrc\test.bsp
3 seconds elapsed



materialPath: C:\Program Files (x86)\Steam\steamapps\common\Half-Life 2 Deathmatch\hl2mp\materials
Loading c:\program files (x86)\steam\steamapps\common\sourcesdk_content\hl2mp\mapsrc\test.vmf
ConVarRef mat_reduceparticles doesn't point to an existing ConVar
Could not locate 'GameData' key in c:\program files (x86)\steam\steamapps\common\half-life 2 deathmatch\hl2mp\gameinfo.txt
Patching WVT material: maps/test/dev/dev_blendmeasure_wvt_patch
fixing up env_cubemap materials on brush sides...
0...1...2...3...4...5...6...7...8...9...100...1...2...3...4...5...6...7...8...9...10Processing areas...done (0)
Building Faces...done (0)
Chop Details...done (0)
Find Visible Detail Sides...done (0)
Merging details...done (0)
FixTjuncs...
PruneNodes...
WriteBSP...
done (0)
writing c:\program files (x86)\steam\steamapps\common\sourcesdk_content\hl2mp\mapsrc\test.prt...Building visibility clusters...
done (0)
Creating default LDR cubemaps for env_cubemap using skybox materials:
   skybox/sky_day01_01*.vmt
 ! Run buildcubemaps in the engine to get the correct cube maps.
Creating default HDR cubemaps for env_cubemap using skybox materials:
   skybox/sky_day01_01*.vmt
 ! Run buildcubemaps in the engine to get the correct cube maps.
Finding displacement neighbors...
Finding lightmap sample positions...
Displacement Alpha : 0...1...2...3...4...5...6...7...8...9...10
Building Physics collision data...
done (0) (61305 bytes)
Placing detail props : 0...1...2...3...4...5...6...7...8...9...10
Compacting texture/material tables...
Reduced 406 texinfos to 165
Reduced 36 texdatas to 27 (1182 bytes to 911)
Writing c:\program files (x86)\steam\steamapps\common\sourcesdk_content\hl2mp\mapsrc\test.bsp
Wrote ZIP buffer, estimated size 323184, actual size 320826
0 seconds elapsed



12 threads
reading c:\program files (x86)\steam\steamapps\common\sourcesdk_content\hl2mp\mapsrc\test.bsp
reading c:\program files (x86)\steam\steamapps\common\sourcesdk_content\hl2mp\mapsrc\test.prt
  70 portalclusters
 203 numportals
0...1...2...3...4...5...6...7...8...9...10Optimized: 87 visible clusters (1.87%)
Total clusters visible: 4663
Average clusters visible: 66
Building PAS...
Average clusters audible: 70
visdatasize:1831  compressed from 2240
writing c:\program files (x86)\steam\steamapps\common\sourcesdk_content\hl2mp\mapsrc\test.bsp
0 seconds elapsed



[Reading texlights from 'lights.rad']
[45 texlights parsed from 'lights.rad']

Loading c:\program files (x86)\steam\steamapps\common\sourcesdk_content\hl2mp\mapsrc\test.bsp
951 faces
37413 square feet [5387588.00 square inches]
0 Displacements
0 Square Feet [0.00 Square Inches]
951 patches before subdivision
52545 patches after subdivision
7 direct lights
0...1...2...3...4...5...6...7...8...9...100...1...2...3...4...5...6...7...8...9...10transfers 5798623, max 601
transfer lists:  44.2 megs
0...1...2...3...4...5...6...7...8...9...10	Bounce #1 added RGB(26581, 25933, 22390)
0...1...2...3...4...5...6...7...8...9...10	Bounce #2 added RGB(10822, 9823, 7197)
Build Patch/Sample Hash Table(s).....Done<0.0119 sec>
0...1...2...3...4...5...6...7...8...9...10FinalLightFace Done
0 of 0 (0% of) surface lights went in leaf ambient cubes.
0...1...2...3...4...5...6...7...8...9...10Writing leaf ambient...done
Ready to Finish

Object names       Objects/Maxobjs  Memory / Maxmem  Fullness 
------------       ---------------  ---------------  -------- 
models                  43/1024         2064/49152    ( 4.2%) 
brushes                123/8192         1476/98304    ( 1.5%) 
brushsides             873/65536        6984/524288   ( 1.3%) 
planes                1078/65536       21560/1310720  ( 1.6%) 
vertexes              1419/65536       17028/786432   ( 2.2%) 
nodes                  579/65536       18528/2097152  ( 0.9%) 
texinfos               165/12288       11880/884736   ( 1.3%) 
texdata                 27/2048          864/65536    ( 1.3%) 
dispinfos                0/0               0/0        ( 0.0%) 
disp_verts               0/0               0/0        ( 0.0%) 
disp_tris                0/0               0/0        ( 0.0%) 
disp_lmsamples           0/0               0/0        ( 0.0%) 
faces                  951/65536       53256/3670016  ( 1.5%) 
hdr faces                0/65536           0/3670016  ( 0.0%) 
origfaces              457/65536       25592/3670016  ( 0.7%) 
leaves                 623/65536       19936/2097152  ( 1.0%) 
leaffaces             2073/65536        4146/131072   ( 3.2%) 
leafbrushes            155/65536         310/131072   ( 0.2%) 
areas                    2/256            16/2048     ( 0.8%) 
surfedges             6167/512000      24668/2048000  ( 1.2%) 
edges                 3277/256000      13108/1024000  ( 1.3%) 
LDR worldlights          7/8192          616/720896   ( 0.1%) 
HDR worldlights          0/8192            0/720896   ( 0.0%) 
leafwaterdata            1/32768          12/393216   ( 0.0%) 
waterstrips             30/32768         300/327680   ( 0.1%) 
waterverts               0/65536           0/786432   ( 0.0%) 
waterindices           423/65536         846/131072   ( 0.6%) 
cubemapsamples           2/1024           32/16384    ( 0.2%) 
overlays                 0/512             0/180224   ( 0.0%) 
LDR lightdata         [variable]    10440912/0        ( 0.0%) 
HDR lightdata         [variable]           0/0        ( 0.0%) 
visdata               [variable]        1831/16777216 ( 0.0%) 
entdata               [variable]       47437/393216   (12.1%) 
LDR ambient table      623/65536        2492/262144   ( 1.0%) 
HDR ambient table      623/65536        2492/262144   ( 1.0%) 
LDR leaf ambient       886/65536       24808/1835008  ( 1.4%) 
HDR leaf ambient       623/65536       17444/1835008  ( 1.0%) 
occluders                0/0               0/0        ( 0.0%) 
occluder polygons        0/0               0/0        ( 0.0%) 
occluder vert ind        0/0               0/0        ( 0.0%) 
detail props          [variable]           1/12       ( 8.3%) 
static props          [variable]           1/828      ( 0.1%) 
pakfile               [variable]      320826/0        ( 0.0%) 
physics               [variable]       61305/4194304  ( 1.5%) 
physics terrain       [variable]           2/1048576  ( 0.0%) 

Level flags = 0

Total triangle count: 2389
Writing c:\program files (x86)\steam\steamapps\common\sourcesdk_content\hl2mp\mapsrc\test.bsp
3 seconds elapsed



materialPath: C:\Program Files (x86)\Steam\steamapps\common\Half-Life 2 Deathmatch\hl2mp\materials
Loading c:\program files (x86)\steam\steamapps\common\sourcesdk_content\hl2mp\mapsrc\test.vmf
ConVarRef mat_reduceparticles doesn't point to an existing ConVar
Could not locate 'GameData' key in c:\program files (x86)\steam\steamapps\common\half-life 2 deathmatch\hl2mp\gameinfo.txt
Patching WVT material: maps/test/dev/dev_blendmeasure_wvt_patch
fixing up env_cubemap materials on brush sides...
0...1...2...3...4...5...6...7...8...9...100...1...2...3...4...5...6...7...8...9...10Processing areas...done (0)
Building Faces...done (0)
Chop Details...done (0)
Find Visible Detail Sides...done (0)
Merging details...done (0)
FixTjuncs...
PruneNodes...
WriteBSP...
done (0)
writing c:\program files (x86)\steam\steamapps\common\sourcesdk_content\hl2mp\mapsrc\test.prt...Building visibility clusters...
done (0)
Creating default LDR cubemaps for env_cubemap using skybox materials:
   skybox/sky_day01_01*.vmt
 ! Run buildcubemaps in the engine to get the correct cube maps.
Creating default HDR cubemaps for env_cubemap using skybox materials:
   skybox/sky_day01_01*.vmt
 ! Run buildcubemaps in the engine to get the correct cube maps.
Finding displacement neighbors...
Finding lightmap sample positions...
Displacement Alpha : 0...1...2...3...4...5...6...7...8...9...10
Building Physics collision data...
done (0) (61848 bytes)
Placing detail props : 0...1...2...3...4...5...6...7...8...9...10
Compacting texture/material tables...
Reduced 416 texinfos to 169
Reduced 36 texdatas to 27 (1182 bytes to 911)
Writing c:\program files (x86)\steam\steamapps\common\sourcesdk_content\hl2mp\mapsrc\test.bsp
Wrote ZIP buffer, estimated size 323184, actual size 320826
0 seconds elapsed



12 threads
reading c:\program files (x86)\steam\steamapps\common\sourcesdk_content\hl2mp\mapsrc\test.bsp
reading c:\program files (x86)\steam\steamapps\common\sourcesdk_content\hl2mp\mapsrc\test.prt
  70 portalclusters
 203 numportals
0...1...2...3...4...5...6...7...8...9...10Optimized: 87 visible clusters (1.87%)
Total clusters visible: 4663
Average clusters visible: 66
Building PAS...
Average clusters audible: 70
visdatasize:1831  compressed from 2240
writing c:\program files (x86)\steam\steamapps\common\sourcesdk_content\hl2mp\mapsrc\test.bsp
0 seconds elapsed



[Reading texlights from 'lights.rad']
[45 texlights parsed from 'lights.rad']

Loading c:\program files (x86)\steam\steamapps\common\sourcesdk_content\hl2mp\mapsrc\test.bsp
957 faces
37414 square feet [5387634.00 square inches]
0 Displacements
0 Square Feet [0.00 Square Inches]
957 patches before subdivision
52551 patches after subdivision
7 direct lights
0...1...2...3...4...5...6...7...8...9...100...1...2...3...4...5...6...7...8...9...10transfers 5800534, max 601
transfer lists:  44.3 megs
0...1...2...3...4...5...6...7...8...9...10	Bounce #1 added RGB(26599, 25951, 22405)
0...1...2...3...4...5...6...7...8...9...10	Bounce #2 added RGB(10825, 9826, 7199)
Build Patch/Sample Hash Table(s).....Done<0.0134 sec>
0...1...2...3...4...5...6...7...8...9...10FinalLightFace Done
0 of 0 (0% of) surface lights went in leaf ambient cubes.
0...1...2...3...4...5...6...7...8...9...10Writing leaf ambient...done
Ready to Finish

Object names       Objects/Maxobjs  Memory / Maxmem  Fullness 
------------       ---------------  ---------------  -------- 
models                  44/1024         2112/49152    ( 4.3%) 
brushes                124/8192         1488/98304    ( 1.5%) 
brushsides             879/65536        7032/524288   ( 1.3%) 
planes                1090/65536       21800/1310720  ( 1.7%) 
vertexes              1427/65536       17124/786432   ( 2.2%) 
nodes                  585/65536       18720/2097152  ( 0.9%) 
texinfos               169/12288       12168/884736   ( 1.4%) 
texdata                 27/2048          864/65536    ( 1.3%) 
dispinfos                0/0               0/0        ( 0.0%) 
disp_verts               0/0               0/0        ( 0.0%) 
disp_tris                0/0               0/0        ( 0.0%) 
disp_lmsamples           0/0               0/0        ( 0.0%) 
faces                  957/65536       53592/3670016  ( 1.5%) 
hdr faces                0/65536           0/3670016  ( 0.0%) 
origfaces              463/65536       25928/3670016  ( 0.7%) 
leaves                 630/65536       20160/2097152  ( 1.0%) 
leaffaces             2079/65536        4158/131072   ( 3.2%) 
leafbrushes            156/65536         312/131072   ( 0.2%) 
areas                    2/256            16/2048     ( 0.8%) 
surfedges             6215/512000      24860/2048000  ( 1.2%) 
edges                 3301/256000      13204/1024000  ( 1.3%) 
LDR worldlights          7/8192          616/720896   ( 0.1%) 
HDR worldlights          0/8192            0/720896   ( 0.0%) 
leafwaterdata            1/32768          12/393216   ( 0.0%) 
waterstrips             30/32768         300/327680   ( 0.1%) 
waterverts               0/65536           0/786432   ( 0.0%) 
waterindices           423/65536         846/131072   ( 0.6%) 
cubemapsamples           2/1024           32/16384    ( 0.2%) 
overlays                 0/512             0/180224   ( 0.0%) 
LDR lightdata         [variable]    10441524/0        ( 0.0%) 
HDR lightdata         [variable]           0/0        ( 0.0%) 
visdata               [variable]        1831/16777216 ( 0.0%) 
entdata               [variable]       47944/393216   (12.2%) 
LDR ambient table      630/65536        2520/262144   ( 1.0%) 
HDR ambient table      630/65536        2520/262144   ( 1.0%) 
LDR leaf ambient       892/65536       24976/1835008  ( 1.4%) 
HDR leaf ambient       630/65536       17640/1835008  ( 1.0%) 
occluders                0/0               0/0        ( 0.0%) 
occluder polygons        0/0               0/0        ( 0.0%) 
occluder vert ind        0/0               0/0        ( 0.0%) 
detail props          [variable]           1/12       ( 8.3%) 
static props          [variable]           1/828      ( 0.1%) 
pakfile               [variable]      320826/0        ( 0.0%) 
physics               [variable]       61848/4194304  ( 1.5%) 
physics terrain       [variable]           2/1048576  ( 0.0%) 

Level flags = 0

Total triangle count: 2401
Writing c:\program files (x86)\steam\steamapps\common\sourcesdk_content\hl2mp\mapsrc\test.bsp
3 seconds elapsed



materialPath: C:\Program Files (x86)\Steam\steamapps\common\Half-Life 2 Deathmatch\hl2mp\materials
Loading c:\program files (x86)\steam\steamapps\common\sourcesdk_content\hl2mp\mapsrc\test.vmf
ConVarRef mat_reduceparticles doesn't point to an existing ConVar
Could not locate 'GameData' key in c:\program files (x86)\steam\steamapps\common\half-life 2 deathmatch\hl2mp\gameinfo.txt
Patching WVT material: maps/test/dev/dev_blendmeasure_wvt_patch
fixing up env_cubemap materials on brush sides...
0...1...2...3...4...5...6...7...8...9...100...1...2...3...4...5...6...7...8...9...10Processing areas...done (0)
Building Faces...done (0)
Chop Details...done (0)
Find Visible Detail Sides...done (0)
Merging details...done (0)
FixTjuncs...
PruneNodes...
WriteBSP...
done (0)
writing c:\program files (x86)\steam\steamapps\common\sourcesdk_content\hl2mp\mapsrc\test.prt...Building visibility clusters...
done (0)
Creating default LDR cubemaps for env_cubemap using skybox materials:
   skybox/sky_day01_01*.vmt
 ! Run buildcubemaps in the engine to get the correct cube maps.
Creating default HDR cubemaps for env_cubemap using skybox materials:
   skybox/sky_day01_01*.vmt
 ! Run buildcubemaps in the engine to get the correct cube maps.
Finding displacement neighbors...
Finding lightmap sample positions...
Displacement Alpha : 0...1...2...3...4...5...6...7...8...9...10
Building Physics collision data...
done (0) (61849 bytes)
Placing detail props : 0...1...2...3...4...5...6...7...8...9...10
Compacting texture/material tables...
Reduced 416 texinfos to 169
Reduced 36 texdatas to 27 (1182 bytes to 911)
Writing c:\program files (x86)\steam\steamapps\common\sourcesdk_content\hl2mp\mapsrc\test.bsp
Wrote ZIP buffer, estimated size 323184, actual size 320826
0 seconds elapsed



12 threads
reading c:\program files (x86)\steam\steamapps\common\sourcesdk_content\hl2mp\mapsrc\test.bsp
reading c:\program files (x86)\steam\steamapps\common\sourcesdk_content\hl2mp\mapsrc\test.prt
  70 portalclusters
 203 numportals
0...1...2...3...4...5...6...7...8...9...10Optimized: 87 visible clusters (1.87%)
Total clusters visible: 4663
Average clusters visible: 66
Building PAS...
Average clusters audible: 70
visdatasize:1831  compressed from 2240
writing c:\program files (x86)\steam\steamapps\common\sourcesdk_content\hl2mp\mapsrc\test.bsp
0 seconds elapsed



[Reading texlights from 'lights.rad']
[45 texlights parsed from 'lights.rad']

Loading c:\program files (x86)\steam\steamapps\common\sourcesdk_content\hl2mp\mapsrc\test.bsp
957 faces
37414 square feet [5387682.00 square inches]
0 Displacements
0 Square Feet [0.00 Square Inches]
957 patches before subdivision
52551 patches after subdivision
7 direct lights
0...1...2...3...4...5...6...7...8...9...100...1...2...3...4...5...6...7...8...9...10transfers 5800531, max 601
transfer lists:  44.3 megs
0...1...2...3...4...5...6...7...8...9...10	Bounce #1 added RGB(26599, 25951, 22405)
0...1...2...3...4...5...6...7...8...9...10	Bounce #2 added RGB(10825, 9826, 7199)
Build Patch/Sample Hash Table(s).....Done<0.0110 sec>
0...1...2...3...4...5...6...7...8...9...10FinalLightFace Done
0 of 0 (0% of) surface lights went in leaf ambient cubes.
0...1...2...3...4...5...6...7...8...9...10Writing leaf ambient...done
Ready to Finish

Object names       Objects/Maxobjs  Memory / Maxmem  Fullness 
------------       ---------------  ---------------  -------- 
models                  44/1024         2112/49152    ( 4.3%) 
brushes                124/8192         1488/98304    ( 1.5%) 
brushsides             879/65536        7032/524288   ( 1.3%) 
planes                1088/65536       21760/1310720  ( 1.7%) 
vertexes              1427/65536       17124/786432   ( 2.2%) 
nodes                  585/65536       18720/2097152  ( 0.9%) 
texinfos               169/12288       12168/884736   ( 1.4%) 
texdata                 27/2048          864/65536    ( 1.3%) 
dispinfos                0/0               0/0        ( 0.0%) 
disp_verts               0/0               0/0        ( 0.0%) 
disp_tris                0/0               0/0        ( 0.0%) 
disp_lmsamples           0/0               0/0        ( 0.0%) 
faces                  957/65536       53592/3670016  ( 1.5%) 
hdr faces                0/65536           0/3670016  ( 0.0%) 
origfaces              463/65536       25928/3670016  ( 0.7%) 
leaves                 630/65536       20160/2097152  ( 1.0%) 
leaffaces             2079/65536        4158/131072   ( 3.2%) 
leafbrushes            156/65536         312/131072   ( 0.2%) 
areas                    2/256            16/2048     ( 0.8%) 
surfedges             6215/512000      24860/2048000  ( 1.2%) 
edges                 3301/256000      13204/1024000  ( 1.3%) 
LDR worldlights          7/8192          616/720896   ( 0.1%) 
HDR worldlights          0/8192            0/720896   ( 0.0%) 
leafwaterdata            1/32768          12/393216   ( 0.0%) 
waterstrips             30/32768         300/327680   ( 0.1%) 
waterverts               0/65536           0/786432   ( 0.0%) 
waterindices           423/65536         846/131072   ( 0.6%) 
cubemapsamples           2/1024           32/16384    ( 0.2%) 
overlays                 0/512             0/180224   ( 0.0%) 
LDR lightdata         [variable]    10441524/0        ( 0.0%) 
HDR lightdata         [variable]           0/0        ( 0.0%) 
visdata               [variable]        1831/16777216 ( 0.0%) 
entdata               [variable]       47942/393216   (12.2%) 
LDR ambient table      630/65536        2520/262144   ( 1.0%) 
HDR ambient table      630/65536        2520/262144   ( 1.0%) 
LDR leaf ambient       892/65536       24976/1835008  ( 1.4%) 
HDR leaf ambient       630/65536       17640/1835008  ( 1.0%) 
occluders                0/0               0/0        ( 0.0%) 
occluder polygons        0/0               0/0        ( 0.0%) 
occluder vert ind        0/0               0/0        ( 0.0%) 
detail props          [variable]           1/12       ( 8.3%) 
static props          [variable]           1/828      ( 0.1%) 
pakfile               [variable]      320826/0        ( 0.0%) 
physics               [variable]       61849/4194304  ( 1.5%) 
physics terrain       [variable]           2/1048576  ( 0.0%) 

Level flags = 0

Total triangle count: 2401
Writing c:\program files (x86)\steam\steamapps\common\sourcesdk_content\hl2mp\mapsrc\test.bsp
3 seconds elapsed



materialPath: Z:\home\omejzlik\.local\share\Steam\steamapps\common\Half-Life 2 Deathmatch\hl2mp\materials
Loading z:\home\other\mapsrc\test.vmf
ConVarRef mat_reduceparticles doesn't point to an existing ConVar
Could not locate 'GameData' key in z:\home\omejzlik\.local\share\steam\steamapps\common\half-life 2 deathmatch\hl2mp\gameinfo.txt
Patching WVT material: maps/test/dev/dev_blendmeasure_wvt_patch
fixing up env_cubemap materials on brush sides...
0...1...2...3...4...5...6...7...8...9...100...1...2...3...4...5...6...7...8...9...10Processing areas...done (0)
Building Faces...done (0)
Chop Details...done (0)
Find Visible Detail Sides...done (0)
Merging details...done (0)
FixTjuncs...
PruneNodes...
WriteBSP...
done (0)
writing z:\home\other\mapsrc\test.prt...Building visibility clusters...
done (0)
Creating default LDR cubemaps for env_cubemap using skybox materials:
   skybox/sky_day01_01*.vmt
 ! Run buildcubemaps in the engine to get the correct cube maps.
Creating default HDR cubemaps for env_cubemap using skybox materials:
   skybox/sky_day01_01*.vmt
 ! Run buildcubemaps in the engine to get the correct cube maps.
Finding displacement neighbors...
Finding lightmap sample positions...
Displacement Alpha : 0...1...2...3...4...5...6...7...8...9...10
Building Physics collision data...
done (0) (61305 bytes)
Placing detail props : 0...1...2...3...4...5...6...7...8...9...10
Compacting texture/material tables...
Reduced 406 texinfos to 165
Reduced 36 texdatas to 27 (1182 bytes to 911)
Writing z:\home\other\mapsrc\test.bsp
Wrote ZIP buffer, estimated size 323184, actual size 320826
0 seconds elapsed



4 threads
reading z:\home\other\mapsrc\test.bsp
reading z:\home\other\mapsrc\test.prt
  70 portalclusters
 203 numportals
0...1...2...3...4...5...6...7...8...9...10Optimized: 87 visible clusters (1.87%)
Total clusters visible: 4663
Average clusters visible: 66
Building PAS...
Average clusters audible: 70
visdatasize:1831  compressed from 2240
writing z:\home\other\mapsrc\test.bsp
0 seconds elapsed



Could not find lights.rad in lights.rad.
Trying VRAD BIN directory instead...
Warning: Couldn't open texlight file Z:\home\omejzlik\.local\share\Steam\steamapps\common\Half-Life 2 Deathmatch\bin\lights.rad.
Loading z:\home\other\mapsrc\test.bsp
951 faces
37413 square feet [5387588.00 square inches]
0 Displacements
0 Square Feet [0.00 Square Inches]
951 patches before subdivision
52529 patches after subdivision
7 direct lights
0...1...2...3...4...5...6...7...8...9...100...1...2...3...4...5...6...7...8...9...10transfers 5788038, max 600
transfer lists:  44.2 megs
0...1...2...3...4...5...6...7...8...9...10	Bounce #1 added RGB(26551, 25906, 22367)
0...1...2...3...4...5...6...7...8...9...10	Bounce #2 added RGB(10802, 9806, 7186)
Build Patch/Sample Hash Table(s).....Done<0.0102 sec>
0...1...2...3...4...5...6...7...8...9...10FinalLightFace Done
0 of 0 (0% of) surface lights went in leaf ambient cubes.
0...1...2...3...4...5...6...7...8...9...10Writing leaf ambient...done
Ready to Finish

Object names       Objects/Maxobjs  Memory / Maxmem  Fullness 
------------       ---------------  ---------------  -------- 
models                  43/1024         2064/49152    ( 4.2%) 
brushes                123/8192         1476/98304    ( 1.5%) 
brushsides             875/65536        7000/524288   ( 1.3%) 
planes                1084/65536       21680/1310720  ( 1.7%) 
vertexes              1423/65536       17076/786432   ( 2.2%) 
nodes                  579/65536       18528/2097152  ( 0.9%) 
texinfos               165/12288       11880/884736   ( 1.3%) 
texdata                 27/2048          864/65536    ( 1.3%) 
dispinfos                0/0               0/0        ( 0.0%) 
disp_verts               0/0               0/0        ( 0.0%) 
disp_tris                0/0               0/0        ( 0.0%) 
disp_lmsamples           0/0               0/0        ( 0.0%) 
faces                  951/65536       53256/3670016  ( 1.5%) 
hdr faces                0/65536           0/3670016  ( 0.0%) 
origfaces              457/65536       25592/3670016  ( 0.7%) 
leaves                 623/65536       19936/2097152  ( 1.0%) 
leaffaces             2073/65536        4146/131072   ( 3.2%) 
leafbrushes            157/65536         314/131072   ( 0.2%) 
areas                    2/256            16/2048     ( 0.8%) 
surfedges             6167/512000      24668/2048000  ( 1.2%) 
edges                 3279/256000      13116/1024000  ( 1.3%) 
LDR worldlights          7/8192          616/720896   ( 0.1%) 
HDR worldlights          0/8192            0/720896   ( 0.0%) 
leafwaterdata            1/32768          12/393216   ( 0.0%) 
waterstrips             30/32768         300/327680   ( 0.1%) 
waterverts               0/65536           0/786432   ( 0.0%) 
waterindices           423/65536         846/131072   ( 0.6%) 
cubemapsamples           2/1024           32/16384    ( 0.2%) 
overlays                 0/512             0/180224   ( 0.0%) 
LDR lightdata         [variable]    10783536/0        ( 0.0%) 
HDR lightdata         [variable]           0/0        ( 0.0%) 
visdata               [variable]        1831/16777216 ( 0.0%) 
entdata               [variable]       47781/393216   (12.2%) 
LDR ambient table      623/65536        2492/262144   ( 1.0%) 
HDR ambient table      623/65536        2492/262144   ( 1.0%) 
LDR leaf ambient       883/65536       24724/1835008  ( 1.3%) 
HDR leaf ambient       623/65536       17444/1835008  ( 1.0%) 
occluders                0/0               0/0        ( 0.0%) 
occluder polygons        0/0               0/0        ( 0.0%) 
occluder vert ind        0/0               0/0        ( 0.0%) 
detail props          [variable]           1/12       ( 8.3%) 
static props          [variable]           1/828      ( 0.1%) 
pakfile               [variable]      320826/0        ( 0.0%) 
physics               [variable]       61305/4194304  ( 1.5%) 
physics terrain       [variable]           2/1048576  ( 0.0%) 

Level flags = 0

Total triangle count: 2389
Writing z:\home\other\mapsrc\test.bsp
5 seconds elapsed



materialPath: Z:\home\omejzlik\.local\share\Steam\steamapps\common\Half-Life 2 Deathmatch\hl2mp\materials
Loading z:\home\other\mapsrc\test.vmf
ConVarRef mat_reduceparticles doesn't point to an existing ConVar
Could not locate 'GameData' key in z:\home\omejzlik\.local\share\steam\steamapps\common\half-life 2 deathmatch\hl2mp\gameinfo.txt
Patching WVT material: maps/test/dev/dev_blendmeasure_wvt_patch
fixing up env_cubemap materials on brush sides...
0...1...2...3...4...5...6...7...8...9...100...1...2...3...4...5...6...7...8...9...10Processing areas...done (0)
Building Faces...done (0)
Chop Details...done (0)
Find Visible Detail Sides...done (0)
Merging details...done (0)
FixTjuncs...
PruneNodes...
WriteBSP...
done (0)
writing z:\home\other\mapsrc\test.prt...Building visibility clusters...
done (0)
Creating default LDR cubemaps for env_cubemap using skybox materials:
   skybox/sky_day01_01*.vmt
 ! Run buildcubemaps in the engine to get the correct cube maps.
Creating default HDR cubemaps for env_cubemap using skybox materials:
   skybox/sky_day01_01*.vmt
 ! Run buildcubemaps in the engine to get the correct cube maps.
Finding displacement neighbors...
Finding lightmap sample positions...
Displacement Alpha : 0...1...2...3...4...5...6...7...8...9...10
Building Physics collision data...
done (0) (65079 bytes)
Placing detail props : 0...1...2...3...4...5...6...7...8...9...10
Compacting texture/material tables...
Reduced 439 texinfos to 165
Reduced 36 texdatas to 27 (1182 bytes to 911)
Writing z:\home\other\mapsrc\test.bsp
Wrote ZIP buffer, estimated size 323184, actual size 320826
0 seconds elapsed



4 threads
reading z:\home\other\mapsrc\test.bsp
reading z:\home\other\mapsrc\test.prt
  70 portalclusters
 203 numportals
0...1...2...3...4...5...6...7...8...9...10Optimized: 87 visible clusters (1.87%)
Total clusters visible: 4663
Average clusters visible: 66
Building PAS...
Average clusters audible: 70
visdatasize:1831  compressed from 2240
writing z:\home\other\mapsrc\test.bsp
0 seconds elapsed



Could not find lights.rad in lights.rad.
Trying VRAD BIN directory instead...
Warning: Couldn't open texlight file Z:\home\omejzlik\.local\share\Steam\steamapps\common\Half-Life 2 Deathmatch\bin\lights.rad.
Loading z:\home\other\mapsrc\test.bsp
951 faces
37413 square feet [5387588.00 square inches]
0 Displacements
0 Square Feet [0.00 Square Inches]
951 patches before subdivision
52529 patches after subdivision
7 direct lights
0...1...2...3...4...5...6...7...8...9...100...1...2...3...4...5...6...7...8...9...10transfers 5788038, max 600
transfer lists:  44.2 megs
0...1...2...3...4...5...6...7...8...9...10	Bounce #1 added RGB(26551, 25906, 22367)
0...1...2...3...4...5...6...7...8...9...10	Bounce #2 added RGB(10802, 9806, 7186)
Build Patch/Sample Hash Table(s).....Done<0.0092 sec>
0...1...2...3...4...5...6...7...8...9...10FinalLightFace Done
0 of 0 (0% of) surface lights went in leaf ambient cubes.
0...1...2...3...4...5...6...7...8...9...10Writing leaf ambient...done
Ready to Finish

Object names       Objects/Maxobjs  Memory / Maxmem  Fullness 
------------       ---------------  ---------------  -------- 
models                  45/1024         2160/49152    ( 4.4%) 
brushes                130/8192         1560/98304    ( 1.6%) 
brushsides             920/65536        7360/524288   ( 1.4%) 
planes                1124/65536       22480/1310720  ( 1.7%) 
vertexes              1477/65536       17724/786432   ( 2.3%) 
nodes                  613/65536       19616/2097152  ( 0.9%) 
texinfos               165/12288       11880/884736   ( 1.3%) 
texdata                 27/2048          864/65536    ( 1.3%) 
dispinfos                0/0               0/0        ( 0.0%) 
disp_verts               0/0               0/0        ( 0.0%) 
disp_tris                0/0               0/0        ( 0.0%) 
disp_lmsamples           0/0               0/0        ( 0.0%) 
faces                  951/65536       53256/3670016  ( 1.5%) 
hdr faces                0/65536           0/3670016  ( 0.0%) 
origfaces              457/65536       25592/3670016  ( 0.7%) 
leaves                 659/65536       21088/2097152  ( 1.0%) 
leaffaces             2073/65536        4146/131072   ( 3.2%) 
leafbrushes            164/65536         328/131072   ( 0.3%) 
areas                    2/256            16/2048     ( 0.8%) 
surfedges             6167/512000      24668/2048000  ( 1.2%) 
edges                 3279/256000      13116/1024000  ( 1.3%) 
LDR worldlights          7/8192          616/720896   ( 0.1%) 
HDR worldlights          0/8192            0/720896   ( 0.0%) 
leafwaterdata            1/32768          12/393216   ( 0.0%) 
waterstrips             30/32768         300/327680   ( 0.1%) 
waterverts               0/65536           0/786432   ( 0.0%) 
waterindices           423/65536         846/131072   ( 0.6%) 
cubemapsamples           2/1024           32/16384    ( 0.2%) 
overlays                 0/512             0/180224   ( 0.0%) 
LDR lightdata         [variable]    10783536/0        ( 0.0%) 
HDR lightdata         [variable]           0/0        ( 0.0%) 
visdata               [variable]        1831/16777216 ( 0.0%) 
entdata               [variable]       49560/393216   (12.6%) 
LDR ambient table      659/65536        2636/262144   ( 1.0%) 
HDR ambient table      659/65536        2636/262144   ( 1.0%) 
LDR leaf ambient       932/65536       26096/1835008  ( 1.4%) 
HDR leaf ambient       659/65536       18452/1835008  ( 1.0%) 
occluders                0/0               0/0        ( 0.0%) 
occluder polygons        0/0               0/0        ( 0.0%) 
occluder vert ind        0/0               0/0        ( 0.0%) 
detail props          [variable]           1/12       ( 8.3%) 
static props          [variable]           1/828      ( 0.1%) 
pakfile               [variable]      320826/0        ( 0.0%) 
physics               [variable]       65079/4194304  ( 1.6%) 
physics terrain       [variable]           2/1048576  ( 0.0%) 

Level flags = 0

Total triangle count: 2389
Writing z:\home\other\mapsrc\test.bsp
4 seconds elapsed



materialPath: Z:\home\omejzlik\.local\share\Steam\steamapps\common\Half-Life 2 Deathmatch\hl2mp\materials
Loading z:\home\other\mapsrc\test.vmf
ConVarRef mat_reduceparticles doesn't point to an existing ConVar
Could not locate 'GameData' key in z:\home\omejzlik\.local\share\steam\steamapps\common\half-life 2 deathmatch\hl2mp\gameinfo.txt
Patching WVT material: maps/test/dev/dev_blendmeasure_wvt_patch
fixing up env_cubemap materials on brush sides...
0...1...2...3...4...5...6...7...8...9...100...1...2...3...4...5...6...7...8...9...10Processing areas...done (0)
Building Faces...done (0)
Chop Details...done (0)
Find Visible Detail Sides...done (0)
Merging details...done (0)
FixTjuncs...
PruneNodes...
WriteBSP...
done (0)
writing z:\home\other\mapsrc\test.prt...Building visibility clusters...
done (0)
Creating default LDR cubemaps for env_cubemap using skybox materials:
   skybox/sky_day01_01*.vmt
 ! Run buildcubemaps in the engine to get the correct cube maps.
Creating default HDR cubemaps for env_cubemap using skybox materials:
   skybox/sky_day01_01*.vmt
 ! Run buildcubemaps in the engine to get the correct cube maps.
Finding displacement neighbors...
Finding lightmap sample positions...
Displacement Alpha : 0...1...2...3...4...5...6...7...8...9...10
Building Physics collision data...
done (0) (65079 bytes)
Placing detail props : 0...1...2...3...4...5...6...7...8...9...10
Compacting texture/material tables...
Reduced 439 texinfos to 165
Reduced 36 texdatas to 27 (1182 bytes to 911)
Writing z:\home\other\mapsrc\test.bsp
Wrote ZIP buffer, estimated size 323184, actual size 320826
0 seconds elapsed



4 threads
reading z:\home\other\mapsrc\test.bsp
reading z:\home\other\mapsrc\test.prt
  70 portalclusters
 203 numportals
0...1...2...3...4...5...6...7...8...9...10Optimized: 87 visible clusters (1.87%)
Total clusters visible: 4663
Average clusters visible: 66
Building PAS...
Average clusters audible: 70
visdatasize:1831  compressed from 2240
writing z:\home\other\mapsrc\test.bsp
0 seconds elapsed



Could not find lights.rad in lights.rad.
Trying VRAD BIN directory instead...
Warning: Couldn't open texlight file Z:\home\omejzlik\.local\share\Steam\steamapps\common\Half-Life 2 Deathmatch\bin\lights.rad.
Loading z:\home\other\mapsrc\test.bsp
951 faces
37413 square feet [5387588.00 square inches]
0 Displacements
0 Square Feet [0.00 Square Inches]
951 patches before subdivision
52529 patches after subdivision
7 direct lights
0...1...2...3...4...5...6...7...8...9...100...1...2...3...4...5...6...7...8...9...10transfers 5788038, max 600
transfer lists:  44.2 megs
0...1...2...3...4...5...6...7...8...9...10	Bounce #1 added RGB(26551, 25906, 22367)
0...1...2...3...4...5...6...7...8...9...10	Bounce #2 added RGB(10802, 9806, 7186)
Build Patch/Sample Hash Table(s).....Done<0.0115 sec>
0...1...2...3...4...5...6...7...8...9...10FinalLightFace Done
0 of 0 (0% of) surface lights went in leaf ambient cubes.
0...1...2...3...4...5...6...7...8...9...10Writing leaf ambient...done
Ready to Finish

Object names       Objects/Maxobjs  Memory / Maxmem  Fullness 
------------       ---------------  ---------------  -------- 
models                  45/1024         2160/49152    ( 4.4%) 
brushes                130/8192         1560/98304    ( 1.6%) 
brushsides             920/65536        7360/524288   ( 1.4%) 
planes                1124/65536       22480/1310720  ( 1.7%) 
vertexes              1477/65536       17724/786432   ( 2.3%) 
nodes                  613/65536       19616/2097152  ( 0.9%) 
texinfos               165/12288       11880/884736   ( 1.3%) 
texdata                 27/2048          864/65536    ( 1.3%) 
dispinfos                0/0               0/0        ( 0.0%) 
disp_verts               0/0               0/0        ( 0.0%) 
disp_tris                0/0               0/0        ( 0.0%) 
disp_lmsamples           0/0               0/0        ( 0.0%) 
faces                  951/65536       53256/3670016  ( 1.5%) 
hdr faces                0/65536           0/3670016  ( 0.0%) 
origfaces              457/65536       25592/3670016  ( 0.7%) 
leaves                 659/65536       21088/2097152  ( 1.0%) 
leaffaces             2073/65536        4146/131072   ( 3.2%) 
leafbrushes            164/65536         328/131072   ( 0.3%) 
areas                    2/256            16/2048     ( 0.8%) 
surfedges             6167/512000      24668/2048000  ( 1.2%) 
edges                 3279/256000      13116/1024000  ( 1.3%) 
LDR worldlights          7/8192          616/720896   ( 0.1%) 
HDR worldlights          0/8192            0/720896   ( 0.0%) 
leafwaterdata            1/32768          12/393216   ( 0.0%) 
waterstrips             30/32768         300/327680   ( 0.1%) 
waterverts               0/65536           0/786432   ( 0.0%) 
waterindices           423/65536         846/131072   ( 0.6%) 
cubemapsamples           2/1024           32/16384    ( 0.2%) 
overlays                 0/512             0/180224   ( 0.0%) 
LDR lightdata         [variable]    10783536/0        ( 0.0%) 
HDR lightdata         [variable]           0/0        ( 0.0%) 
visdata               [variable]        1831/16777216 ( 0.0%) 
entdata               [variable]       49943/393216   (12.7%) 
LDR ambient table      659/65536        2636/262144   ( 1.0%) 
HDR ambient table      659/65536        2636/262144   ( 1.0%) 
LDR leaf ambient       932/65536       26096/1835008  ( 1.4%) 
HDR leaf ambient       659/65536       18452/1835008  ( 1.0%) 
occluders                0/0               0/0        ( 0.0%) 
occluder polygons        0/0               0/0        ( 0.0%) 
occluder vert ind        0/0               0/0        ( 0.0%) 
detail props          [variable]           1/12       ( 8.3%) 
static props          [variable]           1/828      ( 0.1%) 
pakfile               [variable]      320826/0        ( 0.0%) 
physics               [variable]       65079/4194304  ( 1.6%) 
physics terrain       [variable]           2/1048576  ( 0.0%) 

Level flags = 0

Total triangle count: 2389
Writing z:\home\other\mapsrc\test.bsp
6 seconds elapsed



materialPath: Z:\home\omejzlik\.local\share\Steam\steamapps\common\Half-Life 2 Deathmatch\hl2mp\materials
Loading z:\home\other\mapsrc\test.vmf
ConVarRef mat_reduceparticles doesn't point to an existing ConVar
Could not locate 'GameData' key in z:\home\omejzlik\.local\share\steam\steamapps\common\half-life 2 deathmatch\hl2mp\gameinfo.txt
Patching WVT material: maps/test/dev/dev_blendmeasure_wvt_patch
fixing up env_cubemap materials on brush sides...
0...1...2...3...4...5...6...7...8...9...100...1...2...3...4...5...6...7...8...9...10Processing areas...done (0)
Building Faces...done (0)
Chop Details...done (0)
Find Visible Detail Sides...done (0)
Merging details...done (0)
FixTjuncs...
PruneNodes...
WriteBSP...
done (0)
writing z:\home\other\mapsrc\test.prt...Building visibility clusters...
done (0)
Creating default LDR cubemaps for env_cubemap using skybox materials:
   skybox/sky_day01_01*.vmt
 ! Run buildcubemaps in the engine to get the correct cube maps.
Creating default HDR cubemaps for env_cubemap using skybox materials:
   skybox/sky_day01_01*.vmt
 ! Run buildcubemaps in the engine to get the correct cube maps.
Finding displacement neighbors...
Finding lightmap sample positions...
Displacement Alpha : 0...1...2...3...4...5...6...7...8...9...10
Building Physics collision data...
done (0) (65079 bytes)
Placing detail props : 0...1...2...3...4...5...6...7...8...9...10
Compacting texture/material tables...
Reduced 439 texinfos to 165
Reduced 36 texdatas to 27 (1182 bytes to 911)
Writing z:\home\other\mapsrc\test.bsp
Wrote ZIP buffer, estimated size 323184, actual size 320826
0 seconds elapsed



4 threads
reading z:\home\other\mapsrc\test.bsp
reading z:\home\other\mapsrc\test.prt
  70 portalclusters
 203 numportals
0...1...2...3...4...5...6...7...8...9...10Optimized: 87 visible clusters (1.87%)
Total clusters visible: 4663
Average clusters visible: 66
Building PAS...
Average clusters audible: 70
visdatasize:1831  compressed from 2240
writing z:\home\other\mapsrc\test.bsp
0 seconds elapsed



Could not find lights.rad in lights.rad.
Trying VRAD BIN directory instead...
Warning: Couldn't open texlight file Z:\home\omejzlik\.local\share\Steam\steamapps\common\Half-Life 2 Deathmatch\bin\lights.rad.
Loading z:\home\other\mapsrc\test.bsp
951 faces
37413 square feet [5387588.00 square inches]
0 Displacements
0 Square Feet [0.00 Square Inches]
951 patches before subdivision
52529 patches after subdivision
7 direct lights
0...1...2...3...4...5...6...7...8...9...100...1...2...3...4...5...6...7...8...9...10transfers 5788038, max 600
transfer lists:  44.2 megs
0...1...2...3...4...5...6...7...8...9...10	Bounce #1 added RGB(26551, 25906, 22367)
0...1...2...3...4...5...6...7...8...9...10	Bounce #2 added RGB(10802, 9806, 7186)
Build Patch/Sample Hash Table(s).....Done<0.0147 sec>
0...1...2...3...4...5...6...7...8...9...10FinalLightFace Done
0 of 0 (0% of) surface lights went in leaf ambient cubes.
0...1...2...3...4...5...6...7...8...9...10Writing leaf ambient...done
Ready to Finish

Object names       Objects/Maxobjs  Memory / Maxmem  Fullness 
------------       ---------------  ---------------  -------- 
models                  45/1024         2160/49152    ( 4.4%) 
brushes                130/8192         1560/98304    ( 1.6%) 
brushsides             920/65536        7360/524288   ( 1.4%) 
planes                1124/65536       22480/1310720  ( 1.7%) 
vertexes              1477/65536       17724/786432   ( 2.3%) 
nodes                  613/65536       19616/2097152  ( 0.9%) 
texinfos               165/12288       11880/884736   ( 1.3%) 
texdata                 27/2048          864/65536    ( 1.3%) 
dispinfos                0/0               0/0        ( 0.0%) 
disp_verts               0/0               0/0        ( 0.0%) 
disp_tris                0/0               0/0        ( 0.0%) 
disp_lmsamples           0/0               0/0        ( 0.0%) 
faces                  951/65536       53256/3670016  ( 1.5%) 
hdr faces                0/65536           0/3670016  ( 0.0%) 
origfaces              457/65536       25592/3670016  ( 0.7%) 
leaves                 659/65536       21088/2097152  ( 1.0%) 
leaffaces             2073/65536        4146/131072   ( 3.2%) 
leafbrushes            164/65536         328/131072   ( 0.3%) 
areas                    2/256            16/2048     ( 0.8%) 
surfedges             6167/512000      24668/2048000  ( 1.2%) 
edges                 3279/256000      13116/1024000  ( 1.3%) 
LDR worldlights          7/8192          616/720896   ( 0.1%) 
HDR worldlights          0/8192            0/720896   ( 0.0%) 
leafwaterdata            1/32768          12/393216   ( 0.0%) 
waterstrips             30/32768         300/327680   ( 0.1%) 
waterverts               0/65536           0/786432   ( 0.0%) 
waterindices           423/65536         846/131072   ( 0.6%) 
cubemapsamples           2/1024           32/16384    ( 0.2%) 
overlays                 0/512             0/180224   ( 0.0%) 
LDR lightdata         [variable]    10783536/0        ( 0.0%) 
HDR lightdata         [variable]           0/0        ( 0.0%) 
visdata               [variable]        1831/16777216 ( 0.0%) 
entdata               [variable]       49944/393216   (12.7%) 
LDR ambient table      659/65536        2636/262144   ( 1.0%) 
HDR ambient table      659/65536        2636/262144   ( 1.0%) 
LDR leaf ambient       932/65536       26096/1835008  ( 1.4%) 
HDR leaf ambient       659/65536       18452/1835008  ( 1.0%) 
occluders                0/0               0/0        ( 0.0%) 
occluder polygons        0/0               0/0        ( 0.0%) 
occluder vert ind        0/0               0/0        ( 0.0%) 
detail props          [variable]           1/12       ( 8.3%) 
static props          [variable]           1/828      ( 0.1%) 
pakfile               [variable]      320826/0        ( 0.0%) 
physics               [variable]       65079/4194304  ( 1.6%) 
physics terrain       [variable]           2/1048576  ( 0.0%) 

Level flags = 0

Total triangle count: 2389
Writing z:\home\other\mapsrc\test.bsp
6 seconds elapsed



materialPath: Z:\home\omejzlik\.local\share\Steam\steamapps\common\Half-Life 2 Deathmatch\hl2mp\materials
Loading z:\home\other\mapsrc\test.vmf
ConVarRef mat_reduceparticles doesn't point to an existing ConVar
Could not locate 'GameData' key in z:\home\omejzlik\.local\share\steam\steamapps\common\half-life 2 deathmatch\hl2mp\gameinfo.txt
Patching WVT material: maps/test/dev/dev_blendmeasure_wvt_patch
fixing up env_cubemap materials on brush sides...
0...1...2...3...4...5...6...7...8...9...100...1...2...3...4...5...6...7...8...9...10Processing areas...done (0)
Building Faces...done (0)
Chop Details...done (0)
Find Visible Detail Sides...done (0)
Merging details...done (0)
FixTjuncs...
PruneNodes...
WriteBSP...
done (0)
writing z:\home\other\mapsrc\test.prt...Building visibility clusters...
done (0)
Creating default LDR cubemaps for env_cubemap using skybox materials:
   skybox/sky_day01_01*.vmt
 ! Run buildcubemaps in the engine to get the correct cube maps.
Creating default HDR cubemaps for env_cubemap using skybox materials:
   skybox/sky_day01_01*.vmt
 ! Run buildcubemaps in the engine to get the correct cube maps.
Finding displacement neighbors...
Finding lightmap sample positions...
Displacement Alpha : 0...1...2...3...4...5...6...7...8...9...10
Building Physics collision data...
done (0) (65079 bytes)
Placing detail props : 0...1...2...3...4...5...6...7...8...9...10
Compacting texture/material tables...
Reduced 439 texinfos to 165
Reduced 36 texdatas to 27 (1182 bytes to 911)
Writing z:\home\other\mapsrc\test.bsp
Wrote ZIP buffer, estimated size 323184, actual size 320826
0 seconds elapsed



4 threads
reading z:\home\other\mapsrc\test.bsp
reading z:\home\other\mapsrc\test.prt
  70 portalclusters
 203 numportals
0...1...2...3...4...5...6...7...8...9...10Optimized: 87 visible clusters (1.87%)
Total clusters visible: 4663
Average clusters visible: 66
Building PAS...
Average clusters audible: 70
visdatasize:1831  compressed from 2240
writing z:\home\other\mapsrc\test.bsp
0 seconds elapsed



Could not find lights.rad in lights.rad.
Trying VRAD BIN directory instead...
Warning: Couldn't open texlight file Z:\home\omejzlik\.local\share\Steam\steamapps\common\Half-Life 2 Deathmatch\bin\lights.rad.
Loading z:\home\other\mapsrc\test.bsp
951 faces
37413 square feet [5387588.00 square inches]
0 Displacements
0 Square Feet [0.00 Square Inches]
951 patches before subdivision
52529 patches after subdivision
7 direct lights
0...1...2...3...4...5...6...7...8...9...100...1...2...3...4...5...6...7...8...9...10transfers 5788038, max 600
transfer lists:  44.2 megs
0...1...2...3...4...5...6...7...8...9...10	Bounce #1 added RGB(26551, 25906, 22367)
0...1...2...3...4...5...6...7...8...9...10	Bounce #2 added RGB(10802, 9806, 7186)
Build Patch/Sample Hash Table(s).....Done<0.0194 sec>
0...1...2...3...4...5...6...7...8...9...10FinalLightFace Done
0 of 0 (0% of) surface lights went in leaf ambient cubes.
0...1...2...3...4...5...6...7...8...9...10Writing leaf ambient...done
Ready to Finish

Object names       Objects/Maxobjs  Memory / Maxmem  Fullness 
------------       ---------------  ---------------  -------- 
models                  45/1024         2160/49152    ( 4.4%) 
brushes                130/8192         1560/98304    ( 1.6%) 
brushsides             920/65536        7360/524288   ( 1.4%) 
planes                1124/65536       22480/1310720  ( 1.7%) 
vertexes              1477/65536       17724/786432   ( 2.3%) 
nodes                  613/65536       19616/2097152  ( 0.9%) 
texinfos               165/12288       11880/884736   ( 1.3%) 
texdata                 27/2048          864/65536    ( 1.3%) 
dispinfos                0/0               0/0        ( 0.0%) 
disp_verts               0/0               0/0        ( 0.0%) 
disp_tris                0/0               0/0        ( 0.0%) 
disp_lmsamples           0/0               0/0        ( 0.0%) 
faces                  951/65536       53256/3670016  ( 1.5%) 
hdr faces                0/65536           0/3670016  ( 0.0%) 
origfaces              457/65536       25592/3670016  ( 0.7%) 
leaves                 659/65536       21088/2097152  ( 1.0%) 
leaffaces             2073/65536        4146/131072   ( 3.2%) 
leafbrushes            164/65536         328/131072   ( 0.3%) 
areas                    2/256            16/2048     ( 0.8%) 
surfedges             6167/512000      24668/2048000  ( 1.2%) 
edges                 3279/256000      13116/1024000  ( 1.3%) 
LDR worldlights          7/8192          616/720896   ( 0.1%) 
HDR worldlights          0/8192            0/720896   ( 0.0%) 
leafwaterdata            1/32768          12/393216   ( 0.0%) 
waterstrips             30/32768         300/327680   ( 0.1%) 
waterverts               0/65536           0/786432   ( 0.0%) 
waterindices           423/65536         846/131072   ( 0.6%) 
cubemapsamples           2/1024           32/16384    ( 0.2%) 
overlays                 0/512             0/180224   ( 0.0%) 
LDR lightdata         [variable]    10783536/0        ( 0.0%) 
HDR lightdata         [variable]           0/0        ( 0.0%) 
visdata               [variable]        1831/16777216 ( 0.0%) 
entdata               [variable]       50705/393216   (12.9%) 
LDR ambient table      659/65536        2636/262144   ( 1.0%) 
HDR ambient table      659/65536        2636/262144   ( 1.0%) 
LDR leaf ambient       932/65536       26096/1835008  ( 1.4%) 
HDR leaf ambient       659/65536       18452/1835008  ( 1.0%) 
occluders                0/0               0/0        ( 0.0%) 
occluder polygons        0/0               0/0        ( 0.0%) 
occluder vert ind        0/0               0/0        ( 0.0%) 
detail props          [variable]           1/12       ( 8.3%) 
static props          [variable]           1/828      ( 0.1%) 
pakfile               [variable]      320826/0        ( 0.0%) 
physics               [variable]       65079/4194304  ( 1.6%) 
physics terrain       [variable]           2/1048576  ( 0.0%) 

Level flags = 0

Total triangle count: 2389
Writing z:\home\other\mapsrc\test.bsp
8 seconds elapsed



materialPath: Z:\home\omejzlik\.local\share\Steam\steamapps\common\Half-Life 2 Deathmatch\hl2mp\materials
Loading z:\home\other\mapsrc\test.vmf
ConVarRef mat_reduceparticles doesn't point to an existing ConVar
Could not locate 'GameData' key in z:\home\omejzlik\.local\share\steam\steamapps\common\half-life 2 deathmatch\hl2mp\gameinfo.txt
Patching WVT material: maps/test/dev/dev_blendmeasure_wvt_patch
fixing up env_cubemap materials on brush sides...
0...1...2...3...4...5...6...7...8...9...100...1...2...3...4...5...6...7...8...9...10Processing areas...done (0)
Building Faces...done (0)
Chop Details...done (0)
Find Visible Detail Sides...done (0)
Merging details...done (0)
FixTjuncs...
PruneNodes...
WriteBSP...
done (0)
writing z:\home\other\mapsrc\test.prt...Building visibility clusters...
done (0)
Creating default LDR cubemaps for env_cubemap using skybox materials:
   skybox/sky_day01_01*.vmt
 ! Run buildcubemaps in the engine to get the correct cube maps.
Creating default HDR cubemaps for env_cubemap using skybox materials:
   skybox/sky_day01_01*.vmt
 ! Run buildcubemaps in the engine to get the correct cube maps.
Finding displacement neighbors...
Finding lightmap sample positions...
Displacement Alpha : 0...1...2...3...4...5...6...7...8...9...10
Building Physics collision data...
done (0) (65079 bytes)
Placing detail props : 0...1...2...3...4...5...6...7...8...9...10
Compacting texture/material tables...
Reduced 439 texinfos to 165
Reduced 36 texdatas to 27 (1182 bytes to 911)
Writing z:\home\other\mapsrc\test.bsp
Wrote ZIP buffer, estimated size 323184, actual size 320826
0 seconds elapsed



4 threads
reading z:\home\other\mapsrc\test.bsp
reading z:\home\other\mapsrc\test.prt
  70 portalclusters
 203 numportals
0...1...2...3...4...5...6...7...8...9...10Optimized: 87 visible clusters (1.87%)
Total clusters visible: 4663
Average clusters visible: 66
Building PAS...
Average clusters audible: 70
visdatasize:1831  compressed from 2240
writing z:\home\other\mapsrc\test.bsp
0 seconds elapsed



Could not find lights.rad in lights.rad.
Trying VRAD BIN directory instead...
Warning: Couldn't open texlight file Z:\home\omejzlik\.local\share\Steam\steamapps\common\Half-Life 2 Deathmatch\bin\lights.rad.
Loading z:\home\other\mapsrc\test.bsp
951 faces
37413 square feet [5387588.00 square inches]
0 Displacements
0 Square Feet [0.00 Square Inches]
951 patches before subdivision
52529 patches after subdivision
7 direct lights
0...1...2...3...4...5...6...7...8...9...100...1...2...3...4...5...6...7...8...9...10transfers 5788038, max 600
transfer lists:  44.2 megs
0...1...2...3...4...5...6...7...8...9...10	Bounce #1 added RGB(26551, 25906, 22367)
0...1...2...3...4...5...6...7...8...9...10	Bounce #2 added RGB(10802, 9806, 7186)
Build Patch/Sample Hash Table(s).....Done<0.0129 sec>
0...1...2...3...4...5...6...7...8...9...10FinalLightFace Done
0 of 0 (0% of) surface lights went in leaf ambient cubes.
0...1...2...3...4...5...6...7...8...9...10Writing leaf ambient...done
Ready to Finish

Object names       Objects/Maxobjs  Memory / Maxmem  Fullness 
------------       ---------------  ---------------  -------- 
models                  45/1024         2160/49152    ( 4.4%) 
brushes                130/8192         1560/98304    ( 1.6%) 
brushsides             920/65536        7360/524288   ( 1.4%) 
planes                1124/65536       22480/1310720  ( 1.7%) 
vertexes              1477/65536       17724/786432   ( 2.3%) 
nodes                  613/65536       19616/2097152  ( 0.9%) 
texinfos               165/12288       11880/884736   ( 1.3%) 
texdata                 27/2048          864/65536    ( 1.3%) 
dispinfos                0/0               0/0        ( 0.0%) 
disp_verts               0/0               0/0        ( 0.0%) 
disp_tris                0/0               0/0        ( 0.0%) 
disp_lmsamples           0/0               0/0        ( 0.0%) 
faces                  951/65536       53256/3670016  ( 1.5%) 
hdr faces                0/65536           0/3670016  ( 0.0%) 
origfaces              457/65536       25592/3670016  ( 0.7%) 
leaves                 659/65536       21088/2097152  ( 1.0%) 
leaffaces             2073/65536        4146/131072   ( 3.2%) 
leafbrushes            164/65536         328/131072   ( 0.3%) 
areas                    2/256            16/2048     ( 0.8%) 
surfedges             6167/512000      24668/2048000  ( 1.2%) 
edges                 3279/256000      13116/1024000  ( 1.3%) 
LDR worldlights          7/8192          616/720896   ( 0.1%) 
HDR worldlights          0/8192            0/720896   ( 0.0%) 
leafwaterdata            1/32768          12/393216   ( 0.0%) 
waterstrips             30/32768         300/327680   ( 0.1%) 
waterverts               0/65536           0/786432   ( 0.0%) 
waterindices           423/65536         846/131072   ( 0.6%) 
cubemapsamples           2/1024           32/16384    ( 0.2%) 
overlays                 0/512             0/180224   ( 0.0%) 
LDR lightdata         [variable]    10783536/0        ( 0.0%) 
HDR lightdata         [variable]           0/0        ( 0.0%) 
visdata               [variable]        1831/16777216 ( 0.0%) 
entdata               [variable]       50673/393216   (12.9%) 
LDR ambient table      659/65536        2636/262144   ( 1.0%) 
HDR ambient table      659/65536        2636/262144   ( 1.0%) 
LDR leaf ambient       932/65536       26096/1835008  ( 1.4%) 
HDR leaf ambient       659/65536       18452/1835008  ( 1.0%) 
occluders                0/0               0/0        ( 0.0%) 
occluder polygons        0/0               0/0        ( 0.0%) 
occluder vert ind        0/0               0/0        ( 0.0%) 
detail props          [variable]           1/12       ( 8.3%) 
static props          [variable]           1/828      ( 0.1%) 
pakfile               [variable]      320826/0        ( 0.0%) 
physics               [variable]       65079/4194304  ( 1.6%) 
physics terrain       [variable]           2/1048576  ( 0.0%) 

Level flags = 0

Total triangle count: 2389
Writing z:\home\other\mapsrc\test.bsp
8 seconds elapsed



materialPath: Z:\home\omejzlik\.local\share\Steam\steamapps\common\Half-Life 2 Deathmatch\hl2mp\materials
Loading z:\home\other\mapsrc\test.vmf
ConVarRef mat_reduceparticles doesn't point to an existing ConVar
Could not locate 'GameData' key in z:\home\omejzlik\.local\share\steam\steamapps\common\half-life 2 deathmatch\hl2mp\gameinfo.txt
Patching WVT material: maps/test/dev/dev_blendmeasure_wvt_patch
fixing up env_cubemap materials on brush sides...
0...1...2...3...4...5...6...7...8...9...100...1...2...3...4...5...6...7...8...9...10Processing areas...done (0)
Building Faces...done (0)
Chop Details...done (0)
Find Visible Detail Sides...done (0)
Merging details...done (0)
FixTjuncs...
PruneNodes...
WriteBSP...
done (0)
writing z:\home\other\mapsrc\test.prt...Building visibility clusters...
done (0)
Creating default LDR cubemaps for env_cubemap using skybox materials:
   skybox/sky_day01_01*.vmt
 ! Run buildcubemaps in the engine to get the correct cube maps.
Creating default HDR cubemaps for env_cubemap using skybox materials:
   skybox/sky_day01_01*.vmt
 ! Run buildcubemaps in the engine to get the correct cube maps.
Finding displacement neighbors...
Finding lightmap sample positions...
Displacement Alpha : 0...1...2...3...4...5...6...7...8...9...10
Building Physics collision data...
done (0) (65079 bytes)
Placing detail props : 0...1...2...3...4...5...6...7...8...9...10
Compacting texture/material tables...
Reduced 439 texinfos to 165
Reduced 36 texdatas to 27 (1182 bytes to 911)
Writing z:\home\other\mapsrc\test.bsp
Wrote ZIP buffer, estimated size 323184, actual size 320826
0 seconds elapsed



4 threads
reading z:\home\other\mapsrc\test.bsp
reading z:\home\other\mapsrc\test.prt
  70 portalclusters
 203 numportals
0...1...2...3...4...5...6...7...8...9...10Optimized: 87 visible clusters (1.87%)
Total clusters visible: 4663
Average clusters visible: 66
Building PAS...
Average clusters audible: 70
visdatasize:1831  compressed from 2240
writing z:\home\other\mapsrc\test.bsp
0 seconds elapsed



Could not find lights.rad in lights.rad.
Trying VRAD BIN directory instead...
Warning: Couldn't open texlight file Z:\home\omejzlik\.local\share\Steam\steamapps\common\Half-Life 2 Deathmatch\bin\lights.rad.
Loading z:\home\other\mapsrc\test.bsp
951 faces
37413 square feet [5387588.00 square inches]
0 Displacements
0 Square Feet [0.00 Square Inches]
951 patches before subdivision
52529 patches after subdivision
7 direct lights
0...1...2...3...4...5...6...7...8...9...100...1...2...3...4...5...6...7...8...9...10transfers 5788038, max 600
transfer lists:  44.2 megs
0...1...2...3...4...5...6...7...8...9...10	Bounce #1 added RGB(26551, 25906, 22367)
0...1...2...3...4...5...6...7...8...9...10	Bounce #2 added RGB(10802, 9806, 7186)
Build Patch/Sample Hash Table(s).....Done<0.0180 sec>
0...1...2...3...4...5...6...7...8...9...10FinalLightFace Done
0 of 0 (0% of) surface lights went in leaf ambient cubes.
0...1...2...3...4...5...6...7...8...9...10Writing leaf ambient...done
Ready to Finish

Object names       Objects/Maxobjs  Memory / Maxmem  Fullness 
------------       ---------------  ---------------  -------- 
models                  45/1024         2160/49152    ( 4.4%) 
brushes                130/8192         1560/98304    ( 1.6%) 
brushsides             920/65536        7360/524288   ( 1.4%) 
planes                1124/65536       22480/1310720  ( 1.7%) 
vertexes              1477/65536       17724/786432   ( 2.3%) 
nodes                  613/65536       19616/2097152  ( 0.9%) 
texinfos               165/12288       11880/884736   ( 1.3%) 
texdata                 27/2048          864/65536    ( 1.3%) 
dispinfos                0/0               0/0        ( 0.0%) 
disp_verts               0/0               0/0        ( 0.0%) 
disp_tris                0/0               0/0        ( 0.0%) 
disp_lmsamples           0/0               0/0        ( 0.0%) 
faces                  951/65536       53256/3670016  ( 1.5%) 
hdr faces                0/65536           0/3670016  ( 0.0%) 
origfaces              457/65536       25592/3670016  ( 0.7%) 
leaves                 659/65536       21088/2097152  ( 1.0%) 
leaffaces             2073/65536        4146/131072   ( 3.2%) 
leafbrushes            164/65536         328/131072   ( 0.3%) 
areas                    2/256            16/2048     ( 0.8%) 
surfedges             6167/512000      24668/2048000  ( 1.2%) 
edges                 3279/256000      13116/1024000  ( 1.3%) 
LDR worldlights          7/8192          616/720896   ( 0.1%) 
HDR worldlights          0/8192            0/720896   ( 0.0%) 
leafwaterdata            1/32768          12/393216   ( 0.0%) 
waterstrips             30/32768         300/327680   ( 0.1%) 
waterverts               0/65536           0/786432   ( 0.0%) 
waterindices           423/65536         846/131072   ( 0.6%) 
cubemapsamples           2/1024           32/16384    ( 0.2%) 
overlays                 0/512             0/180224   ( 0.0%) 
LDR lightdata         [variable]    10783536/0        ( 0.0%) 
HDR lightdata         [variable]           0/0        ( 0.0%) 
visdata               [variable]        1831/16777216 ( 0.0%) 
entdata               [variable]       50673/393216   (12.9%) 
LDR ambient table      659/65536        2636/262144   ( 1.0%) 
HDR ambient table      659/65536        2636/262144   ( 1.0%) 
LDR leaf ambient       932/65536       26096/1835008  ( 1.4%) 
HDR leaf ambient       659/65536       18452/1835008  ( 1.0%) 
occluders                0/0               0/0        ( 0.0%) 
occluder polygons        0/0               0/0        ( 0.0%) 
occluder vert ind        0/0               0/0        ( 0.0%) 
detail props          [variable]           1/12       ( 8.3%) 
static props          [variable]           1/828      ( 0.1%) 
pakfile               [variable]      320826/0        ( 0.0%) 
physics               [variable]       65079/4194304  ( 1.6%) 
physics terrain       [variable]           2/1048576  ( 0.0%) 

Level flags = 0

Total triangle count: 2389
Writing z:\home\other\mapsrc\test.bsp
8 seconds elapsed



materialPath: Z:\home\omejzlik\.local\share\Steam\steamapps\common\Half-Life 2 Deathmatch\hl2mp\materials
Loading z:\home\other\mapsrc\test.vmf
ConVarRef mat_reduceparticles doesn't point to an existing ConVar
Could not locate 'GameData' key in z:\home\omejzlik\.local\share\steam\steamapps\common\half-life 2 deathmatch\hl2mp\gameinfo.txt
Patching WVT material: maps/test/dev/dev_blendmeasure_wvt_patch
fixing up env_cubemap materials on brush sides...
0...1...2...3...4...5...6...7...8...9...100...1...2...3...4...5...6...7...8...9...10Processing areas...done (0)
Building Faces...done (0)
Chop Details...done (0)
Find Visible Detail Sides...done (0)
Merging details...done (0)
FixTjuncs...
PruneNodes...
WriteBSP...
done (0)
writing z:\home\other\mapsrc\test.prt...Building visibility clusters...
done (0)
Creating default LDR cubemaps for env_cubemap using skybox materials:
   skybox/sky_day01_01*.vmt
 ! Run buildcubemaps in the engine to get the correct cube maps.
Creating default HDR cubemaps for env_cubemap using skybox materials:
   skybox/sky_day01_01*.vmt
 ! Run buildcubemaps in the engine to get the correct cube maps.
Finding displacement neighbors...
Finding lightmap sample positions...
Displacement Alpha : 0...1...2...3...4...5...6...7...8...9...10
Building Physics collision data...
done (0) (65077 bytes)
Placing detail props : 0...1...2...3...4...5...6...7...8...9...10
Compacting texture/material tables...
Reduced 442 texinfos to 168
Reduced 36 texdatas to 27 (1182 bytes to 911)
Writing z:\home\other\mapsrc\test.bsp
Wrote ZIP buffer, estimated size 323184, actual size 320826
0 seconds elapsed



4 threads
reading z:\home\other\mapsrc\test.bsp
reading z:\home\other\mapsrc\test.prt
  70 portalclusters
 203 numportals
0...1...2...3...4...5...6...7...8...9...10Optimized: 87 visible clusters (1.87%)
Total clusters visible: 4663
Average clusters visible: 66
Building PAS...
Average clusters audible: 70
visdatasize:1831  compressed from 2240
writing z:\home\other\mapsrc\test.bsp
0 seconds elapsed



Could not find lights.rad in lights.rad.
Trying VRAD BIN directory instead...
Warning: Couldn't open texlight file Z:\home\omejzlik\.local\share\Steam\steamapps\common\Half-Life 2 Deathmatch\bin\lights.rad.
Loading z:\home\other\mapsrc\test.bsp
957 faces
37416 square feet [5387996.00 square inches]
0 Displacements
0 Square Feet [0.00 Square Inches]
957 patches before subdivision
52535 patches after subdivision
7 direct lights
0...1...2...3...4...5...6...7...8...9...100...1...2...3...4...5...6...7...8...9...10transfers 5790089, max 600
transfer lists:  44.2 megs
0...1...2...3...4...5...6...7...8...9...10	Bounce #1 added RGB(26572, 25926, 22384)
0...1...2...3...4...5...6...7...8...9...10	Bounce #2 added RGB(10805, 9809, 7188)
Build Patch/Sample Hash Table(s).....Done<0.0195 sec>
0...1...2...3...4...5...6...7...8...9...10FinalLightFace Done
0 of 0 (0% of) surface lights went in leaf ambient cubes.
0...1...2...3...4...5...6...7...8...9...10Writing leaf ambient...done
Ready to Finish

Object names       Objects/Maxobjs  Memory / Maxmem  Fullness 
------------       ---------------  ---------------  -------- 
models                  45/1024         2160/49152    ( 4.4%) 
brushes                130/8192         1560/98304    ( 1.6%) 
brushsides             920/65536        7360/524288   ( 1.4%) 
planes                1124/65536       22480/1310720  ( 1.7%) 
vertexes              1477/65536       17724/786432   ( 2.3%) 
nodes                  613/65536       19616/2097152  ( 0.9%) 
texinfos               168/12288       12096/884736   ( 1.4%) 
texdata                 27/2048          864/65536    ( 1.3%) 
dispinfos                0/0               0/0        ( 0.0%) 
disp_verts               0/0               0/0        ( 0.0%) 
disp_tris                0/0               0/0        ( 0.0%) 
disp_lmsamples           0/0               0/0        ( 0.0%) 
faces                  957/65536       53592/3670016  ( 1.5%) 
hdr faces                0/65536           0/3670016  ( 0.0%) 
origfaces              463/65536       25928/3670016  ( 0.7%) 
leaves                 659/65536       21088/2097152  ( 1.0%) 
leaffaces             2079/65536        4158/131072   ( 3.2%) 
leafbrushes            164/65536         328/131072   ( 0.3%) 
areas                    2/256            16/2048     ( 0.8%) 
surfedges             6215/512000      24860/2048000  ( 1.2%) 
edges                 3303/256000      13212/1024000  ( 1.3%) 
LDR worldlights          7/8192          616/720896   ( 0.1%) 
HDR worldlights          0/8192            0/720896   ( 0.0%) 
leafwaterdata            1/32768          12/393216   ( 0.0%) 
waterstrips             30/32768         300/327680   ( 0.1%) 
waterverts               0/65536           0/786432   ( 0.0%) 
waterindices           423/65536         846/131072   ( 0.6%) 
cubemapsamples           2/1024           32/16384    ( 0.2%) 
overlays                 0/512             0/180224   ( 0.0%) 
LDR lightdata         [variable]    10783904/0        ( 0.0%) 
HDR lightdata         [variable]           0/0        ( 0.0%) 
visdata               [variable]        1831/16777216 ( 0.0%) 
entdata               [variable]       50673/393216   (12.9%) 
LDR ambient table      659/65536        2636/262144   ( 1.0%) 
HDR ambient table      659/65536        2636/262144   ( 1.0%) 
LDR leaf ambient       931/65536       26068/1835008  ( 1.4%) 
HDR leaf ambient       659/65536       18452/1835008  ( 1.0%) 
occluders                0/0               0/0        ( 0.0%) 
occluder polygons        0/0               0/0        ( 0.0%) 
occluder vert ind        0/0               0/0        ( 0.0%) 
detail props          [variable]           1/12       ( 8.3%) 
static props          [variable]           1/828      ( 0.1%) 
pakfile               [variable]      320826/0        ( 0.0%) 
physics               [variable]       65077/4194304  ( 1.6%) 
physics terrain       [variable]           2/1048576  ( 0.0%) 

Level flags = 0

Total triangle count: 2401
Writing z:\home\other\mapsrc\test.bsp
8 seconds elapsed



materialPath: Z:\home\omejzlik\.local\share\Steam\steamapps\common\Half-Life 2 Deathmatch\hl2mp\materials
Loading z:\home\other\mapsrc\test.vmf
ConVarRef mat_reduceparticles doesn't point to an existing ConVar
Could not locate 'GameData' key in z:\home\omejzlik\.local\share\steam\steamapps\common\half-life 2 deathmatch\hl2mp\gameinfo.txt
Patching WVT material: maps/test/dev/dev_blendmeasure_wvt_patch
fixing up env_cubemap materials on brush sides...
0...1...2...3...4...5...6...7...8...9...100...1...2...3...4...5...6...7...8...9...10Processing areas...done (0)
Building Faces...done (0)
Chop Details...done (0)
Find Visible Detail Sides...done (0)
Merging details...done (0)
FixTjuncs...
PruneNodes...
WriteBSP...
done (0)
writing z:\home\other\mapsrc\test.prt...Building visibility clusters...
done (0)
Creating default LDR cubemaps for env_cubemap using skybox materials:
   skybox/sky_day01_01*.vmt
 ! Run buildcubemaps in the engine to get the correct cube maps.
Creating default HDR cubemaps for env_cubemap using skybox materials:
   skybox/sky_day01_01*.vmt
 ! Run buildcubemaps in the engine to get the correct cube maps.
Finding displacement neighbors...
Finding lightmap sample positions...
Displacement Alpha : 0...1...2...3...4...5...6...7...8...9...10
Building Physics collision data...
done (0) (65077 bytes)
Placing detail props : 0...1...2...3...4...5...6...7...8...9...10
Compacting texture/material tables...
Reduced 442 texinfos to 168
Reduced 36 texdatas to 27 (1182 bytes to 911)
Writing z:\home\other\mapsrc\test.bsp
Wrote ZIP buffer, estimated size 323184, actual size 320826
0 seconds elapsed



4 threads
reading z:\home\other\mapsrc\test.bsp
reading z:\home\other\mapsrc\test.prt
  70 portalclusters
 203 numportals
0...1...2...3...4...5...6...7...8...9...10Optimized: 87 visible clusters (1.87%)
Total clusters visible: 4663
Average clusters visible: 66
Building PAS...
Average clusters audible: 70
visdatasize:1831  compressed from 2240
writing z:\home\other\mapsrc\test.bsp
0 seconds elapsed



Could not find lights.rad in lights.rad.
Trying VRAD BIN directory instead...
Warning: Couldn't open texlight file Z:\home\omejzlik\.local\share\Steam\steamapps\common\Half-Life 2 Deathmatch\bin\lights.rad.
Loading z:\home\other\mapsrc\test.bsp
957 faces
37416 square feet [5387996.00 square inches]
0 Displacements
0 Square Feet [0.00 Square Inches]
957 patches before subdivision
52535 patches after subdivision
7 direct lights
0...1...2...3...4...5...6...7...8...9...100...1...2...3...4...5...6...7...8...9...10transfers 5790089, max 600
transfer lists:  44.2 megs
0...1...2...3...4...5...6...7...8...9...10	Bounce #1 added RGB(26572, 25926, 22384)
0...1...2...3...4...5...6...7...8...9...10	Bounce #2 added RGB(10805, 9809, 7188)
Build Patch/Sample Hash Table(s).....Done<0.0218 sec>
0...1...2...3...4...5...6...7...8...9...10FinalLightFace Done
0 of 0 (0% of) surface lights went in leaf ambient cubes.
0...1...2...3...4...5...6...7...8...9...10Writing leaf ambient...done
Ready to Finish

Object names       Objects/Maxobjs  Memory / Maxmem  Fullness 
------------       ---------------  ---------------  -------- 
models                  45/1024         2160/49152    ( 4.4%) 
brushes                130/8192         1560/98304    ( 1.6%) 
brushsides             920/65536        7360/524288   ( 1.4%) 
planes                1124/65536       22480/1310720  ( 1.7%) 
vertexes              1477/65536       17724/786432   ( 2.3%) 
nodes                  613/65536       19616/2097152  ( 0.9%) 
texinfos               168/12288       12096/884736   ( 1.4%) 
texdata                 27/2048          864/65536    ( 1.3%) 
dispinfos                0/0               0/0        ( 0.0%) 
disp_verts               0/0               0/0        ( 0.0%) 
disp_tris                0/0               0/0        ( 0.0%) 
disp_lmsamples           0/0               0/0        ( 0.0%) 
faces                  957/65536       53592/3670016  ( 1.5%) 
hdr faces                0/65536           0/3670016  ( 0.0%) 
origfaces              463/65536       25928/3670016  ( 0.7%) 
leaves                 659/65536       21088/2097152  ( 1.0%) 
leaffaces             2079/65536        4158/131072   ( 3.2%) 
leafbrushes            164/65536         328/131072   ( 0.3%) 
areas                    2/256            16/2048     ( 0.8%) 
surfedges             6215/512000      24860/2048000  ( 1.2%) 
edges                 3303/256000      13212/1024000  ( 1.3%) 
LDR worldlights          7/8192          616/720896   ( 0.1%) 
HDR worldlights          0/8192            0/720896   ( 0.0%) 
leafwaterdata            1/32768          12/393216   ( 0.0%) 
waterstrips             30/32768         300/327680   ( 0.1%) 
waterverts               0/65536           0/786432   ( 0.0%) 
waterindices           423/65536         846/131072   ( 0.6%) 
cubemapsamples           2/1024           32/16384    ( 0.2%) 
overlays                 0/512             0/180224   ( 0.0%) 
LDR lightdata         [variable]    10783904/0        ( 0.0%) 
HDR lightdata         [variable]           0/0        ( 0.0%) 
visdata               [variable]        1831/16777216 ( 0.0%) 
entdata               [variable]       50675/393216   (12.9%) 
LDR ambient table      659/65536        2636/262144   ( 1.0%) 
HDR ambient table      659/65536        2636/262144   ( 1.0%) 
LDR leaf ambient       931/65536       26068/1835008  ( 1.4%) 
HDR leaf ambient       659/65536       18452/1835008  ( 1.0%) 
occluders                0/0               0/0        ( 0.0%) 
occluder polygons        0/0               0/0        ( 0.0%) 
occluder vert ind        0/0               0/0        ( 0.0%) 
detail props          [variable]           1/12       ( 8.3%) 
static props          [variable]           1/828      ( 0.1%) 
pakfile               [variable]      320826/0        ( 0.0%) 
physics               [variable]       65077/4194304  ( 1.6%) 
physics terrain       [variable]           2/1048576  ( 0.0%) 

Level flags = 0

Total triangle count: 2401
Writing z:\home\other\mapsrc\test.bsp
8 seconds elapsed



materialPath: Z:\home\omejzlik\.local\share\Steam\steamapps\common\Half-Life 2 Deathmatch\hl2mp\materials
Loading z:\home\other\mapsrc\test.vmf
ConVarRef mat_reduceparticles doesn't point to an existing ConVar
Could not locate 'GameData' key in z:\home\omejzlik\.local\share\steam\steamapps\common\half-life 2 deathmatch\hl2mp\gameinfo.txt
Patching WVT material: maps/test/dev/dev_blendmeasure_wvt_patch
fixing up env_cubemap materials on brush sides...
0...1...2...3...4...5...6...7...8...9...100...1...2...3...4...5...6...7...8...9...10Processing areas...done (0)
Building Faces...done (0)
Chop Details...done (0)
Find Visible Detail Sides...done (0)
Merging details...done (0)
FixTjuncs...
PruneNodes...
WriteBSP...
done (0)
writing z:\home\other\mapsrc\test.prt...Building visibility clusters...
done (0)
Creating default LDR cubemaps for env_cubemap using skybox materials:
   skybox/sky_day01_01*.vmt
 ! Run buildcubemaps in the engine to get the correct cube maps.
Creating default HDR cubemaps for env_cubemap using skybox materials:
   skybox/sky_day01_01*.vmt
 ! Run buildcubemaps in the engine to get the correct cube maps.
Finding displacement neighbors...
Finding lightmap sample positions...
Displacement Alpha : 0...1...2...3...4...5...6...7...8...9...10
Building Physics collision data...
done (0) (65077 bytes)
Placing detail props : 0...1...2...3...4...5...6...7...8...9...10
Compacting texture/material tables...
Reduced 442 texinfos to 168
Reduced 36 texdatas to 27 (1182 bytes to 911)
Writing z:\home\other\mapsrc\test.bsp
Wrote ZIP buffer, estimated size 323184, actual size 320826
0 seconds elapsed



4 threads
reading z:\home\other\mapsrc\test.bsp
reading z:\home\other\mapsrc\test.prt
  70 portalclusters
 203 numportals
0...1...2...3...4...5...6...7...8...9...10Optimized: 87 visible clusters (1.87%)
Total clusters visible: 4663
Average clusters visible: 66
Building PAS...
Average clusters audible: 70
visdatasize:1831  compressed from 2240
writing z:\home\other\mapsrc\test.bsp
0 seconds elapsed



Could not find lights.rad in lights.rad.
Trying VRAD BIN directory instead...
Warning: Couldn't open texlight file Z:\home\omejzlik\.local\share\Steam\steamapps\common\Half-Life 2 Deathmatch\bin\lights.rad.
Loading z:\home\other\mapsrc\test.bsp
957 faces
37416 square feet [5387996.00 square inches]
0 Displacements
0 Square Feet [0.00 Square Inches]
957 patches before subdivision
52535 patches after subdivision
7 direct lights
0...1...2...3...4...5...6...7...8...9...100...1...2...3...4...5...6...7...8...9...10transfers 5790089, max 600
transfer lists:  44.2 megs
0...1...2...3...4...5...6...7...8...9...10	Bounce #1 added RGB(26572, 25926, 22384)
0...1...2...3...4...5...6...7...8...9...10	Bounce #2 added RGB(10805, 9809, 7188)
Build Patch/Sample Hash Table(s).....Done<0.0197 sec>
0...1...2...3...4...5...6...7...8...9...10FinalLightFace Done
0 of 0 (0% of) surface lights went in leaf ambient cubes.
0...1...2...3...4...5...6...7...8...9...10Writing leaf ambient...done
Ready to Finish

Object names       Objects/Maxobjs  Memory / Maxmem  Fullness 
------------       ---------------  ---------------  -------- 
models                  45/1024         2160/49152    ( 4.4%) 
brushes                130/8192         1560/98304    ( 1.6%) 
brushsides             920/65536        7360/524288   ( 1.4%) 
planes                1124/65536       22480/1310720  ( 1.7%) 
vertexes              1477/65536       17724/786432   ( 2.3%) 
nodes                  613/65536       19616/2097152  ( 0.9%) 
texinfos               168/12288       12096/884736   ( 1.4%) 
texdata                 27/2048          864/65536    ( 1.3%) 
dispinfos                0/0               0/0        ( 0.0%) 
disp_verts               0/0               0/0        ( 0.0%) 
disp_tris                0/0               0/0        ( 0.0%) 
disp_lmsamples           0/0               0/0        ( 0.0%) 
faces                  957/65536       53592/3670016  ( 1.5%) 
hdr faces                0/65536           0/3670016  ( 0.0%) 
origfaces              463/65536       25928/3670016  ( 0.7%) 
leaves                 659/65536       21088/2097152  ( 1.0%) 
leaffaces             2079/65536        4158/131072   ( 3.2%) 
leafbrushes            164/65536         328/131072   ( 0.3%) 
areas                    2/256            16/2048     ( 0.8%) 
surfedges             6215/512000      24860/2048000  ( 1.2%) 
edges                 3303/256000      13212/1024000  ( 1.3%) 
LDR worldlights          7/8192          616/720896   ( 0.1%) 
HDR worldlights          0/8192            0/720896   ( 0.0%) 
leafwaterdata            1/32768          12/393216   ( 0.0%) 
waterstrips             30/32768         300/327680   ( 0.1%) 
waterverts               0/65536           0/786432   ( 0.0%) 
waterindices           423/65536         846/131072   ( 0.6%) 
cubemapsamples           2/1024           32/16384    ( 0.2%) 
overlays                 0/512             0/180224   ( 0.0%) 
LDR lightdata         [variable]    10783904/0        ( 0.0%) 
HDR lightdata         [variable]           0/0        ( 0.0%) 
visdata               [variable]        1831/16777216 ( 0.0%) 
entdata               [variable]       50677/393216   (12.9%) 
LDR ambient table      659/65536        2636/262144   ( 1.0%) 
HDR ambient table      659/65536        2636/262144   ( 1.0%) 
LDR leaf ambient       931/65536       26068/1835008  ( 1.4%) 
HDR leaf ambient       659/65536       18452/1835008  ( 1.0%) 
occluders                0/0               0/0        ( 0.0%) 
occluder polygons        0/0               0/0        ( 0.0%) 
occluder vert ind        0/0               0/0        ( 0.0%) 
detail props          [variable]           1/12       ( 8.3%) 
static props          [variable]           1/828      ( 0.1%) 
pakfile               [variable]      320826/0        ( 0.0%) 
physics               [variable]       65077/4194304  ( 1.6%) 
physics terrain       [variable]           2/1048576  ( 0.0%) 

Level flags = 0

Total triangle count: 2401
Writing z:\home\other\mapsrc\test.bsp
8 seconds elapsed



materialPath: Z:\home\omejzlik\.local\share\Steam\steamapps\common\Half-Life 2 Deathmatch\hl2mp\materials
Loading z:\home\other\mapsrc\test.vmf
ConVarRef mat_reduceparticles doesn't point to an existing ConVar
Could not locate 'GameData' key in z:\home\omejzlik\.local\share\steam\steamapps\common\half-life 2 deathmatch\hl2mp\gameinfo.txt
Patching WVT material: maps/test/dev/dev_blendmeasure_wvt_patch
fixing up env_cubemap materials on brush sides...
0...1...2...3...4...5...6...7...8...9...100...1...2...3...4...5...6...7...8...9...10Processing areas...done (0)
Building Faces...done (0)
Chop Details...done (0)
Find Visible Detail Sides...done (0)
Merging details...done (0)
FixTjuncs...
PruneNodes...
WriteBSP...
done (0)
writing z:\home\other\mapsrc\test.prt...Building visibility clusters...
done (0)
Creating default LDR cubemaps for env_cubemap using skybox materials:
   skybox/sky_day01_01*.vmt
 ! Run buildcubemaps in the engine to get the correct cube maps.
Creating default HDR cubemaps for env_cubemap using skybox materials:
   skybox/sky_day01_01*.vmt
 ! Run buildcubemaps in the engine to get the correct cube maps.
Finding displacement neighbors...
Finding lightmap sample positions...
Displacement Alpha : 0...1...2...3...4...5...6...7...8...9...10
Building Physics collision data...
done (0) (65079 bytes)
Placing detail props : 0...1...2...3...4...5...6...7...8...9...10
Compacting texture/material tables...
Reduced 439 texinfos to 165
Reduced 36 texdatas to 27 (1182 bytes to 911)
Writing z:\home\other\mapsrc\test.bsp
Wrote ZIP buffer, estimated size 323184, actual size 320826
0 seconds elapsed



4 threads
reading z:\home\other\mapsrc\test.bsp
reading z:\home\other\mapsrc\test.prt
  70 portalclusters
 203 numportals
0...1...2...3...4...5...6...7...8...9...10Optimized: 87 visible clusters (1.87%)
Total clusters visible: 4663
Average clusters visible: 66
Building PAS...
Average clusters audible: 70
visdatasize:1831  compressed from 2240
writing z:\home\other\mapsrc\test.bsp
0 seconds elapsed



Could not find lights.rad in lights.rad.
Trying VRAD BIN directory instead...
Warning: Couldn't open texlight file Z:\home\omejzlik\.local\share\Steam\steamapps\common\Half-Life 2 Deathmatch\bin\lights.rad.
Loading z:\home\other\mapsrc\test.bsp
951 faces
37413 square feet [5387588.00 square inches]
0 Displacements
0 Square Feet [0.00 Square Inches]
951 patches before subdivision
52529 patches after subdivision
7 direct lights
0...1...2...3...4...5...6...7...8...9...100...1...2...3...4...5...6...7...8...9...10transfers 5788038, max 600
transfer lists:  44.2 megs
0...1...2...3...4...5...6...7...8...9...10	Bounce #1 added RGB(26551, 25906, 22367)
0...1...2...3...4...5...6...7...8...9...10	Bounce #2 added RGB(10802, 9806, 7186)
Build Patch/Sample Hash Table(s).....Done<0.0179 sec>
0...1...2...3...4...5...6...7...8...9...10FinalLightFace Done
0 of 0 (0% of) surface lights went in leaf ambient cubes.
0...1...2...3...4...5...6...7...8...9...10Writing leaf ambient...done
Ready to Finish

Object names       Objects/Maxobjs  Memory / Maxmem  Fullness 
------------       ---------------  ---------------  -------- 
models                  45/1024         2160/49152    ( 4.4%) 
brushes                130/8192         1560/98304    ( 1.6%) 
brushsides             920/65536        7360/524288   ( 1.4%) 
planes                1124/65536       22480/1310720  ( 1.7%) 
vertexes              1477/65536       17724/786432   ( 2.3%) 
nodes                  613/65536       19616/2097152  ( 0.9%) 
texinfos               165/12288       11880/884736   ( 1.3%) 
texdata                 27/2048          864/65536    ( 1.3%) 
dispinfos                0/0               0/0        ( 0.0%) 
disp_verts               0/0               0/0        ( 0.0%) 
disp_tris                0/0               0/0        ( 0.0%) 
disp_lmsamples           0/0               0/0        ( 0.0%) 
faces                  951/65536       53256/3670016  ( 1.5%) 
hdr faces                0/65536           0/3670016  ( 0.0%) 
origfaces              457/65536       25592/3670016  ( 0.7%) 
leaves                 659/65536       21088/2097152  ( 1.0%) 
leaffaces             2073/65536        4146/131072   ( 3.2%) 
leafbrushes            164/65536         328/131072   ( 0.3%) 
areas                    2/256            16/2048     ( 0.8%) 
surfedges             6167/512000      24668/2048000  ( 1.2%) 
edges                 3279/256000      13116/1024000  ( 1.3%) 
LDR worldlights          7/8192          616/720896   ( 0.1%) 
HDR worldlights          0/8192            0/720896   ( 0.0%) 
leafwaterdata            1/32768          12/393216   ( 0.0%) 
waterstrips             30/32768         300/327680   ( 0.1%) 
waterverts               0/65536           0/786432   ( 0.0%) 
waterindices           423/65536         846/131072   ( 0.6%) 
cubemapsamples           2/1024           32/16384    ( 0.2%) 
overlays                 0/512             0/180224   ( 0.0%) 
LDR lightdata         [variable]    10783536/0        ( 0.0%) 
HDR lightdata         [variable]           0/0        ( 0.0%) 
visdata               [variable]        1831/16777216 ( 0.0%) 
entdata               [variable]       50672/393216   (12.9%) 
LDR ambient table      659/65536        2636/262144   ( 1.0%) 
HDR ambient table      659/65536        2636/262144   ( 1.0%) 
LDR leaf ambient       932/65536       26096/1835008  ( 1.4%) 
HDR leaf ambient       659/65536       18452/1835008  ( 1.0%) 
occluders                0/0               0/0        ( 0.0%) 
occluder polygons        0/0               0/0        ( 0.0%) 
occluder vert ind        0/0               0/0        ( 0.0%) 
detail props          [variable]           1/12       ( 8.3%) 
static props          [variable]           1/828      ( 0.1%) 
pakfile               [variable]      320826/0        ( 0.0%) 
physics               [variable]       65079/4194304  ( 1.6%) 
physics terrain       [variable]           2/1048576  ( 0.0%) 

Level flags = 0

Total triangle count: 2389
Writing z:\home\other\mapsrc\test.bsp
8 seconds elapsed



materialPath: Z:\home\omejzlik\.local\share\Steam\steamapps\common\Half-Life 2 Deathmatch\hl2mp\materials
Loading z:\home\other\mapsrc\test.vmf
ConVarRef mat_reduceparticles doesn't point to an existing ConVar
Could not locate 'GameData' key in z:\home\omejzlik\.local\share\steam\steamapps\common\half-life 2 deathmatch\hl2mp\gameinfo.txt
Patching WVT material: maps/test/dev/dev_blendmeasure_wvt_patch
fixing up env_cubemap materials on brush sides...
0...1...2...3...4...5...6...7...8...9...100...1...2...3...4...5...6...7...8...9...10Processing areas...done (0)
Building Faces...done (0)
Chop Details...done (0)
Find Visible Detail Sides...done (0)
Merging details...done (0)
FixTjuncs...
PruneNodes...
WriteBSP...
done (0)
writing z:\home\other\mapsrc\test.prt...Building visibility clusters...
done (0)
Creating default LDR cubemaps for env_cubemap using skybox materials:
   skybox/sky_day01_01*.vmt
 ! Run buildcubemaps in the engine to get the correct cube maps.
Creating default HDR cubemaps for env_cubemap using skybox materials:
   skybox/sky_day01_01*.vmt
 ! Run buildcubemaps in the engine to get the correct cube maps.
Finding displacement neighbors...
Finding lightmap sample positions...
Displacement Alpha : 0...1...2...3...4...5...6...7...8...9...10
Building Physics collision data...
done (0) (65079 bytes)
Placing detail props : 0...1...2...3...4...5...6...7...8...9...10
Compacting texture/material tables...
Reduced 439 texinfos to 165
Reduced 36 texdatas to 27 (1182 bytes to 911)
Writing z:\home\other\mapsrc\test.bsp
Wrote ZIP buffer, estimated size 323184, actual size 320826
0 seconds elapsed



4 threads
reading z:\home\other\mapsrc\test.bsp
reading z:\home\other\mapsrc\test.prt
  70 portalclusters
 203 numportals
0...1...2...3...4...5...6...7...8...9...10Optimized: 87 visible clusters (1.87%)
Total clusters visible: 4663
Average clusters visible: 66
Building PAS...
Average clusters audible: 70
visdatasize:1831  compressed from 2240
writing z:\home\other\mapsrc\test.bsp
0 seconds elapsed



Could not find lights.rad in lights.rad.
Trying VRAD BIN directory instead...
Warning: Couldn't open texlight file Z:\home\omejzlik\.local\share\Steam\steamapps\common\Half-Life 2 Deathmatch\bin\lights.rad.
Loading z:\home\other\mapsrc\test.bsp
951 faces
37413 square feet [5387588.00 square inches]
0 Displacements
0 Square Feet [0.00 Square Inches]
951 patches before subdivision
52529 patches after subdivision
7 direct lights
0...1...2...3...4...5...6...7...8...9...100...1...2...3...4...5...6...7...8...9...10transfers 5788038, max 600
transfer lists:  44.2 megs
0...1...2...3...4...5...6...7...8...9...10	Bounce #1 added RGB(26551, 25906, 22367)
0...1...2...3...4...5...6...7...8...9...10	Bounce #2 added RGB(10802, 9806, 7186)
Build Patch/Sample Hash Table(s).....Done<0.0127 sec>
0...1...2...3...4...5...6...7...8...9...10FinalLightFace Done
0 of 0 (0% of) surface lights went in leaf ambient cubes.
0...1...2...3...4...5...6...7...8...9...10Writing leaf ambient...done
Ready to Finish

Object names       Objects/Maxobjs  Memory / Maxmem  Fullness 
------------       ---------------  ---------------  -------- 
models                  45/1024         2160/49152    ( 4.4%) 
brushes                130/8192         1560/98304    ( 1.6%) 
brushsides             920/65536        7360/524288   ( 1.4%) 
planes                1124/65536       22480/1310720  ( 1.7%) 
vertexes              1477/65536       17724/786432   ( 2.3%) 
nodes                  613/65536       19616/2097152  ( 0.9%) 
texinfos               165/12288       11880/884736   ( 1.3%) 
texdata                 27/2048          864/65536    ( 1.3%) 
dispinfos                0/0               0/0        ( 0.0%) 
disp_verts               0/0               0/0        ( 0.0%) 
disp_tris                0/0               0/0        ( 0.0%) 
disp_lmsamples           0/0               0/0        ( 0.0%) 
faces                  951/65536       53256/3670016  ( 1.5%) 
hdr faces                0/65536           0/3670016  ( 0.0%) 
origfaces              457/65536       25592/3670016  ( 0.7%) 
leaves                 659/65536       21088/2097152  ( 1.0%) 
leaffaces             2073/65536        4146/131072   ( 3.2%) 
leafbrushes            164/65536         328/131072   ( 0.3%) 
areas                    2/256            16/2048     ( 0.8%) 
surfedges             6167/512000      24668/2048000  ( 1.2%) 
edges                 3279/256000      13116/1024000  ( 1.3%) 
LDR worldlights          7/8192          616/720896   ( 0.1%) 
HDR worldlights          0/8192            0/720896   ( 0.0%) 
leafwaterdata            1/32768          12/393216   ( 0.0%) 
waterstrips             30/32768         300/327680   ( 0.1%) 
waterverts               0/65536           0/786432   ( 0.0%) 
waterindices           423/65536         846/131072   ( 0.6%) 
cubemapsamples           2/1024           32/16384    ( 0.2%) 
overlays                 0/512             0/180224   ( 0.0%) 
LDR lightdata         [variable]    10783536/0        ( 0.0%) 
HDR lightdata         [variable]           0/0        ( 0.0%) 
visdata               [variable]        1831/16777216 ( 0.0%) 
entdata               [variable]       50835/393216   (12.9%) 
LDR ambient table      659/65536        2636/262144   ( 1.0%) 
HDR ambient table      659/65536        2636/262144   ( 1.0%) 
LDR leaf ambient       932/65536       26096/1835008  ( 1.4%) 
HDR leaf ambient       659/65536       18452/1835008  ( 1.0%) 
occluders                0/0               0/0        ( 0.0%) 
occluder polygons        0/0               0/0        ( 0.0%) 
occluder vert ind        0/0               0/0        ( 0.0%) 
detail props          [variable]           1/12       ( 8.3%) 
static props          [variable]           1/828      ( 0.1%) 
pakfile               [variable]      320826/0        ( 0.0%) 
physics               [variable]       65079/4194304  ( 1.6%) 
physics terrain       [variable]           2/1048576  ( 0.0%) 

Level flags = 0

Total triangle count: 2389
Writing z:\home\other\mapsrc\test.bsp
8 seconds elapsed



materialPath: Z:\home\omejzlik\.local\share\Steam\steamapps\common\Half-Life 2 Deathmatch\hl2mp\materials
Loading z:\home\other\mapsrc\test.vmf
ConVarRef mat_reduceparticles doesn't point to an existing ConVar
Could not locate 'GameData' key in z:\home\omejzlik\.local\share\steam\steamapps\common\half-life 2 deathmatch\hl2mp\gameinfo.txt
Patching WVT material: maps/test/dev/dev_blendmeasure_wvt_patch
fixing up env_cubemap materials on brush sides...
0...1...2...3...4...5...6...7...8...9...100...1...2...3...4...5...6...7...8...9...10Processing areas...done (0)
Building Faces...done (0)
Chop Details...done (0)
Find Visible Detail Sides...done (0)
Merging details...done (0)
FixTjuncs...
PruneNodes...
WriteBSP...
done (0)
writing z:\home\other\mapsrc\test.prt...Building visibility clusters...
done (0)
Creating default LDR cubemaps for env_cubemap using skybox materials:
   skybox/sky_day01_01*.vmt
 ! Run buildcubemaps in the engine to get the correct cube maps.
Creating default HDR cubemaps for env_cubemap using skybox materials:
   skybox/sky_day01_01*.vmt
 ! Run buildcubemaps in the engine to get the correct cube maps.
Finding displacement neighbors...
Finding lightmap sample positions...
Displacement Alpha : 0...1...2...3...4...5...6...7...8...9...10
Building Physics collision data...
done (0) (65079 bytes)
Placing detail props : 0...1...2...3...4...5...6...7...8...9...10
Compacting texture/material tables...
Reduced 439 texinfos to 165
Reduced 36 texdatas to 27 (1182 bytes to 911)
Writing z:\home\other\mapsrc\test.bsp
Wrote ZIP buffer, estimated size 323184, actual size 320826
0 seconds elapsed



4 threads
reading z:\home\other\mapsrc\test.bsp
reading z:\home\other\mapsrc\test.prt
  70 portalclusters
 203 numportals
0...1...2...3...4...5...6...7...8...9...10Optimized: 87 visible clusters (1.87%)
Total clusters visible: 4663
Average clusters visible: 66
Building PAS...
Average clusters audible: 70
visdatasize:1831  compressed from 2240
writing z:\home\other\mapsrc\test.bsp
0 seconds elapsed



Could not find lights.rad in lights.rad.
Trying VRAD BIN directory instead...
Warning: Couldn't open texlight file Z:\home\omejzlik\.local\share\Steam\steamapps\common\Half-Life 2 Deathmatch\bin\lights.rad.
Loading z:\home\other\mapsrc\test.bsp
951 faces
37413 square feet [5387588.00 square inches]
0 Displacements
0 Square Feet [0.00 Square Inches]
951 patches before subdivision
52529 patches after subdivision
7 direct lights
0...1...2...3...4...5...6...7...8...9...100...1...2...3...4...5...6...7...8...9...10transfers 5788038, max 600
transfer lists:  44.2 megs
0...1...2...3...4...5...6...7...8...9...10	Bounce #1 added RGB(26551, 25906, 22367)
0...1...2...3...4...5...6...7...8...9...10	Bounce #2 added RGB(10802, 9806, 7186)
Build Patch/Sample Hash Table(s).....Done<0.0189 sec>
0...1...2...3...4...5...6...7...8...9...10FinalLightFace Done
0 of 0 (0% of) surface lights went in leaf ambient cubes.
0...1...2...3...4...5...6...7...8...9...10Writing leaf ambient...done
Ready to Finish

Object names       Objects/Maxobjs  Memory / Maxmem  Fullness 
------------       ---------------  ---------------  -------- 
models                  45/1024         2160/49152    ( 4.4%) 
brushes                130/8192         1560/98304    ( 1.6%) 
brushsides             920/65536        7360/524288   ( 1.4%) 
planes                1124/65536       22480/1310720  ( 1.7%) 
vertexes              1477/65536       17724/786432   ( 2.3%) 
nodes                  613/65536       19616/2097152  ( 0.9%) 
texinfos               165/12288       11880/884736   ( 1.3%) 
texdata                 27/2048          864/65536    ( 1.3%) 
dispinfos                0/0               0/0        ( 0.0%) 
disp_verts               0/0               0/0        ( 0.0%) 
disp_tris                0/0               0/0        ( 0.0%) 
disp_lmsamples           0/0               0/0        ( 0.0%) 
faces                  951/65536       53256/3670016  ( 1.5%) 
hdr faces                0/65536           0/3670016  ( 0.0%) 
origfaces              457/65536       25592/3670016  ( 0.7%) 
leaves                 659/65536       21088/2097152  ( 1.0%) 
leaffaces             2073/65536        4146/131072   ( 3.2%) 
leafbrushes            164/65536         328/131072   ( 0.3%) 
areas                    2/256            16/2048     ( 0.8%) 
surfedges             6167/512000      24668/2048000  ( 1.2%) 
edges                 3279/256000      13116/1024000  ( 1.3%) 
LDR worldlights          7/8192          616/720896   ( 0.1%) 
HDR worldlights          0/8192            0/720896   ( 0.0%) 
leafwaterdata            1/32768          12/393216   ( 0.0%) 
waterstrips             30/32768         300/327680   ( 0.1%) 
waterverts               0/65536           0/786432   ( 0.0%) 
waterindices           423/65536         846/131072   ( 0.6%) 
cubemapsamples           2/1024           32/16384    ( 0.2%) 
overlays                 0/512             0/180224   ( 0.0%) 
LDR lightdata         [variable]    10783536/0        ( 0.0%) 
HDR lightdata         [variable]           0/0        ( 0.0%) 
visdata               [variable]        1831/16777216 ( 0.0%) 
entdata               [variable]       50835/393216   (12.9%) 
LDR ambient table      659/65536        2636/262144   ( 1.0%) 
HDR ambient table      659/65536        2636/262144   ( 1.0%) 
LDR leaf ambient       932/65536       26096/1835008  ( 1.4%) 
HDR leaf ambient       659/65536       18452/1835008  ( 1.0%) 
occluders                0/0               0/0        ( 0.0%) 
occluder polygons        0/0               0/0        ( 0.0%) 
occluder vert ind        0/0               0/0        ( 0.0%) 
detail props          [variable]           1/12       ( 8.3%) 
static props          [variable]           1/828      ( 0.1%) 
pakfile               [variable]      320826/0        ( 0.0%) 
physics               [variable]       65079/4194304  ( 1.6%) 
physics terrain       [variable]           2/1048576  ( 0.0%) 

Level flags = 0

Total triangle count: 2389
Writing z:\home\other\mapsrc\test.bsp
8 seconds elapsed



materialPath: Z:\home\omejzlik\.local\share\Steam\steamapps\common\Half-Life 2 Deathmatch\hl2mp\materials
Loading z:\home\other\mapsrc\test.vmf
ConVarRef mat_reduceparticles doesn't point to an existing ConVar
Could not locate 'GameData' key in z:\home\omejzlik\.local\share\steam\steamapps\common\half-life 2 deathmatch\hl2mp\gameinfo.txt
Patching WVT material: maps/test/dev/dev_blendmeasure_wvt_patch
fixing up env_cubemap materials on brush sides...
0...1...2...3...4...5...6...7...8...9...100...1...2...3...4...5...6...7...8...9...10Processing areas...done (0)
Building Faces...done (0)
Chop Details...done (0)
Find Visible Detail Sides...done (0)
Merging details...done (0)
FixTjuncs...
PruneNodes...
WriteBSP...
done (0)
writing z:\home\other\mapsrc\test.prt...Building visibility clusters...
done (0)
Creating default LDR cubemaps for env_cubemap using skybox materials:
   skybox/sky_day01_01*.vmt
 ! Run buildcubemaps in the engine to get the correct cube maps.
Creating default HDR cubemaps for env_cubemap using skybox materials:
   skybox/sky_day01_01*.vmt
 ! Run buildcubemaps in the engine to get the correct cube maps.
Finding displacement neighbors...
Finding lightmap sample positions...
Displacement Alpha : 0...1...2...3...4...5...6...7...8...9...10
Building Physics collision data...
done (0) (65625 bytes)
Placing detail props : 0...1...2...3...4...5...6...7...8...9...10
Compacting texture/material tables...
Reduced 439 texinfos to 165
Reduced 36 texdatas to 27 (1182 bytes to 911)
Writing z:\home\other\mapsrc\test.bsp
Wrote ZIP buffer, estimated size 323184, actual size 320826
0 seconds elapsed



4 threads
reading z:\home\other\mapsrc\test.bsp
reading z:\home\other\mapsrc\test.prt
  70 portalclusters
 203 numportals
0...1...2...3...4...5...6...7...8...9...10Optimized: 87 visible clusters (1.87%)
Total clusters visible: 4663
Average clusters visible: 66
Building PAS...
Average clusters audible: 70
visdatasize:1831  compressed from 2240
writing z:\home\other\mapsrc\test.bsp
0 seconds elapsed



Could not find lights.rad in lights.rad.
Trying VRAD BIN directory instead...
Warning: Couldn't open texlight file Z:\home\omejzlik\.local\share\Steam\steamapps\common\Half-Life 2 Deathmatch\bin\lights.rad.
Loading z:\home\other\mapsrc\test.bsp
951 faces
37413 square feet [5387588.00 square inches]
0 Displacements
0 Square Feet [0.00 Square Inches]
951 patches before subdivision
52529 patches after subdivision
7 direct lights
0...1...2...3...4...5...6...7...8...9...100...1...2...3...4...5...6...7...8...9...10transfers 5788038, max 600
transfer lists:  44.2 megs
0...1...2...3...4...5...6...7...8...9...10	Bounce #1 added RGB(26551, 25906, 22367)
0...1...2...3...4...5...6...7...8...9...10	Bounce #2 added RGB(10802, 9806, 7186)
Build Patch/Sample Hash Table(s).....Done<0.0157 sec>
0...1...2...3...4...5...6...7...8...9...10FinalLightFace Done
0 of 0 (0% of) surface lights went in leaf ambient cubes.
0...1...2...3...4...5...6...7...8...9...10Writing leaf ambient...done
Ready to Finish

Object names       Objects/Maxobjs  Memory / Maxmem  Fullness 
------------       ---------------  ---------------  -------- 
models                  46/1024         2208/49152    ( 4.5%) 
brushes                131/8192         1572/98304    ( 1.6%) 
brushsides             926/65536        7408/524288   ( 1.4%) 
planes                1124/65536       22480/1310720  ( 1.7%) 
vertexes              1485/65536       17820/786432   ( 2.3%) 
nodes                  619/65536       19808/2097152  ( 0.9%) 
texinfos               165/12288       11880/884736   ( 1.3%) 
texdata                 27/2048          864/65536    ( 1.3%) 
dispinfos                0/0               0/0        ( 0.0%) 
disp_verts               0/0               0/0        ( 0.0%) 
disp_tris                0/0               0/0        ( 0.0%) 
disp_lmsamples           0/0               0/0        ( 0.0%) 
faces                  951/65536       53256/3670016  ( 1.5%) 
hdr faces                0/65536           0/3670016  ( 0.0%) 
origfaces              457/65536       25592/3670016  ( 0.7%) 
leaves                 666/65536       21312/2097152  ( 1.0%) 
leaffaces             2073/65536        4146/131072   ( 3.2%) 
leafbrushes            165/65536         330/131072   ( 0.3%) 
areas                    2/256            16/2048     ( 0.8%) 
surfedges             6167/512000      24668/2048000  ( 1.2%) 
edges                 3279/256000      13116/1024000  ( 1.3%) 
LDR worldlights          7/8192          616/720896   ( 0.1%) 
HDR worldlights          0/8192            0/720896   ( 0.0%) 
leafwaterdata            1/32768          12/393216   ( 0.0%) 
waterstrips             30/32768         300/327680   ( 0.1%) 
waterverts               0/65536           0/786432   ( 0.0%) 
waterindices           423/65536         846/131072   ( 0.6%) 
cubemapsamples           2/1024           32/16384    ( 0.2%) 
overlays                 0/512             0/180224   ( 0.0%) 
LDR lightdata         [variable]    10783536/0        ( 0.0%) 
HDR lightdata         [variable]           0/0        ( 0.0%) 
visdata               [variable]        1831/16777216 ( 0.0%) 
entdata               [variable]       52019/393216   (13.2%) 
LDR ambient table      666/65536        2664/262144   ( 1.0%) 
HDR ambient table      666/65536        2664/262144   ( 1.0%) 
LDR leaf ambient       939/65536       26292/1835008  ( 1.4%) 
HDR leaf ambient       666/65536       18648/1835008  ( 1.0%) 
occluders                0/0               0/0        ( 0.0%) 
occluder polygons        0/0               0/0        ( 0.0%) 
occluder vert ind        0/0               0/0        ( 0.0%) 
detail props          [variable]           1/12       ( 8.3%) 
static props          [variable]           1/828      ( 0.1%) 
pakfile               [variable]      320826/0        ( 0.0%) 
physics               [variable]       65625/4194304  ( 1.6%) 
physics terrain       [variable]           2/1048576  ( 0.0%) 

Level flags = 0

Total triangle count: 2389
Writing z:\home\other\mapsrc\test.bsp
8 seconds elapsed



materialPath: Z:\home\omejzlik\.local\share\Steam\steamapps\common\Half-Life 2 Deathmatch\hl2mp\materials
Loading z:\home\other\mapsrc\test.vmf
ConVarRef mat_reduceparticles doesn't point to an existing ConVar
Could not locate 'GameData' key in z:\home\omejzlik\.local\share\steam\steamapps\common\half-life 2 deathmatch\hl2mp\gameinfo.txt
Patching WVT material: maps/test/dev/dev_blendmeasure_wvt_patch
fixing up env_cubemap materials on brush sides...
0...1...2...3...4...5...6...7...8...9...100...1...2...3...4...5...6...7...8...9...10Processing areas...done (0)
Building Faces...done (0)
Chop Details...done (0)
Find Visible Detail Sides...done (0)
Merging details...done (0)
FixTjuncs...
PruneNodes...
WriteBSP...
done (0)
writing z:\home\other\mapsrc\test.prt...Building visibility clusters...
done (0)
Creating default LDR cubemaps for env_cubemap using skybox materials:
   skybox/sky_day01_01*.vmt
 ! Run buildcubemaps in the engine to get the correct cube maps.
Creating default HDR cubemaps for env_cubemap using skybox materials:
   skybox/sky_day01_01*.vmt
 ! Run buildcubemaps in the engine to get the correct cube maps.
Finding displacement neighbors...
Finding lightmap sample positions...
Displacement Alpha : 0...1...2...3...4...5...6...7...8...9...10
Building Physics collision data...
done (0) (65625 bytes)
Placing detail props : 0...1...2...3...4...5...6...7...8...9...10
Compacting texture/material tables...
Reduced 439 texinfos to 165
Reduced 36 texdatas to 27 (1182 bytes to 911)
Writing z:\home\other\mapsrc\test.bsp
Wrote ZIP buffer, estimated size 323184, actual size 320826
0 seconds elapsed



4 threads
reading z:\home\other\mapsrc\test.bsp
reading z:\home\other\mapsrc\test.prt
  70 portalclusters
 203 numportals
0...1...2...3...4...5...6...7...8...9...10Optimized: 87 visible clusters (1.87%)
Total clusters visible: 4663
Average clusters visible: 66
Building PAS...
Average clusters audible: 70
visdatasize:1831  compressed from 2240
writing z:\home\other\mapsrc\test.bsp
0 seconds elapsed



Could not find lights.rad in lights.rad.
Trying VRAD BIN directory instead...
Warning: Couldn't open texlight file Z:\home\omejzlik\.local\share\Steam\steamapps\common\Half-Life 2 Deathmatch\bin\lights.rad.
Loading z:\home\other\mapsrc\test.bsp
951 faces
37413 square feet [5387588.00 square inches]
0 Displacements
0 Square Feet [0.00 Square Inches]
951 patches before subdivision
52529 patches after subdivision
7 direct lights
0...1...2...3...4...5...6...7...8...9...100...1...2...3...4...5...6...7...8...9...10transfers 5788038, max 600
transfer lists:  44.2 megs
0...1...2...3...4...5...6...7...8...9...10	Bounce #1 added RGB(26551, 25906, 22367)
0...1...2...3...4...5...6...7...8...9...10	Bounce #2 added RGB(10802, 9806, 7186)
Build Patch/Sample Hash Table(s).....Done<0.0181 sec>
0...1...2...3...4...5...6...7...8...9...10FinalLightFace Done
0 of 0 (0% of) surface lights went in leaf ambient cubes.
0...1...2...3...4...5...6...7...8...9...10Writing leaf ambient...done
Ready to Finish

Object names       Objects/Maxobjs  Memory / Maxmem  Fullness 
------------       ---------------  ---------------  -------- 
models                  46/1024         2208/49152    ( 4.5%) 
brushes                131/8192         1572/98304    ( 1.6%) 
brushsides             926/65536        7408/524288   ( 1.4%) 
planes                1124/65536       22480/1310720  ( 1.7%) 
vertexes              1485/65536       17820/786432   ( 2.3%) 
nodes                  619/65536       19808/2097152  ( 0.9%) 
texinfos               165/12288       11880/884736   ( 1.3%) 
texdata                 27/2048          864/65536    ( 1.3%) 
dispinfos                0/0               0/0        ( 0.0%) 
disp_verts               0/0               0/0        ( 0.0%) 
disp_tris                0/0               0/0        ( 0.0%) 
disp_lmsamples           0/0               0/0        ( 0.0%) 
faces                  951/65536       53256/3670016  ( 1.5%) 
hdr faces                0/65536           0/3670016  ( 0.0%) 
origfaces              457/65536       25592/3670016  ( 0.7%) 
leaves                 666/65536       21312/2097152  ( 1.0%) 
leaffaces             2073/65536        4146/131072   ( 3.2%) 
leafbrushes            165/65536         330/131072   ( 0.3%) 
areas                    2/256            16/2048     ( 0.8%) 
surfedges             6167/512000      24668/2048000  ( 1.2%) 
edges                 3279/256000      13116/1024000  ( 1.3%) 
LDR worldlights          7/8192          616/720896   ( 0.1%) 
HDR worldlights          0/8192            0/720896   ( 0.0%) 
leafwaterdata            1/32768          12/393216   ( 0.0%) 
waterstrips             30/32768         300/327680   ( 0.1%) 
waterverts               0/65536           0/786432   ( 0.0%) 
waterindices           423/65536         846/131072   ( 0.6%) 
cubemapsamples           2/1024           32/16384    ( 0.2%) 
overlays                 0/512             0/180224   ( 0.0%) 
LDR lightdata         [variable]    10783536/0        ( 0.0%) 
HDR lightdata         [variable]           0/0        ( 0.0%) 
visdata               [variable]        1831/16777216 ( 0.0%) 
entdata               [variable]       52023/393216   (13.2%) 
LDR ambient table      666/65536        2664/262144   ( 1.0%) 
HDR ambient table      666/65536        2664/262144   ( 1.0%) 
LDR leaf ambient       939/65536       26292/1835008  ( 1.4%) 
HDR leaf ambient       666/65536       18648/1835008  ( 1.0%) 
occluders                0/0               0/0        ( 0.0%) 
occluder polygons        0/0               0/0        ( 0.0%) 
occluder vert ind        0/0               0/0        ( 0.0%) 
detail props          [variable]           1/12       ( 8.3%) 
static props          [variable]           1/828      ( 0.1%) 
pakfile               [variable]      320826/0        ( 0.0%) 
physics               [variable]       65625/4194304  ( 1.6%) 
physics terrain       [variable]           2/1048576  ( 0.0%) 

Level flags = 0

Total triangle count: 2389
Writing z:\home\other\mapsrc\test.bsp
8 seconds elapsed



materialPath: Z:\home\omejzlik\.local\share\Steam\steamapps\common\Half-Life 2 Deathmatch\hl2mp\materials
Loading z:\home\other\mapsrc\test.vmf
ConVarRef mat_reduceparticles doesn't point to an existing ConVar
Could not locate 'GameData' key in z:\home\omejzlik\.local\share\steam\steamapps\common\half-life 2 deathmatch\hl2mp\gameinfo.txt
Patching WVT material: maps/test/dev/dev_blendmeasure_wvt_patch
fixing up env_cubemap materials on brush sides...
0...1...2...3...4...5...6...7...8...9...100...1...2...3...4...5...6...7...8...9...10Processing areas...done (0)
Building Faces...done (0)
Chop Details...done (0)
Find Visible Detail Sides...done (0)
Merging details...done (0)
FixTjuncs...
PruneNodes...
WriteBSP...
done (0)
writing z:\home\other\mapsrc\test.prt...Building visibility clusters...
done (0)
Creating default LDR cubemaps for env_cubemap using skybox materials:
   skybox/sky_day01_01*.vmt
 ! Run buildcubemaps in the engine to get the correct cube maps.
Creating default HDR cubemaps for env_cubemap using skybox materials:
   skybox/sky_day01_01*.vmt
 ! Run buildcubemaps in the engine to get the correct cube maps.
Finding displacement neighbors...
Finding lightmap sample positions...
Displacement Alpha : 0...1...2...3...4...5...6...7...8...9...10
Building Physics collision data...
done (0) (65625 bytes)
Placing detail props : 0...1...2...3...4...5...6...7...8...9...10
Compacting texture/material tables...
Reduced 439 texinfos to 165
Reduced 36 texdatas to 27 (1182 bytes to 911)
Writing z:\home\other\mapsrc\test.bsp
Wrote ZIP buffer, estimated size 323184, actual size 320826
0 seconds elapsed



4 threads
reading z:\home\other\mapsrc\test.bsp
reading z:\home\other\mapsrc\test.prt
  70 portalclusters
 203 numportals
0...1...2...3...4...5...6...7...8...9...10Optimized: 87 visible clusters (1.87%)
Total clusters visible: 4663
Average clusters visible: 66
Building PAS...
Average clusters audible: 70
visdatasize:1831  compressed from 2240
writing z:\home\other\mapsrc\test.bsp
0 seconds elapsed



Could not find lights.rad in lights.rad.
Trying VRAD BIN directory instead...
Warning: Couldn't open texlight file Z:\home\omejzlik\.local\share\Steam\steamapps\common\Half-Life 2 Deathmatch\bin\lights.rad.
Loading z:\home\other\mapsrc\test.bsp
951 faces
37413 square feet [5387588.00 square inches]
0 Displacements
0 Square Feet [0.00 Square Inches]
951 patches before subdivision
52529 patches after subdivision
7 direct lights
0...1...2...3...4...5...6...7...8...9...100...1...2...3...4...5...6...7...8...9...10transfers 5788038, max 600
transfer lists:  44.2 megs
0...1...2...3...4...5...6...7...8...9...10	Bounce #1 added RGB(26551, 25906, 22367)
0...1...2...3...4...5...6...7...8...9...10	Bounce #2 added RGB(10802, 9806, 7186)
Build Patch/Sample Hash Table(s).....Done<0.0186 sec>
0...1...2...3...4...5...6...7...8...9...10FinalLightFace Done
0 of 0 (0% of) surface lights went in leaf ambient cubes.
0...1...2...3...4...5...6...7...8...9...10Writing leaf ambient...done
Ready to Finish

Object names       Objects/Maxobjs  Memory / Maxmem  Fullness 
------------       ---------------  ---------------  -------- 
models                  46/1024         2208/49152    ( 4.5%) 
brushes                131/8192         1572/98304    ( 1.6%) 
brushsides             926/65536        7408/524288   ( 1.4%) 
planes                1124/65536       22480/1310720  ( 1.7%) 
vertexes              1485/65536       17820/786432   ( 2.3%) 
nodes                  619/65536       19808/2097152  ( 0.9%) 
texinfos               165/12288       11880/884736   ( 1.3%) 
texdata                 27/2048          864/65536    ( 1.3%) 
dispinfos                0/0               0/0        ( 0.0%) 
disp_verts               0/0               0/0        ( 0.0%) 
disp_tris                0/0               0/0        ( 0.0%) 
disp_lmsamples           0/0               0/0        ( 0.0%) 
faces                  951/65536       53256/3670016  ( 1.5%) 
hdr faces                0/65536           0/3670016  ( 0.0%) 
origfaces              457/65536       25592/3670016  ( 0.7%) 
leaves                 666/65536       21312/2097152  ( 1.0%) 
leaffaces             2073/65536        4146/131072   ( 3.2%) 
leafbrushes            165/65536         330/131072   ( 0.3%) 
areas                    2/256            16/2048     ( 0.8%) 
surfedges             6167/512000      24668/2048000  ( 1.2%) 
edges                 3279/256000      13116/1024000  ( 1.3%) 
LDR worldlights          7/8192          616/720896   ( 0.1%) 
HDR worldlights          0/8192            0/720896   ( 0.0%) 
leafwaterdata            1/32768          12/393216   ( 0.0%) 
waterstrips             30/32768         300/327680   ( 0.1%) 
waterverts               0/65536           0/786432   ( 0.0%) 
waterindices           423/65536         846/131072   ( 0.6%) 
cubemapsamples           2/1024           32/16384    ( 0.2%) 
overlays                 0/512             0/180224   ( 0.0%) 
LDR lightdata         [variable]    10783536/0        ( 0.0%) 
HDR lightdata         [variable]           0/0        ( 0.0%) 
visdata               [variable]        1831/16777216 ( 0.0%) 
entdata               [variable]       52035/393216   (13.2%) 
LDR ambient table      666/65536        2664/262144   ( 1.0%) 
HDR ambient table      666/65536        2664/262144   ( 1.0%) 
LDR leaf ambient       939/65536       26292/1835008  ( 1.4%) 
HDR leaf ambient       666/65536       18648/1835008  ( 1.0%) 
occluders                0/0               0/0        ( 0.0%) 
occluder polygons        0/0               0/0        ( 0.0%) 
occluder vert ind        0/0               0/0        ( 0.0%) 
detail props          [variable]           1/12       ( 8.3%) 
static props          [variable]           1/828      ( 0.1%) 
pakfile               [variable]      320826/0        ( 0.0%) 
physics               [variable]       65625/4194304  ( 1.6%) 
physics terrain       [variable]           2/1048576  ( 0.0%) 

Level flags = 0

Total triangle count: 2389
Writing z:\home\other\mapsrc\test.bsp
8 seconds elapsed



materialPath: Z:\home\omejzlik\.local\share\Steam\steamapps\common\Half-Life 2 Deathmatch\hl2mp\materials
Loading z:\home\other\mapsrc\test.vmf
ConVarRef mat_reduceparticles doesn't point to an existing ConVar
Could not locate 'GameData' key in z:\home\omejzlik\.local\share\steam\steamapps\common\half-life 2 deathmatch\hl2mp\gameinfo.txt
Patching WVT material: maps/test/dev/dev_blendmeasure_wvt_patch
fixing up env_cubemap materials on brush sides...
0...1...2...3...4...5...6...7...8...9...100...1...2...3...4...5...6...7...8...9...10Processing areas...done (0)
Building Faces...done (0)
Chop Details...done (0)
Find Visible Detail Sides...done (0)
Merging details...done (0)
FixTjuncs...
PruneNodes...
WriteBSP...
done (0)
writing z:\home\other\mapsrc\test.prt...Building visibility clusters...
done (0)
Creating default LDR cubemaps for env_cubemap using skybox materials:
   skybox/sky_day01_01*.vmt
 ! Run buildcubemaps in the engine to get the correct cube maps.
Creating default HDR cubemaps for env_cubemap using skybox materials:
   skybox/sky_day01_01*.vmt
 ! Run buildcubemaps in the engine to get the correct cube maps.
Finding displacement neighbors...
Finding lightmap sample positions...
Displacement Alpha : 0...1...2...3...4...5...6...7...8...9...10
Building Physics collision data...
done (0) (65625 bytes)
Placing detail props : 0...1...2...3...4...5...6...7...8...9...10
Compacting texture/material tables...
Reduced 439 texinfos to 165
Reduced 36 texdatas to 27 (1182 bytes to 911)
Writing z:\home\other\mapsrc\test.bsp
Wrote ZIP buffer, estimated size 323184, actual size 320826
0 seconds elapsed



4 threads
reading z:\home\other\mapsrc\test.bsp
reading z:\home\other\mapsrc\test.prt
  70 portalclusters
 203 numportals
0...1...2...3...4...5...6...7...8...9...10Optimized: 87 visible clusters (1.87%)
Total clusters visible: 4663
Average clusters visible: 66
Building PAS...
Average clusters audible: 70
visdatasize:1831  compressed from 2240
writing z:\home\other\mapsrc\test.bsp
0 seconds elapsed



Could not find lights.rad in lights.rad.
Trying VRAD BIN directory instead...
Warning: Couldn't open texlight file Z:\home\omejzlik\.local\share\Steam\steamapps\common\Half-Life 2 Deathmatch\bin\lights.rad.
Loading z:\home\other\mapsrc\test.bsp
951 faces
37413 square feet [5387588.00 square inches]
0 Displacements
0 Square Feet [0.00 Square Inches]
951 patches before subdivision
52529 patches after subdivision
7 direct lights
0...1...2...3...4...5...6...7...8...9...100...1...2...3...4...5...6...7...8...9...10transfers 5788038, max 600
transfer lists:  44.2 megs
0...1...2...3...4...5...6...7...8...9...10	Bounce #1 added RGB(26551, 25906, 22367)
0...1...2...3...4...5...6...7...8...9...10	Bounce #2 added RGB(10802, 9806, 7186)
Build Patch/Sample Hash Table(s).....Done<0.0166 sec>
0...1...2...3...4...5...6...7...8...9...10FinalLightFace Done
0 of 0 (0% of) surface lights went in leaf ambient cubes.
0...1...2...3...4...5...6...7...8...9...10Writing leaf ambient...done
Ready to Finish

Object names       Objects/Maxobjs  Memory / Maxmem  Fullness 
------------       ---------------  ---------------  -------- 
models                  46/1024         2208/49152    ( 4.5%) 
brushes                131/8192         1572/98304    ( 1.6%) 
brushsides             926/65536        7408/524288   ( 1.4%) 
planes                1124/65536       22480/1310720  ( 1.7%) 
vertexes              1485/65536       17820/786432   ( 2.3%) 
nodes                  619/65536       19808/2097152  ( 0.9%) 
texinfos               165/12288       11880/884736   ( 1.3%) 
texdata                 27/2048          864/65536    ( 1.3%) 
dispinfos                0/0               0/0        ( 0.0%) 
disp_verts               0/0               0/0        ( 0.0%) 
disp_tris                0/0               0/0        ( 0.0%) 
disp_lmsamples           0/0               0/0        ( 0.0%) 
faces                  951/65536       53256/3670016  ( 1.5%) 
hdr faces                0/65536           0/3670016  ( 0.0%) 
origfaces              457/65536       25592/3670016  ( 0.7%) 
leaves                 666/65536       21312/2097152  ( 1.0%) 
leaffaces             2073/65536        4146/131072   ( 3.2%) 
leafbrushes            165/65536         330/131072   ( 0.3%) 
areas                    2/256            16/2048     ( 0.8%) 
surfedges             6167/512000      24668/2048000  ( 1.2%) 
edges                 3279/256000      13116/1024000  ( 1.3%) 
LDR worldlights          7/8192          616/720896   ( 0.1%) 
HDR worldlights          0/8192            0/720896   ( 0.0%) 
leafwaterdata            1/32768          12/393216   ( 0.0%) 
waterstrips             30/32768         300/327680   ( 0.1%) 
waterverts               0/65536           0/786432   ( 0.0%) 
waterindices           423/65536         846/131072   ( 0.6%) 
cubemapsamples           2/1024           32/16384    ( 0.2%) 
overlays                 0/512             0/180224   ( 0.0%) 
LDR lightdata         [variable]    10783536/0        ( 0.0%) 
HDR lightdata         [variable]           0/0        ( 0.0%) 
visdata               [variable]        1831/16777216 ( 0.0%) 
entdata               [variable]       52287/393216   (13.3%) 
LDR ambient table      666/65536        2664/262144   ( 1.0%) 
HDR ambient table      666/65536        2664/262144   ( 1.0%) 
LDR leaf ambient       939/65536       26292/1835008  ( 1.4%) 
HDR leaf ambient       666/65536       18648/1835008  ( 1.0%) 
occluders                0/0               0/0        ( 0.0%) 
occluder polygons        0/0               0/0        ( 0.0%) 
occluder vert ind        0/0               0/0        ( 0.0%) 
detail props          [variable]           1/12       ( 8.3%) 
static props          [variable]           1/828      ( 0.1%) 
pakfile               [variable]      320826/0        ( 0.0%) 
physics               [variable]       65625/4194304  ( 1.6%) 
physics terrain       [variable]           2/1048576  ( 0.0%) 

Level flags = 0

Total triangle count: 2389
Writing z:\home\other\mapsrc\test.bsp
8 seconds elapsed



materialPath: Z:\home\omejzlik\.local\share\Steam\steamapps\common\Half-Life 2 Deathmatch\hl2mp\materials
Loading z:\home\other\mapsrc\test.vmf
ConVarRef mat_reduceparticles doesn't point to an existing ConVar
Could not locate 'GameData' key in z:\home\omejzlik\.local\share\steam\steamapps\common\half-life 2 deathmatch\hl2mp\gameinfo.txt
Patching WVT material: maps/test/dev/dev_blendmeasure_wvt_patch
fixing up env_cubemap materials on brush sides...
0...1...2...3...4...5...6...7...8...9...100...1...2...3...4...5...6...7...8...9...10Processing areas...done (0)
Building Faces...done (0)
Chop Details...done (0)
Find Visible Detail Sides...done (0)
Merging details...done (0)
FixTjuncs...
PruneNodes...
WriteBSP...
done (0)
writing z:\home\other\mapsrc\test.prt...Building visibility clusters...
done (0)
Creating default LDR cubemaps for env_cubemap using skybox materials:
   skybox/sky_day01_01*.vmt
 ! Run buildcubemaps in the engine to get the correct cube maps.
Creating default HDR cubemaps for env_cubemap using skybox materials:
   skybox/sky_day01_01*.vmt
 ! Run buildcubemaps in the engine to get the correct cube maps.
Finding displacement neighbors...
Finding lightmap sample positions...
Displacement Alpha : 0...1...2...3...4...5...6...7...8...9...10
Building Physics collision data...
done (0) (65625 bytes)
Placing detail props : 0...1...2...3...4...5...6...7...8...9...10
Compacting texture/material tables...
Reduced 445 texinfos to 165
Reduced 36 texdatas to 27 (1182 bytes to 911)
Writing z:\home\other\mapsrc\test.bsp
Wrote ZIP buffer, estimated size 323184, actual size 320826
0 seconds elapsed



4 threads
reading z:\home\other\mapsrc\test.bsp
reading z:\home\other\mapsrc\test.prt
  70 portalclusters
 203 numportals
0...1...2...3...4...5...6...7...8...9...10Optimized: 87 visible clusters (1.87%)
Total clusters visible: 4663
Average clusters visible: 66
Building PAS...
Average clusters audible: 70
visdatasize:1831  compressed from 2240
writing z:\home\other\mapsrc\test.bsp
0 seconds elapsed



Could not find lights.rad in lights.rad.
Trying VRAD BIN directory instead...
Warning: Couldn't open texlight file Z:\home\omejzlik\.local\share\Steam\steamapps\common\Half-Life 2 Deathmatch\bin\lights.rad.
Loading z:\home\other\mapsrc\test.bsp
951 faces
37413 square feet [5387588.00 square inches]
0 Displacements
0 Square Feet [0.00 Square Inches]
951 patches before subdivision
52529 patches after subdivision
7 direct lights
0...1...2...3...4...5...6...7...8...9...100...1...2...3...4...5...6...7...8...9...10transfers 5788038, max 600
transfer lists:  44.2 megs
0...1...2...3...4...5...6...7...8...9...10	Bounce #1 added RGB(26551, 25906, 22367)
0...1...2...3...4...5...6...7...8...9...10	Bounce #2 added RGB(10802, 9806, 7186)
Build Patch/Sample Hash Table(s).....Done<0.0184 sec>
0...1...2...3...4...5...6...7...8...9...10FinalLightFace Done
0 of 0 (0% of) surface lights went in leaf ambient cubes.
0...1...2...3...4...5...6...7...8...9...10Writing leaf ambient...done
Ready to Finish

Object names       Objects/Maxobjs  Memory / Maxmem  Fullness 
------------       ---------------  ---------------  -------- 
models                  46/1024         2208/49152    ( 4.5%) 
brushes                131/8192         1572/98304    ( 1.6%) 
brushsides             926/65536        7408/524288   ( 1.4%) 
planes                1126/65536       22520/1310720  ( 1.7%) 
vertexes              1485/65536       17820/786432   ( 2.3%) 
nodes                  619/65536       19808/2097152  ( 0.9%) 
texinfos               165/12288       11880/884736   ( 1.3%) 
texdata                 27/2048          864/65536    ( 1.3%) 
dispinfos                0/0               0/0        ( 0.0%) 
disp_verts               0/0               0/0        ( 0.0%) 
disp_tris                0/0               0/0        ( 0.0%) 
disp_lmsamples           0/0               0/0        ( 0.0%) 
faces                  951/65536       53256/3670016  ( 1.5%) 
hdr faces                0/65536           0/3670016  ( 0.0%) 
origfaces              457/65536       25592/3670016  ( 0.7%) 
leaves                 666/65536       21312/2097152  ( 1.0%) 
leaffaces             2073/65536        4146/131072   ( 3.2%) 
leafbrushes            165/65536         330/131072   ( 0.3%) 
areas                    2/256            16/2048     ( 0.8%) 
surfedges             6167/512000      24668/2048000  ( 1.2%) 
edges                 3279/256000      13116/1024000  ( 1.3%) 
LDR worldlights          7/8192          616/720896   ( 0.1%) 
HDR worldlights          0/8192            0/720896   ( 0.0%) 
leafwaterdata            1/32768          12/393216   ( 0.0%) 
waterstrips             30/32768         300/327680   ( 0.1%) 
waterverts               0/65536           0/786432   ( 0.0%) 
waterindices           423/65536         846/131072   ( 0.6%) 
cubemapsamples           2/1024           32/16384    ( 0.2%) 
overlays                 0/512             0/180224   ( 0.0%) 
LDR lightdata         [variable]    10783536/0        ( 0.0%) 
HDR lightdata         [variable]           0/0        ( 0.0%) 
visdata               [variable]        1831/16777216 ( 0.0%) 
entdata               [variable]       52291/393216   (13.3%) 
LDR ambient table      666/65536        2664/262144   ( 1.0%) 
HDR ambient table      666/65536        2664/262144   ( 1.0%) 
LDR leaf ambient       939/65536       26292/1835008  ( 1.4%) 
HDR leaf ambient       666/65536       18648/1835008  ( 1.0%) 
occluders                0/0               0/0        ( 0.0%) 
occluder polygons        0/0               0/0        ( 0.0%) 
occluder vert ind        0/0               0/0        ( 0.0%) 
detail props          [variable]           1/12       ( 8.3%) 
static props          [variable]           1/828      ( 0.1%) 
pakfile               [variable]      320826/0        ( 0.0%) 
physics               [variable]       65625/4194304  ( 1.6%) 
physics terrain       [variable]           2/1048576  ( 0.0%) 

Level flags = 0

Total triangle count: 2389
Writing z:\home\other\mapsrc\test.bsp
8 seconds elapsed



materialPath: Z:\home\omejzlik\.local\share\Steam\steamapps\common\Half-Life 2 Deathmatch\hl2mp\materials
Loading z:\home\other\mapsrc\test.vmf
ConVarRef mat_reduceparticles doesn't point to an existing ConVar
Could not locate 'GameData' key in z:\home\omejzlik\.local\share\steam\steamapps\common\half-life 2 deathmatch\hl2mp\gameinfo.txt
Patching WVT material: maps/test/dev/dev_blendmeasure_wvt_patch
fixing up env_cubemap materials on brush sides...
0...1...2...3...4...5...6...7...8...9...100...1...2...3...4...5...6...7...8...9...10Processing areas...done (0)
Building Faces...done (0)
Chop Details...done (0)
Find Visible Detail Sides...done (0)
Merging details...done (0)
FixTjuncs...
PruneNodes...
WriteBSP...
done (0)
writing z:\home\other\mapsrc\test.prt...Building visibility clusters...
done (0)
Creating default LDR cubemaps for env_cubemap using skybox materials:
   skybox/sky_day01_01*.vmt
 ! Run buildcubemaps in the engine to get the correct cube maps.
Creating default HDR cubemaps for env_cubemap using skybox materials:
   skybox/sky_day01_01*.vmt
 ! Run buildcubemaps in the engine to get the correct cube maps.
Finding displacement neighbors...
Finding lightmap sample positions...
Displacement Alpha : 0...1...2...3...4...5...6...7...8...9...10
Building Physics collision data...
done (0) (65625 bytes)
Placing detail props : 0...1...2...3...4...5...6...7...8...9...10
Compacting texture/material tables...
Reduced 445 texinfos to 165
Reduced 36 texdatas to 27 (1182 bytes to 911)
Writing z:\home\other\mapsrc\test.bsp
Wrote ZIP buffer, estimated size 323184, actual size 320826
0 seconds elapsed



4 threads
reading z:\home\other\mapsrc\test.bsp
reading z:\home\other\mapsrc\test.prt
  70 portalclusters
 203 numportals
0...1...2...3...4...5...6...7...8...9...10Optimized: 87 visible clusters (1.87%)
Total clusters visible: 4663
Average clusters visible: 66
Building PAS...
Average clusters audible: 70
visdatasize:1831  compressed from 2240
writing z:\home\other\mapsrc\test.bsp
0 seconds elapsed



Could not find lights.rad in lights.rad.
Trying VRAD BIN directory instead...
Warning: Couldn't open texlight file Z:\home\omejzlik\.local\share\Steam\steamapps\common\Half-Life 2 Deathmatch\bin\lights.rad.
Loading z:\home\other\mapsrc\test.bsp
951 faces
37413 square feet [5387588.00 square inches]
0 Displacements
0 Square Feet [0.00 Square Inches]
951 patches before subdivision
52529 patches after subdivision
7 direct lights
0...1...2...3...4...5...6...7...8...9...100...1...2...3...4...5...6...7...8...9...10transfers 5788038, max 600
transfer lists:  44.2 megs
0...1...2...3...4...5...6...7...8...9...10	Bounce #1 added RGB(26551, 25906, 22367)
0...1...2...3...4...5...6...7...8...9...10	Bounce #2 added RGB(10802, 9806, 7186)
Build Patch/Sample Hash Table(s).....Done<0.0127 sec>
0...1...2...3...4...5...6...7...8...9...10FinalLightFace Done
0 of 0 (0% of) surface lights went in leaf ambient cubes.
0...1...2...3...4...5...6...7...8...9...10Writing leaf ambient...done
Ready to Finish

Object names       Objects/Maxobjs  Memory / Maxmem  Fullness 
------------       ---------------  ---------------  -------- 
models                  46/1024         2208/49152    ( 4.5%) 
brushes                131/8192         1572/98304    ( 1.6%) 
brushsides             926/65536        7408/524288   ( 1.4%) 
planes                1126/65536       22520/1310720  ( 1.7%) 
vertexes              1485/65536       17820/786432   ( 2.3%) 
nodes                  619/65536       19808/2097152  ( 0.9%) 
texinfos               165/12288       11880/884736   ( 1.3%) 
texdata                 27/2048          864/65536    ( 1.3%) 
dispinfos                0/0               0/0        ( 0.0%) 
disp_verts               0/0               0/0        ( 0.0%) 
disp_tris                0/0               0/0        ( 0.0%) 
disp_lmsamples           0/0               0/0        ( 0.0%) 
faces                  951/65536       53256/3670016  ( 1.5%) 
hdr faces                0/65536           0/3670016  ( 0.0%) 
origfaces              457/65536       25592/3670016  ( 0.7%) 
leaves                 666/65536       21312/2097152  ( 1.0%) 
leaffaces             2073/65536        4146/131072   ( 3.2%) 
leafbrushes            165/65536         330/131072   ( 0.3%) 
areas                    2/256            16/2048     ( 0.8%) 
surfedges             6167/512000      24668/2048000  ( 1.2%) 
edges                 3279/256000      13116/1024000  ( 1.3%) 
LDR worldlights          7/8192          616/720896   ( 0.1%) 
HDR worldlights          0/8192            0/720896   ( 0.0%) 
leafwaterdata            1/32768          12/393216   ( 0.0%) 
waterstrips             30/32768         300/327680   ( 0.1%) 
waterverts               0/65536           0/786432   ( 0.0%) 
waterindices           423/65536         846/131072   ( 0.6%) 
cubemapsamples           2/1024           32/16384    ( 0.2%) 
overlays                 0/512             0/180224   ( 0.0%) 
LDR lightdata         [variable]    10783536/0        ( 0.0%) 
HDR lightdata         [variable]           0/0        ( 0.0%) 
visdata               [variable]        1831/16777216 ( 0.0%) 
entdata               [variable]       52279/393216   (13.3%) 
LDR ambient table      666/65536        2664/262144   ( 1.0%) 
HDR ambient table      666/65536        2664/262144   ( 1.0%) 
LDR leaf ambient       939/65536       26292/1835008  ( 1.4%) 
HDR leaf ambient       666/65536       18648/1835008  ( 1.0%) 
occluders                0/0               0/0        ( 0.0%) 
occluder polygons        0/0               0/0        ( 0.0%) 
occluder vert ind        0/0               0/0        ( 0.0%) 
detail props          [variable]           1/12       ( 8.3%) 
static props          [variable]           1/828      ( 0.1%) 
pakfile               [variable]      320826/0        ( 0.0%) 
physics               [variable]       65625/4194304  ( 1.6%) 
physics terrain       [variable]           2/1048576  ( 0.0%) 

Level flags = 0

Total triangle count: 2389
Writing z:\home\other\mapsrc\test.bsp
8 seconds elapsed



materialPath: C:\Program Files (x86)\Steam\steamapps\common\Half-Life 2 Deathmatch\hl2mp\materials
Loading c:\program files (x86)\steam\steamapps\common\sourcesdk_content\hl2mp\mapsrc\hammer\test.vmf
ConVarRef mat_reduceparticles doesn't point to an existing ConVar
Could not locate 'GameData' key in c:\program files (x86)\steam\steamapps\common\half-life 2 deathmatch\hl2mp\gameinfo.txt
Patching WVT material: maps/test/dev/dev_blendmeasure_wvt_patch
fixing up env_cubemap materials on brush sides...
0...1...2...3...4...5...6...7...8...9...100...1...2...3...4...5...6...7...8...9...10Processing areas...done (0)
Building Faces...done (0)
Chop Details...done (0)
Find Visible Detail Sides...done (0)
Merging details...done (0)
FixTjuncs...
PruneNodes...
WriteBSP...
done (0)
writing c:\program files (x86)\steam\steamapps\common\sourcesdk_content\hl2mp\mapsrc\hammer\test.prt...Building visibility clusters...
done (0)
Creating default LDR cubemaps for env_cubemap using skybox materials:
   skybox/sky_day01_01*.vmt
 ! Run buildcubemaps in the engine to get the correct cube maps.
Creating default HDR cubemaps for env_cubemap using skybox materials:
   skybox/sky_day01_01*.vmt
 ! Run buildcubemaps in the engine to get the correct cube maps.
Finding displacement neighbors...
Finding lightmap sample positions...
Displacement Alpha : 0...1...2...3...4...5...6...7...8...9...10
Building Physics collision data...
done (0) (65625 bytes)
Placing detail props : 0...1...2...3...4...5...6...7...8...9...10
Compacting texture/material tables...
Reduced 445 texinfos to 165
Reduced 36 texdatas to 27 (1182 bytes to 911)
Writing c:\program files (x86)\steam\steamapps\common\sourcesdk_content\hl2mp\mapsrc\hammer\test.bsp
Wrote ZIP buffer, estimated size 323184, actual size 320826
0 seconds elapsed



12 threads
reading c:\program files (x86)\steam\steamapps\common\sourcesdk_content\hl2mp\mapsrc\hammer\test.bsp
reading c:\program files (x86)\steam\steamapps\common\sourcesdk_content\hl2mp\mapsrc\hammer\test.prt
  70 portalclusters
 203 numportals
0...1...2...3...4...5...6...7...8...9...10Optimized: 87 visible clusters (1.87%)
Total clusters visible: 4663
Average clusters visible: 66
Building PAS...
Average clusters audible: 70
visdatasize:1831  compressed from 2240
writing c:\program files (x86)\steam\steamapps\common\sourcesdk_content\hl2mp\mapsrc\hammer\test.bsp
0 seconds elapsed



[Reading texlights from 'lights.rad']
[45 texlights parsed from 'lights.rad']

Loading c:\program files (x86)\steam\steamapps\common\sourcesdk_content\hl2mp\mapsrc\hammer\test.bsp
951 faces
37413 square feet [5387588.00 square inches]
0 Displacements
0 Square Feet [0.00 Square Inches]
951 patches before subdivision
52545 patches after subdivision
7 direct lights
0...1...2...3...4...5...6...7...8...9...100...1...2...3...4...5...6...7...8...9...10transfers 5798621, max 601
transfer lists:  44.2 megs
0...1...2...3...4...5...6...7...8...9...10	Bounce #1 added RGB(26581, 25933, 22390)
0...1...2...3...4...5...6...7...8...9...10	Bounce #2 added RGB(10822, 9823, 7197)
Build Patch/Sample Hash Table(s).....Done<0.0109 sec>
0...1...2...3...4...5...6...7...8...9...10FinalLightFace Done
0 of 0 (0% of) surface lights went in leaf ambient cubes.
0...1...2...3...4...5...6...7...8...9...10Writing leaf ambient...done
Ready to Finish

Object names       Objects/Maxobjs  Memory / Maxmem  Fullness 
------------       ---------------  ---------------  -------- 
models                  46/1024         2208/49152    ( 4.5%) 
brushes                131/8192         1572/98304    ( 1.6%) 
brushsides             924/65536        7392/524288   ( 1.4%) 
planes                1122/65536       22440/1310720  ( 1.7%) 
vertexes              1481/65536       17772/786432   ( 2.3%) 
nodes                  619/65536       19808/2097152  ( 0.9%) 
texinfos               165/12288       11880/884736   ( 1.3%) 
texdata                 27/2048          864/65536    ( 1.3%) 
dispinfos                0/0               0/0        ( 0.0%) 
disp_verts               0/0               0/0        ( 0.0%) 
disp_tris                0/0               0/0        ( 0.0%) 
disp_lmsamples           0/0               0/0        ( 0.0%) 
faces                  951/65536       53256/3670016  ( 1.5%) 
hdr faces                0/65536           0/3670016  ( 0.0%) 
origfaces              457/65536       25592/3670016  ( 0.7%) 
leaves                 666/65536       21312/2097152  ( 1.0%) 
leaffaces             2073/65536        4146/131072   ( 3.2%) 
leafbrushes            163/65536         326/131072   ( 0.2%) 
areas                    2/256            16/2048     ( 0.8%) 
surfedges             6167/512000      24668/2048000  ( 1.2%) 
edges                 3277/256000      13108/1024000  ( 1.3%) 
LDR worldlights          7/8192          616/720896   ( 0.1%) 
HDR worldlights          0/8192            0/720896   ( 0.0%) 
leafwaterdata            1/32768          12/393216   ( 0.0%) 
waterstrips             30/32768         300/327680   ( 0.1%) 
waterverts               0/65536           0/786432   ( 0.0%) 
waterindices           423/65536         846/131072   ( 0.6%) 
cubemapsamples           2/1024           32/16384    ( 0.2%) 
overlays                 0/512             0/180224   ( 0.0%) 
LDR lightdata         [variable]    10440912/0        ( 0.0%) 
HDR lightdata         [variable]           0/0        ( 0.0%) 
visdata               [variable]        1831/16777216 ( 0.0%) 
entdata               [variable]       52279/393216   (13.3%) 
LDR ambient table      666/65536        2664/262144   ( 1.0%) 
HDR ambient table      666/65536        2664/262144   ( 1.0%) 
LDR leaf ambient       942/65536       26376/1835008  ( 1.4%) 
HDR leaf ambient       666/65536       18648/1835008  ( 1.0%) 
occluders                0/0               0/0        ( 0.0%) 
occluder polygons        0/0               0/0        ( 0.0%) 
occluder vert ind        0/0               0/0        ( 0.0%) 
detail props          [variable]           1/12       ( 8.3%) 
static props          [variable]           1/828      ( 0.1%) 
pakfile               [variable]      320826/0        ( 0.0%) 
physics               [variable]       65625/4194304  ( 1.6%) 
physics terrain       [variable]           2/1048576  ( 0.0%) 

Level flags = 0

Total triangle count: 2389
Writing c:\program files (x86)\steam\steamapps\common\sourcesdk_content\hl2mp\mapsrc\hammer\test.bsp
3 seconds elapsed



materialPath: C:\Program Files (x86)\Steam\steamapps\common\Half-Life 2 Deathmatch\hl2mp\materials
Loading c:\program files (x86)\steam\steamapps\common\sourcesdk_content\hl2mp\mapsrc\hammer\test.vmf
ConVarRef mat_reduceparticles doesn't point to an existing ConVar
Could not locate 'GameData' key in c:\program files (x86)\steam\steamapps\common\half-life 2 deathmatch\hl2mp\gameinfo.txt
Patching WVT material: maps/test/dev/dev_blendmeasure_wvt_patch
fixing up env_cubemap materials on brush sides...
0...1...2...3...4...5...6...7...8...9...100...1...2...3...4...5...6...7...8...9...10Processing areas...done (0)
Building Faces...done (0)
Chop Details...done (0)
Find Visible Detail Sides...done (0)
Merging details...done (0)
FixTjuncs...
PruneNodes...
WriteBSP...
done (0)
writing c:\program files (x86)\steam\steamapps\common\sourcesdk_content\hl2mp\mapsrc\hammer\test.prt...Building visibility clusters...
done (0)
Creating default LDR cubemaps for env_cubemap using skybox materials:
   skybox/sky_day01_01*.vmt
 ! Run buildcubemaps in the engine to get the correct cube maps.
Creating default HDR cubemaps for env_cubemap using skybox materials:
   skybox/sky_day01_01*.vmt
 ! Run buildcubemaps in the engine to get the correct cube maps.
Finding displacement neighbors...
Finding lightmap sample positions...
Displacement Alpha : 0...1...2...3...4...5...6...7...8...9...10
Building Physics collision data...
done (0) (65625 bytes)
Placing detail props : 0...1...2...3...4...5...6...7...8...9...10
Compacting texture/material tables...
Reduced 445 texinfos to 165
Reduced 36 texdatas to 27 (1182 bytes to 911)
Writing c:\program files (x86)\steam\steamapps\common\sourcesdk_content\hl2mp\mapsrc\hammer\test.bsp
Wrote ZIP buffer, estimated size 323184, actual size 320826
0 seconds elapsed



12 threads
reading c:\program files (x86)\steam\steamapps\common\sourcesdk_content\hl2mp\mapsrc\hammer\test.bsp
reading c:\program files (x86)\steam\steamapps\common\sourcesdk_content\hl2mp\mapsrc\hammer\test.prt
  70 portalclusters
 203 numportals
0...1...2...3...4...5...6...7...8...9...10Optimized: 87 visible clusters (1.87%)
Total clusters visible: 4663
Average clusters visible: 66
Building PAS...
Average clusters audible: 70
visdatasize:1831  compressed from 2240
writing c:\program files (x86)\steam\steamapps\common\sourcesdk_content\hl2mp\mapsrc\hammer\test.bsp
0 seconds elapsed



[Reading texlights from 'lights.rad']
[45 texlights parsed from 'lights.rad']

Loading c:\program files (x86)\steam\steamapps\common\sourcesdk_content\hl2mp\mapsrc\hammer\test.bsp
951 faces
37413 square feet [5387588.00 square inches]
0 Displacements
0 Square Feet [0.00 Square Inches]
951 patches before subdivision
52545 patches after subdivision
7 direct lights
0...1...2...3...4...5...6...7...8...9...100...1...2...3...4...5...6...7...8...9...10transfers 5798621, max 601
transfer lists:  44.2 megs
0...1...2...3...4...5...6...7...8...9...10	Bounce #1 added RGB(26581, 25933, 22390)
0...1...2...3...4...5...6...7...8...9...10	Bounce #2 added RGB(10822, 9823, 7197)
Build Patch/Sample Hash Table(s).....Done<0.0134 sec>
0...1...2...3...4...5...6...7...8...9...10FinalLightFace Done
0 of 0 (0% of) surface lights went in leaf ambient cubes.
0...1...2...3...4...5...6...7...8...9...10Writing leaf ambient...done
Ready to Finish

Object names       Objects/Maxobjs  Memory / Maxmem  Fullness 
------------       ---------------  ---------------  -------- 
models                  46/1024         2208/49152    ( 4.5%) 
brushes                131/8192         1572/98304    ( 1.6%) 
brushsides             924/65536        7392/524288   ( 1.4%) 
planes                1122/65536       22440/1310720  ( 1.7%) 
vertexes              1481/65536       17772/786432   ( 2.3%) 
nodes                  619/65536       19808/2097152  ( 0.9%) 
texinfos               165/12288       11880/884736   ( 1.3%) 
texdata                 27/2048          864/65536    ( 1.3%) 
dispinfos                0/0               0/0        ( 0.0%) 
disp_verts               0/0               0/0        ( 0.0%) 
disp_tris                0/0               0/0        ( 0.0%) 
disp_lmsamples           0/0               0/0        ( 0.0%) 
faces                  951/65536       53256/3670016  ( 1.5%) 
hdr faces                0/65536           0/3670016  ( 0.0%) 
origfaces              457/65536       25592/3670016  ( 0.7%) 
leaves                 666/65536       21312/2097152  ( 1.0%) 
leaffaces             2073/65536        4146/131072   ( 3.2%) 
leafbrushes            163/65536         326/131072   ( 0.2%) 
areas                    2/256            16/2048     ( 0.8%) 
surfedges             6167/512000      24668/2048000  ( 1.2%) 
edges                 3277/256000      13108/1024000  ( 1.3%) 
LDR worldlights          7/8192          616/720896   ( 0.1%) 
HDR worldlights          0/8192            0/720896   ( 0.0%) 
leafwaterdata            1/32768          12/393216   ( 0.0%) 
waterstrips             30/32768         300/327680   ( 0.1%) 
waterverts               0/65536           0/786432   ( 0.0%) 
waterindices           423/65536         846/131072   ( 0.6%) 
cubemapsamples           2/1024           32/16384    ( 0.2%) 
overlays                 0/512             0/180224   ( 0.0%) 
LDR lightdata         [variable]    10440912/0        ( 0.0%) 
HDR lightdata         [variable]           0/0        ( 0.0%) 
visdata               [variable]        1831/16777216 ( 0.0%) 
entdata               [variable]       52570/393216   (13.4%) 
LDR ambient table      666/65536        2664/262144   ( 1.0%) 
HDR ambient table      666/65536        2664/262144   ( 1.0%) 
LDR leaf ambient       942/65536       26376/1835008  ( 1.4%) 
HDR leaf ambient       666/65536       18648/1835008  ( 1.0%) 
occluders                0/0               0/0        ( 0.0%) 
occluder polygons        0/0               0/0        ( 0.0%) 
occluder vert ind        0/0               0/0        ( 0.0%) 
detail props          [variable]           1/12       ( 8.3%) 
static props          [variable]           1/828      ( 0.1%) 
pakfile               [variable]      320826/0        ( 0.0%) 
physics               [variable]       65625/4194304  ( 1.6%) 
physics terrain       [variable]           2/1048576  ( 0.0%) 

Level flags = 0

Total triangle count: 2389
Writing c:\program files (x86)\steam\steamapps\common\sourcesdk_content\hl2mp\mapsrc\hammer\test.bsp
3 seconds elapsed



materialPath: C:\Program Files (x86)\Steam\steamapps\common\Half-Life 2 Deathmatch\hl2mp\materials
Loading c:\program files (x86)\steam\steamapps\common\sourcesdk_content\hl2mp\mapsrc\hammer\test.vmf
ConVarRef mat_reduceparticles doesn't point to an existing ConVar
Could not locate 'GameData' key in c:\program files (x86)\steam\steamapps\common\half-life 2 deathmatch\hl2mp\gameinfo.txt
Patching WVT material: maps/test/dev/dev_blendmeasure_wvt_patch
fixing up env_cubemap materials on brush sides...
0...1...2...3...4...5...6...7...8...9...100...1...2...3...4...5...6...7...8...9...10Processing areas...done (0)
Building Faces...done (0)
Chop Details...done (0)
Find Visible Detail Sides...done (0)
Merging details...done (0)
FixTjuncs...
PruneNodes...
WriteBSP...
done (0)
writing c:\program files (x86)\steam\steamapps\common\sourcesdk_content\hl2mp\mapsrc\hammer\test.prt...Building visibility clusters...
done (0)
Creating default LDR cubemaps for env_cubemap using skybox materials:
   skybox/sky_day01_01*.vmt
 ! Run buildcubemaps in the engine to get the correct cube maps.
Creating default HDR cubemaps for env_cubemap using skybox materials:
   skybox/sky_day01_01*.vmt
 ! Run buildcubemaps in the engine to get the correct cube maps.
Finding displacement neighbors...
Finding lightmap sample positions...
Displacement Alpha : 0...1...2...3...4...5...6...7...8...9...10
Building Physics collision data...
done (0) (65625 bytes)
Placing detail props : 0...1...2...3...4...5...6...7...8...9...10
Compacting texture/material tables...
Reduced 445 texinfos to 165
Reduced 36 texdatas to 27 (1182 bytes to 911)
Writing c:\program files (x86)\steam\steamapps\common\sourcesdk_content\hl2mp\mapsrc\hammer\test.bsp
Wrote ZIP buffer, estimated size 323184, actual size 320826
0 seconds elapsed



12 threads
reading c:\program files (x86)\steam\steamapps\common\sourcesdk_content\hl2mp\mapsrc\hammer\test.bsp
reading c:\program files (x86)\steam\steamapps\common\sourcesdk_content\hl2mp\mapsrc\hammer\test.prt
  70 portalclusters
 203 numportals
0...1...2...3...4...5...6...7...8...9...10Optimized: 87 visible clusters (1.87%)
Total clusters visible: 4663
Average clusters visible: 66
Building PAS...
Average clusters audible: 70
visdatasize:1831  compressed from 2240
writing c:\program files (x86)\steam\steamapps\common\sourcesdk_content\hl2mp\mapsrc\hammer\test.bsp
0 seconds elapsed



[Reading texlights from 'lights.rad']
[45 texlights parsed from 'lights.rad']

Loading c:\program files (x86)\steam\steamapps\common\sourcesdk_content\hl2mp\mapsrc\hammer\test.bsp
951 faces
37413 square feet [5387588.00 square inches]
0 Displacements
0 Square Feet [0.00 Square Inches]
951 patches before subdivision
52545 patches after subdivision
7 direct lights
0...1...2...3...4...5...6...7...8...9...100...1...2...3...4...5...6...7...8...9...10transfers 5798621, max 601
transfer lists:  44.2 megs
0...1...2...3...4...5...6...7...8...9...10	Bounce #1 added RGB(26581, 25933, 22390)
0...1...2...3...4...5...6...7...8...9...10	Bounce #2 added RGB(10822, 9823, 7197)
Build Patch/Sample Hash Table(s).....Done<0.0134 sec>
0...1...2...3...4...5...6...7...8...9...10FinalLightFace Done
0 of 0 (0% of) surface lights went in leaf ambient cubes.
0...1...2...3...4...5...6...7...8...9...10Writing leaf ambient...done
Ready to Finish

Object names       Objects/Maxobjs  Memory / Maxmem  Fullness 
------------       ---------------  ---------------  -------- 
models                  46/1024         2208/49152    ( 4.5%) 
brushes                131/8192         1572/98304    ( 1.6%) 
brushsides             924/65536        7392/524288   ( 1.4%) 
planes                1122/65536       22440/1310720  ( 1.7%) 
vertexes              1481/65536       17772/786432   ( 2.3%) 
nodes                  619/65536       19808/2097152  ( 0.9%) 
texinfos               165/12288       11880/884736   ( 1.3%) 
texdata                 27/2048          864/65536    ( 1.3%) 
dispinfos                0/0               0/0        ( 0.0%) 
disp_verts               0/0               0/0        ( 0.0%) 
disp_tris                0/0               0/0        ( 0.0%) 
disp_lmsamples           0/0               0/0        ( 0.0%) 
faces                  951/65536       53256/3670016  ( 1.5%) 
hdr faces                0/65536           0/3670016  ( 0.0%) 
origfaces              457/65536       25592/3670016  ( 0.7%) 
leaves                 666/65536       21312/2097152  ( 1.0%) 
leaffaces             2073/65536        4146/131072   ( 3.2%) 
leafbrushes            163/65536         326/131072   ( 0.2%) 
areas                    2/256            16/2048     ( 0.8%) 
surfedges             6167/512000      24668/2048000  ( 1.2%) 
edges                 3277/256000      13108/1024000  ( 1.3%) 
LDR worldlights          7/8192          616/720896   ( 0.1%) 
HDR worldlights          0/8192            0/720896   ( 0.0%) 
leafwaterdata            1/32768          12/393216   ( 0.0%) 
waterstrips             30/32768         300/327680   ( 0.1%) 
waterverts               0/65536           0/786432   ( 0.0%) 
waterindices           423/65536         846/131072   ( 0.6%) 
cubemapsamples           2/1024           32/16384    ( 0.2%) 
overlays                 0/512             0/180224   ( 0.0%) 
LDR lightdata         [variable]    10440912/0        ( 0.0%) 
HDR lightdata         [variable]           0/0        ( 0.0%) 
visdata               [variable]        1831/16777216 ( 0.0%) 
entdata               [variable]       52570/393216   (13.4%) 
LDR ambient table      666/65536        2664/262144   ( 1.0%) 
HDR ambient table      666/65536        2664/262144   ( 1.0%) 
LDR leaf ambient       942/65536       26376/1835008  ( 1.4%) 
HDR leaf ambient       666/65536       18648/1835008  ( 1.0%) 
occluders                0/0               0/0        ( 0.0%) 
occluder polygons        0/0               0/0        ( 0.0%) 
occluder vert ind        0/0               0/0        ( 0.0%) 
detail props          [variable]           1/12       ( 8.3%) 
static props          [variable]           1/828      ( 0.1%) 
pakfile               [variable]      320826/0        ( 0.0%) 
physics               [variable]       65625/4194304  ( 1.6%) 
physics terrain       [variable]           2/1048576  ( 0.0%) 

Level flags = 0

Total triangle count: 2389
Writing c:\program files (x86)\steam\steamapps\common\sourcesdk_content\hl2mp\mapsrc\hammer\test.bsp
3 seconds elapsed



materialPath: C:\Program Files (x86)\Steam\steamapps\common\Half-Life 2 Deathmatch\hl2mp\materials
Loading c:\program files (x86)\steam\steamapps\common\sourcesdk_content\hl2mp\mapsrc\hammer\test.vmf
ConVarRef mat_reduceparticles doesn't point to an existing ConVar
Could not locate 'GameData' key in c:\program files (x86)\steam\steamapps\common\half-life 2 deathmatch\hl2mp\gameinfo.txt
Patching WVT material: maps/test/dev/dev_blendmeasure_wvt_patch
fixing up env_cubemap materials on brush sides...
0...1...2...3...4...5...6...7...8...9...100...1...2...3...4...5...6...7...8...9...10Processing areas...done (0)
Building Faces...done (0)
Chop Details...done (0)
Find Visible Detail Sides...done (0)
Merging details...done (0)
FixTjuncs...
PruneNodes...
WriteBSP...
done (0)
writing c:\program files (x86)\steam\steamapps\common\sourcesdk_content\hl2mp\mapsrc\hammer\test.prt...Building visibility clusters...
done (0)
Creating default LDR cubemaps for env_cubemap using skybox materials:
   skybox/sky_day01_01*.vmt
 ! Run buildcubemaps in the engine to get the correct cube maps.
Creating default HDR cubemaps for env_cubemap using skybox materials:
   skybox/sky_day01_01*.vmt
 ! Run buildcubemaps in the engine to get the correct cube maps.
Finding displacement neighbors...
Finding lightmap sample positions...
Displacement Alpha : 0...1...2...3...4...5...6...7...8...9...10
Building Physics collision data...
done (0) (65625 bytes)
Placing detail props : 0...1...2...3...4...5...6...7...8...9...10
Compacting texture/material tables...
Reduced 445 texinfos to 165
Reduced 36 texdatas to 27 (1182 bytes to 911)
Writing c:\program files (x86)\steam\steamapps\common\sourcesdk_content\hl2mp\mapsrc\hammer\test.bsp
Wrote ZIP buffer, estimated size 323184, actual size 320826
0 seconds elapsed



12 threads
reading c:\program files (x86)\steam\steamapps\common\sourcesdk_content\hl2mp\mapsrc\hammer\test.bsp
reading c:\program files (x86)\steam\steamapps\common\sourcesdk_content\hl2mp\mapsrc\hammer\test.prt
  70 portalclusters
 203 numportals
0...1...2...3...4...5...6...7...8...9...10Optimized: 87 visible clusters (1.87%)
Total clusters visible: 4663
Average clusters visible: 66
Building PAS...
Average clusters audible: 70
visdatasize:1831  compressed from 2240
writing c:\program files (x86)\steam\steamapps\common\sourcesdk_content\hl2mp\mapsrc\hammer\test.bsp
0 seconds elapsed



[Reading texlights from 'lights.rad']
[45 texlights parsed from 'lights.rad']

Loading c:\program files (x86)\steam\steamapps\common\sourcesdk_content\hl2mp\mapsrc\hammer\test.bsp
951 faces
37413 square feet [5387588.00 square inches]
0 Displacements
0 Square Feet [0.00 Square Inches]
951 patches before subdivision
52545 patches after subdivision
7 direct lights
0...1...2...3...4...5...6...7...8...9...100...1...2...3...4...5...6...7...8...9...10transfers 5798621, max 601
transfer lists:  44.2 megs
0...1...2...3...4...5...6...7...8...9...10	Bounce #1 added RGB(26581, 25933, 22390)
0...1...2...3...4...5...6...7...8...9...10	Bounce #2 added RGB(10822, 9823, 7197)
Build Patch/Sample Hash Table(s).....Done<0.0110 sec>
0...1...2...3...4...5...6...7...8...9...10FinalLightFace Done
0 of 0 (0% of) surface lights went in leaf ambient cubes.
0...1...2...3...4...5...6...7...8...9...10Writing leaf ambient...done
Ready to Finish

Object names       Objects/Maxobjs  Memory / Maxmem  Fullness 
------------       ---------------  ---------------  -------- 
models                  46/1024         2208/49152    ( 4.5%) 
brushes                131/8192         1572/98304    ( 1.6%) 
brushsides             924/65536        7392/524288   ( 1.4%) 
planes                1122/65536       22440/1310720  ( 1.7%) 
vertexes              1481/65536       17772/786432   ( 2.3%) 
nodes                  619/65536       19808/2097152  ( 0.9%) 
texinfos               165/12288       11880/884736   ( 1.3%) 
texdata                 27/2048          864/65536    ( 1.3%) 
dispinfos                0/0               0/0        ( 0.0%) 
disp_verts               0/0               0/0        ( 0.0%) 
disp_tris                0/0               0/0        ( 0.0%) 
disp_lmsamples           0/0               0/0        ( 0.0%) 
faces                  951/65536       53256/3670016  ( 1.5%) 
hdr faces                0/65536           0/3670016  ( 0.0%) 
origfaces              457/65536       25592/3670016  ( 0.7%) 
leaves                 666/65536       21312/2097152  ( 1.0%) 
leaffaces             2073/65536        4146/131072   ( 3.2%) 
leafbrushes            163/65536         326/131072   ( 0.2%) 
areas                    2/256            16/2048     ( 0.8%) 
surfedges             6167/512000      24668/2048000  ( 1.2%) 
edges                 3277/256000      13108/1024000  ( 1.3%) 
LDR worldlights          7/8192          616/720896   ( 0.1%) 
HDR worldlights          0/8192            0/720896   ( 0.0%) 
leafwaterdata            1/32768          12/393216   ( 0.0%) 
waterstrips             30/32768         300/327680   ( 0.1%) 
waterverts               0/65536           0/786432   ( 0.0%) 
waterindices           423/65536         846/131072   ( 0.6%) 
cubemapsamples           2/1024           32/16384    ( 0.2%) 
overlays                 0/512             0/180224   ( 0.0%) 
LDR lightdata         [variable]    10440912/0        ( 0.0%) 
HDR lightdata         [variable]           0/0        ( 0.0%) 
visdata               [variable]        1831/16777216 ( 0.0%) 
entdata               [variable]       52281/393216   (13.3%) 
LDR ambient table      666/65536        2664/262144   ( 1.0%) 
HDR ambient table      666/65536        2664/262144   ( 1.0%) 
LDR leaf ambient       942/65536       26376/1835008  ( 1.4%) 
HDR leaf ambient       666/65536       18648/1835008  ( 1.0%) 
occluders                0/0               0/0        ( 0.0%) 
occluder polygons        0/0               0/0        ( 0.0%) 
occluder vert ind        0/0               0/0        ( 0.0%) 
detail props          [variable]           1/12       ( 8.3%) 
static props          [variable]           1/828      ( 0.1%) 
pakfile               [variable]      320826/0        ( 0.0%) 
physics               [variable]       65625/4194304  ( 1.6%) 
physics terrain       [variable]           2/1048576  ( 0.0%) 

Level flags = 0

Total triangle count: 2389
Writing c:\program files (x86)\steam\steamapps\common\sourcesdk_content\hl2mp\mapsrc\hammer\test.bsp
3 seconds elapsed



materialPath: C:\Program Files (x86)\Steam\steamapps\common\Half-Life 2 Deathmatch\hl2mp\materials
Loading c:\program files (x86)\steam\steamapps\common\sourcesdk_content\hl2mp\mapsrc\hammer\test.vmf
ConVarRef mat_reduceparticles doesn't point to an existing ConVar
Could not locate 'GameData' key in c:\program files (x86)\steam\steamapps\common\half-life 2 deathmatch\hl2mp\gameinfo.txt
Patching WVT material: maps/test/dev/dev_blendmeasure_wvt_patch
fixing up env_cubemap materials on brush sides...
0...1...2...3...4...5...6...7...8...9...100...1...2...3...4...5...6...7...8...9...10Processing areas...done (0)
Building Faces...done (0)
Chop Details...done (0)
Find Visible Detail Sides...done (0)
Merging details...done (0)
FixTjuncs...
PruneNodes...
WriteBSP...
done (0)
writing c:\program files (x86)\steam\steamapps\common\sourcesdk_content\hl2mp\mapsrc\hammer\test.prt...Building visibility clusters...
done (0)
Creating default LDR cubemaps for env_cubemap using skybox materials:
   skybox/sky_day01_01*.vmt
 ! Run buildcubemaps in the engine to get the correct cube maps.
Creating default HDR cubemaps for env_cubemap using skybox materials:
   skybox/sky_day01_01*.vmt
 ! Run buildcubemaps in the engine to get the correct cube maps.
Finding displacement neighbors...
Finding lightmap sample positions...
Displacement Alpha : 0...1...2...3...4...5...6...7...8...9...10
Building Physics collision data...
done (0) (65625 bytes)
Placing detail props : 0...1...2...3...4...5...6...7...8...9...10
Compacting texture/material tables...
Reduced 445 texinfos to 165
Reduced 36 texdatas to 27 (1182 bytes to 911)
Writing c:\program files (x86)\steam\steamapps\common\sourcesdk_content\hl2mp\mapsrc\hammer\test.bsp
Wrote ZIP buffer, estimated size 323184, actual size 320826
0 seconds elapsed



12 threads
reading c:\program files (x86)\steam\steamapps\common\sourcesdk_content\hl2mp\mapsrc\hammer\test.bsp
reading c:\program files (x86)\steam\steamapps\common\sourcesdk_content\hl2mp\mapsrc\hammer\test.prt
  70 portalclusters
 203 numportals
0...1...2...3...4...5...6...7...8...9...10Optimized: 87 visible clusters (1.87%)
Total clusters visible: 4663
Average clusters visible: 66
Building PAS...
Average clusters audible: 70
visdatasize:1831  compressed from 2240
writing c:\program files (x86)\steam\steamapps\common\sourcesdk_content\hl2mp\mapsrc\hammer\test.bsp
0 seconds elapsed



[Reading texlights from 'lights.rad']
[45 texlights parsed from 'lights.rad']

Loading c:\program files (x86)\steam\steamapps\common\sourcesdk_content\hl2mp\mapsrc\hammer\test.bsp
951 faces
37413 square feet [5387588.00 square inches]
0 Displacements
0 Square Feet [0.00 Square Inches]
951 patches before subdivision
52545 patches after subdivision
7 direct lights
0...1...2...3...4...5...6...7...8...9...100...1...2...3...4...5...6...7...8...9...10transfers 5798621, max 601
transfer lists:  44.2 megs
0...1...2...3...4...5...6...7...8...9...10	Bounce #1 added RGB(26581, 25933, 22390)
0...1...2...3...4...5...6...7...8...9...10	Bounce #2 added RGB(10822, 9823, 7197)
Build Patch/Sample Hash Table(s).....Done<0.0135 sec>
0...1...2...3...4...5...6...7...8...9...10FinalLightFace Done
0 of 0 (0% of) surface lights went in leaf ambient cubes.
0...1...2...3...4...5...6...7...8...9...10Writing leaf ambient...done
Ready to Finish

Object names       Objects/Maxobjs  Memory / Maxmem  Fullness 
------------       ---------------  ---------------  -------- 
models                  46/1024         2208/49152    ( 4.5%) 
brushes                131/8192         1572/98304    ( 1.6%) 
brushsides             924/65536        7392/524288   ( 1.4%) 
planes                1122/65536       22440/1310720  ( 1.7%) 
vertexes              1481/65536       17772/786432   ( 2.3%) 
nodes                  619/65536       19808/2097152  ( 0.9%) 
texinfos               165/12288       11880/884736   ( 1.3%) 
texdata                 27/2048          864/65536    ( 1.3%) 
dispinfos                0/0               0/0        ( 0.0%) 
disp_verts               0/0               0/0        ( 0.0%) 
disp_tris                0/0               0/0        ( 0.0%) 
disp_lmsamples           0/0               0/0        ( 0.0%) 
faces                  951/65536       53256/3670016  ( 1.5%) 
hdr faces                0/65536           0/3670016  ( 0.0%) 
origfaces              457/65536       25592/3670016  ( 0.7%) 
leaves                 666/65536       21312/2097152  ( 1.0%) 
leaffaces             2073/65536        4146/131072   ( 3.2%) 
leafbrushes            163/65536         326/131072   ( 0.2%) 
areas                    2/256            16/2048     ( 0.8%) 
surfedges             6167/512000      24668/2048000  ( 1.2%) 
edges                 3277/256000      13108/1024000  ( 1.3%) 
LDR worldlights          7/8192          616/720896   ( 0.1%) 
HDR worldlights          0/8192            0/720896   ( 0.0%) 
leafwaterdata            1/32768          12/393216   ( 0.0%) 
waterstrips             30/32768         300/327680   ( 0.1%) 
waterverts               0/65536           0/786432   ( 0.0%) 
waterindices           423/65536         846/131072   ( 0.6%) 
cubemapsamples           2/1024           32/16384    ( 0.2%) 
overlays                 0/512             0/180224   ( 0.0%) 
LDR lightdata         [variable]    10440912/0        ( 0.0%) 
HDR lightdata         [variable]           0/0        ( 0.0%) 
visdata               [variable]        1831/16777216 ( 0.0%) 
entdata               [variable]       52209/393216   (13.3%) 
LDR ambient table      666/65536        2664/262144   ( 1.0%) 
HDR ambient table      666/65536        2664/262144   ( 1.0%) 
LDR leaf ambient       942/65536       26376/1835008  ( 1.4%) 
HDR leaf ambient       666/65536       18648/1835008  ( 1.0%) 
occluders                0/0               0/0        ( 0.0%) 
occluder polygons        0/0               0/0        ( 0.0%) 
occluder vert ind        0/0               0/0        ( 0.0%) 
detail props          [variable]           1/12       ( 8.3%) 
static props          [variable]           1/828      ( 0.1%) 
pakfile               [variable]      320826/0        ( 0.0%) 
physics               [variable]       65625/4194304  ( 1.6%) 
physics terrain       [variable]           2/1048576  ( 0.0%) 

Level flags = 0

Total triangle count: 2389
Writing c:\program files (x86)\steam\steamapps\common\sourcesdk_content\hl2mp\mapsrc\hammer\test.bsp
3 seconds elapsed



materialPath: C:\Program Files (x86)\Steam\steamapps\common\Half-Life 2 Deathmatch\hl2mp\materials
Loading c:\program files (x86)\steam\steamapps\common\sourcesdk_content\hl2mp\mapsrc\hammer\test.vmf
ConVarRef mat_reduceparticles doesn't point to an existing ConVar
Could not locate 'GameData' key in c:\program files (x86)\steam\steamapps\common\half-life 2 deathmatch\hl2mp\gameinfo.txt
Patching WVT material: maps/test/dev/dev_blendmeasure_wvt_patch
fixing up env_cubemap materials on brush sides...
0...1...2...3...4...5...6...7...8...9...100...1...2...3...4...5...6...7...8...9...10Processing areas...done (0)
Building Faces...done (0)
Chop Details...done (0)
Find Visible Detail Sides...done (0)
Merging details...done (0)
FixTjuncs...
PruneNodes...
WriteBSP...
done (0)
writing c:\program files (x86)\steam\steamapps\common\sourcesdk_content\hl2mp\mapsrc\hammer\test.prt...Building visibility clusters...
done (0)
Creating default LDR cubemaps for env_cubemap using skybox materials:
   skybox/sky_day01_01*.vmt
 ! Run buildcubemaps in the engine to get the correct cube maps.
Creating default HDR cubemaps for env_cubemap using skybox materials:
   skybox/sky_day01_01*.vmt
 ! Run buildcubemaps in the engine to get the correct cube maps.
Finding displacement neighbors...
Finding lightmap sample positions...
Displacement Alpha : 0...1...2...3...4...5...6...7...8...9...10
Building Physics collision data...
done (0) (65625 bytes)
Placing detail props : 0...1...2...3...4...5...6...7...8...9...10
Compacting texture/material tables...
Reduced 445 texinfos to 165
Reduced 36 texdatas to 27 (1182 bytes to 911)
Writing c:\program files (x86)\steam\steamapps\common\sourcesdk_content\hl2mp\mapsrc\hammer\test.bsp
Wrote ZIP buffer, estimated size 323184, actual size 320826
0 seconds elapsed



12 threads
reading c:\program files (x86)\steam\steamapps\common\sourcesdk_content\hl2mp\mapsrc\hammer\test.bsp
reading c:\program files (x86)\steam\steamapps\common\sourcesdk_content\hl2mp\mapsrc\hammer\test.prt
  70 portalclusters
 203 numportals
0...1...2...3...4...5...6...7...8...9...10Optimized: 87 visible clusters (1.87%)
Total clusters visible: 4663
Average clusters visible: 66
Building PAS...
Average clusters audible: 70
visdatasize:1831  compressed from 2240
writing c:\program files (x86)\steam\steamapps\common\sourcesdk_content\hl2mp\mapsrc\hammer\test.bsp
0 seconds elapsed



[Reading texlights from 'lights.rad']
[45 texlights parsed from 'lights.rad']

Loading c:\program files (x86)\steam\steamapps\common\sourcesdk_content\hl2mp\mapsrc\hammer\test.bsp
951 faces
37413 square feet [5387588.00 square inches]
0 Displacements
0 Square Feet [0.00 Square Inches]
951 patches before subdivision
52545 patches after subdivision
7 direct lights
0...1...2...3...4...5...6...7...8...9...100...1...2...3...4...5...6...7...8...9...10transfers 5798621, max 601
transfer lists:  44.2 megs
0...1...2...3...4...5...6...7...8...9...10	Bounce #1 added RGB(26581, 25933, 22390)
0...1...2...3...4...5...6...7...8...9...10	Bounce #2 added RGB(10822, 9823, 7197)
Build Patch/Sample Hash Table(s).....Done<0.0134 sec>
0...1...2...3...4...5...6...7...8...9...10FinalLightFace Done
0 of 0 (0% of) surface lights went in leaf ambient cubes.
0...1...2...3...4...5...6...7...8...9...10Writing leaf ambient...done
Ready to Finish

Object names       Objects/Maxobjs  Memory / Maxmem  Fullness 
------------       ---------------  ---------------  -------- 
models                  46/1024         2208/49152    ( 4.5%) 
brushes                131/8192         1572/98304    ( 1.6%) 
brushsides             924/65536        7392/524288   ( 1.4%) 
planes                1122/65536       22440/1310720  ( 1.7%) 
vertexes              1481/65536       17772/786432   ( 2.3%) 
nodes                  619/65536       19808/2097152  ( 0.9%) 
texinfos               165/12288       11880/884736   ( 1.3%) 
texdata                 27/2048          864/65536    ( 1.3%) 
dispinfos                0/0               0/0        ( 0.0%) 
disp_verts               0/0               0/0        ( 0.0%) 
disp_tris                0/0               0/0        ( 0.0%) 
disp_lmsamples           0/0               0/0        ( 0.0%) 
faces                  951/65536       53256/3670016  ( 1.5%) 
hdr faces                0/65536           0/3670016  ( 0.0%) 
origfaces              457/65536       25592/3670016  ( 0.7%) 
leaves                 666/65536       21312/2097152  ( 1.0%) 
leaffaces             2073/65536        4146/131072   ( 3.2%) 
leafbrushes            163/65536         326/131072   ( 0.2%) 
areas                    2/256            16/2048     ( 0.8%) 
surfedges             6167/512000      24668/2048000  ( 1.2%) 
edges                 3277/256000      13108/1024000  ( 1.3%) 
LDR worldlights          7/8192          616/720896   ( 0.1%) 
HDR worldlights          0/8192            0/720896   ( 0.0%) 
leafwaterdata            1/32768          12/393216   ( 0.0%) 
waterstrips             30/32768         300/327680   ( 0.1%) 
waterverts               0/65536           0/786432   ( 0.0%) 
waterindices           423/65536         846/131072   ( 0.6%) 
cubemapsamples           2/1024           32/16384    ( 0.2%) 
overlays                 0/512             0/180224   ( 0.0%) 
LDR lightdata         [variable]    10440912/0        ( 0.0%) 
HDR lightdata         [variable]           0/0        ( 0.0%) 
visdata               [variable]        1831/16777216 ( 0.0%) 
entdata               [variable]       52209/393216   (13.3%) 
LDR ambient table      666/65536        2664/262144   ( 1.0%) 
HDR ambient table      666/65536        2664/262144   ( 1.0%) 
LDR leaf ambient       942/65536       26376/1835008  ( 1.4%) 
HDR leaf ambient       666/65536       18648/1835008  ( 1.0%) 
occluders                0/0               0/0        ( 0.0%) 
occluder polygons        0/0               0/0        ( 0.0%) 
occluder vert ind        0/0               0/0        ( 0.0%) 
detail props          [variable]           1/12       ( 8.3%) 
static props          [variable]           1/828      ( 0.1%) 
pakfile               [variable]      320826/0        ( 0.0%) 
physics               [variable]       65625/4194304  ( 1.6%) 
physics terrain       [variable]           2/1048576  ( 0.0%) 

Level flags = 0

Total triangle count: 2389
Writing c:\program files (x86)\steam\steamapps\common\sourcesdk_content\hl2mp\mapsrc\hammer\test.bsp
3 seconds elapsed



materialPath: C:\Program Files (x86)\Steam\steamapps\common\Half-Life 2 Deathmatch\hl2mp\materials
Loading c:\program files (x86)\steam\steamapps\common\sourcesdk_content\hl2mp\mapsrc\hammer\test.vmf
ConVarRef mat_reduceparticles doesn't point to an existing ConVar
Could not locate 'GameData' key in c:\program files (x86)\steam\steamapps\common\half-life 2 deathmatch\hl2mp\gameinfo.txt
Patching WVT material: maps/test/dev/dev_blendmeasure_wvt_patch
fixing up env_cubemap materials on brush sides...
0...1...2...3...4...5...6...7...8...9...100...1...2...3...4...5...6...7...8...9...10Processing areas...done (0)
Building Faces...done (0)
Chop Details...done (0)
Find Visible Detail Sides...done (0)
Merging details...done (0)
FixTjuncs...
PruneNodes...
WriteBSP...
done (0)
writing c:\program files (x86)\steam\steamapps\common\sourcesdk_content\hl2mp\mapsrc\hammer\test.prt...Building visibility clusters...
done (0)
Creating default LDR cubemaps for env_cubemap using skybox materials:
   skybox/sky_day01_01*.vmt
 ! Run buildcubemaps in the engine to get the correct cube maps.
Creating default HDR cubemaps for env_cubemap using skybox materials:
   skybox/sky_day01_01*.vmt
 ! Run buildcubemaps in the engine to get the correct cube maps.
Finding displacement neighbors...
Finding lightmap sample positions...
Displacement Alpha : 0...1...2...3...4...5...6...7...8...9...10
Building Physics collision data...
done (0) (65625 bytes)
Placing detail props : 0...1...2...3...4...5...6...7...8...9...10
Compacting texture/material tables...
Reduced 445 texinfos to 165
Reduced 36 texdatas to 27 (1182 bytes to 911)
Writing c:\program files (x86)\steam\steamapps\common\sourcesdk_content\hl2mp\mapsrc\hammer\test.bsp
Wrote ZIP buffer, estimated size 323184, actual size 320826
0 seconds elapsed



12 threads
reading c:\program files (x86)\steam\steamapps\common\sourcesdk_content\hl2mp\mapsrc\hammer\test.bsp
reading c:\program files (x86)\steam\steamapps\common\sourcesdk_content\hl2mp\mapsrc\hammer\test.prt
  70 portalclusters
 203 numportals
0...1...2...3...4...5...6...7...8...9...10Optimized: 87 visible clusters (1.87%)
Total clusters visible: 4663
Average clusters visible: 66
Building PAS...
Average clusters audible: 70
visdatasize:1831  compressed from 2240
writing c:\program files (x86)\steam\steamapps\common\sourcesdk_content\hl2mp\mapsrc\hammer\test.bsp
0 seconds elapsed



[Reading texlights from 'lights.rad']
[45 texlights parsed from 'lights.rad']

Loading c:\program files (x86)\steam\steamapps\common\sourcesdk_content\hl2mp\mapsrc\hammer\test.bsp
951 faces
37413 square feet [5387588.00 square inches]
0 Displacements
0 Square Feet [0.00 Square Inches]
951 patches before subdivision
52545 patches after subdivision
7 direct lights
0...1...2...3...4...5...6...7...8...9...100...1...2...3...4...5...6...7...8...9...10transfers 5798621, max 601
transfer lists:  44.2 megs
0...1...2...3...4...5...6...7...8...9...10	Bounce #1 added RGB(26581, 25933, 22390)
0...1...2...3...4...5...6...7...8...9...10	Bounce #2 added RGB(10822, 9823, 7197)
Build Patch/Sample Hash Table(s).....Done<0.0134 sec>
0...1...2...3...4...5...6...7...8...9...10FinalLightFace Done
0 of 0 (0% of) surface lights went in leaf ambient cubes.
0...1...2...3...4...5...6...7...8...9...10Writing leaf ambient...done
Ready to Finish

Object names       Objects/Maxobjs  Memory / Maxmem  Fullness 
------------       ---------------  ---------------  -------- 
models                  46/1024         2208/49152    ( 4.5%) 
brushes                131/8192         1572/98304    ( 1.6%) 
brushsides             924/65536        7392/524288   ( 1.4%) 
planes                1122/65536       22440/1310720  ( 1.7%) 
vertexes              1481/65536       17772/786432   ( 2.3%) 
nodes                  619/65536       19808/2097152  ( 0.9%) 
texinfos               165/12288       11880/884736   ( 1.3%) 
texdata                 27/2048          864/65536    ( 1.3%) 
dispinfos                0/0               0/0        ( 0.0%) 
disp_verts               0/0               0/0        ( 0.0%) 
disp_tris                0/0               0/0        ( 0.0%) 
disp_lmsamples           0/0               0/0        ( 0.0%) 
faces                  951/65536       53256/3670016  ( 1.5%) 
hdr faces                0/65536           0/3670016  ( 0.0%) 
origfaces              457/65536       25592/3670016  ( 0.7%) 
leaves                 666/65536       21312/2097152  ( 1.0%) 
leaffaces             2073/65536        4146/131072   ( 3.2%) 
leafbrushes            163/65536         326/131072   ( 0.2%) 
areas                    2/256            16/2048     ( 0.8%) 
surfedges             6167/512000      24668/2048000  ( 1.2%) 
edges                 3277/256000      13108/1024000  ( 1.3%) 
LDR worldlights          7/8192          616/720896   ( 0.1%) 
HDR worldlights          0/8192            0/720896   ( 0.0%) 
leafwaterdata            1/32768          12/393216   ( 0.0%) 
waterstrips             30/32768         300/327680   ( 0.1%) 
waterverts               0/65536           0/786432   ( 0.0%) 
waterindices           423/65536         846/131072   ( 0.6%) 
cubemapsamples           2/1024           32/16384    ( 0.2%) 
overlays                 0/512             0/180224   ( 0.0%) 
LDR lightdata         [variable]    10440912/0        ( 0.0%) 
HDR lightdata         [variable]           0/0        ( 0.0%) 
visdata               [variable]        1831/16777216 ( 0.0%) 
entdata               [variable]       52153/393216   (13.3%) 
LDR ambient table      666/65536        2664/262144   ( 1.0%) 
HDR ambient table      666/65536        2664/262144   ( 1.0%) 
LDR leaf ambient       942/65536       26376/1835008  ( 1.4%) 
HDR leaf ambient       666/65536       18648/1835008  ( 1.0%) 
occluders                0/0               0/0        ( 0.0%) 
occluder polygons        0/0               0/0        ( 0.0%) 
occluder vert ind        0/0               0/0        ( 0.0%) 
detail props          [variable]           1/12       ( 8.3%) 
static props          [variable]           1/828      ( 0.1%) 
pakfile               [variable]      320826/0        ( 0.0%) 
physics               [variable]       65625/4194304  ( 1.6%) 
physics terrain       [variable]           2/1048576  ( 0.0%) 

Level flags = 0

Total triangle count: 2389
Writing c:\program files (x86)\steam\steamapps\common\sourcesdk_content\hl2mp\mapsrc\hammer\test.bsp
3 seconds elapsed



materialPath: C:\Program Files (x86)\Steam\steamapps\common\Half-Life 2 Deathmatch\hl2mp\materials
Loading c:\program files (x86)\steam\steamapps\common\sourcesdk_content\hl2mp\mapsrc\hammer\test.vmf
ConVarRef mat_reduceparticles doesn't point to an existing ConVar
Could not locate 'GameData' key in c:\program files (x86)\steam\steamapps\common\half-life 2 deathmatch\hl2mp\gameinfo.txt
Patching WVT material: maps/test/dev/dev_blendmeasure_wvt_patch
fixing up env_cubemap materials on brush sides...
0...1...2...3...4...5...6...7...8...9...100...1...2...3...4...5...6...7...8...9...10Processing areas...done (0)
Building Faces...done (0)
Chop Details...done (0)
Find Visible Detail Sides...done (0)
Merging details...done (0)
FixTjuncs...
PruneNodes...
WriteBSP...
done (0)
writing c:\program files (x86)\steam\steamapps\common\sourcesdk_content\hl2mp\mapsrc\hammer\test.prt...Building visibility clusters...
done (0)
Creating default LDR cubemaps for env_cubemap using skybox materials:
   skybox/sky_day01_01*.vmt
 ! Run buildcubemaps in the engine to get the correct cube maps.
Creating default HDR cubemaps for env_cubemap using skybox materials:
   skybox/sky_day01_01*.vmt
 ! Run buildcubemaps in the engine to get the correct cube maps.
Finding displacement neighbors...
Finding lightmap sample positions...
Displacement Alpha : 0...1...2...3...4...5...6...7...8...9...10
Building Physics collision data...
done (0) (65625 bytes)
Placing detail props : 0...1...2...3...4...5...6...7...8...9...10
Compacting texture/material tables...
Reduced 445 texinfos to 165
Reduced 36 texdatas to 27 (1182 bytes to 911)
Writing c:\program files (x86)\steam\steamapps\common\sourcesdk_content\hl2mp\mapsrc\hammer\test.bsp
Wrote ZIP buffer, estimated size 323184, actual size 320826
0 seconds elapsed



12 threads
reading c:\program files (x86)\steam\steamapps\common\sourcesdk_content\hl2mp\mapsrc\hammer\test.bsp
reading c:\program files (x86)\steam\steamapps\common\sourcesdk_content\hl2mp\mapsrc\hammer\test.prt
  70 portalclusters
 203 numportals
0...1...2...3...4...5...6...7...8...9...10Optimized: 87 visible clusters (1.87%)
Total clusters visible: 4663
Average clusters visible: 66
Building PAS...
Average clusters audible: 70
visdatasize:1831  compressed from 2240
writing c:\program files (x86)\steam\steamapps\common\sourcesdk_content\hl2mp\mapsrc\hammer\test.bsp
0 seconds elapsed



[Reading texlights from 'lights.rad']
[45 texlights parsed from 'lights.rad']

Loading c:\program files (x86)\steam\steamapps\common\sourcesdk_content\hl2mp\mapsrc\hammer\test.bsp
951 faces
37413 square feet [5387588.00 square inches]
0 Displacements
0 Square Feet [0.00 Square Inches]
951 patches before subdivision
52545 patches after subdivision
7 direct lights
0...1...2...3...4...5...6...7...8...9...100...1...2...3...4...5...6...7...8...9...10transfers 5798621, max 601
transfer lists:  44.2 megs
0...1...2...3...4...5...6...7...8...9...10	Bounce #1 added RGB(26581, 25933, 22390)
0...1...2...3...4...5...6...7...8...9...10	Bounce #2 added RGB(10822, 9823, 7197)
Build Patch/Sample Hash Table(s).....Done<0.0121 sec>
0...1...2...3...4...5...6...7...8...9...10FinalLightFace Done
0 of 0 (0% of) surface lights went in leaf ambient cubes.
0...1...2...3...4...5...6...7...8...9...10Writing leaf ambient...done
Ready to Finish

Object names       Objects/Maxobjs  Memory / Maxmem  Fullness 
------------       ---------------  ---------------  -------- 
models                  46/1024         2208/49152    ( 4.5%) 
brushes                131/8192         1572/98304    ( 1.6%) 
brushsides             924/65536        7392/524288   ( 1.4%) 
planes                1122/65536       22440/1310720  ( 1.7%) 
vertexes              1481/65536       17772/786432   ( 2.3%) 
nodes                  619/65536       19808/2097152  ( 0.9%) 
texinfos               165/12288       11880/884736   ( 1.3%) 
texdata                 27/2048          864/65536    ( 1.3%) 
dispinfos                0/0               0/0        ( 0.0%) 
disp_verts               0/0               0/0        ( 0.0%) 
disp_tris                0/0               0/0        ( 0.0%) 
disp_lmsamples           0/0               0/0        ( 0.0%) 
faces                  951/65536       53256/3670016  ( 1.5%) 
hdr faces                0/65536           0/3670016  ( 0.0%) 
origfaces              457/65536       25592/3670016  ( 0.7%) 
leaves                 666/65536       21312/2097152  ( 1.0%) 
leaffaces             2073/65536        4146/131072   ( 3.2%) 
leafbrushes            163/65536         326/131072   ( 0.2%) 
areas                    2/256            16/2048     ( 0.8%) 
surfedges             6167/512000      24668/2048000  ( 1.2%) 
edges                 3277/256000      13108/1024000  ( 1.3%) 
LDR worldlights          7/8192          616/720896   ( 0.1%) 
HDR worldlights          0/8192            0/720896   ( 0.0%) 
leafwaterdata            1/32768          12/393216   ( 0.0%) 
waterstrips             30/32768         300/327680   ( 0.1%) 
waterverts               0/65536           0/786432   ( 0.0%) 
waterindices           423/65536         846/131072   ( 0.6%) 
cubemapsamples           2/1024           32/16384    ( 0.2%) 
overlays                 0/512             0/180224   ( 0.0%) 
LDR lightdata         [variable]    10440912/0        ( 0.0%) 
HDR lightdata         [variable]           0/0        ( 0.0%) 
visdata               [variable]        1831/16777216 ( 0.0%) 
entdata               [variable]       52187/393216   (13.3%) 
LDR ambient table      666/65536        2664/262144   ( 1.0%) 
HDR ambient table      666/65536        2664/262144   ( 1.0%) 
LDR leaf ambient       942/65536       26376/1835008  ( 1.4%) 
HDR leaf ambient       666/65536       18648/1835008  ( 1.0%) 
occluders                0/0               0/0        ( 0.0%) 
occluder polygons        0/0               0/0        ( 0.0%) 
occluder vert ind        0/0               0/0        ( 0.0%) 
detail props          [variable]           1/12       ( 8.3%) 
static props          [variable]           1/828      ( 0.1%) 
pakfile               [variable]      320826/0        ( 0.0%) 
physics               [variable]       65625/4194304  ( 1.6%) 
physics terrain       [variable]           2/1048576  ( 0.0%) 

Level flags = 0

Total triangle count: 2389
Writing c:\program files (x86)\steam\steamapps\common\sourcesdk_content\hl2mp\mapsrc\hammer\test.bsp
3 seconds elapsed



materialPath: C:\Program Files (x86)\Steam\steamapps\common\Half-Life 2 Deathmatch\hl2mp\materials
Loading c:\program files (x86)\steam\steamapps\common\sourcesdk_content\hl2mp\mapsrc\hammer\test.vmf
ConVarRef mat_reduceparticles doesn't point to an existing ConVar
Could not locate 'GameData' key in c:\program files (x86)\steam\steamapps\common\half-life 2 deathmatch\hl2mp\gameinfo.txt
Patching WVT material: maps/test/dev/dev_blendmeasure_wvt_patch
fixing up env_cubemap materials on brush sides...
0...1...2...3...4...5...6...7...8...9...100...1...2...3...4...5...6...7...8...9...10Processing areas...done (0)
Building Faces...done (0)
Chop Details...done (0)
Find Visible Detail Sides...done (0)
Merging details...done (0)
FixTjuncs...
PruneNodes...
WriteBSP...
done (0)
writing c:\program files (x86)\steam\steamapps\common\sourcesdk_content\hl2mp\mapsrc\hammer\test.prt...Building visibility clusters...
done (0)
Creating default LDR cubemaps for env_cubemap using skybox materials:
   skybox/sky_day01_01*.vmt
 ! Run buildcubemaps in the engine to get the correct cube maps.
Creating default HDR cubemaps for env_cubemap using skybox materials:
   skybox/sky_day01_01*.vmt
 ! Run buildcubemaps in the engine to get the correct cube maps.
Finding displacement neighbors...
Finding lightmap sample positions...
Displacement Alpha : 0...1...2...3...4...5...6...7...8...9...10
Building Physics collision data...
done (0) (65625 bytes)
Placing detail props : 0...1...2...3...4...5...6...7...8...9...10
Compacting texture/material tables...
Reduced 445 texinfos to 165
Reduced 36 texdatas to 27 (1182 bytes to 911)
Writing c:\program files (x86)\steam\steamapps\common\sourcesdk_content\hl2mp\mapsrc\hammer\test.bsp
Wrote ZIP buffer, estimated size 323184, actual size 320826
0 seconds elapsed



12 threads
reading c:\program files (x86)\steam\steamapps\common\sourcesdk_content\hl2mp\mapsrc\hammer\test.bsp
reading c:\program files (x86)\steam\steamapps\common\sourcesdk_content\hl2mp\mapsrc\hammer\test.prt
  70 portalclusters
 203 numportals
0...1...2...3...4...5...6...7...8...9...10Optimized: 87 visible clusters (1.87%)
Total clusters visible: 4663
Average clusters visible: 66
Building PAS...
Average clusters audible: 70
visdatasize:1831  compressed from 2240
writing c:\program files (x86)\steam\steamapps\common\sourcesdk_content\hl2mp\mapsrc\hammer\test.bsp
0 seconds elapsed



[Reading texlights from 'lights.rad']
[45 texlights parsed from 'lights.rad']

Loading c:\program files (x86)\steam\steamapps\common\sourcesdk_content\hl2mp\mapsrc\hammer\test.bsp
951 faces
37413 square feet [5387588.00 square inches]
0 Displacements
0 Square Feet [0.00 Square Inches]
951 patches before subdivision
52545 patches after subdivision
7 direct lights
0...1...2...3...4...5...6...7...8...9...100...1...2...3...4...5...6...7...8...9...10transfers 5798621, max 601
transfer lists:  44.2 megs
0...1...2...3...4...5...6...7...8...9...10	Bounce #1 added RGB(26581, 25933, 22390)
0...1...2...3...4...5...6...7...8...9...10	Bounce #2 added RGB(10822, 9823, 7197)
Build Patch/Sample Hash Table(s).....Done<0.0110 sec>
0...1...2...3...4...5...6...7...8...9...10FinalLightFace Done
0 of 0 (0% of) surface lights went in leaf ambient cubes.
0...1...2...3...4...5...6...7...8...9...10Writing leaf ambient...done
Ready to Finish

Object names       Objects/Maxobjs  Memory / Maxmem  Fullness 
------------       ---------------  ---------------  -------- 
models                  46/1024         2208/49152    ( 4.5%) 
brushes                131/8192         1572/98304    ( 1.6%) 
brushsides             924/65536        7392/524288   ( 1.4%) 
planes                1122/65536       22440/1310720  ( 1.7%) 
vertexes              1481/65536       17772/786432   ( 2.3%) 
nodes                  619/65536       19808/2097152  ( 0.9%) 
texinfos               165/12288       11880/884736   ( 1.3%) 
texdata                 27/2048          864/65536    ( 1.3%) 
dispinfos                0/0               0/0        ( 0.0%) 
disp_verts               0/0               0/0        ( 0.0%) 
disp_tris                0/0               0/0        ( 0.0%) 
disp_lmsamples           0/0               0/0        ( 0.0%) 
faces                  951/65536       53256/3670016  ( 1.5%) 
hdr faces                0/65536           0/3670016  ( 0.0%) 
origfaces              457/65536       25592/3670016  ( 0.7%) 
leaves                 666/65536       21312/2097152  ( 1.0%) 
leaffaces             2073/65536        4146/131072   ( 3.2%) 
leafbrushes            163/65536         326/131072   ( 0.2%) 
areas                    2/256            16/2048     ( 0.8%) 
surfedges             6167/512000      24668/2048000  ( 1.2%) 
edges                 3277/256000      13108/1024000  ( 1.3%) 
LDR worldlights          7/8192          616/720896   ( 0.1%) 
HDR worldlights          0/8192            0/720896   ( 0.0%) 
leafwaterdata            1/32768          12/393216   ( 0.0%) 
waterstrips             30/32768         300/327680   ( 0.1%) 
waterverts               0/65536           0/786432   ( 0.0%) 
waterindices           423/65536         846/131072   ( 0.6%) 
cubemapsamples           2/1024           32/16384    ( 0.2%) 
overlays                 0/512             0/180224   ( 0.0%) 
LDR lightdata         [variable]    10440912/0        ( 0.0%) 
HDR lightdata         [variable]           0/0        ( 0.0%) 
visdata               [variable]        1831/16777216 ( 0.0%) 
entdata               [variable]       52187/393216   (13.3%) 
LDR ambient table      666/65536        2664/262144   ( 1.0%) 
HDR ambient table      666/65536        2664/262144   ( 1.0%) 
LDR leaf ambient       942/65536       26376/1835008  ( 1.4%) 
HDR leaf ambient       666/65536       18648/1835008  ( 1.0%) 
occluders                0/0               0/0        ( 0.0%) 
occluder polygons        0/0               0/0        ( 0.0%) 
occluder vert ind        0/0               0/0        ( 0.0%) 
detail props          [variable]           1/12       ( 8.3%) 
static props          [variable]           1/828      ( 0.1%) 
pakfile               [variable]      320826/0        ( 0.0%) 
physics               [variable]       65625/4194304  ( 1.6%) 
physics terrain       [variable]           2/1048576  ( 0.0%) 

Level flags = 0

Total triangle count: 2389
Writing c:\program files (x86)\steam\steamapps\common\sourcesdk_content\hl2mp\mapsrc\hammer\test.bsp
3 seconds elapsed



materialPath: C:\Program Files (x86)\Steam\steamapps\common\Half-Life 2 Deathmatch\hl2mp\materials
Loading c:\program files (x86)\steam\steamapps\common\sourcesdk_content\hl2mp\mapsrc\hammer\test.vmf
ConVarRef mat_reduceparticles doesn't point to an existing ConVar
Could not locate 'GameData' key in c:\program files (x86)\steam\steamapps\common\half-life 2 deathmatch\hl2mp\gameinfo.txt
Patching WVT material: maps/test/dev/dev_blendmeasure_wvt_patch
fixing up env_cubemap materials on brush sides...
0...1...2...3...4...5...6...7...8...9...100...1...2...3...4...5...6...7...8...9...10Processing areas...done (0)
Building Faces...done (0)
Chop Details...done (0)
Find Visible Detail Sides...done (0)
Merging details...done (0)
FixTjuncs...
PruneNodes...
WriteBSP...
done (0)
writing c:\program files (x86)\steam\steamapps\common\sourcesdk_content\hl2mp\mapsrc\hammer\test.prt...Building visibility clusters...
done (0)
Creating default LDR cubemaps for env_cubemap using skybox materials:
   skybox/sky_day01_01*.vmt
 ! Run buildcubemaps in the engine to get the correct cube maps.
Creating default HDR cubemaps for env_cubemap using skybox materials:
   skybox/sky_day01_01*.vmt
 ! Run buildcubemaps in the engine to get the correct cube maps.
Finding displacement neighbors...
Finding lightmap sample positions...
Displacement Alpha : 0...1...2...3...4...5...6...7...8...9...10
Building Physics collision data...
done (0) (65625 bytes)
Placing detail props : 0...1...2...3...4...5...6...7...8...9...10
Compacting texture/material tables...
Reduced 445 texinfos to 165
Reduced 36 texdatas to 27 (1182 bytes to 911)
Writing c:\program files (x86)\steam\steamapps\common\sourcesdk_content\hl2mp\mapsrc\hammer\test.bsp
Wrote ZIP buffer, estimated size 323184, actual size 320826
0 seconds elapsed



12 threads
reading c:\program files (x86)\steam\steamapps\common\sourcesdk_content\hl2mp\mapsrc\hammer\test.bsp
reading c:\program files (x86)\steam\steamapps\common\sourcesdk_content\hl2mp\mapsrc\hammer\test.prt
  70 portalclusters
 203 numportals
0...1...2...3...4...5...6...7...8...9...10Optimized: 87 visible clusters (1.87%)
Total clusters visible: 4663
Average clusters visible: 66
Building PAS...
Average clusters audible: 70
visdatasize:1831  compressed from 2240
writing c:\program files (x86)\steam\steamapps\common\sourcesdk_content\hl2mp\mapsrc\hammer\test.bsp
0 seconds elapsed



[Reading texlights from 'lights.rad']
[45 texlights parsed from 'lights.rad']

Loading c:\program files (x86)\steam\steamapps\common\sourcesdk_content\hl2mp\mapsrc\hammer\test.bsp
951 faces
37413 square feet [5387588.00 square inches]
0 Displacements
0 Square Feet [0.00 Square Inches]
951 patches before subdivision
52545 patches after subdivision
7 direct lights
0...1...2...3...4...5...6...7...8...9...100...1...2...3...4...5...6...7...8...9...10transfers 5798621, max 601
transfer lists:  44.2 megs
0...1...2...3...4...5...6...7...8...9...10	Bounce #1 added RGB(26581, 25933, 22390)
0...1...2...3...4...5...6...7...8...9...10	Bounce #2 added RGB(10822, 9823, 7197)
Build Patch/Sample Hash Table(s).....Done<0.0135 sec>
0...1...2...3...4...5...6...7...8...9...10FinalLightFace Done
0 of 0 (0% of) surface lights went in leaf ambient cubes.
0...1...2...3...4...5...6...7...8...9...10Writing leaf ambient...done
Ready to Finish

Object names       Objects/Maxobjs  Memory / Maxmem  Fullness 
------------       ---------------  ---------------  -------- 
models                  46/1024         2208/49152    ( 4.5%) 
brushes                131/8192         1572/98304    ( 1.6%) 
brushsides             924/65536        7392/524288   ( 1.4%) 
planes                1122/65536       22440/1310720  ( 1.7%) 
vertexes              1481/65536       17772/786432   ( 2.3%) 
nodes                  619/65536       19808/2097152  ( 0.9%) 
texinfos               165/12288       11880/884736   ( 1.3%) 
texdata                 27/2048          864/65536    ( 1.3%) 
dispinfos                0/0               0/0        ( 0.0%) 
disp_verts               0/0               0/0        ( 0.0%) 
disp_tris                0/0               0/0        ( 0.0%) 
disp_lmsamples           0/0               0/0        ( 0.0%) 
faces                  951/65536       53256/3670016  ( 1.5%) 
hdr faces                0/65536           0/3670016  ( 0.0%) 
origfaces              457/65536       25592/3670016  ( 0.7%) 
leaves                 666/65536       21312/2097152  ( 1.0%) 
leaffaces             2073/65536        4146/131072   ( 3.2%) 
leafbrushes            163/65536         326/131072   ( 0.2%) 
areas                    2/256            16/2048     ( 0.8%) 
surfedges             6167/512000      24668/2048000  ( 1.2%) 
edges                 3277/256000      13108/1024000  ( 1.3%) 
LDR worldlights          7/8192          616/720896   ( 0.1%) 
HDR worldlights          0/8192            0/720896   ( 0.0%) 
leafwaterdata            1/32768          12/393216   ( 0.0%) 
waterstrips             30/32768         300/327680   ( 0.1%) 
waterverts               0/65536           0/786432   ( 0.0%) 
waterindices           423/65536         846/131072   ( 0.6%) 
cubemapsamples           2/1024           32/16384    ( 0.2%) 
overlays                 0/512             0/180224   ( 0.0%) 
LDR lightdata         [variable]    10440912/0        ( 0.0%) 
HDR lightdata         [variable]           0/0        ( 0.0%) 
visdata               [variable]        1831/16777216 ( 0.0%) 
entdata               [variable]       52330/393216   (13.3%) 
LDR ambient table      666/65536        2664/262144   ( 1.0%) 
HDR ambient table      666/65536        2664/262144   ( 1.0%) 
LDR leaf ambient       942/65536       26376/1835008  ( 1.4%) 
HDR leaf ambient       666/65536       18648/1835008  ( 1.0%) 
occluders                0/0               0/0        ( 0.0%) 
occluder polygons        0/0               0/0        ( 0.0%) 
occluder vert ind        0/0               0/0        ( 0.0%) 
detail props          [variable]           1/12       ( 8.3%) 
static props          [variable]           1/828      ( 0.1%) 
pakfile               [variable]      320826/0        ( 0.0%) 
physics               [variable]       65625/4194304  ( 1.6%) 
physics terrain       [variable]           2/1048576  ( 0.0%) 

Level flags = 0

Total triangle count: 2389
Writing c:\program files (x86)\steam\steamapps\common\sourcesdk_content\hl2mp\mapsrc\hammer\test.bsp
3 seconds elapsed



materialPath: C:\Program Files (x86)\Steam\steamapps\common\Half-Life 2 Deathmatch\hl2mp\materials
Loading c:\program files (x86)\steam\steamapps\common\sourcesdk_content\hl2mp\mapsrc\hammer\test.vmf
ConVarRef mat_reduceparticles doesn't point to an existing ConVar
Could not locate 'GameData' key in c:\program files (x86)\steam\steamapps\common\half-life 2 deathmatch\hl2mp\gameinfo.txt
Patching WVT material: maps/test/dev/dev_blendmeasure_wvt_patch
fixing up env_cubemap materials on brush sides...
0...1...2...3...4...5...6...7...8...9...100...1...2...3...4...5...6...7...8...9...10Processing areas...done (0)
Building Faces...done (0)
Chop Details...done (0)
Find Visible Detail Sides...done (0)
Merging details...done (0)
FixTjuncs...
PruneNodes...
WriteBSP...
done (0)
writing c:\program files (x86)\steam\steamapps\common\sourcesdk_content\hl2mp\mapsrc\hammer\test.prt...Building visibility clusters...
done (0)
Creating default LDR cubemaps for env_cubemap using skybox materials:
   skybox/sky_day01_01*.vmt
 ! Run buildcubemaps in the engine to get the correct cube maps.
Creating default HDR cubemaps for env_cubemap using skybox materials:
   skybox/sky_day01_01*.vmt
 ! Run buildcubemaps in the engine to get the correct cube maps.
Finding displacement neighbors...
Finding lightmap sample positions...
Displacement Alpha : 0...1...2...3...4...5...6...7...8...9...10
Building Physics collision data...
done (0) (65625 bytes)
Placing detail props : 0...1...2...3...4...5...6...7...8...9...10
Compacting texture/material tables...
Reduced 445 texinfos to 165
Reduced 36 texdatas to 27 (1182 bytes to 911)
Writing c:\program files (x86)\steam\steamapps\common\sourcesdk_content\hl2mp\mapsrc\hammer\test.bsp
Wrote ZIP buffer, estimated size 323184, actual size 320826
0 seconds elapsed



12 threads
reading c:\program files (x86)\steam\steamapps\common\sourcesdk_content\hl2mp\mapsrc\hammer\test.bsp
reading c:\program files (x86)\steam\steamapps\common\sourcesdk_content\hl2mp\mapsrc\hammer\test.prt
  70 portalclusters
 203 numportals
0...1...2...3...4...5...6...7...8...9...10Optimized: 87 visible clusters (1.87%)
Total clusters visible: 4663
Average clusters visible: 66
Building PAS...
Average clusters audible: 70
visdatasize:1831  compressed from 2240
writing c:\program files (x86)\steam\steamapps\common\sourcesdk_content\hl2mp\mapsrc\hammer\test.bsp
0 seconds elapsed



[Reading texlights from 'lights.rad']
[45 texlights parsed from 'lights.rad']

Loading c:\program files (x86)\steam\steamapps\common\sourcesdk_content\hl2mp\mapsrc\hammer\test.bsp
951 faces
37413 square feet [5387588.00 square inches]
0 Displacements
0 Square Feet [0.00 Square Inches]
951 patches before subdivision
52545 patches after subdivision
7 direct lights
0...1...2...3...4...5...6...7...8...9...100...1...2...3...4...5...6...7...8...9...10transfers 5798621, max 601
transfer lists:  44.2 megs
0...1...2...3...4...5...6...7...8...9...10	Bounce #1 added RGB(26581, 25933, 22390)
0...1...2...3...4...5...6...7...8...9...10	Bounce #2 added RGB(10822, 9823, 7197)
Build Patch/Sample Hash Table(s).....Done<0.0110 sec>
0...1...2...3...4...5...6...7...8...9...10FinalLightFace Done
0 of 0 (0% of) surface lights went in leaf ambient cubes.
0...1...2...3...4...5...6...7...8...9...10Writing leaf ambient...done
Ready to Finish

Object names       Objects/Maxobjs  Memory / Maxmem  Fullness 
------------       ---------------  ---------------  -------- 
models                  46/1024         2208/49152    ( 4.5%) 
brushes                131/8192         1572/98304    ( 1.6%) 
brushsides             924/65536        7392/524288   ( 1.4%) 
planes                1122/65536       22440/1310720  ( 1.7%) 
vertexes              1481/65536       17772/786432   ( 2.3%) 
nodes                  619/65536       19808/2097152  ( 0.9%) 
texinfos               165/12288       11880/884736   ( 1.3%) 
texdata                 27/2048          864/65536    ( 1.3%) 
dispinfos                0/0               0/0        ( 0.0%) 
disp_verts               0/0               0/0        ( 0.0%) 
disp_tris                0/0               0/0        ( 0.0%) 
disp_lmsamples           0/0               0/0        ( 0.0%) 
faces                  951/65536       53256/3670016  ( 1.5%) 
hdr faces                0/65536           0/3670016  ( 0.0%) 
origfaces              457/65536       25592/3670016  ( 0.7%) 
leaves                 666/65536       21312/2097152  ( 1.0%) 
leaffaces             2073/65536        4146/131072   ( 3.2%) 
leafbrushes            163/65536         326/131072   ( 0.2%) 
areas                    2/256            16/2048     ( 0.8%) 
surfedges             6167/512000      24668/2048000  ( 1.2%) 
edges                 3277/256000      13108/1024000  ( 1.3%) 
LDR worldlights          7/8192          616/720896   ( 0.1%) 
HDR worldlights          0/8192            0/720896   ( 0.0%) 
leafwaterdata            1/32768          12/393216   ( 0.0%) 
waterstrips             30/32768         300/327680   ( 0.1%) 
waterverts               0/65536           0/786432   ( 0.0%) 
waterindices           423/65536         846/131072   ( 0.6%) 
cubemapsamples           2/1024           32/16384    ( 0.2%) 
overlays                 0/512             0/180224   ( 0.0%) 
LDR lightdata         [variable]    10440912/0        ( 0.0%) 
HDR lightdata         [variable]           0/0        ( 0.0%) 
visdata               [variable]        1831/16777216 ( 0.0%) 
entdata               [variable]       52330/393216   (13.3%) 
LDR ambient table      666/65536        2664/262144   ( 1.0%) 
HDR ambient table      666/65536        2664/262144   ( 1.0%) 
LDR leaf ambient       942/65536       26376/1835008  ( 1.4%) 
HDR leaf ambient       666/65536       18648/1835008  ( 1.0%) 
occluders                0/0               0/0        ( 0.0%) 
occluder polygons        0/0               0/0        ( 0.0%) 
occluder vert ind        0/0               0/0        ( 0.0%) 
detail props          [variable]           1/12       ( 8.3%) 
static props          [variable]           1/828      ( 0.1%) 
pakfile               [variable]      320826/0        ( 0.0%) 
physics               [variable]       65625/4194304  ( 1.6%) 
physics terrain       [variable]           2/1048576  ( 0.0%) 

Level flags = 0

Total triangle count: 2389
Writing c:\program files (x86)\steam\steamapps\common\sourcesdk_content\hl2mp\mapsrc\hammer\test.bsp
3 seconds elapsed



materialPath: C:\Program Files (x86)\Steam\steamapps\common\Half-Life 2 Deathmatch\hl2mp\materials
Loading c:\program files (x86)\steam\steamapps\common\sourcesdk_content\hl2mp\mapsrc\hammer\test.vmf
ConVarRef mat_reduceparticles doesn't point to an existing ConVar
Could not locate 'GameData' key in c:\program files (x86)\steam\steamapps\common\half-life 2 deathmatch\hl2mp\gameinfo.txt
Patching WVT material: maps/test/dev/dev_blendmeasure_wvt_patch
fixing up env_cubemap materials on brush sides...
0...1...2...3...4...5...6...7...8...9...100...1...2...3...4...5...6...7...8...9...10Processing areas...done (0)
Building Faces...done (0)
Chop Details...done (0)
Find Visible Detail Sides...done (0)
Merging details...done (0)
FixTjuncs...
PruneNodes...
WriteBSP...
done (0)
writing c:\program files (x86)\steam\steamapps\common\sourcesdk_content\hl2mp\mapsrc\hammer\test.prt...Building visibility clusters...
done (0)
Creating default LDR cubemaps for env_cubemap using skybox materials:
   skybox/sky_day01_01*.vmt
 ! Run buildcubemaps in the engine to get the correct cube maps.
Creating default HDR cubemaps for env_cubemap using skybox materials:
   skybox/sky_day01_01*.vmt
 ! Run buildcubemaps in the engine to get the correct cube maps.
Finding displacement neighbors...
Finding lightmap sample positions...
Displacement Alpha : 0...1...2...3...4...5...6...7...8...9...10
Building Physics collision data...
done (0) (65625 bytes)
Placing detail props : 0...1...2...3...4...5...6...7...8...9...10
Compacting texture/material tables...
Reduced 445 texinfos to 165
Reduced 36 texdatas to 27 (1182 bytes to 911)
Writing c:\program files (x86)\steam\steamapps\common\sourcesdk_content\hl2mp\mapsrc\hammer\test.bsp
Wrote ZIP buffer, estimated size 323184, actual size 320826
0 seconds elapsed



12 threads
reading c:\program files (x86)\steam\steamapps\common\sourcesdk_content\hl2mp\mapsrc\hammer\test.bsp
reading c:\program files (x86)\steam\steamapps\common\sourcesdk_content\hl2mp\mapsrc\hammer\test.prt
  70 portalclusters
 203 numportals
0...1...2...3...4...5...6...7...8...9...10Optimized: 87 visible clusters (1.87%)
Total clusters visible: 4663
Average clusters visible: 66
Building PAS...
Average clusters audible: 70
visdatasize:1831  compressed from 2240
writing c:\program files (x86)\steam\steamapps\common\sourcesdk_content\hl2mp\mapsrc\hammer\test.bsp
0 seconds elapsed



[Reading texlights from 'lights.rad']
[45 texlights parsed from 'lights.rad']

Loading c:\program files (x86)\steam\steamapps\common\sourcesdk_content\hl2mp\mapsrc\hammer\test.bsp
951 faces
37413 square feet [5387588.00 square inches]
0 Displacements
0 Square Feet [0.00 Square Inches]
951 patches before subdivision
52545 patches after subdivision
7 direct lights
0...1...2...3...4...5...6...7...8...9...100...1...2...3...4...5...6...7...8...9...10transfers 5798621, max 601
transfer lists:  44.2 megs
0...1...2...3...4...5...6...7...8...9...10	Bounce #1 added RGB(26581, 25933, 22390)
0...1...2...3...4...5...6...7...8...9...10	Bounce #2 added RGB(10822, 9823, 7197)
Build Patch/Sample Hash Table(s).....Done<0.0136 sec>
0...1...2...3...4...5...6...7...8...9...10FinalLightFace Done
0 of 0 (0% of) surface lights went in leaf ambient cubes.
0...1...2...3...4...5...6...7...8...9...10Writing leaf ambient...done
Ready to Finish

Object names       Objects/Maxobjs  Memory / Maxmem  Fullness 
------------       ---------------  ---------------  -------- 
models                  46/1024         2208/49152    ( 4.5%) 
brushes                131/8192         1572/98304    ( 1.6%) 
brushsides             924/65536        7392/524288   ( 1.4%) 
planes                1122/65536       22440/1310720  ( 1.7%) 
vertexes              1481/65536       17772/786432   ( 2.3%) 
nodes                  619/65536       19808/2097152  ( 0.9%) 
texinfos               165/12288       11880/884736   ( 1.3%) 
texdata                 27/2048          864/65536    ( 1.3%) 
dispinfos                0/0               0/0        ( 0.0%) 
disp_verts               0/0               0/0        ( 0.0%) 
disp_tris                0/0               0/0        ( 0.0%) 
disp_lmsamples           0/0               0/0        ( 0.0%) 
faces                  951/65536       53256/3670016  ( 1.5%) 
hdr faces                0/65536           0/3670016  ( 0.0%) 
origfaces              457/65536       25592/3670016  ( 0.7%) 
leaves                 666/65536       21312/2097152  ( 1.0%) 
leaffaces             2073/65536        4146/131072   ( 3.2%) 
leafbrushes            163/65536         326/131072   ( 0.2%) 
areas                    2/256            16/2048     ( 0.8%) 
surfedges             6167/512000      24668/2048000  ( 1.2%) 
edges                 3277/256000      13108/1024000  ( 1.3%) 
LDR worldlights          7/8192          616/720896   ( 0.1%) 
HDR worldlights          0/8192            0/720896   ( 0.0%) 
leafwaterdata            1/32768          12/393216   ( 0.0%) 
waterstrips             30/32768         300/327680   ( 0.1%) 
waterverts               0/65536           0/786432   ( 0.0%) 
waterindices           423/65536         846/131072   ( 0.6%) 
cubemapsamples           2/1024           32/16384    ( 0.2%) 
overlays                 0/512             0/180224   ( 0.0%) 
LDR lightdata         [variable]    10440912/0        ( 0.0%) 
HDR lightdata         [variable]           0/0        ( 0.0%) 
visdata               [variable]        1831/16777216 ( 0.0%) 
entdata               [variable]       52770/393216   (13.4%) 
LDR ambient table      666/65536        2664/262144   ( 1.0%) 
HDR ambient table      666/65536        2664/262144   ( 1.0%) 
LDR leaf ambient       942/65536       26376/1835008  ( 1.4%) 
HDR leaf ambient       666/65536       18648/1835008  ( 1.0%) 
occluders                0/0               0/0        ( 0.0%) 
occluder polygons        0/0               0/0        ( 0.0%) 
occluder vert ind        0/0               0/0        ( 0.0%) 
detail props          [variable]           1/12       ( 8.3%) 
static props          [variable]           1/828      ( 0.1%) 
pakfile               [variable]      320826/0        ( 0.0%) 
physics               [variable]       65625/4194304  ( 1.6%) 
physics terrain       [variable]           2/1048576  ( 0.0%) 

Level flags = 0

Total triangle count: 2389
Writing c:\program files (x86)\steam\steamapps\common\sourcesdk_content\hl2mp\mapsrc\hammer\test.bsp
3 seconds elapsed



materialPath: C:\Program Files (x86)\Steam\steamapps\common\Half-Life 2 Deathmatch\hl2mp\materials
Loading c:\program files (x86)\steam\steamapps\common\sourcesdk_content\hl2mp\mapsrc\hammer\test.vmf
ConVarRef mat_reduceparticles doesn't point to an existing ConVar
Could not locate 'GameData' key in c:\program files (x86)\steam\steamapps\common\half-life 2 deathmatch\hl2mp\gameinfo.txt
Patching WVT material: maps/test/dev/dev_blendmeasure_wvt_patch
fixing up env_cubemap materials on brush sides...
0...1...2...3...4...5...6...7...8...9...100...1...2...3...4...5...6...7...8...9...10Processing areas...done (0)
Building Faces...done (0)
Chop Details...done (0)
Find Visible Detail Sides...done (0)
Merging details...done (0)
FixTjuncs...
PruneNodes...
WriteBSP...
done (0)
writing c:\program files (x86)\steam\steamapps\common\sourcesdk_content\hl2mp\mapsrc\hammer\test.prt...Building visibility clusters...
done (0)
Creating default LDR cubemaps for env_cubemap using skybox materials:
   skybox/sky_day01_01*.vmt
 ! Run buildcubemaps in the engine to get the correct cube maps.
Creating default HDR cubemaps for env_cubemap using skybox materials:
   skybox/sky_day01_01*.vmt
 ! Run buildcubemaps in the engine to get the correct cube maps.
Finding displacement neighbors...
Finding lightmap sample positions...
Displacement Alpha : 0...1...2...3...4...5...6...7...8...9...10
Building Physics collision data...
done (0) (65625 bytes)
Placing detail props : 0...1...2...3...4...5...6...7...8...9...10
Compacting texture/material tables...
Reduced 445 texinfos to 165
Reduced 36 texdatas to 27 (1182 bytes to 911)
Writing c:\program files (x86)\steam\steamapps\common\sourcesdk_content\hl2mp\mapsrc\hammer\test.bsp
Wrote ZIP buffer, estimated size 323184, actual size 320826
0 seconds elapsed



12 threads
reading c:\program files (x86)\steam\steamapps\common\sourcesdk_content\hl2mp\mapsrc\hammer\test.bsp
reading c:\program files (x86)\steam\steamapps\common\sourcesdk_content\hl2mp\mapsrc\hammer\test.prt
  70 portalclusters
 203 numportals
0...1...2...3...4...5...6...7...8...9...10Optimized: 87 visible clusters (1.87%)
Total clusters visible: 4663
Average clusters visible: 66
Building PAS...
Average clusters audible: 70
visdatasize:1831  compressed from 2240
writing c:\program files (x86)\steam\steamapps\common\sourcesdk_content\hl2mp\mapsrc\hammer\test.bsp
0 seconds elapsed



[Reading texlights from 'lights.rad']
[45 texlights parsed from 'lights.rad']

Loading c:\program files (x86)\steam\steamapps\common\sourcesdk_content\hl2mp\mapsrc\hammer\test.bsp
951 faces
37413 square feet [5387588.00 square inches]
0 Displacements
0 Square Feet [0.00 Square Inches]
951 patches before subdivision
52545 patches after subdivision
7 direct lights
0...1...2...3...4...5...6...7...8...9...100...1...2...3...4...5...6...7...8...9...10transfers 5798621, max 601
transfer lists:  44.2 megs
0...1...2...3...4...5...6...7...8...9...10	Bounce #1 added RGB(26581, 25933, 22390)
0...1...2...3...4...5...6...7...8...9...10	Bounce #2 added RGB(10822, 9823, 7197)
Build Patch/Sample Hash Table(s).....Done<0.0135 sec>
0...1...2...3...4...5...6...7...8...9...10FinalLightFace Done
0 of 0 (0% of) surface lights went in leaf ambient cubes.
0...1...2...3...4...5...6...7...8...9...10Writing leaf ambient...done
Ready to Finish

Object names       Objects/Maxobjs  Memory / Maxmem  Fullness 
------------       ---------------  ---------------  -------- 
models                  46/1024         2208/49152    ( 4.5%) 
brushes                131/8192         1572/98304    ( 1.6%) 
brushsides             924/65536        7392/524288   ( 1.4%) 
planes                1122/65536       22440/1310720  ( 1.7%) 
vertexes              1481/65536       17772/786432   ( 2.3%) 
nodes                  619/65536       19808/2097152  ( 0.9%) 
texinfos               165/12288       11880/884736   ( 1.3%) 
texdata                 27/2048          864/65536    ( 1.3%) 
dispinfos                0/0               0/0        ( 0.0%) 
disp_verts               0/0               0/0        ( 0.0%) 
disp_tris                0/0               0/0        ( 0.0%) 
disp_lmsamples           0/0               0/0        ( 0.0%) 
faces                  951/65536       53256/3670016  ( 1.5%) 
hdr faces                0/65536           0/3670016  ( 0.0%) 
origfaces              457/65536       25592/3670016  ( 0.7%) 
leaves                 666/65536       21312/2097152  ( 1.0%) 
leaffaces             2073/65536        4146/131072   ( 3.2%) 
leafbrushes            163/65536         326/131072   ( 0.2%) 
areas                    2/256            16/2048     ( 0.8%) 
surfedges             6167/512000      24668/2048000  ( 1.2%) 
edges                 3277/256000      13108/1024000  ( 1.3%) 
LDR worldlights          7/8192          616/720896   ( 0.1%) 
HDR worldlights          0/8192            0/720896   ( 0.0%) 
leafwaterdata            1/32768          12/393216   ( 0.0%) 
waterstrips             30/32768         300/327680   ( 0.1%) 
waterverts               0/65536           0/786432   ( 0.0%) 
waterindices           423/65536         846/131072   ( 0.6%) 
cubemapsamples           2/1024           32/16384    ( 0.2%) 
overlays                 0/512             0/180224   ( 0.0%) 
LDR lightdata         [variable]    10440912/0        ( 0.0%) 
HDR lightdata         [variable]           0/0        ( 0.0%) 
visdata               [variable]        1831/16777216 ( 0.0%) 
entdata               [variable]       52943/393216   (13.5%) 
LDR ambient table      666/65536        2664/262144   ( 1.0%) 
HDR ambient table      666/65536        2664/262144   ( 1.0%) 
LDR leaf ambient       942/65536       26376/1835008  ( 1.4%) 
HDR leaf ambient       666/65536       18648/1835008  ( 1.0%) 
occluders                0/0               0/0        ( 0.0%) 
occluder polygons        0/0               0/0        ( 0.0%) 
occluder vert ind        0/0               0/0        ( 0.0%) 
detail props          [variable]           1/12       ( 8.3%) 
static props          [variable]           1/828      ( 0.1%) 
pakfile               [variable]      320826/0        ( 0.0%) 
physics               [variable]       65625/4194304  ( 1.6%) 
physics terrain       [variable]           2/1048576  ( 0.0%) 

Level flags = 0

Total triangle count: 2389
Writing c:\program files (x86)\steam\steamapps\common\sourcesdk_content\hl2mp\mapsrc\hammer\test.bsp
3 seconds elapsed



materialPath: C:\Program Files (x86)\Steam\steamapps\common\Half-Life 2 Deathmatch\hl2mp\materials
Loading c:\program files (x86)\steam\steamapps\common\sourcesdk_content\hl2mp\mapsrc\hammer\test.vmf
ConVarRef mat_reduceparticles doesn't point to an existing ConVar
Could not locate 'GameData' key in c:\program files (x86)\steam\steamapps\common\half-life 2 deathmatch\hl2mp\gameinfo.txt
Patching WVT material: maps/test/dev/dev_blendmeasure_wvt_patch
fixing up env_cubemap materials on brush sides...
0...1...2...3...4...5...6...7...8...9...100...1...2...3...4...5...6...7...8...9...10Processing areas...done (0)
Building Faces...done (0)
Chop Details...done (0)
Find Visible Detail Sides...done (0)
Merging details...done (0)
FixTjuncs...
PruneNodes...
WriteBSP...
done (0)
writing c:\program files (x86)\steam\steamapps\common\sourcesdk_content\hl2mp\mapsrc\hammer\test.prt...Building visibility clusters...
done (0)
Creating default LDR cubemaps for env_cubemap using skybox materials:
   skybox/sky_day01_01*.vmt
 ! Run buildcubemaps in the engine to get the correct cube maps.
Creating default HDR cubemaps for env_cubemap using skybox materials:
   skybox/sky_day01_01*.vmt
 ! Run buildcubemaps in the engine to get the correct cube maps.
Finding displacement neighbors...
Finding lightmap sample positions...
Displacement Alpha : 0...1...2...3...4...5...6...7...8...9...10
Building Physics collision data...
done (0) (65625 bytes)
Placing detail props : 0...1...2...3...4...5...6...7...8...9...10
Compacting texture/material tables...
Reduced 445 texinfos to 165
Reduced 36 texdatas to 27 (1182 bytes to 911)
Writing c:\program files (x86)\steam\steamapps\common\sourcesdk_content\hl2mp\mapsrc\hammer\test.bsp
Wrote ZIP buffer, estimated size 323184, actual size 320826
0 seconds elapsed



12 threads
reading c:\program files (x86)\steam\steamapps\common\sourcesdk_content\hl2mp\mapsrc\hammer\test.bsp
reading c:\program files (x86)\steam\steamapps\common\sourcesdk_content\hl2mp\mapsrc\hammer\test.prt
  70 portalclusters
 203 numportals
0...1...2...3...4...5...6...7...8...9...10Optimized: 87 visible clusters (1.87%)
Total clusters visible: 4663
Average clusters visible: 66
Building PAS...
Average clusters audible: 70
visdatasize:1831  compressed from 2240
writing c:\program files (x86)\steam\steamapps\common\sourcesdk_content\hl2mp\mapsrc\hammer\test.bsp
0 seconds elapsed



[Reading texlights from 'lights.rad']
[45 texlights parsed from 'lights.rad']

Loading c:\program files (x86)\steam\steamapps\common\sourcesdk_content\hl2mp\mapsrc\hammer\test.bsp
951 faces
37413 square feet [5387588.00 square inches]
0 Displacements
0 Square Feet [0.00 Square Inches]
951 patches before subdivision
52545 patches after subdivision
7 direct lights
0...1...2...3...4...5...6...7...8...9...100...1...2...3...4...5...6...7...8...9...10transfers 5798621, max 601
transfer lists:  44.2 megs
0...1...2...3...4...5...6...7...8...9...10	Bounce #1 added RGB(26581, 25933, 22390)
0...1...2...3...4...5...6...7...8...9...10	Bounce #2 added RGB(10822, 9823, 7197)
Build Patch/Sample Hash Table(s).....Done<0.0135 sec>
0...1...2...3...4...5...6...7...8...9...10FinalLightFace Done
0 of 0 (0% of) surface lights went in leaf ambient cubes.
0...1...2...3...4...5...6...7...8...9...10Writing leaf ambient...done
Ready to Finish

Object names       Objects/Maxobjs  Memory / Maxmem  Fullness 
------------       ---------------  ---------------  -------- 
models                  46/1024         2208/49152    ( 4.5%) 
brushes                131/8192         1572/98304    ( 1.6%) 
brushsides             924/65536        7392/524288   ( 1.4%) 
planes                1122/65536       22440/1310720  ( 1.7%) 
vertexes              1481/65536       17772/786432   ( 2.3%) 
nodes                  619/65536       19808/2097152  ( 0.9%) 
texinfos               165/12288       11880/884736   ( 1.3%) 
texdata                 27/2048          864/65536    ( 1.3%) 
dispinfos                0/0               0/0        ( 0.0%) 
disp_verts               0/0               0/0        ( 0.0%) 
disp_tris                0/0               0/0        ( 0.0%) 
disp_lmsamples           0/0               0/0        ( 0.0%) 
faces                  951/65536       53256/3670016  ( 1.5%) 
hdr faces                0/65536           0/3670016  ( 0.0%) 
origfaces              457/65536       25592/3670016  ( 0.7%) 
leaves                 666/65536       21312/2097152  ( 1.0%) 
leaffaces             2073/65536        4146/131072   ( 3.2%) 
leafbrushes            163/65536         326/131072   ( 0.2%) 
areas                    2/256            16/2048     ( 0.8%) 
surfedges             6167/512000      24668/2048000  ( 1.2%) 
edges                 3277/256000      13108/1024000  ( 1.3%) 
LDR worldlights          7/8192          616/720896   ( 0.1%) 
HDR worldlights          0/8192            0/720896   ( 0.0%) 
leafwaterdata            1/32768          12/393216   ( 0.0%) 
waterstrips             30/32768         300/327680   ( 0.1%) 
waterverts               0/65536           0/786432   ( 0.0%) 
waterindices           423/65536         846/131072   ( 0.6%) 
cubemapsamples           2/1024           32/16384    ( 0.2%) 
overlays                 0/512             0/180224   ( 0.0%) 
LDR lightdata         [variable]    10440912/0        ( 0.0%) 
HDR lightdata         [variable]           0/0        ( 0.0%) 
visdata               [variable]        1831/16777216 ( 0.0%) 
entdata               [variable]       52739/393216   (13.4%) 
LDR ambient table      666/65536        2664/262144   ( 1.0%) 
HDR ambient table      666/65536        2664/262144   ( 1.0%) 
LDR leaf ambient       942/65536       26376/1835008  ( 1.4%) 
HDR leaf ambient       666/65536       18648/1835008  ( 1.0%) 
occluders                0/0               0/0        ( 0.0%) 
occluder polygons        0/0               0/0        ( 0.0%) 
occluder vert ind        0/0               0/0        ( 0.0%) 
detail props          [variable]           1/12       ( 8.3%) 
static props          [variable]           1/828      ( 0.1%) 
pakfile               [variable]      320826/0        ( 0.0%) 
physics               [variable]       65625/4194304  ( 1.6%) 
physics terrain       [variable]           2/1048576  ( 0.0%) 

Level flags = 0

Total triangle count: 2389
Writing c:\program files (x86)\steam\steamapps\common\sourcesdk_content\hl2mp\mapsrc\hammer\test.bsp
3 seconds elapsed



materialPath: C:\Program Files (x86)\Steam\steamapps\common\Half-Life 2 Deathmatch\hl2mp\materials
Loading c:\program files (x86)\steam\steamapps\common\sourcesdk_content\hl2mp\mapsrc\hammer\test.vmf
ConVarRef mat_reduceparticles doesn't point to an existing ConVar
Could not locate 'GameData' key in c:\program files (x86)\steam\steamapps\common\half-life 2 deathmatch\hl2mp\gameinfo.txt
Patching WVT material: maps/test/dev/dev_blendmeasure_wvt_patch
fixing up env_cubemap materials on brush sides...
0...1...2...3...4...5...6...7...8...9...100...1...2...3...4...5...6...7...8...9...10Processing areas...done (0)
Building Faces...done (0)
Chop Details...done (0)
Find Visible Detail Sides...done (0)
Merging details...done (0)
FixTjuncs...
PruneNodes...
WriteBSP...
done (0)
writing c:\program files (x86)\steam\steamapps\common\sourcesdk_content\hl2mp\mapsrc\hammer\test.prt...Building visibility clusters...
done (0)
Creating default LDR cubemaps for env_cubemap using skybox materials:
   skybox/sky_day01_01*.vmt
 ! Run buildcubemaps in the engine to get the correct cube maps.
Creating default HDR cubemaps for env_cubemap using skybox materials:
   skybox/sky_day01_01*.vmt
 ! Run buildcubemaps in the engine to get the correct cube maps.
Finding displacement neighbors...
Finding lightmap sample positions...
Displacement Alpha : 0...1...2...3...4...5...6...7...8...9...10
Building Physics collision data...
done (0) (65625 bytes)
Placing detail props : 0...1...2...3...4...5...6...7...8...9...10
Compacting texture/material tables...
Reduced 445 texinfos to 165
Reduced 36 texdatas to 27 (1182 bytes to 911)
Writing c:\program files (x86)\steam\steamapps\common\sourcesdk_content\hl2mp\mapsrc\hammer\test.bsp
Wrote ZIP buffer, estimated size 323184, actual size 320826
0 seconds elapsed



12 threads
reading c:\program files (x86)\steam\steamapps\common\sourcesdk_content\hl2mp\mapsrc\hammer\test.bsp
reading c:\program files (x86)\steam\steamapps\common\sourcesdk_content\hl2mp\mapsrc\hammer\test.prt
  70 portalclusters
 203 numportals
0...1...2...3...4...5...6...7...8...9...10Optimized: 87 visible clusters (1.87%)
Total clusters visible: 4663
Average clusters visible: 66
Building PAS...
Average clusters audible: 70
visdatasize:1831  compressed from 2240
writing c:\program files (x86)\steam\steamapps\common\sourcesdk_content\hl2mp\mapsrc\hammer\test.bsp
0 seconds elapsed



[Reading texlights from 'lights.rad']
[45 texlights parsed from 'lights.rad']

Loading c:\program files (x86)\steam\steamapps\common\sourcesdk_content\hl2mp\mapsrc\hammer\test.bsp
951 faces
37413 square feet [5387588.00 square inches]
0 Displacements
0 Square Feet [0.00 Square Inches]
951 patches before subdivision
52545 patches after subdivision
7 direct lights
0...1...2...3...4...5...6...7...8...9...100...1...2...3...4...5...6...7...8...9...10transfers 5798621, max 601
transfer lists:  44.2 megs
0...1...2...3...4...5...6...7...8...9...10	Bounce #1 added RGB(26581, 25933, 22390)
0...1...2...3...4...5...6...7...8...9...10	Bounce #2 added RGB(10822, 9823, 7197)
Build Patch/Sample Hash Table(s).....Done<0.0134 sec>
0...1...2...3...4...5...6...7...8...9...10FinalLightFace Done
0 of 0 (0% of) surface lights went in leaf ambient cubes.
0...1...2...3...4...5...6...7...8...9...10Writing leaf ambient...done
Ready to Finish

Object names       Objects/Maxobjs  Memory / Maxmem  Fullness 
------------       ---------------  ---------------  -------- 
models                  46/1024         2208/49152    ( 4.5%) 
brushes                131/8192         1572/98304    ( 1.6%) 
brushsides             924/65536        7392/524288   ( 1.4%) 
planes                1122/65536       22440/1310720  ( 1.7%) 
vertexes              1481/65536       17772/786432   ( 2.3%) 
nodes                  619/65536       19808/2097152  ( 0.9%) 
texinfos               165/12288       11880/884736   ( 1.3%) 
texdata                 27/2048          864/65536    ( 1.3%) 
dispinfos                0/0               0/0        ( 0.0%) 
disp_verts               0/0               0/0        ( 0.0%) 
disp_tris                0/0               0/0        ( 0.0%) 
disp_lmsamples           0/0               0/0        ( 0.0%) 
faces                  951/65536       53256/3670016  ( 1.5%) 
hdr faces                0/65536           0/3670016  ( 0.0%) 
origfaces              457/65536       25592/3670016  ( 0.7%) 
leaves                 666/65536       21312/2097152  ( 1.0%) 
leaffaces             2073/65536        4146/131072   ( 3.2%) 
leafbrushes            163/65536         326/131072   ( 0.2%) 
areas                    2/256            16/2048     ( 0.8%) 
surfedges             6167/512000      24668/2048000  ( 1.2%) 
edges                 3277/256000      13108/1024000  ( 1.3%) 
LDR worldlights          7/8192          616/720896   ( 0.1%) 
HDR worldlights          0/8192            0/720896   ( 0.0%) 
leafwaterdata            1/32768          12/393216   ( 0.0%) 
waterstrips             30/32768         300/327680   ( 0.1%) 
waterverts               0/65536           0/786432   ( 0.0%) 
waterindices           423/65536         846/131072   ( 0.6%) 
cubemapsamples           2/1024           32/16384    ( 0.2%) 
overlays                 0/512             0/180224   ( 0.0%) 
LDR lightdata         [variable]    10440912/0        ( 0.0%) 
HDR lightdata         [variable]           0/0        ( 0.0%) 
visdata               [variable]        1831/16777216 ( 0.0%) 
entdata               [variable]       53134/393216   (13.5%) 
LDR ambient table      666/65536        2664/262144   ( 1.0%) 
HDR ambient table      666/65536        2664/262144   ( 1.0%) 
LDR leaf ambient       942/65536       26376/1835008  ( 1.4%) 
HDR leaf ambient       666/65536       18648/1835008  ( 1.0%) 
occluders                0/0               0/0        ( 0.0%) 
occluder polygons        0/0               0/0        ( 0.0%) 
occluder vert ind        0/0               0/0        ( 0.0%) 
detail props          [variable]           1/12       ( 8.3%) 
static props          [variable]           1/828      ( 0.1%) 
pakfile               [variable]      320826/0        ( 0.0%) 
physics               [variable]       65625/4194304  ( 1.6%) 
physics terrain       [variable]           2/1048576  ( 0.0%) 

Level flags = 0

Total triangle count: 2389
Writing c:\program files (x86)\steam\steamapps\common\sourcesdk_content\hl2mp\mapsrc\hammer\test.bsp
3 seconds elapsed



materialPath: C:\Program Files (x86)\Steam\steamapps\common\Half-Life 2 Deathmatch\hl2mp\materials
Loading c:\program files (x86)\steam\steamapps\common\sourcesdk_content\hl2mp\mapsrc\hammer\test.vmf
ConVarRef mat_reduceparticles doesn't point to an existing ConVar
Could not locate 'GameData' key in c:\program files (x86)\steam\steamapps\common\half-life 2 deathmatch\hl2mp\gameinfo.txt
Patching WVT material: maps/test/dev/dev_blendmeasure_wvt_patch
fixing up env_cubemap materials on brush sides...
0...1...2...3...4...5...6...7...8...9...100...1...2...3...4...5...6...7...8...9...10Processing areas...done (0)
Building Faces...done (0)
Chop Details...done (0)
Find Visible Detail Sides...done (0)
Merging details...done (0)
FixTjuncs...
PruneNodes...
WriteBSP...
done (0)
writing c:\program files (x86)\steam\steamapps\common\sourcesdk_content\hl2mp\mapsrc\hammer\test.prt...Building visibility clusters...
done (0)
Creating default LDR cubemaps for env_cubemap using skybox materials:
   skybox/sky_day01_01*.vmt
 ! Run buildcubemaps in the engine to get the correct cube maps.
Creating default HDR cubemaps for env_cubemap using skybox materials:
   skybox/sky_day01_01*.vmt
 ! Run buildcubemaps in the engine to get the correct cube maps.
Finding displacement neighbors...
Finding lightmap sample positions...
Displacement Alpha : 0...1...2...3...4...5...6...7...8...9...10
Building Physics collision data...
done (0) (65625 bytes)
Placing detail props : 0...1...2...3...4...5...6...7...8...9...10
Compacting texture/material tables...
Reduced 445 texinfos to 165
Reduced 36 texdatas to 27 (1182 bytes to 911)
Writing c:\program files (x86)\steam\steamapps\common\sourcesdk_content\hl2mp\mapsrc\hammer\test.bsp
Wrote ZIP buffer, estimated size 323184, actual size 320826
0 seconds elapsed



12 threads
reading c:\program files (x86)\steam\steamapps\common\sourcesdk_content\hl2mp\mapsrc\hammer\test.bsp
reading c:\program files (x86)\steam\steamapps\common\sourcesdk_content\hl2mp\mapsrc\hammer\test.prt
  70 portalclusters
 203 numportals
0...1...2...3...4...5...6...7...8...9...10Optimized: 87 visible clusters (1.87%)
Total clusters visible: 4663
Average clusters visible: 66
Building PAS...
Average clusters audible: 70
visdatasize:1831  compressed from 2240
writing c:\program files (x86)\steam\steamapps\common\sourcesdk_content\hl2mp\mapsrc\hammer\test.bsp
0 seconds elapsed



[Reading texlights from 'lights.rad']
[45 texlights parsed from 'lights.rad']

Loading c:\program files (x86)\steam\steamapps\common\sourcesdk_content\hl2mp\mapsrc\hammer\test.bsp
951 faces
37413 square feet [5387588.00 square inches]
0 Displacements
0 Square Feet [0.00 Square Inches]
951 patches before subdivision
52545 patches after subdivision
7 direct lights
0...1...2...3...4...5...6...7...8...9...100...1...2...3...4...5...6...7...8...9...10transfers 5798621, max 601
transfer lists:  44.2 megs
0...1...2...3...4...5...6...7...8...9...10	Bounce #1 added RGB(26581, 25933, 22390)
0...1...2...3...4...5...6...7...8...9...10	Bounce #2 added RGB(10822, 9823, 7197)
Build Patch/Sample Hash Table(s).....Done<0.0134 sec>
0...1...2...3...4...5...6...7...8...9...10FinalLightFace Done
0 of 0 (0% of) surface lights went in leaf ambient cubes.
0...1...2...3...4...5...6...7...8...9...10Writing leaf ambient...done
Ready to Finish

Object names       Objects/Maxobjs  Memory / Maxmem  Fullness 
------------       ---------------  ---------------  -------- 
models                  46/1024         2208/49152    ( 4.5%) 
brushes                131/8192         1572/98304    ( 1.6%) 
brushsides             924/65536        7392/524288   ( 1.4%) 
planes                1122/65536       22440/1310720  ( 1.7%) 
vertexes              1481/65536       17772/786432   ( 2.3%) 
nodes                  619/65536       19808/2097152  ( 0.9%) 
texinfos               165/12288       11880/884736   ( 1.3%) 
texdata                 27/2048          864/65536    ( 1.3%) 
dispinfos                0/0               0/0        ( 0.0%) 
disp_verts               0/0               0/0        ( 0.0%) 
disp_tris                0/0               0/0        ( 0.0%) 
disp_lmsamples           0/0               0/0        ( 0.0%) 
faces                  951/65536       53256/3670016  ( 1.5%) 
hdr faces                0/65536           0/3670016  ( 0.0%) 
origfaces              457/65536       25592/3670016  ( 0.7%) 
leaves                 666/65536       21312/2097152  ( 1.0%) 
leaffaces             2073/65536        4146/131072   ( 3.2%) 
leafbrushes            163/65536         326/131072   ( 0.2%) 
areas                    2/256            16/2048     ( 0.8%) 
surfedges             6167/512000      24668/2048000  ( 1.2%) 
edges                 3277/256000      13108/1024000  ( 1.3%) 
LDR worldlights          7/8192          616/720896   ( 0.1%) 
HDR worldlights          0/8192            0/720896   ( 0.0%) 
leafwaterdata            1/32768          12/393216   ( 0.0%) 
waterstrips             30/32768         300/327680   ( 0.1%) 
waterverts               0/65536           0/786432   ( 0.0%) 
waterindices           423/65536         846/131072   ( 0.6%) 
cubemapsamples           2/1024           32/16384    ( 0.2%) 
overlays                 0/512             0/180224   ( 0.0%) 
LDR lightdata         [variable]    10440912/0        ( 0.0%) 
HDR lightdata         [variable]           0/0        ( 0.0%) 
visdata               [variable]        1831/16777216 ( 0.0%) 
entdata               [variable]       53098/393216   (13.5%) 
LDR ambient table      666/65536        2664/262144   ( 1.0%) 
HDR ambient table      666/65536        2664/262144   ( 1.0%) 
LDR leaf ambient       942/65536       26376/1835008  ( 1.4%) 
HDR leaf ambient       666/65536       18648/1835008  ( 1.0%) 
occluders                0/0               0/0        ( 0.0%) 
occluder polygons        0/0               0/0        ( 0.0%) 
occluder vert ind        0/0               0/0        ( 0.0%) 
detail props          [variable]           1/12       ( 8.3%) 
static props          [variable]           1/828      ( 0.1%) 
pakfile               [variable]      320826/0        ( 0.0%) 
physics               [variable]       65625/4194304  ( 1.6%) 
physics terrain       [variable]           2/1048576  ( 0.0%) 

Level flags = 0

Total triangle count: 2389
Writing c:\program files (x86)\steam\steamapps\common\sourcesdk_content\hl2mp\mapsrc\hammer\test.bsp
3 seconds elapsed
